bash: warning: setlocale: LC_ALL: cannot change locale (en_US.UTF-8)
c[?7l[2J[0mSeaBIOS (version 1.16.2-debian-1.16.2-1)


iPXE (http://ipxe.org) 00:03.0 CA00 PCI2.10 PnP PMM+7EFCEF00+7EF0EF00 CA00
Press Ctrl-B to configure iPXE (PCI 00:03.0)...                                                                               


Booting from ROM...
c[?7l[2JNo EFI environment detected.
early console in extract_kernel
input_data: 0x0000000004bec3a8
input_len: 0x0000000001991a52
output: 0x0000000001000000
output_len: 0x0000000005507b14
kernel_total_size: 0x0000000005230000
needed_size: 0x0000000005600000
trampoline_32bit: 0x000000000009d000


KASLR disabled: 'nokaslr' on cmdline.


Decompressing Linux... Parsing ELF... No relocation needed... done.
Booting the kernel (entry_offset: 0x0000000000000000).
[    0.000000] Linux version 6.4.0-04323-g885d5beb8c60-dirty (root@buildkitsandbox) (gcc (Debian 12.2.0-14+deb12u1) 12.2.0, GNU ld (GNU Binutils for Debian) 2.40) #1 SMP PREEMPT_DYNAMIC Sun May 17 16:07:23 UTC 2026
[    0.000000] Command line: console=ttyS0 oops=panic panic=-1 nokaslr earlyprintk=serial
[    0.000000] BIOS-provided physical RAM map:
[    0.000000] BIOS-e820: [mem 0x0000000000000000-0x000000000009fbff] usable
[    0.000000] BIOS-e820: [mem 0x000000000009fc00-0x000000000009ffff] reserved
[    0.000000] BIOS-e820: [mem 0x00000000000f0000-0x00000000000fffff] reserved
[    0.000000] BIOS-e820: [mem 0x0000000000100000-0x000000007ffdffff] usable
[    0.000000] BIOS-e820: [mem 0x000000007ffe0000-0x000000007fffffff] reserved
[    0.000000] BIOS-e820: [mem 0x00000000feffc000-0x00000000feffffff] reserved
[    0.000000] BIOS-e820: [mem 0x00000000fffc0000-0x00000000ffffffff] reserved
[    0.000000] printk: bootconsole [earlyser0] enabled
[    0.000000] NX (Execute Disable) protection: active
[    0.000000] SMBIOS 2.8 present.
[    0.000000] DMI: QEMU Standard PC (i440FX + PIIX, 1996), BIOS 1.16.2-debian-1.16.2-1 04/01/2014
[    0.000000] Hypervisor detected: KVM
[    0.000000] kvm-clock: Using msrs 4b564d01 and 4b564d00
[    0.000048] kvm-clock: using sched offset of 1366087011 cycles
[    0.009674] clocksource: kvm-clock: mask: 0xffffffffffffffff max_cycles: 0x1cd42e4dffb, max_idle_ns: 881590591483 ns
[    0.022684] tsc: Detected 2995.198 MHz processor
[    0.028868] last_pfn = 0x7ffe0 max_arch_pfn = 0x400000000
[    0.038791] MTRR map: 4 entries (3 fixed + 1 variable; max 19), built from 8 variable MTRRs
[    0.048014] x86/PAT: Configuration [0-7]: WB  WC  UC- UC  WB  WP  UC- WT  
[    0.063974] found SMP MP-table at [mem 0x000f5ba0-0x000f5baf]
[    0.073350] Using GB pages for direct mapping
[    0.076084] Incomplete global flushes, disabling PCID
[    0.076530] RAMDISK: [mem 0x7fe8e000-0x7ffdffff]
[    0.081437] ACPI: Early table checksum verification disabled
[    0.090769] ACPI: RSDP 0x00000000000F59D0 000014 (v00 BOCHS )
[    0.093547] ACPI: RSDT 0x000000007FFE1B33 000034 (v01 BOCHS  BXPC     00000001 BXPC 00000001)
[    0.098443] ACPI: FACP 0x000000007FFE19DF 000074 (v01 BOCHS  BXPC     00000001 BXPC 00000001)
[    0.102728] ACPI: DSDT 0x000000007FFE0040 00199F (v01 BOCHS  BXPC     00000001 BXPC 00000001)
[    0.106854] ACPI: FACS 0x000000007FFE0000 000040
[    0.109181] ACPI: APIC 0x000000007FFE1A53 000080 (v01 BOCHS  BXPC     00000001 BXPC 00000001)
[    0.114776] ACPI: HPET 0x000000007FFE1AD3 000038 (v01 BOCHS  BXPC     00000001 BXPC 00000001)
[    0.119502] ACPI: WAET 0x000000007FFE1B0B 000028 (v01 BOCHS  BXPC     00000001 BXPC 00000001)
[    0.125285] ACPI: Reserving FACP table memory at [mem 0x7ffe19df-0x7ffe1a52]
[    0.137566] ACPI: Reserving DSDT table memory at [mem 0x7ffe0040-0x7ffe19de]
[    0.141941] ACPI: Reserving FACS table memory at [mem 0x7ffe0000-0x7ffe003f]
[    0.150131] ACPI: Reserving APIC table memory at [mem 0x7ffe1a53-0x7ffe1ad2]
[    0.154196] ACPI: Reserving HPET table memory at [mem 0x7ffe1ad3-0x7ffe1b0a]
[    0.158338] ACPI: Reserving WAET table memory at [mem 0x7ffe1b0b-0x7ffe1b32]
[    0.164230] No NUMA configuration found
[    0.169866] Faking a node at [mem 0x0000000000000000-0x000000007ffdffff]
[    0.175684] NODE_DATA(0) allocated [mem 0x7fe8a000-0x7fe8dfff]
[    0.179180] Zone ranges:
[    0.180779]   DMA      [mem 0x0000000000001000-0x0000000000ffffff]
[    0.184549]   DMA32    [mem 0x0000000001000000-0x000000007ffdffff]
[    0.188243]   Normal   empty
[    0.190016] Movable zone start for each node
[    0.192954] Early memory node ranges
[    0.195057]   node   0: [mem 0x0000000000001000-0x000000000009efff]
[    0.204792]   node   0: [mem 0x0000000000100000-0x000000007ffdffff]
[    0.209372] Initmem setup node 0 [mem 0x0000000000001000-0x000000007ffdffff]
[    0.214678] On node 0, zone DMA: 1 pages in unavailable ranges
[    0.214816] On node 0, zone DMA: 97 pages in unavailable ranges
[    0.254859] On node 0, zone DMA32: 32 pages in unavailable ranges
[    0.575762] kasan: KernelAddressSanitizer initialized
[    0.593653] ACPI: PM-Timer IO Port: 0x608
[    0.597820] ACPI: LAPIC_NMI (acpi_id[0xff] dfl dfl lint[0x1])
[    0.604666] IOAPIC[0]: apic_id 0, version 17, address 0xfec00000, GSI 0-23
[    0.612373] ACPI: INT_SRC_OVR (bus 0 bus_irq 0 global_irq 2 dfl dfl)
[    0.618643] ACPI: INT_SRC_OVR (bus 0 bus_irq 5 global_irq 5 high level)
[    0.625009] ACPI: INT_SRC_OVR (bus 0 bus_irq 9 global_irq 9 high level)
[    0.631810] ACPI: INT_SRC_OVR (bus 0 bus_irq 10 global_irq 10 high level)
[    0.639905] ACPI: INT_SRC_OVR (bus 0 bus_irq 11 global_irq 11 high level)
[    0.645848] ACPI: Using ACPI (MADT) for SMP configuration information
[    0.652142] ACPI: HPET id: 0x8086a201 base: 0xfed00000
[    0.657290] TSC deadline timer available
[    0.661558] smpboot: Allowing 2 CPUs, 0 hotplug CPUs
[    0.667493] kvm-guest: KVM setup pv remote TLB flush
[    0.672504] kvm-guest: setup PV sched yield
[    0.678750] PM: hibernation: Registered nosave memory: [mem 0x00000000-0x00000fff]
[    0.684873] PM: hibernation: Registered nosave memory: [mem 0x0009f000-0x0009ffff]
[    0.692452] PM: hibernation: Registered nosave memory: [mem 0x000a0000-0x000effff]
[    0.700616] PM: hibernation: Registered nosave memory: [mem 0x000f0000-0x000fffff]
[    0.707105] [mem 0x80000000-0xfeffbfff] available for PCI devices
[    0.711687] Booting paravirtualized kernel on KVM
[    0.716723] clocksource: refined-jiffies: mask: 0xffffffff max_cycles: 0xffffffff, max_idle_ns: 1910969940391419 ns
[    0.749503] setup_percpu: NR_CPUS:64 nr_cpumask_bits:2 nr_cpu_ids:2 nr_node_ids:1
[    0.755448] percpu: Embedded 66 pages/cpu s232104 r8192 d30040 u1048576
[    0.759735] Kernel command line: console=ttyS0 oops=panic panic=-1 nokaslr earlyprintk=serial
[    0.765110] Unknown kernel command line parameters "nokaslr", will be passed to user space.
[    0.770244] random: crng init done
[    0.773275] Dentry cache hash table entries: 262144 (order: 9, 2097152 bytes, linear)
[    0.778559] Inode-cache hash table entries: 131072 (order: 8, 1048576 bytes, linear)
[    0.782922] Fallback order for Node 0: 0 
[    0.782939] Built 1 zonelists, mobility grouping on.  Total pages: 515808
[    0.787247] Policy zone: DMA32
[    0.788461] mem auto-init: stack:all(zero), heap alloc:off, heap free:off
[    0.791781] stackdepot: allocating hash table via alloc_large_system_hash
[    0.799500] stackdepot hash table entries: 1048576 (order: 11, 8388608 bytes, linear)
[    0.871371] Memory: 1692944K/2096632K available (49152K kernel code, 7939K rwdata, 10036K rodata, 5612K init, 3044K bss, 403432K reserved, 0K cma-reserved)
[    0.882639] SLUB: HWalign=64, Order=0-3, MinObjects=0, CPUs=2, Nodes=1
Poking KASLR using RDRAND RDTSC...
[    0.890618] Dynamic Preempt: voluntary
[    0.894319] rcu: Preemptible hierarchical RCU implementation.
[    0.899063] rcu: 	RCU event tracing is enabled.
[    0.902221] rcu: 	RCU restricting CPUs from NR_CPUS=64 to nr_cpu_ids=2.
[    0.907422] 	Trampoline variant of Tasks RCU enabled.
[    0.912154] rcu: RCU calculated value of scheduler-enlistment delay is 100 jiffies.
[    0.917019] rcu: Adjusting geometry for rcu_fanout_leaf=16, nr_cpu_ids=2
[    0.944270] NR_IRQS: 4352, nr_irqs: 440, preallocated irqs: 16
[    0.948017] rcu: srcu_init: Setting srcu_struct sizes based on contention.
[    0.969347] Console: colour VGA+ 80x25
[    0.971345] printk: console [ttyS0] enabled
[    0.971345] printk: console [ttyS0] enabled
[    0.975182] printk: bootconsole [earlyser0] disabled
[    0.975182] printk: bootconsole [earlyser0] disabled
[    0.979870] ACPI: Core revision 20230331
[    0.982273] clocksource: hpet: mask: 0xffffffff max_cycles: 0xffffffff, max_idle_ns: 19112604467 ns
[    0.986993] APIC: Switch to symmetric I/O mode setup
[    0.989489] kvm-guest: setup PV IPIs
[    1.007418] ..TIMER: vector=0x30 apic1=0 pin1=2 apic2=-1 pin2=-1
[    1.014182] clocksource: tsc-early: mask: 0xffffffffffffffff max_cycles: 0x2b2c8d6afc8, max_idle_ns: 440795331172 ns
[    1.024036] Calibrating delay loop (skipped) preset value.. 5990.39 BogoMIPS (lpj=2995198)
[    1.027716] x86/cpu: User Mode Instruction Prevention (UMIP) activated
[    1.030723] Last level iTLB entries: 4KB 0, 2MB 0, 4MB 0
[    1.030920] Last level dTLB entries: 4KB 0, 2MB 0, 4MB 0, 1GB 0
[    1.031987] Spectre V1 : Mitigation: usercopy/swapgs barriers and __user pointer sanitization
[    1.032954] Spectre V2 : Mitigation: Enhanced / Automatic IBRS
[    1.033919] Spectre V2 : Spectre v2 / SpectreRSB mitigation: Filling RSB on context switch
[    1.034923] Spectre V2 : Spectre v2 / PBRSB-eIBRS: Retire a single CALL on VMEXIT
[    1.035922] RETBleed: Mitigation: Enhanced IBRS
[    1.036937] Spectre V2 : mitigation: Enabling conditional Indirect Branch Prediction Barrier
[    1.038969] Speculative Store Bypass: Mitigation: Speculative Store Bypass disabled via prctl
[    1.039931] MMIO Stale Data: Unknown: No mitigations
[    1.052904] x86/fpu: Supporting XSAVE feature 0x001: 'x87 floating point registers'
[    1.053949] x86/fpu: Supporting XSAVE feature 0x002: 'SSE registers'
[    1.056059] x86/fpu: Supporting XSAVE feature 0x004: 'AVX registers'
[    1.062357] x86/fpu: xstate_offset[2]:  576, xstate_sizes[2]:  256
[    1.063985] x86/fpu: Enabled xstate features 0x7, context size is 832 bytes, using 'compacted' format.
[    1.118529] Freeing SMP alternatives memory: 44K
[    1.118918] pid_max: default: 32768 minimum: 301
[    1.121166] LSM: initializing lsm=capability,selinux,integrity
[    1.121988] SELinux:  Initializing.
[    1.123360] Mount-cache hash table entries: 4096 (order: 3, 32768 bytes, linear)
[    1.123926] Mountpoint-cache hash table entries: 4096 (order: 3, 32768 bytes, linear)
[    1.129239] smpboot: CPU0: 13th Gen Intel(R) Core(TM) i9-13900H (family: 0x6, model: 0xba, stepping: 0x2)
[    1.130628] RCU Tasks: Setting shift to 1 and lim to 1 rcu_task_cb_adjust=1.
[    1.131075] Performance Events: unsupported p6 CPU model 186 no PMU driver, software events only.
[    1.132211] signal: max sigframe size: 1776
[    1.133134] rcu: Hierarchical SRCU implementation.
[    1.133934] rcu: 	Max phase no-delay instances is 400.
[    1.136700] smp: Bringing up secondary CPUs ...
[    1.137535] smpboot: x86: Booting SMP configuration:
[    1.137947] .... node  #0, CPUs:      #1
[    1.143189] smp: Brought up 1 node, 2 CPUs
[    1.144943] smpboot: Max logical packages: 1
[    1.145945] smpboot: Total of 2 processors activated (11980.79 BogoMIPS)
[    1.156986] devtmpfs: initialized
[    1.165661] clocksource: jiffies: mask: 0xffffffff max_cycles: 0xffffffff, max_idle_ns: 1911260446275000 ns
[    1.165962] futex hash table entries: 512 (order: 3, 32768 bytes, linear)
[    1.168937] PM: RTC time: 16:14:10, date: 2026-05-17
[    1.171435] NET: Registered PF_NETLINK/PF_ROUTE protocol family
[    1.172935] audit: initializing netlink subsys (disabled)
[    1.177250] thermal_sys: Registered thermal governor 'step_wise'
[    1.177264] thermal_sys: Registered thermal governor 'user_space'
[    1.176928] audit: type=2000 audit(1779034451.282:1): state=initialized audit_enabled=0 res=1
[    1.190960] cpuidle: using governor menu
[    1.194347] PCI: Using configuration type 1 for base access
[    1.195724] kprobes: kprobe jump-optimization is enabled. All kprobes are optimized if possible.
[    1.200900] HugeTLB: registered 2.00 MiB page size, pre-allocated 0 pages
[    1.205938] HugeTLB: 28 KiB vmemmap can be freed for a 2.00 MiB page
[    1.214482] ACPI: Added _OSI(Module Device)
[    1.217940] ACPI: Added _OSI(Processor Device)
[    1.220960] ACPI: Added _OSI(3.0 _SCP Extensions)
[    1.228934] ACPI: Added _OSI(Processor Aggregator Device)
[    1.260414] ACPI: 1 ACPI AML tables successfully acquired and loaded
[    1.435794] ACPI: Interpreter enabled
[    1.436122] ACPI: PM: (supports S0 S3 S4 S5)
[    1.436999] ACPI: Using IOAPIC for interrupt routing
[    1.438204] PCI: Using host bridge windows from ACPI; if necessary, use "pci=nocrs" and report a bug
[    1.439036] PCI: Using E820 reservations for host bridge windows
[    1.442904] ACPI: Enabled 2 GPEs in block 00 to 0F
[    1.484039] ACPI: PCI Root Bridge [PCI0] (domain 0000 [bus 00-ff])
[    1.484986] acpi PNP0A03:00: _OSC: OS supports [ASPM ClockPM Segments MSI HPX-Type3]
[    1.485938] acpi PNP0A03:00: _OSC: not requesting OS control; OS requires [ExtendedConfig ASPM ClockPM MSI]
[    1.487154] acpi PNP0A03:00: fail to add MMCONFIG information, can't access extended configuration space under this bridge
[    1.488667] PCI host bridge to bus 0000:00
[    1.488957] pci_bus 0000:00: root bus resource [io  0x0000-0x0cf7 window]
[    1.489951] pci_bus 0000:00: root bus resource [io  0x0d00-0xffff window]
[    1.490954] pci_bus 0000:00: root bus resource [mem 0x000a0000-0x000bffff window]
[    1.491981] pci_bus 0000:00: root bus resource [mem 0x80000000-0xfebfffff window]
[    1.492954] pci_bus 0000:00: root bus resource [mem 0x100000000-0x17fffffff window]
[    1.493958] pci_bus 0000:00: root bus resource [bus 00-ff]
[    1.495227] pci 0000:00:00.0: [8086:1237] type 00 class 0x060000
[    1.512542] pci 0000:00:01.0: [8086:7000] type 00 class 0x060100
[    1.531397] pci 0000:00:01.1: [8086:7010] type 00 class 0x010180
[    1.535355] pci 0000:00:01.1: reg 0x20: [io  0xc040-0xc04f]
[    1.538237] pci 0000:00:01.1: legacy IDE quirk: reg 0x10: [io  0x01f0-0x01f7]
[    1.538952] pci 0000:00:01.1: legacy IDE quirk: reg 0x14: [io  0x03f6]
[    1.540049] pci 0000:00:01.1: legacy IDE quirk: reg 0x18: [io  0x0170-0x0177]
[    1.540956] pci 0000:00:01.1: legacy IDE quirk: reg 0x1c: [io  0x0376]
[    1.544715] pci 0000:00:01.3: [8086:7113] type 00 class 0x068000
[    1.548087] pci 0000:00:01.3: quirk: [io  0x0600-0x063f] claimed by PIIX4 ACPI
[    1.549021] pci 0000:00:01.3: quirk: [io  0x0700-0x070f] claimed by PIIX4 SMB
[    1.551651] pci 0000:00:02.0: [1234:1111] type 00 class 0x030000
[    1.554188] pci 0000:00:02.0: reg 0x10: [mem 0xfd000000-0xfdffffff pref]
[    1.559111] pci 0000:00:02.0: reg 0x18: [mem 0xfebf0000-0xfebf0fff]
[    1.568157] pci 0000:00:02.0: reg 0x30: [mem 0xfebe0000-0xfebeffff pref]
[    1.570112] pci 0000:00:02.0: Video device with shadowed ROM at [mem 0x000c0000-0x000dffff]
[    1.588996] pci 0000:00:03.0: [8086:100e] type 00 class 0x020000
[    1.591949] pci 0000:00:03.0: reg 0x10: [mem 0xfebc0000-0xfebdffff]
[    1.595048] pci 0000:00:03.0: reg 0x14: [io  0xc000-0xc03f]
[    1.607809] pci 0000:00:03.0: reg 0x30: [mem 0xfeb80000-0xfebbffff pref]
[    1.634942] ACPI: PCI: Interrupt link LNKA configured for IRQ 10
[    1.638380] ACPI: PCI: Interrupt link LNKB configured for IRQ 10
[    1.641092] ACPI: PCI: Interrupt link LNKC configured for IRQ 11
[    1.643774] ACPI: PCI: Interrupt link LNKD configured for IRQ 11
[    1.644700] ACPI: PCI: Interrupt link LNKS configured for IRQ 9
[    1.650557] iommu: Default domain type: Translated 
[    1.650942] iommu: DMA domain TLB invalidation policy: lazy mode 
[    1.653388] SCSI subsystem initialized
[    1.654741] ACPI: bus type USB registered
[    1.655112] usbcore: registered new interface driver usbfs
[    1.656060] usbcore: registered new interface driver hub
[    1.657057] usbcore: registered new device driver usb
[    1.658136] pps_core: LinuxPPS API ver. 1 registered
[    1.658945] pps_core: Software ver. 5.3.6 - Copyright 2005-2007 Rodolfo Giometti <giometti@linux.it>
[    1.660007] PTP clock support registered
[    1.664904] Advanced Linux Sound Architecture Driver Initialized.
[    1.673093] NetLabel: Initializing
[    1.676937] NetLabel:  domain hash size = 128
[    1.679939] NetLabel:  protocols = UNLABELED CIPSOv4 CALIPSO
[    1.688149] NetLabel:  unlabeled traffic allowed by default
[    1.691186] PCI: Using ACPI for IRQ routing
[    1.697485] pci 0000:00:02.0: vgaarb: setting as boot VGA device
[    1.697904] pci 0000:00:02.0: vgaarb: bridge control possible
[    1.697904] pci 0000:00:02.0: vgaarb: VGA device added: decodes=io+mem,owns=io+mem,locks=none
[    1.717063] vgaarb: loaded
[    1.722904] hpet0: at MMIO 0xfed00000, IRQs 2, 8, 0
[    1.725949] hpet0: 3 comparators, 64-bit 100.000000 MHz counter
[    1.736904] clocksource: Switched to clocksource kvm-clock
[    1.745656] VFS: Disk quotas dquot_6.6.0
[    1.752990] VFS: Dquot-cache hash table entries: 512 (order 0, 4096 bytes)
[    1.760709] pnp: PnP ACPI init
[    1.778732] pnp: PnP ACPI: found 6 devices
[    1.805068] clocksource: acpi_pm: mask: 0xffffff max_cycles: 0xffffff, max_idle_ns: 2085701024 ns
[    1.818179] NET: Registered PF_INET protocol family
[    1.824105] IP idents hash table entries: 32768 (order: 6, 262144 bytes, linear)
[    1.832992] tcp_listen_portaddr_hash hash table entries: 1024 (order: 2, 16384 bytes, linear)
[    1.847301] Table-perturb hash table entries: 65536 (order: 6, 262144 bytes, linear)
[    1.854471] TCP established hash table entries: 16384 (order: 5, 131072 bytes, linear)
[    1.860623] TCP bind hash table entries: 16384 (order: 7, 524288 bytes, linear)
[    1.867692] TCP: Hash tables configured (established 16384 bind 16384)
[    1.873180] UDP hash table entries: 1024 (order: 3, 32768 bytes, linear)
[    1.877366] UDP-Lite hash table entries: 1024 (order: 3, 32768 bytes, linear)
[    1.882833] NET: Registered PF_UNIX/PF_LOCAL protocol family
[    1.892737] RPC: Registered named UNIX socket transport module.
[    1.897704] RPC: Registered udp transport module.
[    1.903870] RPC: Registered tcp transport module.
[    1.909662] RPC: Registered tcp NFSv4.1 backchannel transport module.
[    1.919931] pci_bus 0000:00: resource 4 [io  0x0000-0x0cf7 window]
[    1.925560] pci_bus 0000:00: resource 5 [io  0x0d00-0xffff window]
[    1.931838] pci_bus 0000:00: resource 6 [mem 0x000a0000-0x000bffff window]
[    1.937505] pci_bus 0000:00: resource 7 [mem 0x80000000-0xfebfffff window]
[    1.944917] pci_bus 0000:00: resource 8 [mem 0x100000000-0x17fffffff window]
[    1.952454] pci 0000:00:01.0: PIIX3: Enabling Passive Release
[    1.957426] pci 0000:00:00.0: Limiting direct PCI/PCI transfers
[    1.961948] PCI: CLS 0 bytes, default 64
[    1.966405] Unpacking initramfs...
[    1.974400] RAPL PMU: API unit is 2^-32 Joules, 0 fixed counters, 10737418240 ms ovfl timer
[    1.979594] clocksource: tsc: mask: 0xffffffffffffffff max_cycles: 0x2b2c8d6afc8, max_idle_ns: 440795331172 ns
[    2.012261] Initialise system trusted keyrings
[    2.017234] workingset: timestamp_bits=56 max_order=19 bucket_order=0
[    2.029113] Freeing initrd memory: 1352K
[    2.035365] NFS: Registering the id_resolver key type
[    2.040224] Key type id_resolver registered
[    2.044732] Key type id_legacy registered
[    2.048967] 9p: Installing v9fs 9p2000 file system support
[    2.071428] Key type asymmetric registered
[    2.074841] Asymmetric key parser 'x509' registered
[    2.083005] Block layer SCSI generic (bsg) driver version 0.4 loaded (major 251)
[    2.087456] io scheduler mq-deadline registered
[    2.089964] io scheduler kyber registered
[    2.093470] input: Power Button as /devices/LNXSYSTM:00/LNXPWRBN:00/input/input0
[    2.102071] ACPI: button: Power Button [PWRF]
[    2.111088] Serial: 8250/16550 driver, 4 ports, IRQ sharing enabled
[    2.116738] 00:04: ttyS0 at I/O 0x3f8 (irq = 4, base_baud = 115200) is a 16550A
[    2.124492] Non-volatile memory driver v1.3
[    2.127222] Linux agpgart interface v0.103
[    2.130345] ACPI: bus type drm_connector registered
[    2.148382] loop: module loaded
[    2.163035] scsi host0: ata_piix
[    2.165499] scsi host1: ata_piix
[    2.167899] ata1: PATA max MWDMA2 cmd 0x1f0 ctl 0x3f6 bmdma 0xc040 irq 14
[    2.171767] ata2: PATA max MWDMA2 cmd 0x170 ctl 0x376 bmdma 0xc048 irq 15
[    2.180142] e100: Intel(R) PRO/100 Network Driver
[    2.183966] e100: Copyright(c) 1999-2006 Intel Corporation
[    2.189315] e1000: Intel(R) PRO/1000 Network Driver
[    2.191556] e1000: Copyright (c) 1999-2006 Intel Corporation.
[    2.341271] ata2: found unknown device (class 0)
[    2.350949] ata2.00: ATAPI: QEMU DVD-ROM, 2.5+, max UDMA/100
[    2.359625] scsi 1:0:0:0: CD-ROM            QEMU     QEMU DVD-ROM     2.5+ PQ: 0 ANSI: 5
[    2.384789] hrtimer: interrupt took 3400091 ns
[    2.424168] sr 1:0:0:0: [sr0] scsi3-mmc drive: 4x/4x cd/rw xa/form2 tray
[    2.428445] cdrom: Uniform CD-ROM driver Revision: 3.20
[    3.614679] ACPI: \_SB_.LNKC: Enabled at IRQ 11
[    4.235724] e1000 0000:00:03.0 eth0: (PCI:33MHz:32-bit) 52:54:00:12:34:56
[    4.240846] e1000 0000:00:03.0 eth0: Intel(R) PRO/1000 Network Connection
[    4.247377] e1000e: Intel(R) PRO/1000 Network Driver
[    4.251090] e1000e: Copyright(c) 1999 - 2015 Intel Corporation.
[    4.254178] sky2: driver version 1.30
[    4.260890] usbcore: registered new interface driver usblp
[    4.263870] usbcore: registered new interface driver usb-storage
[    4.269870] i8042: PNP: PS/2 Controller [PNP0303:KBD,PNP0f13:MOU] at 0x60,0x64 irq 1,12
[    4.277760] serio: i8042 KBD port at 0x60,0x64 irq 1
[    4.280708] serio: i8042 AUX port at 0x60,0x64 irq 12
[    4.287704] rtc_cmos 00:05: RTC can wake from S4
[    4.293188] input: AT Translated Set 2 keyboard as /devices/platform/i8042/serio0/input/input1
[    4.303377] rtc_cmos 00:05: registered as rtc0
[    4.313931] rtc_cmos 00:05: alarms up to one day, y3k, 242 bytes nvram, hpet irqs
[    4.345078] device-mapper: ioctl: 4.48.0-ioctl (2023-03-01) initialised: dm-devel@redhat.com
[    4.364257] intel_pstate: CPU model not supported
[    4.375217] hid: raw HID events driver (C) Jiri Kosina
[    4.383395] usbcore: registered new interface driver usbhid
[    4.391318] usbhid: USB HID core driver
[    4.399594] Initializing XFRM netlink socket
[    4.403633] NET: Registered PF_INET6 protocol family
[    4.436167] Segment Routing with IPv6
[    4.438056] In-situ OAM (IOAM) with IPv6
[    4.440312] sit: IPv6, IPv4 and MPLS over IPv4 tunneling driver
[    4.444328] NET: Registered PF_PACKET protocol family
[    4.447069] 9pnet: Installing 9P2000 support
[    4.451680] Key type dns_resolver registered
[    4.457721] IPI shorthand broadcast: enabled
[    4.505344] sched_clock: Marking stable (4436278228, 68510146)->(5320673943, -815885569)
[    4.511245] registered taskstats version 1
[    4.516623] Loading compiled-in X.509 certificates
[    4.559663] PM:   Magic number: 10:137:237
[    4.562646] printk: console [netcon0] enabled
[    4.565704] netconsole: network logging started
[    4.569590] cfg80211: Loading compiled-in X.509 certificates for regulatory database
[    4.576479] kworker/u4:1 (51) used greatest stack depth: 29536 bytes left
[    4.596768] Loaded X.509 cert 'sforshee: 00b28ddf47aef9cea7'
[    4.601199] platform regulatory.0: Direct firmware load for regulatory.db failed with error -2
[    4.601631] ALSA device list:
[    4.618705] cfg80211: failed to load regulatory.db
[    4.620508]   No soundcards found.
[    4.628984] Freeing unused kernel image (initmem) memory: 5612K
[    4.641065] Write protecting the kernel read-only data: 59392k
[    4.651280] Freeing unused kernel image (rodata/data gap) memory: 204K
[    4.683302] x86/mm: Checked W+X mappings: passed, no W+X pages found.
[    4.686104] Run /init as init process
[    4.703811] mount (56) used greatest stack depth: 28760 bytes left

secb: rootfs ready
---- poc begin ----
[poc] veth p1<->p2 ready; p1 MAC=00:00:00:00:00:20
[poc] mv0 (mode=source) attached to p2
[poc] brute-force race: CPU0 newlink-spam vs CPU1 packet-spam, 60s budget
[    4.973389] input: ImExPS/2 Generic Explorer Mouse as /devices/platform/i8042/serio1/input/input3
[poc] +5.1s: newlinks=11008 (2k/s)
[poc] +10.1s: newlinks=22272 (2k/s)
[poc] +15.3s: newlinks=30208 (2k/s)
[poc] +20.3s: newlinks=68864 (3k/s)
[   27.864268] ==================================================================
[   27.867623] BUG: KASAN: slab-use-after-free in macvlan_forward_source+0x4b8/0x510
[   27.870628] Read of size 2 at addr ffff888008128974 by task poc/63
[   27.873483] 
[   27.873919] CPU: 1 PID: 63 Comm: poc Not tainted 6.4.0-04323-g885d5beb8c60-dirty #1
[   27.875888] Hardware name: QEMU Standard PC (i440FX + PIIX, 1996), BIOS 1.16.2-debian-1.16.2-1 04/01/2014
[   27.881879] Call Trace:
[   27.883172]  <IRQ>
[   27.884351]  dump_stack_lvl+0x36/0x50
[   27.887549]  print_report+0xcf/0x660
[   27.889474]  ? __sys_sendto+0x1eb/0x2b0
[   27.891598]  ? macvlan_forward_source+0x4b8/0x510
[   27.894270]  kasan_report+0xc7/0x100
[   27.896378]  ? macvlan_forward_source+0x4b8/0x510
[   27.898008]  macvlan_forward_source+0x4b8/0x510
[   27.899235]  ? __pfx_macvlan_handle_frame+0x10/0x10
[   27.900928]  macvlan_handle_frame+0x228/0xc30
[   27.908083]  ? __pfx_macvlan_handle_frame+0x10/0x10
[   27.914091]  __netif_receive_skb_core.constprop.0+0x663/0x3440
[   27.918444]  ? ip_rcv_core+0x771/0xd20
[   27.920445]  ? __pfx___netif_receive_skb_core.constprop.0+0x10/0x10
[   27.928204]  ? ip_rcv+0x97/0x270
[   27.932498]  ? __pfx_ip_rcv+0x10/0x10
[   27.938025]  ? rcu_sched_clock_irq+0x6ba/0x2e00
[   27.940400]  ? update_curr+0x233/0x520
[   27.945348]  __netif_receive_skb_one_core+0xaa/0x1b0
[   27.951438]  ? update_load_avg+0x126/0x1b90
[   27.954692]  ? __pfx___netif_receive_skb_one_core+0x10/0x10
[   27.962000]  ? _raw_spin_lock_irq+0x81/0xe0
[   27.963791]  ? __pfx_calc_global_load_tick+0x10/0x10
[   27.966482]  ? task_tick_fair+0x60/0x920
[   27.968428]  process_backlog+0x18b/0x520
[   27.970427]  ? rcu_accelerate_cbs+0x1c/0x410
[   27.972570]  __napi_poll+0x9e/0x4f0
[   27.974133]  net_rx_action+0x897/0xd50
[   27.975546]  ? __pfx_net_rx_action+0x10/0x10
[   27.977434]  ? __pfx_rcu_core+0x10/0x10
[   27.979964]  ? kvm_clock_get_cycles+0x18/0x30
[   27.984834]  ? ktime_get+0x54/0xd0
[   27.985748]  __do_softirq+0x1bf/0x5b5
[   27.986673]  ? __pfx___do_softirq+0x10/0x10
[   27.987829]  do_softirq+0x3e/0x60
[   27.988725]  </IRQ>
[   27.989340]  <TASK>
[   27.989957]  __local_bh_enable_ip+0x63/0x70
[   27.991051]  __dev_queue_xmit+0x8e4/0x30c0
[   27.992113]  ? skb_set_owner_w+0x218/0x350
[   27.993627]  ? __pfx___dev_queue_xmit+0x10/0x10
[   28.006651]  ? packet_parse_headers+0x3e9/0x8f0
[   28.008870]  ? __pfx_sock_alloc_send_pskb+0x10/0x10
[   28.017634]  ? __pfx_packet_parse_headers+0x10/0x10
[   28.026389]  ? skb_copy_datagram_from_iter+0xe1/0x6a0
[   28.030694]  packet_sendmsg+0x1eac/0x4d40
[   28.031710]  ? sysvec_call_function+0x30/0x80
[   28.032843]  ? sched_mm_cid_remote_clear+0x1a8/0x2c0
[   28.039113]  ? update_curr+0x233/0x520
[   28.044762]  ? __pfx_selinux_socket_sendmsg+0x10/0x10
[   28.052396]  ? __pfx_packet_sendmsg+0x10/0x10
[   28.058650]  ? sysvec_apic_timer_interrupt+0xe/0x80
[   28.060722]  ? asm_sysvec_apic_timer_interrupt+0x1a/0x20
[   28.062121]  ? __pfx_packet_sendmsg+0x10/0x10
[   28.063140]  sock_sendmsg+0x13d/0x180
[   28.064069]  __sys_sendto+0x1eb/0x2b0
[   28.065015]  ? __pfx___sys_sendto+0x10/0x10
[   28.069219]  ? __rseq_handle_notify_resume+0x7ce/0xc20
[   28.075478]  ? __pfx___schedule+0x10/0x10
[   28.079422]  __x64_sys_sendto+0xdb/0x1b0
[   28.083013]  ? exit_to_user_mode_prepare+0x2a/0x110
[   28.085120]  ? syscall_exit_to_user_mode+0x21/0x50
[   28.088222]  do_syscall_64+0x3b/0x90
[   28.089927]  entry_SYSCALL_64_after_hwframe+0x6e/0xd8
[   28.091183] RIP: 0033:0x43c163
[   28.092024] Code: c7 c2 b8 ff ff ff f7 d8 64 89 02 48 c7 c0 ff ff ff ff eb b8 0f 1f 00 80 3d 21 ff 06 00 00 41 89 ca 74 14 b8 2c 00 00 00 0f 05 <48> 3d 00 f0 ff ff 77 75 c3 0f 1f 40 00 55 48 83 ec 30 44 89 4c 24
[   28.100075] RSP: 002b:00007fdf0df12f78 EFLAGS: 00000202 ORIG_RAX: 000000000000002c
[   28.105071] RAX: ffffffffffffffda RBX: 00000000000000f0 RCX: 000000000043c163
[   28.107374] RDX: 0000000000000040 RSI: 00007fdf0df12f90 RDI: 0000000000000004
[   28.109779] RBP: 00007fff1a8f4400 R08: 00007fff1a8f43e0 R09: 0000000000000014
[   28.114956] R10: 0000000000000000 R11: 0000000000000202 R12: 00007fdf0df12f90
[   28.120431] R13: 000000000008bc00 R14: 00007fdf0df12f80 R15: 0000000000000004
[   28.123175]  </TASK>
[   28.123808] 
[   28.124266] Allocated by task 62:
[   28.125174]  kasan_save_stack+0x33/0x60
[   28.127137]  kasan_set_track+0x25/0x30
[   28.128470]  __kasan_kmalloc+0x8f/0xa0
[   28.130530]  __kmalloc_node+0x5c/0x160
[   28.134264]  alloc_netdev_mqs+0x5f/0xff0
[   28.135830]  rtnl_create_link+0xac9/0xe50
[   28.137357]  __rtnl_newlink+0xd71/0x1520
[   28.138811]  rtnl_newlink+0x5d/0x90
[   28.140119]  rtnetlink_rcv_msg+0x35d/0x9d0
[   28.141565]  netlink_rcv_skb+0x12f/0x370
[   28.144670]  netlink_unicast+0x588/0x7f0
[   28.147668]  netlink_sendmsg+0x7b7/0xc60
[   28.149092]  sock_sendmsg+0x13d/0x180
[   28.151107]  __sys_sendto+0x1eb/0x2b0
[   28.153907]  __x64_sys_sendto+0xdb/0x1b0
[   28.156029]  do_syscall_64+0x3b/0x90
[   28.156995]  entry_SYSCALL_64_after_hwframe+0x6e/0xd8
[   28.159471] 
[   28.160541] Freed by task 62:
[   28.162938]  kasan_save_stack+0x33/0x60
[   28.164759]  kasan_set_track+0x25/0x30
[   28.166417]  kasan_save_free_info+0x2b/0x50
[   28.169545]  __kasan_slab_free+0x10a/0x180
[   28.171961]  __kmem_cache_free+0x82/0x1c0
[   28.173208]  __rtnl_newlink+0x1133/0x1520
[   28.175287]  rtnl_newlink+0x5d/0x90
[   28.178084]  rtnetlink_rcv_msg+0x35d/0x9d0
[   28.181063]  netlink_rcv_skb+0x12f/0x370
[   28.182904]  netlink_unicast+0x588/0x7f0
[   28.183986]  netlink_sendmsg+0x7b7/0xc60
[   28.185068]  sock_sendmsg+0x13d/0x180
[   28.186337]  __sys_sendto+0x1eb/0x2b0
[   28.190556]  __x64_sys_sendto+0xdb/0x1b0
[   28.192228]  do_syscall_64+0x3b/0x90
[   28.193834]  entry_SYSCALL_64_after_hwframe+0x6e/0xd8
[   28.198158] 
[   28.199393] The buggy address belongs to the object at ffff888008128000
[   28.199393]  which belongs to the cache kmalloc-4k of size 4096
[   28.208675] The buggy address is located 2420 bytes inside of
[   28.208675]  freed 4096-byte region [ffff888008128000, ffff888008129000)
[   28.213089] 
[   28.213550] The buggy address belongs to the physical page:
[   28.219424] page:000000000505532e refcount:0 mapcount:0 mapping:0000000000000000 index:0x0 pfn:0x8128
[   28.226210] flags: 0x100000000010200(slab|head|node=0|zone=1)
[   28.230832] page_type: 0xffffffff()
[   28.236424] raw: 0100000000010200 ffff888006442140 dead000000000122 0000000000000000
[   28.238630] raw: 0000000000000000 0000000000040004 00000001ffffffff 0000000000000000
[   28.242558] page dumped because: kasan: bad access detected
[   28.244774] 
[   28.245350] Memory state around the buggy address:
[   28.247679]  ffff888008128800: fb fb fb fb fb fb fb fb fb fb fb fb fb fb fb fb
[   28.250199]  ffff888008128880: fb fb fb fb fb fb fb fb fb fb fb fb fb fb fb fb
[   28.252807] >ffff888008128900: fb fb fb fb fb fb fb fb fb fb fb fb fb fb fb fb
[   28.255386]                                                              ^
[   28.259809]  ffff888008128980: fb fb fb fb fb fb fb fb fb fb fb fb fb fb fb fb
[   28.263827]  ffff888008128a00: fb fb fb fb fb fb fb fb fb fb fb fb fb fb fb fb
[   28.267651] ==================================================================
[   28.270228] Disabling lock debugging due to kernel taint
[poc] +25.3s: newlinks=136704 (5k/s)
[poc] +30.3s: newlinks=204800 (7k/s)
[poc] +35.3s: newlinks=244480 (7k/s)
[poc] +40.4s: newlinks=254464 (6k/s)
[poc] +45.4s: newlinks=288512 (6k/s)
[poc] +50.4s: newlinks=485376 (10k/s)
[poc] +55.4s: newlinks=679168 (12k/s)
[poc] race loop done; newlinks=861952
[poc] child sends complete: 4079616
[   64.838902] poc (62) used greatest stack depth: 25504 bytes left
---- poc end rc=0 ----
secb: poc exited without crashing the kernel
[   66.228809] ACPI: PM: Preparing to enter system sleep state S5
[   66.233895] reboot: Power down
CONFIRMED: KASAN_UAF
