bash: warning: setlocale: LC_ALL: cannot change locale (en_US.UTF-8)
c[?7l[2J[0mSeaBIOS (version 1.16.2-debian-1.16.2-1)


iPXE (http://ipxe.org) 00:03.0 CA00 PCI2.10 PnP PMM+7EFCEF00+7EF0EF00 CA00
Press Ctrl-B to configure iPXE (PCI 00:03.0)...                                                                               


Booting from ROM..c[?7l[2J[    0.000000] Linux version 6.14.0-13326-gce4119a71a58-dirty (root@buildkitsandbox) (gcc (Debian 12.2.0-14+deb12u1) 12.2.0, GNU ld (GNU Binutils for Debian) 2.40) #2 SMP PREEMPT_DYNAMIC Tue May  5 16:23:34 UTC 2026
[    0.000000] Command line: console=ttyS0 oops=panic nokaslr rdinit=/init
[    0.000000] BIOS-provided physical RAM map:
[    0.000000] BIOS-e820: [mem 0x0000000000000000-0x000000000009fbff] usable
[    0.000000] BIOS-e820: [mem 0x000000000009fc00-0x000000000009ffff] reserved
[    0.000000] BIOS-e820: [mem 0x00000000000f0000-0x00000000000fffff] reserved
[    0.000000] BIOS-e820: [mem 0x0000000000100000-0x000000007ffdffff] usable
[    0.000000] BIOS-e820: [mem 0x000000007ffe0000-0x000000007fffffff] reserved
[    0.000000] BIOS-e820: [mem 0x00000000feffc000-0x00000000feffffff] reserved
[    0.000000] BIOS-e820: [mem 0x00000000fffc0000-0x00000000ffffffff] reserved
[    0.000000] NX (Execute Disable) protection: active
[    0.000000] APIC: Static calls initialized
[    0.000000] SMBIOS 2.8 present.
[    0.000000] DMI: QEMU Standard PC (i440FX + PIIX, 1996), BIOS 1.16.2-debian-1.16.2-1 04/01/2014
[    0.000000] DMI: Memory slots populated: 1/1
[    0.000000] Hypervisor detected: KVM
[    0.000000] kvm-clock: Using msrs 4b564d01 and 4b564d00
[    0.000000] kvm-clock: using sched offset of 346884190 cycles
[    0.000002] clocksource: kvm-clock: mask: 0xffffffffffffffff max_cycles: 0x1cd42e4dffb, max_idle_ns: 881590591483 ns
[    0.000004] tsc: Detected 3187.200 MHz processor
[    0.000316] last_pfn = 0x7ffe0 max_arch_pfn = 0x400000000
[    0.000334] MTRR map: 4 entries (3 fixed + 1 variable; max 19), built from 8 variable MTRRs
[    0.000336] x86/PAT: Configuration [0-7]: WB  WC  UC- UC  WB  WP  UC- WT  
[    0.002406] found SMP MP-table at [mem 0x000f5ba0-0x000f5baf]
[    0.002411] Using GB pages for direct mapping
[    0.002494] RAMDISK: [mem 0x7fe89000-0x7ffdffff]
[    0.002498] ACPI: Early table checksum verification disabled
[    0.002500] ACPI: RSDP 0x00000000000F59D0 000014 (v00 BOCHS )
[    0.002502] ACPI: RSDT 0x000000007FFE1B33 000034 (v01 BOCHS  BXPC     00000001 BXPC 00000001)
[    0.002506] ACPI: FACP 0x000000007FFE19DF 000074 (v01 BOCHS  BXPC     00000001 BXPC 00000001)
[    0.002510] ACPI: DSDT 0x000000007FFE0040 00199F (v01 BOCHS  BXPC     00000001 BXPC 00000001)
[    0.002512] ACPI: FACS 0x000000007FFE0000 000040
[    0.002513] ACPI: APIC 0x000000007FFE1A53 000080 (v01 BOCHS  BXPC     00000001 BXPC 00000001)
[    0.002515] ACPI: HPET 0x000000007FFE1AD3 000038 (v01 BOCHS  BXPC     00000001 BXPC 00000001)
[    0.002516] ACPI: WAET 0x000000007FFE1B0B 000028 (v01 BOCHS  BXPC     00000001 BXPC 00000001)
[    0.002518] ACPI: Reserving FACP table memory at [mem 0x7ffe19df-0x7ffe1a52]
[    0.002519] ACPI: Reserving DSDT table memory at [mem 0x7ffe0040-0x7ffe19de]
[    0.002519] ACPI: Reserving FACS table memory at [mem 0x7ffe0000-0x7ffe003f]
[    0.002520] ACPI: Reserving APIC table memory at [mem 0x7ffe1a53-0x7ffe1ad2]
[    0.002520] ACPI: Reserving HPET table memory at [mem 0x7ffe1ad3-0x7ffe1b0a]
[    0.002521] ACPI: Reserving WAET table memory at [mem 0x7ffe1b0b-0x7ffe1b32]
[    0.002701] No NUMA configuration found
[    0.002701] Faking a node at [mem 0x0000000000000000-0x000000007ffdffff]
[    0.002703] NODE_DATA(0) allocated [mem 0x7fe85800-0x7fe88fff]
[    0.002711] Zone ranges:
[    0.002711]   DMA      [mem 0x0000000000001000-0x0000000000ffffff]
[    0.002712]   DMA32    [mem 0x0000000001000000-0x000000007ffdffff]
[    0.002713]   Normal   empty
[    0.002714] Movable zone start for each node
[    0.002714] Early memory node ranges
[    0.002715]   node   0: [mem 0x0000000000001000-0x000000000009efff]
[    0.002716]   node   0: [mem 0x0000000000100000-0x000000007ffdffff]
[    0.002716] Initmem setup node 0 [mem 0x0000000000001000-0x000000007ffdffff]
[    0.003676] On node 0, zone DMA: 1 pages in unavailable ranges
[    0.003712] On node 0, zone DMA: 97 pages in unavailable ranges
[    0.026834] On node 0, zone DMA32: 32 pages in unavailable ranges
[    0.266010] kasan: KernelAddressSanitizer initialized
[    0.266210] ACPI: PM-Timer IO Port: 0x608
[    0.266221] ACPI: LAPIC_NMI (acpi_id[0xff] dfl dfl lint[0x1])
[    0.266246] IOAPIC[0]: apic_id 0, version 17, address 0xfec00000, GSI 0-23
[    0.266249] ACPI: INT_SRC_OVR (bus 0 bus_irq 0 global_irq 2 dfl dfl)
[    0.266250] ACPI: INT_SRC_OVR (bus 0 bus_irq 5 global_irq 5 high level)
[    0.266251] ACPI: INT_SRC_OVR (bus 0 bus_irq 9 global_irq 9 high level)
[    0.266252] ACPI: INT_SRC_OVR (bus 0 bus_irq 10 global_irq 10 high level)
[    0.266253] ACPI: INT_SRC_OVR (bus 0 bus_irq 11 global_irq 11 high level)
[    0.266255] ACPI: Using ACPI (MADT) for SMP configuration information
[    0.266256] ACPI: HPET id: 0x8086a201 base: 0xfed00000
[    0.266258] TSC deadline timer available
[    0.266261] CPU topo: Max. logical packages:   1
[    0.266261] CPU topo: Max. logical dies:       1
[    0.266262] CPU topo: Max. dies per package:   1
[    0.266264] CPU topo: Max. threads per core:   1
[    0.266265] CPU topo: Num. cores per package:     2
[    0.266265] CPU topo: Num. threads per package:   2
[    0.266265] CPU topo: Allowing 2 present CPUs plus 0 hotplug CPUs
[    0.266278] kvm-guest: APIC: eoi() replaced with kvm_guest_apic_eoi_write()
[    0.266290] kvm-guest: KVM setup pv remote TLB flush
[    0.266292] kvm-guest: setup PV sched yield
[    0.266298] PM: hibernation: Registered nosave memory: [mem 0x00000000-0x00000fff]
[    0.266299] PM: hibernation: Registered nosave memory: [mem 0x0009f000-0x0009ffff]
[    0.266299] PM: hibernation: Registered nosave memory: [mem 0x000a0000-0x000effff]
[    0.266300] PM: hibernation: Registered nosave memory: [mem 0x000f0000-0x000fffff]
[    0.266301] [mem 0x80000000-0xfeffbfff] available for PCI devices
[    0.266302] Booting paravirtualized kernel on KVM
[    0.266304] clocksource: refined-jiffies: mask: 0xffffffff max_cycles: 0xffffffff, max_idle_ns: 1910969940391419 ns
[    0.273403] setup_percpu: NR_CPUS:64 nr_cpumask_bits:2 nr_cpu_ids:2 nr_node_ids:1
[    0.274474] percpu: Embedded 63 pages/cpu s220312 r8192 d29544 u1048576
[    0.274502] Kernel command line: console=ttyS0 oops=panic nokaslr rdinit=/init
[    0.274543] random: crng init done
[    0.274544] printk: log buffer data + meta data: 262144 + 917504 = 1179648 bytes
[    0.276109] Dentry cache hash table entries: 262144 (order: 9, 2097152 bytes, linear)
[    0.276168] Inode-cache hash table entries: 131072 (order: 8, 1048576 bytes, linear)
[    0.276211] Fallback order for Node 0: 0 
[    0.276214] Built 1 zonelists, mobility grouping on.  Total pages: 524158
[    0.276215] Policy zone: DMA32
[    0.276216] mem auto-init: stack:all(zero), heap alloc:off, heap free:off
[    0.276216] stackdepot: allocating hash table via alloc_large_system_hash
[    0.276218] stackdepot hash table entries: 1048576 (order: 12, 16777216 bytes, linear)
[    0.313093] SLUB: HWalign=64, Order=0-3, MinObjects=0, CPUs=2, Nodes=1
[    0.314016] Dynamic Preempt: voluntary
[    0.314665] rcu: Preemptible hierarchical RCU implementation.
[    0.314666] rcu: 	RCU event tracing is enabled.
[    0.314667] rcu: 	RCU restricting CPUs from NR_CPUS=64 to nr_cpu_ids=2.
[    0.314669] 	Trampoline variant of Tasks RCU enabled.
[    0.314669] 	Tracing variant of Tasks RCU enabled.
[    0.314670] rcu: RCU calculated value of scheduler-enlistment delay is 100 jiffies.
[    0.314671] rcu: Adjusting geometry for rcu_fanout_leaf=16, nr_cpu_ids=2
[    0.314684] RCU Tasks: Setting shift to 1 and lim to 1 rcu_task_cb_adjust=1 rcu_task_cpu_ids=2.
[    0.314686] RCU Tasks Trace: Setting shift to 1 and lim to 1 rcu_task_cb_adjust=1 rcu_task_cpu_ids=2.
[    0.322874] NR_IRQS: 4352, nr_irqs: 440, preallocated irqs: 16
[    0.323102] rcu: srcu_init: Setting srcu_struct sizes based on contention.
[    0.325406] Console: colour VGA+ 80x25
[    0.325436] printk: legacy console [ttyS0] enabled
[    0.365038] ACPI: Core revision 20240827
[    0.365378] clocksource: hpet: mask: 0xffffffff max_cycles: 0xffffffff, max_idle_ns: 19112604467 ns
[    0.365940] APIC: Switch to symmetric I/O mode setup
[    0.366352] x2apic enabled
[    0.366654] APIC: Switched APIC routing to: physical x2apic
[    0.367003] kvm-guest: APIC: send_IPI_mask() replaced with kvm_send_ipi_mask()
[    0.367409] kvm-guest: APIC: send_IPI_mask_allbutself() replaced with kvm_send_ipi_mask_allbutself()
[    0.367914] kvm-guest: setup PV IPIs
[    0.368746] ..TIMER: vector=0x30 apic1=0 pin1=2 apic2=-1 pin2=-1
[    0.369098] clocksource: tsc-early: mask: 0xffffffffffffffff max_cycles: 0x2df10e7656b, max_idle_ns: 440795364873 ns
[    0.369682] Calibrating delay loop (skipped) preset value.. 6374.40 BogoMIPS (lpj=3187200)
[    0.370754] x86/cpu: User Mode Instruction Prevention (UMIP) activated
[    0.371166] Last level iTLB entries: 4KB 0, 2MB 0, 4MB 0
[    0.371680] Last level dTLB entries: 4KB 0, 2MB 0, 4MB 0, 1GB 0
[    0.372016] Spectre V1 : Mitigation: usercopy/swapgs barriers and __user pointer sanitization
[    0.372489] Spectre V2 : Spectre BHI mitigation: SW BHB clearing on syscall and VM exit
[    0.372680] Spectre V2 : Mitigation: Enhanced / Automatic IBRS
[    0.373007] Spectre V2 : Spectre v2 / SpectreRSB mitigation: Filling RSB on context switch
[    0.373680] Spectre V2 : Spectre v2 / PBRSB-eIBRS: Retire a single CALL on VMEXIT
[    0.374098] Spectre V2 : mitigation: Enabling conditional Indirect Branch Prediction Barrier
[    0.374570] Speculative Store Bypass: Mitigation: Speculative Store Bypass disabled via prctl
[    0.374680] MMIO Stale Data: Unknown: No mitigations
[    0.374971] x86/fpu: Supporting XSAVE feature 0x001: 'x87 floating point registers'
[    0.375680] x86/fpu: Supporting XSAVE feature 0x002: 'SSE registers'
[    0.376045] x86/fpu: Supporting XSAVE feature 0x004: 'AVX registers'
[    0.376410] x86/fpu: Supporting XSAVE feature 0x200: 'Protection Keys User registers'
[    0.376680] x86/fpu: xstate_offset[2]:  576, xstate_sizes[2]:  256
[    0.377035] x86/fpu: xstate_offset[9]:  832, xstate_sizes[9]:    8
[    0.377680] x86/fpu: Enabled xstate features 0x207, context size is 840 bytes, using 'compacted' format.
[    0.391626] Freeing SMP alternatives memory: 44K
[    0.391682] pid_max: default: 32768 minimum: 301
[    0.392703] LSM: initializing lsm=capability,selinux
[    0.393021] SELinux:  Initializing.
[    0.393359] Mount-cache hash table entries: 4096 (order: 3, 32768 bytes, linear)
[    0.393682] Mountpoint-cache hash table entries: 4096 (order: 3, 32768 bytes, linear)
[    0.394911] smpboot: CPU0: Intel(R) Core(TM) i9-14900K (family: 0x6, model: 0xb7, stepping: 0x1)
[    0.395629] Performance Events: unsupported CPU family 6 model 183 no PMU driver, software events only.
[    0.395700] signal: max sigframe size: 3632
[    0.395972] rcu: Hierarchical SRCU implementation.
[    0.396251] rcu: 	Max phase no-delay instances is 400.
[    0.396606] Timer migration: 1 hierarchy levels; 8 children per group; 1 crossnode level
[    0.397031] smp: Bringing up secondary CPUs ...
[    0.397412] smpboot: x86: Booting SMP configuration:
[    0.397682] .... node  #0, CPUs:      #1
[    0.397766] smp: Brought up 1 node, 2 CPUs
[    0.398170] smpboot: Total of 2 processors activated (12748.80 BogoMIPS)
[    0.398763] Memory: 1686920K/2096632K available (43933K kernel code, 7910K rwdata, 9584K rodata, 5424K init, 1836K bss, 404664K reserved, 0K cma-reserved)
[    0.400736] devtmpfs: initialized
[    0.402797] clocksource: jiffies: mask: 0xffffffff max_cycles: 0xffffffff, max_idle_ns: 1911260446275000 ns
[    0.403262] posixtimers hash table entries: 1024 (order: 2, 16384 bytes, linear)
[    0.403683] futex hash table entries: 512 (order: 3, 32768 bytes, linear)
[    0.404199] PM: RTC time: 16:26:37, date: 2026-05-05
[    0.404607] NET: Registered PF_NETLINK/PF_ROUTE protocol family
[    0.404884] audit: initializing netlink subsys (disabled)
[    0.405229] audit: type=2000 audit(1777998398.392:1): state=initialized audit_enabled=0 res=1
[    0.405229] thermal_sys: Registered thermal governor 'step_wise'
[    0.405691] cpuidle: using governor menu
[    0.406505] PCI: Using configuration type 1 for base access
[    0.406746] kprobes: kprobe jump-optimization is enabled. All kprobes are optimized if possible.
[    0.407313] HugeTLB: allocation took 0ms with hugepage_allocation_threads=1
[    0.407686] HugeTLB: registered 2.00 MiB page size, pre-allocated 0 pages
[    0.408093] HugeTLB: 28 KiB vmemmap can be freed for a 2.00 MiB page
[    0.408691] ACPI: Added _OSI(Module Device)
[    0.408942] ACPI: Added _OSI(Processor Device)
[    0.409209] ACPI: Added _OSI(3.0 _SCP Extensions)
[    0.409491] ACPI: Added _OSI(Processor Aggregator Device)
[    0.416105] ACPI: 1 ACPI AML tables successfully acquired and loaded
[    0.417879] ACPI: Interpreter enabled
[    0.418133] ACPI: PM: (supports S0 S3 S4 S5)
[    0.418382] ACPI: Using IOAPIC for interrupt routing
[    0.418695] PCI: Using host bridge windows from ACPI; if necessary, use "pci=nocrs" and report a bug
[    0.419218] PCI: Using E820 reservations for host bridge windows
[    0.419900] ACPI: Enabled 2 GPEs in block 00 to 0F
[    0.431720] ACPI: PCI Root Bridge [PCI0] (domain 0000 [bus 00-ff])
[    0.432087] acpi PNP0A03:00: _OSC: OS supports [ASPM ClockPM Segments MSI HPX-Type3]
[    0.432535] acpi PNP0A03:00: _OSC: not requesting OS control; OS requires [ExtendedConfig ASPM ClockPM MSI]
[    0.432729] acpi PNP0A03:00: fail to add MMCONFIG information, can't access extended configuration space under this bridge
[    0.433518] PCI host bridge to bus 0000:00
[    0.433704] pci_bus 0000:00: root bus resource [io  0x0000-0x0cf7 window]
[    0.434097] pci_bus 0000:00: root bus resource [io  0x0d00-0xffff window]
[    0.434489] pci_bus 0000:00: root bus resource [mem 0x000a0000-0x000bffff window]
[    0.434681] pci_bus 0000:00: root bus resource [mem 0x80000000-0xfebfffff window]
[    0.435112] pci_bus 0000:00: root bus resource [mem 0x100000000-0x17fffffff window]
[    0.435552] pci_bus 0000:00: root bus resource [bus 00-ff]
[    0.435709] pci 0000:00:00.0: [8086:1237] type 00 class 0x060000 conventional PCI endpoint
[    0.440196] pci 0000:00:01.0: [8086:7000] type 00 class 0x060100 conventional PCI endpoint
[    0.444604] pci 0000:00:01.1: [8086:7010] type 00 class 0x010180 conventional PCI endpoint
[    0.444997] pci 0000:00:01.1: BAR 4 [io  0xc040-0xc04f]
[    0.445321] pci 0000:00:01.1: BAR 0 [io  0x01f0-0x01f7]: legacy IDE quirk
[    0.445682] pci 0000:00:01.1: BAR 1 [io  0x03f6]: legacy IDE quirk
[    0.446038] pci 0000:00:01.1: BAR 2 [io  0x0170-0x0177]: legacy IDE quirk
[    0.446429] pci 0000:00:01.1: BAR 3 [io  0x0376]: legacy IDE quirk
[    0.446816] pci 0000:00:01.3: [8086:7113] type 00 class 0x068000 conventional PCI endpoint
[    0.447477] pci 0000:00:01.3: quirk: [io  0x0600-0x063f] claimed by PIIX4 ACPI
[    0.447737] pci 0000:00:01.3: quirk: [io  0x0700-0x070f] claimed by PIIX4 SMB
[    0.448568] pci 0000:00:02.0: [1234:1111] type 00 class 0x030000 conventional PCI endpoint
[    0.449689] pci 0000:00:02.0: BAR 0 [mem 0xfd000000-0xfdffffff pref]
[    0.450084] pci 0000:00:02.0: BAR 2 [mem 0xfebf0000-0xfebf0fff]
[    0.450457] pci 0000:00:02.0: ROM [mem 0xfebe0000-0xfebeffff pref]
[    0.450729] pci 0000:00:02.0: Video device with shadowed ROM at [mem 0x000c0000-0x000dffff]
[    0.455087] pci 0000:00:03.0: [8086:100e] type 00 class 0x020000 conventional PCI endpoint
[    0.455981] pci 0000:00:03.0: BAR 0 [mem 0xfebc0000-0xfebdffff]
[    0.456325] pci 0000:00:03.0: BAR 1 [io  0xc000-0xc03f]
[    0.456649] pci 0000:00:03.0: ROM [mem 0xfeb80000-0xfebbffff pref]
[    0.461505] ACPI: PCI: Interrupt link LNKA configured for IRQ 10
[    0.462075] ACPI: PCI: Interrupt link LNKB configured for IRQ 10
[    0.462809] ACPI: PCI: Interrupt link LNKC configured for IRQ 11
[    0.463541] ACPI: PCI: Interrupt link LNKD configured for IRQ 11
[    0.463838] ACPI: PCI: Interrupt link LNKS configured for IRQ 9
[    0.465187] iommu: Default domain type: Translated
[    0.465466] iommu: DMA domain TLB invalidation policy: lazy mode
[    0.465871] SCSI subsystem initialized
[    0.466262] ACPI: bus type USB registered
[    0.466535] usbcore: registered new interface driver usbfs
[    0.466699] usbcore: registered new interface driver hub
[    0.467028] usbcore: registered new device driver usb
[    0.467714] pps_core: LinuxPPS API ver. 1 registered
[    0.468005] pps_core: Software ver. 5.3.6 - Copyright 2005-2007 Rodolfo Giometti <giometti@linux.it>
[    0.468531] PTP clock support registered
[    0.468833] Advanced Linux Sound Architecture Driver Initialized.
[    0.469540] NetLabel: Initializing
[    0.469682] NetLabel:  domain hash size = 128
[    0.469929] NetLabel:  protocols = UNLABELED CIPSOv4 CALIPSO
[    0.470295] NetLabel:  unlabeled traffic allowed by default
[    0.470773] PCI: Using ACPI for IRQ routing
[    0.471029] pci 0000:00:02.0: vgaarb: setting as boot VGA device
[    0.471053] pci 0000:00:02.0: vgaarb: bridge control possible
[    0.471384] pci 0000:00:02.0: vgaarb: VGA device added: decodes=io+mem,owns=io+mem,locks=none
[    0.471681] vgaarb: loaded
[    0.471899] hpet0: at MMIO 0xfed00000, IRQs 2, 8, 0
[    0.472179] hpet0: 3 comparators, 64-bit 100.000000 MHz counter
[    0.475725] clocksource: Switched to clocksource kvm-clock
[    0.477606] VFS: Disk quotas dquot_6.6.0
[    0.477839] VFS: Dquot-cache hash table entries: 512 (order 0, 4096 bytes)
[    0.478527] pnp: PnP ACPI init
[    0.482627] pnp: PnP ACPI: found 6 devices
[    0.490481] clocksource: acpi_pm: mask: 0xffffff max_cycles: 0xffffff, max_idle_ns: 2085701024 ns
[    0.491028] NET: Registered PF_INET protocol family
[    0.491349] IP idents hash table entries: 32768 (order: 6, 262144 bytes, linear)
[    0.492215] tcp_listen_portaddr_hash hash table entries: 1024 (order: 2, 16384 bytes, linear)
[    0.492712] Table-perturb hash table entries: 65536 (order: 6, 262144 bytes, linear)
[    0.493156] TCP established hash table entries: 16384 (order: 5, 131072 bytes, linear)
[    0.495534] TCP bind hash table entries: 16384 (order: 7, 524288 bytes, linear)
[    0.495975] TCP: Hash tables configured (established 16384 bind 16384)
[    0.496379] UDP hash table entries: 1024 (order: 4, 65536 bytes, linear)
[    0.496772] UDP-Lite hash table entries: 1024 (order: 4, 65536 bytes, linear)
[    0.497242] NET: Registered PF_UNIX/PF_LOCAL protocol family
[    0.497770] RPC: Registered named UNIX socket transport module.
[    0.498107] RPC: Registered udp transport module.
[    0.498376] RPC: Registered tcp transport module.
[    0.498656] RPC: Registered tcp-with-tls transport module.
[    0.498968] RPC: Registered tcp NFSv4.1 backchannel transport module.
[    0.499669] pci_bus 0000:00: resource 4 [io  0x0000-0x0cf7 window]
[    0.500022] pci_bus 0000:00: resource 5 [io  0x0d00-0xffff window]
[    0.500372] pci_bus 0000:00: resource 6 [mem 0x000a0000-0x000bffff window]
[    0.500770] pci_bus 0000:00: resource 7 [mem 0x80000000-0xfebfffff window]
[    0.501159] pci_bus 0000:00: resource 8 [mem 0x100000000-0x17fffffff window]
[    0.501651] pci 0000:00:01.0: PIIX3: Enabling Passive Release
[    0.501983] pci 0000:00:00.0: Limiting direct PCI/PCI transfers
[    0.502348] PCI: CLS 0 bytes, default 64
[    0.502640] RAPL PMU: API unit is 2^-32 Joules, 0 fixed counters, 10737418240 ms ovfl timer
[    0.502707] Unpacking initramfs...
[    0.503118] clocksource: tsc: mask: 0xffffffffffffffff max_cycles: 0x2df10e7656b, max_idle_ns: 440795364873 ns
[    0.505788] Initialise system trusted keyrings
[    0.506106] workingset: timestamp_bits=56 max_order=19 bucket_order=0
[    0.506871] NFS: Registering the id_resolver key type
[    0.507168] Key type id_resolver registered
[    0.507412] Key type id_legacy registered
[    0.507706] 9p: Installing v9fs 9p2000 file system support
[    0.514501] Key type asymmetric registered
[    0.514785] Asymmetric key parser 'x509' registered
[    0.515101] Block layer SCSI generic (bsg) driver version 0.4 loaded (major 251)
[    0.515545] io scheduler mq-deadline registered
[    0.515807] io scheduler kyber registered
[    0.516255] input: Power Button as /devices/LNXSYSTM:00/LNXPWRBN:00/input/input0
[    0.516785] Freeing initrd memory: 1372K
[    0.516790] ACPI: button: Power Button [PWRF]
[    0.517627] Serial: 8250/16550 driver, 4 ports, IRQ sharing enabled
[    0.518151] 00:04: ttyS0 at I/O 0x3f8 (irq = 4, base_baud = 115200) is a 16550A
[    0.519502] Non-volatile memory driver v1.3
[    0.519750] Linux agpgart interface v0.103
[    0.524262] loop: module loaded
[    0.525557] scsi host0: ata_piix
[    0.525973] scsi host1: ata_piix
[    0.526249] ata1: PATA max MWDMA2 cmd 0x1f0 ctl 0x3f6 bmdma 0xc040 irq 14 lpm-pol 0
[    0.526698] ata2: PATA max MWDMA2 cmd 0x170 ctl 0x376 bmdma 0xc048 irq 15 lpm-pol 0
[    0.527618] e100: Intel(R) PRO/100 Network Driver
[    0.527888] e100: Copyright(c) 1999-2006 Intel Corporation
[    0.528210] e1000: Intel(R) PRO/1000 Network Driver
[    0.528509] e1000: Copyright (c) 1999-2006 Intel Corporation.
[    0.678755] ata2: found unknown device (class 0)
[    0.679379] ata2.00: ATAPI: QEMU DVD-ROM, 2.5+, max UDMA/100
[    0.680345] scsi 1:0:0:0: CD-ROM            QEMU     QEMU DVD-ROM     2.5+ PQ: 0 ANSI: 5
[    0.700895] sr 1:0:0:0: [sr0] scsi3-mmc drive: 4x/4x cd/rw xa/form2 tray
[    0.701291] cdrom: Uniform CD-ROM driver Revision: 3.20
[    0.709192] sr 1:0:0:0: Attached scsi generic sg0 type 5
[    0.860867] ACPI: \_SB_.LNKC: Enabled at IRQ 11
[    1.146078] e1000 0000:00:03.0 eth0: (PCI:33MHz:32-bit) 52:54:00:12:34:56
[    1.146492] e1000 0000:00:03.0 eth0: Intel(R) PRO/1000 Network Connection
[    1.146918] e1000e: Intel(R) PRO/1000 Network Driver
[    1.147207] e1000e: Copyright(c) 1999 - 2015 Intel Corporation.
[    1.147566] sky2: driver version 1.30
[    1.148105] usbcore: registered new interface driver usblp
[    1.148448] usbcore: registered new interface driver usb-storage
[    1.148854] i8042: PNP: PS/2 Controller [PNP0303:KBD,PNP0f13:MOU] at 0x60,0x64 irq 1,12
[    1.149774] serio: i8042 KBD port at 0x60,0x64 irq 1
[    1.150079] serio: i8042 AUX port at 0x60,0x64 irq 12
[    1.150588] rtc_cmos 00:05: RTC can wake from S4
[    1.151342] input: AT Translated Set 2 keyboard as /devices/platform/i8042/serio0/input/input1
[    1.151950] rtc_cmos 00:05: registered as rtc0
[    1.152271] rtc_cmos 00:05: alarms up to one day, y3k, 242 bytes nvram, hpet irqs
[    1.153777] device-mapper: ioctl: 4.49.0-ioctl (2025-01-17) initialised: dm-devel@lists.linux.dev
[    1.154504] intel_pstate: CPU model not supported
[    1.154817] hid: raw HID events driver (C) Jiri Kosina
[    1.155347] usbcore: registered new interface driver usbhid
[    1.155712] usbhid: USB HID core driver
[    1.156533] Initializing XFRM netlink socket
[    1.156834] NET: Registered PF_INET6 protocol family
[    1.159441] Segment Routing with IPv6
[    1.159691] In-situ OAM (IOAM) with IPv6
[    1.159974] sit: IPv6, IPv4 and MPLS over IPv4 tunneling driver
[    1.160626] NET: Registered PF_PACKET protocol family
[    1.161006] 9pnet: Installing 9P2000 support
[    1.161345] Key type dns_resolver registered
[    1.161883] IPI shorthand broadcast: enabled
[    1.171056] sched_clock: Marking stable (1127000953, 43571313)->(1180180409, -9608143)
[    1.172272] registered taskstats version 1
[    1.172529] Loading compiled-in X.509 certificates
[    1.182229] Demotion targets for Node 0: null
[    1.183357] PM:   Magic number: 10:440:438
[    1.183639] printk: legacy console [netcon0] enabled
[    1.183939] netconsole: network logging started
[    1.184298] cfg80211: Loading compiled-in X.509 certificates for regulatory database
[    1.184910] kworker/u8:1 (59) used greatest stack depth: 29648 bytes left
[    1.185655] Loaded X.509 cert 'sforshee: 00b28ddf47aef9cea7'
[    1.186138] Loaded X.509 cert 'wens: 61c038651aabdcf94bd0ac7ff06c7248db18c600'
[    1.186643] platform regulatory.0: Direct firmware load for regulatory.db failed with error -2
[    1.187160] cfg80211: failed to load regulatory.db
[    1.187461] ALSA device list:
[    1.187663]   No soundcards found.
[    1.190786] Freeing unused kernel image (initmem) memory: 5424K
[    1.191035] Write protecting the kernel read-only data: 55296k
[    1.191560] Freeing unused kernel image (text/rodata gap) memory: 1120K
[    1.191980] Freeing unused kernel image (rodata/data gap) memory: 656K
[    1.200034] x86/mm: Checked W+X mappings: passed, no W+X pages found.
[    1.200343] Run /init as init process
[    1.201067] mkdir (62) used greatest stack depth: 28896 bytes left
[    1.201669] mount (63) used greatest stack depth: 28208 bytes left

secb: rootfs ready
---- poc begin ----
poc: userns+netns ready
[    1.212351] modprobe (70) used greatest stack depth: 28096 bytes left
poc: [it=0] disconnect rc=-1 (Operation not supported)
poc: [it=0] reconnect rc=-1 (Invalid argument)
[    1.567386] input: ImExPS/2 Generic Explorer Mouse as /devices/platform/i8042/serio1/input/input3
qemu-system-x86_64: terminating on signal 15 from pid 19 (timeout)
NO_CRASH_DETECTED
