bash: warning: setlocale: LC_ALL: cannot change locale (en_US.UTF-8)
c[?7l[2J[0mSeaBIOS (version 1.16.2-debian-1.16.2-1)


iPXE (http://ipxe.org) 00:03.0 CA00 PCI2.10 PnP PMM+7EFCEF00+7EF0EF00 CA00
Press Ctrl-B to configure iPXE (PCI 00:03.0)...                                                                               


Booting from ROM..c[?7l[2J[    0.000000] Linux version 6.14.0-13324-gf1a69a940de5-dirty (root@buildkitsandbox) (gcc (Debian 12.2.0-14+deb12u1) 12.2.0, GNU ld (GNU Binutils for Debian) 2.40) #1 SMP PREEMPT_DYNAMIC Tue May  5 16:20:41 UTC 2026
[    0.000000] Command line: console=ttyS0 oops=panic nokaslr rdinit=/init
[    0.000000] BIOS-provided physical RAM map:
[    0.000000] BIOS-e820: [mem 0x0000000000000000-0x000000000009fbff] usable
[    0.000000] BIOS-e820: [mem 0x000000000009fc00-0x000000000009ffff] reserved
[    0.000000] BIOS-e820: [mem 0x00000000000f0000-0x00000000000fffff] reserved
[    0.000000] BIOS-e820: [mem 0x0000000000100000-0x000000007ffdffff] usable
[    0.000000] BIOS-e820: [mem 0x000000007ffe0000-0x000000007fffffff] reserved
[    0.000000] BIOS-e820: [mem 0x00000000feffc000-0x00000000feffffff] reserved
[    0.000000] BIOS-e820: [mem 0x00000000fffc0000-0x00000000ffffffff] reserved
[    0.000000] NX (Execute Disable) protection: active
[    0.000000] APIC: Static calls initialized
[    0.000000] SMBIOS 2.8 present.
[    0.000000] DMI: QEMU Standard PC (i440FX + PIIX, 1996), BIOS 1.16.2-debian-1.16.2-1 04/01/2014
[    0.000000] DMI: Memory slots populated: 1/1
[    0.000000] Hypervisor detected: KVM
[    0.000000] kvm-clock: Using msrs 4b564d01 and 4b564d00
[    0.000000] kvm-clock: using sched offset of 235217172 cycles
[    0.000002] clocksource: kvm-clock: mask: 0xffffffffffffffff max_cycles: 0x1cd42e4dffb, max_idle_ns: 881590591483 ns
[    0.000004] tsc: Detected 3187.200 MHz processor
[    0.000311] last_pfn = 0x7ffe0 max_arch_pfn = 0x400000000
[    0.000329] MTRR map: 4 entries (3 fixed + 1 variable; max 19), built from 8 variable MTRRs
[    0.000331] x86/PAT: Configuration [0-7]: WB  WC  UC- UC  WB  WP  UC- WT  
[    0.002385] found SMP MP-table at [mem 0x000f5ba0-0x000f5baf]
[    0.002390] Using GB pages for direct mapping
[    0.002473] RAMDISK: [mem 0x7fe89000-0x7ffdffff]
[    0.002477] ACPI: Early table checksum verification disabled
[    0.002478] ACPI: RSDP 0x00000000000F59D0 000014 (v00 BOCHS )
[    0.002481] ACPI: RSDT 0x000000007FFE1B33 000034 (v01 BOCHS  BXPC     00000001 BXPC 00000001)
[    0.002485] ACPI: FACP 0x000000007FFE19DF 000074 (v01 BOCHS  BXPC     00000001 BXPC 00000001)
[    0.002489] ACPI: DSDT 0x000000007FFE0040 00199F (v01 BOCHS  BXPC     00000001 BXPC 00000001)
[    0.002491] ACPI: FACS 0x000000007FFE0000 000040
[    0.002492] ACPI: APIC 0x000000007FFE1A53 000080 (v01 BOCHS  BXPC     00000001 BXPC 00000001)
[    0.002494] ACPI: HPET 0x000000007FFE1AD3 000038 (v01 BOCHS  BXPC     00000001 BXPC 00000001)
[    0.002495] ACPI: WAET 0x000000007FFE1B0B 000028 (v01 BOCHS  BXPC     00000001 BXPC 00000001)
[    0.002497] ACPI: Reserving FACP table memory at [mem 0x7ffe19df-0x7ffe1a52]
[    0.002498] ACPI: Reserving DSDT table memory at [mem 0x7ffe0040-0x7ffe19de]
[    0.002498] ACPI: Reserving FACS table memory at [mem 0x7ffe0000-0x7ffe003f]
[    0.002499] ACPI: Reserving APIC table memory at [mem 0x7ffe1a53-0x7ffe1ad2]
[    0.002500] ACPI: Reserving HPET table memory at [mem 0x7ffe1ad3-0x7ffe1b0a]
[    0.002500] ACPI: Reserving WAET table memory at [mem 0x7ffe1b0b-0x7ffe1b32]
[    0.002679] No NUMA configuration found
[    0.002680] Faking a node at [mem 0x0000000000000000-0x000000007ffdffff]
[    0.002682] NODE_DATA(0) allocated [mem 0x7fe85800-0x7fe88fff]
[    0.002689] Zone ranges:
[    0.002690]   DMA      [mem 0x0000000000001000-0x0000000000ffffff]
[    0.002691]   DMA32    [mem 0x0000000001000000-0x000000007ffdffff]
[    0.002691]   Normal   empty
[    0.002692] Movable zone start for each node
[    0.002693] Early memory node ranges
[    0.002693]   node   0: [mem 0x0000000000001000-0x000000000009efff]
[    0.002694]   node   0: [mem 0x0000000000100000-0x000000007ffdffff]
[    0.002695] Initmem setup node 0 [mem 0x0000000000001000-0x000000007ffdffff]
[    0.002863] On node 0, zone DMA: 1 pages in unavailable ranges
[    0.002900] On node 0, zone DMA: 97 pages in unavailable ranges
[    0.025783] On node 0, zone DMA32: 32 pages in unavailable ranges
[    0.211835] kasan: KernelAddressSanitizer initialized
[    0.212052] ACPI: PM-Timer IO Port: 0x608
[    0.212064] ACPI: LAPIC_NMI (acpi_id[0xff] dfl dfl lint[0x1])
[    0.212092] IOAPIC[0]: apic_id 0, version 17, address 0xfec00000, GSI 0-23
[    0.212095] ACPI: INT_SRC_OVR (bus 0 bus_irq 0 global_irq 2 dfl dfl)
[    0.212096] ACPI: INT_SRC_OVR (bus 0 bus_irq 5 global_irq 5 high level)
[    0.212097] ACPI: INT_SRC_OVR (bus 0 bus_irq 9 global_irq 9 high level)
[    0.212098] ACPI: INT_SRC_OVR (bus 0 bus_irq 10 global_irq 10 high level)
[    0.212099] ACPI: INT_SRC_OVR (bus 0 bus_irq 11 global_irq 11 high level)
[    0.212101] ACPI: Using ACPI (MADT) for SMP configuration information
[    0.212102] ACPI: HPET id: 0x8086a201 base: 0xfed00000
[    0.212105] TSC deadline timer available
[    0.212107] CPU topo: Max. logical packages:   1
[    0.212108] CPU topo: Max. logical dies:       1
[    0.212108] CPU topo: Max. dies per package:   1
[    0.212110] CPU topo: Max. threads per core:   1
[    0.212111] CPU topo: Num. cores per package:     2
[    0.212111] CPU topo: Num. threads per package:   2
[    0.212111] CPU topo: Allowing 2 present CPUs plus 0 hotplug CPUs
[    0.212126] kvm-guest: APIC: eoi() replaced with kvm_guest_apic_eoi_write()
[    0.212138] kvm-guest: KVM setup pv remote TLB flush
[    0.212141] kvm-guest: setup PV sched yield
[    0.212149] PM: hibernation: Registered nosave memory: [mem 0x00000000-0x00000fff]
[    0.212151] PM: hibernation: Registered nosave memory: [mem 0x0009f000-0x0009ffff]
[    0.212152] PM: hibernation: Registered nosave memory: [mem 0x000a0000-0x000effff]
[    0.212152] PM: hibernation: Registered nosave memory: [mem 0x000f0000-0x000fffff]
[    0.212154] [mem 0x80000000-0xfeffbfff] available for PCI devices
[    0.212155] Booting paravirtualized kernel on KVM
[    0.212157] clocksource: refined-jiffies: mask: 0xffffffff max_cycles: 0xffffffff, max_idle_ns: 1910969940391419 ns
[    0.219097] setup_percpu: NR_CPUS:64 nr_cpumask_bits:2 nr_cpu_ids:2 nr_node_ids:1
[    0.219721] percpu: Embedded 63 pages/cpu s220312 r8192 d29544 u1048576
[    0.219749] Kernel command line: console=ttyS0 oops=panic nokaslr rdinit=/init
[    0.219785] random: crng init done
[    0.219786] printk: log buffer data + meta data: 262144 + 917504 = 1179648 bytes
[    0.220294] Dentry cache hash table entries: 262144 (order: 9, 2097152 bytes, linear)
[    0.220352] Inode-cache hash table entries: 131072 (order: 8, 1048576 bytes, linear)
[    0.220387] Fallback order for Node 0: 0 
[    0.220389] Built 1 zonelists, mobility grouping on.  Total pages: 524158
[    0.220390] Policy zone: DMA32
[    0.220391] mem auto-init: stack:all(zero), heap alloc:off, heap free:off
[    0.220392] stackdepot: allocating hash table via alloc_large_system_hash
[    0.220393] stackdepot hash table entries: 1048576 (order: 12, 16777216 bytes, linear)
[    0.246794] SLUB: HWalign=64, Order=0-3, MinObjects=0, CPUs=2, Nodes=1
[    0.247725] Dynamic Preempt: voluntary
[    0.248784] rcu: Preemptible hierarchical RCU implementation.
[    0.248786] rcu: 	RCU event tracing is enabled.
[    0.248786] rcu: 	RCU restricting CPUs from NR_CPUS=64 to nr_cpu_ids=2.
[    0.248788] 	Trampoline variant of Tasks RCU enabled.
[    0.248788] 	Tracing variant of Tasks RCU enabled.
[    0.248789] rcu: RCU calculated value of scheduler-enlistment delay is 100 jiffies.
[    0.248790] rcu: Adjusting geometry for rcu_fanout_leaf=16, nr_cpu_ids=2
[    0.248803] RCU Tasks: Setting shift to 1 and lim to 1 rcu_task_cb_adjust=1 rcu_task_cpu_ids=2.
[    0.248805] RCU Tasks Trace: Setting shift to 1 and lim to 1 rcu_task_cb_adjust=1 rcu_task_cpu_ids=2.
[    0.257103] NR_IRQS: 4352, nr_irqs: 440, preallocated irqs: 16
[    0.257343] rcu: srcu_init: Setting srcu_struct sizes based on contention.
[    0.259683] Console: colour VGA+ 80x25
[    0.259713] printk: legacy console [ttyS0] enabled
[    0.299253] ACPI: Core revision 20240827
[    0.299612] clocksource: hpet: mask: 0xffffffff max_cycles: 0xffffffff, max_idle_ns: 19112604467 ns
[    0.300186] APIC: Switch to symmetric I/O mode setup
[    0.300586] x2apic enabled
[    0.300899] APIC: Switched APIC routing to: physical x2apic
[    0.301256] kvm-guest: APIC: send_IPI_mask() replaced with kvm_send_ipi_mask()
[    0.301665] kvm-guest: APIC: send_IPI_mask_allbutself() replaced with kvm_send_ipi_mask_allbutself()
[    0.302208] kvm-guest: setup PV IPIs
[    0.303055] ..TIMER: vector=0x30 apic1=0 pin1=2 apic2=-1 pin2=-1
[    0.303412] clocksource: tsc-early: mask: 0xffffffffffffffff max_cycles: 0x2df10e7656b, max_idle_ns: 440795364873 ns
[    0.304019] Calibrating delay loop (skipped) preset value.. 6374.40 BogoMIPS (lpj=3187200)
[    0.305093] x86/cpu: User Mode Instruction Prevention (UMIP) activated
[    0.305519] Last level iTLB entries: 4KB 0, 2MB 0, 4MB 0
[    0.306014] Last level dTLB entries: 4KB 0, 2MB 0, 4MB 0, 1GB 0
[    0.306362] Spectre V1 : Mitigation: usercopy/swapgs barriers and __user pointer sanitization
[    0.306841] Spectre V2 : Spectre BHI mitigation: SW BHB clearing on syscall and VM exit
[    0.307014] Spectre V2 : Mitigation: Enhanced / Automatic IBRS
[    0.307350] Spectre V2 : Spectre v2 / SpectreRSB mitigation: Filling RSB on context switch
[    0.308014] Spectre V2 : Spectre v2 / PBRSB-eIBRS: Retire a single CALL on VMEXIT
[    0.308443] Spectre V2 : mitigation: Enabling conditional Indirect Branch Prediction Barrier
[    0.309015] Speculative Store Bypass: Mitigation: Speculative Store Bypass disabled via prctl
[    0.309507] MMIO Stale Data: Unknown: No mitigations
[    0.309812] x86/fpu: Supporting XSAVE feature 0x001: 'x87 floating point registers'
[    0.310014] x86/fpu: Supporting XSAVE feature 0x002: 'SSE registers'
[    0.310390] x86/fpu: Supporting XSAVE feature 0x004: 'AVX registers'
[    0.311017] x86/fpu: Supporting XSAVE feature 0x200: 'Protection Keys User registers'
[    0.311491] x86/fpu: xstate_offset[2]:  576, xstate_sizes[2]:  256
[    0.312015] x86/fpu: xstate_offset[9]:  832, xstate_sizes[9]:    8
[    0.312387] x86/fpu: Enabled xstate features 0x207, context size is 840 bytes, using 'compacted' format.
[    0.327539] Freeing SMP alternatives memory: 44K
[    0.327871] pid_max: default: 32768 minimum: 301
[    0.329042] LSM: initializing lsm=capability,selinux
[    0.330036] SELinux:  Initializing.
[    0.330393] Mount-cache hash table entries: 4096 (order: 3, 32768 bytes, linear)
[    0.330839] Mountpoint-cache hash table entries: 4096 (order: 3, 32768 bytes, linear)
[    0.331426] smpboot: CPU0: Intel(R) Core(TM) i9-14900K (family: 0x6, model: 0xb7, stepping: 0x1)
[    0.332014] Performance Events: unsupported CPU family 6 model 183 no PMU driver, software events only.
[    0.332036] signal: max sigframe size: 3632
[    0.332310] rcu: Hierarchical SRCU implementation.
[    0.332589] rcu: 	Max phase no-delay instances is 400.
[    0.332952] Timer migration: 1 hierarchy levels; 8 children per group; 1 crossnode level
[    0.333373] smp: Bringing up secondary CPUs ...
[    0.333764] smpboot: x86: Booting SMP configuration:
[    0.334016] .... node  #0, CPUs:      #1
[    0.334098] smp: Brought up 1 node, 2 CPUs
[    0.334498] smpboot: Total of 2 processors activated (12748.80 BogoMIPS)
[    0.335105] Memory: 1686920K/2096632K available (43933K kernel code, 7910K rwdata, 9584K rodata, 5424K init, 1836K bss, 404664K reserved, 0K cma-reserved)
[    0.337076] devtmpfs: initialized
[    0.339198] clocksource: jiffies: mask: 0xffffffff max_cycles: 0xffffffff, max_idle_ns: 1911260446275000 ns
[    0.339592] posixtimers hash table entries: 1024 (order: 2, 16384 bytes, linear)
[    0.340018] futex hash table entries: 512 (order: 3, 32768 bytes, linear)
[    0.340530] PM: RTC time: 16:22:49, date: 2026-05-05
[    0.340944] NET: Registered PF_NETLINK/PF_ROUTE protocol family
[    0.341224] audit: initializing netlink subsys (disabled)
[    0.341551] audit: type=2000 audit(1777998169.808:1): state=initialized audit_enabled=0 res=1
[    0.341551] thermal_sys: Registered thermal governor 'step_wise'
[    0.342018] cpuidle: using governor menu
[    0.342502] PCI: Using configuration type 1 for base access
[    0.343039] kprobes: kprobe jump-optimization is enabled. All kprobes are optimized if possible.
[    0.344228] HugeTLB: allocation took 0ms with hugepage_allocation_threads=1
[    0.345483] HugeTLB: registered 2.00 MiB page size, pre-allocated 0 pages
[    0.347018] HugeTLB: 28 KiB vmemmap can be freed for a 2.00 MiB page
[    0.350035] ACPI: Added _OSI(Module Device)
[    0.350441] ACPI: Added _OSI(Processor Device)
[    0.350716] ACPI: Added _OSI(3.0 _SCP Extensions)
[    0.351008] ACPI: Added _OSI(Processor Aggregator Device)
[    0.357050] ACPI: 1 ACPI AML tables successfully acquired and loaded
[    0.363502] ACPI: Interpreter enabled
[    0.363762] ACPI: PM: (supports S0 S3 S4 S5)
[    0.364017] ACPI: Using IOAPIC for interrupt routing
[    0.364337] PCI: Using host bridge windows from ACPI; if necessary, use "pci=nocrs" and report a bug
[    0.364877] PCI: Using E820 reservations for host bridge windows
[    0.365370] ACPI: Enabled 2 GPEs in block 00 to 0F
[    0.377753] ACPI: PCI Root Bridge [PCI0] (domain 0000 [bus 00-ff])
[    0.379041] acpi PNP0A03:00: _OSC: OS supports [ASPM ClockPM Segments MSI HPX-Type3]
[    0.379976] acpi PNP0A03:00: _OSC: not requesting OS control; OS requires [ExtendedConfig ASPM ClockPM MSI]
[    0.381073] acpi PNP0A03:00: fail to add MMCONFIG information, can't access extended configuration space under this bridge
[    0.381875] PCI host bridge to bus 0000:00
[    0.382038] pci_bus 0000:00: root bus resource [io  0x0000-0x0cf7 window]
[    0.382433] pci_bus 0000:00: root bus resource [io  0x0d00-0xffff window]
[    0.383022] pci_bus 0000:00: root bus resource [mem 0x000a0000-0x000bffff window]
[    0.383463] pci_bus 0000:00: root bus resource [mem 0x80000000-0xfebfffff window]
[    0.383899] pci_bus 0000:00: root bus resource [mem 0x100000000-0x17fffffff window]
[    0.385018] pci_bus 0000:00: root bus resource [bus 00-ff]
[    0.385372] pci 0000:00:00.0: [8086:1237] type 00 class 0x060000 conventional PCI endpoint
[    0.389858] pci 0000:00:01.0: [8086:7000] type 00 class 0x060100 conventional PCI endpoint
[    0.393908] pci 0000:00:01.1: [8086:7010] type 00 class 0x010180 conventional PCI endpoint
[    0.394365] pci 0000:00:01.1: BAR 4 [io  0xc040-0xc04f]
[    0.394690] pci 0000:00:01.1: BAR 0 [io  0x01f0-0x01f7]: legacy IDE quirk
[    0.395015] pci 0000:00:01.1: BAR 1 [io  0x03f6]: legacy IDE quirk
[    0.395377] pci 0000:00:01.1: BAR 2 [io  0x0170-0x0177]: legacy IDE quirk
[    0.395771] pci 0000:00:01.1: BAR 3 [io  0x0376]: legacy IDE quirk
[    0.397153] pci 0000:00:01.3: [8086:7113] type 00 class 0x068000 conventional PCI endpoint
[    0.397818] pci 0000:00:01.3: quirk: [io  0x0600-0x063f] claimed by PIIX4 ACPI
[    0.398019] pci 0000:00:01.3: quirk: [io  0x0700-0x070f] claimed by PIIX4 SMB
[    0.398583] pci 0000:00:02.0: [1234:1111] type 00 class 0x030000 conventional PCI endpoint
[    0.399863] pci 0000:00:02.0: BAR 0 [mem 0xfd000000-0xfdffffff pref]
[    0.400024] pci 0000:00:02.0: BAR 2 [mem 0xfebf0000-0xfebf0fff]
[    0.400384] pci 0000:00:02.0: ROM [mem 0xfebe0000-0xfebeffff pref]
[    0.400793] pci 0000:00:02.0: Video device with shadowed ROM at [mem 0x000c0000-0x000dffff]
[    0.405867] pci 0000:00:03.0: [8086:100e] type 00 class 0x020000 conventional PCI endpoint
[    0.406845] pci 0000:00:03.0: BAR 0 [mem 0xfebc0000-0xfebdffff]
[    0.407020] pci 0000:00:03.0: BAR 1 [io  0xc000-0xc03f]
[    0.407343] pci 0000:00:03.0: ROM [mem 0xfeb80000-0xfebbffff pref]
[    0.412471] ACPI: PCI: Interrupt link LNKA configured for IRQ 10
[    0.413195] ACPI: PCI: Interrupt link LNKB configured for IRQ 10
[    0.413909] ACPI: PCI: Interrupt link LNKC configured for IRQ 11
[    0.414374] ACPI: PCI: Interrupt link LNKD configured for IRQ 11
[    0.414871] ACPI: PCI: Interrupt link LNKS configured for IRQ 9
[    0.415984] iommu: Default domain type: Translated
[    0.417015] iommu: DMA domain TLB invalidation policy: lazy mode
[    0.417571] SCSI subsystem initialized
[    0.418107] ACPI: bus type USB registered
[    0.418107] usbcore: registered new interface driver usbfs
[    0.418386] usbcore: registered new interface driver hub
[    0.418727] usbcore: registered new device driver usb
[    0.419057] pps_core: LinuxPPS API ver. 1 registered
[    0.419361] pps_core: Software ver. 5.3.6 - Copyright 2005-2007 Rodolfo Giometti <giometti@linux.it>
[    0.419917] PTP clock support registered
[    0.421083] Advanced Linux Sound Architecture Driver Initialized.
[    0.421379] NetLabel: Initializing
[    0.421582] NetLabel:  domain hash size = 128
[    0.421835] NetLabel:  protocols = UNLABELED CIPSOv4 CALIPSO
[    0.422050] NetLabel:  unlabeled traffic allowed by default
[    0.423070] PCI: Using ACPI for IRQ routing
[    0.423356] pci 0000:00:02.0: vgaarb: setting as boot VGA device
[    0.423382] pci 0000:00:02.0: vgaarb: bridge control possible
[    0.423717] pci 0000:00:02.0: vgaarb: VGA device added: decodes=io+mem,owns=io+mem,locks=none
[    0.424016] vgaarb: loaded
[    0.424241] hpet0: at MMIO 0xfed00000, IRQs 2, 8, 0
[    0.424543] hpet0: 3 comparators, 64-bit 100.000000 MHz counter
[    0.429056] clocksource: Switched to clocksource kvm-clock
[    0.429622] VFS: Disk quotas dquot_6.6.0
[    0.429871] VFS: Dquot-cache hash table entries: 512 (order 0, 4096 bytes)
[    0.430556] pnp: PnP ACPI init
[    0.431808] pnp: PnP ACPI: found 6 devices
[    0.440585] clocksource: acpi_pm: mask: 0xffffff max_cycles: 0xffffff, max_idle_ns: 2085701024 ns
[    0.441167] NET: Registered PF_INET protocol family
[    0.441515] IP idents hash table entries: 32768 (order: 6, 262144 bytes, linear)
[    0.442431] tcp_listen_portaddr_hash hash table entries: 1024 (order: 2, 16384 bytes, linear)
[    0.442953] Table-perturb hash table entries: 65536 (order: 6, 262144 bytes, linear)
[    0.443419] TCP established hash table entries: 16384 (order: 5, 131072 bytes, linear)
[    0.444358] TCP bind hash table entries: 16384 (order: 7, 524288 bytes, linear)
[    0.444835] TCP: Hash tables configured (established 16384 bind 16384)
[    0.445265] UDP hash table entries: 1024 (order: 4, 65536 bytes, linear)
[    0.445668] UDP-Lite hash table entries: 1024 (order: 4, 65536 bytes, linear)
[    0.446160] NET: Registered PF_UNIX/PF_LOCAL protocol family
[    0.446699] RPC: Registered named UNIX socket transport module.
[    0.447043] RPC: Registered udp transport module.
[    0.447320] RPC: Registered tcp transport module.
[    0.447598] RPC: Registered tcp-with-tls transport module.
[    0.447920] RPC: Registered tcp NFSv4.1 backchannel transport module.
[    0.448644] pci_bus 0000:00: resource 4 [io  0x0000-0x0cf7 window]
[    0.449015] pci_bus 0000:00: resource 5 [io  0x0d00-0xffff window]
[    0.449378] pci_bus 0000:00: resource 6 [mem 0x000a0000-0x000bffff window]
[    0.449785] pci_bus 0000:00: resource 7 [mem 0x80000000-0xfebfffff window]
[    0.450187] pci_bus 0000:00: resource 8 [mem 0x100000000-0x17fffffff window]
[    0.450686] pci 0000:00:01.0: PIIX3: Enabling Passive Release
[    0.451024] pci 0000:00:00.0: Limiting direct PCI/PCI transfers
[    0.451401] PCI: CLS 0 bytes, default 64
[    0.451700] RAPL PMU: API unit is 2^-32 Joules, 0 fixed counters, 10737418240 ms ovfl timer
[    0.451763] Unpacking initramfs...
[    0.452190] clocksource: tsc: mask: 0xffffffffffffffff max_cycles: 0x2df10e7656b, max_idle_ns: 440795364873 ns
[    0.454902] Initialise system trusted keyrings
[    0.455237] workingset: timestamp_bits=56 max_order=19 bucket_order=0
[    0.456014] NFS: Registering the id_resolver key type
[    0.456323] Key type id_resolver registered
[    0.456583] Key type id_legacy registered
[    0.456895] 9p: Installing v9fs 9p2000 file system support
[    0.463725] Key type asymmetric registered
[    0.464020] Asymmetric key parser 'x509' registered
[    0.464350] Block layer SCSI generic (bsg) driver version 0.4 loaded (major 251)
[    0.464822] io scheduler mq-deadline registered
[    0.465103] io scheduler kyber registered
[    0.465618] input: Power Button as /devices/LNXSYSTM:00/LNXPWRBN:00/input/input0
[    0.466194] ACPI: button: Power Button [PWRF]
[    0.467468] Freeing initrd memory: 1372K
[    0.467835] Serial: 8250/16550 driver, 4 ports, IRQ sharing enabled
[    0.468391] 00:04: ttyS0 at I/O 0x3f8 (irq = 4, base_baud = 115200) is a 16550A
[    0.470627] Non-volatile memory driver v1.3
[    0.470890] Linux agpgart interface v0.103
[    0.474895] loop: module loaded
[    0.476239] scsi host0: ata_piix
[    0.476654] scsi host1: ata_piix
[    0.476957] ata1: PATA max MWDMA2 cmd 0x1f0 ctl 0x3f6 bmdma 0xc040 irq 14 lpm-pol 0
[    0.477844] ata2: PATA max MWDMA2 cmd 0x170 ctl 0x376 bmdma 0xc048 irq 15 lpm-pol 0
[    0.478818] e100: Intel(R) PRO/100 Network Driver
[    0.479095] e100: Copyright(c) 1999-2006 Intel Corporation
[    0.479425] e1000: Intel(R) PRO/1000 Network Driver
[    0.479715] e1000: Copyright (c) 1999-2006 Intel Corporation.
[    0.637982] ata2: found unknown device (class 0)
[    0.639449] ata2.00: ATAPI: QEMU DVD-ROM, 2.5+, max UDMA/100
[    0.641787] scsi 1:0:0:0: CD-ROM            QEMU     QEMU DVD-ROM     2.5+ PQ: 0 ANSI: 5
[    0.666001] sr 1:0:0:0: [sr0] scsi3-mmc drive: 4x/4x cd/rw xa/form2 tray
[    0.666401] cdrom: Uniform CD-ROM driver Revision: 3.20
[    0.677621] sr 1:0:0:0: Attached scsi generic sg0 type 5
[    0.801785] ACPI: \_SB_.LNKC: Enabled at IRQ 11
[    1.086060] e1000 0000:00:03.0 eth0: (PCI:33MHz:32-bit) 52:54:00:12:34:56
[    1.086473] e1000 0000:00:03.0 eth0: Intel(R) PRO/1000 Network Connection
[    1.086905] e1000e: Intel(R) PRO/1000 Network Driver
[    1.087203] e1000e: Copyright(c) 1999 - 2015 Intel Corporation.
[    1.087573] sky2: driver version 1.30
[    1.088048] usbcore: registered new interface driver usblp
[    1.088382] usbcore: registered new interface driver usb-storage
[    1.088789] i8042: PNP: PS/2 Controller [PNP0303:KBD,PNP0f13:MOU] at 0x60,0x64 irq 1,12
[    1.089725] serio: i8042 KBD port at 0x60,0x64 irq 1
[    1.090022] serio: i8042 AUX port at 0x60,0x64 irq 12
[    1.090631] input: AT Translated Set 2 keyboard as /devices/platform/i8042/serio0/input/input1
[    1.091237] rtc_cmos 00:05: RTC can wake from S4
[    1.092001] rtc_cmos 00:05: registered as rtc0
[    1.092324] rtc_cmos 00:05: alarms up to one day, y3k, 242 bytes nvram, hpet irqs
[    1.093304] device-mapper: ioctl: 4.49.0-ioctl (2025-01-17) initialised: dm-devel@lists.linux.dev
[    1.093841] intel_pstate: CPU model not supported
[    1.094149] hid: raw HID events driver (C) Jiri Kosina
[    1.095725] usbcore: registered new interface driver usbhid
[    1.096062] usbhid: USB HID core driver
[    1.096879] Initializing XFRM netlink socket
[    1.097176] NET: Registered PF_INET6 protocol family
[    1.097864] Segment Routing with IPv6
[    1.098100] In-situ OAM (IOAM) with IPv6
[    1.098384] sit: IPv6, IPv4 and MPLS over IPv4 tunneling driver
[    1.100600] NET: Registered PF_PACKET protocol family
[    1.101008] 9pnet: Installing 9P2000 support
[    1.101292] Key type dns_resolver registered
[    1.101786] IPI shorthand broadcast: enabled
[    1.110222] sched_clock: Marking stable (1066000797, 43664945)->(1114686806, -5021064)
[    1.110888] registered taskstats version 1
[    1.111131] Loading compiled-in X.509 certificates
[    1.117351] Demotion targets for Node 0: null
[    1.117708] PM:   Magic number: 10:887:387
[    1.117979] printk: legacy console [netcon0] enabled
[    1.118273] netconsole: network logging started
[    1.118620] cfg80211: Loading compiled-in X.509 certificates for regulatory database
[    1.119252] kworker/u8:1 (59) used greatest stack depth: 29648 bytes left
[    1.119740] kworker/u8:1 (60) used greatest stack depth: 29472 bytes left
[    1.120314] Loaded X.509 cert 'sforshee: 00b28ddf47aef9cea7'
[    1.120773] Loaded X.509 cert 'wens: 61c038651aabdcf94bd0ac7ff06c7248db18c600'
[    1.121201] ALSA device list:
[    1.121378]   No soundcards found.
[    1.121784] platform regulatory.0: Direct firmware load for regulatory.db failed with error -2
[    1.122124] cfg80211: failed to load regulatory.db
[    1.122926] Freeing unused kernel image (initmem) memory: 5424K
[    1.123178] Write protecting the kernel read-only data: 55296k
[    1.123671] Freeing unused kernel image (text/rodata gap) memory: 1120K
[    1.124037] Freeing unused kernel image (rodata/data gap) memory: 656K
[    1.132146] x86/mm: Checked W+X mappings: passed, no W+X pages found.
[    1.132476] Run /init as init process
[    1.134792] mkdir (62) used greatest stack depth: 28896 bytes left
[    1.135264] mount (63) used greatest stack depth: 28232 bytes left
[    1.135862] mount (64) used greatest stack depth: 28144 bytes left

secb: rootfs ready
---- poc begin ----
poc: userns+netns ready
[    1.145789] modprobe (70) used greatest stack depth: 27648 bytes left
poc: [it=0] disconnect rc=0 (ok)
poc: [it=0] reconnect rc=0 (ok)
[    1.199779] ------------[ cut here ]------------
[    1.200841] WARNING: CPU: 1 PID: 76 at net/tls/tls_strp.c:486 tls_strp_msg_load+0x452/0x4e0
[    1.202566] Modules linked in:
[    1.203242] CPU: 1 UID: 0 PID: 76 Comm: poc Not tainted 6.14.0-13324-gf1a69a940de5-dirty #1 PREEMPT(voluntary) 
[    1.205292] Hardware name: QEMU Standard PC (i440FX + PIIX, 1996), BIOS 1.16.2-debian-1.16.2-1 04/01/2014
[    1.207222] RIP: 0010:tls_strp_msg_load+0x452/0x4e0
[    1.208254] Code: 5e fe 8b 74 24 04 e9 0d fc ff ff e8 88 1d 5e fe e9 4c fd ff ff e8 be 1c 5e fe e9 13 fd ff ff e8 d4 1d 5e fe e9 dc fc ff ff 90 <0f> 0b 90 e9 32 fd ff ff e8 01 1d 5e fe e9 0e fc ff ff 48 89 df e8
[    1.211987] RSP: 0018:ffffc90000437950 EFLAGS: 00010206
[    1.213078] RAX: 0000000000000007 RBX: ffff88800622ae58 RCX: ffffffff8337d491
[    1.214495] RDX: 0000000000000000 RSI: 0000000000000105 RDI: ffff8880098b0ff0
[    1.215575] RBP: ffff8880098b0980 R08: 0000000000000000 R09: ffffed100131613c
[    1.216657] R10: ffff8880098b09e7 R11: 0000000000000080 R12: ffff88800622ae64
[    1.217736] R13: 0000000000000000 R14: 0000000041433e79 R15: 0000000000000000
[    1.218809] FS:  00007f068e5856c0(0000) GS:ffff8880e790d000(0000) knlGS:0000000000000000
[    1.220030] CS:  0010 DS: 0000 ES: 0000 CR0: 0000000080050033
[    1.220578] CR2: 00007f068e584248 CR3: 0000000009018003 CR4: 0000000000770ef0
[    1.221250] PKRU: 55555554
[    1.221516] Call Trace:
[    1.221764]  <TASK>
[    1.221978]  tls_rx_rec_wait+0x70d/0x8e0
[    1.222361]  ? __pfx_tls_rx_rec_wait+0x10/0x10
[    1.222791]  ? __pfx_woken_wake_function+0x10/0x10
[    1.223249]  ? __alloc_frozen_pages_noprof+0x2d2/0x2080
[    1.223748]  tls_sw_recvmsg+0x589/0x1960
[    1.224127]  ? __pfx_tls_sw_recvmsg+0x10/0x10
[    1.224543]  ? __pfx_inet_recvmsg+0x10/0x10
[    1.224946]  inet_recvmsg+0x308/0x410
[    1.225303]  ? __pfx_inet_recvmsg+0x10/0x10
[    1.225706]  ? __pte_offset_map_lock+0xd1/0x1e0
[    1.226049]  ? __pfx_inet_recvmsg+0x10/0x10
[    1.226278]  sock_recvmsg+0x178/0x220
[    1.226479]  __sys_recvfrom+0x19b/0x2a0
[    1.226692]  ? __pfx___sys_recvfrom+0x10/0x10
[    1.226929]  ? __pfx___handle_mm_fault+0x10/0x10
[    1.227181]  ? handle_mm_fault+0x174/0x410
[    1.227402]  __x64_sys_recvfrom+0xdb/0x1b0
[    1.227624]  ? clear_bhb_loop+0x25/0x80
[    1.227836]  ? clear_bhb_loop+0x25/0x80
[    1.228045]  ? clear_bhb_loop+0x25/0x80
[    1.228255]  do_syscall_64+0xa6/0x1b0
[    1.228457]  entry_SYSCALL_64_after_hwframe+0x77/0x7f
[    1.228730] RIP: 0033:0x43ed24
[    1.228900] Code: 89 4c 24 1c e8 6d 2b 02 00 44 8b 54 24 1c 8b 3c 24 45 31 c9 89 c5 48 8b 54 24 10 48 8b 74 24 08 45 31 c0 b8 2d 00 00 00 0f 05 <48> 3d 00 f0 ff ff 77 34 89 ef 48 89 04 24 e8 b9 2b 02 00 48 8b 04
[    1.229866] RSP: 002b:00007f068e584220 EFLAGS: 00000246 ORIG_RAX: 000000000000002d
[    1.230266] RAX: ffffffffffffffda RBX: 00007f068e5856c0 RCX: 000000000043ed24
[    1.230641] RDX: 0000000000001000 RSI: 00007f068e584250 RDI: 0000000000000004
[    1.231020] RBP: 0000000000000000 R08: 0000000000000000 R09: 0000000000000000
[    1.231359] R10: 0000000000000000 R11: 0000000000000246 R12: ffffffffffffffb0
[    1.231637] R13: 0000000000000000 R14: 00007ffd6cea9730 R15: 00007ffd6cea9818
[    1.231918]  </TASK>
[    1.232011] ---[ end trace 0000000000000000 ]---
[    1.232198] ==================================================================
[    1.232479] BUG: KASAN: slab-use-after-free in __skb_nsg+0x306/0x380
[    1.232729] Read of size 4 at addr ffff88800622c3d0 by task poc/76
[    1.232971] 
[    1.233039] CPU: 1 UID: 0 PID: 76 Comm: poc Tainted: G        W           6.14.0-13324-gf1a69a940de5-dirty #1 PREEMPT(voluntary) 
[    1.233041] Tainted: [W]=WARN
[    1.233042] Hardware name: QEMU Standard PC (i440FX + PIIX, 1996), BIOS 1.16.2-debian-1.16.2-1 04/01/2014
[    1.233043] Call Trace:
[    1.233044]  <TASK>
[    1.233044]  dump_stack_lvl+0x53/0x70
[    1.233047]  print_report+0xce/0x670
[    1.233049]  ? __skb_nsg+0x306/0x380
[    1.233051]  kasan_report+0xce/0x100
[    1.233053]  ? __skb_nsg+0x306/0x380
[    1.233055]  __skb_nsg+0x306/0x380
[    1.233056]  ? add_taint+0x25/0x90
[    1.233059]  tls_decrypt_sg+0x240/0x2c60
[    1.233061]  ? tls_strp_msg_load+0x452/0x4e0
[    1.233062]  ? handle_bug+0x17b/0x210
[    1.233065]  ? __pfx_tls_decrypt_sg+0x10/0x10
[    1.233066]  ? tls_strp_msg_load+0x251/0x4e0
[    1.233067]  ? tls_strp_msg_load+0x454/0x4e0
[    1.233069]  ? tls_rx_rec_wait+0x70d/0x8e0
[    1.233071]  tls_rx_one_record+0xd1/0x1000
[    1.233072]  ? __pfx_tls_rx_one_record+0x10/0x10
[    1.233073]  ? __alloc_frozen_pages_noprof+0x2d2/0x2080
[    1.233075]  tls_sw_recvmsg+0x8f0/0x1960
[    1.233077]  ? __pfx_tls_sw_recvmsg+0x10/0x10
[    1.233079]  ? __pfx_inet_recvmsg+0x10/0x10
[    1.233080]  inet_recvmsg+0x308/0x410
[    1.233081]  ? __pfx_inet_recvmsg+0x10/0x10
[    1.233082]  ? __pte_offset_map_lock+0xd1/0x1e0
[    1.233084]  ? __pfx_inet_recvmsg+0x10/0x10
[    1.233085]  sock_recvmsg+0x178/0x220
[    1.233086]  __sys_recvfrom+0x19b/0x2a0
[    1.233088]  ? __pfx___sys_recvfrom+0x10/0x10
[    1.233089]  ? __pfx___handle_mm_fault+0x10/0x10
[    1.233091]  ? handle_mm_fault+0x174/0x410
[    1.233092]  __x64_sys_recvfrom+0xdb/0x1b0
[    1.233094]  ? clear_bhb_loop+0x25/0x80
[    1.233095]  ? clear_bhb_loop+0x25/0x80
[    1.233096]  ? clear_bhb_loop+0x25/0x80
[    1.233097]  do_syscall_64+0xa6/0x1b0
[    1.233099]  entry_SYSCALL_64_after_hwframe+0x77/0x7f
[    1.233100] RIP: 0033:0x43ed24
[    1.233101] Code: 89 4c 24 1c e8 6d 2b 02 00 44 8b 54 24 1c 8b 3c 24 45 31 c9 89 c5 48 8b 54 24 10 48 8b 74 24 08 45 31 c0 b8 2d 00 00 00 0f 05 <48> 3d 00 f0 ff ff 77 34 89 ef 48 89 04 24 e8 b9 2b 02 00 48 8b 04
[    1.233102] RSP: 002b:00007f068e584220 EFLAGS: 00000246 ORIG_RAX: 000000000000002d
[    1.233103] RAX: ffffffffffffffda RBX: 00007f068e5856c0 RCX: 000000000043ed24
[    1.233104] RDX: 0000000000001000 RSI: 00007f068e584250 RDI: 0000000000000004
[    1.233105] RBP: 0000000000000000 R08: 0000000000000000 R09: 0000000000000000
[    1.233105] R10: 0000000000000000 R11: 0000000000000246 R12: ffffffffffffffb0
[    1.233106] R13: 0000000000000000 R14: 00007ffd6cea9730 R15: 00007ffd6cea9818
[    1.233107]  </TASK>
[    1.233108] 
[    1.242519] Allocated by task 69:
[    1.242655]  kasan_save_stack+0x33/0x60
[    1.242809]  kasan_save_track+0x14/0x30
[    1.242963]  __kasan_slab_alloc+0x6e/0x70
[    1.243124]  kmem_cache_alloc_node_noprof+0xf2/0x330
[    1.243321]  __alloc_skb+0x207/0x2d0
[    1.243466]  tcp_stream_alloc_skb+0x2c/0x510
[    1.243639]  tcp_sendmsg_locked+0xd55/0x3650
[    1.243810]  tcp_sendmsg+0x26/0x40
[    1.243949]  __sys_sendto+0x35d/0x420
[    1.244097]  __x64_sys_sendto+0xdb/0x1b0
[    1.244255]  do_syscall_64+0xa6/0x1b0
[    1.244403]  entry_SYSCALL_64_after_hwframe+0x77/0x7f
[    1.244602] 
[    1.244670] Freed by task 69:
[    1.244792]  kasan_save_stack+0x33/0x60
[    1.244945]  kasan_save_track+0x14/0x30
[    1.245099]  kasan_save_free_info+0x3b/0x60
[    1.245268]  __kasan_slab_free+0x37/0x50
[    1.245425]  kmem_cache_free+0xce/0x370
[    1.245578]  tcp_disconnect+0x226/0x1ad0
[    1.245736]  __inet_stream_connect+0x1ed/0xe80
[    1.245914]  inet_stream_connect+0x52/0xa0
[    1.246077]  __sys_connect+0x10b/0x120
[    1.246231]  __x64_sys_connect+0x6d/0xb0
[    1.246388]  do_syscall_64+0xa6/0x1b0
[    1.246536]  entry_SYSCALL_64_after_hwframe+0x77/0x7f
[    1.246735] 
[    1.246803] The buggy address belongs to the object at ffff88800622c280
[    1.246803]  which belongs to the cache skbuff_fclone_cache of size 456
[    1.247307] The buggy address is located 336 bytes inside of
[    1.247307]  freed 456-byte region [ffff88800622c280, ffff88800622c448)
[    1.247774] 
[    1.247842] The buggy address belongs to the physical page:
[    1.248059] page: refcount:0 mapcount:0 mapping:0000000000000000 index:0x0 pfn:0x622c
[    1.248364] head: order:1 mapcount:0 entire_mapcount:0 nr_pages_mapped:0 pincount:0
[    1.248660] flags: 0x100000000000040(head|node=0|zone=1)
[    1.248870] page_type: f5(slab)
[    1.249000] raw: 0100000000000040 ffff888006197dc0 dead000000000122 0000000000000000
[    1.249294] raw: 0000000000000000 00000000800c000c 00000000f5000000 0000000000000000
[    1.249593] head: 0100000000000040 ffff888006197dc0 dead000000000122 0000000000000000
[    1.249895] head: 0000000000000000 00000000800c000c 00000000f5000000 0000000000000000
[    1.250193] head: 0100000000000001 ffffea0000188b01 00000000ffffffff 00000000ffffffff
[    1.250495] head: 0000000000000000 0000000000000000 00000000ffffffff 0000000000000000
[    1.250797] page dumped because: kasan: bad access detected
[    1.251015] 
[    1.251081] Memory state around the buggy address:
[    1.251268]  ffff88800622c280: fa fb fb fb fb fb fb fb fb fb fb fb fb fb fb fb
[    1.251548]  ffff88800622c300: fb fb fb fb fb fb fb fb fb fb fb fb fb fb fb fb
[    1.251828] >ffff88800622c380: fb fb fb fb fb fb fb fb fb fb fb fb fb fb fb fb
[    1.252106]                                                  ^
[    1.252325]  ffff88800622c400: fb fb fb fb fb fb fb fb fb fc fc fc fc fc fc fc
[    1.252592]  ffff88800622c480: fc fc fc fc fc fc fc fc fc fc fc fc fc fc fc fc
[    1.252859] ==================================================================
[    1.253132] Disabling lock debugging due to kernel taint
[    1.253347] ------------[ cut here ]------------
[    1.253531] WARNING: CPU: 1 PID: 76 at net/tls/tls_sw.c:105 __skb_nsg+0x19c/0x380
[    1.253825] Modules linked in:
[    1.253951] CPU: 1 UID: 0 PID: 76 Comm: poc Tainted: G    B   W           6.14.0-13324-gf1a69a940de5-dirty #1 PREEMPT(voluntary) 
[    1.254393] Tainted: [B]=BAD_PAGE, [W]=WARN
[    1.254559] Hardware name: QEMU Standard PC (i440FX + PIIX, 1996), BIOS 1.16.2-debian-1.16.2-1 04/01/2014
[    1.254928] RIP: 0010:__skb_nsg+0x19c/0x380
[    1.255094] Code: 29 e8 85 c0 7e 10 39 c5 0f 4e c5 41 83 c6 01 29 c5 74 56 41 01 c5 48 83 c3 10 48 39 cb 74 10 42 8d 44 2d 00 44 39 e0 7d b9 90 <0f> 0b 90 eb b3 48 b8 00 00 00 00 00 fc ff df 48 8d 7e 08 48 89 fa
[    1.255804] RSP: 0018:ffffc90000437788 EFLAGS: 00010297
[    1.256009] RAX: 0000000000000001 RBX: ffff888009839888 RCX: ffff888009839898
[    1.256284] RDX: dffffc0000000000 RSI: ffff888009839840 RDI: ffffc90000437750
[    1.256561] RBP: 00000000fffffff4 R08: 0000000000000105 R09: dffffc0000000000
[    1.256841] R10: ffffffff85a550a7 R11: 6e696c6261736944 R12: 0000000000000005
[    1.257120] R13: 000000000000000d R14: 0000000000000000 R15: 0000000000000001
[    1.257398] FS:  00007f068e5856c0(0000) GS:ffff8880e790d000(0000) knlGS:0000000000000000
[    1.257714] CS:  0010 DS: 0000 ES: 0000 CR0: 0000000080050033
[    1.257941] CR2: 00007f068e584248 CR3: 0000000009018003 CR4: 0000000000770ef0
[    1.258221] PKRU: 55555554
[    1.258333] Call Trace:
[    1.258435]  <TASK>
[    1.258524]  __skb_nsg+0x27c/0x380
[    1.258667]  tls_decrypt_sg+0x240/0x2c60
[    1.258824]  ? tls_strp_msg_load+0x452/0x4e0
[    1.258996]  ? handle_bug+0x17b/0x210
[    1.259146]  ? __pfx_tls_decrypt_sg+0x10/0x10
[    1.259321]  ? tls_strp_msg_load+0x251/0x4e0
[    1.259492]  ? tls_strp_msg_load+0x454/0x4e0
[    1.259667]  ? tls_rx_rec_wait+0x70d/0x8e0
[    1.259831]  tls_rx_one_record+0xd1/0x1000
[    1.259995]  ? __pfx_tls_rx_one_record+0x10/0x10
[    1.260180]  ? __alloc_frozen_pages_noprof+0x2d2/0x2080
[    1.260387]  tls_sw_recvmsg+0x8f0/0x1960
[    1.260545]  ? __pfx_tls_sw_recvmsg+0x10/0x10
[    1.260722]  ? __pfx_inet_recvmsg+0x10/0x10
[    1.260888]  inet_recvmsg+0x308/0x410
[    1.261036]  ? __pfx_inet_recvmsg+0x10/0x10
[    1.261204]  ? __pte_offset_map_lock+0xd1/0x1e0
[    1.261386]  ? __pfx_inet_recvmsg+0x10/0x10
[    1.261553]  sock_recvmsg+0x178/0x220
[    1.261704]  __sys_recvfrom+0x19b/0x2a0
[    1.261858]  ? __pfx___sys_recvfrom+0x10/0x10
[    1.262033]  ? __pfx___handle_mm_fault+0x10/0x10
[    1.262219]  ? handle_mm_fault+0x174/0x410
[    1.262383]  __x64_sys_recvfrom+0xdb/0x1b0
[    1.262546]  ? clear_bhb_loop+0x25/0x80
[    1.262704]  ? clear_bhb_loop+0x25/0x80
[    1.262858]  ? clear_bhb_loop+0x25/0x80
[    1.263012]  do_syscall_64+0xa6/0x1b0
[    1.263162]  entry_SYSCALL_64_after_hwframe+0x77/0x7f
[    1.263361] RIP: 0033:0x43ed24
[    1.263487] Code: 89 4c 24 1c e8 6d 2b 02 00 44 8b 54 24 1c 8b 3c 24 45 31 c9 89 c5 48 8b 54 24 10 48 8b 74 24 08 45 31 c0 b8 2d 00 00 00 0f 05 <48> 3d 00 f0 ff ff 77 34 89 ef 48 89 04 24 e8 b9 2b 02 00 48 8b 04
[    1.264208] RSP: 002b:00007f068e584220 EFLAGS: 00000246 ORIG_RAX: 000000000000002d
[    1.264503] RAX: ffffffffffffffda RBX: 00007f068e5856c0 RCX: 000000000043ed24
[    1.264784] RDX: 0000000000001000 RSI: 00007f068e584250 RDI: 0000000000000004
[    1.265063] RBP: 0000000000000000 R08: 0000000000000000 R09: 0000000000000000
[    1.265344] R10: 0000000000000000 R11: 0000000000000246 R12: ffffffffffffffb0
[    1.265623] R13: 0000000000000000 R14: 00007ffd6cea9730 R15: 00007ffd6cea9818
[    1.265904]  </TASK>
[    1.265997] ---[ end trace 0000000000000000 ]---
[    1.266196] ------------[ cut here ]------------
[    1.266380] WARNING: CPU: 1 PID: 76 at net/core/skbuff.c:5128 __skb_to_sgvec+0x34c/0xb50
[    1.266698] Modules linked in:
[    1.266824] CPU: 1 UID: 0 PID: 76 Comm: poc Tainted: G    B   W           6.14.0-13324-gf1a69a940de5-dirty #1 PREEMPT(voluntary) 
[    1.267274] Tainted: [B]=BAD_PAGE, [W]=WARN
[    1.267441] Hardware name: QEMU Standard PC (i440FX + PIIX, 1996), BIOS 1.16.2-debian-1.16.2-1 04/01/2014
[    1.267811] RIP: 0010:__skb_to_sgvec+0x34c/0xb50
[    1.267996] Code: 0f b6 04 28 38 c8 7f 08 84 c0 0f 85 0f 04 00 00 0f b6 43 02 39 d0 0f 8e d7 01 00 00 43 8d 04 39 44 39 e0 0f 8d 21 fe ff ff 90 <0f> 0b 90 e9 18 fe ff ff 41 8d 4b ff 48 8b 3c 24 48 63 c9 48 c1 e1
[    1.268712] RSP: 0018:ffffc900004376d0 EFLAGS: 00010297
[    1.268919] RAX: 0000000000000001 RBX: ffff888009839840 RCX: 0000000000000000
[    1.269199] RDX: 0000000000000001 RSI: 0000000000000001 RDI: ffffc90000437698
[    1.269478] RBP: 0000000000000000 R08: 0000000000000001 R09: 000000000000000d
[    1.269758] R10: ffff88800622c360 R11: 0000000000000000 R12: 0000000000000005
[    1.270037] R13: dffffc0000000000 R14: 00000000fffffff8 R15: 00000000fffffff4
[    1.270317] FS:  00007f068e5856c0(0000) GS:ffff8880e790d000(0000) knlGS:0000000000000000
[    1.270631] CS:  0010 DS: 0000 ES: 0000 CR0: 0000000080050033
[    1.270862] CR2: 00007f068e584248 CR3: 0000000009018003 CR4: 0000000000770ef0
[    1.271143] PKRU: 55555554
[    1.271255] Call Trace:
[    1.271358]  <TASK>
[    1.271448]  __skb_to_sgvec+0x5cb/0xb50
[    1.271603]  ? __kmalloc_noprof+0x192/0x410
[    1.271773]  ? __copy_skb_header+0xaa/0x480
[    1.271940]  skb_to_sgvec+0x14/0x70
[    1.272083]  tls_decrypt_sg+0xee2/0x2c60
[    1.272243]  ? __pfx_tls_decrypt_sg+0x10/0x10
[    1.272418]  ? tls_strp_msg_load+0x251/0x4e0
[    1.272591]  ? tls_strp_msg_load+0x454/0x4e0
[    1.272765]  ? tls_rx_rec_wait+0x70d/0x8e0
[    1.272930]  tls_rx_one_record+0xd1/0x1000
[    1.273094]  ? __pfx_tls_rx_one_record+0x10/0x10
[    1.273281]  ? __alloc_frozen_pages_noprof+0x2d2/0x2080
[    1.273489]  tls_sw_recvmsg+0x8f0/0x1960
[    1.273647]  ? __pfx_tls_sw_recvmsg+0x10/0x10
[    1.273825]  ? __pfx_inet_recvmsg+0x10/0x10
[    1.273992]  inet_recvmsg+0x308/0x410
[    1.274144]  ? __pfx_inet_recvmsg+0x10/0x10
[    1.274311]  ? __pte_offset_map_lock+0xd1/0x1e0
[    1.274494]  ? __pfx_inet_recvmsg+0x10/0x10
[    1.274661]  sock_recvmsg+0x178/0x220
[    1.274812]  __sys_recvfrom+0x19b/0x2a0
[    1.274967]  ? __pfx___sys_recvfrom+0x10/0x10
[    1.275145]  ? __pfx___handle_mm_fault+0x10/0x10
[    1.275330]  ? handle_mm_fault+0x174/0x410
[    1.275494]  __x64_sys_recvfrom+0xdb/0x1b0
[    1.275658]  ? clear_bhb_loop+0x25/0x80
[    1.275815]  ? clear_bhb_loop+0x25/0x80
[    1.275970]  ? clear_bhb_loop+0x25/0x80
[    1.276127]  do_syscall_64+0xa6/0x1b0
[    1.276276]  entry_SYSCALL_64_after_hwframe+0x77/0x7f
[    1.276476] RIP: 0033:0x43ed24
[    1.276602] Code: 89 4c 24 1c e8 6d 2b 02 00 44 8b 54 24 1c 8b 3c 24 45 31 c9 89 c5 48 8b 54 24 10 48 8b 74 24 08 45 31 c0 b8 2d 00 00 00 0f 05 <48> 3d 00 f0 ff ff 77 34 89 ef 48 89 04 24 e8 b9 2b 02 00 48 8b 04
[    1.277318] RSP: 002b:00007f068e584220 EFLAGS: 00000246 ORIG_RAX: 000000000000002d
[    1.277612] RAX: ffffffffffffffda RBX: 00007f068e5856c0 RCX: 000000000043ed24
[    1.277894] RDX: 0000000000001000 RSI: 00007f068e584250 RDI: 0000000000000004
[    1.278177] RBP: 0000000000000000 R08: 0000000000000000 R09: 0000000000000000
[    1.278455] R10: 0000000000000000 R11: 0000000000000246 R12: ffffffffffffffb0
[    1.278734] R13: 0000000000000000 R14: 00007ffd6cea9730 R15: 00007ffd6cea9818
[    1.279013]  </TASK>
[    1.279106] ---[ end trace 0000000000000000 ]---
[    1.279298] ------------[ cut here ]------------
[    1.279482] WARNING: CPU: 1 PID: 76 at net/core/skbuff.c:5128 __skb_to_sgvec+0x34c/0xb50
[    1.279798] Modules linked in:
[    1.279925] CPU: 1 UID: 0 PID: 76 Comm: poc Tainted: G    B   W           6.14.0-13324-gf1a69a940de5-dirty #1 PREEMPT(voluntary) 
[    1.280374] Tainted: [B]=BAD_PAGE, [W]=WARN
[    1.280541] Hardware name: QEMU Standard PC (i440FX + PIIX, 1996), BIOS 1.16.2-debian-1.16.2-1 04/01/2014
[    1.280911] RIP: 0010:__skb_to_sgvec+0x34c/0xb50
[    1.281096] Code: 0f b6 04 28 38 c8 7f 08 84 c0 0f 85 0f 04 00 00 0f b6 43 02 39 d0 0f 8e d7 01 00 00 43 8d 04 39 44 39 e0 0f 8d 21 fe ff ff 90 <0f> 0b 90 e9 18 fe ff ff 41 8d 4b ff 48 8b 3c 24 48 63 c9 48 c1 e1
[    1.281812] RSP: 0018:ffffc90000437768 EFLAGS: 00010282
[    1.282019] RAX: 00000000fffffff1 RBX: ffff8880087d8e80 RCX: 00000000ffffffe4
[    1.282299] RDX: 0000000000000000 RSI: ffff8880098fd0bc RDI: ffff8880087d8e82
[    1.282578] RBP: ffffea000024f800 R08: 0000000000000000 R09: 000000000000000d
[    1.282859] R10: ffff8880098fd000 R11: 0000000000000000 R12: 0000000000000000
[    1.283139] R13: dffffc0000000000 R14: 0000000000000000 R15: 00000000ffffffe4
[    1.283418] FS:  00007f068e5856c0(0000) GS:ffff8880e790d000(0000) knlGS:0000000000000000
[    1.283735] CS:  0010 DS: 0000 ES: 0000 CR0: 0000000080050033
[    1.283962] CR2: 00007f068e584248 CR3: 0000000009018003 CR4: 0000000000770ef0
[    1.284244] PKRU: 55555554
[    1.284356] Call Trace:
[    1.284458]  <TASK>
[    1.284548]  ? __kmalloc_noprof+0x192/0x410
[    1.284719]  skb_to_sgvec+0x14/0x70
[    1.284862]  tls_decrypt_sg+0x1107/0x2c60
[    1.285024]  ? __pfx_tls_decrypt_sg+0x10/0x10
[    1.285201]  ? tls_strp_msg_load+0x251/0x4e0
[    1.285373]  ? tls_strp_msg_load+0x454/0x4e0
[    1.285546]  ? tls_rx_rec_wait+0x70d/0x8e0
[    1.285713]  tls_rx_one_record+0xd1/0x1000
[    1.285878]  ? __pfx_tls_rx_one_record+0x10/0x10
[    1.286062]  ? __alloc_frozen_pages_noprof+0x2d2/0x2080
[    1.286272]  tls_sw_recvmsg+0x8f0/0x1960
[    1.286430]  ? __pfx_tls_sw_recvmsg+0x10/0x10
[    1.286606]  ? __pfx_inet_recvmsg+0x10/0x10
[    1.286776]  inet_recvmsg+0x308/0x410
[    1.286925]  ? __pfx_inet_recvmsg+0x10/0x10
[    1.287093]  ? __pte_offset_map_lock+0xd1/0x1e0
[    1.287277]  ? __pfx_inet_recvmsg+0x10/0x10
[    1.287444]  sock_recvmsg+0x178/0x220
[    1.287593]  __sys_recvfrom+0x19b/0x2a0
[    1.287750]  ? __pfx___sys_recvfrom+0x10/0x10
[    1.287926]  ? __pfx___handle_mm_fault+0x10/0x10
[    1.288111]  ? handle_mm_fault+0x174/0x410
[    1.288277]  __x64_sys_recvfrom+0xdb/0x1b0
[    1.288441]  ? clear_bhb_loop+0x25/0x80
[    1.288596]  ? clear_bhb_loop+0x25/0x80
[    1.288752]  ? clear_bhb_loop+0x25/0x80
[    1.288908]  do_syscall_64+0xa6/0x1b0
[    1.289056]  entry_SYSCALL_64_after_hwframe+0x77/0x7f
[    1.289259] RIP: 0033:0x43ed24
[    1.289385] Code: 89 4c 24 1c e8 6d 2b 02 00 44 8b 54 24 1c 8b 3c 24 45 31 c9 89 c5 48 8b 54 24 10 48 8b 74 24 08 45 31 c0 b8 2d 00 00 00 0f 05 <48> 3d 00 f0 ff ff 77 34 89 ef 48 89 04 24 e8 b9 2b 02 00 48 8b 04
[    1.290100] RSP: 002b:00007f068e584220 EFLAGS: 00000246 ORIG_RAX: 000000000000002d
[    1.290397] RAX: ffffffffffffffda RBX: 00007f068e5856c0 RCX: 000000000043ed24
[    1.290679] RDX: 0000000000001000 RSI: 00007f068e584250 RDI: 0000000000000004
[    1.290958] RBP: 0000000000000000 R08: 0000000000000000 R09: 0000000000000000
[    1.291238] R10: 0000000000000000 R11: 0000000000000246 R12: ffffffffffffffb0
[    1.291517] R13: 0000000000000000 R14: 00007ffd6cea9730 R15: 00007ffd6cea9818
[    1.291798]  </TASK>
[    1.291891] ---[ end trace 0000000000000000 ]---
[    1.292080] ------------[ cut here ]------------
[    1.292265] kernel BUG at net/core/skbuff.c:5171!
[    1.292456] Oops: invalid opcode: 0000 [#1] SMP KASAN NOPTI
[    1.292678] CPU: 1 UID: 0 PID: 76 Comm: poc Tainted: G    B   W           6.14.0-13324-gf1a69a940de5-dirty #1 PREEMPT(voluntary) 
[    1.293127] Tainted: [B]=BAD_PAGE, [W]=WARN
[    1.293293] Hardware name: QEMU Standard PC (i440FX + PIIX, 1996), BIOS 1.16.2-debian-1.16.2-1 04/01/2014
[    1.293660] RIP: 0010:__skb_to_sgvec+0x675/0xb50
[    1.293845] Code: 00 0f 85 58 03 00 00 f6 02 02 0f 84 3f ff ff ff e9 2b fd ff ff 41 89 c3 e9 29 fd ff ff 45 89 e3 45 85 ff 0f 84 1d fd ff ff 90 <0f> 0b 44 89 4c 24 58 4c 89 54 24 18 44 89 5c 24 10 e8 f5 92 b0 fe
[    1.294570] RSP: 0018:ffffc90000437768 EFLAGS: 00010286
[    1.294780] RAX: dffffc0000000000 RBX: 0000000000000000 RCX: 0000000000000002
[    1.295063] RDX: 1ffff110010fb1d1 RSI: 0000000000000000 RDI: ffff8880087d8e88
[    1.295348] RBP: 0000000000000000 R08: 0000000000000000 R09: 000000000000000d
[    1.295632] R10: ffff8880098fd000 R11: 0000000000000000 R12: 0000000000000001
[    1.295915] R13: dffffc0000000000 R14: 0000000000000000 R15: 00000000ffffffe4
[    1.296196] FS:  00007f068e5856c0(0000) GS:ffff8880e790d000(0000) knlGS:0000000000000000
[    1.296515] CS:  0010 DS: 0000 ES: 0000 CR0: 0000000080050033
[    1.296746] CR2: 00007f068e584248 CR3: 0000000009018003 CR4: 0000000000770ef0
[    1.297031] PKRU: 55555554
[    1.297144] Call Trace:
[    1.297246]  <TASK>
[    1.297336]  ? __kmalloc_noprof+0x192/0x410
[    1.297504]  skb_to_sgvec+0x14/0x70
[    1.297647]  tls_decrypt_sg+0x1107/0x2c60
[    1.297809]  ? __pfx_tls_decrypt_sg+0x10/0x10
[    1.297984]  ? tls_strp_msg_load+0x251/0x4e0
[    1.298159]  ? tls_strp_msg_load+0x454/0x4e0
[    1.298334]  ? tls_rx_rec_wait+0x70d/0x8e0
[    1.298501]  tls_rx_one_record+0xd1/0x1000
[    1.298668]  ? __pfx_tls_rx_one_record+0x10/0x10
[    1.298856]  ? __alloc_frozen_pages_noprof+0x2d2/0x2080
[    1.299067]  tls_sw_recvmsg+0x8f0/0x1960
[    1.299227]  ? __pfx_tls_sw_recvmsg+0x10/0x10
[    1.299403]  ? __pfx_inet_recvmsg+0x10/0x10
[    1.299570]  inet_recvmsg+0x308/0x410
[    1.299719]  ? __pfx_inet_recvmsg+0x10/0x10
[    1.299886]  ? __pte_offset_map_lock+0xd1/0x1e0
[    1.300069]  ? __pfx_inet_recvmsg+0x10/0x10
[    1.300238]  sock_recvmsg+0x178/0x220
[    1.300386]  __sys_recvfrom+0x19b/0x2a0
[    1.300542]  ? __pfx___sys_recvfrom+0x10/0x10
[    1.300717]  ? __pfx___handle_mm_fault+0x10/0x10
[    1.300902]  ? handle_mm_fault+0x174/0x410
[    1.301072]  __x64_sys_recvfrom+0xdb/0x1b0
[    1.301244]  ? clear_bhb_loop+0x25/0x80
[    1.301404]  ? clear_bhb_loop+0x25/0x80
[    1.301563]  ? clear_bhb_loop+0x25/0x80
[    1.301723]  do_syscall_64+0xa6/0x1b0
[    1.301876]  entry_SYSCALL_64_after_hwframe+0x77/0x7f
[    1.302083] RIP: 0033:0x43ed24
[    1.302214] Code: 89 4c 24 1c e8 6d 2b 02 00 44 8b 54 24 1c 8b 3c 24 45 31 c9 89 c5 48 8b 54 24 10 48 8b 74 24 08 45 31 c0 b8 2d 00 00 00 0f 05 <48> 3d 00 f0 ff ff 77 34 89 ef 48 89 04 24 e8 b9 2b 02 00 48 8b 04
[    1.302951] RSP: 002b:00007f068e584220 EFLAGS: 00000246 ORIG_RAX: 000000000000002d
[    1.303255] RAX: ffffffffffffffda RBX: 00007f068e5856c0 RCX: 000000000043ed24
[    1.303541] RDX: 0000000000001000 RSI: 00007f068e584250 RDI: 0000000000000004
[    1.303827] RBP: 0000000000000000 R08: 0000000000000000 R09: 0000000000000000
[    1.304115] R10: 0000000000000000 R11: 0000000000000246 R12: ffffffffffffffb0
[    1.304398] R13: 0000000000000000 R14: 00007ffd6cea9730 R15: 00007ffd6cea9818
[    1.304676]  </TASK>
[    1.304768] Modules linked in:
[    1.304903] ---[ end trace 0000000000000000 ]---
[    1.305081] RIP: 0010:__skb_to_sgvec+0x675/0xb50
[    1.305274] Code: 00 0f 85 58 03 00 00 f6 02 02 0f 84 3f ff ff ff e9 2b fd ff ff 41 89 c3 e9 29 fd ff ff 45 89 e3 45 85 ff 0f 84 1d fd ff ff 90 <0f> 0b 44 89 4c 24 58 4c 89 54 24 18 44 89 5c 24 10 e8 f5 92 b0 fe
[    1.306011] RSP: 0018:ffffc90000437768 EFLAGS: 00010286
[    1.306219] RAX: dffffc0000000000 RBX: 0000000000000000 RCX: 0000000000000002
[    1.306503] RDX: 1ffff110010fb1d1 RSI: 0000000000000000 RDI: ffff8880087d8e88
[    1.306795] RBP: 0000000000000000 R08: 0000000000000000 R09: 000000000000000d
[    1.307084] R10: ffff8880098fd000 R11: 0000000000000000 R12: 0000000000000001
[    1.307373] R13: dffffc0000000000 R14: 0000000000000000 R15: 00000000ffffffe4
[    1.307654] FS:  00007f068e5856c0(0000) GS:ffff8880e790d000(0000) knlGS:0000000000000000
[    1.307980] CS:  0010 DS: 0000 ES: 0000 CR0: 0000000080050033
[    1.308216] CR2: 00007f068e584248 CR3: 0000000009018003 CR4: 0000000000770ef0
[    1.308505] PKRU: 55555554
[    1.308620] Kernel panic - not syncing: Fatal exception
[    1.308882] Kernel Offset: disabled
CONFIRMED: KASAN_UAF
