bash: warning: setlocale: LC_ALL: cannot change locale (en_US.UTF-8)
c[?7l[2J[0mSeaBIOS (version 1.16.2-debian-1.16.2-1)
Booting from ROM...
c[?7l[2Jearly console in extract_kernel
input_data: 0x00000000097c52e9
input_len: 0x000000000383b572
output: 0x0000000001000000
output_len: 0x000000000ad0ab28
kernel_total_size: 0x000000000c026000
needed_size: 0x000000000c200000
trampoline_32bit: 0x000000000009d000

Decompressing Linux... Parsing ELF... done.
Booting the kernel.
[    0.000000][    T0] Linux version 5.6.0-rc6+ (root@buildkitsandbox) (gcc version 12.2.0 (Debian 12.2.0-14+deb12u1)) #1 SMP PREEMPT Fri May 22 06:29:54 UTC 2026
[    0.000000][    T0] Command line: console=ttyS0 oops=panic panic=86400 nokaslr earlyprintk=serial rdinit=/init
[    0.000000][    T0] KERNEL supported cpus:
[    0.000000][    T0]   Intel GenuineIntel
[    0.000000][    T0]   AMD AuthenticAMD
[    0.000000][    T0]   Centaur CentaurHauls
[    0.000000][    T0] x86/fpu: Supporting XSAVE feature 0x001: 'x87 floating point registers'
[    0.000000][    T0] x86/fpu: Supporting XSAVE feature 0x002: 'SSE registers'
[    0.000000][    T0] x86/fpu: Supporting XSAVE feature 0x004: 'AVX registers'
[    0.000000][    T0] x86/fpu: xstate_offset[2]:  576, xstate_sizes[2]:  256
[    0.000000][    T0] x86/fpu: Enabled xstate features 0x7, context size is 832 bytes, using 'compacted' format.
[    0.000000][    T0] BIOS-provided physical RAM map:
[    0.000000][    T0] BIOS-e820: [mem 0x0000000000000000-0x000000000009fbff] usable
[    0.000000][    T0] BIOS-e820: [mem 0x000000000009fc00-0x000000000009ffff] reserved
[    0.000000][    T0] BIOS-e820: [mem 0x00000000000f0000-0x00000000000fffff] reserved
[    0.000000][    T0] BIOS-e820: [mem 0x0000000000100000-0x000000007ffdffff] usable
[    0.000000][    T0] BIOS-e820: [mem 0x000000007ffe0000-0x000000007fffffff] reserved
[    0.000000][    T0] BIOS-e820: [mem 0x00000000feffc000-0x00000000feffffff] reserved
[    0.000000][    T0] BIOS-e820: [mem 0x00000000fffc0000-0x00000000ffffffff] reserved
[    0.000000][    T0] printk: bootconsole [earlyser0] enabled
[    0.000000][    T0] NX (Execute Disable) protection: active
[    0.000000][    T0] SMBIOS 2.8 present.
[    0.000000][    T0] DMI: QEMU Standard PC (i440FX + PIIX, 1996), BIOS 1.16.2-debian-1.16.2-1 04/01/2014
[    0.000000][    T0] Hypervisor detected: KVM
[    0.000000][    T0] kvm-clock: Using msrs 4b564d01 and 4b564d00
[    0.000001][    T0] kvm-clock: cpu 0, msr b938001, primary cpu clock
[    0.000002][    T0] kvm-clock: using sched offset of 1028437612 cycles
[    0.001931][    T0] clocksource: kvm-clock: mask: 0xffffffffffffffff max_cycles: 0x1cd42e4dffb, max_idle_ns: 881590591483 ns
[    0.007935][    T0] tsc: Detected 2995.198 MHz processor
[    0.012925][    T0] last_pfn = 0x7ffe0 max_arch_pfn = 0x400000000
[    0.014869][    T0] x86/PAT: Configuration [0-7]: WB  WC  UC- UC  WB  WP  UC- WT  
[    0.023569][    T0] found SMP MP-table at [mem 0x000f5ba0-0x000f5baf]
[    0.025515][    T0] check: Scanning 1 areas for low memory corruption
[    0.027594][    T0] Using GB pages for direct mapping
[    0.029599][    T0] RAMDISK: [mem 0x7fe92000-0x7ffdffff]
[    0.031193][    T0] ACPI: Early table checksum verification disabled
[    0.033158][    T0] ACPI: RSDP 0x00000000000F59D0 000014 (v00 BOCHS )
[    0.035040][    T0] ACPI: RSDT 0x000000007FFE1B33 000034 (v01 BOCHS  BXPC     00000001 BXPC 00000001)
[    0.037934][    T0] ACPI: FACP 0x000000007FFE19DF 000074 (v01 BOCHS  BXPC     00000001 BXPC 00000001)
[    0.041541][    T0] ACPI: DSDT 0x000000007FFE0040 00199F (v01 BOCHS  BXPC     00000001 BXPC 00000001)
[    0.044197][    T0] ACPI: FACS 0x000000007FFE0000 000040
[    0.045676][    T0] ACPI: APIC 0x000000007FFE1A53 000080 (v01 BOCHS  BXPC     00000001 BXPC 00000001)
[    0.049150][    T0] ACPI: HPET 0x000000007FFE1AD3 000038 (v01 BOCHS  BXPC     00000001 BXPC 00000001)
[    0.053811][    T0] ACPI: WAET 0x000000007FFE1B0B 000028 (v01 BOCHS  BXPC     00000001 BXPC 00000001)
[    0.057810][    T0] No NUMA configuration found
[    0.059152][    T0] Faking a node at [mem 0x0000000000000000-0x000000007ffdffff]
[    0.061216][    T0] NODE_DATA(0) allocated [mem 0x7fe8d000-0x7fe91fff]
[    0.093374][    T0] Zone ranges:
[    0.094449][    T0]   DMA      [mem 0x0000000000001000-0x0000000000ffffff]
[    0.096661][    T0]   DMA32    [mem 0x0000000001000000-0x000000007ffdffff]
[    0.099209][    T0]   Normal   empty
[    0.100218][    T0]   Device   empty
[    0.101229][    T0] Movable zone start for each node
[    0.102556][    T0] Early memory node ranges
[    0.103716][    T0]   node   0: [mem 0x0000000000001000-0x000000000009efff]
[    0.105642][    T0]   node   0: [mem 0x0000000000100000-0x000000007ffdffff]
[    0.107797][    T0] Zeroed struct page in unavailable ranges: 130 pages
[    0.107802][    T0] Initmem setup node 0 [mem 0x0000000000001000-0x000000007ffdffff]
[    0.588877][    T0] kasan: KernelAddressSanitizer initialized
[    0.591871][    T0] ACPI: PM-Timer IO Port: 0x608
[    0.593387][    T0] ACPI: LAPIC_NMI (acpi_id[0xff] dfl dfl lint[0x1])
[    0.598052][    T0] IOAPIC[0]: apic_id 0, version 17, address 0xfec00000, GSI 0-23
[    0.600752][    T0] ACPI: INT_SRC_OVR (bus 0 bus_irq 0 global_irq 2 dfl dfl)
[    0.603697][    T0] ACPI: INT_SRC_OVR (bus 0 bus_irq 5 global_irq 5 high level)
[    0.606829][    T0] ACPI: INT_SRC_OVR (bus 0 bus_irq 9 global_irq 9 high level)
[    0.609318][    T0] ACPI: INT_SRC_OVR (bus 0 bus_irq 10 global_irq 10 high level)
[    0.611760][    T0] ACPI: INT_SRC_OVR (bus 0 bus_irq 11 global_irq 11 high level)
[    0.614195][    T0] Using ACPI (MADT) for SMP configuration information
[    0.616407][    T0] ACPI: HPET id: 0x8086a201 base: 0xfed00000
[    0.618771][    T0] smpboot: Allowing 2 CPUs, 0 hotplug CPUs
[    0.621045][    T0] KVM setup pv remote TLB flush
[    0.622982][    T0] KVM setup pv sched yield
[    0.625670][    T0] PM: hibernation: Registered nosave memory: [mem 0x00000000-0x00000fff]
[    0.628676][    T0] PM: hibernation: Registered nosave memory: [mem 0x0009f000-0x0009ffff]
[    0.631472][    T0] PM: hibernation: Registered nosave memory: [mem 0x000a0000-0x000effff]
[    0.634224][    T0] PM: hibernation: Registered nosave memory: [mem 0x000f0000-0x000fffff]
[    0.638633][    T0] [mem 0x80000000-0xfeffbfff] available for PCI devices
[    0.641579][    T0] Booting paravirtualized kernel on KVM
[    0.643482][    T0] clocksource: refined-jiffies: mask: 0xffffffff max_cycles: 0xffffffff, max_idle_ns: 19112604462750000 ns
[    0.686435][    T0] setup_percpu: NR_CPUS:64 nr_cpumask_bits:64 nr_cpu_ids:2 nr_node_ids:1
[    0.693984][    T0] percpu: Embedded 66 pages/cpu s232520 r8192 d29624 u1048576
[    0.698031][    T0] KVM setup async PF for cpu 0
[    0.701606][    T0] kvm-stealtime: cpu 0, msr 6c222940
[    0.704231][    T0] PV qspinlock hash table entries: 256 (order: 0, 4096 bytes, linear)
[    0.706981][    T0] Built 1 zonelists, mobility grouping on.  Total pages: 515945
[    0.709490][    T0] Policy zone: DMA32
[    0.710750][    T0] Kernel command line: console=ttyS0 oops=panic panic=86400 nokaslr earlyprintk=serial rdinit=/init
[    0.718729][    T0] Dentry cache hash table entries: 262144 (order: 9, 2097152 bytes, linear)
[    0.724156][    T0] Inode-cache hash table entries: 131072 (order: 8, 1048576 bytes, linear)
[    0.727415][    T0] mem auto-init: stack:off, heap alloc:on, heap free:off
[    0.871628][    T0] Memory: 1573436K/2096632K available (112649K kernel code, 16908K rwdata, 20796K rodata, 2712K init, 23512K bss, 523196K reserved, 0K cma-reserved)
[    0.881203][    T0] Running RCU self tests
[    0.882646][    T0] rcu: Preemptible hierarchical RCU implementation.
[    0.884705][    T0] rcu: 	RCU lockdep checking is enabled.
[    0.886732][    T0] rcu: 	RCU restricting CPUs from NR_CPUS=64 to nr_cpu_ids=2.
[    0.890303][    T0] rcu: 	RCU callback double-/use-after-free debug enabled.
[    0.893822][    T0] 	Tasks RCU enabled.
[    0.895862][    T0] rcu: RCU calculated value of scheduler-enlistment delay is 10 jiffies.
[    0.902740][    T0] rcu: Adjusting geometry for rcu_fanout_leaf=16, nr_cpu_ids=2
[    0.926796][    T0] NR_IRQS: 4352, nr_irqs: 440, preallocated irqs: 16
[    0.931013][    T0] random: get_random_bytes called from start_kernel+0x4e1/0x874 with crng_init=0
[    0.970687][    T0] Console: colour VGA+ 80x25
[    0.976942][    T0] printk: console [ttyS0] enabled
[    0.976942][    T0] printk: console [ttyS0] enabled
[    0.981139][    T0] printk: bootconsole [earlyser0] disabled
[    0.981139][    T0] printk: bootconsole [earlyser0] disabled
[    0.985738][    T0] Lock dependency validator: Copyright (c) 2006 Red Hat, Inc., Ingo Molnar
[    0.989362][    T0] ... MAX_LOCKDEP_SUBCLASSES:  8
[    0.993049][    T0] ... MAX_LOCK_DEPTH:          48
[    0.994808][    T0] ... MAX_LOCKDEP_KEYS:        8192
[    0.996737][    T0] ... CLASSHASH_SIZE:          4096
[    0.998575][    T0] ... MAX_LOCKDEP_ENTRIES:     32768
[    1.000434][    T0] ... MAX_LOCKDEP_CHAINS:      65536
[    1.002195][    T0] ... CHAINHASH_SIZE:          32768
[    1.003951][    T0]  memory used by lock dependency info: 6237 kB
[    1.007849][    T0]  memory used for stack traces: 4224 kB
[    1.011776][    T0]  per task-struct memory footprint: 1920 bytes
[    1.016567][    T0] ACPI: Core revision 20200110
[    1.020679][    T0] clocksource: hpet: mask: 0xffffffff max_cycles: 0xffffffff, max_idle_ns: 19112604467 ns
[    1.027567][    T0] APIC: Switch to symmetric I/O mode setup
[    1.030505][    T0] x2apic enabled
[    1.033907][    T0] Switched APIC routing to physical x2apic.
[    1.036804][    T0] KVM setup pv IPIs
[    1.045275][    T0] ..TIMER: vector=0x30 apic1=0 pin1=2 apic2=-1 pin2=-1
[    1.052422][    T0] clocksource: tsc-early: mask: 0xffffffffffffffff max_cycles: 0x2b2c8d6afc8, max_idle_ns: 440795331172 ns
[    1.060777][    T0] Calibrating delay loop (skipped) preset value.. 5990.39 BogoMIPS (lpj=29951980)
[    1.070756][    T0] pid_max: default: 32768 minimum: 301
[    1.082041][    T0] LSM: Security Framework initializing
[    1.085131][    T0] Yama: becoming mindful.
[    1.086774][    T0] SELinux:  Initializing.
[    1.091459][    T0] *** VALIDATE selinux ***
[    1.093412][    T0] TOMOYO Linux initialized
[    1.096102][    T0] Mount-cache hash table entries: 4096 (order: 3, 32768 bytes, linear)
[    1.100865][    T0] Mountpoint-cache hash table entries: 4096 (order: 3, 32768 bytes, linear)
[    1.104742][    T0] *** VALIDATE tmpfs ***
[    1.107785][    T0] *** VALIDATE proc ***
[    1.110198][    T0] *** VALIDATE cgroup ***
[    1.110754][    T0] *** VALIDATE cgroup2 ***
[    1.114274][    T0] x86/cpu: User Mode Instruction Prevention (UMIP) activated
[    1.121787][    T0] Last level iTLB entries: 4KB 0, 2MB 0, 4MB 0
[    1.125207][    T0] Last level dTLB entries: 4KB 0, 2MB 0, 4MB 0, 1GB 0
[    1.130839][    T0] Spectre V1 : Mitigation: usercopy/swapgs barriers and __user pointer sanitization
[    1.134904][    T0] Spectre V2 : Mitigation: Enhanced IBRS
[    1.137558][    T0] Spectre V2 : Spectre v2 / SpectreRSB mitigation: Filling RSB on context switch
[    1.140752][    T0] Spectre V2 : mitigation: Enabling conditional Indirect Branch Prediction Barrier
[    1.150745][    T0] Speculative Store Bypass: Mitigation: Speculative Store Bypass disabled via prctl and seccomp
[    1.161601][    T0] Freeing SMP alternatives memory: 100K
[    1.167127][    T1] smpboot: CPU0: 13th Gen Intel(R) Core(TM) i9-13900H (family: 0x6, model: 0xba, stepping: 0x2)
[    1.220922][    T1] Performance Events: unsupported p6 CPU model 186 no PMU driver, software events only.
[    1.240762][    T1] rcu: Hierarchical SRCU implementation.
[    1.260995][    T1] NMI watchdog: Perf NMI watchdog permanently disabled
[    1.290913][    T1] smp: Bringing up secondary CPUs ...
[    1.372779][    T1] x86: Booting SMP configuration:
[    1.374193][    T1] .... node  #0, CPUs:      #1
[    0.109917][    T0] kvm-clock: cpu 1, msr b938041, secondary cpu clock
[    1.378945][   T14] KVM setup async PF for cpu 1
[    1.378945][   T14] kvm-stealtime: cpu 1, msr 6c322940
[    1.380861][    T1] smp: Brought up 1 node, 2 CPUs
[    1.382970][    T1] smpboot: Max logical packages: 1
[    1.385842][    T1] smpboot: Total of 2 processors activated (11980.79 BogoMIPS)
[    1.391505][    T1] devtmpfs: initialized
[    1.392579][    T1] x86/mm: Memory block size: 128MB
[    1.411018][   T23] kworker/u4:0 (23) used greatest stack depth: 27728 bytes left
[    1.413215][    T1] clocksource: jiffies: mask: 0xffffffff max_cycles: 0xffffffff, max_idle_ns: 19112604462750000 ns
[    1.413431][    T1] futex hash table entries: 512 (order: 4, 65536 bytes, linear)
[    1.420742][    T1] xor: automatically using best checksumming function   avx       
[    1.420742][    T1] PM: RTC time: 06:46:28, date: 2026-05-22
[    1.420764][    T1] thermal_sys: Registered thermal governor 'step_wise'
[    1.420766][    T1] thermal_sys: Registered thermal governor 'user_space'
[    1.430769][    T1] NET: Registered protocol family 16
[    1.430847][    T1] audit: initializing netlink subsys (disabled)
[    1.440849][   T27] audit: type=2000 audit(1779432388.519:1): state=initialized audit_enabled=0 res=1
[    1.445269][    T1] cpuidle: using governor menu
[    1.445181][   T44] kworker/u4:0 (44) used greatest stack depth: 27488 bytes left
[    1.449650][    T1] ACPI: bus type PCI registered
[    1.451509][    T1] dca service started, version 1.12.1
[    1.454635][    T1] PCI: Using configuration type 1 for base access
[    1.611528][    T1] HugeTLB registered 1.00 GiB page size, pre-allocated 0 pages
[    1.613711][    T1] HugeTLB registered 2.00 MiB page size, pre-allocated 0 pages
[    1.752234][    T1] cryptd: max_cpu_qlen set to 1000
[    1.970766][    T1] raid6: avx2x4   gen() 18752 MB/s
[    2.140898][    T1] raid6: avx2x4   xor()  6130 MB/s
[    2.310928][    T1] raid6: avx2x2   gen() 13697 MB/s
[    2.474511][    T1] raid6: avx2x2   xor()  8171 MB/s
[    2.643668][    T1] raid6: avx2x1   gen()  8574 MB/s
[    2.821459][    T1] raid6: avx2x1   xor()  4055 MB/s
[    2.994282][    T1] raid6: sse2x4   gen() 10377 MB/s
[    3.166163][    T1] raid6: sse2x4   xor()  4429 MB/s
[    3.348635][    T1] raid6: sse2x2   gen()  3915 MB/s
[    3.520605][    T1] raid6: sse2x2   xor()  1783 MB/s
[    3.681973][    T1] raid6: sse2x1   gen()  3162 MB/s
[    3.855685][    T1] raid6: sse2x1   xor()  1382 MB/s
[    3.857541][    T1] raid6: using algorithm avx2x4 gen() 18752 MB/s
[    3.860759][    T1] raid6: .... xor() 6130 MB/s, rmw enabled
[    3.864337][    T1] raid6: using avx2x2 recovery algorithm
[    3.871578][    T1] ACPI: Added _OSI(Module Device)
[    3.871786][    T1] ACPI: Added _OSI(Processor Device)
[    3.873867][    T1] ACPI: Added _OSI(3.0 _SCP Extensions)
[    3.876980][    T1] ACPI: Added _OSI(Processor Aggregator Device)
[    3.880471][    T1] ACPI: Added _OSI(Linux-Dell-Video)
[    3.880936][    T1] ACPI: Added _OSI(Linux-Lenovo-NV-HDMI-Audio)
[    3.883698][    T1] ACPI: Added _OSI(Linux-HPI-Hybrid-Graphics)
[    3.907080][    T1] ACPI: 1 ACPI AML tables successfully acquired and loaded
[    3.984492][    T1] ACPI: Interpreter enabled
[    3.986911][    T1] ACPI: (supports S0 S3 S4 S5)
[    3.988516][    T1] ACPI: Using IOAPIC for interrupt routing
[    3.991512][    T1] PCI: Using host bridge windows from ACPI; if necessary, use "pci=nocrs" and report a bug
[    4.002506][    T1] ACPI: Enabled 2 GPEs in block 00 to 0F
[    4.053033][    T1] ACPI: PCI Root Bridge [PCI0] (domain 0000 [bus 00-ff])
[    4.055493][    T1] acpi PNP0A03:00: _OSC: OS supports [ASPM ClockPM Segments MSI HPX-Type3]
[    4.058564][    T1] acpi PNP0A03:00: fail to add MMCONFIG information, can't access extended PCI configuration space under this bridge.
[    4.062469][    T1] PCI host bridge to bus 0000:00
[    4.063139][    T1] pci_bus 0000:00: root bus resource [io  0x0000-0x0cf7 window]
[    4.065726][    T1] pci_bus 0000:00: root bus resource [io  0x0d00-0xffff window]
[    4.068387][    T1] pci_bus 0000:00: root bus resource [mem 0x000a0000-0x000bffff window]
[    4.070792][    T1] pci_bus 0000:00: root bus resource [mem 0x80000000-0xfebfffff window]
[    4.073714][    T1] pci_bus 0000:00: root bus resource [mem 0x100000000-0x17fffffff window]
[    4.076610][    T1] pci_bus 0000:00: root bus resource [bus 00-ff]
[    4.079153][    T1] pci 0000:00:00.0: [8086:1237] type 00 class 0x060000
[    4.084550][    T1] pci 0000:00:01.0: [8086:7000] type 00 class 0x060100
[    4.093076][    T1] pci 0000:00:01.1: [8086:7010] type 00 class 0x010180
[    4.097775][    T1] pci 0000:00:01.1: reg 0x20: [io  0xc000-0xc00f]
[    4.101139][    T1] pci 0000:00:01.1: legacy IDE quirk: reg 0x10: [io  0x01f0-0x01f7]
[    4.105240][    T1] pci 0000:00:01.1: legacy IDE quirk: reg 0x14: [io  0x03f6]
[    4.108242][    T1] pci 0000:00:01.1: legacy IDE quirk: reg 0x18: [io  0x0170-0x0177]
[    4.110751][    T1] pci 0000:00:01.1: legacy IDE quirk: reg 0x1c: [io  0x0376]
[    4.115175][    T1] pci 0000:00:01.3: [8086:7113] type 00 class 0x068000
[    4.119140][    T1] pci 0000:00:01.3: quirk: [io  0x0600-0x063f] claimed by PIIX4 ACPI
[    4.120789][    T1] pci 0000:00:01.3: quirk: [io  0x0700-0x070f] claimed by PIIX4 SMB
[    4.130797][    T1] pci 0000:00:02.0: [1234:1111] type 00 class 0x030000
[    4.133220][    T1] pci 0000:00:02.0: reg 0x10: [mem 0xfd000000-0xfdffffff pref]
[    4.142469][    T1] pci 0000:00:02.0: reg 0x18: [mem 0xfebf0000-0xfebf0fff]
[    4.156021][    T1] pci 0000:00:02.0: reg 0x30: [mem 0xfebe0000-0xfebeffff pref]
[    4.181746][    T1] ACPI: PCI Interrupt Link [LNKA] (IRQs 5 *10 11)
[    4.181746][    T1] ACPI: PCI Interrupt Link [LNKB] (IRQs 5 *10 11)
[    4.191982][    T1] ACPI: PCI Interrupt Link [LNKC] (IRQs 5 10 *11)
[    4.195310][    T1] ACPI: PCI Interrupt Link [LNKD] (IRQs 5 10 *11)
[    4.198284][    T1] ACPI: PCI Interrupt Link [LNKS] (IRQs *9)
[    4.220865][    T1] iommu: Default domain type: Translated 
[    4.224256][    T1] pci 0000:00:02.0: vgaarb: setting as boot VGA device
[    4.224907][    T1] pci 0000:00:02.0: vgaarb: VGA device added: decodes=io+mem,owns=io+mem,locks=none
[    4.231799][    T1] pci 0000:00:02.0: vgaarb: bridge control possible
[    4.234589][    T1] vgaarb: loaded
[    4.242287][    T1] SCSI subsystem initialized
[    4.252338][    T1] ACPI: bus type USB registered
[    4.255835][    T1] usbcore: registered new interface driver usbfs
[    4.255835][    T1] usbcore: registered new interface driver hub
[    4.261535][    T1] usbcore: registered new device driver usb
[    4.262386][    T1] mc: Linux media interface: v0.10
[    4.263391][    T1] videodev: Linux video capture interface: v2.00
[    4.271175][    T1] pps_core: LinuxPPS API ver. 1 registered
[    4.271175][    T1] pps_core: Software ver. 5.3.6 - Copyright 2005-2007 Rodolfo Giometti <giometti@linux.it>
[    4.271646][    T1] PTP clock support registered
[    4.291813][    T1] EDAC MC: Ver: 3.0.0
[    4.312619][    T1] Advanced Linux Sound Architecture Driver Initialized.
[    4.316014][    T1] PCI: Using ACPI for IRQ routing
[    4.323299][    T1] Bluetooth: Core ver 2.22
[    4.326360][    T1] NET: Registered protocol family 31
[    4.328592][    T1] Bluetooth: HCI device and connection manager initialized
[    4.330845][    T1] Bluetooth: HCI socket layer initialized
[    4.334862][    T1] Bluetooth: L2CAP socket layer initialized
[    4.341297][    T1] Bluetooth: SCO socket layer initialized
[    4.345860][    T1] NET: Registered protocol family 8
[    4.350282][    T1] NET: Registered protocol family 20
[    4.351689][    T1] NetLabel: Initializing
[    4.355214][    T1] NetLabel:  domain hash size = 128
[    4.358612][    T1] NetLabel:  protocols = UNLABELED CIPSOv4 CALIPSO
[    4.362657][    T1] NetLabel:  unlabeled traffic allowed by default
[    4.367716][    T1] nfc: nfc_init: NFC Core ver 0.1
[    4.370153][    T1] NET: Registered protocol family 39
[    4.372429][    T1] hpet0: at MMIO 0xfed00000, IRQs 2, 8, 0
[    4.374669][    T1] hpet0: 3 comparators, 64-bit 100.000000 MHz counter
[    4.381134][    T1] clocksource: Switched to clocksource kvm-clock
[    6.031778][    T1] *** VALIDATE bpf ***
[    6.038864][    T1] VFS: Disk quotas dquot_6.6.0
[    6.041230][    T1] VFS: Dquot-cache hash table entries: 512 (order 0, 4096 bytes)
[    6.050465][    T1] FS-Cache: Loaded
[    6.051628][    T1] *** VALIDATE ramfs ***
[    6.053366][    T1] *** VALIDATE hugetlbfs ***
[    6.056061][    T1] CacheFiles: Loaded
[    6.057579][    T1] TOMOYO: 2.6.0
[    6.058877][    T1] Mandatory Access Control activated.
[    6.062436][    T1] pnp: PnP ACPI init
[    6.070087][    T1] pnp: PnP ACPI: found 6 devices
[    6.112945][    T1] clocksource: acpi_pm: mask: 0xffffff max_cycles: 0xffffff, max_idle_ns: 2085701024 ns
[    6.117420][    T1] pci_bus 0000:00: resource 4 [io  0x0000-0x0cf7 window]
[    6.119804][    T1] pci_bus 0000:00: resource 5 [io  0x0d00-0xffff window]
[    6.123272][    T1] pci_bus 0000:00: resource 6 [mem 0x000a0000-0x000bffff window]
[    6.126636][    T1] pci_bus 0000:00: resource 7 [mem 0x80000000-0xfebfffff window]
[    6.132218][    T1] pci_bus 0000:00: resource 8 [mem 0x100000000-0x17fffffff window]
[    6.136683][    T1] NET: Registered protocol family 2
[    6.143036][    T1] tcp_listen_portaddr_hash hash table entries: 1024 (order: 4, 73728 bytes, linear)
[    6.146637][    T1] TCP established hash table entries: 16384 (order: 5, 131072 bytes, linear)
[    6.152624][    T1] TCP bind hash table entries: 16384 (order: 8, 1048576 bytes, linear)
[    6.156337][    T1] TCP: Hash tables configured (established 16384 bind 16384)
[    6.160670][    T1] UDP hash table entries: 1024 (order: 5, 163840 bytes, linear)
[    6.164122][    T1] UDP-Lite hash table entries: 1024 (order: 5, 163840 bytes, linear)
[    6.167566][    T1] NET: Registered protocol family 1
[    6.171077][    T1] RPC: Registered named UNIX socket transport module.
[    6.173595][    T1] RPC: Registered udp transport module.
[    6.175673][    T1] RPC: Registered tcp transport module.
[    6.177983][    T1] RPC: Registered tcp NFSv4.1 backchannel transport module.
[    6.182641][    T1] NET: Registered protocol family 44
[    6.184548][    T1] pci 0000:00:01.0: PIIX3: Enabling Passive Release
[    6.186966][    T1] pci 0000:00:00.0: Limiting direct PCI/PCI transfers
[    6.189404][    T1] pci 0000:00:01.0: Activating ISA DMA hang workarounds
[    6.192477][    T1] pci 0000:00:02.0: Video device with shadowed ROM at [mem 0x000c0000-0x000dffff]
[    6.196187][    T1] PCI: CLS 0 bytes, default 64
[    6.202531][    T1] Trying to unpack rootfs image as initramfs...
[    6.363990][    T1] Freeing initrd memory: 1336K
[    6.389646][    T1] kvm: already loaded the other module
[    6.395567][    T1] clocksource: tsc: mask: 0xffffffffffffffff max_cycles: 0x2b2c8d6afc8, max_idle_ns: 440795331172 ns
[    6.401915][    T1] mce: Machine check injector initialized
[    6.407883][    T1] check: Scanning for low memory corruption every 60 seconds
[    6.528566][    T1] Initialise system trusted keyrings
[    6.533877][    T1] workingset: timestamp_bits=40 max_order=19 bucket_order=0
[    6.540042][    T1] zbud: loaded
[    6.548038][    T1] DLM installed
[    6.550280][    T1] squashfs: version 4.0 (2009/01/31) Phillip Lougher
[    6.558769][    T1] FS-Cache: Netfs 'nfs' registered for caching
[    6.562280][    T1] *** VALIDATE nfs ***
[    6.563860][    T1] *** VALIDATE nfs4 ***
[    6.565721][    T1] NFS: Registering the id_resolver key type
[    6.568040][    T1] Key type id_resolver registered
[    6.570544][    T1] Key type id_legacy registered
[    6.576204][    T1] nfs4filelayout_init: NFSv4 File Layout Driver Registering...
[    6.578891][    T1] Installing knfsd (copyright (C) 1996 okir@monad.swb.de).
[    6.585648][    T1] FS-Cache: Netfs 'cifs' registered for caching
[    6.591353][    T1] Key type cifs.spnego registered
[    6.593462][    T1] Key type cifs.idmap registered
[    6.597118][    T1] ntfs: driver 2.1.32 [Flags: R/W].
[    6.599732][    T1] fuse: init (API version 7.31)
[    6.602523][    T1] *** VALIDATE fuseblk ***
[    6.604527][    T1] *** VALIDATE fuse ***
[    6.609197][    T1] JFS: nTxBlock = 8192, nTxLock = 65536
[    6.646220][    T1] SGI XFS with ACLs, security attributes, realtime, quota, no debug enabled
[    6.653957][    T1] *** VALIDATE xfs ***
[    6.655743][    T1] 9p: Installing v9fs 9p2000 file system support
[    6.657933][    T1] FS-Cache: Netfs '9p' registered for caching
[    6.662887][    T1] ocfs2: Registered cluster interface o2cb
[    6.671874][    T1] ocfs2: Registered cluster interface user
[    6.675355][    T1] OCFS2 User DLM kernel interface loaded
[    6.689801][    T1] *** VALIDATE gfs2 ***
[    6.693872][    T1] gfs2: GFS2 installed
[    6.710081][    T1] FS-Cache: Netfs 'ceph' registered for caching
[    6.718809][    T1] ceph: loaded (mds proto 32)
[    6.748205][    T1] NET: Registered protocol family 38
[    6.755670][    T1] async_tx: api initialized (async)
[    6.757632][    T1] Key type asymmetric registered
[    6.759565][    T1] Asymmetric key parser 'x509' registered
[    6.762171][    T1] Asymmetric key parser 'pkcs8' registered
[    6.764370][    T1] Key type pkcs7_test registered
[    6.767028][    T1] Asymmetric key parser 'tpm_parser' registered
[    6.770501][    T1] Block layer SCSI generic (bsg) driver version 0.4 loaded (major 243)
[    6.774420][    T1] io scheduler mq-deadline registered
[    6.776417][    T1] io scheduler kyber registered
[    6.778358][    T1] io scheduler bfq registered
[    6.786279][    T1] hgafb: HGA card not detected.
[    6.788074][    T1] hgafb: probe of hgafb.0 failed with error -22
[    6.791771][    T1] usbcore: registered new interface driver udlfb
[    6.795329][    T1] uvesafb: failed to execute /sbin/v86d
[    6.797303][    T1] uvesafb: make sure that the v86d helper is installed and executable
[    6.800327][    T1] uvesafb: Getting VBE info block failed (eax=0x4f00, err=-2)
[    6.803594][    T1] uvesafb: vbe_init() failed with -22
[    6.805606][    T1] uvesafb: probe of uvesafb.0 failed with error -22
[    6.808754][    T1] vga16fb: mapped to 0x0000000098ead020
[    8.538719][    T1] Console: switching to colour frame buffer device 80x30
[    9.592306][    T1] fb0: VGA16 VGA frame buffer device
[    9.595652][    T1] input: Power Button as /devices/LNXSYSTM:00/LNXPWRBN:00/input/input0
[    9.611103][    T1] ACPI: Power Button [PWRF]
[    9.635976][    T1] ioatdma: Intel(R) QuickData Technology Driver 5.00
[    9.771612][    T1] HDLC line discipline maxframe=4096
[    9.773722][    T1] N_HDLC line discipline registered.
[    9.775873][    T1] Serial: 8250/16550 driver, 4 ports, IRQ sharing enabled
[    9.778949][    T1] 00:04: ttyS0 at I/O 0x3f8 (irq = 4, base_baud = 115200) is a 16550A
[    9.789187][    T1] Cyclades driver 2.6
[    9.790428][    T1] Initializing Nozomi driver 2.1d
[    9.792880][    T1] RocketPort device driver module, version 2.09, 12-June-2003
[    9.796662][    T1] No rocketport ports found; unloading driver
[    9.800328][    T1] Non-volatile memory driver v1.3
[    9.801951][    T1] Linux agpgart interface v0.103
[    9.807458][    T1] [drm] Initialized vgem 1.0.0 20120112 for vgem on minor 0
[    9.810285][    T1] [drm] Supports vblank timestamp caching Rev 2 (21.10.2013).
[    9.814968][    T1] [drm] Driver supports precise vblank timestamp query.
[    9.818836][    T1] [drm] Initialized vkms 1.0.0 20180514 for vkms on minor 1
[    9.822026][    T1] usbcore: registered new interface driver udl
[    9.823826][    T1] fb0: switching to bochsdrmfb from VGA16 VGA
[   10.525325][    T1] Console: switching to colour VGA+ 80x25
[   10.529910][    T1] bochs-drm 0000:00:02.0: vgaarb: deactivate vga console
[   10.536543][    T1] Console: switching to colour dummy device 80x25
[   10.540457][    T1] [drm] Found bochs VGA, ID 0xb0c5.
[   10.541991][    T1] [drm] Framebuffer size 16384 kB @ 0xfd000000, mmio @ 0xfebf0000.
[   10.545461][    T1] [TTM] Zone  kernel: Available graphics memory: 787436 KiB
[   10.547617][    T1] [TTM] Initializing pool allocator
[   10.549257][    T1] [TTM] Initializing DMA pool allocator
[   10.554351][    T1] [drm] Found EDID data blob.
[   10.557317][    T1] [drm] Initialized bochs-drm 1.0.0 20130925 for 0000:00:02.0 on minor 2
[   10.573974][    T1] fbcon: bochs-drmdrmfb (fb0) is primary device
[   10.594312][    T1] Console: switching to colour frame buffer device 160x50
[   10.607773][    T1] bochs-drm 0000:00:02.0: fb0: bochs-drmdrmfb frame buffer device
[   10.615203][   T21] Floppy drive(s): fd0 is 2.88M AMI BIOS
[   10.632838][    T1] brd: module loaded
[   10.641807][   T21] FDC 0 is a S82078B
[   10.656565][    T1] loop: module loaded
[   10.763257][    T1] zram: Added device: zram0
[   10.787852][    T1] null_blk: module loaded
[   10.791292][    T1] nfcsim 0.2 initialized
[   10.796367][    T1] Loading iSCSI transport class v2.0-870.
[   10.809447][    T1] st: Version 20160209, fixed bufsize 32768, s/g segs 256
[   10.860454][    T1] scsi host0: ata_piix
[   10.862767][    T1] scsi host1: ata_piix
[   10.864380][    T1] ata1: PATA max MWDMA2 cmd 0x1f0 ctl 0x3f6 bmdma 0xc000 irq 14
[   10.866587][    T1] ata2: PATA max MWDMA2 cmd 0x170 ctl 0x376 bmdma 0xc008 irq 15
[   10.871643][    T1] slram: not enough parameters.
[   10.874464][    T1] ftl_cs: FTL header not found.
[   10.878073][    T1] Ethernet Channel Bonding Driver: v3.7.1 (April 27, 2011)
[   10.886656][    T1] wireguard: WireGuard 1.0.0 loaded. See www.wireguard.com for information.
[   10.889390][    T1] wireguard: Copyright (C) 2015-2019 Jason A. Donenfeld <Jason@zx2c4.com>. All Rights Reserved.
[   10.892836][    T1] eql: Equalizer2002: Simon Janes (simon@ncm.com) and David S. Miller (davem@redhat.com)
[   10.899758][    T1] MACsec IEEE 802.1AE
[   10.901299][    T1] tun: Universal TUN/TAP device driver, 1.6
[   10.903729][    T1] vcan: Virtual CAN interface driver
[   10.905282][    T1] vxcan: Virtual CAN Tunnel driver
[   10.906842][    T1] slcan: serial line CAN interface driver
[   10.908593][    T1] slcan: 10 dynamic interface channels.
[   10.910273][    T1] CAN device driver interface
[   10.911774][    T1] enic: Cisco VIC Ethernet NIC Driver, ver 2.3.0.53
[   10.913846][    T1] e100: Intel(R) PRO/100 Network Driver, 3.5.24-k2-NAPI
[   10.915761][    T1] e100: Copyright(c) 1999-2006 Intel Corporation
[   10.919055][    T1] e1000: Intel(R) PRO/1000 Network Driver - version 7.3.21-k8-NAPI
[   10.921492][    T1] e1000: Copyright (c) 1999-2006 Intel Corporation.
[   10.923591][    T1] e1000e: Intel(R) PRO/1000 Network Driver - 3.2.6-k
[   10.925476][    T1] e1000e: Copyright(c) 1999 - 2015 Intel Corporation.
[   10.927999][    T1] mkiss: AX.25 Multikiss, Hans Albas PE1AYX
[   10.929892][    T1] AX.25: 6pack driver, Revision: 0.3.0
[   10.931469][    T1] AX.25: bpqether driver version 004
[   10.932985][    T1] PPP generic driver version 2.4.2
[   10.934665][    T1] PPP BSD Compression module registered
[   10.936996][    T1] PPP Deflate Compression module registered
[   10.939145][    T1] PPP MPPE Compression module registered
[   10.941098][    T1] NET: Registered protocol family 24
[   10.942685][    T1] PPTP driver version 0.8.5
[   10.944603][    T1] SLIP: version 0.8.4-NET3.019-NEWTTY (dynamic channels, max=256) (6 bit encapsulation enabled).
[   10.947725][    T1] CSLIP: code copyright 1989 Regents of the University of California.
[   10.949915][    T1] SLIP linefill/keepalive option.
[   10.951315][    T1] hdlc: HDLC support module revision 1.22
[   10.952880][    T1] x25_asy: X.25 async: version 0.00 ALPHA (dynamic channels, max=256)
[   10.955178][    T1] DLCI driver v0.35, 4 Jan 1997, mike.mclagan@linux.org.
[   10.957179][    T1] LAPB Ethernet driver version 0.02
[   10.958860][    T1] usbcore: registered new interface driver rndis_wlan
[   10.961182][    T1] mac80211_hwsim: initializing netlink
[   10.970084][    T1] fakelb driver is marked as deprecated, please use mac802154_hwsim!
[   10.974501][    T1] ieee802154fakelb ieee802154fakelb: added 2 fake ieee802154 hardware devices
[   10.979451][    T1] mac802154_hwsim mac802154_hwsim: Added 2 mac802154 hwsim hardware radios
[   10.982121][    T1] VMware vmxnet3 virtual NIC driver - version 1.4.17.0-k-NAPI
[   10.984964][    T1] pegasus: v0.9.3 (2013/04/25), Pegasus/Pegasus II USB Ethernet driver
[   10.987687][    T1] usbcore: registered new interface driver pegasus
[   10.989704][    T1] usbcore: registered new interface driver rtl8150
[   10.991749][    T1] usbcore: registered new interface driver r8152
[   10.993656][    T1] usbcore: registered new interface driver asix
[   10.995422][    T1] usbcore: registered new interface driver ax88179_178a
[   10.997586][    T1] usbcore: registered new interface driver cdc_ether
[   11.000036][    T1] usbcore: registered new interface driver dm9601
[   11.004169][    T1] usbcore: registered new interface driver smsc75xx
[   11.006563][    T1] usbcore: registered new interface driver smsc95xx
[   11.008925][    T1] usbcore: registered new interface driver net1080
[   11.011184][    T1] usbcore: registered new interface driver rndis_host
[   11.013177][    T1] usbcore: registered new interface driver cdc_subset
[   11.015530][    T1] usbcore: registered new interface driver zaurus
[   11.018031][    T1] usbcore: registered new interface driver MOSCHIP usb-ethernet driver
[   11.021483][    T1] usbcore: registered new interface driver cdc_ncm
[   11.024750][    T1] usbcore: registered new interface driver cdc_mbim
[   11.042657][ T2720] ata2.00: ATAPI: QEMU DVD-ROM, 2.5+, max UDMA/100
[   11.047565][   T21] scsi 1:0:0:0: CD-ROM            QEMU     QEMU DVD-ROM     2.5+ PQ: 0 ANSI: 5
[   11.051525][    T1] VFIO - User Level meta-driver version: 0.3
[   11.069041][    T1] aoe: AoE v85 initialised.
[   11.071615][    T1] ehci_hcd: USB 2.0 'Enhanced' Host Controller (EHCI) Driver
[   11.073884][    T1] ehci-pci: EHCI PCI platform driver
[   11.075653][    T1] ohci_hcd: USB 1.1 'Open' Host Controller (OHCI) Driver
[   11.078525][    T1] ohci-pci: OHCI PCI platform driver
[   11.081122][    T1] uhci_hcd: USB Universal Host Controller Interface driver
[   11.083845][    T1] usbcore: registered new interface driver cdc_acm
[   11.085905][    T1] cdc_acm: USB Abstract Control Model driver for USB modems and ISDN adapters
[   11.088971][    T1] usbcore: registered new interface driver usblp
[   11.091179][    T1] usbcore: registered new interface driver cdc_wdm
[   11.093246][    T1] usbcore: registered new interface driver uas
[   11.095517][    T1] usbcore: registered new interface driver usb-storage
[   11.097908][    T1] usbcore: registered new interface driver ums-realtek
[   11.100423][    T1] usbcore: registered new interface driver usbserial_generic
[   11.103033][    T1] usbserial: USB Serial support registered for generic
[   11.105388][    T1] usbcore: registered new interface driver ch341
[   11.107487][    T1] usbserial: USB Serial support registered for ch341-uart
[   11.109915][    T1] usbcore: registered new interface driver cp210x
[   11.112200][    T1] usbserial: USB Serial support registered for cp210x
[   11.115251][    T1] usbcore: registered new interface driver ftdi_sio
[   11.117501][    T1] usbserial: USB Serial support registered for FTDI USB Serial Device
[   11.120256][    T1] usbcore: registered new interface driver keyspan
[   11.123785][   T21] sr 1:0:0:0: [sr0] scsi3-mmc drive: 4x/4x cd/rw xa/form2 tray
[   11.125655][    T1] usbserial: USB Serial support registered for Keyspan - (without firmware)
[   11.126254][   T21] cdrom: Uniform CD-ROM driver Revision: 3.20
[   11.129435][    T1] usbserial: USB Serial support registered for Keyspan 1 port adapter
[   11.140880][    T1] usbserial: USB Serial support registered for Keyspan 2 port adapter
[   11.143849][    T1] usbserial: USB Serial support registered for Keyspan 4 port adapter
[   11.147328][    T1] usbcore: registered new interface driver option
[   11.149526][    T1] usbserial: USB Serial support registered for GSM modem (1-port)
[   11.149604][   T21] sr 1:0:0:0: Attached scsi generic sg0 type 5
[   11.152351][    T1] usbcore: registered new interface driver oti6858
[   11.152397][    T1] usbserial: USB Serial support registered for oti6858
[   11.160813][    T1] usbcore: registered new interface driver pl2303
[   11.162937][    T1] usbserial: USB Serial support registered for pl2303
[   11.165773][    T1] usbcore: registered new interface driver qcserial
[   11.168256][    T1] usbserial: USB Serial support registered for Qualcomm USB modem
[   11.171151][    T1] usbcore: registered new interface driver sierra
[   11.174862][    T1] usbserial: USB Serial support registered for Sierra USB modem
[   11.178960][    T1] usbcore: registered new interface driver usb_serial_simple
[   11.182401][    T1] usbserial: USB Serial support registered for carelink
[   11.184990][    T1] usbserial: USB Serial support registered for zio
[   11.187331][    T1] usbserial: USB Serial support registered for funsoft
[   11.189877][    T1] usbserial: USB Serial support registered for flashloader
[   11.192602][    T1] usbserial: USB Serial support registered for google
[   11.194964][    T1] usbserial: USB Serial support registered for libtransistor
[   11.197760][    T1] usbserial: USB Serial support registered for vivopay
[   11.200424][    T1] usbserial: USB Serial support registered for moto_modem
[   11.203276][    T1] usbserial: USB Serial support registered for motorola_tetra
[   11.205976][    T1] usbserial: USB Serial support registered for novatel_gps
[   11.208514][    T1] usbserial: USB Serial support registered for hp4x
[   11.210819][    T1] usbserial: USB Serial support registered for suunto
[   11.214070][    T1] usbserial: USB Serial support registered for siemens_mpi
[   11.218295][    T1] dummy_hcd dummy_hcd.0: USB Host+Gadget Emulator, driver 02 May 2005
[   11.222707][    T1] dummy_hcd dummy_hcd.0: Dummy host controller
[   11.226135][    T1] dummy_hcd dummy_hcd.0: new USB bus registered, assigned bus number 1
[   11.229788][    T1] usb usb1: New USB device found, idVendor=1d6b, idProduct=0002, bcdDevice= 5.06
[   11.234548][    T1] usb usb1: New USB device strings: Mfr=3, Product=2, SerialNumber=1
[   11.237533][    T1] usb usb1: Product: Dummy host controller
[   11.239869][    T1] usb usb1: Manufacturer: Linux 5.6.0-rc6+ dummy_hcd
[   11.242026][    T1] usb usb1: SerialNumber: dummy_hcd.0
[   11.247987][    T1] hub 1-0:1.0: USB hub found
[   11.249831][    T1] hub 1-0:1.0: 1 port detected
[   11.254012][    T1] using random self ethernet address
[   11.255920][    T1] using random host ethernet address
[   11.258806][    T1] Mass Storage Function, version: 2009/09/11
[   11.261113][    T1] LUN: removable file: (no medium)
[   11.262962][    T1] no file given for LUN0
[   11.264473][    T1] printk: console [ttyGS0] disabled
[   11.269656][    T1] g_multi dummy_udc.0: failed to start g_multi: -22
[   11.276291][    T1] vhci_hcd vhci_hcd.0: USB/IP Virtual Host Controller
[   11.281702][    T1] vhci_hcd vhci_hcd.0: new USB bus registered, assigned bus number 2
[   11.284577][    T1] vhci_hcd: created sysfs vhci_hcd.0
[   11.286755][    T1] usb usb2: New USB device found, idVendor=1d6b, idProduct=0002, bcdDevice= 5.06
[   11.289987][    T1] usb usb2: New USB device strings: Mfr=3, Product=2, SerialNumber=1
[   11.293100][    T1] usb usb2: Product: USB/IP Virtual Host Controller
[   11.295505][    T1] usb usb2: Manufacturer: Linux 5.6.0-rc6+ vhci_hcd
[   11.297867][    T1] usb usb2: SerialNumber: vhci_hcd.0
[   11.300995][    T1] hub 2-0:1.0: USB hub found
[   11.302837][    T1] hub 2-0:1.0: 8 ports detected
[   11.306782][    T1] vhci_hcd vhci_hcd.0: USB/IP Virtual Host Controller
[   11.310906][    T1] vhci_hcd vhci_hcd.0: new USB bus registered, assigned bus number 3
[   11.315297][    T1] usb usb3: We don't know the algorithms for LPM for this host, disabling LPM.
[   11.320234][    T1] usb usb3: New USB device found, idVendor=1d6b, idProduct=0003, bcdDevice= 5.06
[   11.323392][    T1] usb usb3: New USB device strings: Mfr=3, Product=2, SerialNumber=1
[   11.326667][    T1] usb usb3: Product: USB/IP Virtual Host Controller
[   11.328967][    T1] usb usb3: Manufacturer: Linux 5.6.0-rc6+ vhci_hcd
[   11.331311][    T1] usb usb3: SerialNumber: vhci_hcd.0
[   11.334418][    T1] hub 3-0:1.0: USB hub found
[   11.336095][    T1] hub 3-0:1.0: 8 ports detected
[   11.340255][    T1] vhci_hcd vhci_hcd.1: USB/IP Virtual Host Controller
[   11.343213][    T1] vhci_hcd vhci_hcd.1: new USB bus registered, assigned bus number 4
[   11.346436][    T1] usb usb4: New USB device found, idVendor=1d6b, idProduct=0002, bcdDevice= 5.06
[   11.349658][    T1] usb usb4: New USB device strings: Mfr=3, Product=2, SerialNumber=1
[   11.352391][    T1] usb usb4: Product: USB/IP Virtual Host Controller
[   11.354596][    T1] usb usb4: Manufacturer: Linux 5.6.0-rc6+ vhci_hcd
[   11.356740][    T1] usb usb4: SerialNumber: vhci_hcd.1
[   11.359618][    T1] hub 4-0:1.0: USB hub found
[   11.361868][    T1] hub 4-0:1.0: 8 ports detected
[   11.365608][    T1] vhci_hcd vhci_hcd.1: USB/IP Virtual Host Controller
[   11.368551][    T1] vhci_hcd vhci_hcd.1: new USB bus registered, assigned bus number 5
[   11.372001][    T1] usb usb5: We don't know the algorithms for LPM for this host, disabling LPM.
[   11.375412][    T1] usb usb5: New USB device found, idVendor=1d6b, idProduct=0003, bcdDevice= 5.06
[   11.378758][    T1] usb usb5: New USB device strings: Mfr=3, Product=2, SerialNumber=1
[   11.381661][    T1] usb usb5: Product: USB/IP Virtual Host Controller
[   11.384021][    T1] usb usb5: Manufacturer: Linux 5.6.0-rc6+ vhci_hcd
[   11.386416][    T1] usb usb5: SerialNumber: vhci_hcd.1
[   11.389325][    T1] hub 5-0:1.0: USB hub found
[   11.391421][    T1] hub 5-0:1.0: 8 ports detected
[   11.395979][    T1] vhci_hcd vhci_hcd.2: USB/IP Virtual Host Controller
[   11.398719][    T1] vhci_hcd vhci_hcd.2: new USB bus registered, assigned bus number 6
[   11.401822][    T1] usb usb6: New USB device found, idVendor=1d6b, idProduct=0002, bcdDevice= 5.06
[   11.405049][    T1] usb usb6: New USB device strings: Mfr=3, Product=2, SerialNumber=1
[   11.407950][    T1] usb usb6: Product: USB/IP Virtual Host Controller
[   11.410140][    T1] usb usb6: Manufacturer: Linux 5.6.0-rc6+ vhci_hcd
[   11.413487][    T1] usb usb6: SerialNumber: vhci_hcd.2
[   11.416917][    T1] hub 6-0:1.0: USB hub found
[   11.418524][    T1] hub 6-0:1.0: 8 ports detected
[   11.422050][    T1] vhci_hcd vhci_hcd.2: USB/IP Virtual Host Controller
[   11.424844][    T1] vhci_hcd vhci_hcd.2: new USB bus registered, assigned bus number 7
[   11.427553][    T1] usb usb7: We don't know the algorithms for LPM for this host, disabling LPM.
[   11.430855][    T1] usb usb7: New USB device found, idVendor=1d6b, idProduct=0003, bcdDevice= 5.06
[   11.434440][    T1] usb usb7: New USB device strings: Mfr=3, Product=2, SerialNumber=1
[   11.437230][    T1] usb usb7: Product: USB/IP Virtual Host Controller
[   11.439714][    T1] usb usb7: Manufacturer: Linux 5.6.0-rc6+ vhci_hcd
[   11.442628][    T1] usb usb7: SerialNumber: vhci_hcd.2
[   11.445432][    T1] hub 7-0:1.0: USB hub found
[   11.447000][    T1] hub 7-0:1.0: 8 ports detected
[   11.451046][    T1] vhci_hcd vhci_hcd.3: USB/IP Virtual Host Controller
[   11.453726][    T1] vhci_hcd vhci_hcd.3: new USB bus registered, assigned bus number 8
[   11.456828][    T1] usb usb8: New USB device found, idVendor=1d6b, idProduct=0002, bcdDevice= 5.06
[   11.459929][    T1] usb usb8: New USB device strings: Mfr=3, Product=2, SerialNumber=1
[   11.462718][    T1] usb usb8: Product: USB/IP Virtual Host Controller
[   11.464892][    T1] usb usb8: Manufacturer: Linux 5.6.0-rc6+ vhci_hcd
[   11.466963][    T1] usb usb8: SerialNumber: vhci_hcd.3
[   11.469612][    T1] hub 8-0:1.0: USB hub found
[   11.471882][    T1] hub 8-0:1.0: 8 ports detected
[   11.476159][    T1] vhci_hcd vhci_hcd.3: USB/IP Virtual Host Controller
[   11.478933][    T1] vhci_hcd vhci_hcd.3: new USB bus registered, assigned bus number 9
[   11.482033][    T1] usb usb9: We don't know the algorithms for LPM for this host, disabling LPM.
[   11.485222][    T1] usb usb9: New USB device found, idVendor=1d6b, idProduct=0003, bcdDevice= 5.06
[   11.488344][    T1] usb usb9: New USB device strings: Mfr=3, Product=2, SerialNumber=1
[   11.491493][    T1] usb usb9: Product: USB/IP Virtual Host Controller
[   11.493765][    T1] usb usb9: Manufacturer: Linux 5.6.0-rc6+ vhci_hcd
[   11.496023][    T1] usb usb9: SerialNumber: vhci_hcd.3
[   11.499480][    T1] hub 9-0:1.0: USB hub found
[   11.501781][    T1] hub 9-0:1.0: 8 ports detected
[   11.505891][    T1] vhci_hcd vhci_hcd.4: USB/IP Virtual Host Controller
[   11.508849][    T1] vhci_hcd vhci_hcd.4: new USB bus registered, assigned bus number 10
[   11.512466][    T1] usb usb10: New USB device found, idVendor=1d6b, idProduct=0002, bcdDevice= 5.06
[   11.515440][    T1] usb usb10: New USB device strings: Mfr=3, Product=2, SerialNumber=1
[   11.518297][    T1] usb usb10: Product: USB/IP Virtual Host Controller
[   11.520496][    T1] usb usb10: Manufacturer: Linux 5.6.0-rc6+ vhci_hcd
[   11.522751][    T1] usb usb10: SerialNumber: vhci_hcd.4
[   11.525927][    T1] hub 10-0:1.0: USB hub found
[   11.527833][    T1] hub 10-0:1.0: 8 ports detected
[   11.531418][    T1] vhci_hcd vhci_hcd.4: USB/IP Virtual Host Controller
[   11.534151][    T1] vhci_hcd vhci_hcd.4: new USB bus registered, assigned bus number 11
[   11.536971][    T1] usb usb11: We don't know the algorithms for LPM for this host, disabling LPM.
[   11.540073][    T1] usb usb11: New USB device found, idVendor=1d6b, idProduct=0003, bcdDevice= 5.06
[   11.543541][    T1] usb usb11: New USB device strings: Mfr=3, Product=2, SerialNumber=1
[   11.546285][    T1] usb usb11: Product: USB/IP Virtual Host Controller
[   11.548546][    T1] usb usb11: Manufacturer: Linux 5.6.0-rc6+ vhci_hcd
[   11.551316][    T1] usb usb11: SerialNumber: vhci_hcd.4
[   11.555442][    T1] hub 11-0:1.0: USB hub found
[   11.557166][    T1] hub 11-0:1.0: 8 ports detected
[   11.561602][    T1] vhci_hcd vhci_hcd.5: USB/IP Virtual Host Controller
[   11.564328][    T1] vhci_hcd vhci_hcd.5: new USB bus registered, assigned bus number 12
[   11.567532][    T1] usb usb12: New USB device found, idVendor=1d6b, idProduct=0002, bcdDevice= 5.06
[   11.571212][    T1] usb usb12: New USB device strings: Mfr=3, Product=2, SerialNumber=1
[   11.574264][    T1] usb usb12: Product: USB/IP Virtual Host Controller
[   11.576577][    T1] usb usb12: Manufacturer: Linux 5.6.0-rc6+ vhci_hcd
[   11.578760][    T1] usb usb12: SerialNumber: vhci_hcd.5
[   11.582371][    T1] hub 12-0:1.0: USB hub found
[   11.583936][    T1] hub 12-0:1.0: 8 ports detected
[   11.587664][    T1] vhci_hcd vhci_hcd.5: USB/IP Virtual Host Controller
[   11.590370][    T1] vhci_hcd vhci_hcd.5: new USB bus registered, assigned bus number 13
[   11.593207][    T1] usb usb13: We don't know the algorithms for LPM for this host, disabling LPM.
[   11.596558][    T1] usb usb13: New USB device found, idVendor=1d6b, idProduct=0003, bcdDevice= 5.06
[   11.599165][    T1] usb usb13: New USB device strings: Mfr=3, Product=2, SerialNumber=1
[   11.601757][    T1] usb usb13: Product: USB/IP Virtual Host Controller
[   11.603973][    T1] usb usb13: Manufacturer: Linux 5.6.0-rc6+ vhci_hcd
[   11.606220][    T1] usb usb13: SerialNumber: vhci_hcd.5
[   11.609714][    T1] hub 13-0:1.0: USB hub found
[   11.612083][    T1] hub 13-0:1.0: 8 ports detected
[   11.617190][    T1] vhci_hcd vhci_hcd.6: USB/IP Virtual Host Controller
[   11.619898][    T1] vhci_hcd vhci_hcd.6: new USB bus registered, assigned bus number 14
[   11.623832][    T1] usb usb14: New USB device found, idVendor=1d6b, idProduct=0002, bcdDevice= 5.06
[   11.628385][    T1] usb usb14: New USB device strings: Mfr=3, Product=2, SerialNumber=1
[   11.631509][    T1] usb usb14: Product: USB/IP Virtual Host Controller
[   11.633783][    T1] usb usb14: Manufacturer: Linux 5.6.0-rc6+ vhci_hcd
[   11.635890][    T1] usb usb14: SerialNumber: vhci_hcd.6
[   11.639413][    T1] hub 14-0:1.0: USB hub found
[   11.641874][    T1] hub 14-0:1.0: 8 ports detected
[   11.646108][    T1] vhci_hcd vhci_hcd.6: USB/IP Virtual Host Controller
[   11.648888][    T1] vhci_hcd vhci_hcd.6: new USB bus registered, assigned bus number 15
[   11.651610][    T1] usb usb15: We don't know the algorithms for LPM for this host, disabling LPM.
[   11.654747][    T1] usb usb15: New USB device found, idVendor=1d6b, idProduct=0003, bcdDevice= 5.06
[   11.657719][    T1] usb usb15: New USB device strings: Mfr=3, Product=2, SerialNumber=1
[   11.660349][    T1] usb usb15: Product: USB/IP Virtual Host Controller
[   11.663374][    T1] usb usb15: Manufacturer: Linux 5.6.0-rc6+ vhci_hcd
[   11.665539][    T1] usb usb15: SerialNumber: vhci_hcd.6
[   11.668767][    T1] hub 15-0:1.0: USB hub found
[   11.670386][    T1] hub 15-0:1.0: 8 ports detected
[   11.674977][    T1] vhci_hcd vhci_hcd.7: USB/IP Virtual Host Controller
[   11.677477][    T1] vhci_hcd vhci_hcd.7: new USB bus registered, assigned bus number 16
[   11.680193][    T1] usb usb16: New USB device found, idVendor=1d6b, idProduct=0002, bcdDevice= 5.06
[   11.683067][    T1] usb usb16: New USB device strings: Mfr=3, Product=2, SerialNumber=1
[   11.685599][    T1] usb usb16: Product: USB/IP Virtual Host Controller
[   11.687731][    T1] usb usb16: Manufacturer: Linux 5.6.0-rc6+ vhci_hcd
[   11.689871][    T1] usb usb16: SerialNumber: vhci_hcd.7
[   11.693323][    T1] hub 16-0:1.0: USB hub found
[   11.694858][    T1] hub 16-0:1.0: 8 ports detected
[   11.699126][    T1] vhci_hcd vhci_hcd.7: USB/IP Virtual Host Controller
[   11.702601][    T1] vhci_hcd vhci_hcd.7: new USB bus registered, assigned bus number 17
[   11.705390][    T1] usb usb17: We don't know the algorithms for LPM for this host, disabling LPM.
[   11.708674][    T1] usb usb17: New USB device found, idVendor=1d6b, idProduct=0003, bcdDevice= 5.06
[   11.711811][    T1] usb usb17: New USB device strings: Mfr=3, Product=2, SerialNumber=1
[   11.714471][    T1] usb usb17: Product: USB/IP Virtual Host Controller
[   11.716522][    T1] usb usb17: Manufacturer: Linux 5.6.0-rc6+ vhci_hcd
[   11.718648][    T1] usb usb17: SerialNumber: vhci_hcd.7
[   11.722212][    T1] hub 17-0:1.0: USB hub found
[   11.723757][    T1] hub 17-0:1.0: 8 ports detected
[   11.727455][    T1] vhci_hcd vhci_hcd.8: USB/IP Virtual Host Controller
[   11.730020][    T1] vhci_hcd vhci_hcd.8: new USB bus registered, assigned bus number 18
[   11.733238][    T1] usb usb18: New USB device found, idVendor=1d6b, idProduct=0002, bcdDevice= 5.06
[   11.736271][    T1] usb usb18: New USB device strings: Mfr=3, Product=2, SerialNumber=1
[   11.738893][    T1] usb usb18: Product: USB/IP Virtual Host Controller
[   11.741071][    T1] usb usb18: Manufacturer: Linux 5.6.0-rc6+ vhci_hcd
[   11.744356][    T1] usb usb18: SerialNumber: vhci_hcd.8
[   11.747412][    T1] hub 18-0:1.0: USB hub found
[   11.748980][    T1] hub 18-0:1.0: 8 ports detected
[   11.753534][    T1] vhci_hcd vhci_hcd.8: USB/IP Virtual Host Controller
[   11.756209][    T1] vhci_hcd vhci_hcd.8: new USB bus registered, assigned bus number 19
[   11.759654][    T1] usb usb19: We don't know the algorithms for LPM for this host, disabling LPM.
[   11.763130][    T1] usb usb19: New USB device found, idVendor=1d6b, idProduct=0003, bcdDevice= 5.06
[   11.765977][    T1] usb usb19: New USB device strings: Mfr=3, Product=2, SerialNumber=1
[   11.768513][    T1] usb usb19: Product: USB/IP Virtual Host Controller
[   11.770649][    T1] usb usb19: Manufacturer: Linux 5.6.0-rc6+ vhci_hcd
[   11.772794][    T1] usb usb19: SerialNumber: vhci_hcd.8
[   11.775356][    T1] hub 19-0:1.0: USB hub found
[   11.777551][    T1] hub 19-0:1.0: 8 ports detected
[   11.781328][    T1] vhci_hcd vhci_hcd.9: USB/IP Virtual Host Controller
[   11.784327][    T1] vhci_hcd vhci_hcd.9: new USB bus registered, assigned bus number 20
[   11.787280][    T1] usb usb20: New USB device found, idVendor=1d6b, idProduct=0002, bcdDevice= 5.06
[   11.790339][    T1] usb usb20: New USB device strings: Mfr=3, Product=2, SerialNumber=1
[   11.793507][    T1] usb usb20: Product: USB/IP Virtual Host Controller
[   11.795806][    T1] usb usb20: Manufacturer: Linux 5.6.0-rc6+ vhci_hcd
[   11.798230][    T1] usb usb20: SerialNumber: vhci_hcd.9
[   11.801020][    T1] hub 20-0:1.0: USB hub found
[   11.802650][    T1] hub 20-0:1.0: 8 ports detected
[   11.806231][    T1] vhci_hcd vhci_hcd.9: USB/IP Virtual Host Controller
[   11.808904][    T1] vhci_hcd vhci_hcd.9: new USB bus registered, assigned bus number 21
[   11.812649][    T1] usb usb21: We don't know the algorithms for LPM for this host, disabling LPM.
[   11.816434][    T1] usb usb21: New USB device found, idVendor=1d6b, idProduct=0003, bcdDevice= 5.06
[   11.819856][    T1] usb usb21: New USB device strings: Mfr=3, Product=2, SerialNumber=1
[   11.822690][    T1] usb usb21: Product: USB/IP Virtual Host Controller
[   11.824923][    T1] usb usb21: Manufacturer: Linux 5.6.0-rc6+ vhci_hcd
[   11.826940][    T1] usb usb21: SerialNumber: vhci_hcd.9
[   11.830041][    T1] hub 21-0:1.0: USB hub found
[   11.832403][    T1] hub 21-0:1.0: 8 ports detected
[   11.836266][    T1] vhci_hcd vhci_hcd.10: USB/IP Virtual Host Controller
[   11.839330][    T1] vhci_hcd vhci_hcd.10: new USB bus registered, assigned bus number 22
[   11.842608][    T1] usb usb22: New USB device found, idVendor=1d6b, idProduct=0002, bcdDevice= 5.06
[   11.845539][    T1] usb usb22: New USB device strings: Mfr=3, Product=2, SerialNumber=1
[   11.848247][    T1] usb usb22: Product: USB/IP Virtual Host Controller
[   11.850467][    T1] usb usb22: Manufacturer: Linux 5.6.0-rc6+ vhci_hcd
[   11.852824][    T1] usb usb22: SerialNumber: vhci_hcd.10
[   11.855492][    T1] hub 22-0:1.0: USB hub found
[   11.858498][    T1] hub 22-0:1.0: 8 ports detected
[   11.864218][    T1] vhci_hcd vhci_hcd.10: USB/IP Virtual Host Controller
[   11.866992][    T1] vhci_hcd vhci_hcd.10: new USB bus registered, assigned bus number 23
[   11.870204][    T1] usb usb23: We don't know the algorithms for LPM for this host, disabling LPM.
[   11.876217][    T1] usb usb23: New USB device found, idVendor=1d6b, idProduct=0003, bcdDevice= 5.06
[   11.880105][    T1] usb usb23: New USB device strings: Mfr=3, Product=2, SerialNumber=1
[   11.884313][    T1] usb usb23: Product: USB/IP Virtual Host Controller
[   11.886461][    T1] usb usb23: Manufacturer: Linux 5.6.0-rc6+ vhci_hcd
[   11.888875][    T1] usb usb23: SerialNumber: vhci_hcd.10
[   11.892249][    T1] hub 23-0:1.0: USB hub found
[   11.894648][    T1] hub 23-0:1.0: 8 ports detected
[   11.900536][    T1] vhci_hcd vhci_hcd.11: USB/IP Virtual Host Controller
[   11.903766][    T1] vhci_hcd vhci_hcd.11: new USB bus registered, assigned bus number 24
[   11.907743][    T1] usb usb24: New USB device found, idVendor=1d6b, idProduct=0002, bcdDevice= 5.06
[   11.912479][    T1] usb usb24: New USB device strings: Mfr=3, Product=2, SerialNumber=1
[   11.915893][    T1] usb usb24: Product: USB/IP Virtual Host Controller
[   11.918184][    T1] usb usb24: Manufacturer: Linux 5.6.0-rc6+ vhci_hcd
[   11.920513][    T1] usb usb24: SerialNumber: vhci_hcd.11
[   11.923529][    T1] hub 24-0:1.0: USB hub found
[   11.925224][    T1] hub 24-0:1.0: 8 ports detected
[   11.928729][    T1] vhci_hcd vhci_hcd.11: USB/IP Virtual Host Controller
[   11.931935][    T1] vhci_hcd vhci_hcd.11: new USB bus registered, assigned bus number 25
[   11.934852][    T1] usb usb25: We don't know the algorithms for LPM for this host, disabling LPM.
[   11.938268][    T1] usb usb25: New USB device found, idVendor=1d6b, idProduct=0003, bcdDevice= 5.06
[   11.941945][    T1] usb usb25: New USB device strings: Mfr=3, Product=2, SerialNumber=1
[   11.944866][    T1] usb usb25: Product: USB/IP Virtual Host Controller
[   11.947219][    T1] usb usb25: Manufacturer: Linux 5.6.0-rc6+ vhci_hcd
[   11.949515][    T1] usb usb25: SerialNumber: vhci_hcd.11
[   11.953554][    T1] hub 25-0:1.0: USB hub found
[   11.955341][    T1] hub 25-0:1.0: 8 ports detected
[   11.959461][    T1] vhci_hcd vhci_hcd.12: USB/IP Virtual Host Controller
[   11.962407][    T1] vhci_hcd vhci_hcd.12: new USB bus registered, assigned bus number 26
[   11.965553][    T1] usb usb26: New USB device found, idVendor=1d6b, idProduct=0002, bcdDevice= 5.06
[   11.968620][    T1] usb usb26: New USB device strings: Mfr=3, Product=2, SerialNumber=1
[   11.971798][    T1] usb usb26: Product: USB/IP Virtual Host Controller
[   11.974157][    T1] usb usb26: Manufacturer: Linux 5.6.0-rc6+ vhci_hcd
[   11.976424][    T1] usb usb26: SerialNumber: vhci_hcd.12
[   11.979242][    T1] hub 26-0:1.0: USB hub found
[   11.981544][    T1] hub 26-0:1.0: 8 ports detected
[   11.985110][    T1] vhci_hcd vhci_hcd.12: USB/IP Virtual Host Controller
[   11.988422][    T1] vhci_hcd vhci_hcd.12: new USB bus registered, assigned bus number 27
[   11.992309][    T1] usb usb27: We don't know the algorithms for LPM for this host, disabling LPM.
[   11.997095][    T1] usb usb27: New USB device found, idVendor=1d6b, idProduct=0003, bcdDevice= 5.06
[   12.000312][    T1] usb usb27: New USB device strings: Mfr=3, Product=2, SerialNumber=1
[   12.004727][    T1] usb usb27: Product: USB/IP Virtual Host Controller
[   12.006992][    T1] usb usb27: Manufacturer: Linux 5.6.0-rc6+ vhci_hcd
[   12.009763][    T1] usb usb27: SerialNumber: vhci_hcd.12
[   12.013524][    T1] hub 27-0:1.0: USB hub found
[   12.015096][    T1] hub 27-0:1.0: 8 ports detected
[   12.019193][    T1] vhci_hcd vhci_hcd.13: USB/IP Virtual Host Controller
[   12.021999][    T1] vhci_hcd vhci_hcd.13: new USB bus registered, assigned bus number 28
[   12.024970][    T1] usb usb28: New USB device found, idVendor=1d6b, idProduct=0002, bcdDevice= 5.06
[   12.028270][    T1] usb usb28: New USB device strings: Mfr=3, Product=2, SerialNumber=1
[   12.031338][    T1] usb usb28: Product: USB/IP Virtual Host Controller
[   12.034112][    T1] usb usb28: Manufacturer: Linux 5.6.0-rc6+ vhci_hcd
[   12.036392][    T1] usb usb28: SerialNumber: vhci_hcd.13
[   12.039363][    T1] hub 28-0:1.0: USB hub found
[   12.041175][    T1] hub 28-0:1.0: 8 ports detected
[   12.044808][    T1] vhci_hcd vhci_hcd.13: USB/IP Virtual Host Controller
[   12.047512][    T1] vhci_hcd vhci_hcd.13: new USB bus registered, assigned bus number 29
[   12.050315][    T1] usb usb29: We don't know the algorithms for LPM for this host, disabling LPM.
[   12.053489][    T1] usb usb29: New USB device found, idVendor=1d6b, idProduct=0003, bcdDevice= 5.06
[   12.056467][    T1] usb usb29: New USB device strings: Mfr=3, Product=2, SerialNumber=1
[   12.059156][    T1] usb usb29: Product: USB/IP Virtual Host Controller
[   12.062861][    T1] usb usb29: Manufacturer: Linux 5.6.0-rc6+ vhci_hcd
[   12.064948][    T1] usb usb29: SerialNumber: vhci_hcd.13
[   12.068035][    T1] hub 29-0:1.0: USB hub found
[   12.069599][    T1] hub 29-0:1.0: 8 ports detected
[   12.073358][    T1] vhci_hcd vhci_hcd.14: USB/IP Virtual Host Controller
[   12.076071][    T1] vhci_hcd vhci_hcd.14: new USB bus registered, assigned bus number 30
[   12.079105][    T1] usb usb30: New USB device found, idVendor=1d6b, idProduct=0002, bcdDevice= 5.06
[   12.082000][    T1] usb usb30: New USB device strings: Mfr=3, Product=2, SerialNumber=1
[   12.084566][    T1] usb usb30: Product: USB/IP Virtual Host Controller
[   12.086674][    T1] usb usb30: Manufacturer: Linux 5.6.0-rc6+ vhci_hcd
[   12.088810][    T1] usb usb30: SerialNumber: vhci_hcd.14
[   12.091682][    T1] hub 30-0:1.0: USB hub found
[   12.093231][    T1] hub 30-0:1.0: 8 ports detected
[   12.096869][    T1] vhci_hcd vhci_hcd.14: USB/IP Virtual Host Controller
[   12.099458][    T1] vhci_hcd vhci_hcd.14: new USB bus registered, assigned bus number 31
[   12.102498][    T1] usb usb31: We don't know the algorithms for LPM for this host, disabling LPM.
[   12.105921][    T1] usb usb31: New USB device found, idVendor=1d6b, idProduct=0003, bcdDevice= 5.06
[   12.108740][    T1] usb usb31: New USB device strings: Mfr=3, Product=2, SerialNumber=1
[   12.111382][    T1] usb usb31: Product: USB/IP Virtual Host Controller
[   12.113531][    T1] usb usb31: Manufacturer: Linux 5.6.0-rc6+ vhci_hcd
[   12.115740][    T1] usb usb31: SerialNumber: vhci_hcd.14
[   12.118321][    T1] hub 31-0:1.0: USB hub found
[   12.119930][    T1] hub 31-0:1.0: 8 ports detected
[   12.124479][    T1] vhci_hcd vhci_hcd.15: USB/IP Virtual Host Controller
[   12.127065][    T1] vhci_hcd vhci_hcd.15: new USB bus registered, assigned bus number 32
[   12.129971][    T1] usb usb32: New USB device found, idVendor=1d6b, idProduct=0002, bcdDevice= 5.06
[   12.132995][    T1] usb usb32: New USB device strings: Mfr=3, Product=2, SerialNumber=1
[   12.135515][    T1] usb usb32: Product: USB/IP Virtual Host Controller
[   12.137705][    T1] usb usb32: Manufacturer: Linux 5.6.0-rc6+ vhci_hcd
[   12.140075][    T1] usb usb32: SerialNumber: vhci_hcd.15
[   12.142834][    T1] hub 32-0:1.0: USB hub found
[   12.144405][    T1] hub 32-0:1.0: 8 ports detected
[   12.150634][    T1] vhci_hcd vhci_hcd.15: USB/IP Virtual Host Controller
[   12.154157][    T1] vhci_hcd vhci_hcd.15: new USB bus registered, assigned bus number 33
[   12.156974][    T1] usb usb33: We don't know the algorithms for LPM for this host, disabling LPM.
[   12.159953][    T1] usb usb33: New USB device found, idVendor=1d6b, idProduct=0003, bcdDevice= 5.06
[   12.162773][    T1] usb usb33: New USB device strings: Mfr=3, Product=2, SerialNumber=1
[   12.165398][    T1] usb usb33: Product: USB/IP Virtual Host Controller
[   12.167529][    T1] usb usb33: Manufacturer: Linux 5.6.0-rc6+ vhci_hcd
[   12.169658][    T1] usb usb33: SerialNumber: vhci_hcd.15
[   12.173176][    T1] hub 33-0:1.0: USB hub found
[   12.174796][    T1] hub 33-0:1.0: 8 ports detected
[   12.178775][    T1] usbcore: registered new device driver usbip-host
[   12.184065][    T1] i8042: PNP: PS/2 Controller [PNP0303:KBD,PNP0f13:MOU] at 0x60,0x64 irq 1,12
[   12.189517][    T1] serio: i8042 KBD port at 0x60,0x64 irq 1
[   12.192310][    T1] serio: i8042 AUX port at 0x60,0x64 irq 12
[   12.325330][    T1] mousedev: PS/2 mouse device common for all mice
[   12.329010][ T2649] input: AT Translated Set 2 keyboard as /devices/platform/i8042/serio0/input/input1
[   12.337655][    T1] rtc_cmos 00:05: RTC can wake from S4
[   12.342087][    T1] rtc_cmos 00:05: registered as rtc0
[   12.343641][    T1] rtc_cmos 00:05: alarms up to one day, y3k, 242 bytes nvram, hpet irqs
[   12.346084][    T1] i2c /dev entries driver
[   12.347942][    T1] piix4_smbus 0000:00:01.3: SMBus Host Controller at 0x700, revision 0
[   12.350989][    T1] usbcore: registered new interface driver RobotFuzz Open Source InterFace, OSIF
[   12.354713][    T1] usbcore: registered new interface driver i2c-tiny-usb
[   12.357553][    T1] IR NEC protocol handler initialized
[   12.359667][    T1] IR RC5(x/sz) protocol handler initialized
[   12.361743][    T1] IR RC6 protocol handler initialized
[   12.363264][    T1] IR JVC protocol handler initialized
[   12.364736][    T1] IR Sony protocol handler initialized
[   12.366116][    T1] IR SANYO protocol handler initialized
[   12.367271][    T1] IR Sharp protocol handler initialized
[   12.368754][    T1] IR MCE Keyboard/mouse protocol handler initialized
[   12.371086][    T1] IR XMP protocol handler initialized
[   12.384097][    T1] vivid-000: using single planar format API
[   12.395081][    T1] vivid-000: CEC adapter cec0 registered for HDMI input 0
[   12.397978][    T1] vivid-000: V4L2 capture device registered as video3
[   12.400152][    T1] vivid-000: CEC adapter cec1 registered for HDMI output 0
[   12.403213][    T1] vivid-000: V4L2 output device registered as video4
[   12.406359][    T1] vivid-000: V4L2 capture device registered as vbi0, supports raw and sliced VBI
[   12.409068][    T1] vivid-000: V4L2 output device registered as vbi1, supports raw and sliced VBI
[   12.411991][    T1] vivid-000: V4L2 capture device registered as swradio0
[   12.414077][    T1] vivid-000: V4L2 receiver device registered as radio0
[   12.416185][    T1] vivid-000: V4L2 transmitter device registered as radio1
[   12.418339][    T1] vivid-000: V4L2 metadata capture device registered as video5
[   12.420908][    T1] vivid-000: V4L2 metadata output device registered as video6
[   12.423173][    T1] vivid-000: V4L2 touch capture device registered as v4l-touch0
[   12.426262][    T1] vim2m vim2m.0: Device registered as /dev/video7
[   12.429559][    T1] vicodec vicodec.0: Device 'stateful-encoder' registered as /dev/video8
[   12.432510][    T1] vicodec vicodec.0: Device 'stateful-decoder' registered as /dev/video9
[   12.435042][    T1] vicodec vicodec.0: Device 'stateless-decoder' registered as /dev/video10
[   12.438264][    T1] usbcore: registered new interface driver uvcvideo
[   12.440026][    T1] USB Video Class driver (1.1.1)
[   12.441395][    T1] gspca_main: v2.14.0 registered
[   12.443108][    T1] iTCO_wdt: Intel TCO WatchDog Timer Driver v1.11
[   12.444986][    T1] iTCO_vendor_support: vendor-support=0
[   12.447847][    T1] device-mapper: uevent: version 1.0.3
[   12.449918][    T1] device-mapper: ioctl: 4.42.0-ioctl (2020-02-27) initialised: dm-devel@redhat.com
[   12.453395][    T1] device-mapper: multipath round-robin: version 1.2.0 loaded
[   12.455432][    T1] device-mapper: multipath queue-length: version 0.2.0 loaded
[   12.457391][    T1] device-mapper: multipath service-time: version 0.3.0 loaded
[   12.459981][    T1] device-mapper: raid: Loading target version 1.15.1
[   12.464095][    T1] Bluetooth: HCI UART driver ver 2.3
[   12.466433][    T1] Bluetooth: HCI UART protocol H4 registered
[   12.468156][    T1] Bluetooth: HCI UART protocol BCSP registered
[   12.470029][    T1] Bluetooth: HCI UART protocol LL registered
[   12.472239][    T1] Bluetooth: HCI UART protocol Three-wire (H5) registered
[   12.474326][    T1] Bluetooth: HCI UART protocol QCA registered
[   12.476118][    T1] Bluetooth: HCI UART protocol AG6XX registered
[   12.478003][    T1] Bluetooth: HCI UART protocol Marvell registered
[   12.480302][    T1] usbcore: registered new interface driver bfusb
[   12.486784][    T1] usbcore: registered new interface driver btusb
[   12.491158][    T1] CAPI 2.0 started up with major 68 (middleware)
[   12.496525][    T1] Modular ISDN core version 1.1.29
[   12.503744][    T1] NET: Registered protocol family 34
[   12.506616][    T1] DSP module 2.0
[   12.508328][    T1] mISDN_dsp: DSP clocks every 80 samples. This equals 1 jiffies.
[   12.517646][    T1] mISDN: Layer-1-over-IP driver Rev. 2.00
[   12.520114][    T1] 0 virtual devices registered
[   12.522077][    T1] intel_pstate: CPU model not supported
[   12.528053][    T1] usnic_verbs: Cisco VIC (USNIC) Verbs Driver v1.0.3 (December 19, 2013)
[   12.532024][    T1] usnic_verbs:usnic_uiom_init:563: 
[   12.532027][    T1] IOMMU required but not present or enabled.  USNIC QPs will not function w/o enabling IOMMU
[   12.538018][    T1] usnic_verbs:usnic_ib_init:667: 
[   12.538021][    T1] Unable to initialize umem with err -1
[   12.544562][    T1] iscsi: registered transport (iser)
[   12.546563][    T1] OPA Virtual Network Driver - v1.0
[   12.549456][    T1] SoftiWARP attached
[   12.551758][    T1] Driver 'framebuffer' was unable to register with bus_type 'coreboot' because the bus was not initialized.
[   12.555897][    T1] Driver 'memconsole' was unable to register with bus_type 'coreboot' because the bus was not initialized.
[   12.559986][    T1] Driver 'vpd' was unable to register with bus_type 'coreboot' because the bus was not initialized.
[   12.567685][    T1] hid: raw HID events driver (C) Jiri Kosina
[   12.578999][    T1] usbcore: registered new interface driver usbhid
[   12.585910][    T1] usbhid: USB HID core driver
[   12.588730][    T1] ashmem: initialized
[   12.589904][    T1] exFAT: Version 1.3.0
[   12.614918][    T1] usbcore: registered new interface driver snd-usb-audio
[   12.617144][    T1] drop_monitor: Initializing network drop monitor service
[   12.619411][    T1] NET: Registered protocol family 26
[   12.621080][    T1] GACT probability on
[   12.622190][    T1] Mirror/redirect action on
[   12.623560][    T1] Simple TC action Loaded
[   12.625839][    T1] netem: version 1.3
[   12.627031][    T1] u32 classifier
[   12.628198][    T1]     Performance counters on
[   12.629665][    T1]     input device check on
[   12.632250][    T1]     Actions configured
[   12.637250][    T1] xt_time: kernel timezone is -0000
[   12.638831][    T1] IPVS: Registered protocols (TCP, UDP, SCTP, AH, ESP)
[   12.641591][    T1] IPVS: Connection hash table configured (size=4096, memory=64Kbytes)
[   12.644817][    T1] IPVS: ipvs loaded.
[   12.646269][    T1] IPVS: [rr] scheduler registered.
[   12.648338][    T1] IPVS: [wrr] scheduler registered.
[   12.649886][    T1] IPVS: [lc] scheduler registered.
[   12.651689][    T1] IPVS: [wlc] scheduler registered.
[   12.653262][    T1] IPVS: [fo] scheduler registered.
[   12.654814][    T1] IPVS: [ovf] scheduler registered.
[   12.656713][    T1] IPVS: [lblc] scheduler registered.
[   12.658327][    T1] IPVS: [lblcr] scheduler registered.
[   12.660051][    T1] IPVS: [dh] scheduler registered.
[   12.662691][    T1] IPVS: [sh] scheduler registered.
[   12.664589][    T1] IPVS: [mh] scheduler registered.
[   12.666117][    T1] IPVS: [sed] scheduler registered.
[   12.667837][    T1] IPVS: [nq] scheduler registered.
[   12.669793][    T1] IPVS: ftp: loaded support on port[0] = 21
[   12.672029][    T1] IPVS: [sip] pe registered.
[   12.673680][    T1] ipip: IPv4 and MPLS over IPv4 tunneling driver
[   12.677125][    T1] gre: GRE over IPv4 demultiplexor driver
[   12.678993][    T1] ip_gre: GRE over IPv4 tunneling driver
[   12.683072][    T1] IPv4 over IPsec tunneling driver
[   12.686571][    T1] ipt_CLUSTERIP: ClusterIP Version 0.8 loaded successfully
[   12.689338][    T1] Initializing XFRM netlink socket
[   12.691099][    T1] IPsec XFRM device driver
[   12.692832][    T1] NET: Registered protocol family 10
[   12.700071][    T1] Segment Routing with IPv6
[   12.701865][    T1] mip6: Mobile IPv6
[   12.705028][    T1] sit: IPv6, IPv4 and MPLS over IPv4 tunneling driver
[   12.709769][    T1] ip6_gre: GRE over IPv6 tunneling driver
[   12.713957][    T1] NET: Registered protocol family 17
[   12.715727][    T1] NET: Registered protocol family 15
[   12.717733][    T1] Bridge firewalling registered
[   12.720356][    T1] NET: Registered protocol family 9
[   12.723012][    T1] X25: Linux Version 0.2
[   12.729184][    T1] NET: Registered protocol family 6
[   12.737839][    T1] NET: Registered protocol family 11
[   12.739860][    T1] NET: Registered protocol family 3
[   12.742352][    T1] can: controller area network core (rev 20170425 abi 9)
[   12.744961][    T1] NET: Registered protocol family 29
[   12.746703][    T1] can: raw protocol (rev 20170425)
[   12.748355][    T1] can: broadcast manager protocol (rev 20170425 t)
[   12.751218][    T1] can: netlink gateway (rev 20190810) max_hops=1
[   12.753720][    T1] can: SAE J1939
[   12.755687][    T1] Bluetooth: RFCOMM TTY layer initialized
[   12.757619][    T1] Bluetooth: RFCOMM socket layer initialized
[   12.759710][    T1] Bluetooth: RFCOMM ver 1.11
[   12.763052][    T1] Bluetooth: BNEP (Ethernet Emulation) ver 1.3
[   12.765213][    T1] Bluetooth: BNEP filters: protocol multicast
[   12.767400][    T1] Bluetooth: BNEP socket layer initialized
[   12.769403][    T1] Bluetooth: CMTP (CAPI Emulation) ver 1.0
[   12.773258][    T1] Bluetooth: CMTP socket layer initialized
[   12.775516][    T1] Bluetooth: HIDP (Human Interface Emulation) ver 1.2
[   12.778902][    T1] Bluetooth: HIDP socket layer initialized
[   12.782131][    T1] RPC: Registered rdma transport module.
[   12.784001][    T1] RPC: Registered rdma backchannel transport module.
[   12.788291][    T1] NET: Registered protocol family 33
[   12.790098][    T1] Key type rxrpc registered
[   12.791711][    T1] Key type rxrpc_s registered
[   12.803796][    T1] NET: Registered protocol family 41
[   12.815740][    T1] lec:lane_module_init: lec.c: initialized
[   12.817489][    T1] mpoa:atm_mpoa_init: mpc.c: initialized
[   12.819258][    T1] l2tp_core: L2TP core driver, V2.0
[   12.821091][    T1] l2tp_ppp: PPPoL2TP kernel driver, V2.0
[   12.822781][    T1] l2tp_ip: L2TP IP encapsulation support (L2TPv3)
[   12.824770][    T1] l2tp_netlink: L2TP netlink interface
[   12.826570][    T1] l2tp_eth: L2TP ethernet pseudowire support (L2TPv3)
[   12.828672][    T1] l2tp_ip6: L2TP IP encapsulation support for IPv6 (L2TPv3)
[   12.831060][    T1] NET: Registered protocol family 35
[   12.832800][    T1] 8021q: 802.1Q VLAN Support v1.8
[   12.859481][    T1] DCCP: Activated CCID 2 (TCP-like)
[   12.861564][    T1] DCCP: Activated CCID 3 (TCP-Friendly Rate Control)
[   12.864001][    T1] sctp: Hash tables configured (bind 64/64)
[   12.866736][    T1] NET: Registered protocol family 21
[   12.868666][    T1] Registered RDS/infiniband transport
[   12.870827][    T1] Registered RDS/tcp transport
[   12.872189][    T1] tipc: Activated (version 2.0.0)
[   12.873915][    T1] NET: Registered protocol family 30
[   12.875913][    T1] tipc: Started in single node mode
[   12.877619][    T1] NET: Registered protocol family 43
[   12.879338][    T1] 9pnet: Installing 9P2000 support
[   12.881327][    T1] NET: Registered protocol family 37
[   12.885787][    T1] NET: Registered protocol family 36
[   12.887716][    T1] Key type dns_resolver registered
[   12.889171][    T1] Key type ceph registered
[   12.890670][    T1] libceph: loaded (mon/osd proto 15/24)
[   12.893221][    T1] batman_adv: B.A.T.M.A.N. advanced 2020.0 (compatibility version 15) loaded
[   12.896593][    T1] openvswitch: Open vSwitch switching datapath
[   12.899851][    T1] NET: Registered protocol family 40
[   12.901842][    T1] mpls_gso: MPLS GSO support
[   12.907962][    T1] IPI shorthand broadcast: enabled
[   12.909705][    T1] AVX2 version of gcm_enc/dec engaged.
[   12.911577][    T1] AES CTR mode by8 optimization enabled
[   12.918385][    T1] sched_clock: Marking stable (12818434066, 99917217)->(13000505834, -82154551)
[   12.922423][    T1] registered taskstats version 1
[   12.923929][    T1] Loading compiled-in X.509 certificates
[   12.927966][    T1] Loaded X.509 cert 'Build time autogenerated kernel key: 5d7de0c5df58685871dec17a7c93503bfbad6e5d'
[   12.931909][    T1] zswap: loaded using pool lzo/zbud
[   12.934201][    T1] Key type ._fscrypt registered
[   12.936215][    T1] Key type .fscrypt registered
[   12.937927][    T1] Key type fscrypt-provisioning registered
[   12.944339][    T1] kAFS: Red Hat AFS client v0.1 registering.
[   12.947100][    T1] FS-Cache: Netfs 'afs' registered for caching
[   12.950355][    T1] *** VALIDATE afs ***
[   12.964380][    T1] Btrfs loaded, crc32c=crc32c-intel
[   12.969811][    T1] Key type big_key registered
[   12.973776][ T2649] input: ImExPS/2 Generic Explorer Mouse as /devices/platform/i8042/serio1/input/input3
[   12.978534][    T1] Key type encrypted registered
[   12.980349][    T1] ima: No TPM chip found, activating TPM-bypass!
[   12.982429][    T1] ima: Allocated hash algorithm: sha256
[   12.984470][    T1] ima: No architecture policies found
[   12.986108][    T1] evm: Initialising EVM extended attributes:
[   12.987940][    T1] evm: security.selinux
[   12.989164][    T1] evm: security.SMACK64
[   12.990416][    T1] evm: security.SMACK64EXEC
[   12.992000][    T1] evm: security.SMACK64TRANSMUTE
[   12.993415][    T1] evm: security.SMACK64MMAP
[   12.994725][    T1] evm: security.apparmor
[   12.996086][    T1] evm: security.ima
[   12.997602][    T1] evm: security.capability
[   12.999092][    T1] evm: HMAC attrs: 0x1
[   13.005555][    T1] PM:   Magic number: 10:517:772
[   13.007945][    T1] tty ptyp8: hash matches
[   13.010051][    T1] printk: console [netcon0] enabled
[   13.011592][    T1] netconsole: network logging started
[   13.013423][    T1] gtp: GTP module loaded (pdp ctx size 104 bytes)
[   13.016750][    T1] rdma_rxe: loaded
[   13.018279][    T1] cfg80211: Loading compiled-in X.509 certificates for regulatory database
[   13.022918][    T1] cfg80211: Loaded X.509 cert 'sforshee: 00b28ddf47aef9cea7'
[   13.025426][ T3008] platform regulatory.0: Direct firmware load for regulatory.db failed with error -2
[   13.029527][ T3008] cfg80211: failed to load regulatory.db
[   13.031947][    T1] ALSA device list:
[   13.033443][    T1]   #0: Dummy 1
[   13.034762][    T1]   #1: Loopback 1
[   13.036158][    T1]   #2: Virtual MIDI Card 1
[   13.052448][    T1] Freeing unused kernel image (initmem) memory: 2712K
[   13.091668][    T1] Write protecting the kernel read-only data: 137216k
[   13.097259][    T1] Freeing unused kernel image (text/rodata gap) memory: 2036K
[   13.100604][    T1] Freeing unused kernel image (rodata/data gap) memory: 1732K
[   13.104376][    T1] Run /init as init process
/init: line 19: can't create /proc/sys/kernel/unprivileged_userns_clone: nonexistent directory

secb: rootfs ready (Linux 5.6.0-rc6+ x86_64)
---- poc begin ----
[   13.168466][ T3719] IPVS: ftp: loaded support on port[0] = 21
[   13.184950][ T3719] ==================================================================
[   13.188179][ T3719] BUG: KASAN: double-free or invalid-free in tcf_exts_change+0xfe/0x140
[   13.193484][ T3719] 
[   13.194182][ T3719] CPU: 0 PID: 3719 Comm: poc Not tainted 5.6.0-rc6+ #1
[   13.195862][ T3719] Hardware name: QEMU Standard PC (i440FX + PIIX, 1996), BIOS 1.16.2-debian-1.16.2-1 04/01/2014
[   13.198467][ T3719] Call Trace:
[   13.199311][ T3719]  dump_stack+0x181/0x1fd
[   13.200424][ T3719]  print_address_description.constprop.0.cold+0x72/0x36f
[   13.202431][ T3719]  ? tcf_exts_change+0xfe/0x140
[   13.203927][ T3719]  kasan_report_invalid_free+0x60/0xa0
[   13.205634][ T3719]  ? tcf_exts_change+0xfe/0x140
[   13.206885][ T3719]  __kasan_slab_free+0x12f/0x140
[   13.208306][ T3719]  ? tcf_exts_change+0xfe/0x140
[   13.209658][ T3719]  kfree+0x103/0x2b0
[   13.210854][ T3719]  tcf_exts_change+0xfe/0x140
[   13.212122][ T3719]  tcindex_set_parms+0xd0c/0x1e10
[   13.213466][ T3719]  ? tcindex_alloc_perfect_hash+0x410/0x410
[   13.214994][ T3719]  ? mark_held_locks+0xe0/0xe0
[   13.216175][ T3719]  ? mark_held_locks+0xe0/0xe0
[   13.217417][ T3719]  ? nla_reserve_nohdr+0x130/0x130
[   13.218734][ T3719]  ? tcindex_change+0x20b/0x2e0
[   13.219943][ T3719]  tcindex_change+0x20b/0x2e0
[   13.221244][ T3719]  ? tcindex_set_parms+0x1e10/0x1e10
[   13.222894][ T3719]  ? tcindex_set_parms+0x1e10/0x1e10
[   13.224334][ T3719]  tc_new_tfilter+0x1422/0x2370
[   13.225813][ T3719]  ? tc_del_tfilter+0x15e0/0x15e0
[   13.227472][ T3719]  ? tc_del_tfilter+0x15e0/0x15e0
[   13.229209][ T3719]  rtnetlink_rcv_msg+0x800/0xab0
[   13.231248][ T3719]  ? rtnetlink_put_metrics+0x550/0x550
[   13.233449][ T3719]  ? mark_held_locks+0xe0/0xe0
[   13.235303][ T3719]  ? netlink_deliver_tap+0x146/0xbb0
[   13.237457][ T3719]  netlink_rcv_skb+0x15a/0x400
[   13.238640][ T3719]  ? rtnetlink_put_metrics+0x550/0x550
[   13.240029][ T3719]  ? netlink_ack+0xad0/0xad0
[   13.241180][ T3719]  netlink_unicast+0x527/0x7e0
[   13.242474][ T3719]  ? netlink_attachskb+0x810/0x810
[   13.243942][ T3719]  ? _copy_from_iter_full+0x24c/0x830
[   13.245445][ T3719]  netlink_sendmsg+0x85a/0xd70
[   13.246715][ T3719]  ? netlink_unicast+0x7e0/0x7e0
[   13.248037][ T3719]  ? netlink_unicast+0x7e0/0x7e0
[   13.249351][ T3719]  sock_sendmsg+0xc9/0x120
[   13.250579][ T3719]  ____sys_sendmsg+0x5f9/0x7c0
[   13.251864][ T3719]  ? copy_msghdr_from_user+0x289/0x460
[   13.253206][ T3719]  ? kernel_sendmsg+0x50/0x50
[   13.254475][ T3719]  ? ___sys_sendmsg+0x12a/0x1b0
[   13.255687][ T3719]  ___sys_sendmsg+0x11d/0x1b0
[   13.256846][ T3719]  ? do_recvmmsg+0x720/0x720
[   13.258026][ T3719]  ? reacquire_held_locks+0x500/0x500
[   13.259343][ T3719]  ? lock_acquire+0x19e/0x3e0
[   13.260820][ T3719]  ? __might_fault+0xf4/0x1d0
[   13.262193][ T3719]  ? __might_fault+0x195/0x1d0
[   13.263502][ T3719]  ? _copy_to_user+0x123/0x160
[   13.264757][ T3719]  ? move_addr_to_user+0xb3/0x200
[   13.266143][ T3719]  ? __fget_light+0x20f/0x270
[   13.267411][ T3719]  __x64_sys_sendmsg+0x135/0x210
[   13.268759][ T3719]  ? __sys_sendmsg+0x1b0/0x1b0
[   13.270110][ T3719]  ? down_read_non_owner+0xa0/0xa0
[   13.271431][ T3719]  ? trace_irq_enable_rcuidle+0x1f/0x1c0
[   13.272915][ T3719]  ? do_syscall_64+0x18/0x240
[   13.274089][ T3719]  do_syscall_64+0xf1/0x240
[   13.275245][ T3719]  entry_SYSCALL_64_after_hwframe+0x49/0xbe
[   13.276765][ T3719] RIP: 0033:0x432aa9
[   13.277732][ T3719] Code: 48 83 c4 28 c3 e8 37 18 00 00 0f 1f 80 00 00 00 00 48 89 f8 48 89 f7 48 89 d6 48 89 ca 4d 89 c2 4d 89 c8 4c 8b 4c 24 08 0f 05 <48> 3d 01 f0 ff ff 73 01 c3 48 c7 c1 b8 ff ff ff f7 d8 64 89 01 48
[   13.282889][ T3719] RSP: 002b:00007ffea8fd3ec8 EFLAGS: 00000246 ORIG_RAX: 000000000000002e
[   13.285238][ T3719] RAX: ffffffffffffffda RBX: 007865646e696374 RCX: 0000000000432aa9
[   13.287413][ T3719] RDX: 0000000000000000 RSI: 00000000200001c0 RDI: 0000000000000003
[   13.289640][ T3719] RBP: 0000000000000000 R08: 00007ffea8fd3f40 R09: 00007ffea8fd3f40
[   13.291685][ T3719] R10: 0000000000000000 R11: 0000000000000246 R12: 0000000000000000
[   13.293711][ T3719] R13: 0000000000000001 R14: 0000000000000001 R15: 0000000000000001
[   13.295772][ T3719] 
[   13.296443][ T3719] Allocated by task 1:
[   13.297552][ T3719]  save_stack+0x19/0x70
[   13.298785][ T3719]  __kasan_kmalloc.constprop.0+0xda/0xe0
[   13.300380][ T3719]  kmem_cache_alloc_node_trace+0x153/0x3d0
[   13.301900][ T3719]  blk_alloc_flush_queue+0x86/0x2d0
[   13.303337][ T3719]  blk_mq_realloc_hw_ctxs+0xfec/0x15f0
[   13.304828][ T3719]  blk_mq_init_allocated_queue+0x358/0x1490
[   13.306324][ T3719]  blk_mq_init_queue+0x5b/0xa0
[   13.307635][ T3719]  nbd_dev_add+0x2ec/0x8c0
[   13.308826][ T3719]  nbd_init+0x1a1/0x1c0
[   13.309974][ T3719]  do_one_initcall+0x108/0x7b0
[   13.311202][ T3719]  kernel_init_freeable+0x4ea/0x595
[   13.312522][ T3719]  kernel_init+0xc/0x1a0
[   13.313599][ T3719]  ret_from_fork+0x24/0x30
[   13.314826][ T3719] 
[   13.315437][ T3719] Freed by task 618:
[   13.316468][ T3719]  save_stack+0x19/0x70
[   13.317505][ T3719]  __kasan_slab_free+0xf9/0x140
[   13.318980][ T3719]  kfree+0x103/0x2b0
[   13.319990][ T3719]  umh_complete+0x7d/0x90
[   13.321188][ T3719]  call_usermodehelper_exec_async+0x654/0x760
[   13.322800][ T3719]  ret_from_fork+0x24/0x30
[   13.323985][ T3719] 
[   13.324564][ T3719] The buggy address belongs to the object at ffff88806a213e00
[   13.324564][ T3719]  which belongs to the cache kmalloc-192 of size 192
[   13.328205][ T3719] The buggy address is located 16 bytes inside of
[   13.328205][ T3719]  192-byte region [ffff88806a213e00, ffff88806a213ec0)
[   13.331604][ T3719] The buggy address belongs to the page:
[   13.333097][ T3719] page:ffffea0001a884c0 refcount:1 mapcount:0 mapping:ffff88806b800000 index:0x0
[   13.335660][ T3719] flags: 0xfffe0000000200(slab)
[   13.336978][ T3719] raw: 00fffe0000000200 ffffea0001a9df08 ffffea0001a88648 ffff88806b800000
[   13.339514][ T3719] raw: 0000000000000000 ffff88806a213000 0000000100000010 0000000000000000
[   13.341744][ T3719] page dumped because: kasan: bad access detected
[   13.343403][ T3719] 
[   13.344001][ T3719] Memory state around the buggy address:
[   13.345450][ T3719]  ffff88806a213d00: 00 00 00 00 00 00 00 00 00 00 00 00 00 00 00 00
[   13.347484][ T3719]  ffff88806a213d80: 00 fc fc fc fc fc fc fc fc fc fc fc fc fc fc fc
[   13.349582][ T3719] >ffff88806a213e00: 00 00 00 00 00 00 00 00 00 00 00 00 00 00 00 00
[   13.351729][ T3719]                          ^
[   13.353055][ T3719]  ffff88806a213e80: 00 00 00 fc fc fc fc fc fc fc fc fc fc fc fc fc
[   13.355221][ T3719]  ffff88806a213f00: 00 00 00 00 00 00 00 00 00 00 00 00 00 00 00 00
[   13.357541][ T3719] ==================================================================
[   13.359751][ T3719] Disabling lock debugging due to kernel taint
[   13.401765][ T3719] poc (3719) used greatest stack depth: 26024 bytes left
---- poc end rc=0 ----
secb: poc exited without crashing the kernel
[   13.650979][   T21] tipc: TX() has been purged, node left!
[   14.409658][ T3742] kvm: exiting hardware virtualization
[   14.413043][ T3742] ACPI: Preparing to enter system sleep state S5
[   14.414599][ T3742] reboot: Power down
CONFIRMED: KASAN_DOUBLE_FREE
