bash: warning: setlocale: LC_ALL: cannot change locale (en_US.UTF-8)
c[?7l[2J[0mSeaBIOS (version 1.16.2-debian-1.16.2-1)
Booting from ROM...
c[?7l[2Jearly console in extract_kernel
input_data: 0x00000000097c62e9
input_len: 0x000000000383ae39
output: 0x0000000001000000
output_len: 0x000000000ad0ab28
kernel_total_size: 0x000000000c026000
needed_size: 0x000000000c200000
trampoline_32bit: 0x000000000009d000

Decompressing Linux... Parsing ELF... done.
Booting the kernel.
[    0.000000][    T0] Linux version 5.6.0-rc6+ (root@buildkitsandbox) (gcc version 12.2.0 (Debian 12.2.0-14+deb12u1)) #2 SMP PREEMPT Fri May 22 06:47:27 UTC 2026
[    0.000000][    T0] Command line: console=ttyS0 oops=panic panic=86400 nokaslr earlyprintk=serial rdinit=/init
[    0.000000][    T0] KERNEL supported cpus:
[    0.000000][    T0]   Intel GenuineIntel
[    0.000000][    T0]   AMD AuthenticAMD
[    0.000000][    T0]   Centaur CentaurHauls
[    0.000000][    T0] x86/fpu: Supporting XSAVE feature 0x001: 'x87 floating point registers'
[    0.000000][    T0] x86/fpu: Supporting XSAVE feature 0x002: 'SSE registers'
[    0.000000][    T0] x86/fpu: Supporting XSAVE feature 0x004: 'AVX registers'
[    0.000000][    T0] x86/fpu: xstate_offset[2]:  576, xstate_sizes[2]:  256
[    0.000000][    T0] x86/fpu: Enabled xstate features 0x7, context size is 832 bytes, using 'compacted' format.
[    0.000000][    T0] BIOS-provided physical RAM map:
[    0.000000][    T0] BIOS-e820: [mem 0x0000000000000000-0x000000000009fbff] usable
[    0.000000][    T0] BIOS-e820: [mem 0x000000000009fc00-0x000000000009ffff] reserved
[    0.000000][    T0] BIOS-e820: [mem 0x00000000000f0000-0x00000000000fffff] reserved
[    0.000000][    T0] BIOS-e820: [mem 0x0000000000100000-0x000000007ffdffff] usable
[    0.000000][    T0] BIOS-e820: [mem 0x000000007ffe0000-0x000000007fffffff] reserved
[    0.000000][    T0] BIOS-e820: [mem 0x00000000feffc000-0x00000000feffffff] reserved
[    0.000000][    T0] BIOS-e820: [mem 0x00000000fffc0000-0x00000000ffffffff] reserved
[    0.000000][    T0] printk: bootconsole [earlyser0] enabled
[    0.000000][    T0] NX (Execute Disable) protection: active
[    0.000000][    T0] SMBIOS 2.8 present.
[    0.000000][    T0] DMI: QEMU Standard PC (i440FX + PIIX, 1996), BIOS 1.16.2-debian-1.16.2-1 04/01/2014
[    0.000000][    T0] Hypervisor detected: KVM
[    0.000000][    T0] kvm-clock: Using msrs 4b564d01 and 4b564d00
[    0.000003][    T0] kvm-clock: cpu 0, msr b938001, primary cpu clock
[    0.000003][    T0] kvm-clock: using sched offset of 1006717806 cycles
[    0.002586][    T0] clocksource: kvm-clock: mask: 0xffffffffffffffff max_cycles: 0x1cd42e4dffb, max_idle_ns: 881590591483 ns
[    0.009045][    T0] tsc: Detected 2995.198 MHz processor
[    0.014350][    T0] last_pfn = 0x7ffe0 max_arch_pfn = 0x400000000
[    0.017176][    T0] x86/PAT: Configuration [0-7]: WB  WC  UC- UC  WB  WP  UC- WT  
[    0.028085][    T0] found SMP MP-table at [mem 0x000f5ba0-0x000f5baf]
[    0.029983][    T0] check: Scanning 1 areas for low memory corruption
[    0.032701][    T0] Using GB pages for direct mapping
[    0.035528][    T0] RAMDISK: [mem 0x7fe92000-0x7ffdffff]
[    0.037978][    T0] ACPI: Early table checksum verification disabled
[    0.040799][    T0] ACPI: RSDP 0x00000000000F59D0 000014 (v00 BOCHS )
[    0.043460][    T0] ACPI: RSDT 0x000000007FFE1B33 000034 (v01 BOCHS  BXPC     00000001 BXPC 00000001)
[    0.045890][    T0] ACPI: FACP 0x000000007FFE19DF 000074 (v01 BOCHS  BXPC     00000001 BXPC 00000001)
[    0.048403][    T0] ACPI: DSDT 0x000000007FFE0040 00199F (v01 BOCHS  BXPC     00000001 BXPC 00000001)
[    0.051058][    T0] ACPI: FACS 0x000000007FFE0000 000040
[    0.052918][    T0] ACPI: APIC 0x000000007FFE1A53 000080 (v01 BOCHS  BXPC     00000001 BXPC 00000001)
[    0.056715][    T0] ACPI: HPET 0x000000007FFE1AD3 000038 (v01 BOCHS  BXPC     00000001 BXPC 00000001)
[    0.060629][    T0] ACPI: WAET 0x000000007FFE1B0B 000028 (v01 BOCHS  BXPC     00000001 BXPC 00000001)
[    0.064332][    T0] No NUMA configuration found
[    0.065578][    T0] Faking a node at [mem 0x0000000000000000-0x000000007ffdffff]
[    0.068379][    T0] NODE_DATA(0) allocated [mem 0x7fe8d000-0x7fe91fff]
[    0.136495][    T0] Zone ranges:
[    0.137510][    T0]   DMA      [mem 0x0000000000001000-0x0000000000ffffff]
[    0.139612][    T0]   DMA32    [mem 0x0000000001000000-0x000000007ffdffff]
[    0.142203][    T0]   Normal   empty
[    0.143345][    T0]   Device   empty
[    0.144573][    T0] Movable zone start for each node
[    0.146227][    T0] Early memory node ranges
[    0.147578][    T0]   node   0: [mem 0x0000000000001000-0x000000000009efff]
[    0.149563][    T0]   node   0: [mem 0x0000000000100000-0x000000007ffdffff]
[    0.151556][    T0] Zeroed struct page in unavailable ranges: 130 pages
[    0.151562][    T0] Initmem setup node 0 [mem 0x0000000000001000-0x000000007ffdffff]
[    0.753930][    T0] kasan: KernelAddressSanitizer initialized
[    0.756641][    T0] ACPI: PM-Timer IO Port: 0x608
[    0.758922][    T0] ACPI: LAPIC_NMI (acpi_id[0xff] dfl dfl lint[0x1])
[    0.760475][    T0] IOAPIC[0]: apic_id 0, version 17, address 0xfec00000, GSI 0-23
[    0.763501][    T0] ACPI: INT_SRC_OVR (bus 0 bus_irq 0 global_irq 2 dfl dfl)
[    0.765591][    T0] ACPI: INT_SRC_OVR (bus 0 bus_irq 5 global_irq 5 high level)
[    0.767992][    T0] ACPI: INT_SRC_OVR (bus 0 bus_irq 9 global_irq 9 high level)
[    0.770638][    T0] ACPI: INT_SRC_OVR (bus 0 bus_irq 10 global_irq 10 high level)
[    0.773040][    T0] ACPI: INT_SRC_OVR (bus 0 bus_irq 11 global_irq 11 high level)
[    0.774808][    T0] Using ACPI (MADT) for SMP configuration information
[    0.776395][    T0] ACPI: HPET id: 0x8086a201 base: 0xfed00000
[    0.777776][    T0] smpboot: Allowing 2 CPUs, 0 hotplug CPUs
[    0.779092][    T0] KVM setup pv remote TLB flush
[    0.780121][    T0] KVM setup pv sched yield
[    0.781130][    T0] PM: hibernation: Registered nosave memory: [mem 0x00000000-0x00000fff]
[    0.783699][    T0] PM: hibernation: Registered nosave memory: [mem 0x0009f000-0x0009ffff]
[    0.786769][    T0] PM: hibernation: Registered nosave memory: [mem 0x000a0000-0x000effff]
[    0.789996][    T0] PM: hibernation: Registered nosave memory: [mem 0x000f0000-0x000fffff]
[    0.792598][    T0] [mem 0x80000000-0xfeffbfff] available for PCI devices
[    0.794174][    T0] Booting paravirtualized kernel on KVM
[    0.795505][    T0] clocksource: refined-jiffies: mask: 0xffffffff max_cycles: 0xffffffff, max_idle_ns: 19112604462750000 ns
[    0.828094][    T0] setup_percpu: NR_CPUS:64 nr_cpumask_bits:64 nr_cpu_ids:2 nr_node_ids:1
[    0.835361][    T0] percpu: Embedded 66 pages/cpu s232520 r8192 d29624 u1048576
[    0.837664][    T0] KVM setup async PF for cpu 0
[    0.838902][    T0] kvm-stealtime: cpu 0, msr 6c222940
[    0.840643][    T0] PV qspinlock hash table entries: 256 (order: 0, 4096 bytes, linear)
[    0.845032][    T0] Built 1 zonelists, mobility grouping on.  Total pages: 515945
[    0.848727][    T0] Policy zone: DMA32
[    0.850520][    T0] Kernel command line: console=ttyS0 oops=panic panic=86400 nokaslr earlyprintk=serial rdinit=/init
[    0.857909][    T0] Dentry cache hash table entries: 262144 (order: 9, 2097152 bytes, linear)
[    0.864437][    T0] Inode-cache hash table entries: 131072 (order: 8, 1048576 bytes, linear)
[    0.868835][    T0] mem auto-init: stack:off, heap alloc:on, heap free:off
[    0.965234][    T0] Memory: 1573436K/2096632K available (112649K kernel code, 16908K rwdata, 20796K rodata, 2712K init, 23512K bss, 523196K reserved, 0K cma-reserved)
[    0.974258][    T0] Running RCU self tests
[    0.975556][    T0] rcu: Preemptible hierarchical RCU implementation.
[    0.977801][    T0] rcu: 	RCU lockdep checking is enabled.
[    0.980095][    T0] rcu: 	RCU restricting CPUs from NR_CPUS=64 to nr_cpu_ids=2.
[    0.982391][    T0] rcu: 	RCU callback double-/use-after-free debug enabled.
[    0.984244][    T0] 	Tasks RCU enabled.
[    0.985235][    T0] rcu: RCU calculated value of scheduler-enlistment delay is 10 jiffies.
[    0.987336][    T0] rcu: Adjusting geometry for rcu_fanout_leaf=16, nr_cpu_ids=2
[    0.992586][    T0] NR_IRQS: 4352, nr_irqs: 440, preallocated irqs: 16
[    0.996429][    T0] random: get_random_bytes called from start_kernel+0x4e1/0x874 with crng_init=0
[    1.018631][    T0] Console: colour VGA+ 80x25
[    1.022210][    T0] printk: console [ttyS0] enabled
[    1.022210][    T0] printk: console [ttyS0] enabled
[    1.024946][    T0] printk: bootconsole [earlyser0] disabled
[    1.024946][    T0] printk: bootconsole [earlyser0] disabled
[    1.031559][    T0] Lock dependency validator: Copyright (c) 2006 Red Hat, Inc., Ingo Molnar
[    1.034633][    T0] ... MAX_LOCKDEP_SUBCLASSES:  8
[    1.036233][    T0] ... MAX_LOCK_DEPTH:          48
[    1.037585][    T0] ... MAX_LOCKDEP_KEYS:        8192
[    1.038880][    T0] ... CLASSHASH_SIZE:          4096
[    1.040225][    T0] ... MAX_LOCKDEP_ENTRIES:     32768
[    1.041544][    T0] ... MAX_LOCKDEP_CHAINS:      65536
[    1.042901][    T0] ... CHAINHASH_SIZE:          32768
[    1.044266][    T0]  memory used by lock dependency info: 6237 kB
[    1.045936][    T0]  memory used for stack traces: 4224 kB
[    1.047828][    T0]  per task-struct memory footprint: 1920 bytes
[    1.053169][    T0] ACPI: Core revision 20200110
[    1.055479][    T0] clocksource: hpet: mask: 0xffffffff max_cycles: 0xffffffff, max_idle_ns: 19112604467 ns
[    1.058808][    T0] APIC: Switch to symmetric I/O mode setup
[    1.060842][    T0] x2apic enabled
[    1.062248][    T0] Switched APIC routing to physical x2apic.
[    1.063764][    T0] KVM setup pv IPIs
[    1.067440][    T0] ..TIMER: vector=0x30 apic1=0 pin1=2 apic2=-1 pin2=-1
[    1.069268][    T0] clocksource: tsc-early: mask: 0xffffffffffffffff max_cycles: 0x2b2c8d6afc8, max_idle_ns: 440795331172 ns
[    1.072964][    T0] Calibrating delay loop (skipped) preset value.. 5990.39 BogoMIPS (lpj=29951980)
[    1.075628][    T0] pid_max: default: 32768 minimum: 301
[    1.077484][    T0] LSM: Security Framework initializing
[    1.083085][    T0] Yama: becoming mindful.
[    1.084268][    T0] SELinux:  Initializing.
[    1.085621][    T0] *** VALIDATE selinux ***
[    1.086844][    T0] TOMOYO Linux initialized
[    1.088535][    T0] Mount-cache hash table entries: 4096 (order: 3, 32768 bytes, linear)
[    1.093111][    T0] Mountpoint-cache hash table entries: 4096 (order: 3, 32768 bytes, linear)
[    1.097676][    T0] *** VALIDATE tmpfs ***
[    1.100388][    T0] *** VALIDATE proc ***
[    1.102069][    T0] *** VALIDATE cgroup ***
[    1.102945][    T0] *** VALIDATE cgroup2 ***
[    1.104762][    T0] x86/cpu: User Mode Instruction Prevention (UMIP) activated
[    1.107419][    T0] Last level iTLB entries: 4KB 0, 2MB 0, 4MB 0
[    1.108978][    T0] Last level dTLB entries: 4KB 0, 2MB 0, 4MB 0, 1GB 0
[    1.111579][    T0] Spectre V1 : Mitigation: usercopy/swapgs barriers and __user pointer sanitization
[    1.112942][    T0] Spectre V2 : Mitigation: Enhanced IBRS
[    1.114495][    T0] Spectre V2 : Spectre v2 / SpectreRSB mitigation: Filling RSB on context switch
[    1.117140][    T0] Spectre V2 : mitigation: Enabling conditional Indirect Branch Prediction Barrier
[    1.119628][    T0] Speculative Store Bypass: Mitigation: Speculative Store Bypass disabled via prctl and seccomp
[    1.124181][    T0] Freeing SMP alternatives memory: 100K
[    1.128529][    T1] smpboot: CPU0: 13th Gen Intel(R) Core(TM) i9-13900H (family: 0x6, model: 0xba, stepping: 0x2)
[    1.183094][    T1] Performance Events: unsupported p6 CPU model 186 no PMU driver, software events only.
[    1.202971][    T1] rcu: Hierarchical SRCU implementation.
[    1.223702][    T1] NMI watchdog: Perf NMI watchdog permanently disabled
[    1.252974][    T1] smp: Bringing up secondary CPUs ...
[    1.343902][    T1] x86: Booting SMP configuration:
[    1.347838][    T1] .... node  #0, CPUs:      #1
[    0.076651][    T0] kvm-clock: cpu 1, msr b938041, secondary cpu clock
[    1.351994][   T14] KVM setup async PF for cpu 1
[    1.351994][   T14] kvm-stealtime: cpu 1, msr 6c322940
[    1.353084][    T1] smp: Brought up 1 node, 2 CPUs
[    1.354196][    T1] smpboot: Max logical packages: 1
[    1.355417][    T1] smpboot: Total of 2 processors activated (11980.79 BogoMIPS)
[    1.358492][    T1] devtmpfs: initialized
[    1.358492][    T1] x86/mm: Memory block size: 128MB
[    1.363686][    T1] clocksource: jiffies: mask: 0xffffffff max_cycles: 0xffffffff, max_idle_ns: 19112604462750000 ns
[    1.365865][    T1] futex hash table entries: 512 (order: 4, 65536 bytes, linear)
[    1.372932][    T1] xor: automatically using best checksumming function   avx       
[    1.372932][    T1] PM: RTC time: 06:48:13, date: 2026-05-22
[    1.372932][    T1] thermal_sys: Registered thermal governor 'step_wise'
[    1.372932][    T1] thermal_sys: Registered thermal governor 'user_space'
[    1.372932][    T1] NET: Registered protocol family 16
[    1.384260][   T25] kworker/u4:0 (25) used greatest stack depth: 27728 bytes left
[    1.387358][    T1] audit: initializing netlink subsys (disabled)
[    1.389005][   T26] audit: type=2000 audit(1779432494.051:1): state=initialized audit_enabled=0 res=1
[    1.392948][    T1] cpuidle: using governor menu
[    1.395664][    T1] ACPI: bus type PCI registered
[    1.398197][    T1] dca service started, version 1.12.1
[    1.400765][    T1] PCI: Using configuration type 1 for base access
[    1.422933][   T62] kworker/u4:1 (62) used greatest stack depth: 27576 bytes left
[    1.488020][  T329] kworker/u4:1 (329) used greatest stack depth: 26976 bytes left
[    1.581487][    T1] HugeTLB registered 1.00 GiB page size, pre-allocated 0 pages
[    1.583117][    T1] HugeTLB registered 2.00 MiB page size, pre-allocated 0 pages
[    1.603040][    T1] cryptd: max_cpu_qlen set to 1000
[    1.802943][    T1] raid6: avx2x4   gen() 22501 MB/s
[    1.972955][    T1] raid6: avx2x4   xor()  6806 MB/s
[    2.142965][    T1] raid6: avx2x2   gen() 13162 MB/s
[    2.312945][    T1] raid6: avx2x2   xor()  8340 MB/s
[    2.481915][    T1] raid6: avx2x1   gen() 12034 MB/s
[    2.644173][    T1] raid6: avx2x1   xor()  4262 MB/s
[    2.818051][    T1] raid6: sse2x4   gen() 11607 MB/s
[    2.992742][    T1] raid6: sse2x4   xor()  5675 MB/s
[    3.162989][    T1] raid6: sse2x2   gen()  7136 MB/s
[    3.332933][    T1] raid6: sse2x2   xor()  3778 MB/s
[    3.502936][    T1] raid6: sse2x1   gen()  5552 MB/s
[    3.672940][    T1] raid6: sse2x1   xor()  1904 MB/s
[    3.675426][    T1] raid6: using algorithm avx2x4 gen() 22501 MB/s
[    3.678139][    T1] raid6: .... xor() 6806 MB/s, rmw enabled
[    3.679881][    T1] raid6: using avx2x2 recovery algorithm
[    3.682737][    T1] ACPI: Added _OSI(Module Device)
[    3.683014][    T1] ACPI: Added _OSI(Processor Device)
[    3.685001][    T1] ACPI: Added _OSI(3.0 _SCP Extensions)
[    3.687511][    T1] ACPI: Added _OSI(Processor Aggregator Device)
[    3.690133][    T1] ACPI: Added _OSI(Linux-Dell-Video)
[    3.692270][    T1] ACPI: Added _OSI(Linux-Lenovo-NV-HDMI-Audio)
[    3.692935][    T1] ACPI: Added _OSI(Linux-HPI-Hybrid-Graphics)
[    3.706016][    T1] ACPI: 1 ACPI AML tables successfully acquired and loaded
[    3.728823][    T1] ACPI: Interpreter enabled
[    3.730550][    T1] ACPI: (supports S0 S3 S4 S5)
[    3.731689][    T1] ACPI: Using IOAPIC for interrupt routing
[    3.733174][    T1] PCI: Using host bridge windows from ACPI; if necessary, use "pci=nocrs" and report a bug
[    3.736921][    T1] ACPI: Enabled 2 GPEs in block 00 to 0F
[    3.771282][    T1] ACPI: PCI Root Bridge [PCI0] (domain 0000 [bus 00-ff])
[    3.772951][    T1] acpi PNP0A03:00: _OSC: OS supports [ASPM ClockPM Segments MSI HPX-Type3]
[    3.776853][    T1] acpi PNP0A03:00: fail to add MMCONFIG information, can't access extended PCI configuration space under this bridge.
[    3.782112][    T1] PCI host bridge to bus 0000:00
[    3.782940][    T1] pci_bus 0000:00: root bus resource [io  0x0000-0x0cf7 window]
[    3.785036][    T1] pci_bus 0000:00: root bus resource [io  0x0d00-0xffff window]
[    3.787117][    T1] pci_bus 0000:00: root bus resource [mem 0x000a0000-0x000bffff window]
[    3.789318][    T1] pci_bus 0000:00: root bus resource [mem 0x80000000-0xfebfffff window]
[    3.792157][    T1] pci_bus 0000:00: root bus resource [mem 0x100000000-0x17fffffff window]
[    3.792982][    T1] pci_bus 0000:00: root bus resource [bus 00-ff]
[    3.795717][    T1] pci 0000:00:00.0: [8086:1237] type 00 class 0x060000
[    3.801350][    T1] pci 0000:00:01.0: [8086:7000] type 00 class 0x060100
[    3.805770][    T1] pci 0000:00:01.1: [8086:7010] type 00 class 0x010180
[    3.809373][    T1] pci 0000:00:01.1: reg 0x20: [io  0xc000-0xc00f]
[    3.813654][    T1] pci 0000:00:01.1: legacy IDE quirk: reg 0x10: [io  0x01f0-0x01f7]
[    3.816615][    T1] pci 0000:00:01.1: legacy IDE quirk: reg 0x14: [io  0x03f6]
[    3.819718][    T1] pci 0000:00:01.1: legacy IDE quirk: reg 0x18: [io  0x0170-0x0177]
[    3.821915][    T1] pci 0000:00:01.1: legacy IDE quirk: reg 0x1c: [io  0x0376]
[    3.824190][    T1] pci 0000:00:01.3: [8086:7113] type 00 class 0x068000
[    3.827161][    T1] pci 0000:00:01.3: quirk: [io  0x0600-0x063f] claimed by PIIX4 ACPI
[    3.830846][    T1] pci 0000:00:01.3: quirk: [io  0x0700-0x070f] claimed by PIIX4 SMB
[    3.834244][    T1] pci 0000:00:02.0: [1234:1111] type 00 class 0x030000
[    3.843775][    T1] pci 0000:00:02.0: reg 0x10: [mem 0xfd000000-0xfdffffff pref]
[    3.849924][    T1] pci 0000:00:02.0: reg 0x18: [mem 0xfebf0000-0xfebf0fff]
[    3.858414][    T1] pci 0000:00:02.0: reg 0x30: [mem 0xfebe0000-0xfebeffff pref]
[    3.876473][    T1] ACPI: PCI Interrupt Link [LNKA] (IRQs 5 *10 11)
[    3.879610][    T1] ACPI: PCI Interrupt Link [LNKB] (IRQs 5 *10 11)
[    3.882253][    T1] ACPI: PCI Interrupt Link [LNKC] (IRQs 5 10 *11)
[    3.883857][    T1] ACPI: PCI Interrupt Link [LNKD] (IRQs 5 10 *11)
[    3.886044][    T1] ACPI: PCI Interrupt Link [LNKS] (IRQs *9)
[    3.894162][    T1] iommu: Default domain type: Translated 
[    3.895278][    T1] pci 0000:00:02.0: vgaarb: setting as boot VGA device
[    3.895496][    T1] pci 0000:00:02.0: vgaarb: VGA device added: decodes=io+mem,owns=io+mem,locks=none
[    3.898100][    T1] pci 0000:00:02.0: vgaarb: bridge control possible
[    3.902931][    T1] vgaarb: loaded
[    3.909334][    T1] SCSI subsystem initialized
[    3.911322][    T1] ACPI: bus type USB registered
[    3.913468][    T1] usbcore: registered new interface driver usbfs
[    3.916080][    T1] usbcore: registered new interface driver hub
[    3.917855][    T1] usbcore: registered new device driver usb
[    3.920587][    T1] mc: Linux media interface: v0.10
[    3.922110][    T1] videodev: Linux video capture interface: v2.00
[    3.923504][    T1] pps_core: LinuxPPS API ver. 1 registered
[    3.925461][    T1] pps_core: Software ver. 5.3.6 - Copyright 2005-2007 Rodolfo Giometti <giometti@linux.it>
[    3.929364][    T1] PTP clock support registered
[    3.931417][    T1] EDAC MC: Ver: 3.0.0
[    3.934323][    T1] Advanced Linux Sound Architecture Driver Initialized.
[    3.935953][    T1] PCI: Using ACPI for IRQ routing
[    3.940652][    T1] Bluetooth: Core ver 2.22
[    3.943272][    T1] NET: Registered protocol family 31
[    3.946379][    T1] Bluetooth: HCI device and connection manager initialized
[    3.948828][    T1] Bluetooth: HCI socket layer initialized
[    3.950662][    T1] Bluetooth: L2CAP socket layer initialized
[    3.952480][    T1] Bluetooth: SCO socket layer initialized
[    3.953104][    T1] NET: Registered protocol family 8
[    3.954535][    T1] NET: Registered protocol family 20
[    3.956288][    T1] NetLabel: Initializing
[    3.957836][    T1] NetLabel:  domain hash size = 128
[    3.960056][    T1] NetLabel:  protocols = UNLABELED CIPSOv4 CALIPSO
[    3.962451][    T1] NetLabel:  unlabeled traffic allowed by default
[    3.964991][    T1] nfc: nfc_init: NFC Core ver 0.1
[    3.966749][    T1] NET: Registered protocol family 39
[    3.968267][    T1] hpet0: at MMIO 0xfed00000, IRQs 2, 8, 0
[    3.968267][    T1] hpet0: 3 comparators, 64-bit 100.000000 MHz counter
[    3.977993][    T1] clocksource: Switched to clocksource kvm-clock
[    5.179899][    T1] *** VALIDATE bpf ***
[    5.183143][    T1] VFS: Disk quotas dquot_6.6.0
[    5.184645][    T1] VFS: Dquot-cache hash table entries: 512 (order 0, 4096 bytes)
[    5.188915][    T1] FS-Cache: Loaded
[    5.190354][    T1] *** VALIDATE ramfs ***
[    5.191742][    T1] *** VALIDATE hugetlbfs ***
[    5.194382][    T1] CacheFiles: Loaded
[    5.195969][    T1] TOMOYO: 2.6.0
[    5.196891][    T1] Mandatory Access Control activated.
[    5.198670][    T1] pnp: PnP ACPI init
[    5.203504][    T1] pnp: PnP ACPI: found 6 devices
[    5.254039][    T1] clocksource: acpi_pm: mask: 0xffffff max_cycles: 0xffffff, max_idle_ns: 2085701024 ns
[    5.256949][    T1] pci_bus 0000:00: resource 4 [io  0x0000-0x0cf7 window]
[    5.262072][    T1] pci_bus 0000:00: resource 5 [io  0x0d00-0xffff window]
[    5.265468][    T1] pci_bus 0000:00: resource 6 [mem 0x000a0000-0x000bffff window]
[    5.268414][    T1] pci_bus 0000:00: resource 7 [mem 0x80000000-0xfebfffff window]
[    5.270533][    T1] pci_bus 0000:00: resource 8 [mem 0x100000000-0x17fffffff window]
[    5.273446][    T1] NET: Registered protocol family 2
[    5.277323][    T1] tcp_listen_portaddr_hash hash table entries: 1024 (order: 4, 73728 bytes, linear)
[    5.280201][    T1] TCP established hash table entries: 16384 (order: 5, 131072 bytes, linear)
[    5.286788][    T1] TCP bind hash table entries: 16384 (order: 8, 1048576 bytes, linear)
[    5.289565][    T1] TCP: Hash tables configured (established 16384 bind 16384)
[    5.293823][    T1] UDP hash table entries: 1024 (order: 5, 163840 bytes, linear)
[    5.297169][    T1] UDP-Lite hash table entries: 1024 (order: 5, 163840 bytes, linear)
[    5.300076][    T1] NET: Registered protocol family 1
[    5.303360][    T1] RPC: Registered named UNIX socket transport module.
[    5.305204][    T1] RPC: Registered udp transport module.
[    5.306903][    T1] RPC: Registered tcp transport module.
[    5.308608][    T1] RPC: Registered tcp NFSv4.1 backchannel transport module.
[    5.311621][    T1] NET: Registered protocol family 44
[    5.313737][    T1] pci 0000:00:01.0: PIIX3: Enabling Passive Release
[    5.315470][    T1] pci 0000:00:00.0: Limiting direct PCI/PCI transfers
[    5.317354][    T1] pci 0000:00:01.0: Activating ISA DMA hang workarounds
[    5.319363][    T1] pci 0000:00:02.0: Video device with shadowed ROM at [mem 0x000c0000-0x000dffff]
[    5.322446][    T1] PCI: CLS 0 bytes, default 64
[    5.328742][    T1] Trying to unpack rootfs image as initramfs...
[    5.440541][    T1] Freeing initrd memory: 1336K
[    5.447316][    T1] kvm: already loaded the other module
[    5.449405][    T1] clocksource: tsc: mask: 0xffffffffffffffff max_cycles: 0x2b2c8d6afc8, max_idle_ns: 440795331172 ns
[    5.452800][    T1] mce: Machine check injector initialized
[    5.457944][    T1] check: Scanning for low memory corruption every 60 seconds
[    5.560864][    T1] Initialise system trusted keyrings
[    5.562859][    T1] workingset: timestamp_bits=40 max_order=19 bucket_order=0
[    5.565438][    T1] zbud: loaded
[    5.569711][    T1] DLM installed
[    5.571700][    T1] squashfs: version 4.0 (2009/01/31) Phillip Lougher
[    5.575902][    T1] FS-Cache: Netfs 'nfs' registered for caching
[    5.578230][    T1] *** VALIDATE nfs ***
[    5.579381][    T1] *** VALIDATE nfs4 ***
[    5.580789][    T1] NFS: Registering the id_resolver key type
[    5.583241][    T1] Key type id_resolver registered
[    5.584743][    T1] Key type id_legacy registered
[    5.586220][    T1] nfs4filelayout_init: NFSv4 File Layout Driver Registering...
[    5.588702][    T1] Installing knfsd (copyright (C) 1996 okir@monad.swb.de).
[    5.599580][    T1] FS-Cache: Netfs 'cifs' registered for caching
[    5.602328][    T1] Key type cifs.spnego registered
[    5.604343][    T1] Key type cifs.idmap registered
[    5.605875][    T1] ntfs: driver 2.1.32 [Flags: R/W].
[    5.608357][    T1] fuse: init (API version 7.31)
[    5.609912][    T1] *** VALIDATE fuseblk ***
[    5.611390][    T1] *** VALIDATE fuse ***
[    5.615939][    T1] JFS: nTxBlock = 8192, nTxLock = 65536
[    5.633287][    T1] SGI XFS with ACLs, security attributes, realtime, quota, no debug enabled
[    5.637598][    T1] *** VALIDATE xfs ***
[    5.638786][    T1] 9p: Installing v9fs 9p2000 file system support
[    5.640697][    T1] FS-Cache: Netfs '9p' registered for caching
[    5.643317][    T1] ocfs2: Registered cluster interface o2cb
[    5.645516][    T1] ocfs2: Registered cluster interface user
[    5.647551][    T1] OCFS2 User DLM kernel interface loaded
[    5.655114][    T1] *** VALIDATE gfs2 ***
[    5.657415][    T1] gfs2: GFS2 installed
[    5.661224][    T1] FS-Cache: Netfs 'ceph' registered for caching
[    5.663295][    T1] ceph: loaded (mds proto 32)
[    5.671116][    T1] NET: Registered protocol family 38
[    5.673837][    T1] async_tx: api initialized (async)
[    5.675761][    T1] Key type asymmetric registered
[    5.677356][    T1] Asymmetric key parser 'x509' registered
[    5.679097][    T1] Asymmetric key parser 'pkcs8' registered
[    5.680825][    T1] Key type pkcs7_test registered
[    5.682355][    T1] Asymmetric key parser 'tpm_parser' registered
[    5.684526][    T1] Block layer SCSI generic (bsg) driver version 0.4 loaded (major 243)
[    5.689294][    T1] io scheduler mq-deadline registered
[    5.690860][    T1] io scheduler kyber registered
[    5.692583][    T1] io scheduler bfq registered
[    5.695926][    T1] hgafb: HGA card not detected.
[    5.697284][    T1] hgafb: probe of hgafb.0 failed with error -22
[    5.699387][    T1] usbcore: registered new interface driver udlfb
[    5.702061][    T1] uvesafb: failed to execute /sbin/v86d
[    5.703993][    T1] uvesafb: make sure that the v86d helper is installed and executable
[    5.706570][    T1] uvesafb: Getting VBE info block failed (eax=0x4f00, err=-2)
[    5.708898][    T1] uvesafb: vbe_init() failed with -22
[    5.710515][    T1] uvesafb: probe of uvesafb.0 failed with error -22
[    5.713131][    T1] vga16fb: mapped to 0x00000000e3db148d
[    7.327793][    T1] Console: switching to colour frame buffer device 80x30
[    8.381323][    T1] fb0: VGA16 VGA frame buffer device
[    8.384139][    T1] input: Power Button as /devices/LNXSYSTM:00/LNXPWRBN:00/input/input0
[    8.403360][    T1] ACPI: Power Button [PWRF]
[    8.428832][    T1] ioatdma: Intel(R) QuickData Technology Driver 5.00
[    8.532669][    T1] HDLC line discipline maxframe=4096
[    8.534732][    T1] N_HDLC line discipline registered.
[    8.538150][    T1] Serial: 8250/16550 driver, 4 ports, IRQ sharing enabled
[    8.540756][    T1] 00:04: ttyS0 at I/O 0x3f8 (irq = 4, base_baud = 115200) is a 16550A
[    8.546134][    T1] Cyclades driver 2.6
[    8.548614][    T1] Initializing Nozomi driver 2.1d
[    8.553377][    T1] RocketPort device driver module, version 2.09, 12-June-2003
[    8.555479][    T1] No rocketport ports found; unloading driver
[    8.558285][    T1] Non-volatile memory driver v1.3
[    8.559991][    T1] Linux agpgart interface v0.103
[    8.565914][    T1] [drm] Initialized vgem 1.0.0 20120112 for vgem on minor 0
[    8.568687][    T1] [drm] Supports vblank timestamp caching Rev 2 (21.10.2013).
[    8.571526][    T1] [drm] Driver supports precise vblank timestamp query.
[    8.575997][    T1] [drm] Initialized vkms 1.0.0 20180514 for vkms on minor 1
[    8.578126][    T1] usbcore: registered new interface driver udl
[    8.580037][    T1] fb0: switching to bochsdrmfb from VGA16 VGA
[    9.213616][    T1] Console: switching to colour VGA+ 80x25
[    9.219520][    T1] bochs-drm 0000:00:02.0: vgaarb: deactivate vga console
[    9.224992][    T1] Console: switching to colour dummy device 80x25
[    9.230203][    T1] [drm] Found bochs VGA, ID 0xb0c5.
[    9.234022][    T1] [drm] Framebuffer size 16384 kB @ 0xfd000000, mmio @ 0xfebf0000.
[    9.238976][    T1] [TTM] Zone  kernel: Available graphics memory: 787436 KiB
[    9.240951][    T1] [TTM] Initializing pool allocator
[    9.242384][    T1] [TTM] Initializing DMA pool allocator
[    9.247207][    T1] [drm] Found EDID data blob.
[    9.250814][    T1] [drm] Initialized bochs-drm 1.0.0 20130925 for 0000:00:02.0 on minor 2
[    9.264555][    T1] fbcon: bochs-drmdrmfb (fb0) is primary device
[    9.287559][    T1] Console: switching to colour frame buffer device 160x50
[    9.299551][    T1] bochs-drm 0000:00:02.0: fb0: bochs-drmdrmfb frame buffer device
[    9.306230][  T206] Floppy drive(s): fd0 is 2.88M AMI BIOS
[    9.323836][    T1] brd: module loaded
[    9.334422][  T206] FDC 0 is a S82078B
[    9.350712][    T1] loop: module loaded
[    9.469352][    T1] zram: Added device: zram0
[    9.474688][    T1] null_blk: module loaded
[    9.478727][    T1] nfcsim 0.2 initialized
[    9.482318][    T1] Loading iSCSI transport class v2.0-870.
[    9.486842][    T1] st: Version 20160209, fixed bufsize 32768, s/g segs 256
[    9.500669][    T1] scsi host0: ata_piix
[    9.504606][    T1] scsi host1: ata_piix
[    9.506055][    T1] ata1: PATA max MWDMA2 cmd 0x1f0 ctl 0x3f6 bmdma 0xc000 irq 14
[    9.508607][    T1] ata2: PATA max MWDMA2 cmd 0x170 ctl 0x376 bmdma 0xc008 irq 15
[    9.512390][    T1] slram: not enough parameters.
[    9.516173][    T1] ftl_cs: FTL header not found.
[    9.534930][    T1] Ethernet Channel Bonding Driver: v3.7.1 (April 27, 2011)
[    9.544038][    T1] wireguard: WireGuard 1.0.0 loaded. See www.wireguard.com for information.
[    9.546442][    T1] wireguard: Copyright (C) 2015-2019 Jason A. Donenfeld <Jason@zx2c4.com>. All Rights Reserved.
[    9.549752][    T1] eql: Equalizer2002: Simon Janes (simon@ncm.com) and David S. Miller (davem@redhat.com)
[    9.555071][    T1] MACsec IEEE 802.1AE
[    9.556846][    T1] tun: Universal TUN/TAP device driver, 1.6
[    9.559836][    T1] vcan: Virtual CAN interface driver
[    9.561299][    T1] vxcan: Virtual CAN Tunnel driver
[    9.562728][    T1] slcan: serial line CAN interface driver
[    9.564625][    T1] slcan: 10 dynamic interface channels.
[    9.566176][    T1] CAN device driver interface
[    9.568661][    T1] enic: Cisco VIC Ethernet NIC Driver, ver 2.3.0.53
[    9.570889][    T1] e100: Intel(R) PRO/100 Network Driver, 3.5.24-k2-NAPI
[    9.574391][    T1] e100: Copyright(c) 1999-2006 Intel Corporation
[    9.576589][    T1] e1000: Intel(R) PRO/1000 Network Driver - version 7.3.21-k8-NAPI
[    9.579082][    T1] e1000: Copyright (c) 1999-2006 Intel Corporation.
[    9.581000][    T1] e1000e: Intel(R) PRO/1000 Network Driver - 3.2.6-k
[    9.582816][    T1] e1000e: Copyright(c) 1999 - 2015 Intel Corporation.
[    9.585521][    T1] mkiss: AX.25 Multikiss, Hans Albas PE1AYX
[    9.587524][    T1] AX.25: 6pack driver, Revision: 0.3.0
[    9.589607][    T1] AX.25: bpqether driver version 004
[    9.591625][    T1] PPP generic driver version 2.4.2
[    9.595526][    T1] PPP BSD Compression module registered
[    9.597499][    T1] PPP Deflate Compression module registered
[    9.599299][    T1] PPP MPPE Compression module registered
[    9.600855][    T1] NET: Registered protocol family 24
[    9.602372][    T1] PPTP driver version 0.8.5
[    9.604571][    T1] SLIP: version 0.8.4-NET3.019-NEWTTY (dynamic channels, max=256) (6 bit encapsulation enabled).
[    9.610990][    T1] CSLIP: code copyright 1989 Regents of the University of California.
[    9.613313][    T1] SLIP linefill/keepalive option.
[    9.614784][    T1] hdlc: HDLC support module revision 1.22
[    9.616383][    T1] x25_asy: X.25 async: version 0.00 ALPHA (dynamic channels, max=256)
[    9.618726][    T1] DLCI driver v0.35, 4 Jan 1997, mike.mclagan@linux.org.
[    9.620526][    T1] LAPB Ethernet driver version 0.02
[    9.621996][    T1] usbcore: registered new interface driver rndis_wlan
[    9.624399][    T1] mac80211_hwsim: initializing netlink
[    9.634059][    T1] fakelb driver is marked as deprecated, please use mac802154_hwsim!
[    9.639761][    T1] ieee802154fakelb ieee802154fakelb: added 2 fake ieee802154 hardware devices
[    9.647411][    T1] mac802154_hwsim mac802154_hwsim: Added 2 mac802154 hwsim hardware radios
[    9.649909][    T1] VMware vmxnet3 virtual NIC driver - version 1.4.17.0-k-NAPI
[    9.652198][    T1] pegasus: v0.9.3 (2013/04/25), Pegasus/Pegasus II USB Ethernet driver
[    9.654568][    T1] usbcore: registered new interface driver pegasus
[    9.656375][    T1] usbcore: registered new interface driver rtl8150
[    9.658272][    T1] usbcore: registered new interface driver r8152
[    9.660079][    T1] usbcore: registered new interface driver asix
[    9.661911][    T1] usbcore: registered new interface driver ax88179_178a
[    9.665730][    T1] usbcore: registered new interface driver cdc_ether
[    9.667897][    T1] usbcore: registered new interface driver dm9601
[    9.669808][    T1] usbcore: registered new interface driver smsc75xx
[    9.671788][    T1] usbcore: registered new interface driver smsc95xx
[    9.673699][    T1] usbcore: registered new interface driver net1080
[    9.675670][    T1] usbcore: registered new interface driver rndis_host
[    9.677618][    T1] usbcore: registered new interface driver cdc_subset
[    9.679648][    T1] usbcore: registered new interface driver zaurus
[    9.681667][    T1] usbcore: registered new interface driver MOSCHIP usb-ethernet driver
[    9.684583][    T1] usbcore: registered new interface driver cdc_ncm
[    9.685528][ T2714] ata2.00: ATAPI: QEMU DVD-ROM, 2.5+, max UDMA/100
[    9.686654][    T1] usbcore: registered new interface driver cdc_mbim
[    9.692551][    T1] VFIO - User Level meta-driver version: 0.3
[    9.697738][    T1] aoe: AoE v85 initialised.
[    9.699807][    T1] ehci_hcd: USB 2.0 'Enhanced' Host Controller (EHCI) Driver
[    9.702203][    T1] ehci-pci: EHCI PCI platform driver
[    9.702563][  T206] scsi 1:0:0:0: CD-ROM            QEMU     QEMU DVD-ROM     2.5+ PQ: 0 ANSI: 5
[    9.704024][    T1] ohci_hcd: USB 1.1 'Open' Host Controller (OHCI) Driver
[    9.704043][    T1] ohci-pci: OHCI PCI platform driver
[    9.704105][    T1] uhci_hcd: USB Universal Host Controller Interface driver
[    9.713684][    T1] usbcore: registered new interface driver cdc_acm
[    9.715390][    T1] cdc_acm: USB Abstract Control Model driver for USB modems and ISDN adapters
[    9.718110][    T1] usbcore: registered new interface driver usblp
[    9.720034][    T1] usbcore: registered new interface driver cdc_wdm
[    9.722079][    T1] usbcore: registered new interface driver uas
[    9.725415][    T1] usbcore: registered new interface driver usb-storage
[    9.727371][    T1] usbcore: registered new interface driver ums-realtek
[    9.729536][    T1] usbcore: registered new interface driver usbserial_generic
[    9.731713][    T1] usbserial: USB Serial support registered for generic
[    9.733910][    T1] usbcore: registered new interface driver ch341
[    9.736004][    T1] usbserial: USB Serial support registered for ch341-uart
[    9.738304][    T1] usbcore: registered new interface driver cp210x
[    9.740206][    T1] usbserial: USB Serial support registered for cp210x
[    9.742347][    T1] usbcore: registered new interface driver ftdi_sio
[    9.744412][    T1] usbserial: USB Serial support registered for FTDI USB Serial Device
[    9.747025][    T1] usbcore: registered new interface driver keyspan
[    9.748872][    T1] usbserial: USB Serial support registered for Keyspan - (without firmware)
[    9.751525][    T1] usbserial: USB Serial support registered for Keyspan 1 port adapter
[    9.753875][    T1] usbserial: USB Serial support registered for Keyspan 2 port adapter
[    9.757748][  T206] sr 1:0:0:0: [sr0] scsi3-mmc drive: 4x/4x cd/rw xa/form2 tray
[    9.758307][    T1] usbserial: USB Serial support registered for Keyspan 4 port adapter
[    9.760608][  T206] cdrom: Uniform CD-ROM driver Revision: 3.20
[    9.764350][    T1] usbcore: registered new interface driver option
[    9.768146][    T1] usbserial: USB Serial support registered for GSM modem (1-port)
[    9.770515][    T1] usbcore: registered new interface driver oti6858
[    9.772581][    T1] usbserial: USB Serial support registered for oti6858
[    9.774519][  T206] sr 1:0:0:0: Attached scsi generic sg0 type 5
[    9.775405][    T1] usbcore: registered new interface driver pl2303
[    9.780023][    T1] usbserial: USB Serial support registered for pl2303
[    9.782612][    T1] usbcore: registered new interface driver qcserial
[    9.784903][    T1] usbserial: USB Serial support registered for Qualcomm USB modem
[    9.787510][    T1] usbcore: registered new interface driver sierra
[    9.789664][    T1] usbserial: USB Serial support registered for Sierra USB modem
[    9.792163][    T1] usbcore: registered new interface driver usb_serial_simple
[    9.794812][    T1] usbserial: USB Serial support registered for carelink
[    9.797259][    T1] usbserial: USB Serial support registered for zio
[    9.800176][    T1] usbserial: USB Serial support registered for funsoft
[    9.802434][    T1] usbserial: USB Serial support registered for flashloader
[    9.804866][    T1] usbserial: USB Serial support registered for google
[    9.809399][    T1] usbserial: USB Serial support registered for libtransistor
[    9.811862][    T1] usbserial: USB Serial support registered for vivopay
[    9.814370][    T1] usbserial: USB Serial support registered for moto_modem
[    9.816950][    T1] usbserial: USB Serial support registered for motorola_tetra
[    9.819534][    T1] usbserial: USB Serial support registered for novatel_gps
[    9.821992][    T1] usbserial: USB Serial support registered for hp4x
[    9.824139][    T1] usbserial: USB Serial support registered for suunto
[    9.826466][    T1] usbserial: USB Serial support registered for siemens_mpi
[    9.829759][    T1] dummy_hcd dummy_hcd.0: USB Host+Gadget Emulator, driver 02 May 2005
[    9.832708][    T1] dummy_hcd dummy_hcd.0: Dummy host controller
[    9.835915][    T1] dummy_hcd dummy_hcd.0: new USB bus registered, assigned bus number 1
[    9.839276][    T1] usb usb1: New USB device found, idVendor=1d6b, idProduct=0002, bcdDevice= 5.06
[    9.842608][    T1] usb usb1: New USB device strings: Mfr=3, Product=2, SerialNumber=1
[    9.846336][    T1] usb usb1: Product: Dummy host controller
[    9.848319][    T1] usb usb1: Manufacturer: Linux 5.6.0-rc6+ dummy_hcd
[    9.850393][    T1] usb usb1: SerialNumber: dummy_hcd.0
[    9.854315][    T1] hub 1-0:1.0: USB hub found
[    9.855877][    T1] hub 1-0:1.0: 1 port detected
[    9.860204][    T1] using random self ethernet address
[    9.862063][    T1] using random host ethernet address
[    9.865075][    T1] Mass Storage Function, version: 2009/09/11
[    9.867125][    T1] LUN: removable file: (no medium)
[    9.870329][    T1] no file given for LUN0
[    9.871919][    T1] printk: console [ttyGS0] disabled
[    9.876648][    T1] g_multi dummy_udc.0: failed to start g_multi: -22
[    9.879489][    T1] vhci_hcd vhci_hcd.0: USB/IP Virtual Host Controller
[    9.882008][    T1] vhci_hcd vhci_hcd.0: new USB bus registered, assigned bus number 2
[    9.885083][    T1] vhci_hcd: created sysfs vhci_hcd.0
[    9.887001][    T1] usb usb2: New USB device found, idVendor=1d6b, idProduct=0002, bcdDevice= 5.06
[    9.891251][    T1] usb usb2: New USB device strings: Mfr=3, Product=2, SerialNumber=1
[    9.893918][    T1] usb usb2: Product: USB/IP Virtual Host Controller
[    9.896024][    T1] usb usb2: Manufacturer: Linux 5.6.0-rc6+ vhci_hcd
[    9.898732][    T1] usb usb2: SerialNumber: vhci_hcd.0
[    9.901683][    T1] hub 2-0:1.0: USB hub found
[    9.903481][    T1] hub 2-0:1.0: 8 ports detected
[    9.907030][    T1] vhci_hcd vhci_hcd.0: USB/IP Virtual Host Controller
[    9.909757][    T1] vhci_hcd vhci_hcd.0: new USB bus registered, assigned bus number 3
[    9.912411][    T1] usb usb3: We don't know the algorithms for LPM for this host, disabling LPM.
[    9.915727][    T1] usb usb3: New USB device found, idVendor=1d6b, idProduct=0003, bcdDevice= 5.06
[    9.918686][    T1] usb usb3: New USB device strings: Mfr=3, Product=2, SerialNumber=1
[    9.921416][    T1] usb usb3: Product: USB/IP Virtual Host Controller
[    9.925075][    T1] usb usb3: Manufacturer: Linux 5.6.0-rc6+ vhci_hcd
[    9.927094][    T1] usb usb3: SerialNumber: vhci_hcd.0
[    9.930193][    T1] hub 3-0:1.0: USB hub found
[    9.931729][    T1] hub 3-0:1.0: 8 ports detected
[    9.935191][    T1] vhci_hcd vhci_hcd.1: USB/IP Virtual Host Controller
[    9.938865][    T1] vhci_hcd vhci_hcd.1: new USB bus registered, assigned bus number 4
[    9.941861][    T1] usb usb4: New USB device found, idVendor=1d6b, idProduct=0002, bcdDevice= 5.06
[    9.945027][    T1] usb usb4: New USB device strings: Mfr=3, Product=2, SerialNumber=1
[    9.947510][    T1] usb usb4: Product: USB/IP Virtual Host Controller
[    9.949470][    T1] usb usb4: Manufacturer: Linux 5.6.0-rc6+ vhci_hcd
[    9.951566][    T1] usb usb4: SerialNumber: vhci_hcd.1
[    9.954052][    T1] hub 4-0:1.0: USB hub found
[    9.955751][    T1] hub 4-0:1.0: 8 ports detected
[    9.959124][    T1] vhci_hcd vhci_hcd.1: USB/IP Virtual Host Controller
[    9.961716][    T1] vhci_hcd vhci_hcd.1: new USB bus registered, assigned bus number 5
[    9.964759][    T1] usb usb5: We don't know the algorithms for LPM for this host, disabling LPM.
[    9.967846][    T1] usb usb5: New USB device found, idVendor=1d6b, idProduct=0003, bcdDevice= 5.06
[    9.970908][    T1] usb usb5: New USB device strings: Mfr=3, Product=2, SerialNumber=1
[    9.973852][    T1] usb usb5: Product: USB/IP Virtual Host Controller
[    9.975965][    T1] usb usb5: Manufacturer: Linux 5.6.0-rc6+ vhci_hcd
[    9.978023][    T1] usb usb5: SerialNumber: vhci_hcd.1
[    9.980637][    T1] hub 5-0:1.0: USB hub found
[    9.982119][    T1] hub 5-0:1.0: 8 ports detected
[    9.985709][    T1] vhci_hcd vhci_hcd.2: USB/IP Virtual Host Controller
[    9.988112][    T1] vhci_hcd vhci_hcd.2: new USB bus registered, assigned bus number 6
[    9.991059][    T1] usb usb6: New USB device found, idVendor=1d6b, idProduct=0002, bcdDevice= 5.06
[    9.995768][    T1] usb usb6: New USB device strings: Mfr=3, Product=2, SerialNumber=1
[    9.999401][    T1] usb usb6: Product: USB/IP Virtual Host Controller
[   10.001817][    T1] usb usb6: Manufacturer: Linux 5.6.0-rc6+ vhci_hcd
[   10.003898][    T1] usb usb6: SerialNumber: vhci_hcd.2
[   10.010733][    T1] hub 6-0:1.0: USB hub found
[   10.013669][    T1] hub 6-0:1.0: 8 ports detected
[   10.018659][    T1] vhci_hcd vhci_hcd.2: USB/IP Virtual Host Controller
[   10.024457][    T1] vhci_hcd vhci_hcd.2: new USB bus registered, assigned bus number 7
[   10.027114][    T1] usb usb7: We don't know the algorithms for LPM for this host, disabling LPM.
[   10.030211][    T1] usb usb7: New USB device found, idVendor=1d6b, idProduct=0003, bcdDevice= 5.06
[   10.034033][    T1] usb usb7: New USB device strings: Mfr=3, Product=2, SerialNumber=1
[   10.036612][    T1] usb usb7: Product: USB/IP Virtual Host Controller
[   10.038883][    T1] usb usb7: Manufacturer: Linux 5.6.0-rc6+ vhci_hcd
[   10.041154][    T1] usb usb7: SerialNumber: vhci_hcd.2
[   10.044537][    T1] hub 7-0:1.0: USB hub found
[   10.046232][    T1] hub 7-0:1.0: 8 ports detected
[   10.051031][    T1] vhci_hcd vhci_hcd.3: USB/IP Virtual Host Controller
[   10.054669][    T1] vhci_hcd vhci_hcd.3: new USB bus registered, assigned bus number 8
[   10.057706][    T1] usb usb8: New USB device found, idVendor=1d6b, idProduct=0002, bcdDevice= 5.06
[   10.060577][    T1] usb usb8: New USB device strings: Mfr=3, Product=2, SerialNumber=1
[   10.063423][    T1] usb usb8: Product: USB/IP Virtual Host Controller
[   10.065652][    T1] usb usb8: Manufacturer: Linux 5.6.0-rc6+ vhci_hcd
[   10.067759][    T1] usb usb8: SerialNumber: vhci_hcd.3
[   10.070444][    T1] hub 8-0:1.0: USB hub found
[   10.072083][    T1] hub 8-0:1.0: 8 ports detected
[   10.075864][    T1] vhci_hcd vhci_hcd.3: USB/IP Virtual Host Controller
[   10.078906][    T1] vhci_hcd vhci_hcd.3: new USB bus registered, assigned bus number 9
[   10.081510][    T1] usb usb9: We don't know the algorithms for LPM for this host, disabling LPM.
[   10.084775][    T1] usb usb9: New USB device found, idVendor=1d6b, idProduct=0003, bcdDevice= 5.06
[   10.087759][    T1] usb usb9: New USB device strings: Mfr=3, Product=2, SerialNumber=1
[   10.090364][    T1] usb usb9: Product: USB/IP Virtual Host Controller
[   10.092458][    T1] usb usb9: Manufacturer: Linux 5.6.0-rc6+ vhci_hcd
[   10.095126][    T1] usb usb9: SerialNumber: vhci_hcd.3
[   10.098209][    T1] hub 9-0:1.0: USB hub found
[   10.099736][    T1] hub 9-0:1.0: 8 ports detected
[   10.103584][    T1] vhci_hcd vhci_hcd.4: USB/IP Virtual Host Controller
[   10.106276][    T1] vhci_hcd vhci_hcd.4: new USB bus registered, assigned bus number 10
[   10.109205][    T1] usb usb10: New USB device found, idVendor=1d6b, idProduct=0002, bcdDevice= 5.06
[   10.112033][    T1] usb usb10: New USB device strings: Mfr=3, Product=2, SerialNumber=1
[   10.114643][    T1] usb usb10: Product: USB/IP Virtual Host Controller
[   10.116834][    T1] usb usb10: Manufacturer: Linux 5.6.0-rc6+ vhci_hcd
[   10.119620][    T1] usb usb10: SerialNumber: vhci_hcd.4
[   10.123493][    T1] hub 10-0:1.0: USB hub found
[   10.125227][    T1] hub 10-0:1.0: 8 ports detected
[   10.129173][    T1] vhci_hcd vhci_hcd.4: USB/IP Virtual Host Controller
[   10.131795][    T1] vhci_hcd vhci_hcd.4: new USB bus registered, assigned bus number 11
[   10.134873][    T1] usb usb11: We don't know the algorithms for LPM for this host, disabling LPM.
[   10.137860][    T1] usb usb11: New USB device found, idVendor=1d6b, idProduct=0003, bcdDevice= 5.06
[   10.140843][    T1] usb usb11: New USB device strings: Mfr=3, Product=2, SerialNumber=1
[   10.143509][    T1] usb usb11: Product: USB/IP Virtual Host Controller
[   10.145681][    T1] usb usb11: Manufacturer: Linux 5.6.0-rc6+ vhci_hcd
[   10.147781][    T1] usb usb11: SerialNumber: vhci_hcd.4
[   10.151199][    T1] hub 11-0:1.0: USB hub found
[   10.152829][    T1] hub 11-0:1.0: 8 ports detected
[   10.157414][    T1] vhci_hcd vhci_hcd.5: USB/IP Virtual Host Controller
[   10.160077][    T1] vhci_hcd vhci_hcd.5: new USB bus registered, assigned bus number 12
[   10.162990][    T1] usb usb12: New USB device found, idVendor=1d6b, idProduct=0002, bcdDevice= 5.06
[   10.165867][    T1] usb usb12: New USB device strings: Mfr=3, Product=2, SerialNumber=1
[   10.168363][    T1] usb usb12: Product: USB/IP Virtual Host Controller
[   10.170658][    T1] usb usb12: Manufacturer: Linux 5.6.0-rc6+ vhci_hcd
[   10.173070][    T1] usb usb12: SerialNumber: vhci_hcd.5
[   10.175679][    T1] hub 12-0:1.0: USB hub found
[   10.177277][    T1] hub 12-0:1.0: 8 ports detected
[   10.180729][    T1] vhci_hcd vhci_hcd.5: USB/IP Virtual Host Controller
[   10.183291][    T1] vhci_hcd vhci_hcd.5: new USB bus registered, assigned bus number 13
[   10.185980][    T1] usb usb13: We don't know the algorithms for LPM for this host, disabling LPM.
[   10.190465][    T1] usb usb13: New USB device found, idVendor=1d6b, idProduct=0003, bcdDevice= 5.06
[   10.193862][    T1] usb usb13: New USB device strings: Mfr=3, Product=2, SerialNumber=1
[   10.196247][    T1] usb usb13: Product: USB/IP Virtual Host Controller
[   10.198619][    T1] usb usb13: Manufacturer: Linux 5.6.0-rc6+ vhci_hcd
[   10.200702][    T1] usb usb13: SerialNumber: vhci_hcd.5
[   10.203295][    T1] hub 13-0:1.0: USB hub found
[   10.204834][    T1] hub 13-0:1.0: 8 ports detected
[   10.208668][    T1] vhci_hcd vhci_hcd.6: USB/IP Virtual Host Controller
[   10.211270][    T1] vhci_hcd vhci_hcd.6: new USB bus registered, assigned bus number 14
[   10.214629][    T1] usb usb14: New USB device found, idVendor=1d6b, idProduct=0002, bcdDevice= 5.06
[   10.218530][    T1] usb usb14: New USB device strings: Mfr=3, Product=2, SerialNumber=1
[   10.221070][    T1] usb usb14: Product: USB/IP Virtual Host Controller
[   10.223170][    T1] usb usb14: Manufacturer: Linux 5.6.0-rc6+ vhci_hcd
[   10.225045][    T1] usb usb14: SerialNumber: vhci_hcd.6
[   10.228370][    T1] hub 14-0:1.0: USB hub found
[   10.230016][    T1] hub 14-0:1.0: 8 ports detected
[   10.233706][    T1] vhci_hcd vhci_hcd.6: USB/IP Virtual Host Controller
[   10.236386][    T1] vhci_hcd vhci_hcd.6: new USB bus registered, assigned bus number 15
[   10.238642][    T1] usb usb15: We don't know the algorithms for LPM for this host, disabling LPM.
[   10.241684][    T1] usb usb15: New USB device found, idVendor=1d6b, idProduct=0003, bcdDevice= 5.06
[   10.244768][    T1] usb usb15: New USB device strings: Mfr=3, Product=2, SerialNumber=1
[   10.247325][    T1] usb usb15: Product: USB/IP Virtual Host Controller
[   10.249449][    T1] usb usb15: Manufacturer: Linux 5.6.0-rc6+ vhci_hcd
[   10.251487][    T1] usb usb15: SerialNumber: vhci_hcd.6
[   10.254328][    T1] hub 15-0:1.0: USB hub found
[   10.255861][    T1] hub 15-0:1.0: 8 ports detected
[   10.261592][    T1] vhci_hcd vhci_hcd.7: USB/IP Virtual Host Controller
[   10.264736][    T1] vhci_hcd vhci_hcd.7: new USB bus registered, assigned bus number 16
[   10.267463][    T1] usb usb16: New USB device found, idVendor=1d6b, idProduct=0002, bcdDevice= 5.06
[   10.270238][    T1] usb usb16: New USB device strings: Mfr=3, Product=2, SerialNumber=1
[   10.272856][    T1] usb usb16: Product: USB/IP Virtual Host Controller
[   10.274963][    T1] usb usb16: Manufacturer: Linux 5.6.0-rc6+ vhci_hcd
[   10.277016][    T1] usb usb16: SerialNumber: vhci_hcd.7
[   10.279622][    T1] hub 16-0:1.0: USB hub found
[   10.281175][    T1] hub 16-0:1.0: 8 ports detected
[   10.284683][    T1] vhci_hcd vhci_hcd.7: USB/IP Virtual Host Controller
[   10.287229][    T1] vhci_hcd vhci_hcd.7: new USB bus registered, assigned bus number 17
[   10.289983][    T1] usb usb17: We don't know the algorithms for LPM for this host, disabling LPM.
[   10.293251][    T1] usb usb17: New USB device found, idVendor=1d6b, idProduct=0003, bcdDevice= 5.06
[   10.296112][    T1] usb usb17: New USB device strings: Mfr=3, Product=2, SerialNumber=1
[   10.298731][    T1] usb usb17: Product: USB/IP Virtual Host Controller
[   10.300349][    T1] usb usb17: Manufacturer: Linux 5.6.0-rc6+ vhci_hcd
[   10.302679][    T1] usb usb17: SerialNumber: vhci_hcd.7
[   10.306773][    T1] hub 17-0:1.0: USB hub found
[   10.309020][    T1] hub 17-0:1.0: 8 ports detected
[   10.313810][    T1] vhci_hcd vhci_hcd.8: USB/IP Virtual Host Controller
[   10.316163][    T1] vhci_hcd vhci_hcd.8: new USB bus registered, assigned bus number 18
[   10.318617][    T1] usb usb18: New USB device found, idVendor=1d6b, idProduct=0002, bcdDevice= 5.06
[   10.322024][    T1] usb usb18: New USB device strings: Mfr=3, Product=2, SerialNumber=1
[   10.326288][    T1] usb usb18: Product: USB/IP Virtual Host Controller
[   10.328421][    T1] usb usb18: Manufacturer: Linux 5.6.0-rc6+ vhci_hcd
[   10.330508][    T1] usb usb18: SerialNumber: vhci_hcd.8
[   10.333218][    T1] hub 18-0:1.0: USB hub found
[   10.334800][    T1] hub 18-0:1.0: 8 ports detected
[   10.338093][    T1] vhci_hcd vhci_hcd.8: USB/IP Virtual Host Controller
[   10.340953][    T1] vhci_hcd vhci_hcd.8: new USB bus registered, assigned bus number 19
[   10.344101][    T1] usb usb19: We don't know the algorithms for LPM for this host, disabling LPM.
[   10.347109][    T1] usb usb19: New USB device found, idVendor=1d6b, idProduct=0003, bcdDevice= 5.06
[   10.349839][    T1] usb usb19: New USB device strings: Mfr=3, Product=2, SerialNumber=1
[   10.352325][    T1] usb usb19: Product: USB/IP Virtual Host Controller
[   10.354574][    T1] usb usb19: Manufacturer: Linux 5.6.0-rc6+ vhci_hcd
[   10.356788][    T1] usb usb19: SerialNumber: vhci_hcd.8
[   10.359549][    T1] hub 19-0:1.0: USB hub found
[   10.361091][    T1] hub 19-0:1.0: 8 ports detected
[   10.364786][    T1] vhci_hcd vhci_hcd.9: USB/IP Virtual Host Controller
[   10.367410][    T1] vhci_hcd vhci_hcd.9: new USB bus registered, assigned bus number 20
[   10.370162][    T1] usb usb20: New USB device found, idVendor=1d6b, idProduct=0002, bcdDevice= 5.06
[   10.375427][    T1] usb usb20: New USB device strings: Mfr=3, Product=2, SerialNumber=1
[   10.377981][    T1] usb usb20: Product: USB/IP Virtual Host Controller
[   10.380022][    T1] usb usb20: Manufacturer: Linux 5.6.0-rc6+ vhci_hcd
[   10.382023][    T1] usb usb20: SerialNumber: vhci_hcd.9
[   10.384843][    T1] hub 20-0:1.0: USB hub found
[   10.386389][    T1] hub 20-0:1.0: 8 ports detected
[   10.389812][    T1] vhci_hcd vhci_hcd.9: USB/IP Virtual Host Controller
[   10.392562][    T1] vhci_hcd vhci_hcd.9: new USB bus registered, assigned bus number 21
[   10.395467][    T1] usb usb21: We don't know the algorithms for LPM for this host, disabling LPM.
[   10.398566][    T1] usb usb21: New USB device found, idVendor=1d6b, idProduct=0003, bcdDevice= 5.06
[   10.401369][    T1] usb usb21: New USB device strings: Mfr=3, Product=2, SerialNumber=1
[   10.403883][    T1] usb usb21: Product: USB/IP Virtual Host Controller
[   10.406083][    T1] usb usb21: Manufacturer: Linux 5.6.0-rc6+ vhci_hcd
[   10.408115][    T1] usb usb21: SerialNumber: vhci_hcd.9
[   10.410718][    T1] hub 21-0:1.0: USB hub found
[   10.412233][    T1] hub 21-0:1.0: 8 ports detected
[   10.416614][    T1] vhci_hcd vhci_hcd.10: USB/IP Virtual Host Controller
[   10.420704][    T1] vhci_hcd vhci_hcd.10: new USB bus registered, assigned bus number 22
[   10.423862][    T1] usb usb22: New USB device found, idVendor=1d6b, idProduct=0002, bcdDevice= 5.06
[   10.427779][    T1] usb usb22: New USB device strings: Mfr=3, Product=2, SerialNumber=1
[   10.430184][    T1] usb usb22: Product: USB/IP Virtual Host Controller
[   10.432182][    T1] usb usb22: Manufacturer: Linux 5.6.0-rc6+ vhci_hcd
[   10.434485][    T1] usb usb22: SerialNumber: vhci_hcd.10
[   10.437291][    T1] hub 22-0:1.0: USB hub found
[   10.438871][    T1] hub 22-0:1.0: 8 ports detected
[   10.442531][    T1] vhci_hcd vhci_hcd.10: USB/IP Virtual Host Controller
[   10.445850][    T1] vhci_hcd vhci_hcd.10: new USB bus registered, assigned bus number 23
[   10.448365][    T1] usb usb23: We don't know the algorithms for LPM for this host, disabling LPM.
[   10.451274][    T1] usb usb23: New USB device found, idVendor=1d6b, idProduct=0003, bcdDevice= 5.06
[   10.455085][    T1] usb usb23: New USB device strings: Mfr=3, Product=2, SerialNumber=1
[   10.458146][    T1] usb usb23: Product: USB/IP Virtual Host Controller
[   10.460194][    T1] usb usb23: Manufacturer: Linux 5.6.0-rc6+ vhci_hcd
[   10.462281][    T1] usb usb23: SerialNumber: vhci_hcd.10
[   10.464945][    T1] hub 23-0:1.0: USB hub found
[   10.466524][    T1] hub 23-0:1.0: 8 ports detected
[   10.470352][    T1] vhci_hcd vhci_hcd.11: USB/IP Virtual Host Controller
[   10.475045][    T1] vhci_hcd vhci_hcd.11: new USB bus registered, assigned bus number 24
[   10.478023][    T1] usb usb24: New USB device found, idVendor=1d6b, idProduct=0002, bcdDevice= 5.06
[   10.480980][    T1] usb usb24: New USB device strings: Mfr=3, Product=2, SerialNumber=1
[   10.483888][    T1] usb usb24: Product: USB/IP Virtual Host Controller
[   10.486253][    T1] usb usb24: Manufacturer: Linux 5.6.0-rc6+ vhci_hcd
[   10.488181][    T1] usb usb24: SerialNumber: vhci_hcd.11
[   10.490844][    T1] hub 24-0:1.0: USB hub found
[   10.492424][    T1] hub 24-0:1.0: 8 ports detected
[   10.495855][    T1] vhci_hcd vhci_hcd.11: USB/IP Virtual Host Controller
[   10.498983][    T1] vhci_hcd vhci_hcd.11: new USB bus registered, assigned bus number 25
[   10.501563][    T1] usb usb25: We don't know the algorithms for LPM for this host, disabling LPM.
[   10.504705][    T1] usb usb25: New USB device found, idVendor=1d6b, idProduct=0003, bcdDevice= 5.06
[   10.507580][    T1] usb usb25: New USB device strings: Mfr=3, Product=2, SerialNumber=1
[   10.509991][    T1] usb usb25: Product: USB/IP Virtual Host Controller
[   10.512004][    T1] usb usb25: Manufacturer: Linux 5.6.0-rc6+ vhci_hcd
[   10.514101][    T1] usb usb25: SerialNumber: vhci_hcd.11
[   10.526649][    T1] hub 25-0:1.0: USB hub found
[   10.532690][    T1] hub 25-0:1.0: 8 ports detected
[   10.537071][    T1] vhci_hcd vhci_hcd.12: USB/IP Virtual Host Controller
[   10.539811][    T1] vhci_hcd vhci_hcd.12: new USB bus registered, assigned bus number 26
[   10.542575][    T1] usb usb26: New USB device found, idVendor=1d6b, idProduct=0002, bcdDevice= 5.06
[   10.545878][    T1] usb usb26: New USB device strings: Mfr=3, Product=2, SerialNumber=1
[   10.548363][    T1] usb usb26: Product: USB/IP Virtual Host Controller
[   10.550331][    T1] usb usb26: Manufacturer: Linux 5.6.0-rc6+ vhci_hcd
[   10.552280][    T1] usb usb26: SerialNumber: vhci_hcd.12
[   10.557266][    T1] hub 26-0:1.0: USB hub found
[   10.558967][    T1] hub 26-0:1.0: 8 ports detected
[   10.562618][    T1] vhci_hcd vhci_hcd.12: USB/IP Virtual Host Controller
[   10.565720][    T1] vhci_hcd vhci_hcd.12: new USB bus registered, assigned bus number 27
[   10.568154][    T1] usb usb27: We don't know the algorithms for LPM for this host, disabling LPM.
[   10.571268][    T1] usb usb27: New USB device found, idVendor=1d6b, idProduct=0003, bcdDevice= 5.06
[   10.574822][    T1] usb usb27: New USB device strings: Mfr=3, Product=2, SerialNumber=1
[   10.577264][    T1] usb usb27: Product: USB/IP Virtual Host Controller
[   10.579323][    T1] usb usb27: Manufacturer: Linux 5.6.0-rc6+ vhci_hcd
[   10.581675][    T1] usb usb27: SerialNumber: vhci_hcd.12
[   10.584465][    T1] hub 27-0:1.0: USB hub found
[   10.585933][    T1] hub 27-0:1.0: 8 ports detected
[   10.589831][    T1] vhci_hcd vhci_hcd.13: USB/IP Virtual Host Controller
[   10.592639][    T1] vhci_hcd vhci_hcd.13: new USB bus registered, assigned bus number 28
[   10.595787][    T1] usb usb28: New USB device found, idVendor=1d6b, idProduct=0002, bcdDevice= 5.06
[   10.598683][    T1] usb usb28: New USB device strings: Mfr=3, Product=2, SerialNumber=1
[   10.601187][    T1] usb usb28: Product: USB/IP Virtual Host Controller
[   10.603505][    T1] usb usb28: Manufacturer: Linux 5.6.0-rc6+ vhci_hcd
[   10.605573][    T1] usb usb28: SerialNumber: vhci_hcd.13
[   10.608316][    T1] hub 28-0:1.0: USB hub found
[   10.609893][    T1] hub 28-0:1.0: 8 ports detected
[   10.614335][    T1] vhci_hcd vhci_hcd.13: USB/IP Virtual Host Controller
[   10.617141][    T1] vhci_hcd vhci_hcd.13: new USB bus registered, assigned bus number 29
[   10.619917][    T1] usb usb29: We don't know the algorithms for LPM for this host, disabling LPM.
[   10.624512][    T1] usb usb29: New USB device found, idVendor=1d6b, idProduct=0003, bcdDevice= 5.06
[   10.627382][    T1] usb usb29: New USB device strings: Mfr=3, Product=2, SerialNumber=1
[   10.629996][    T1] usb usb29: Product: USB/IP Virtual Host Controller
[   10.632118][    T1] usb usb29: Manufacturer: Linux 5.6.0-rc6+ vhci_hcd
[   10.634392][    T1] usb usb29: SerialNumber: vhci_hcd.13
[   10.637177][    T1] hub 29-0:1.0: USB hub found
[   10.638754][    T1] hub 29-0:1.0: 8 ports detected
[   10.642493][    T1] vhci_hcd vhci_hcd.14: USB/IP Virtual Host Controller
[   10.645496][    T1] vhci_hcd vhci_hcd.14: new USB bus registered, assigned bus number 30
[   10.648355][    T1] usb usb30: New USB device found, idVendor=1d6b, idProduct=0002, bcdDevice= 5.06
[   10.651428][    T1] usb usb30: New USB device strings: Mfr=3, Product=2, SerialNumber=1
[   10.654262][    T1] usb usb30: Product: USB/IP Virtual Host Controller
[   10.656325][    T1] usb usb30: Manufacturer: Linux 5.6.0-rc6+ vhci_hcd
[   10.658485][    T1] usb usb30: SerialNumber: vhci_hcd.14
[   10.661146][    T1] hub 30-0:1.0: USB hub found
[   10.662688][    T1] hub 30-0:1.0: 8 ports detected
[   10.666276][    T1] vhci_hcd vhci_hcd.14: USB/IP Virtual Host Controller
[   10.668925][    T1] vhci_hcd vhci_hcd.14: new USB bus registered, assigned bus number 31
[   10.671798][    T1] usb usb31: We don't know the algorithms for LPM for this host, disabling LPM.
[   10.674921][    T1] usb usb31: New USB device found, idVendor=1d6b, idProduct=0003, bcdDevice= 5.06
[   10.677940][    T1] usb usb31: New USB device strings: Mfr=3, Product=2, SerialNumber=1
[   10.680598][    T1] usb usb31: Product: USB/IP Virtual Host Controller
[   10.682684][    T1] usb usb31: Manufacturer: Linux 5.6.0-rc6+ vhci_hcd
[   10.684875][    T1] usb usb31: SerialNumber: vhci_hcd.14
[   10.687399][    T1] hub 31-0:1.0: USB hub found
[   10.689089][    T1] hub 31-0:1.0: 8 ports detected
[   10.693176][    T1] vhci_hcd vhci_hcd.15: USB/IP Virtual Host Controller
[   10.695935][    T1] vhci_hcd vhci_hcd.15: new USB bus registered, assigned bus number 32
[   10.699536][    T1] usb usb32: New USB device found, idVendor=1d6b, idProduct=0002, bcdDevice= 5.06
[   10.702336][    T1] usb usb32: New USB device strings: Mfr=3, Product=2, SerialNumber=1
[   10.705433][    T1] usb usb32: Product: USB/IP Virtual Host Controller
[   10.707735][    T1] usb usb32: Manufacturer: Linux 5.6.0-rc6+ vhci_hcd
[   10.709860][    T1] usb usb32: SerialNumber: vhci_hcd.15
[   10.712667][    T1] hub 32-0:1.0: USB hub found
[   10.714278][    T1] hub 32-0:1.0: 8 ports detected
[   10.717864][    T1] vhci_hcd vhci_hcd.15: USB/IP Virtual Host Controller
[   10.720508][    T1] vhci_hcd vhci_hcd.15: new USB bus registered, assigned bus number 33
[   10.723636][    T1] usb usb33: We don't know the algorithms for LPM for this host, disabling LPM.
[   10.727484][    T1] usb usb33: New USB device found, idVendor=1d6b, idProduct=0003, bcdDevice= 5.06
[   10.730268][    T1] usb usb33: New USB device strings: Mfr=3, Product=2, SerialNumber=1
[   10.732951][    T1] usb usb33: Product: USB/IP Virtual Host Controller
[   10.735190][    T1] usb usb33: Manufacturer: Linux 5.6.0-rc6+ vhci_hcd
[   10.737246][    T1] usb usb33: SerialNumber: vhci_hcd.15
[   10.740144][    T1] hub 33-0:1.0: USB hub found
[   10.741771][    T1] hub 33-0:1.0: 8 ports detected
[   10.746361][    T1] usbcore: registered new device driver usbip-host
[   10.749545][    T1] i8042: PNP: PS/2 Controller [PNP0303:KBD,PNP0f13:MOU] at 0x60,0x64 irq 1,12
[   10.754933][    T1] serio: i8042 KBD port at 0x60,0x64 irq 1
[   10.757228][    T1] serio: i8042 AUX port at 0x60,0x64 irq 12
[   10.889696][    T1] mousedev: PS/2 mouse device common for all mice
[   10.893203][ T2927] input: AT Translated Set 2 keyboard as /devices/platform/i8042/serio0/input/input1
[   10.900154][    T1] rtc_cmos 00:05: RTC can wake from S4
[   10.904841][    T1] rtc_cmos 00:05: registered as rtc0
[   10.906266][    T1] rtc_cmos 00:05: alarms up to one day, y3k, 242 bytes nvram, hpet irqs
[   10.908765][    T1] i2c /dev entries driver
[   10.911553][    T1] piix4_smbus 0000:00:01.3: SMBus Host Controller at 0x700, revision 0
[   10.918106][    T1] usbcore: registered new interface driver RobotFuzz Open Source InterFace, OSIF
[   10.921409][    T1] usbcore: registered new interface driver i2c-tiny-usb
[   10.923371][    T1] IR NEC protocol handler initialized
[   10.924599][    T1] IR RC5(x/sz) protocol handler initialized
[   10.926118][    T1] IR RC6 protocol handler initialized
[   10.927506][    T1] IR JVC protocol handler initialized
[   10.928840][    T1] IR Sony protocol handler initialized
[   10.930809][    T1] IR SANYO protocol handler initialized
[   10.933523][    T1] IR Sharp protocol handler initialized
[   10.936008][    T1] IR MCE Keyboard/mouse protocol handler initialized
[   10.939278][    T1] IR XMP protocol handler initialized
[   10.957679][    T1] vivid-000: using single planar format API
[   10.972805][    T1] vivid-000: CEC adapter cec0 registered for HDMI input 0
[   10.975436][    T1] vivid-000: V4L2 capture device registered as video3
[   10.977541][    T1] vivid-000: CEC adapter cec1 registered for HDMI output 0
[   10.981470][    T1] vivid-000: V4L2 output device registered as video4
[   10.986136][    T1] vivid-000: V4L2 capture device registered as vbi0, supports raw and sliced VBI
[   10.993258][    T1] vivid-000: V4L2 output device registered as vbi1, supports raw and sliced VBI
[   10.995999][    T1] vivid-000: V4L2 capture device registered as swradio0
[   10.999677][    T1] vivid-000: V4L2 receiver device registered as radio0
[   11.003120][    T1] vivid-000: V4L2 transmitter device registered as radio1
[   11.008543][    T1] vivid-000: V4L2 metadata capture device registered as video5
[   11.011008][    T1] vivid-000: V4L2 metadata output device registered as video6
[   11.013305][    T1] vivid-000: V4L2 touch capture device registered as v4l-touch0
[   11.016497][    T1] vim2m vim2m.0: Device registered as /dev/video7
[   11.020232][    T1] vicodec vicodec.0: Device 'stateful-encoder' registered as /dev/video8
[   11.024468][    T1] vicodec vicodec.0: Device 'stateful-decoder' registered as /dev/video9
[   11.027352][    T1] vicodec vicodec.0: Device 'stateless-decoder' registered as /dev/video10
[   11.031592][    T1] usbcore: registered new interface driver uvcvideo
[   11.034491][    T1] USB Video Class driver (1.1.1)
[   11.035876][    T1] gspca_main: v2.14.0 registered
[   11.037744][    T1] iTCO_wdt: Intel TCO WatchDog Timer Driver v1.11
[   11.040492][    T1] iTCO_vendor_support: vendor-support=0
[   11.043915][    T1] device-mapper: uevent: version 1.0.3
[   11.045960][    T1] device-mapper: ioctl: 4.42.0-ioctl (2020-02-27) initialised: dm-devel@redhat.com
[   11.049399][    T1] device-mapper: multipath round-robin: version 1.2.0 loaded
[   11.051516][    T1] device-mapper: multipath queue-length: version 0.2.0 loaded
[   11.053664][    T1] device-mapper: multipath service-time: version 0.3.0 loaded
[   11.055832][    T1] device-mapper: raid: Loading target version 1.15.1
[   11.058174][    T1] Bluetooth: HCI UART driver ver 2.3
[   11.059614][    T1] Bluetooth: HCI UART protocol H4 registered
[   11.061386][    T1] Bluetooth: HCI UART protocol BCSP registered
[   11.063425][    T1] Bluetooth: HCI UART protocol LL registered
[   11.065352][    T1] Bluetooth: HCI UART protocol Three-wire (H5) registered
[   11.067974][    T1] Bluetooth: HCI UART protocol QCA registered
[   11.069751][    T1] Bluetooth: HCI UART protocol AG6XX registered
[   11.071612][    T1] Bluetooth: HCI UART protocol Marvell registered
[   11.073613][    T1] usbcore: registered new interface driver bfusb
[   11.076876][    T1] usbcore: registered new interface driver btusb
[   11.079152][    T1] CAPI 2.0 started up with major 68 (middleware)
[   11.081036][    T1] Modular ISDN core version 1.1.29
[   11.083812][    T1] NET: Registered protocol family 34
[   11.085633][    T1] DSP module 2.0
[   11.086658][    T1] mISDN_dsp: DSP clocks every 80 samples. This equals 1 jiffies.
[   11.093012][    T1] mISDN: Layer-1-over-IP driver Rev. 2.00
[   11.095078][    T1] 0 virtual devices registered
[   11.096485][    T1] intel_pstate: CPU model not supported
[   11.111090][    T1] usnic_verbs: Cisco VIC (USNIC) Verbs Driver v1.0.3 (December 19, 2013)
[   11.113837][    T1] usnic_verbs:usnic_uiom_init:563: 
[   11.113838][    T1] IOMMU required but not present or enabled.  USNIC QPs will not function w/o enabling IOMMU
[   11.118078][    T1] usnic_verbs:usnic_ib_init:667: 
[   11.118079][    T1] Unable to initialize umem with err -1
[   11.121511][    T1] iscsi: registered transport (iser)
[   11.123091][    T1] OPA Virtual Network Driver - v1.0
[   11.135861][    T1] SoftiWARP attached
[   11.137210][    T1] Driver 'framebuffer' was unable to register with bus_type 'coreboot' because the bus was not initialized.
[   11.140336][    T1] Driver 'memconsole' was unable to register with bus_type 'coreboot' because the bus was not initialized.
[   11.143585][    T1] Driver 'vpd' was unable to register with bus_type 'coreboot' because the bus was not initialized.
[   11.160831][    T1] hid: raw HID events driver (C) Jiri Kosina
[   11.169165][    T1] usbcore: registered new interface driver usbhid
[   11.171562][    T1] usbhid: USB HID core driver
[   11.178238][    T1] ashmem: initialized
[   11.179830][    T1] exFAT: Version 1.3.0
[   11.206302][    T1] usbcore: registered new interface driver snd-usb-audio
[   11.208808][    T1] drop_monitor: Initializing network drop monitor service
[   11.211144][    T1] NET: Registered protocol family 26
[   11.212806][    T1] GACT probability on
[   11.214902][    T1] Mirror/redirect action on
[   11.216561][    T1] Simple TC action Loaded
[   11.219153][    T1] netem: version 1.3
[   11.220574][    T1] u32 classifier
[   11.221772][    T1]     Performance counters on
[   11.223177][    T1]     input device check on
[   11.224569][    T1]     Actions configured
[   11.230130][    T1] xt_time: kernel timezone is -0000
[   11.231785][    T1] IPVS: Registered protocols (TCP, UDP, SCTP, AH, ESP)
[   11.234017][    T1] IPVS: Connection hash table configured (size=4096, memory=64Kbytes)
[   11.237336][    T1] IPVS: ipvs loaded.
[   11.238437][    T1] IPVS: [rr] scheduler registered.
[   11.240192][    T1] IPVS: [wrr] scheduler registered.
[   11.242014][    T1] IPVS: [lc] scheduler registered.
[   11.244872][    T1] IPVS: [wlc] scheduler registered.
[   11.246376][    T1] IPVS: [fo] scheduler registered.
[   11.247718][    T1] IPVS: [ovf] scheduler registered.
[   11.249453][    T1] IPVS: [lblc] scheduler registered.
[   11.251185][    T1] IPVS: [lblcr] scheduler registered.
[   11.252861][    T1] IPVS: [dh] scheduler registered.
[   11.254622][    T1] IPVS: [sh] scheduler registered.
[   11.256295][    T1] IPVS: [mh] scheduler registered.
[   11.257970][    T1] IPVS: [sed] scheduler registered.
[   11.259559][    T1] IPVS: [nq] scheduler registered.
[   11.261016][    T1] IPVS: ftp: loaded support on port[0] = 21
[   11.262699][    T1] IPVS: [sip] pe registered.
[   11.264118][    T1] ipip: IPv4 and MPLS over IPv4 tunneling driver
[   11.266753][    T1] gre: GRE over IPv4 demultiplexor driver
[   11.268575][    T1] ip_gre: GRE over IPv4 tunneling driver
[   11.272560][    T1] IPv4 over IPsec tunneling driver
[   11.276245][    T1] ipt_CLUSTERIP: ClusterIP Version 0.8 loaded successfully
[   11.278697][    T1] Initializing XFRM netlink socket
[   11.280272][    T1] IPsec XFRM device driver
[   11.281839][    T1] NET: Registered protocol family 10
[   11.288417][    T1] Segment Routing with IPv6
[   11.290003][    T1] mip6: Mobile IPv6
[   11.293154][    T1] sit: IPv6, IPv4 and MPLS over IPv4 tunneling driver
[   11.297177][    T1] ip6_gre: GRE over IPv6 tunneling driver
[   11.304956][    T1] NET: Registered protocol family 17
[   11.307157][    T1] NET: Registered protocol family 15
[   11.309099][    T1] Bridge firewalling registered
[   11.311358][    T1] NET: Registered protocol family 9
[   11.313321][    T1] X25: Linux Version 0.2
[   11.317450][    T1] NET: Registered protocol family 6
[   11.324558][    T1] NET: Registered protocol family 11
[   11.326039][    T1] NET: Registered protocol family 3
[   11.327495][    T1] can: controller area network core (rev 20170425 abi 9)
[   11.329621][    T1] NET: Registered protocol family 29
[   11.331145][    T1] can: raw protocol (rev 20170425)
[   11.332890][    T1] can: broadcast manager protocol (rev 20170425 t)
[   11.335259][    T1] can: netlink gateway (rev 20190810) max_hops=1
[   11.337411][    T1] can: SAE J1939
[   11.339319][    T1] Bluetooth: RFCOMM TTY layer initialized
[   11.341125][    T1] Bluetooth: RFCOMM socket layer initialized
[   11.343286][    T1] Bluetooth: RFCOMM ver 1.11
[   11.344542][    T1] Bluetooth: BNEP (Ethernet Emulation) ver 1.3
[   11.346171][    T1] Bluetooth: BNEP filters: protocol multicast
[   11.347838][    T1] Bluetooth: BNEP socket layer initialized
[   11.349373][    T1] Bluetooth: CMTP (CAPI Emulation) ver 1.0
[   11.351389][    T1] Bluetooth: CMTP socket layer initialized
[   11.353356][    T1] Bluetooth: HIDP (Human Interface Emulation) ver 1.2
[   11.355416][    T1] Bluetooth: HIDP socket layer initialized
[   11.357593][    T1] RPC: Registered rdma transport module.
[   11.359486][    T1] RPC: Registered rdma backchannel transport module.
[   11.362865][    T1] NET: Registered protocol family 33
[   11.364555][    T1] Key type rxrpc registered
[   11.365986][    T1] Key type rxrpc_s registered
[   11.367770][    T1] NET: Registered protocol family 41
[   11.369957][    T1] lec:lane_module_init: lec.c: initialized
[   11.372020][    T1] mpoa:atm_mpoa_init: mpc.c: initialized
[   11.374842][    T1] l2tp_core: L2TP core driver, V2.0
[   11.376827][    T1] l2tp_ppp: PPPoL2TP kernel driver, V2.0
[   11.378409][    T1] l2tp_ip: L2TP IP encapsulation support (L2TPv3)
[   11.380298][    T1] l2tp_netlink: L2TP netlink interface
[   11.381851][    T1] l2tp_eth: L2TP ethernet pseudowire support (L2TPv3)
[   11.383904][    T1] l2tp_ip6: L2TP IP encapsulation support for IPv6 (L2TPv3)
[   11.386774][    T1] NET: Registered protocol family 35
[   11.388554][    T1] 8021q: 802.1Q VLAN Support v1.8
[   11.411347][    T1] DCCP: Activated CCID 2 (TCP-like)
[   11.413350][    T1] DCCP: Activated CCID 3 (TCP-Friendly Rate Control)
[   11.415962][    T1] sctp: Hash tables configured (bind 64/64)
[   11.418913][    T1] NET: Registered protocol family 21
[   11.420711][    T1] Registered RDS/infiniband transport
[   11.423254][    T1] Registered RDS/tcp transport
[   11.424942][    T1] tipc: Activated (version 2.0.0)
[   11.427035][    T1] NET: Registered protocol family 30
[   11.429531][    T1] tipc: Started in single node mode
[   11.431352][    T1] NET: Registered protocol family 43
[   11.433196][    T1] 9pnet: Installing 9P2000 support
[   11.434970][    T1] NET: Registered protocol family 37
[   11.438247][    T1] NET: Registered protocol family 36
[   11.440160][    T1] Key type dns_resolver registered
[   11.442022][    T1] Key type ceph registered
[   11.443688][    T1] libceph: loaded (mon/osd proto 15/24)
[   11.446630][    T1] batman_adv: B.A.T.M.A.N. advanced 2020.0 (compatibility version 15) loaded
[   11.449601][    T1] openvswitch: Open vSwitch switching datapath
[   11.452795][    T1] NET: Registered protocol family 40
[   11.454445][    T1] mpls_gso: MPLS GSO support
[   11.460497][    T1] IPI shorthand broadcast: enabled
[   11.462211][    T1] AVX2 version of gcm_enc/dec engaged.
[   11.463947][    T1] AES CTR mode by8 optimization enabled
[   11.473887][    T1] sched_clock: Marking stable (11407209006, 66651252)->(11539644328, -65784070)
[   11.477556][    T1] registered taskstats version 1
[   11.479130][    T1] Loading compiled-in X.509 certificates
[   11.483414][    T1] Loaded X.509 cert 'Build time autogenerated kernel key: 5d7de0c5df58685871dec17a7c93503bfbad6e5d'
[   11.487253][    T1] zswap: loaded using pool lzo/zbud
[   11.489445][    T1] Key type ._fscrypt registered
[   11.490759][    T1] Key type .fscrypt registered
[   11.492149][    T1] Key type fscrypt-provisioning registered
[   11.498681][    T1] kAFS: Red Hat AFS client v0.1 registering.
[   11.502488][    T1] FS-Cache: Netfs 'afs' registered for caching
[   11.507751][    T1] *** VALIDATE afs ***
[   11.524000][    T1] Btrfs loaded, crc32c=crc32c-intel
[   11.528288][    T1] Key type big_key registered
[   11.531286][    T1] Key type encrypted registered
[   11.532967][    T1] ima: No TPM chip found, activating TPM-bypass!
[   11.535227][    T1] ima: Allocated hash algorithm: sha256
[   11.537197][    T1] ima: No architecture policies found
[   11.539153][    T1] evm: Initialising EVM extended attributes:
[   11.540838][    T1] evm: security.selinux
[   11.542019][    T1] evm: security.SMACK64
[   11.543312][    T1] evm: security.SMACK64EXEC
[   11.544520][    T1] evm: security.SMACK64TRANSMUTE
[   11.545897][    T1] evm: security.SMACK64MMAP
[   11.547054][    T1] evm: security.apparmor
[   11.548183][    T1] evm: security.ima
[   11.549244][    T1] evm: security.capability
[   11.550572][    T1] evm: HMAC attrs: 0x1
[   11.558271][    T1] PM:   Magic number: 10:70:823
[   11.560739][    T1] tty ptyt3: hash matches
[   11.563365][    T1] printk: console [netcon0] enabled
[   11.564941][    T1] netconsole: network logging started
[   11.567384][    T1] gtp: GTP module loaded (pdp ctx size 104 bytes)
[   11.570405][    T1] rdma_rxe: loaded
[   11.571830][    T1] cfg80211: Loading compiled-in X.509 certificates for regulatory database
[   11.576391][ T2927] input: ImExPS/2 Generic Explorer Mouse as /devices/platform/i8042/serio1/input/input3
[   11.582105][    T1] cfg80211: Loaded X.509 cert 'sforshee: 00b28ddf47aef9cea7'
[   11.584615][   T12] platform regulatory.0: Direct firmware load for regulatory.db failed with error -2
[   11.587315][   T12] cfg80211: failed to load regulatory.db
[   11.589700][    T1] ALSA device list:
[   11.590720][    T1]   #0: Dummy 1
[   11.591745][    T1]   #1: Loopback 1
[   11.593938][    T1]   #2: Virtual MIDI Card 1
[   11.611955][    T1] Freeing unused kernel image (initmem) memory: 2712K
[   11.653205][    T1] Write protecting the kernel read-only data: 137216k
[   11.660501][    T1] Freeing unused kernel image (text/rodata gap) memory: 2036K
[   11.666725][    T1] Freeing unused kernel image (rodata/data gap) memory: 1732K
[   11.669068][    T1] Run /init as init process
/init: line 19: can't create /proc/sys/kernel/unprivileged_userns_clone: nonexistent directory

secb: rootfs ready (Linux 5.6.0-rc6+ x86_64)
---- poc begin ----
[   11.735885][ T3715] IPVS: ftp: loaded support on port[0] = 21
---- poc end rc=0 ----
secb: poc exited without crashing the kernel
[   12.023458][  T206] tipc: TX() has been purged, node left!
[   12.810153][ T3739] kvm: exiting hardware virtualization
[   12.815336][ T3739] ACPI: Preparing to enter system sleep state S5
[   12.819227][ T3739] reboot: Power down
NO_CRASH_DETECTED
