bash: warning: setlocale: LC_ALL: cannot change locale (en_US.UTF-8)
c[?7l[2J[0mSeaBIOS (version 1.16.2-debian-1.16.2-1)


iPXE (http://ipxe.org) 00:03.0 CA00 PCI2.10 PnP PMM+7EFCEF00+7EF0EF00 CA00
Press Ctrl-B to configure iPXE (PCI 00:03.0)...                                                                               


Booting from ROM...
c[?7l[2J[    0.000000] Linux version 6.7.0-rc5-00179-g0ae8e4cca787-dirty (root@buildkitsandbox) (gcc (Debian 12.2.0-14+deb12u1) 12.2.0, GNU ld (GNU Binutils for Debian) 2.40) #1 SMP PREEMPT_DYNAMIC Tue May  5 12:41:07 UTC 2026
[    0.000000] Command line: console=ttyS0 oops=panic nokaslr rdinit=/init
[    0.000000] BIOS-provided physical RAM map:
[    0.000000] BIOS-e820: [mem 0x0000000000000000-0x000000000009fbff] usable
[    0.000000] BIOS-e820: [mem 0x000000000009fc00-0x000000000009ffff] reserved
[    0.000000] BIOS-e820: [mem 0x00000000000f0000-0x00000000000fffff] reserved
[    0.000000] BIOS-e820: [mem 0x0000000000100000-0x000000007ffdffff] usable
[    0.000000] BIOS-e820: [mem 0x000000007ffe0000-0x000000007fffffff] reserved
[    0.000000] BIOS-e820: [mem 0x00000000feffc000-0x00000000feffffff] reserved
[    0.000000] BIOS-e820: [mem 0x00000000fffc0000-0x00000000ffffffff] reserved
[    0.000000] NX (Execute Disable) protection: active
[    0.000000] APIC: Static calls initialized
[    0.000000] SMBIOS 2.8 present.
[    0.000000] DMI: QEMU Standard PC (i440FX + PIIX, 1996), BIOS 1.16.2-debian-1.16.2-1 04/01/2014
[    0.000000] Hypervisor detected: KVM
[    0.000000] kvm-clock: Using msrs 4b564d01 and 4b564d00
[    0.000000] kvm-clock: using sched offset of 444484371 cycles
[    0.000002] clocksource: kvm-clock: mask: 0xffffffffffffffff max_cycles: 0x1cd42e4dffb, max_idle_ns: 881590591483 ns
[    0.000003] tsc: Detected 3187.200 MHz processor
[    0.000311] last_pfn = 0x7ffe0 max_arch_pfn = 0x400000000
[    0.000328] MTRR map: 4 entries (3 fixed + 1 variable; max 19), built from 8 variable MTRRs
[    0.000330] x86/PAT: Configuration [0-7]: WB  WC  UC- UC  WB  WP  UC- WT  
[    0.004724] found SMP MP-table at [mem 0x000f5ba0-0x000f5baf]
[    0.004730] Using GB pages for direct mapping
[    0.004731] Incomplete global flushes, disabling PCID
[    0.004810] RAMDISK: [mem 0x7fe91000-0x7ffdffff]
[    0.004816] ACPI: Early table checksum verification disabled
[    0.004818] ACPI: RSDP 0x00000000000F59D0 000014 (v00 BOCHS )
[    0.004823] ACPI: RSDT 0x000000007FFE1B33 000034 (v01 BOCHS  BXPC     00000001 BXPC 00000001)
[    0.004828] ACPI: FACP 0x000000007FFE19DF 000074 (v01 BOCHS  BXPC     00000001 BXPC 00000001)
[    0.004835] ACPI: DSDT 0x000000007FFE0040 00199F (v01 BOCHS  BXPC     00000001 BXPC 00000001)
[    0.004838] ACPI: FACS 0x000000007FFE0000 000040
[    0.004840] ACPI: APIC 0x000000007FFE1A53 000080 (v01 BOCHS  BXPC     00000001 BXPC 00000001)
[    0.004843] ACPI: HPET 0x000000007FFE1AD3 000038 (v01 BOCHS  BXPC     00000001 BXPC 00000001)
[    0.004845] ACPI: WAET 0x000000007FFE1B0B 000028 (v01 BOCHS  BXPC     00000001 BXPC 00000001)
[    0.004847] ACPI: Reserving FACP table memory at [mem 0x7ffe19df-0x7ffe1a52]
[    0.004849] ACPI: Reserving DSDT table memory at [mem 0x7ffe0040-0x7ffe19de]
[    0.004849] ACPI: Reserving FACS table memory at [mem 0x7ffe0000-0x7ffe003f]
[    0.004850] ACPI: Reserving APIC table memory at [mem 0x7ffe1a53-0x7ffe1ad2]
[    0.004850] ACPI: Reserving HPET table memory at [mem 0x7ffe1ad3-0x7ffe1b0a]
[    0.004851] ACPI: Reserving WAET table memory at [mem 0x7ffe1b0b-0x7ffe1b32]
[    0.005033] No NUMA configuration found
[    0.005033] Faking a node at [mem 0x0000000000000000-0x000000007ffdffff]
[    0.005036] NODE_DATA(0) allocated [mem 0x7fe8d000-0x7fe90fff]
[    0.005066] Zone ranges:
[    0.005066]   DMA      [mem 0x0000000000001000-0x0000000000ffffff]
[    0.005068]   DMA32    [mem 0x0000000001000000-0x000000007ffdffff]
[    0.005068]   Normal   empty
[    0.005069] Movable zone start for each node
[    0.005069] Early memory node ranges
[    0.005070]   node   0: [mem 0x0000000000001000-0x000000000009efff]
[    0.005071]   node   0: [mem 0x0000000000100000-0x000000007ffdffff]
[    0.005071] Initmem setup node 0 [mem 0x0000000000001000-0x000000007ffdffff]
[    0.005555] On node 0, zone DMA: 1 pages in unavailable ranges
[    0.005678] On node 0, zone DMA: 97 pages in unavailable ranges
[    0.108355] On node 0, zone DMA32: 32 pages in unavailable ranges
[    0.630993] kasan: KernelAddressSanitizer initialized
[    0.631197] ACPI: PM-Timer IO Port: 0x608
[    0.631208] ACPI: LAPIC_NMI (acpi_id[0xff] dfl dfl lint[0x1])
[    0.631236] IOAPIC[0]: apic_id 0, version 17, address 0xfec00000, GSI 0-23
[    0.631240] ACPI: INT_SRC_OVR (bus 0 bus_irq 0 global_irq 2 dfl dfl)
[    0.631242] ACPI: INT_SRC_OVR (bus 0 bus_irq 5 global_irq 5 high level)
[    0.631243] ACPI: INT_SRC_OVR (bus 0 bus_irq 9 global_irq 9 high level)
[    0.631244] ACPI: INT_SRC_OVR (bus 0 bus_irq 10 global_irq 10 high level)
[    0.631244] ACPI: INT_SRC_OVR (bus 0 bus_irq 11 global_irq 11 high level)
[    0.631247] ACPI: Using ACPI (MADT) for SMP configuration information
[    0.631248] ACPI: HPET id: 0x8086a201 base: 0xfed00000
[    0.631252] TSC deadline timer available
[    0.631253] smpboot: Allowing 2 CPUs, 0 hotplug CPUs
[    0.631269] kvm-guest: APIC: eoi() replaced with kvm_guest_apic_eoi_write()
[    0.631283] kvm-guest: KVM setup pv remote TLB flush
[    0.631285] kvm-guest: setup PV sched yield
[    0.631290] PM: hibernation: Registered nosave memory: [mem 0x00000000-0x00000fff]
[    0.631292] PM: hibernation: Registered nosave memory: [mem 0x0009f000-0x0009ffff]
[    0.631292] PM: hibernation: Registered nosave memory: [mem 0x000a0000-0x000effff]
[    0.631293] PM: hibernation: Registered nosave memory: [mem 0x000f0000-0x000fffff]
[    0.631294] [mem 0x80000000-0xfeffbfff] available for PCI devices
[    0.631295] Booting paravirtualized kernel on KVM
[    0.631297] clocksource: refined-jiffies: mask: 0xffffffff max_cycles: 0xffffffff, max_idle_ns: 1910969940391419 ns
[    0.637831] setup_percpu: NR_CPUS:64 nr_cpumask_bits:2 nr_cpu_ids:2 nr_node_ids:1
[    0.639968] percpu: Embedded 66 pages/cpu s231912 r8192 d30232 u1048576
[    0.639996] Kernel command line: console=ttyS0 oops=panic nokaslr rdinit=/init
[    0.640056] random: crng init done
[    0.640601] Dentry cache hash table entries: 262144 (order: 9, 2097152 bytes, linear)
[    0.641159] Inode-cache hash table entries: 131072 (order: 8, 1048576 bytes, linear)
[    0.641202] Fallback order for Node 0: 0 
[    0.641205] Built 1 zonelists, mobility grouping on.  Total pages: 515808
[    0.641206] Policy zone: DMA32
[    0.641207] mem auto-init: stack:all(zero), heap alloc:off, heap free:off
[    0.641208] stackdepot: allocating hash table via alloc_large_system_hash
[    0.645114] stackdepot hash table entries: 1048576 (order: 11, 8388608 bytes, linear)
[    0.671858] Memory: 1704476K/2096632K available (43008K kernel code, 7259K rwdata, 8716K rodata, 5168K init, 960K bss, 391900K reserved, 0K cma-reserved)
[    0.671987] SLUB: HWalign=64, Order=0-3, MinObjects=0, CPUs=2, Nodes=1
[    0.672804] Dynamic Preempt: voluntary
[    0.673114] rcu: Preemptible hierarchical RCU implementation.
[    0.673115] rcu: 	RCU event tracing is enabled.
[    0.673115] rcu: 	RCU restricting CPUs from NR_CPUS=64 to nr_cpu_ids=2.
[    0.673116] 	Trampoline variant of Tasks RCU enabled.
[    0.673117] rcu: RCU calculated value of scheduler-enlistment delay is 100 jiffies.
[    0.673117] rcu: Adjusting geometry for rcu_fanout_leaf=16, nr_cpu_ids=2
[    0.678794] NR_IRQS: 4352, nr_irqs: 440, preallocated irqs: 16
[    0.679021] rcu: srcu_init: Setting srcu_struct sizes based on contention.
[    0.681211] Console: colour VGA+ 80x25
[    0.681236] printk: legacy console [ttyS0] enabled
[    0.718077] ACPI: Core revision 20230628
[    0.718430] clocksource: hpet: mask: 0xffffffff max_cycles: 0xffffffff, max_idle_ns: 19112604467 ns
[    0.718995] APIC: Switch to symmetric I/O mode setup
[    0.719280] kvm-guest: APIC: send_IPI_mask() replaced with kvm_send_ipi_mask()
[    0.719689] kvm-guest: APIC: send_IPI_mask_allbutself() replaced with kvm_send_ipi_mask_allbutself()
[    0.720217] kvm-guest: setup PV IPIs
[    0.721042] ..TIMER: vector=0x30 apic1=0 pin1=2 apic2=-1 pin2=-1
[    0.721396] clocksource: tsc-early: mask: 0xffffffffffffffff max_cycles: 0x2df10e7656b, max_idle_ns: 440795364873 ns
[    0.721998] Calibrating delay loop (skipped) preset value.. 6374.40 BogoMIPS (lpj=3187200)
[    0.722535] x86/cpu: User Mode Instruction Prevention (UMIP) activated
[    0.722948] Last level iTLB entries: 4KB 0, 2MB 0, 4MB 0
[    0.722996] Last level dTLB entries: 4KB 0, 2MB 0, 4MB 0, 1GB 0
[    0.723331] Spectre V1 : Mitigation: usercopy/swapgs barriers and __user pointer sanitization
[    0.723997] Spectre V2 : Mitigation: Enhanced / Automatic IBRS
[    0.724325] Spectre V2 : Spectre v2 / SpectreRSB mitigation: Filling RSB on context switch
[    0.724786] Spectre V2 : Spectre v2 / PBRSB-eIBRS: Retire a single CALL on VMEXIT
[    0.724996] Spectre V2 : mitigation: Enabling conditional Indirect Branch Prediction Barrier
[    0.725467] Speculative Store Bypass: Mitigation: Speculative Store Bypass disabled via prctl
[    0.725995] MMIO Stale Data: Unknown: No mitigations
[    0.726286] x86/fpu: Supporting XSAVE feature 0x001: 'x87 floating point registers'
[    0.726995] x86/fpu: Supporting XSAVE feature 0x002: 'SSE registers'
[    0.727366] x86/fpu: Supporting XSAVE feature 0x004: 'AVX registers'
[    0.727746] x86/fpu: Supporting XSAVE feature 0x200: 'Protection Keys User registers'
[    0.727996] x86/fpu: xstate_offset[2]:  576, xstate_sizes[2]:  256
[    0.728365] x86/fpu: xstate_offset[9]:  832, xstate_sizes[9]:    8
[    0.728735] x86/fpu: Enabled xstate features 0x207, context size is 840 bytes, using 'compacted' format.
[    0.742508] Freeing SMP alternatives memory: 40K
[    0.742834] pid_max: default: 32768 minimum: 301
[    0.743042] LSM: initializing lsm=capability,selinux,integrity
[    0.743391] SELinux:  Initializing.
[    0.743689] Mount-cache hash table entries: 4096 (order: 3, 32768 bytes, linear)
[    0.744009] Mountpoint-cache hash table entries: 4096 (order: 3, 32768 bytes, linear)
[    0.745520] smpboot: CPU0: Intel(R) Core(TM) i9-14900K (family: 0x6, model: 0xb7, stepping: 0x1)
[    0.745995] RCU Tasks: Setting shift to 1 and lim to 1 rcu_task_cb_adjust=1.
[    0.746034] Performance Events: unsupported p6 CPU model 183 no PMU driver, software events only.
[    0.746570] signal: max sigframe size: 3632
[    0.746860] rcu: Hierarchical SRCU implementation.
[    0.746996] rcu: 	Max phase no-delay instances is 400.
[    0.747757] smp: Bringing up secondary CPUs ...
[    0.748224] smpboot: x86: Booting SMP configuration:
[    0.748514] .... node  #0, CPUs:      #1
[    0.748589] smp: Brought up 1 node, 2 CPUs
[    0.749238] smpboot: Max logical packages: 1
[    0.749487] smpboot: Total of 2 processors activated (12748.80 BogoMIPS)
[    0.750198] devtmpfs: initialized
[    0.752322] clocksource: jiffies: mask: 0xffffffff max_cycles: 0xffffffff, max_idle_ns: 1911260446275000 ns
[    0.753001] futex hash table entries: 512 (order: 3, 32768 bytes, linear)
[    0.753526] PM: RTC time: 12:42:59, date: 2026-05-05
[    0.753999] NET: Registered PF_NETLINK/PF_ROUTE protocol family
[    0.754556] audit: initializing netlink subsys (disabled)
[    0.754921] audit: type=2000 audit(1777984979.539:1): state=initialized audit_enabled=0 res=1
[    0.755200] thermal_sys: Registered thermal governor 'step_wise'
[    0.755997] thermal_sys: Registered thermal governor 'user_space'
[    0.756366] cpuidle: using governor menu
[    0.757203] PCI: Using configuration type 1 for base access
[    0.757701] kprobes: kprobe jump-optimization is enabled. All kprobes are optimized if possible.
[    0.759995] HugeTLB: registered 2.00 MiB page size, pre-allocated 0 pages
[    0.759995] HugeTLB: 28 KiB vmemmap can be freed for a 2.00 MiB page
[    0.761117] ACPI: Added _OSI(Module Device)
[    0.761369] ACPI: Added _OSI(Processor Device)
[    0.761630] ACPI: Added _OSI(3.0 _SCP Extensions)
[    0.763007] ACPI: Added _OSI(Processor Aggregator Device)
[    0.769851] ACPI: 1 ACPI AML tables successfully acquired and loaded
[    0.774146] ACPI: _OSC evaluation for CPUs failed, trying _PDC
[    0.774596] ACPI: Interpreter enabled
[    0.774845] ACPI: PM: (supports S0 S3 S4 S5)
[    0.774997] ACPI: Using IOAPIC for interrupt routing
[    0.775328] PCI: Using host bridge windows from ACPI; if necessary, use "pci=nocrs" and report a bug
[    0.775863] PCI: Using E820 reservations for host bridge windows
[    0.776324] ACPI: Enabled 2 GPEs in block 00 to 0F
[    0.787302] ACPI: PCI Root Bridge [PCI0] (domain 0000 [bus 00-ff])
[    0.787682] acpi PNP0A03:00: _OSC: OS supports [ASPM ClockPM Segments MSI HPX-Type3]
[    0.788997] acpi PNP0A03:00: _OSC: not requesting OS control; OS requires [ExtendedConfig ASPM ClockPM MSI]
[    0.789615] acpi PNP0A03:00: fail to add MMCONFIG information, can't access extended configuration space under this bridge
[    0.790169] PCI host bridge to bus 0000:00
[    0.790423] pci_bus 0000:00: root bus resource [io  0x0000-0x0cf7 window]
[    0.790824] pci_bus 0000:00: root bus resource [io  0x0d00-0xffff window]
[    0.790998] pci_bus 0000:00: root bus resource [mem 0x000a0000-0x000bffff window]
[    0.791440] pci_bus 0000:00: root bus resource [mem 0x80000000-0xfebfffff window]
[    0.791880] pci_bus 0000:00: root bus resource [mem 0x100000000-0x17fffffff window]
[    0.791998] pci_bus 0000:00: root bus resource [bus 00-ff]
[    0.792379] pci 0000:00:00.0: [8086:1237] type 00 class 0x060000
[    0.796779] pci 0000:00:01.0: [8086:7000] type 00 class 0x060100
[    0.801903] pci 0000:00:01.1: [8086:7010] type 00 class 0x010180
[    0.802928] pci 0000:00:01.1: reg 0x20: [io  0xc040-0xc04f]
[    0.803352] pci 0000:00:01.1: legacy IDE quirk: reg 0x10: [io  0x01f0-0x01f7]
[    0.803768] pci 0000:00:01.1: legacy IDE quirk: reg 0x14: [io  0x03f6]
[    0.803998] pci 0000:00:01.1: legacy IDE quirk: reg 0x18: [io  0x0170-0x0177]
[    0.804413] pci 0000:00:01.1: legacy IDE quirk: reg 0x1c: [io  0x0376]
[    0.804942] pci 0000:00:01.3: [8086:7113] type 00 class 0x068000
[    0.806222] pci 0000:00:01.3: quirk: [io  0x0600-0x063f] claimed by PIIX4 ACPI
[    0.806649] pci 0000:00:01.3: quirk: [io  0x0700-0x070f] claimed by PIIX4 SMB
[    0.807162] pci 0000:00:02.0: [1234:1111] type 00 class 0x030000
[    0.810390] pci 0000:00:02.0: reg 0x10: [mem 0xfd000000-0xfdffffff pref]
[    0.811747] pci 0000:00:02.0: reg 0x18: [mem 0xfebf0000-0xfebf0fff]
[    0.814053] pci 0000:00:02.0: reg 0x30: [mem 0xfebe0000-0xfebeffff pref]
[    0.814778] pci 0000:00:02.0: Video device with shadowed ROM at [mem 0x000c0000-0x000dffff]
[    0.819683] pci 0000:00:03.0: [8086:100e] type 00 class 0x020000
[    0.820476] pci 0000:00:03.0: reg 0x10: [mem 0xfebc0000-0xfebdffff]
[    0.821129] pci 0000:00:03.0: reg 0x14: [io  0xc000-0xc03f]
[    0.822633] pci 0000:00:03.0: reg 0x30: [mem 0xfeb80000-0xfebbffff pref]
[    0.828278] ACPI: PCI: Interrupt link LNKA configured for IRQ 10
[    0.829030] ACPI: PCI: Interrupt link LNKB configured for IRQ 10
[    0.829754] ACPI: PCI: Interrupt link LNKC configured for IRQ 11
[    0.831440] ACPI: PCI: Interrupt link LNKD configured for IRQ 11
[    0.831942] ACPI: PCI: Interrupt link LNKS configured for IRQ 9
[    0.833486] iommu: Default domain type: Translated
[    0.833768] iommu: DMA domain TLB invalidation policy: lazy mode
[    0.834447] SCSI subsystem initialized
[    0.835207] ACPI: bus type USB registered
[    0.835535] usbcore: registered new interface driver usbfs
[    0.835893] usbcore: registered new interface driver hub
[    0.836032] usbcore: registered new device driver usb
[    0.836433] pps_core: LinuxPPS API ver. 1 registered
[    0.836721] pps_core: Software ver. 5.3.6 - Copyright 2005-2007 Rodolfo Giometti <giometti@linux.it>
[    0.837012] PTP clock support registered
[    0.838166] Advanced Linux Sound Architecture Driver Initialized.
[    0.838699] NetLabel: Initializing
[    0.838901] NetLabel:  domain hash size = 128
[    0.838996] NetLabel:  protocols = UNLABELED CIPSOv4 CALIPSO
[    0.839408] NetLabel:  unlabeled traffic allowed by default
[    0.841379] PCI: Using ACPI for IRQ routing
[    0.841781] pci 0000:00:02.0: vgaarb: setting as boot VGA device
[    0.841781] pci 0000:00:02.0: vgaarb: bridge control possible
[    0.841781] pci 0000:00:02.0: vgaarb: VGA device added: decodes=io+mem,owns=io+mem,locks=none
[    0.842996] vgaarb: loaded
[    0.843437] hpet0: at MMIO 0xfed00000, IRQs 2, 8, 0
[    0.843725] hpet0: 3 comparators, 64-bit 100.000000 MHz counter
[    0.848088] clocksource: Switched to clocksource kvm-clock
[    0.848924] VFS: Disk quotas dquot_6.6.0
[    0.849086] VFS: Dquot-cache hash table entries: 512 (order 0, 4096 bytes)
[    0.849642] pnp: PnP ACPI init
[    0.851036] pnp: PnP ACPI: found 6 devices
[    0.859653] clocksource: acpi_pm: mask: 0xffffff max_cycles: 0xffffff, max_idle_ns: 2085701024 ns
[    0.860241] NET: Registered PF_INET protocol family
[    0.860709] IP idents hash table entries: 32768 (order: 6, 262144 bytes, linear)
[    0.861801] tcp_listen_portaddr_hash hash table entries: 1024 (order: 2, 16384 bytes, linear)
[    0.862317] Table-perturb hash table entries: 65536 (order: 6, 262144 bytes, linear)
[    0.862779] TCP established hash table entries: 16384 (order: 5, 131072 bytes, linear)
[    0.863325] TCP bind hash table entries: 16384 (order: 7, 524288 bytes, linear)
[    0.864265] TCP: Hash tables configured (established 16384 bind 16384)
[    0.864759] UDP hash table entries: 1024 (order: 3, 32768 bytes, linear)
[    0.865165] UDP-Lite hash table entries: 1024 (order: 3, 32768 bytes, linear)
[    0.865707] NET: Registered PF_UNIX/PF_LOCAL protocol family
[    0.866403] RPC: Registered named UNIX socket transport module.
[    0.866746] RPC: Registered udp transport module.
[    0.867022] RPC: Registered tcp transport module.
[    0.867294] RPC: Registered tcp-with-tls transport module.
[    0.867612] RPC: Registered tcp NFSv4.1 backchannel transport module.
[    0.868432] pci_bus 0000:00: resource 4 [io  0x0000-0x0cf7 window]
[    0.868790] pci_bus 0000:00: resource 5 [io  0x0d00-0xffff window]
[    0.869150] pci_bus 0000:00: resource 6 [mem 0x000a0000-0x000bffff window]
[    0.869544] pci_bus 0000:00: resource 7 [mem 0x80000000-0xfebfffff window]
[    0.869938] pci_bus 0000:00: resource 8 [mem 0x100000000-0x17fffffff window]
[    0.870431] pci 0000:00:01.0: PIIX3: Enabling Passive Release
[    0.870770] pci 0000:00:00.0: Limiting direct PCI/PCI transfers
[    0.871147] PCI: CLS 0 bytes, default 64
[    0.871494] RAPL PMU: API unit is 2^-32 Joules, 0 fixed counters, 10737418240 ms ovfl timer
[    0.871630] Unpacking initramfs...
[    0.871999] clocksource: tsc: mask: 0xffffffffffffffff max_cycles: 0x2df10e7656b, max_idle_ns: 440795364873 ns
[    0.874218] Initialise system trusted keyrings
[    0.875008] workingset: timestamp_bits=56 max_order=19 bucket_order=0
[    0.877185] NFS: Registering the id_resolver key type
[    0.877506] Key type id_resolver registered
[    0.877751] Key type id_legacy registered
[    0.878083] 9p: Installing v9fs 9p2000 file system support
[    0.884978] Key type asymmetric registered
[    0.885247] Asymmetric key parser 'x509' registered
[    0.885586] Block layer SCSI generic (bsg) driver version 0.4 loaded (major 251)
[    0.886058] io scheduler mq-deadline registered
[    0.886322] io scheduler kyber registered
[    0.886789] input: Power Button as /devices/LNXSYSTM:00/LNXPWRBN:00/input/input0
[    0.887086] Freeing initrd memory: 1340K
[    0.887508] ACPI: button: Power Button [PWRF]
[    0.888226] Serial: 8250/16550 driver, 4 ports, IRQ sharing enabled
[    0.888826] 00:04: ttyS0 at I/O 0x3f8 (irq = 4, base_baud = 115200) is a 16550A
[    0.890196] Non-volatile memory driver v1.3
[    0.890444] Linux agpgart interface v0.103
[    0.893989] loop: module loaded
[    0.896007] scsi host0: ata_piix
[    0.896645] scsi host1: ata_piix
[    0.896929] ata1: PATA max MWDMA2 cmd 0x1f0 ctl 0x3f6 bmdma 0xc040 irq 14 lpm-pol 0
[    0.897376] ata2: PATA max MWDMA2 cmd 0x170 ctl 0x376 bmdma 0xc048 irq 15 lpm-pol 0
[    1.008819] e100: Intel(R) PRO/100 Network Driver
[    1.009129] e100: Copyright(c) 1999-2006 Intel Corporation
[    1.009474] e1000: Intel(R) PRO/1000 Network Driver
[    1.009763] e1000: Copyright (c) 1999-2006 Intel Corporation.
[    1.056223] ata2: found unknown device (class 0)
[    1.056988] ata2.00: ATAPI: QEMU DVD-ROM, 2.5+, max UDMA/100
[    1.058420] scsi 1:0:0:0: CD-ROM            QEMU     QEMU DVD-ROM     2.5+ PQ: 0 ANSI: 5
[    1.073279] sr 1:0:0:0: [sr0] scsi3-mmc drive: 4x/4x cd/rw xa/form2 tray
[    1.073688] cdrom: Uniform CD-ROM driver Revision: 3.20
[    1.081180] sr 1:0:0:0: Attached scsi generic sg0 type 5
[    1.323537] ACPI: \_SB_.LNKC: Enabled at IRQ 11
[    1.613479] e1000 0000:00:03.0 eth0: (PCI:33MHz:32-bit) 52:54:00:12:34:56
[    1.613881] e1000 0000:00:03.0 eth0: Intel(R) PRO/1000 Network Connection
[    1.614297] e1000e: Intel(R) PRO/1000 Network Driver
[    1.614584] e1000e: Copyright(c) 1999 - 2015 Intel Corporation.
[    1.614932] sky2: driver version 1.30
[    1.615716] usbcore: registered new interface driver usblp
[    1.616090] usbcore: registered new interface driver usb-storage
[    1.616538] i8042: PNP: PS/2 Controller [PNP0303:KBD,PNP0f13:MOU] at 0x60,0x64 irq 1,12
[    1.617647] serio: i8042 KBD port at 0x60,0x64 irq 1
[    1.617942] serio: i8042 AUX port at 0x60,0x64 irq 12
[    1.618842] input: AT Translated Set 2 keyboard as /devices/platform/i8042/serio0/input/input1
[    1.619814] rtc_cmos 00:05: RTC can wake from S4
[    1.620900] rtc_cmos 00:05: registered as rtc0
[    1.621290] rtc_cmos 00:05: alarms up to one day, y3k, 242 bytes nvram, hpet irqs
[    1.622205] device-mapper: ioctl: 4.48.0-ioctl (2023-03-01) initialised: dm-devel@redhat.com
[    1.622725] intel_pstate: CPU model not supported
[    1.623057] hid: raw HID events driver (C) Jiri Kosina
[    1.623722] usbcore: registered new interface driver usbhid
[    1.624047] usbhid: USB HID core driver
[    1.625849] Initializing XFRM netlink socket
[    1.626166] NET: Registered PF_INET6 protocol family
[    1.627101] Segment Routing with IPv6
[    1.627342] In-situ OAM (IOAM) with IPv6
[    1.627647] sit: IPv6, IPv4 and MPLS over IPv4 tunneling driver
[    1.628308] NET: Registered PF_PACKET protocol family
[    1.628686] 9pnet: Installing 9P2000 support
[    1.628976] Key type dns_resolver registered
[    1.629647] IPI shorthand broadcast: enabled
[    1.637286] sched_clock: Marking stable (1597001167, 39969193)->(1639690214, -2719854)
[    1.637940] registered taskstats version 1
[    1.638184] Loading compiled-in X.509 certificates
[    1.645047] PM:   Magic number: 10:325:733
[    1.645347] printk: legacy console [netcon0] enabled
[    1.645638] netconsole: network logging started
[    1.645999] cfg80211: Loading compiled-in X.509 certificates for regulatory database
[    1.646860] kworker/u4:1 (51) used greatest stack depth: 29528 bytes left
[    1.647436] kworker/u4:1 (52) used greatest stack depth: 29336 bytes left
[    1.648106] Loaded X.509 cert 'sforshee: 00b28ddf47aef9cea7'
[    1.648590] Loaded X.509 cert 'wens: 61c038651aabdcf94bd0ac7ff06c7248db18c600'
[    1.649030] ALSA device list:
[    1.649207]   No soundcards found.
[    1.651441] Freeing unused kernel image (initmem) memory: 5168K
[    1.651760] platform regulatory.0: Direct firmware load for regulatory.db failed with error -2
[    1.652100] cfg80211: failed to load regulatory.db
[    1.662023] Write protecting the kernel read-only data: 53248k
[    1.663091] Freeing unused kernel image (rodata/data gap) memory: 1524K
[    1.670503] x86/mm: Checked W+X mappings: passed, no W+X pages found.
[    1.670796] Run /init as init process
[    1.672525] mount (55) used greatest stack depth: 28392 bytes left

secb: rootfs ready
---- poc begin ----
poc: start: CVE-2024-0193 pipapo DELSET vs gc race
[    1.758422] ==================================================================
[    1.759937] BUG: KASAN: slab-use-after-free in nft_immediate_deactivate+0x2a2/0x6d0
[    1.761611] Read of size 1 at addr ffff88800926f454 by task poc/62
[    1.762868] 
[    1.763228] CPU: 0 PID: 62 Comm: poc Not tainted 6.7.0-rc5-00179-g0ae8e4cca787-dirty #1
[    1.764860] Hardware name: QEMU Standard PC (i440FX + PIIX, 1996), BIOS 1.16.2-debian-1.16.2-1 04/01/2014
[    1.766775] Call Trace:
[    1.767304]  <TASK>
[    1.767768]  dump_stack_lvl+0x36/0x50
[    1.768568]  print_report+0xcf/0x660
[    1.769386]  ? nft_immediate_deactivate+0x2a2/0x6d0
[    1.770394]  kasan_report+0xc7/0x100
[    1.771152]  ? nft_immediate_deactivate+0x2a2/0x6d0
[    1.772142]  nft_immediate_deactivate+0x2a2/0x6d0
[    1.773112]  ? __pfx_nft_immediate_deactivate+0x10/0x10
[    1.774181]  ? kasan_set_track+0x25/0x30
[    1.775002]  ? __kasan_kmalloc+0x8f/0xa0
[    1.775819]  ? nft_trans_alloc_gfp+0x1a/0x250
[    1.776702]  ? __kmalloc+0x5c/0x160
[    1.777217]  nft_delrule+0x2a9/0x7a0
[    1.777740]  nft_delrule_by_chain+0xda/0x150
[    1.778353]  nft_flush_table+0x11e/0x9c0
[    1.778926]  ? nft_table_lookup.part.0+0xf7/0x200
[    1.779603]  nf_tables_deltable+0x654/0xd00
[    1.780200]  ? __nla_validate_parse+0x62/0x25e0
[    1.780899]  ? __pfx_nf_tables_deltable+0x10/0x10
[    1.781576]  ? __pfx___nla_validate_parse+0x10/0x10
[    1.782180]  ? __pfx_mutex_unlock+0x10/0x10
[    1.782563]  nfnetlink_rcv_batch+0x129a/0x1fc0
[    1.782956]  ? __pfx_nfnetlink_rcv_batch+0x10/0x10
[    1.783380]  ? __stack_depot_save+0x39/0x480
[    1.783754]  ? stack_trace_save+0x90/0xd0
[    1.784127]  ? __x64_sys_sendto+0xdb/0x1b0
[    1.784507]  ? do_syscall_64+0x43/0xf0
[    1.784838]  ? entry_SYSCALL_64_after_hwframe+0x6f/0x77
[    1.785297]  ? avc_has_perm_noaudit+0x8e/0x140
[    1.785702]  nfnetlink_rcv+0x2df/0x360
[    1.786027]  ? __pfx_nfnetlink_rcv+0x10/0x10
[    1.786403]  ? kmem_cache_alloc_node+0xfb/0x280
[    1.786797]  ? _copy_from_iter+0x1b3/0xea0
[    1.787163]  netlink_unicast+0x5c0/0x820
[    1.787514]  ? __pfx_netlink_unicast+0x10/0x10
[    1.787901]  ? timerqueue_add+0x163/0x320
[    1.788105]  netlink_sendmsg+0x7b7/0xc70
[    1.788293]  ? __pfx_netlink_sendmsg+0x10/0x10
[    1.788508]  ? __fget_light+0x52/0x3d0
[    1.788694]  __sys_sendto+0x3c4/0x430
[    1.788872]  ? __pfx___sys_sendto+0x10/0x10
[    1.789072]  ? hrtimer_nanosleep+0x165/0x480
[    1.789283]  ? __rseq_handle_notify_resume+0x7ce/0xc20
[    1.789535]  ? handle_mm_fault+0x163/0x3f0
[    1.789736]  __x64_sys_sendto+0xdb/0x1b0
[    1.789926]  ? exit_to_user_mode_prepare+0xfe/0x110
[    1.790161]  ? syscall_exit_to_user_mode+0x33/0x50
[    1.790391]  do_syscall_64+0x43/0xf0
[    1.790564]  entry_SYSCALL_64_after_hwframe+0x6f/0x77
[    1.790804] RIP: 0033:0x43c0f3
[    1.790956] Code: 64 89 02 48 c7 c0 ff ff ff ff eb b7 66 2e 0f 1f 84 00 00 00 00 00 90 80 3d 71 bf 06 00 00 41 89 ca 74 14 b8 2c 00 00 00 0f 05 <48> 3d 00 f0 ff ff 77 75 c3 0f 1f 40 00 55 48 83 ec 30 44 89 4c 24
[    1.791818] RSP: 002b:00007ffe7d957b88 EFLAGS: 00000202 ORIG_RAX: 000000000000002c
[    1.792177] RAX: ffffffffffffffda RBX: 00000000004a92ff RCX: 000000000043c0f3
[    1.792514] RDX: 0000000000000044 RSI: 00000000004a9300 RDI: 0000000000000003
[    1.792847] RBP: 0000000000000000 R08: 00007ffe7d957ba4 R09: 000000000000000c
[    1.793181] R10: 0000000000000000 R11: 0000000000000202 R12: 0000000000000412
[    1.793515] R13: 00000000000160e4 R14: 000000000047b0bc R15: 00000000004a9300
[    1.793817]  </TASK>
[    1.793908] 
[    1.793973] Allocated by task 62:
[    1.794107]  kasan_save_stack+0x33/0x60
[    1.794260]  kasan_set_track+0x25/0x30
[    1.794412]  __kasan_kmalloc+0x8f/0xa0
[    1.794563]  nf_tables_addchain.constprop.0+0x8a2/0x2240
[    1.794771]  nf_tables_newchain+0x1692/0x2610
[    1.794944]  nfnetlink_rcv_batch+0x129a/0x1fc0
[    1.795120]  nfnetlink_rcv+0x2df/0x360
[    1.795269]  netlink_unicast+0x5c0/0x820
[    1.795427]  netlink_sendmsg+0x7b7/0xc70
[    1.795582]  __sys_sendto+0x3c4/0x430
[    1.795729]  __x64_sys_sendto+0xdb/0x1b0
[    1.795884]  do_syscall_64+0x43/0xf0
[    1.796027]  entry_SYSCALL_64_after_hwframe+0x6f/0x77
[    1.796226] 
[    1.796291] Freed by task 10:
[    1.796413]  kasan_save_stack+0x33/0x60
[    1.796566]  kasan_set_track+0x25/0x30
[    1.796715]  kasan_save_free_info+0x2b/0x50
[    1.796880]  __kasan_slab_free+0x10a/0x180
[    1.797042]  __kmem_cache_free+0x82/0x1b0
[    1.797201]  nf_tables_trans_destroy_work+0x84c/0xb00
[    1.797401]  process_one_work+0x547/0xce0
[    1.797567]  worker_thread+0x85c/0x15d0
[    1.797719]  kthread+0x242/0x300
[    1.797852]  ret_from_fork+0x2c/0x70
[    1.798000]  ret_from_fork_asm+0x1b/0x30
[    1.798160] 
[    1.798226] The buggy address belongs to the object at ffff88800926f400
[    1.798226]  which belongs to the cache kmalloc-128 of size 128
[    1.798705] The buggy address is located 84 bytes inside of
[    1.798705]  freed 128-byte region [ffff88800926f400, ffff88800926f480)
[    1.799168] 
[    1.799233] The buggy address belongs to the physical page:
[    1.799451] page:000000006e760ed0 refcount:1 mapcount:0 mapping:0000000000000000 index:0x0 pfn:0x926f
[    1.799808] flags: 0x100000000000800(slab|node=0|zone=1)
[    1.800018] page_type: 0xffffffff()
[    1.800159] raw: 0100000000000800 ffff888005c418c0 dead000000000122 0000000000000000
[    1.800461] raw: 0000000000000000 0000000000100010 00000001ffffffff 0000000000000000
[    1.800760] page dumped because: kasan: bad access detected
[    1.800976] 
[    1.801041] Memory state around the buggy address:
[    1.801229]  ffff88800926f300: 00 00 00 00 00 00 00 00 00 00 00 00 00 fc fc fc
[    1.801510]  ffff88800926f380: fc fc fc fc fc fc fc fc fc fc fc fc fc fc fc fc
[    1.801789] >ffff88800926f400: fa fb fb fb fb fb fb fb fb fb fb fb fb fb fb fb
[    1.802069]                                                  ^
[    1.802296]  ffff88800926f480: fc fc fc fc fc fc fc fc fc fc fc fc fc fc fc fc
[    1.802576]  ffff88800926f500: 00 00 00 00 00 00 00 00 00 00 00 00 00 00 00 fc
[    1.802855] ==================================================================
[    1.803143] Disabling lock debugging due to kernel taint
[    1.803386] ------------[ cut here ]------------
[    1.803568] WARNING: CPU: 0 PID: 62 at include/net/netfilter/nf_tables.h:1190 nft_data_release+0xaf/0xd0
[    1.803931] Modules linked in:
[    1.804060] CPU: 0 PID: 62 Comm: poc Tainted: G    B              6.7.0-rc5-00179-g0ae8e4cca787-dirty #1
[    1.804427] Hardware name: QEMU Standard PC (i440FX + PIIX, 1996), BIOS 1.16.2-debian-1.16.2-1 04/01/2014
[    1.804794] RIP: 0010:nft_data_release+0xaf/0xd0
[    1.804979] Code: ea 03 0f b6 14 02 48 89 f8 83 e0 07 83 c0 03 38 d0 7c 09 84 d2 74 05 e8 bf df 95 fe 8b 43 50 8d 50 ff 89 53 50 85 c0 75 9f 90 <0f> 0b 90 5b c3 cc cc cc cc e8 a3 df 95 fe eb 84 e8 cc df 95 fe eb
[    1.805690] RSP: 0018:ffffc900003bf3d0 EFLAGS: 00010246
[    1.805894] RAX: 0000000000000000 RBX: ffff88800926f400 RCX: 0000000000000000
[    1.806172] RDX: 00000000ffffffff RSI: 0000000000000004 RDI: ffffc900003bf398
[    1.806451] RBP: ffff88800926f400 R08: 0000000000000001 R09: fffffbfff0ae65b0
[    1.806727] R10: ffffffff85732d87 R11: 6e696c6261736944 R12: ffff8880092715b0
[    1.807006] R13: ffff8880092715a0 R14: ffff888009271598 R15: ffffc900003bf640
[    1.807281] FS:  000000000089d380(0000) GS:ffff88806d200000(0000) knlGS:0000000000000000
[    1.807596] CS:  0010 DS: 0000 ES: 0000 CR0: 0000000080050033
[    1.807822] CR2: 00007ffe7d957ba4 CR3: 0000000005e56000 CR4: 0000000000750ef0
[    1.808103] PKRU: 55555554
[    1.808213] Call Trace:
[    1.808313]  <TASK>
[    1.808411]  ? __warn+0xc8/0x250
[    1.808553]  ? nft_data_release+0xaf/0xd0
[    1.808714]  ? report_bug+0x26b/0x2e0
[    1.808859]  ? handle_bug+0x3d/0x70
[    1.809002]  ? exc_invalid_op+0x17/0x50
[    1.809153]  ? asm_exc_invalid_op+0x1a/0x20
[    1.809318]  ? nft_data_release+0xaf/0xd0
[    1.809479]  nft_immediate_deactivate+0xdc/0x6d0
[    1.809662]  ? __pfx_nft_immediate_deactivate+0x10/0x10
[    1.809865]  ? kasan_set_track+0x25/0x30
[    1.810024]  ? __kasan_kmalloc+0x8f/0xa0
[    1.810179]  ? nft_trans_alloc_gfp+0x1a/0x250
[    1.810351]  ? __kmalloc+0x5c/0x160
[    1.810493]  nft_delrule+0x2a9/0x7a0
[    1.810636]  nft_delrule_by_chain+0xda/0x150
[    1.810805]  nft_flush_table+0x11e/0x9c0
[    1.810960]  ? nft_table_lookup.part.0+0xf7/0x200
[    1.811148]  nf_tables_deltable+0x654/0xd00
[    1.811312]  ? __nla_validate_parse+0x62/0x25e0
[    1.811492]  ? __pfx_nf_tables_deltable+0x10/0x10
[    1.811676]  ? __pfx___nla_validate_parse+0x10/0x10
[    1.811867]  ? __pfx_mutex_unlock+0x10/0x10
[    1.812034]  nfnetlink_rcv_batch+0x129a/0x1fc0
[    1.812209]  ? __pfx_nfnetlink_rcv_batch+0x10/0x10
[    1.812398]  ? __stack_depot_save+0x39/0x480
[    1.812567]  ? stack_trace_save+0x90/0xd0
[    1.812725]  ? __x64_sys_sendto+0xdb/0x1b0
[    1.812886]  ? do_syscall_64+0x43/0xf0
[    1.813037]  ? entry_SYSCALL_64_after_hwframe+0x6f/0x77
[    1.813240]  ? avc_has_perm_noaudit+0x8e/0x140
[    1.813417]  nfnetlink_rcv+0x2df/0x360
[    1.813567]  ? __pfx_nfnetlink_rcv+0x10/0x10
[    1.813736]  ? kmem_cache_alloc_node+0xfb/0x280
[    1.813914]  ? _copy_from_iter+0x1b3/0xea0
[    1.814078]  netlink_unicast+0x5c0/0x820
[    1.814233]  ? __pfx_netlink_unicast+0x10/0x10
[    1.814409]  ? timerqueue_add+0x163/0x320
[    1.814567]  netlink_sendmsg+0x7b7/0xc70
[    1.814722]  ? __pfx_netlink_sendmsg+0x10/0x10
[    1.814897]  ? __fget_light+0x52/0x3d0
[    1.815048]  __sys_sendto+0x3c4/0x430
[    1.815194]  ? __pfx___sys_sendto+0x10/0x10
[    1.815360]  ? hrtimer_nanosleep+0x165/0x480
[    1.815529]  ? __rseq_handle_notify_resume+0x7ce/0xc20
[    1.815729]  ? handle_mm_fault+0x163/0x3f0
[    1.815890]  __x64_sys_sendto+0xdb/0x1b0
[    1.816048]  ? exit_to_user_mode_prepare+0xfe/0x110
[    1.816238]  ? syscall_exit_to_user_mode+0x33/0x50
[    1.816426]  do_syscall_64+0x43/0xf0
[    1.816568]  entry_SYSCALL_64_after_hwframe+0x6f/0x77
[    1.816765] RIP: 0033:0x43c0f3
[    1.816888] Code: 64 89 02 48 c7 c0 ff ff ff ff eb b7 66 2e 0f 1f 84 00 00 00 00 00 90 80 3d 71 bf 06 00 00 41 89 ca 74 14 b8 2c 00 00 00 0f 05 <48> 3d 00 f0 ff ff 77 75 c3 0f 1f 40 00 55 48 83 ec 30 44 89 4c 24
[    1.817594] RSP: 002b:00007ffe7d957b88 EFLAGS: 00000202 ORIG_RAX: 000000000000002c
[    1.817885] RAX: ffffffffffffffda RBX: 00000000004a92ff RCX: 000000000043c0f3
[    1.818161] RDX: 0000000000000044 RSI: 00000000004a9300 RDI: 0000000000000003
[    1.818437] RBP: 0000000000000000 R08: 00007ffe7d957ba4 R09: 000000000000000c
[    1.818711] R10: 0000000000000000 R11: 0000000000000202 R12: 0000000000000412
[    1.818987] R13: 00000000000160e4 R14: 000000000047b0bc R15: 00000000004a9300
[    1.819261]  </TASK>
[    1.819351] ---[ end trace 0000000000000000 ]---
poc: iter=0
[    2.241044] input: ImExPS/2 Generic Explorer Mouse as /devices/platform/i8042/serio1/input/input3
poc: iter=32
poc: iter=64
poc: iter=96
poc: iter=128
poc: iter=160
poc: iter=192
poc: iter=224
poc: done — expect KASAN in pipapo_gc / nft_setelem_data_deactivate
[   25.331641] poc (62) used greatest stack depth: 25872 bytes left
---- poc end rc=0 ----
secb: poc exited without crashing the kernel
[   26.592870] ACPI: PM: Preparing to enter system sleep state S5
[   26.593330] reboot: Power down
CONFIRMED: KASAN_UAF
