bash: warning: setlocale: LC_ALL: cannot change locale (en_US.UTF-8)
c[?7l[2J[0mSeaBIOS (version 1.16.2-debian-1.16.2-1)


iPXE (http://ipxe.org) 00:03.0 CA00 PCI2.10 PnP PMM+7EFCEF00+7EF0EF00 CA00
Press Ctrl-B to configure iPXE (PCI 00:03.0)...                                                                               


Booting from ROM..c[?7l[2J[    0.000000] Linux version 6.7.0-rc5-00181-g1d93c204e4de-dirty (root@buildkitsandbox) (gcc (Debian 12.2.0-14+deb12u1) 12.2.0, GNU ld (GNU Binutils for Debian) 2.40) #2 SMP PREEMPT_DYNAMIC Tue May  5 12:44:13 UTC 2026
[    0.000000] Command line: console=ttyS0 oops=panic nokaslr rdinit=/init
[    0.000000] BIOS-provided physical RAM map:
[    0.000000] BIOS-e820: [mem 0x0000000000000000-0x000000000009fbff] usable
[    0.000000] BIOS-e820: [mem 0x000000000009fc00-0x000000000009ffff] reserved
[    0.000000] BIOS-e820: [mem 0x00000000000f0000-0x00000000000fffff] reserved
[    0.000000] BIOS-e820: [mem 0x0000000000100000-0x000000007ffdffff] usable
[    0.000000] BIOS-e820: [mem 0x000000007ffe0000-0x000000007fffffff] reserved
[    0.000000] BIOS-e820: [mem 0x00000000feffc000-0x00000000feffffff] reserved
[    0.000000] BIOS-e820: [mem 0x00000000fffc0000-0x00000000ffffffff] reserved
[    0.000000] NX (Execute Disable) protection: active
[    0.000000] APIC: Static calls initialized
[    0.000000] SMBIOS 2.8 present.
[    0.000000] DMI: QEMU Standard PC (i440FX + PIIX, 1996), BIOS 1.16.2-debian-1.16.2-1 04/01/2014
[    0.000000] Hypervisor detected: KVM
[    0.000000] kvm-clock: Using msrs 4b564d01 and 4b564d00
[    0.000000] kvm-clock: using sched offset of 280645488 cycles
[    0.000002] clocksource: kvm-clock: mask: 0xffffffffffffffff max_cycles: 0x1cd42e4dffb, max_idle_ns: 881590591483 ns
[    0.000004] tsc: Detected 3187.200 MHz processor
[    0.000309] last_pfn = 0x7ffe0 max_arch_pfn = 0x400000000
[    0.000326] MTRR map: 4 entries (3 fixed + 1 variable; max 19), built from 8 variable MTRRs
[    0.000328] x86/PAT: Configuration [0-7]: WB  WC  UC- UC  WB  WP  UC- WT  
[    0.002200] found SMP MP-table at [mem 0x000f5ba0-0x000f5baf]
[    0.002208] Using GB pages for direct mapping
[    0.002209] Incomplete global flushes, disabling PCID
[    0.002287] RAMDISK: [mem 0x7fe91000-0x7ffdffff]
[    0.002291] ACPI: Early table checksum verification disabled
[    0.002293] ACPI: RSDP 0x00000000000F59D0 000014 (v00 BOCHS )
[    0.002295] ACPI: RSDT 0x000000007FFE1B33 000034 (v01 BOCHS  BXPC     00000001 BXPC 00000001)
[    0.002300] ACPI: FACP 0x000000007FFE19DF 000074 (v01 BOCHS  BXPC     00000001 BXPC 00000001)
[    0.002303] ACPI: DSDT 0x000000007FFE0040 00199F (v01 BOCHS  BXPC     00000001 BXPC 00000001)
[    0.002305] ACPI: FACS 0x000000007FFE0000 000040
[    0.002307] ACPI: APIC 0x000000007FFE1A53 000080 (v01 BOCHS  BXPC     00000001 BXPC 00000001)
[    0.002308] ACPI: HPET 0x000000007FFE1AD3 000038 (v01 BOCHS  BXPC     00000001 BXPC 00000001)
[    0.002310] ACPI: WAET 0x000000007FFE1B0B 000028 (v01 BOCHS  BXPC     00000001 BXPC 00000001)
[    0.002311] ACPI: Reserving FACP table memory at [mem 0x7ffe19df-0x7ffe1a52]
[    0.002312] ACPI: Reserving DSDT table memory at [mem 0x7ffe0040-0x7ffe19de]
[    0.002313] ACPI: Reserving FACS table memory at [mem 0x7ffe0000-0x7ffe003f]
[    0.002313] ACPI: Reserving APIC table memory at [mem 0x7ffe1a53-0x7ffe1ad2]
[    0.002314] ACPI: Reserving HPET table memory at [mem 0x7ffe1ad3-0x7ffe1b0a]
[    0.002314] ACPI: Reserving WAET table memory at [mem 0x7ffe1b0b-0x7ffe1b32]
[    0.002481] No NUMA configuration found
[    0.002481] Faking a node at [mem 0x0000000000000000-0x000000007ffdffff]
[    0.002483] NODE_DATA(0) allocated [mem 0x7fe8d000-0x7fe90fff]
[    0.002491] Zone ranges:
[    0.002491]   DMA      [mem 0x0000000000001000-0x0000000000ffffff]
[    0.002492]   DMA32    [mem 0x0000000001000000-0x000000007ffdffff]
[    0.002493]   Normal   empty
[    0.002493] Movable zone start for each node
[    0.002494] Early memory node ranges
[    0.002494]   node   0: [mem 0x0000000000001000-0x000000000009efff]
[    0.002495]   node   0: [mem 0x0000000000100000-0x000000007ffdffff]
[    0.002496] Initmem setup node 0 [mem 0x0000000000001000-0x000000007ffdffff]
[    0.002872] On node 0, zone DMA: 1 pages in unavailable ranges
[    0.002906] On node 0, zone DMA: 97 pages in unavailable ranges
[    0.037033] On node 0, zone DMA32: 32 pages in unavailable ranges
[    0.215583] kasan: KernelAddressSanitizer initialized
[    0.215773] ACPI: PM-Timer IO Port: 0x608
[    0.215780] ACPI: LAPIC_NMI (acpi_id[0xff] dfl dfl lint[0x1])
[    0.215808] IOAPIC[0]: apic_id 0, version 17, address 0xfec00000, GSI 0-23
[    0.215810] ACPI: INT_SRC_OVR (bus 0 bus_irq 0 global_irq 2 dfl dfl)
[    0.215811] ACPI: INT_SRC_OVR (bus 0 bus_irq 5 global_irq 5 high level)
[    0.215812] ACPI: INT_SRC_OVR (bus 0 bus_irq 9 global_irq 9 high level)
[    0.215813] ACPI: INT_SRC_OVR (bus 0 bus_irq 10 global_irq 10 high level)
[    0.215814] ACPI: INT_SRC_OVR (bus 0 bus_irq 11 global_irq 11 high level)
[    0.215816] ACPI: Using ACPI (MADT) for SMP configuration information
[    0.215816] ACPI: HPET id: 0x8086a201 base: 0xfed00000
[    0.215818] TSC deadline timer available
[    0.215819] smpboot: Allowing 2 CPUs, 0 hotplug CPUs
[    0.215831] kvm-guest: APIC: eoi() replaced with kvm_guest_apic_eoi_write()
[    0.215844] kvm-guest: KVM setup pv remote TLB flush
[    0.215846] kvm-guest: setup PV sched yield
[    0.215851] PM: hibernation: Registered nosave memory: [mem 0x00000000-0x00000fff]
[    0.215852] PM: hibernation: Registered nosave memory: [mem 0x0009f000-0x0009ffff]
[    0.215853] PM: hibernation: Registered nosave memory: [mem 0x000a0000-0x000effff]
[    0.215853] PM: hibernation: Registered nosave memory: [mem 0x000f0000-0x000fffff]
[    0.215854] [mem 0x80000000-0xfeffbfff] available for PCI devices
[    0.215855] Booting paravirtualized kernel on KVM
[    0.215857] clocksource: refined-jiffies: mask: 0xffffffff max_cycles: 0xffffffff, max_idle_ns: 1910969940391419 ns
[    0.222404] setup_percpu: NR_CPUS:64 nr_cpumask_bits:2 nr_cpu_ids:2 nr_node_ids:1
[    0.223485] percpu: Embedded 66 pages/cpu s231912 r8192 d30232 u1048576
[    0.223514] Kernel command line: console=ttyS0 oops=panic nokaslr rdinit=/init
[    0.223560] random: crng init done
[    0.223623] Dentry cache hash table entries: 262144 (order: 9, 2097152 bytes, linear)
[    0.225405] Inode-cache hash table entries: 131072 (order: 8, 1048576 bytes, linear)
[    0.225441] Fallback order for Node 0: 0 
[    0.225444] Built 1 zonelists, mobility grouping on.  Total pages: 515808
[    0.225444] Policy zone: DMA32
[    0.225446] mem auto-init: stack:all(zero), heap alloc:off, heap free:off
[    0.225447] stackdepot: allocating hash table via alloc_large_system_hash
[    0.230347] stackdepot hash table entries: 1048576 (order: 11, 8388608 bytes, linear)
[    0.250180] Memory: 1704476K/2096632K available (43008K kernel code, 7259K rwdata, 8716K rodata, 5168K init, 960K bss, 391900K reserved, 0K cma-reserved)
[    0.250297] SLUB: HWalign=64, Order=0-3, MinObjects=0, CPUs=2, Nodes=1
[    0.251157] Dynamic Preempt: voluntary
[    0.252555] rcu: Preemptible hierarchical RCU implementation.
[    0.252556] rcu: 	RCU event tracing is enabled.
[    0.252556] rcu: 	RCU restricting CPUs from NR_CPUS=64 to nr_cpu_ids=2.
[    0.252558] 	Trampoline variant of Tasks RCU enabled.
[    0.252559] rcu: RCU calculated value of scheduler-enlistment delay is 100 jiffies.
[    0.252559] rcu: Adjusting geometry for rcu_fanout_leaf=16, nr_cpu_ids=2
[    0.258238] NR_IRQS: 4352, nr_irqs: 440, preallocated irqs: 16
[    0.258467] rcu: srcu_init: Setting srcu_struct sizes based on contention.
[    0.260634] Console: colour VGA+ 80x25
[    0.260659] printk: legacy console [ttyS0] enabled
[    0.296009] ACPI: Core revision 20230628
[    0.296358] clocksource: hpet: mask: 0xffffffff max_cycles: 0xffffffff, max_idle_ns: 19112604467 ns
[    0.296927] APIC: Switch to symmetric I/O mode setup
[    0.297213] kvm-guest: APIC: send_IPI_mask() replaced with kvm_send_ipi_mask()
[    0.297623] kvm-guest: APIC: send_IPI_mask_allbutself() replaced with kvm_send_ipi_mask_allbutself()
[    0.298160] kvm-guest: setup PV IPIs
[    0.298980] ..TIMER: vector=0x30 apic1=0 pin1=2 apic2=-1 pin2=-1
[    0.299331] clocksource: tsc-early: mask: 0xffffffffffffffff max_cycles: 0x2df10e7656b, max_idle_ns: 440795364873 ns
[    0.299933] Calibrating delay loop (skipped) preset value.. 6374.40 BogoMIPS (lpj=3187200)
[    0.300489] x86/cpu: User Mode Instruction Prevention (UMIP) activated
[    0.300942] Last level iTLB entries: 4KB 0, 2MB 0, 4MB 0
[    0.301252] Last level dTLB entries: 4KB 0, 2MB 0, 4MB 0, 1GB 0
[    0.301601] Spectre V1 : Mitigation: usercopy/swapgs barriers and __user pointer sanitization
[    0.301931] Spectre V2 : Mitigation: Enhanced / Automatic IBRS
[    0.302265] Spectre V2 : Spectre v2 / SpectreRSB mitigation: Filling RSB on context switch
[    0.302732] Spectre V2 : Spectre v2 / PBRSB-eIBRS: Retire a single CALL on VMEXIT
[    0.302930] Spectre V2 : mitigation: Enabling conditional Indirect Branch Prediction Barrier
[    0.303408] Speculative Store Bypass: Mitigation: Speculative Store Bypass disabled via prctl
[    0.303929] MMIO Stale Data: Unknown: No mitigations
[    0.304223] x86/fpu: Supporting XSAVE feature 0x001: 'x87 floating point registers'
[    0.304929] x86/fpu: Supporting XSAVE feature 0x002: 'SSE registers'
[    0.305299] x86/fpu: Supporting XSAVE feature 0x004: 'AVX registers'
[    0.305669] x86/fpu: Supporting XSAVE feature 0x200: 'Protection Keys User registers'
[    0.305929] x86/fpu: xstate_offset[2]:  576, xstate_sizes[2]:  256
[    0.306289] x86/fpu: xstate_offset[9]:  832, xstate_sizes[9]:    8
[    0.306929] x86/fpu: Enabled xstate features 0x207, context size is 840 bytes, using 'compacted' format.
[    0.320796] Freeing SMP alternatives memory: 40K
[    0.320930] pid_max: default: 32768 minimum: 301
[    0.321239] LSM: initializing lsm=capability,selinux,integrity
[    0.321589] SELinux:  Initializing.
[    0.321991] Mount-cache hash table entries: 4096 (order: 3, 32768 bytes, linear)
[    0.322423] Mountpoint-cache hash table entries: 4096 (order: 3, 32768 bytes, linear)
[    0.324959] smpboot: CPU0: Intel(R) Core(TM) i9-14900K (family: 0x6, model: 0xb7, stepping: 0x1)
[    0.325662] RCU Tasks: Setting shift to 1 and lim to 1 rcu_task_cb_adjust=1.
[    0.325945] Performance Events: unsupported p6 CPU model 183 no PMU driver, software events only.
[    0.326484] signal: max sigframe size: 3632
[    0.326765] rcu: Hierarchical SRCU implementation.
[    0.326930] rcu: 	Max phase no-delay instances is 400.
[    0.327584] smp: Bringing up secondary CPUs ...
[    0.327981] smpboot: x86: Booting SMP configuration:
[    0.328272] .... node  #0, CPUs:      #1
[    0.328337] smp: Brought up 1 node, 2 CPUs
[    0.328931] smpboot: Max logical packages: 1
[    0.329182] smpboot: Total of 2 processors activated (12748.80 BogoMIPS)
[    0.330991] devtmpfs: initialized
[    0.333023] clocksource: jiffies: mask: 0xffffffff max_cycles: 0xffffffff, max_idle_ns: 1911260446275000 ns
[    0.333591] futex hash table entries: 512 (order: 3, 32768 bytes, linear)
[    0.334034] PM: RTC time: 12:47:57, date: 2026-05-05
[    0.334433] NET: Registered PF_NETLINK/PF_ROUTE protocol family
[    0.334965] audit: initializing netlink subsys (disabled)
[    0.335306] audit: type=2000 audit(1777985277.898:1): state=initialized audit_enabled=0 res=1
[    0.335306] thermal_sys: Registered thermal governor 'step_wise'
[    0.335451] thermal_sys: Registered thermal governor 'user_space'
[    0.335941] cpuidle: using governor menu
[    0.336710] PCI: Using configuration type 1 for base access
[    0.337056] kprobes: kprobe jump-optimization is enabled. All kprobes are optimized if possible.
[    0.340026] HugeTLB: registered 2.00 MiB page size, pre-allocated 0 pages
[    0.340425] HugeTLB: 28 KiB vmemmap can be freed for a 2.00 MiB page
[    0.341018] ACPI: Added _OSI(Module Device)
[    0.341269] ACPI: Added _OSI(Processor Device)
[    0.341269] ACPI: Added _OSI(3.0 _SCP Extensions)
[    0.341269] ACPI: Added _OSI(Processor Aggregator Device)
[    0.348183] ACPI: 1 ACPI AML tables successfully acquired and loaded
[    0.354588] ACPI: _OSC evaluation for CPUs failed, trying _PDC
[    0.355080] ACPI: Interpreter enabled
[    0.355329] ACPI: PM: (supports S0 S3 S4 S5)
[    0.355581] ACPI: Using IOAPIC for interrupt routing
[    0.355898] PCI: Using host bridge windows from ACPI; if necessary, use "pci=nocrs" and report a bug
[    0.356930] PCI: Using E820 reservations for host bridge windows
[    0.357605] ACPI: Enabled 2 GPEs in block 00 to 0F
[    0.367497] ACPI: PCI Root Bridge [PCI0] (domain 0000 [bus 00-ff])
[    0.367864] acpi PNP0A03:00: _OSC: OS supports [ASPM ClockPM Segments MSI HPX-Type3]
[    0.367931] acpi PNP0A03:00: _OSC: not requesting OS control; OS requires [ExtendedConfig ASPM ClockPM MSI]
[    0.368536] acpi PNP0A03:00: fail to add MMCONFIG information, can't access extended configuration space under this bridge
[    0.369079] PCI host bridge to bus 0000:00
[    0.369320] pci_bus 0000:00: root bus resource [io  0x0000-0x0cf7 window]
[    0.369715] pci_bus 0000:00: root bus resource [io  0x0d00-0xffff window]
[    0.369931] pci_bus 0000:00: root bus resource [mem 0x000a0000-0x000bffff window]
[    0.370365] pci_bus 0000:00: root bus resource [mem 0x80000000-0xfebfffff window]
[    0.370798] pci_bus 0000:00: root bus resource [mem 0x100000000-0x17fffffff window]
[    0.371932] pci_bus 0000:00: root bus resource [bus 00-ff]
[    0.372299] pci 0000:00:00.0: [8086:1237] type 00 class 0x060000
[    0.377763] pci 0000:00:01.0: [8086:7000] type 00 class 0x060100
[    0.381647] pci 0000:00:01.1: [8086:7010] type 00 class 0x010180
[    0.382918] pci 0000:00:01.1: reg 0x20: [io  0xc040-0xc04f]
[    0.383291] pci 0000:00:01.1: legacy IDE quirk: reg 0x10: [io  0x01f0-0x01f7]
[    0.383706] pci 0000:00:01.1: legacy IDE quirk: reg 0x14: [io  0x03f6]
[    0.383930] pci 0000:00:01.1: legacy IDE quirk: reg 0x18: [io  0x0170-0x0177]
[    0.384345] pci 0000:00:01.1: legacy IDE quirk: reg 0x1c: [io  0x0376]
[    0.384863] pci 0000:00:01.3: [8086:7113] type 00 class 0x068000
[    0.386159] pci 0000:00:01.3: quirk: [io  0x0600-0x063f] claimed by PIIX4 ACPI
[    0.386580] pci 0000:00:01.3: quirk: [io  0x0700-0x070f] claimed by PIIX4 SMB
[    0.387079] pci 0000:00:02.0: [1234:1111] type 00 class 0x030000
[    0.387923] pci 0000:00:02.0: reg 0x10: [mem 0xfd000000-0xfdffffff pref]
[    0.388749] pci 0000:00:02.0: reg 0x18: [mem 0xfebf0000-0xfebf0fff]
[    0.391062] pci 0000:00:02.0: reg 0x30: [mem 0xfebe0000-0xfebeffff pref]
[    0.391507] pci 0000:00:02.0: Video device with shadowed ROM at [mem 0x000c0000-0x000dffff]
[    0.395457] pci 0000:00:03.0: [8086:100e] type 00 class 0x020000
[    0.396064] pci 0000:00:03.0: reg 0x10: [mem 0xfebc0000-0xfebdffff]
[    0.396692] pci 0000:00:03.0: reg 0x14: [io  0xc000-0xc03f]
[    0.398749] pci 0000:00:03.0: reg 0x30: [mem 0xfeb80000-0xfebbffff pref]
[    0.403366] ACPI: PCI: Interrupt link LNKA configured for IRQ 10
[    0.404063] ACPI: PCI: Interrupt link LNKB configured for IRQ 10
[    0.404759] ACPI: PCI: Interrupt link LNKC configured for IRQ 11
[    0.405261] ACPI: PCI: Interrupt link LNKD configured for IRQ 11
[    0.405747] ACPI: PCI: Interrupt link LNKS configured for IRQ 9
[    0.406807] iommu: Default domain type: Translated
[    0.407930] iommu: DMA domain TLB invalidation policy: lazy mode
[    0.408447] SCSI subsystem initialized
[    0.408680] ACPI: bus type USB registered
[    0.408963] usbcore: registered new interface driver usbfs
[    0.409296] usbcore: registered new interface driver hub
[    0.409619] usbcore: registered new device driver usb
[    0.409969] pps_core: LinuxPPS API ver. 1 registered
[    0.410270] pps_core: Software ver. 5.3.6 - Copyright 2005-2007 Rodolfo Giometti <giometti@linux.it>
[    0.410806] PTP clock support registered
[    0.410984] Advanced Linux Sound Architecture Driver Initialized.
[    0.411650] NetLabel: Initializing
[    0.411930] NetLabel:  domain hash size = 128
[    0.412185] NetLabel:  protocols = UNLABELED CIPSOv4 CALIPSO
[    0.412547] NetLabel:  unlabeled traffic allowed by default
[    0.412940] PCI: Using ACPI for IRQ routing
[    0.413262] pci 0000:00:02.0: vgaarb: setting as boot VGA device
[    0.413290] pci 0000:00:02.0: vgaarb: bridge control possible
[    0.413627] pci 0000:00:02.0: vgaarb: VGA device added: decodes=io+mem,owns=io+mem,locks=none
[    0.413930] vgaarb: loaded
[    0.414139] hpet0: at MMIO 0xfed00000, IRQs 2, 8, 0
[    0.414427] hpet0: 3 comparators, 64-bit 100.000000 MHz counter
[    0.416962] clocksource: Switched to clocksource kvm-clock
[    0.421702] VFS: Disk quotas dquot_6.6.0
[    0.421942] VFS: Dquot-cache hash table entries: 512 (order 0, 4096 bytes)
[    0.422418] pnp: PnP ACPI init
[    0.423570] pnp: PnP ACPI: found 6 devices
[    0.435638] clocksource: acpi_pm: mask: 0xffffff max_cycles: 0xffffff, max_idle_ns: 2085701024 ns
[    0.436203] NET: Registered PF_INET protocol family
[    0.436534] IP idents hash table entries: 32768 (order: 6, 262144 bytes, linear)
[    0.437332] tcp_listen_portaddr_hash hash table entries: 1024 (order: 2, 16384 bytes, linear)
[    0.437834] Table-perturb hash table entries: 65536 (order: 6, 262144 bytes, linear)
[    0.438295] TCP established hash table entries: 16384 (order: 5, 131072 bytes, linear)
[    0.438772] TCP bind hash table entries: 16384 (order: 7, 524288 bytes, linear)
[    0.439216] TCP: Hash tables configured (established 16384 bind 16384)
[    0.440708] UDP hash table entries: 1024 (order: 3, 32768 bytes, linear)
[    0.441106] UDP-Lite hash table entries: 1024 (order: 3, 32768 bytes, linear)
[    0.441585] NET: Registered PF_UNIX/PF_LOCAL protocol family
[    0.442104] RPC: Registered named UNIX socket transport module.
[    0.442454] RPC: Registered udp transport module.
[    0.442732] RPC: Registered tcp transport module.
[    0.443006] RPC: Registered tcp-with-tls transport module.
[    0.443332] RPC: Registered tcp NFSv4.1 backchannel transport module.
[    0.444026] pci_bus 0000:00: resource 4 [io  0x0000-0x0cf7 window]
[    0.444406] pci_bus 0000:00: resource 5 [io  0x0d00-0xffff window]
[    0.444776] pci_bus 0000:00: resource 6 [mem 0x000a0000-0x000bffff window]
[    0.445182] pci_bus 0000:00: resource 7 [mem 0x80000000-0xfebfffff window]
[    0.445588] pci_bus 0000:00: resource 8 [mem 0x100000000-0x17fffffff window]
[    0.446082] pci 0000:00:01.0: PIIX3: Enabling Passive Release
[    0.446424] pci 0000:00:00.0: Limiting direct PCI/PCI transfers
[    0.446801] PCI: CLS 0 bytes, default 64
[    0.447129] Unpacking initramfs...
[    0.447495] RAPL PMU: API unit is 2^-32 Joules, 0 fixed counters, 10737418240 ms ovfl timer
[    0.447983] clocksource: tsc: mask: 0xffffffffffffffff max_cycles: 0x2df10e7656b, max_idle_ns: 440795364873 ns
[    0.449987] Initialise system trusted keyrings
[    0.450295] workingset: timestamp_bits=56 max_order=19 bucket_order=0
[    0.450955] NFS: Registering the id_resolver key type
[    0.451256] Key type id_resolver registered
[    0.451505] Key type id_legacy registered
[    0.451780] 9p: Installing v9fs 9p2000 file system support
[    0.458483] Key type asymmetric registered
[    0.458764] Asymmetric key parser 'x509' registered
[    0.459068] Block layer SCSI generic (bsg) driver version 0.4 loaded (major 251)
[    0.459513] io scheduler mq-deadline registered
[    0.459778] io scheduler kyber registered
[    0.460410] input: Power Button as /devices/LNXSYSTM:00/LNXPWRBN:00/input/input0
[    0.460541] Freeing initrd memory: 1340K
[    0.461130] ACPI: button: Power Button [PWRF]
[    0.461678] Serial: 8250/16550 driver, 4 ports, IRQ sharing enabled
[    0.462195] 00:04: ttyS0 at I/O 0x3f8 (irq = 4, base_baud = 115200) is a 16550A
[    0.463278] Non-volatile memory driver v1.3
[    0.463531] Linux agpgart interface v0.103
[    0.465986] loop: module loaded
[    0.468648] scsi host0: ata_piix
[    0.469052] scsi host1: ata_piix
[    0.469334] ata1: PATA max MWDMA2 cmd 0x1f0 ctl 0x3f6 bmdma 0xc040 irq 14 lpm-pol 0
[    0.469790] ata2: PATA max MWDMA2 cmd 0x170 ctl 0x376 bmdma 0xc048 irq 15 lpm-pol 0
[    0.470651] e100: Intel(R) PRO/100 Network Driver
[    0.470928] e100: Copyright(c) 1999-2006 Intel Corporation
[    0.471260] e1000: Intel(R) PRO/1000 Network Driver
[    0.471554] e1000: Copyright (c) 1999-2006 Intel Corporation.
[    0.624662] ata2: found unknown device (class 0)
[    0.625378] ata2.00: ATAPI: QEMU DVD-ROM, 2.5+, max UDMA/100
[    0.626537] scsi 1:0:0:0: CD-ROM            QEMU     QEMU DVD-ROM     2.5+ PQ: 0 ANSI: 5
[    0.639945] sr 1:0:0:0: [sr0] scsi3-mmc drive: 4x/4x cd/rw xa/form2 tray
[    0.640353] cdrom: Uniform CD-ROM driver Revision: 3.20
[    0.647469] sr 1:0:0:0: Attached scsi generic sg0 type 5
[    0.772916] ACPI: \_SB_.LNKC: Enabled at IRQ 11
[    1.061897] e1000 0000:00:03.0 eth0: (PCI:33MHz:32-bit) 52:54:00:12:34:56
[    1.062308] e1000 0000:00:03.0 eth0: Intel(R) PRO/1000 Network Connection
[    1.062740] e1000e: Intel(R) PRO/1000 Network Driver
[    1.063029] e1000e: Copyright(c) 1999 - 2015 Intel Corporation.
[    1.063394] sky2: driver version 1.30
[    1.063915] usbcore: registered new interface driver usblp
[    1.064255] usbcore: registered new interface driver usb-storage
[    1.064666] i8042: PNP: PS/2 Controller [PNP0303:KBD,PNP0f13:MOU] at 0x60,0x64 irq 1,12
[    1.065595] serio: i8042 KBD port at 0x60,0x64 irq 1
[    1.065890] serio: i8042 AUX port at 0x60,0x64 irq 12
[    1.066521] rtc_cmos 00:05: RTC can wake from S4
[    1.066541] input: AT Translated Set 2 keyboard as /devices/platform/i8042/serio0/input/input1
[    1.067246] rtc_cmos 00:05: registered as rtc0
[    1.067676] rtc_cmos 00:05: alarms up to one day, y3k, 242 bytes nvram, hpet irqs
[    1.068353] device-mapper: ioctl: 4.48.0-ioctl (2023-03-01) initialised: dm-devel@redhat.com
[    1.068863] intel_pstate: CPU model not supported
[    1.069186] hid: raw HID events driver (C) Jiri Kosina
[    1.069882] usbcore: registered new interface driver usbhid
[    1.070212] usbhid: USB HID core driver
[    1.072189] Initializing XFRM netlink socket
[    1.072492] NET: Registered PF_INET6 protocol family
[    1.073137] Segment Routing with IPv6
[    1.073367] In-situ OAM (IOAM) with IPv6
[    1.073641] sit: IPv6, IPv4 and MPLS over IPv4 tunneling driver
[    1.074197] NET: Registered PF_PACKET protocol family
[    1.074529] 9pnet: Installing 9P2000 support
[    1.074799] Key type dns_resolver registered
[    1.075325] IPI shorthand broadcast: enabled
[    1.083997] sched_clock: Marking stable (1045000947, 38456264)->(1088188040, -4730829)
[    1.084618] registered taskstats version 1
[    1.084860] Loading compiled-in X.509 certificates
[    1.091724] PM:   Magic number: 10:875:783
[    1.092043] printk: legacy console [netcon0] enabled
[    1.092337] netconsole: network logging started
[    1.092743] cfg80211: Loading compiled-in X.509 certificates for regulatory database
[    1.093413] kworker/u4:1 (52) used greatest stack depth: 29336 bytes left
[    1.094147] Loaded X.509 cert 'sforshee: 00b28ddf47aef9cea7'
[    1.094623] Loaded X.509 cert 'wens: 61c038651aabdcf94bd0ac7ff06c7248db18c600'
[    1.095087] platform regulatory.0: Direct firmware load for regulatory.db failed with error -2
[    1.095597] cfg80211: failed to load regulatory.db
[    1.095892] ALSA device list:
[    1.096073]   No soundcards found.
[    1.096955] Freeing unused kernel image (initmem) memory: 5168K
[    1.102542] Write protecting the kernel read-only data: 53248k
[    1.103065] Freeing unused kernel image (rodata/data gap) memory: 1524K
[    1.110631] x86/mm: Checked W+X mappings: passed, no W+X pages found.
[    1.110887] Run /init as init process
[    1.113418] mount (56) used greatest stack depth: 28512 bytes left

secb: rootfs ready
---- poc begin ----
poc: start: CVE-2024-0193 pipapo DELSET vs gc race
poc: iter=0
poc:   delchain nlerr seq=2080 -16 (Device or resource busy)
poc: delchain: 1 error(s)
poc:   delchain nlerr seq=4164 -16 (Device or resource busy)
poc: delchain: 1 error(s)
poc:   delchain nlerr seq=6248 -16 (Device or resource busy)
poc: delchain: 1 error(s)
[    1.691971] input: ImExPS/2 Generic Explorer Mouse as /devices/platform/i8042/serio1/input/input3
poc:   delchain nlerr seq=8332 -16 (Device or resource busy)
poc: delchain: 1 error(s)
poc:   delchain nlerr seq=10416 -16 (Device or resource busy)
poc: delchain: 1 error(s)
poc:   delchain nlerr seq=12500 -16 (Device or resource busy)
poc: delchain: 1 error(s)
poc:   delchain nlerr seq=14584 -16 (Device or resource busy)
poc: delchain: 1 error(s)
poc:   delchain nlerr seq=16668 -16 (Device or resource busy)
poc: delchain: 1 error(s)
poc:   delchain nlerr seq=18752 -16 (Device or resource busy)
poc: delchain: 1 error(s)
poc:   delchain nlerr seq=20836 -16 (Device or resource busy)
poc: delchain: 1 error(s)
poc:   delchain nlerr seq=22920 -16 (Device or resource busy)
poc: delchain: 1 error(s)
poc:   delchain nlerr seq=25004 -16 (Device or resource busy)
poc: delchain: 1 error(s)
poc:   delchain nlerr seq=27088 -16 (Device or resource busy)
poc: delchain: 1 error(s)
poc:   delchain nlerr seq=29172 -16 (Device or resource busy)
poc: delchain: 1 error(s)
poc:   delchain nlerr seq=31256 -16 (Device or resource busy)
poc: delchain: 1 error(s)
poc:   delchain nlerr seq=33340 -16 (Device or resource busy)
poc: delchain: 1 error(s)
poc: iter=32
poc:   delchain nlerr seq=35424 -16 (Device or resource busy)
poc: delchain: 1 error(s)
poc:   delchain nlerr seq=37508 -16 (Device or resource busy)
poc: delchain: 1 error(s)
poc:   delchain nlerr seq=39592 -16 (Device or resource busy)
poc: delchain: 1 error(s)
poc:   delchain nlerr seq=41676 -16 (Device or resource busy)
poc: delchain: 1 error(s)
poc:   delchain nlerr seq=43760 -16 (Device or resource busy)
poc: delchain: 1 error(s)
poc:   delchain nlerr seq=45844 -16 (Device or resource busy)
poc: delchain: 1 error(s)
poc:   delchain nlerr seq=47928 -16 (Device or resource busy)
poc: delchain: 1 error(s)
poc:   delchain nlerr seq=50012 -16 (Device or resource busy)
poc: delchain: 1 error(s)
poc:   delchain nlerr seq=52096 -16 (Device or resource busy)
poc: delchain: 1 error(s)
poc:   delchain nlerr seq=54180 -16 (Device or resource busy)
poc: delchain: 1 error(s)
poc:   delchain nlerr seq=56264 -16 (Device or resource busy)
poc: delchain: 1 error(s)
poc:   delchain nlerr seq=58348 -16 (Device or resource busy)
poc: delchain: 1 error(s)
poc:   delchain nlerr seq=60432 -16 (Device or resource busy)
poc: delchain: 1 error(s)
poc:   delchain nlerr seq=62516 -16 (Device or resource busy)
poc: delchain: 1 error(s)
poc:   delchain nlerr seq=64600 -16 (Device or resource busy)
poc: delchain: 1 error(s)
poc:   delchain nlerr seq=66684 -16 (Device or resource busy)
poc: delchain: 1 error(s)
poc: iter=64
poc:   delchain nlerr seq=68768 -16 (Device or resource busy)
poc: delchain: 1 error(s)
poc:   delchain nlerr seq=70852 -16 (Device or resource busy)
poc: delchain: 1 error(s)
poc:   delchain nlerr seq=72936 -16 (Device or resource busy)
poc: delchain: 1 error(s)
poc:   delchain nlerr seq=75020 -16 (Device or resource busy)
poc: delchain: 1 error(s)
poc:   delchain nlerr seq=77104 -16 (Device or resource busy)
poc: delchain: 1 error(s)
poc:   delchain nlerr seq=79188 -16 (Device or resource busy)
poc: delchain: 1 error(s)
poc:   delchain nlerr seq=81272 -16 (Device or resource busy)
poc: delchain: 1 error(s)
poc:   delchain nlerr seq=83356 -16 (Device or resource busy)
poc: delchain: 1 error(s)
poc:   delchain nlerr seq=85440 -16 (Device or resource busy)
poc: delchain: 1 error(s)
poc:   delchain nlerr seq=87524 -16 (Device or resource busy)
poc: delchain: 1 error(s)
poc:   delchain nlerr seq=89608 -16 (Device or resource busy)
poc: delchain: 1 error(s)
poc:   delchain nlerr seq=91692 -16 (Device or resource busy)
poc: delchain: 1 error(s)
poc:   delchain nlerr seq=93776 -16 (Device or resource busy)
poc: delchain: 1 error(s)
poc:   delchain nlerr seq=95860 -16 (Device or resource busy)
poc: delchain: 1 error(s)
poc:   delchain nlerr seq=97944 -16 (Device or resource busy)
poc: delchain: 1 error(s)
poc:   delchain nlerr seq=100028 -16 (Device or resource busy)
poc: delchain: 1 error(s)
poc: iter=96
poc:   delchain nlerr seq=102112 -16 (Device or resource busy)
poc: delchain: 1 error(s)
poc:   delchain nlerr seq=104196 -16 (Device or resource busy)
poc: delchain: 1 error(s)
poc:   delchain nlerr seq=106280 -16 (Device or resource busy)
poc: delchain: 1 error(s)
poc:   delchain nlerr seq=108364 -16 (Device or resource busy)
poc: delchain: 1 error(s)
poc:   delchain nlerr seq=110448 -16 (Device or resource busy)
poc: delchain: 1 error(s)
poc:   delchain nlerr seq=112532 -16 (Device or resource busy)
poc: delchain: 1 error(s)
poc:   delchain nlerr seq=114616 -16 (Device or resource busy)
poc: delchain: 1 error(s)
poc:   delchain nlerr seq=116700 -16 (Device or resource busy)
poc: delchain: 1 error(s)
poc:   delchain nlerr seq=118784 -16 (Device or resource busy)
poc: delchain: 1 error(s)
poc:   delchain nlerr seq=120868 -16 (Device or resource busy)
poc: delchain: 1 error(s)
poc:   delchain nlerr seq=122952 -16 (Device or resource busy)
poc: delchain: 1 error(s)
poc:   delchain nlerr seq=125036 -16 (Device or resource busy)
poc: delchain: 1 error(s)
poc:   delchain nlerr seq=127120 -16 (Device or resource busy)
poc: delchain: 1 error(s)
poc:   delchain nlerr seq=129204 -16 (Device or resource busy)
poc: delchain: 1 error(s)
poc:   delchain nlerr seq=131288 -16 (Device or resource busy)
poc: delchain: 1 error(s)
poc:   delchain nlerr seq=133372 -16 (Device or resource busy)
poc: delchain: 1 error(s)
poc: iter=128
poc:   delchain nlerr seq=135456 -16 (Device or resource busy)
poc: delchain: 1 error(s)
poc:   delchain nlerr seq=137540 -16 (Device or resource busy)
poc: delchain: 1 error(s)
poc:   delchain nlerr seq=139624 -16 (Device or resource busy)
poc: delchain: 1 error(s)
poc:   delchain nlerr seq=141708 -16 (Device or resource busy)
poc: delchain: 1 error(s)
poc:   delchain nlerr seq=143792 -16 (Device or resource busy)
poc: delchain: 1 error(s)
poc:   delchain nlerr seq=145876 -16 (Device or resource busy)
poc: delchain: 1 error(s)
poc:   delchain nlerr seq=147960 -16 (Device or resource busy)
poc: delchain: 1 error(s)
poc:   delchain nlerr seq=150044 -16 (Device or resource busy)
poc: delchain: 1 error(s)
poc:   delchain nlerr seq=152128 -16 (Device or resource busy)
poc: delchain: 1 error(s)
poc:   delchain nlerr seq=154212 -16 (Device or resource busy)
poc: delchain: 1 error(s)
poc:   delchain nlerr seq=156296 -16 (Device or resource busy)
poc: delchain: 1 error(s)
poc:   delchain nlerr seq=158380 -16 (Device or resource busy)
poc: delchain: 1 error(s)
poc:   delchain nlerr seq=160464 -16 (Device or resource busy)
poc: delchain: 1 error(s)
poc:   delchain nlerr seq=162548 -16 (Device or resource busy)
poc: delchain: 1 error(s)
poc:   delchain nlerr seq=164632 -16 (Device or resource busy)
poc: delchain: 1 error(s)
poc:   delchain nlerr seq=166716 -16 (Device or resource busy)
poc: delchain: 1 error(s)
poc: iter=160
poc:   delchain nlerr seq=168800 -16 (Device or resource busy)
poc: delchain: 1 error(s)
poc:   delchain nlerr seq=170884 -16 (Device or resource busy)
poc: delchain: 1 error(s)
poc:   delchain nlerr seq=172968 -16 (Device or resource busy)
poc: delchain: 1 error(s)
poc:   delchain nlerr seq=175052 -16 (Device or resource busy)
poc: delchain: 1 error(s)
poc:   delchain nlerr seq=177136 -16 (Device or resource busy)
poc: delchain: 1 error(s)
poc:   delchain nlerr seq=179220 -16 (Device or resource busy)
poc: delchain: 1 error(s)
poc:   delchain nlerr seq=181304 -16 (Device or resource busy)
poc: delchain: 1 error(s)
poc:   delchain nlerr seq=183388 -16 (Device or resource busy)
poc: delchain: 1 error(s)
poc:   delchain nlerr seq=185472 -16 (Device or resource busy)
poc: delchain: 1 error(s)
poc:   delchain nlerr seq=187556 -16 (Device or resource busy)
poc: delchain: 1 error(s)
poc:   delchain nlerr seq=189640 -16 (Device or resource busy)
poc: delchain: 1 error(s)
poc:   delchain nlerr seq=191724 -16 (Device or resource busy)
poc: delchain: 1 error(s)
poc:   delchain nlerr seq=193808 -16 (Device or resource busy)
poc: delchain: 1 error(s)
poc:   delchain nlerr seq=195892 -16 (Device or resource busy)
poc: delchain: 1 error(s)
poc:   delchain nlerr seq=197976 -16 (Device or resource busy)
poc: delchain: 1 error(s)
poc:   delchain nlerr seq=200060 -16 (Device or resource busy)
poc: delchain: 1 error(s)
poc: iter=192
poc:   delchain nlerr seq=202144 -16 (Device or resource busy)
poc: delchain: 1 error(s)
poc:   delchain nlerr seq=204228 -16 (Device or resource busy)
poc: delchain: 1 error(s)
poc:   delchain nlerr seq=206312 -16 (Device or resource busy)
poc: delchain: 1 error(s)
poc:   delchain nlerr seq=208396 -16 (Device or resource busy)
poc: delchain: 1 error(s)
poc:   delchain nlerr seq=210480 -16 (Device or resource busy)
poc: delchain: 1 error(s)
poc:   delchain nlerr seq=212564 -16 (Device or resource busy)
poc: delchain: 1 error(s)
poc:   delchain nlerr seq=214648 -16 (Device or resource busy)
poc: delchain: 1 error(s)
poc:   delchain nlerr seq=216732 -16 (Device or resource busy)
poc: delchain: 1 error(s)
poc:   delchain nlerr seq=218816 -16 (Device or resource busy)
poc: delchain: 1 error(s)
poc:   delchain nlerr seq=220900 -16 (Device or resource busy)
poc: delchain: 1 error(s)
poc:   delchain nlerr seq=222984 -16 (Device or resource busy)
poc: delchain: 1 error(s)
poc:   delchain nlerr seq=225068 -16 (Device or resource busy)
poc: delchain: 1 error(s)
poc:   delchain nlerr seq=227152 -16 (Device or resource busy)
poc: delchain: 1 error(s)
poc:   delchain nlerr seq=229236 -16 (Device or resource busy)
poc: delchain: 1 error(s)
poc:   delchain nlerr seq=231320 -16 (Device or resource busy)
poc: delchain: 1 error(s)
poc:   delchain nlerr seq=233404 -16 (Device or resource busy)
poc: delchain: 1 error(s)
poc: iter=224
poc:   delchain nlerr seq=235488 -16 (Device or resource busy)
poc: delchain: 1 error(s)
poc:   delchain nlerr seq=237572 -16 (Device or resource busy)
poc: delchain: 1 error(s)
poc:   delchain nlerr seq=239656 -16 (Device or resource busy)
poc: delchain: 1 error(s)
poc:   delchain nlerr seq=241740 -16 (Device or resource busy)
poc: delchain: 1 error(s)
poc:   delchain nlerr seq=243824 -16 (Device or resource busy)
poc: delchain: 1 error(s)
poc:   delchain nlerr seq=245908 -16 (Device or resource busy)
poc: delchain: 1 error(s)
poc:   delchain nlerr seq=247992 -16 (Device or resource busy)
poc: delchain: 1 error(s)
poc:   delchain nlerr seq=250076 -16 (Device or resource busy)
poc: delchain: 1 error(s)
poc:   delchain nlerr seq=252160 -16 (Device or resource busy)
poc: delchain: 1 error(s)
poc:   delchain nlerr seq=254244 -16 (Device or resource busy)
poc: delchain: 1 error(s)
poc:   delchain nlerr seq=256328 -16 (Device or resource busy)
poc: delchain: 1 error(s)
poc:   delchain nlerr seq=258412 -16 (Device or resource busy)
poc: delchain: 1 error(s)
poc:   delchain nlerr seq=260496 -16 (Device or resource busy)
poc: delchain: 1 error(s)
poc:   delchain nlerr seq=262580 -16 (Device or resource busy)
poc: delchain: 1 error(s)
poc:   delchain nlerr seq=264664 -16 (Device or resource busy)
poc: delchain: 1 error(s)
poc:   delchain nlerr seq=266748 -16 (Device or resource busy)
poc: delchain: 1 error(s)
poc: done — expect KASAN in pipapo_gc / nft_setelem_data_deactivate
[   26.532644] poc (62) used greatest stack depth: 27336 bytes left
---- poc end rc=0 ----
secb: poc exited without crashing the kernel
[   27.776147] ACPI: PM: Preparing to enter system sleep state S5
[   27.776472] reboot: Power down
NO_CRASH_DETECTED
