bash: warning: setlocale: LC_ALL: cannot change locale (en_US.UTF-8)
c[?7l[2J[0mSeaBIOS (version 1.16.2-debian-1.16.2-1)
Booting from ROM...
c[?7l[2Jearly console in extract_kernel
input_data: 0x000000000c2542bf
input_len: 0x00000000047ac048
output: 0x0000000001000000
output_len: 0x000000000e4f3ad8
kernel_total_size: 0x000000000fa26000
needed_size: 0x000000000fc00000
trampoline_32bit: 0x000000000009d000

Decompressing Linux... Parsing ELF... done.
Booting the kernel.
[    0.000000][    T0] Linux version 5.17.0-rc7-g68453767131a-dirty (root@buildkitsandbox) (gcc (Debian 12.2.0-14+deb12u1) 12.2.0, GNU ld (GNU Binutils for Debian) 2.40) #1 SMP PREEMPT Mon May 25 23:51:49 UTC 2026
[    0.000000][    T0] Command line: console=ttyS0 oops=panic panic=86400 nokaslr earlyprintk=serial rdinit=/init
[    0.000000][    T0] KERNEL supported cpus:
[    0.000000][    T0]   Intel GenuineIntel
[    0.000000][    T0]   AMD AuthenticAMD
[    0.000000][    T0] x86/fpu: Supporting XSAVE feature 0x001: 'x87 floating point registers'
[    0.000000][    T0] x86/fpu: Supporting XSAVE feature 0x002: 'SSE registers'
[    0.000000][    T0] x86/fpu: Supporting XSAVE feature 0x004: 'AVX registers'
[    0.000000][    T0] x86/fpu: xstate_offset[2]:  576, xstate_sizes[2]:  256
[    0.000000][    T0] x86/fpu: Enabled xstate features 0x7, context size is 832 bytes, using 'compacted' format.
[    0.000000][    T0] signal: max sigframe size: 1776
[    0.000000][    T0] BIOS-provided physical RAM map:
[    0.000000][    T0] BIOS-e820: [mem 0x0000000000000000-0x000000000009fbff] usable
[    0.000000][    T0] BIOS-e820: [mem 0x000000000009fc00-0x000000000009ffff] reserved
[    0.000000][    T0] BIOS-e820: [mem 0x00000000000f0000-0x00000000000fffff] reserved
[    0.000000][    T0] BIOS-e820: [mem 0x0000000000100000-0x000000007ffdffff] usable
[    0.000000][    T0] BIOS-e820: [mem 0x000000007ffe0000-0x000000007fffffff] reserved
[    0.000000][    T0] BIOS-e820: [mem 0x00000000feffc000-0x00000000feffffff] reserved
[    0.000000][    T0] BIOS-e820: [mem 0x00000000fffc0000-0x00000000ffffffff] reserved
[    0.000000][    T0] BIOS-e820: [mem 0x000000fd00000000-0x000000ffffffffff] reserved
[    0.000000][    T0] printk: bootconsole [earlyser0] enabled
[    0.000000][    T0] NX (Execute Disable) protection: active
[    0.000000][    T0] SMBIOS 2.8 present.
[    0.000000][    T0] DMI: QEMU Standard PC (i440FX + PIIX, 1996), BIOS 1.16.2-debian-1.16.2-1 04/01/2014
[    0.000000][    T0] Hypervisor detected: KVM
[    0.000000][    T0] kvm-clock: Using msrs 4b564d01 and 4b564d00
[    0.000004][    T0] kvm-clock: using sched offset of 910130334 cycles
[    0.000746][    T0] clocksource: kvm-clock: mask: 0xffffffffffffffff max_cycles: 0x1cd42e4dffb, max_idle_ns: 881590591483 ns
[    0.002997][    T0] tsc: Detected 3493.436 MHz processor
[    0.008048][    T0] last_pfn = 0x7ffe0 max_arch_pfn = 0x400000000
[    0.008847][    T0] x86/PAT: Configuration [0-7]: WB  WC  UC- UC  WB  WP  UC- WT  
[    0.012845][    T0] found SMP MP-table at [mem 0x000f5ba0-0x000f5baf]
[    0.013661][    T0] Using GB pages for direct mapping
[    0.015106][    T0] RAMDISK: [mem 0x7fe8c000-0x7ffdffff]
[    0.015788][    T0] ACPI: Early table checksum verification disabled
[    0.016637][    T0] ACPI: RSDP 0x00000000000F59D0 000014 (v00 BOCHS )
[    0.017475][    T0] ACPI: RSDT 0x000000007FFE1B33 000034 (v01 BOCHS  BXPC     00000001 BXPC 00000001)
[    0.018604][    T0] ACPI: FACP 0x000000007FFE19DF 000074 (v01 BOCHS  BXPC     00000001 BXPC 00000001)
[    0.019760][    T0] ACPI: DSDT 0x000000007FFE0040 00199F (v01 BOCHS  BXPC     00000001 BXPC 00000001)
[    0.020856][    T0] ACPI: FACS 0x000000007FFE0000 000040
[    0.021575][    T0] ACPI: APIC 0x000000007FFE1A53 000080 (v01 BOCHS  BXPC     00000001 BXPC 00000001)
[    0.022799][    T0] ACPI: HPET 0x000000007FFE1AD3 000038 (v01 BOCHS  BXPC     00000001 BXPC 00000001)
[    0.023978][    T0] ACPI: WAET 0x000000007FFE1B0B 000028 (v01 BOCHS  BXPC     00000001 BXPC 00000001)
[    0.025072][    T0] ACPI: Reserving FACP table memory at [mem 0x7ffe19df-0x7ffe1a52]
[    0.025980][    T0] ACPI: Reserving DSDT table memory at [mem 0x7ffe0040-0x7ffe19de]
[    0.026896][    T0] ACPI: Reserving FACS table memory at [mem 0x7ffe0000-0x7ffe003f]
[    0.027814][    T0] ACPI: Reserving APIC table memory at [mem 0x7ffe1a53-0x7ffe1ad2]
[    0.028726][    T0] ACPI: Reserving HPET table memory at [mem 0x7ffe1ad3-0x7ffe1b0a]
[    0.029636][    T0] ACPI: Reserving WAET table memory at [mem 0x7ffe1b0b-0x7ffe1b32]
[    0.031316][    T0] No NUMA configuration found
[    0.031849][    T0] Faking a node at [mem 0x0000000000000000-0x000000007ffdffff]
[    0.032719][    T0] NODE_DATA(0) allocated [mem 0x7fe86000-0x7fe8bfff]
[    0.036973][    T0] Zone ranges:
[    0.037391][    T0]   DMA      [mem 0x0000000000001000-0x0000000000ffffff]
[    0.038214][    T0]   DMA32    [mem 0x0000000001000000-0x000000007ffdffff]
[    0.039025][    T0]   Normal   empty
[    0.039449][    T0]   Device   empty
[    0.039873][    T0] Movable zone start for each node
[    0.040472][    T0] Early memory node ranges
[    0.040976][    T0]   node   0: [mem 0x0000000000001000-0x000000000009efff]
[    0.041793][    T0]   node   0: [mem 0x0000000000100000-0x000000007ffdffff]
[    0.043232][    T0] Initmem setup node 0 [mem 0x0000000000001000-0x000000007ffdffff]
[    0.045005][    T0] On node 0, zone DMA: 1 pages in unavailable ranges
[    0.045184][    T0] On node 0, zone DMA: 97 pages in unavailable ranges
[    0.058498][    T0] On node 0, zone DMA32: 32 pages in unavailable ranges
[    0.093600][    T0] kasan: KernelAddressSanitizer initialized
[    0.095381][    T0] ACPI: PM-Timer IO Port: 0x608
[    0.095944][    T0] ACPI: LAPIC_NMI (acpi_id[0xff] dfl dfl lint[0x1])
[    0.096734][    T0] IOAPIC[0]: apic_id 0, version 17, address 0xfec00000, GSI 0-23
[    0.097631][    T0] ACPI: INT_SRC_OVR (bus 0 bus_irq 0 global_irq 2 dfl dfl)
[    0.098495][    T0] ACPI: INT_SRC_OVR (bus 0 bus_irq 5 global_irq 5 high level)
[    0.099348][    T0] ACPI: INT_SRC_OVR (bus 0 bus_irq 9 global_irq 9 high level)
[    0.100194][    T0] ACPI: INT_SRC_OVR (bus 0 bus_irq 10 global_irq 10 high level)
[    0.101101][    T0] ACPI: INT_SRC_OVR (bus 0 bus_irq 11 global_irq 11 high level)
[    0.102003][    T0] ACPI: Using ACPI (MADT) for SMP configuration information
[    0.102850][    T0] ACPI: HPET id: 0x8086a201 base: 0xfed00000
[    0.103531][    T0] TSC deadline timer available
[    0.104072][    T0] smpboot: Allowing 2 CPUs, 0 hotplug CPUs
[    0.104766][    T0] kvm-guest: KVM setup pv remote TLB flush
[    0.105423][    T0] kvm-guest: setup PV sched yield
[    0.106022][    T0] PM: hibernation: Registered nosave memory: [mem 0x00000000-0x00000fff]
[    0.106990][    T0] PM: hibernation: Registered nosave memory: [mem 0x0009f000-0x0009ffff]
[    0.107950][    T0] PM: hibernation: Registered nosave memory: [mem 0x000a0000-0x000effff]
[    0.108907][    T0] PM: hibernation: Registered nosave memory: [mem 0x000f0000-0x000fffff]
[    0.109877][    T0] [mem 0x80000000-0xfeffbfff] available for PCI devices
[    0.111461][    T0] Booting paravirtualized kernel on KVM
[    0.112762][    T0] clocksource: refined-jiffies: mask: 0xffffffff max_cycles: 0xffffffff, max_idle_ns: 19112604462750000 ns
[    0.153130][    T0] setup_percpu: NR_CPUS:8 nr_cpumask_bits:8 nr_cpu_ids:2 nr_node_ids:1
[    0.154413][    T0] percpu: Embedded 69 pages/cpu s242952 r8192 d31480 u1048576
[    0.155523][    T0] kvm-guest: PV spinlocks enabled
[    0.156139][    T0] PV qspinlock hash table entries: 256 (order: 0, 4096 bytes, linear)
[    0.157222][    T0] Fallback order for Node 0: 0 
[    0.157827][    T0] Built 1 zonelists, mobility grouping on.  Total pages: 515808
[    0.158777][    T0] Policy zone: DMA32
[    0.159262][    T0] Kernel command line: console=ttyS0 oops=panic panic=86400 nokaslr earlyprintk=serial rdinit=/init
[    0.161503][    T0] Dentry cache hash table entries: 262144 (order: 9, 2097152 bytes, linear)
[    0.162777][    T0] Inode-cache hash table entries: 131072 (order: 8, 1048576 bytes, linear)
[    0.164110][    T0] mem auto-init: stack:off, heap alloc:on, heap free:off
[    0.164953][    T0] Stack Depot allocating hash table with memblock_alloc
[    0.261316][    T0] Memory: 1497128K/2096632K available (139293K kernel code, 34215K rwdata, 29632K rodata, 4072K init, 25652K bss, 599248K reserved, 0K cma-reserved)
[    0.263496][    T0] SLUB: HWalign=64, Order=0-3, MinObjects=0, CPUs=2, Nodes=1
[    0.265491][    T0] Dynamic Preempt: full
[    0.266317][    T0] Running RCU self tests
[    0.266837][    T0] rcu: Preemptible hierarchical RCU implementation.
[    0.267622][    T0] rcu: 	RCU lockdep checking is enabled.
[    0.268287][    T0] rcu: 	RCU restricting CPUs from NR_CPUS=8 to nr_cpu_ids=2.
[    0.269167][    T0] rcu: 	RCU callback double-/use-after-free debug is enabled.
[    0.270061][    T0] rcu: 	RCU debug extended QS entry/exit.
[    0.270824][    T0] 	Trampoline variant of Tasks RCU enabled.
[    0.271600][    T0] 	Tracing variant of Tasks RCU enabled.
[    0.272307][    T0] rcu: RCU calculated value of scheduler-enlistment delay is 10 jiffies.
[    0.273389][    T0] rcu: Adjusting geometry for rcu_fanout_leaf=16, nr_cpu_ids=2
[    0.297848][    T0] NR_IRQS: 4352, nr_irqs: 440, preallocated irqs: 16
[    0.299196][    T0] kfence: initialized - using 2097152 bytes for 255 objects at 0x(____ptrval____)-0x(____ptrval____)
[    0.300776][    T0] random: crng init done (trusting CPU's manufacturer)
[    0.309464][    T0] Console: colour VGA+ 80x25
[    0.310075][    T0] printk: console [ttyS0] enabled
[    0.310075][    T0] printk: console [ttyS0] enabled
[    0.311405][    T0] printk: bootconsole [earlyser0] disabled
[    0.311405][    T0] printk: bootconsole [earlyser0] disabled
[    0.312907][    T0] Lock dependency validator: Copyright (c) 2006 Red Hat, Inc., Ingo Molnar
[    0.314007][    T0] ... MAX_LOCKDEP_SUBCLASSES:  8
[    0.314610][    T0] ... MAX_LOCK_DEPTH:          48
[    0.315257][    T0] ... MAX_LOCKDEP_KEYS:        8192
[    0.315944][    T0] ... CLASSHASH_SIZE:          4096
[    0.316598][    T0] ... MAX_LOCKDEP_ENTRIES:     65536
[    0.317263][    T0] ... MAX_LOCKDEP_CHAINS:      131072
[    0.317914][    T0] ... CHAINHASH_SIZE:          65536
[    0.318598][    T0]  memory used by lock dependency info: 11129 kB
[    0.319448][    T0]  memory used for stack traces: 8320 kB
[    0.320182][    T0]  per task-struct memory footprint: 1920 bytes
[    0.321065][    T0] ACPI: Core revision 20211217
[    0.321977][    T0] clocksource: hpet: mask: 0xffffffff max_cycles: 0xffffffff, max_idle_ns: 19112604467 ns
[    0.323374][    T0] APIC: Switch to symmetric I/O mode setup
[    0.324141][    T0] kvm-guest: setup PV IPIs
[    0.325905][    T0] ..TIMER: vector=0x30 apic1=0 pin1=2 apic2=-1 pin2=-1
[    0.326848][    T0] tsc: Marking TSC unstable due to TSCs unsynchronized
[    0.327735][    T0] Calibrating delay loop (skipped) preset value.. 6986.87 BogoMIPS (lpj=34934360)
[    0.328854][    T0] pid_max: default: 32768 minimum: 301
[    0.329827][    T0] LSM: Security Framework initializing
[    0.330545][    T0] landlock: Up and running.
[    0.331070][    T0] Yama: becoming mindful.
[    0.331614][    T0] TOMOYO Linux initialized
[    0.332261][    T0] AppArmor: AppArmor initialized
[    0.332847][    T0] LSM support for eBPF active
[    0.337762][    T0] Mount-cache hash table entries: 4096 (order: 3, 32768 bytes, linear)
[    0.338743][    T0] Mountpoint-cache hash table entries: 4096 (order: 3, 32768 bytes, linear)
[    0.341120][    T0] x86/cpu: User Mode Instruction Prevention (UMIP) activated
[    0.342094][    T0] Last level iTLB entries: 4KB 512, 2MB 255, 4MB 127
[    0.342880][    T0] Last level dTLB entries: 4KB 512, 2MB 255, 4MB 127, 1GB 0
[    0.343738][    T0] Spectre V1 : Mitigation: usercopy/swapgs barriers and __user pointer sanitization
[    0.344835][    T0] Spectre V2 : Kernel not compiled with retpoline; no mitigation available!
[    0.344840][    T0] Spectre V2 : Vulnerable
[    0.346374][    T0] Spectre V2 : Spectre v2 / SpectreRSB mitigation: Filling RSB on context switch
[    0.347435][    T0] Spectre V2 : mitigation: Enabling conditional Indirect Branch Prediction Barrier
[    0.347732][    T0] Speculative Store Bypass: Mitigation: Speculative Store Bypass disabled via prctl
[    0.350174][    T0] Freeing SMP alternatives memory: 108K
[    0.351200][    T1] smpboot: CPU0: AMD Ryzen Threadripper PRO 3975WX 32-Cores (family: 0x17, model: 0x31, stepping: 0x0)
[    0.353648][    T1] cblist_init_generic: Setting adjustable number of callback queues.
[    0.354621][    T1] cblist_init_generic: Setting shift to 1 and lim to 1.
[    0.355613][    T1] cblist_init_generic: Setting shift to 1 and lim to 1.
[    0.356526][    T1] Running RCU-tasks wait API self tests
[    0.477879][    T1] Performance Events: Fam17h+ core perfctr, AMD PMU driver.
[    0.479001][    T1] ... version:                0
[    0.479652][    T1] ... bit width:              48
[    0.480270][    T1] ... generic registers:      6
[    0.480849][    T1] ... value mask:             0000ffffffffffff
[    0.481643][    T1] ... max period:             00007fffffffffff
[    0.482403][    T1] ... fixed-purpose events:   0
[    0.483068][    T1] ... event mask:             000000000000003f
[    0.484329][    T1] rcu: Hierarchical SRCU implementation.
[    0.487894][    T1] smp: Bringing up secondary CPUs ...
[    0.489473][    T1] x86: Booting SMP configuration:
[    0.490181][    T1] .... node  #0, CPUs:      #1
[    0.491297][    T1] smp: Brought up 1 node, 2 CPUs
[    0.491297][    T1] smpboot: Max logical packages: 1
[    0.491297][    T1] smpboot: Total of 2 processors activated (13973.74 BogoMIPS)
[    0.491297][    T1] devtmpfs: initialized
[    0.491297][    T1] x86/mm: Memory block size: 128MB
[    0.508660][    T1] clocksource: jiffies: mask: 0xffffffff max_cycles: 0xffffffff, max_idle_ns: 19112604462750000 ns
[    0.509151][    T1] futex hash table entries: 512 (order: 4, 65536 bytes, linear)
[    0.511778][    T1] PM: RTC time: 23:57:24, date: 2026-05-25
[    0.517739][   T12] Callback from call_rcu_tasks_trace() invoked.
[    0.519148][    T1] NET: Registered PF_NETLINK/PF_ROUTE protocol family
[    0.521366][    T1] audit: initializing netlink subsys (disabled)
[    0.522452][   T26] audit: type=2000 audit(1779753445.112:1): state=initialized audit_enabled=0 res=1
[    0.522452][    T1] thermal_sys: Registered thermal governor 'step_wise'
[    0.522452][    T1] thermal_sys: Registered thermal governor 'user_space'
[    0.522452][    T1] cpuidle: using governor menu
[    0.522452][    T1] NET: Registered PF_QIPCRTR protocol family
[    0.522819][    T1] PCI: Using configuration type 1 for base access
[    0.522819][    T1] PCI: Using configuration type 1 for extended access
[    0.637919][    T1] HugeTLB registered 1.00 GiB page size, pre-allocated 0 pages
[    0.637919][    T1] HugeTLB registered 2.00 MiB page size, pre-allocated 0 pages
[    0.639850][    T1] cryptd: max_cpu_qlen set to 1000
[    0.639850][    T1] raid6: skipped pq benchmark and selected avx2x4
[    0.639850][    T1] raid6: using avx2x2 recovery algorithm
[    0.640218][    T1] ACPI: Added _OSI(Module Device)
[    0.640823][    T1] ACPI: Added _OSI(Processor Device)
[    0.641441][    T1] ACPI: Added _OSI(3.0 _SCP Extensions)
[    0.647842][    T1] ACPI: Added _OSI(Processor Aggregator Device)
[    0.648584][    T1] ACPI: Added _OSI(Linux-Dell-Video)
[    0.649211][    T1] ACPI: Added _OSI(Linux-Lenovo-NV-HDMI-Audio)
[    0.649938][    T1] ACPI: Added _OSI(Linux-HPI-Hybrid-Graphics)
[    0.671477][    T1] ACPI: 1 ACPI AML tables successfully acquired and loaded
[    0.698182][   T11] Callback from call_rcu_tasks() invoked.
[    0.700628][    T1] ACPI: Interpreter enabled
[    0.700628][    T1] ACPI: PM: (supports S0 S3 S4 S5)
[    0.700674][    T1] ACPI: Using IOAPIC for interrupt routing
[    0.701461][    T1] PCI: Using host bridge windows from ACPI; if necessary, use "pci=nocrs" and report a bug
[    0.703987][    T1] ACPI: Enabled 2 GPEs in block 00 to 0F
[    0.746310][    T1] ACPI: PCI Root Bridge [PCI0] (domain 0000 [bus 00-ff])
[    0.747191][    T1] acpi PNP0A03:00: _OSC: OS supports [ExtendedConfig ASPM ClockPM Segments MSI HPX-Type3]
[    0.748372][    T1] PCI host bridge to bus 0000:00
[    0.748977][    T1] pci_bus 0000:00: root bus resource [io  0x0000-0x0cf7 window]
[    0.749885][    T1] pci_bus 0000:00: root bus resource [io  0x0d00-0xffff window]
[    0.750787][    T1] pci_bus 0000:00: root bus resource [mem 0x000a0000-0x000bffff window]
[    0.751766][    T1] pci_bus 0000:00: root bus resource [mem 0x80000000-0xfebfffff window]
[    0.752757][    T1] pci_bus 0000:00: root bus resource [mem 0x100000000-0x17fffffff window]
[    0.753763][    T1] pci_bus 0000:00: root bus resource [bus 00-ff]
[    0.754773][    T1] pci 0000:00:00.0: [8086:1237] type 00 class 0x060000
[    0.767593][    T1] pci 0000:00:01.0: [8086:7000] type 00 class 0x060100
[    0.779452][    T1] pci 0000:00:01.1: [8086:7010] type 00 class 0x010180
[    0.781942][    T1] pci 0000:00:01.1: reg 0x20: [io  0xc000-0xc00f]
[    0.783366][    T1] pci 0000:00:01.1: legacy IDE quirk: reg 0x10: [io  0x01f0-0x01f7]
[    0.784316][    T1] pci 0000:00:01.1: legacy IDE quirk: reg 0x14: [io  0x03f6]
[    0.785180][    T1] pci 0000:00:01.1: legacy IDE quirk: reg 0x18: [io  0x0170-0x0177]
[    0.786120][    T1] pci 0000:00:01.1: legacy IDE quirk: reg 0x1c: [io  0x0376]
[    0.787416][    T1] pci 0000:00:01.3: [8086:7113] type 00 class 0x068000
[    0.788138][    T1] pci 0000:00:01.3: quirk: [io  0x0600-0x063f] claimed by PIIX4 ACPI
[    0.789098][    T1] pci 0000:00:01.3: quirk: [io  0x0700-0x070f] claimed by PIIX4 SMB
[    0.790805][    T1] pci 0000:00:02.0: [1234:1111] type 00 class 0x030000
[    0.792761][    T1] pci 0000:00:02.0: reg 0x10: [mem 0xfd000000-0xfdffffff pref]
[    0.795004][    T1] pci 0000:00:02.0: reg 0x18: [mem 0xfebf0000-0xfebf0fff]
[    0.798996][    T1] pci 0000:00:02.0: reg 0x30: [mem 0xfebe0000-0xfebeffff pref]
[    0.800015][    T1] pci 0000:00:02.0: Video device with shadowed ROM at [mem 0x000c0000-0x000dffff]
[    0.816609][    T1] ACPI: PCI: Interrupt link LNKA configured for IRQ 10
[    0.818641][    T1] ACPI: PCI: Interrupt link LNKB configured for IRQ 10
[    0.820617][    T1] ACPI: PCI: Interrupt link LNKC configured for IRQ 11
[    0.822582][    T1] ACPI: PCI: Interrupt link LNKD configured for IRQ 11
[    0.823878][    T1] ACPI: PCI: Interrupt link LNKS configured for IRQ 9
[    0.828054][    T1] iommu: Default domain type: Translated 
[    0.829207][    T1] iommu: DMA domain TLB invalidation policy: lazy mode 
[    0.831417][    T1] pci 0000:00:02.0: vgaarb: setting as boot VGA device
[    0.831417][    T1] pci 0000:00:02.0: vgaarb: VGA device added: decodes=io+mem,owns=io+mem,locks=none
[    0.837743][    T1] pci 0000:00:02.0: vgaarb: bridge control possible
[    0.839406][    T1] vgaarb: loaded
[    0.843074][    T1] SCSI subsystem initialized
[    0.844352][    T1] ACPI: bus type USB registered
[    0.844352][    T1] usbcore: registered new interface driver usbfs
[    0.844352][    T1] usbcore: registered new interface driver hub
[    0.844352][    T1] usbcore: registered new device driver usb
[    0.844352][    T1] mc: Linux media interface: v0.10
[    0.847813][    T1] videodev: Linux video capture interface: v2.00
[    0.848777][    T1] pps_core: LinuxPPS API ver. 1 registered
[    0.849455][    T1] pps_core: Software ver. 5.3.6 - Copyright 2005-2007 Rodolfo Giometti <giometti@linux.it>
[    0.850663][    T1] PTP clock support registered
[    0.851344][    T1] EDAC MC: Ver: 3.0.0
[    0.851344][    T1] Advanced Linux Sound Architecture Driver Initialized.
[    0.851344][    T1] Bluetooth: Core ver 2.22
[    0.851344][    T1] NET: Registered PF_BLUETOOTH protocol family
[    0.857727][    T1] Bluetooth: HCI device and connection manager initialized
[    0.858596][    T1] Bluetooth: HCI socket layer initialized
[    0.859271][    T1] Bluetooth: L2CAP socket layer initialized
[    0.859994][    T1] Bluetooth: SCO socket layer initialized
[    0.860689][    T1] NET: Registered PF_ATMPVC protocol family
[    0.861376][    T1] NET: Registered PF_ATMSVC protocol family
[    0.862179][    T1] NetLabel: Initializing
[    0.862706][    T1] NetLabel:  domain hash size = 128
[    0.863315][    T1] NetLabel:  protocols = UNLABELED CIPSOv4 CALIPSO
[    0.864200][    T1] NetLabel:  unlabeled traffic allowed by default
[    0.865104][    T1] nfc: nfc_init: NFC Core ver 0.1
[    0.865104][    T1] NET: Registered PF_NFC protocol family
[    0.865104][    T1] PCI: Using ACPI for IRQ routing
[    0.868234][    T1] hpet0: at MMIO 0xfed00000, IRQs 2, 8, 0
[    0.868923][    T1] hpet0: 3 comparators, 64-bit 100.000000 MHz counter
[    0.874146][    T1] clocksource: Switched to clocksource kvm-clock
[    1.207512][    T1] VFS: Disk quotas dquot_6.6.0
[    1.208250][    T1] VFS: Dquot-cache hash table entries: 512 (order 0, 4096 bytes)
[    1.209384][    T1] FS-Cache: Loaded
[    1.210394][    T1] CacheFiles: Loaded
[    1.211067][    T1] TOMOYO: 2.6.0
[    1.211489][    T1] Mandatory Access Control activated.
[    1.213286][    T1] AppArmor: AppArmor Filesystem Enabled
[    1.214119][    T1] pnp: PnP ACPI init
[    1.218655][    T1] pnp: PnP ACPI: found 6 devices
[    1.240553][    T1] clocksource: acpi_pm: mask: 0xffffff max_cycles: 0xffffff, max_idle_ns: 2085701024 ns
[    1.241969][    T1] NET: Registered PF_INET protocol family
[    1.242826][    T1] IP idents hash table entries: 32768 (order: 6, 262144 bytes, linear)
[    1.245111][    T1] tcp_listen_portaddr_hash hash table entries: 1024 (order: 4, 81920 bytes, linear)
[    1.246428][    T1] TCP established hash table entries: 16384 (order: 5, 131072 bytes, linear)
[    1.248025][    T1] TCP bind hash table entries: 16384 (order: 8, 1179648 bytes, linear)
[    1.249503][    T1] TCP: Hash tables configured (established 16384 bind 16384)
[    1.250639][    T1] MPTCP token hash table entries: 2048 (order: 5, 180224 bytes, linear)
[    1.251757][    T1] UDP hash table entries: 1024 (order: 5, 163840 bytes, linear)
[    1.252757][    T1] UDP-Lite hash table entries: 1024 (order: 5, 163840 bytes, linear)
[    1.254004][    T1] NET: Registered PF_UNIX/PF_LOCAL protocol family
[    1.255582][    T1] RPC: Registered named UNIX socket transport module.
[    1.256404][    T1] RPC: Registered udp transport module.
[    1.257044][    T1] RPC: Registered tcp transport module.
[    1.257683][    T1] RPC: Registered tcp NFSv4.1 backchannel transport module.
[    1.259451][    T1] NET: Registered PF_XDP protocol family
[    1.260160][    T1] pci_bus 0000:00: resource 4 [io  0x0000-0x0cf7 window]
[    1.260991][    T1] pci_bus 0000:00: resource 5 [io  0x0d00-0xffff window]
[    1.261814][    T1] pci_bus 0000:00: resource 6 [mem 0x000a0000-0x000bffff window]
[    1.262715][    T1] pci_bus 0000:00: resource 7 [mem 0x80000000-0xfebfffff window]
[    1.263616][    T1] pci_bus 0000:00: resource 8 [mem 0x100000000-0x17fffffff window]
[    1.265112][    T1] pci 0000:00:01.0: PIIX3: Enabling Passive Release
[    1.265903][    T1] pci 0000:00:00.0: Limiting direct PCI/PCI transfers
[    1.266708][    T1] pci 0000:00:01.0: Activating ISA DMA hang workarounds
[    1.267582][    T1] PCI: CLS 0 bytes, default 64
[    1.270546][   T10] Trying to unpack rootfs image as initramfs...
[    1.277807][    T1] ACPI: bus type thunderbolt registered
[    1.279214][    T1] kvm: no hardware support for 'kvm_intel'
[    1.287787][    T1] kvm: Nested Virtualization enabled
[    1.288474][    T1] SVM: kvm: Nested Paging enabled
[    1.318266][   T64] cryptomgr_test (64) used greatest stack depth: 29792 bytes left
[    1.366774][   T10] Freeing initrd memory: 1360K
[    1.368044][   T60] kworker/u4:3 (60) used greatest stack depth: 28616 bytes left
[    1.369058][   T57] kworker/u4:3 (57) used greatest stack depth: 28192 bytes left
[    1.370677][   T56] kworker/u4:2 (56) used greatest stack depth: 28128 bytes left
[    1.380316][   T90] kworker/u4:1 (90) used greatest stack depth: 27776 bytes left
[    3.378108][    T1] Initialise system trusted keyrings
[    3.380118][    T1] workingset: timestamp_bits=40 max_order=19 bucket_order=0
[    3.404847][    T1] zbud: loaded
[    3.410392][    T1] DLM installed
[    3.418455][    T1] squashfs: version 4.0 (2009/01/31) Phillip Lougher
[    3.429059][    T1] NFS: Registering the id_resolver key type
[    3.429796][    T1] Key type id_resolver registered
[    3.430402][    T1] Key type id_legacy registered
[    3.431169][    T1] nfs4filelayout_init: NFSv4 File Layout Driver Registering...
[    3.432106][    T1] nfs4flexfilelayout_init: NFSv4 Flexfile Layout Driver Registering...
[    3.433067][    T1] Installing knfsd (copyright (C) 1996 okir@monad.swb.de).
[    3.438882][    T1] Key type cifs.spnego registered
[    3.439705][    T1] Key type cifs.idmap registered
[    3.440616][    T1] ntfs: driver 2.1.32 [Flags: R/W].
[    3.442159][    T1] efs: 1.0a - http://aeschi.ch.eu.org/efs/
[    3.443002][    T1] jffs2: version 2.2. (NAND) (SUMMARY)  © 2001-2006 Red Hat, Inc.
[    3.445838][    T1] romfs: ROMFS MTD (C) 2007 Red Hat, Inc.
[    3.446821][    T1] QNX4 filesystem 0.2.3 registered.
[    3.447600][    T1] qnx6: QNX6 filesystem 1.0.0 registered.
[    3.448910][    T1] fuse: init (API version 7.36)
[    3.451516][    T1] orangefs_debugfs_init: called with debug mask: :none: :0:
[    3.452655][    T1] orangefs_init: module version upstream loaded
[    3.453959][    T1] JFS: nTxBlock = 8192, nTxLock = 65536
[    3.458554][    T1] SGI XFS with ACLs, security attributes, realtime, quota, fatal assert, debug enabled
[    3.471454][    T1] 9p: Installing v9fs 9p2000 file system support
[    3.473068][    T1] NILFS version 2 loaded
[    3.473569][    T1] befs: version: 0.9.3
[    3.474904][    T1] ocfs2: Registered cluster interface o2cb
[    3.475867][    T1] ocfs2: Registered cluster interface user
[    3.476962][    T1] OCFS2 User DLM kernel interface loaded
[    3.491081][    T1] gfs2: GFS2 installed
[    3.497438][    T1] ceph: loaded (mds proto 32)
[    3.508050][    T1] NET: Registered PF_ALG protocol family
[    3.508764][    T1] xor: automatically using best checksumming function   avx       
[    3.509705][    T1] async_tx: api initialized (async)
[    3.510318][    T1] Key type asymmetric registered
[    3.510912][    T1] Asymmetric key parser 'x509' registered
[    3.511602][    T1] Asymmetric key parser 'pkcs8' registered
[    3.512315][    T1] Key type pkcs7_test registered
[    3.512898][    T1] Asymmetric key parser 'tpm_parser' registered
[    3.515804][    T1] alg: self-tests for CTR-KDF (hmac(sha256)) passed
[    3.517936][    T1] Block layer SCSI generic (bsg) driver version 0.4 loaded (major 240)
[    3.520445][    T1] io scheduler mq-deadline registered
[    3.521085][    T1] io scheduler kyber registered
[    3.521979][    T1] io scheduler bfq registered
[    3.532683][    T1] input: Power Button as /devices/LNXSYSTM:00/LNXPWRBN:00/input/input0
[    3.543831][    T1] ACPI: button: Power Button [PWRF]
[    3.553179][  T188] kworker/u4:0 (188) used greatest stack depth: 26848 bytes left
[    3.688643][    T1] N_HDLC line discipline registered with maxframe=4096
[    3.689560][    T1] Serial: 8250/16550 driver, 4 ports, IRQ sharing enabled
[    3.690832][    T1] 00:04: ttyS0 at I/O 0x3f8 (irq = 4, base_baud = 115200) is a 16550A
[    3.696863][    T1] Non-volatile memory driver v1.3
[    3.698633][    T1] Linux agpgart interface v0.103
[    3.699940][    T1] ACPI: bus type drm_connector registered
[    3.704458][    T1] [drm] Initialized vgem 1.0.0 20120112 for vgem on minor 0
[    3.707396][    T1] [drm] Initialized vkms 1.0.0 20180514 for vkms on minor 1
[    3.767851][    T1] Console: switching to colour frame buffer device 128x48
[    3.784585][    T1] platform vkms: [drm] fb0: vkmsdrmfb frame buffer device
[    3.785554][    T1] usbcore: registered new interface driver udl
[    3.786453][    T1] bochs-drm 0000:00:02.0: vgaarb: deactivate vga console
[    3.789281][    T1] [drm] Found bochs VGA, ID 0xb0c5.
[    3.789960][    T1] [drm] Framebuffer size 16384 kB @ 0xfd000000, mmio @ 0xfebf0000.
[    3.792354][    T1] [drm] Found EDID data blob.
[    3.793922][    T1] [drm] Initialized bochs-drm 1.0.0 20130925 for 0000:00:02.0 on minor 2
[    3.797852][    T1] fbcon: bochs-drmdrmfb (fb1) is primary device
[    3.797864][    T1] fbcon: Remapping primary device, fb1, to tty 1-63
[   17.756195][    T1] bochs-drm 0000:00:02.0: [drm] fb1: bochs-drmdrmfb frame buffer device
[   17.762548][   T10] Floppy drive(s): fd0 is 2.88M AMI BIOS
[   17.788493][   T10] FDC 0 is a S82078B
[   17.799065][    T1] brd: module loaded
[   17.827297][    T1] loop: module loaded
[   17.872848][    T1] zram: Added device: zram0
[   17.876177][    T1] null_blk: module loaded
[   17.876799][    T1] Guest personality initialized and is inactive
[   17.877837][    T1] VMCI host device registered (name=vmci, major=10, minor=120)
[   17.878727][    T1] Initialized host personality
[   17.879385][    T1] usbcore: registered new interface driver rtsx_usb
[   17.880583][    T1] usbcore: registered new interface driver viperboard
[   17.881747][    T1] usbcore: registered new interface driver dln2
[   17.882657][    T1] usbcore: registered new interface driver pn533_usb
[   17.885013][    T1] nfcsim 0.2 initialized
[   17.885605][    T1] usbcore: registered new interface driver port100
[   17.886441][    T1] usbcore: registered new interface driver nfcmrvl
[   17.890797][    T1] Loading iSCSI transport class v2.0-870.
[   17.896143][    T1] st: Version 20160209, fixed bufsize 32768, s/g segs 256
[   17.898876][  T949] kworker/u4:1 (949) used greatest stack depth: 26304 bytes left
[   17.907321][    T1] scsi host0: ata_piix
[   17.910933][    T1] scsi host1: ata_piix
[   17.911817][    T1] ata1: PATA max MWDMA2 cmd 0x1f0 ctl 0x3f6 bmdma 0xc000 irq 14
[   17.912714][    T1] ata2: PATA max MWDMA2 cmd 0x170 ctl 0x376 bmdma 0xc008 irq 15
[   17.916403][    T1] Rounding down aligned max_sectors from 4294967295 to 4294967288
[   17.917601][    T1] db_root: cannot open: /etc/target
[   17.919197][    T1] slram: not enough parameters.
[   17.921522][    T1] ftl_cs: FTL header not found.
[   17.934968][    T1] wireguard: WireGuard 1.0.0 loaded. See www.wireguard.com for information.
[   17.936007][    T1] wireguard: Copyright (C) 2015-2019 Jason A. Donenfeld <Jason@zx2c4.com>. All Rights Reserved.
[   17.937223][    T1] eql: Equalizer2002: Simon Janes (simon@ncm.com) and David S. Miller (davem@redhat.com)
[   17.940854][    T1] MACsec IEEE 802.1AE
[   17.946745][    T1] tun: Universal TUN/TAP device driver, 1.6
[   17.948371][    T1] vcan: Virtual CAN interface driver
[   17.949003][    T1] vxcan: Virtual CAN Tunnel driver
[   17.949603][    T1] slcan: serial line CAN interface driver
[   17.950275][    T1] slcan: 10 dynamic interface channels.
[   17.950935][    T1] CAN device driver interface
[   17.951575][    T1] usbcore: registered new interface driver usb_8dev
[   17.952428][    T1] usbcore: registered new interface driver ems_usb
[   17.953259][    T1] usbcore: registered new interface driver esd_usb2
[   17.954094][    T1] usbcore: registered new interface driver gs_usb
[   17.954979][    T1] usbcore: registered new interface driver kvaser_usb
[   17.955863][    T1] usbcore: registered new interface driver mcba_usb
[   17.956707][    T1] usbcore: registered new interface driver peak_usb
[   17.957635][    T1] e100: Intel(R) PRO/100 Network Driver
[   17.958759][    T1] e100: Copyright(c) 1999-2006 Intel Corporation
[   17.959845][    T1] e1000: Intel(R) PRO/1000 Network Driver
[   17.960517][    T1] e1000: Copyright (c) 1999-2006 Intel Corporation.
[   17.961393][    T1] e1000e: Intel(R) PRO/1000 Network Driver
[   17.962072][    T1] e1000e: Copyright(c) 1999 - 2015 Intel Corporation.
[   17.963219][    T1] mkiss: AX.25 Multikiss, Hans Albas PE1AYX
[   17.963918][    T1] AX.25: 6pack driver, Revision: 0.3.0
[   17.964572][    T1] AX.25: bpqether driver version 004
[   17.965206][    T1] PPP generic driver version 2.4.2
[   17.966064][    T1] PPP BSD Compression module registered
[   17.966721][    T1] PPP Deflate Compression module registered
[   17.967446][    T1] PPP MPPE Compression module registered
[   17.968425][    T1] NET: Registered PF_PPPOX protocol family
[   17.969190][    T1] PPTP driver version 0.8.5
[   17.970081][    T1] SLIP: version 0.8.4-NET3.019-NEWTTY (dynamic channels, max=256) (6 bit encapsulation enabled).
[   17.971306][    T1] CSLIP: code copyright 1989 Regents of the University of California.
[   17.972267][    T1] SLIP linefill/keepalive option.
[   17.972852][    T1] hdlc: HDLC support module revision 1.22
[   17.973535][    T1] LAPB Ethernet driver version 0.02
[   17.974397][    T1] usbcore: registered new interface driver ath9k_htc
[   17.975256][    T1] usbcore: registered new interface driver carl9170
[   17.976093][    T1] usbcore: registered new interface driver ath6kl_usb
[   17.976942][    T1] usbcore: registered new interface driver ar5523
[   17.977865][    T1] usbcore: registered new interface driver ath10k_usb
[   17.978741][    T1] usbcore: registered new interface driver rndis_wlan
[   17.979631][    T1] mac80211_hwsim: initializing netlink
[   17.989850][    T1] usbcore: registered new interface driver atusb
[   17.993889][    T1] mac802154_hwsim mac802154_hwsim: Added 2 mac802154 hwsim hardware radios
[   17.995074][    T1] VMware vmxnet3 virtual NIC driver - version 1.6.0.0-k-NAPI
[   17.996102][    T1] usbcore: registered new interface driver catc
[   17.996903][    T1] usbcore: registered new interface driver kaweth
[   17.997659][    T1] pegasus: Pegasus/Pegasus II USB Ethernet driver
[   17.998510][    T1] usbcore: registered new interface driver pegasus
[   17.999341][    T1] usbcore: registered new interface driver rtl8150
[   18.000198][    T1] usbcore: registered new interface driver r8152
[   18.000945][    T1] hso: drivers/net/usb/hso.c: Option Wireless
[   18.001763][    T1] usbcore: registered new interface driver hso
[   18.002549][    T1] usbcore: registered new interface driver lan78xx
[   18.003388][    T1] usbcore: registered new interface driver asix
[   18.004195][    T1] usbcore: registered new interface driver ax88179_178a
[   18.005075][    T1] usbcore: registered new interface driver cdc_ether
[   18.005918][    T1] usbcore: registered new interface driver cdc_eem
[   18.006748][    T1] usbcore: registered new interface driver dm9601
[   18.007571][    T1] usbcore: registered new interface driver sr9700
[   18.008432][    T1] usbcore: registered new interface driver CoreChips
[   18.009305][    T1] usbcore: registered new interface driver smsc75xx
[   18.010164][    T1] usbcore: registered new interface driver smsc95xx
[   18.011002][    T1] usbcore: registered new interface driver gl620a
[   18.011819][    T1] usbcore: registered new interface driver net1080
[   18.012646][    T1] usbcore: registered new interface driver plusb
[   18.013447][    T1] usbcore: registered new interface driver rndis_host
[   18.014305][    T1] usbcore: registered new interface driver cdc_subset
[   18.015153][    T1] usbcore: registered new interface driver zaurus
[   18.015970][    T1] usbcore: registered new interface driver MOSCHIP usb-ethernet driver
[   18.016998][    T1] usbcore: registered new interface driver int51x1
[   18.017866][    T1] usbcore: registered new interface driver cdc_phonet
[   18.018946][    T1] usbcore: registered new interface driver kalmia
[   18.019758][    T1] usbcore: registered new interface driver ipheth
[   18.020584][    T1] usbcore: registered new interface driver sierra_net
[   18.021432][    T1] usbcore: registered new interface driver cx82310_eth
[   18.022312][    T1] usbcore: registered new interface driver cdc_ncm
[   18.023130][    T1] usbcore: registered new interface driver huawei_cdc_ncm
[   18.024033][    T1] usbcore: registered new interface driver lg-vl600
[   18.024872][    T1] usbcore: registered new interface driver qmi_wwan
[   18.025705][    T1] usbcore: registered new interface driver cdc_mbim
[   18.026538][    T1] usbcore: registered new interface driver ch9200
[   18.029099][    T1] VFIO - User Level meta-driver version: 0.3
[   18.032445][    T1] aoe: AoE v85 initialised.
[   18.034511][    T1] ehci_hcd: USB 2.0 'Enhanced' Host Controller (EHCI) Driver
[   18.035407][    T1] ehci-pci: EHCI PCI platform driver
[   18.036118][    T1] ehci-platform: EHCI generic platform driver
[   18.036993][    T1] ohci_hcd: USB 1.1 'Open' Host Controller (OHCI) Driver
[   18.038075][    T1] ohci-pci: OHCI PCI platform driver
[   18.038808][    T1] ohci-platform: OHCI generic platform driver
[   18.039684][    T1] uhci_hcd: USB Universal Host Controller Interface driver
[   18.041042][    T1] driver u132_hcd
[   18.041823][    T1] fotg210_hcd: FOTG210 Host Controller (EHCI) Driver
[   18.042628][    T1] Warning! fotg210_hcd should always be loaded before uhci_hcd and ohci_hcd, not after
[   18.043852][    T1] SPI driver max3421-hcd has no spi_device_id for maxim,max3421
[   18.044944][    T1] usbcore: registered new interface driver cdc_acm
[   18.045726][    T1] cdc_acm: USB Abstract Control Model driver for USB modems and ISDN adapters
[   18.046858][    T1] usbcore: registered new interface driver usblp
[   18.047682][    T1] usbcore: registered new interface driver cdc_wdm
[   18.048842][    T1] usbcore: registered new interface driver usbtmc
[   18.049860][    T1] usbcore: registered new interface driver uas
[   18.050695][    T1] usbcore: registered new interface driver usb-storage
[   18.051561][    T1] usbcore: registered new interface driver ums-alauda
[   18.052428][    T1] usbcore: registered new interface driver ums-cypress
[   18.053289][    T1] usbcore: registered new interface driver ums-datafab
[   18.054154][    T1] usbcore: registered new interface driver ums_eneub6250
[   18.055038][    T1] usbcore: registered new interface driver ums-freecom
[   18.055900][    T1] usbcore: registered new interface driver ums-isd200
[   18.056752][    T1] usbcore: registered new interface driver ums-jumpshot
[   18.057620][    T1] usbcore: registered new interface driver ums-karma
[   18.060501][    T1] usbcore: registered new interface driver ums-onetouch
[   18.061395][    T1] usbcore: registered new interface driver ums-realtek
[   18.062257][    T1] usbcore: registered new interface driver ums-sddr09
[   18.063108][    T1] usbcore: registered new interface driver ums-sddr55
[   18.063966][    T1] usbcore: registered new interface driver ums-usbat
[   18.064845][    T1] usbcore: registered new interface driver mdc800
[   18.065600][    T1] mdc800: v0.7.5 (30/10/2000):USB Driver for Mustek MDC800 Digital Camera
[   18.066653][    T1] usbcore: registered new interface driver microtekX6
[   18.067621][    T1] usbcore: registered new interface driver usbserial_generic
[   18.070526][    T1] usbserial: USB Serial support registered for generic
[   18.071430][    T1] usbcore: registered new interface driver aircable
[   18.072280][    T1] usbserial: USB Serial support registered for aircable
[   18.073152][    T1] usbcore: registered new interface driver ark3116
[   18.073981][    T1] usbserial: USB Serial support registered for ark3116
[   18.074841][    T1] usbcore: registered new interface driver belkin_sa
[   18.075665][    T1] usbserial: USB Serial support registered for Belkin / Peracom / GoHubs USB Serial Adapter
[   18.076906][    T1] usbcore: registered new interface driver ch341
[   18.077691][    T1] usbserial: USB Serial support registered for ch341-uart
[   18.078745][  T990] ata2: found unknown device (class 0)
[   18.080008][    T1] usbcore: registered new interface driver cp210x
[   18.080858][    T1] usbserial: USB Serial support registered for cp210x
[   18.080858][  T990] ata2.00: ATAPI: QEMU DVD-ROM, 2.5+, max UDMA/100
[   18.081708][    T1] usbcore: registered new interface driver cyberjack
[   18.083482][    T1] usbserial: USB Serial support registered for Reiner SCT Cyberjack USB card reader
[   18.084786][    T1] usbcore: registered new interface driver cypress_m8
[   18.085678][    T1] usbserial: USB Serial support registered for DeLorme Earthmate USB
[   18.086665][    T1] usbserial: USB Serial support registered for HID->COM RS232 Adapter
[   18.087660][    T1] usbserial: USB Serial support registered for Nokia CA-42 V2 Adapter
[   18.089629][    T1] usbcore: registered new interface driver usb_debug
[   18.090791][    T1] usbserial: USB Serial support registered for debug
[   18.090790][   T52] scsi 1:0:0:0: CD-ROM            QEMU     QEMU DVD-ROM     2.5+ PQ: 0 ANSI: 5
[   18.091689][    T1] usbserial: USB Serial support registered for xhci_dbc
[   18.093812][    T1] usbcore: registered new interface driver digi_acceleport
[   18.094887][    T1] usbserial: USB Serial support registered for Digi 2 port USB adapter
[   18.096119][    T1] usbserial: USB Serial support registered for Digi 4 port USB adapter
[   18.097250][    T1] usbcore: registered new interface driver io_edgeport
[   18.099144][    T1] usbserial: USB Serial support registered for Edgeport 2 port adapter
[   18.100233][    T1] usbserial: USB Serial support registered for Edgeport 4 port adapter
[   18.101319][    T1] usbserial: USB Serial support registered for Edgeport 8 port adapter
[   18.102426][    T1] usbserial: USB Serial support registered for EPiC device
[   18.103452][    T1] usbcore: registered new interface driver io_ti
[   18.104311][    T1] usbserial: USB Serial support registered for Edgeport TI 1 port adapter
[   18.105407][    T1] usbserial: USB Serial support registered for Edgeport TI 2 port adapter
[   18.106476][    T1] usbcore: registered new interface driver empeg
[   18.107338][    T1] usbserial: USB Serial support registered for empeg
[   18.108475][    T1] usbcore: registered new interface driver f81534a_ctrl
[   18.109480][    T1] usbcore: registered new interface driver f81232
[   18.110317][    T1] usbserial: USB Serial support registered for f81232
[   18.111298][    T1] usbserial: USB Serial support registered for f81534a
[   18.112300][    T1] usbcore: registered new interface driver f81534
[   18.113214][    T1] usbserial: USB Serial support registered for Fintek F81532/F81534
[   18.114250][    T1] usbcore: registered new interface driver ftdi_sio
[   18.115154][    T1] usbserial: USB Serial support registered for FTDI USB Serial Device
[   18.116326][    T1] usbcore: registered new interface driver garmin_gps
[   18.117221][    T1] usbserial: USB Serial support registered for Garmin GPS usb/tty
[   18.118357][    T1] usbcore: registered new interface driver ipaq
[   18.119156][    T1] usbserial: USB Serial support registered for PocketPC PDA
[   18.120090][    T1] usbcore: registered new interface driver ipw
[   18.120871][    T1] usbserial: USB Serial support registered for IPWireless converter
[   18.121877][    T1] usbcore: registered new interface driver ir_usb
[   18.122683][    T1] usbserial: USB Serial support registered for IR Dongle
[   18.123579][    T1] usbcore: registered new interface driver iuu_phoenix
[   18.124443][    T1] usbserial: USB Serial support registered for iuu_phoenix
[   18.125350][    T1] usbcore: registered new interface driver keyspan
[   18.126175][    T1] usbserial: USB Serial support registered for Keyspan - (without firmware)
[   18.127262][    T1] usbserial: USB Serial support registered for Keyspan 1 port adapter
[   18.128953][    T1] usbserial: USB Serial support registered for Keyspan 2 port adapter
[   18.130901][    T1] usbserial: USB Serial support registered for Keyspan 4 port adapter
[   18.132582][    T1] usbcore: registered new interface driver keyspan_pda
[   18.133454][    T1] usbserial: USB Serial support registered for Keyspan PDA
[   18.134618][    T1] usbserial: USB Serial support registered for Keyspan PDA - (prerenumeration)
[   18.135759][    T1] usbcore: registered new interface driver kl5kusb105
[   18.136625][    T1] usbserial: USB Serial support registered for KL5KUSB105D / PalmConnect
[   18.137698][    T1] usbcore: registered new interface driver kobil_sct
[   18.138570][    T1] usbserial: USB Serial support registered for KOBIL USB smart card terminal
[   18.139687][    T1] usbcore: registered new interface driver mct_u232
[   18.140536][    T1] usbserial: USB Serial support registered for MCT U232
[   18.141429][    T1] usbcore: registered new interface driver metro_usb
[   18.142279][    T1] usbserial: USB Serial support registered for Metrologic USB to Serial
[   18.143342][    T1] usbcore: registered new interface driver mos7720
[   18.144175][    T1] usbserial: USB Serial support registered for Moschip 2 port adapter
[   18.145220][    T1] usbcore: registered new interface driver mos7840
[   18.146048][    T1] usbserial: USB Serial support registered for Moschip 7840/7820 USB Serial Driver
[   18.147238][    T1] usbcore: registered new interface driver mxuport
[   18.148091][    T1] usbserial: USB Serial support registered for MOXA UPort
[   18.149014][    T1] usbcore: registered new interface driver navman
[   18.149844][    T1] usbserial: USB Serial support registered for navman
[   18.150723][    T1] usbcore: registered new interface driver omninet
[   18.151549][    T1] usbserial: USB Serial support registered for ZyXEL - omni.net usb
[   18.152576][    T1] usbcore: registered new interface driver opticon
[   18.153401][    T1] usbserial: USB Serial support registered for opticon
[   18.154288][    T1] usbcore: registered new interface driver option
[   18.155112][    T1] usbserial: USB Serial support registered for GSM modem (1-port)
[   18.156113][    T1] usbcore: registered new interface driver oti6858
[   18.156946][    T1] usbserial: USB Serial support registered for oti6858
[   18.157953][    T1] usbcore: registered new interface driver pl2303
[   18.158895][    T1] usbserial: USB Serial support registered for pl2303
[   18.159781][    T1] usbcore: registered new interface driver qcaux
[   18.160587][    T1] usbserial: USB Serial support registered for qcaux
[   18.161447][    T1] usbcore: registered new interface driver qcserial
[   18.162287][    T1] usbserial: USB Serial support registered for Qualcomm USB modem
[   18.163291][    T1] usbcore: registered new interface driver quatech2
[   18.164146][    T1] usbserial: USB Serial support registered for Quatech 2nd gen USB to Serial Driver
[   18.165337][    T1] usbcore: registered new interface driver safe_serial
[   18.166205][    T1] usbserial: USB Serial support registered for safe_serial
[   18.167134][    T1] usbcore: registered new interface driver sierra
[   18.167987][    T1] usbserial: USB Serial support registered for Sierra USB modem
[   18.168972][    T1] usbcore: registered new interface driver usb_serial_simple
[   18.169910][    T1] usbserial: USB Serial support registered for carelink
[   18.170788][    T1] usbserial: USB Serial support registered for zio
[   18.171611][    T1] usbserial: USB Serial support registered for funsoft
[   18.172500][    T1] usbserial: USB Serial support registered for flashloader
[   18.173411][    T1] usbserial: USB Serial support registered for google
[   18.174269][    T1] usbserial: USB Serial support registered for libtransistor
[   18.175197][    T1] usbserial: USB Serial support registered for vivopay
[   18.176073][    T1] usbserial: USB Serial support registered for moto_modem
[   18.176979][    T1] usbserial: USB Serial support registered for motorola_tetra
[   18.177941][    T1] usbserial: USB Serial support registered for novatel_gps
[   18.178857][    T1] usbserial: USB Serial support registered for hp4x
[   18.179696][    T1] usbserial: USB Serial support registered for suunto
[   18.180563][    T1] usbserial: USB Serial support registered for siemens_mpi
[   18.181487][    T1] usbcore: registered new interface driver spcp8x5
[   18.182328][    T1] usbserial: USB Serial support registered for SPCP8x5
[   18.183394][    T1] usbcore: registered new interface driver ssu100
[   18.184222][    T1] usbserial: USB Serial support registered for Quatech SSU-100 USB to Serial Driver
[   18.185414][    T1] usbcore: registered new interface driver symbolserial
[   18.186301][    T1] usbserial: USB Serial support registered for symbol
[   18.187175][    T1] usbcore: registered new interface driver ti_usb_3410_5052
[   18.188180][    T1] usbserial: USB Serial support registered for TI USB 3410 1 port adapter
[   18.189313][    T1] usbserial: USB Serial support registered for TI USB 5052 2 port adapter
[   18.190409][    T1] usbcore: registered new interface driver upd78f0730
[   18.191274][    T1] usbserial: USB Serial support registered for upd78f0730
[   18.192210][    T1] usbcore: registered new interface driver visor
[   18.193026][    T1] usbserial: USB Serial support registered for Handspring Visor / Palm OS
[   18.194100][    T1] usbserial: USB Serial support registered for Sony Clie 5.0
[   18.195037][    T1] usbserial: USB Serial support registered for Sony Clie 3.5
[   18.195995][    T1] usbcore: registered new interface driver wishbone_serial
[   18.196917][    T1] usbserial: USB Serial support registered for wishbone_serial
[   18.197965][    T1] usbcore: registered new interface driver whiteheat
[   18.198829][    T1] usbserial: USB Serial support registered for Connect Tech - WhiteHEAT - (prerenumeration)
[   18.200097][    T1] usbserial: USB Serial support registered for Connect Tech - WhiteHEAT
[   18.201168][    T1] usbcore: registered new interface driver xr_serial
[   18.202026][    T1] usbserial: USB Serial support registered for xr_serial
[   18.202935][    T1] usbcore: registered new interface driver xsens_mt
[   18.203790][    T1] usbserial: USB Serial support registered for xsens_mt
[   18.204696][    T1] usbcore: registered new interface driver adutux
[   18.205542][    T1] usbcore: registered new interface driver appledisplay
[   18.206447][    T1] usbcore: registered new interface driver cypress_cy7c63
[   18.207376][    T1] usbcore: registered new interface driver cytherm
[   18.208268][    T1] usbcore: registered new interface driver emi26 - firmware loader
[   18.209290][    T1] usbcore: registered new interface driver emi62 - firmware loader
[   18.210244][    T1] ftdi_elan: driver ftdi-elan
[   18.210882][    T1] usbcore: registered new interface driver ftdi-elan
[   18.211755][    T1] usbcore: registered new interface driver idmouse
[   18.212615][    T1] usbcore: registered new interface driver iowarrior
[   18.213505][    T1] usbcore: registered new interface driver isight_firmware
[   18.214443][    T1] usbcore: registered new interface driver usblcd
[   18.215277][    T1] usbcore: registered new interface driver ldusb
[   18.216114][    T1] usbcore: registered new interface driver legousbtower
[   18.217036][    T1] usbcore: registered new interface driver usbtest
[   18.218081][    T1] usbcore: registered new interface driver usb_ehset_test
[   18.218997][    T1] usbcore: registered new interface driver trancevibrator
[   18.220082][    T1] usbcore: registered new interface driver uss720
[   18.220916][    T1] uss720: USB Parport Cable driver for Cables using the Lucent Technologies USS720 Chip
[   18.222408][    T1] uss720: NOTE: this is a special purpose driver to allow nonstandard
[   18.222438][   T52] sr 1:0:0:0: [sr0] scsi3-mmc drive: 4x/4x cd/rw xa/form2 tray
[   18.223390][    T1] uss720: protocols (eg. bitbang) over USS720 usb to parallel cables
[   18.223394][    T1] uss720: If you just want to connect to a printer, use usblp instead
[   18.223472][    T1] usbcore: registered new interface driver usbsevseg
[   18.224343][   T52] cdrom: Uniform CD-ROM driver Revision: 3.20
[   18.225357][    T1] usbcore: registered new interface driver yurex
[   18.229020][    T1] usbcore: registered new interface driver chaoskey
[   18.229893][    T1] usbcore: registered new interface driver sisusb
[   18.230739][    T1] usbcore: registered new interface driver lvs
[   18.231546][    T1] usbcore: registered new interface driver cxacru
[   18.232416][    T1] usbcore: registered new interface driver speedtch
[   18.233298][    T1] usbcore: registered new interface driver ueagle-atm
[   18.234116][    T1] xusbatm: malformed module parameters
[   18.235501][    T1] dummy_hcd dummy_hcd.0: USB Host+Gadget Emulator, driver 02 May 2005
[   18.236517][    T1] dummy_hcd dummy_hcd.0: Dummy host controller
[   18.238523][    T1] dummy_hcd dummy_hcd.0: new USB bus registered, assigned bus number 1
[   18.240131][    T1] usb usb1: New USB device found, idVendor=1d6b, idProduct=0002, bcdDevice= 5.17
[   18.241270][    T1] usb usb1: New USB device strings: Mfr=3, Product=2, SerialNumber=1
[   18.242246][    T1] usb usb1: Product: Dummy host controller
[   18.242945][    T1] usb usb1: Manufacturer: Linux 5.17.0-rc7-g68453767131a-dirty dummy_hcd
[   18.243959][    T1] usb usb1: SerialNumber: dummy_hcd.0
[   18.246291][    T1] hub 1-0:1.0: USB hub found
[   18.247017][    T1] hub 1-0:1.0: 1 port detected
[   18.251612][    T1] gadgetfs: USB Gadget filesystem, version 24 Aug 2004
[   18.254877][    T1] vhci_hcd vhci_hcd.0: USB/IP Virtual Host Controller
[   18.256093][    T1] vhci_hcd vhci_hcd.0: new USB bus registered, assigned bus number 2
[   18.257225][    T1] vhci_hcd: created sysfs vhci_hcd.0
[   18.258427][    T1] usb usb2: New USB device found, idVendor=1d6b, idProduct=0002, bcdDevice= 5.17
[   18.259543][    T1] usb usb2: New USB device strings: Mfr=3, Product=2, SerialNumber=1
[   18.260530][    T1] usb usb2: Product: USB/IP Virtual Host Controller
[   18.261327][    T1] usb usb2: Manufacturer: Linux 5.17.0-rc7-g68453767131a-dirty vhci_hcd
[   18.262338][    T1] usb usb2: SerialNumber: vhci_hcd.0
[   18.263934][    T1] hub 2-0:1.0: USB hub found
[   18.264591][    T1] hub 2-0:1.0: 8 ports detected
[   18.267876][    T1] vhci_hcd vhci_hcd.0: USB/IP Virtual Host Controller
[   18.269030][    T1] vhci_hcd vhci_hcd.0: new USB bus registered, assigned bus number 3
[   18.270150][    T1] usb usb3: We don't know the algorithms for LPM for this host, disabling LPM.
[   18.271523][    T1] usb usb3: New USB device found, idVendor=1d6b, idProduct=0003, bcdDevice= 5.17
[   18.272632][    T1] usb usb3: New USB device strings: Mfr=3, Product=2, SerialNumber=1
[   18.273609][    T1] usb usb3: Product: USB/IP Virtual Host Controller
[   18.274402][    T1] usb usb3: Manufacturer: Linux 5.17.0-rc7-g68453767131a-dirty vhci_hcd
[   18.275406][    T1] usb usb3: SerialNumber: vhci_hcd.0
[   18.277021][    T1] hub 3-0:1.0: USB hub found
[   18.277660][    T1] hub 3-0:1.0: 8 ports detected
[   18.281627][    T1] vhci_hcd vhci_hcd.1: USB/IP Virtual Host Controller
[   18.282758][    T1] vhci_hcd vhci_hcd.1: new USB bus registered, assigned bus number 4
[   18.284061][    T1] usb usb4: New USB device found, idVendor=1d6b, idProduct=0002, bcdDevice= 5.17
[   18.285171][    T1] usb usb4: New USB device strings: Mfr=3, Product=2, SerialNumber=1
[   18.286159][    T1] usb usb4: Product: USB/IP Virtual Host Controller
[   18.286967][    T1] usb usb4: Manufacturer: Linux 5.17.0-rc7-g68453767131a-dirty vhci_hcd
[   18.288458][    T1] usb usb4: SerialNumber: vhci_hcd.1
[   18.293516][    T1] hub 4-0:1.0: USB hub found
[   18.294342][   T52] sr 1:0:0:0: Attached scsi generic sg0 type 5
[   18.295609][    T1] hub 4-0:1.0: 8 ports detected
[   18.299078][    T1] vhci_hcd vhci_hcd.1: USB/IP Virtual Host Controller
[   18.300186][    T1] vhci_hcd vhci_hcd.1: new USB bus registered, assigned bus number 5
[   18.301341][    T1] usb usb5: We don't know the algorithms for LPM for this host, disabling LPM.
[   18.302695][    T1] usb usb5: New USB device found, idVendor=1d6b, idProduct=0003, bcdDevice= 5.17
[   18.303830][    T1] usb usb5: New USB device strings: Mfr=3, Product=2, SerialNumber=1
[   18.304811][    T1] usb usb5: Product: USB/IP Virtual Host Controller
[   18.305621][    T1] usb usb5: Manufacturer: Linux 5.17.0-rc7-g68453767131a-dirty vhci_hcd
[   18.306639][    T1] usb usb5: SerialNumber: vhci_hcd.1
[   18.308917][    T1] hub 5-0:1.0: USB hub found
[   18.309553][    T1] hub 5-0:1.0: 8 ports detected
[   18.313522][    T1] vhci_hcd vhci_hcd.2: USB/IP Virtual Host Controller
[   18.314647][    T1] vhci_hcd vhci_hcd.2: new USB bus registered, assigned bus number 6
[   18.315972][    T1] usb usb6: New USB device found, idVendor=1d6b, idProduct=0002, bcdDevice= 5.17
[   18.317081][    T1] usb usb6: New USB device strings: Mfr=3, Product=2, SerialNumber=1
[   18.318588][    T1] usb usb6: Product: USB/IP Virtual Host Controller
[   18.319389][    T1] usb usb6: Manufacturer: Linux 5.17.0-rc7-g68453767131a-dirty vhci_hcd
[   18.320400][    T1] usb usb6: SerialNumber: vhci_hcd.2
[   18.321946][    T1] hub 6-0:1.0: USB hub found
[   18.322575][    T1] hub 6-0:1.0: 8 ports detected
[   18.325720][    T1] vhci_hcd vhci_hcd.2: USB/IP Virtual Host Controller
[   18.326818][    T1] vhci_hcd vhci_hcd.2: new USB bus registered, assigned bus number 7
[   18.327974][    T1] usb usb7: We don't know the algorithms for LPM for this host, disabling LPM.
[   18.329329][    T1] usb usb7: New USB device found, idVendor=1d6b, idProduct=0003, bcdDevice= 5.17
[   18.330435][    T1] usb usb7: New USB device strings: Mfr=3, Product=2, SerialNumber=1
[   18.331413][    T1] usb usb7: Product: USB/IP Virtual Host Controller
[   18.332218][    T1] usb usb7: Manufacturer: Linux 5.17.0-rc7-g68453767131a-dirty vhci_hcd
[   18.333259][    T1] usb usb7: SerialNumber: vhci_hcd.2
[   18.334817][    T1] hub 7-0:1.0: USB hub found
[   18.335444][    T1] hub 7-0:1.0: 8 ports detected
[   18.339405][    T1] vhci_hcd vhci_hcd.3: USB/IP Virtual Host Controller
[   18.340530][    T1] vhci_hcd vhci_hcd.3: new USB bus registered, assigned bus number 8
[   18.341870][    T1] usb usb8: New USB device found, idVendor=1d6b, idProduct=0002, bcdDevice= 5.17
[   18.343008][    T1] usb usb8: New USB device strings: Mfr=3, Product=2, SerialNumber=1
[   18.343991][    T1] usb usb8: Product: USB/IP Virtual Host Controller
[   18.344788][    T1] usb usb8: Manufacturer: Linux 5.17.0-rc7-g68453767131a-dirty vhci_hcd
[   18.345821][    T1] usb usb8: SerialNumber: vhci_hcd.3
[   18.347370][    T1] hub 8-0:1.0: USB hub found
[   18.348053][    T1] hub 8-0:1.0: 8 ports detected
[   18.351190][    T1] vhci_hcd vhci_hcd.3: USB/IP Virtual Host Controller
[   18.352279][    T1] vhci_hcd vhci_hcd.3: new USB bus registered, assigned bus number 9
[   18.353386][    T1] usb usb9: We don't know the algorithms for LPM for this host, disabling LPM.
[   18.354746][    T1] usb usb9: New USB device found, idVendor=1d6b, idProduct=0003, bcdDevice= 5.17
[   18.355862][    T1] usb usb9: New USB device strings: Mfr=3, Product=2, SerialNumber=1
[   18.356839][    T1] usb usb9: Product: USB/IP Virtual Host Controller
[   18.357638][    T1] usb usb9: Manufacturer: Linux 5.17.0-rc7-g68453767131a-dirty vhci_hcd
[   18.358846][    T1] usb usb9: SerialNumber: vhci_hcd.3
[   18.360408][    T1] hub 9-0:1.0: USB hub found
[   18.361042][    T1] hub 9-0:1.0: 8 ports detected
[   18.364948][    T1] vhci_hcd vhci_hcd.4: USB/IP Virtual Host Controller
[   18.366308][    T1] vhci_hcd vhci_hcd.4: new USB bus registered, assigned bus number 10
[   18.367668][    T1] usb usb10: New USB device found, idVendor=1d6b, idProduct=0002, bcdDevice= 5.17
[   18.368833][    T1] usb usb10: New USB device strings: Mfr=3, Product=2, SerialNumber=1
[   18.369820][    T1] usb usb10: Product: USB/IP Virtual Host Controller
[   18.370656][    T1] usb usb10: Manufacturer: Linux 5.17.0-rc7-g68453767131a-dirty vhci_hcd
[   18.371680][    T1] usb usb10: SerialNumber: vhci_hcd.4
[   18.373371][    T1] hub 10-0:1.0: USB hub found
[   18.374010][    T1] hub 10-0:1.0: 8 ports detected
[   18.377260][    T1] vhci_hcd vhci_hcd.4: USB/IP Virtual Host Controller
[   18.378394][    T1] vhci_hcd vhci_hcd.4: new USB bus registered, assigned bus number 11
[   18.379515][    T1] usb usb11: We don't know the algorithms for LPM for this host, disabling LPM.
[   18.380916][    T1] usb usb11: New USB device found, idVendor=1d6b, idProduct=0003, bcdDevice= 5.17
[   18.382032][    T1] usb usb11: New USB device strings: Mfr=3, Product=2, SerialNumber=1
[   18.383023][    T1] usb usb11: Product: USB/IP Virtual Host Controller
[   18.383832][    T1] usb usb11: Manufacturer: Linux 5.17.0-rc7-g68453767131a-dirty vhci_hcd
[   18.384852][    T1] usb usb11: SerialNumber: vhci_hcd.4
[   18.386472][    T1] hub 11-0:1.0: USB hub found
[   18.387121][    T1] hub 11-0:1.0: 8 ports detected
[   18.391267][    T1] vhci_hcd vhci_hcd.5: USB/IP Virtual Host Controller
[   18.392439][    T1] vhci_hcd vhci_hcd.5: new USB bus registered, assigned bus number 12
[   18.393749][    T1] usb usb12: New USB device found, idVendor=1d6b, idProduct=0002, bcdDevice= 5.17
[   18.394907][    T1] usb usb12: New USB device strings: Mfr=3, Product=2, SerialNumber=1
[   18.395896][    T1] usb usb12: Product: USB/IP Virtual Host Controller
[   18.396709][    T1] usb usb12: Manufacturer: Linux 5.17.0-rc7-g68453767131a-dirty vhci_hcd
[   18.397810][    T1] usb usb12: SerialNumber: vhci_hcd.5
[   18.399983][    T1] hub 12-0:1.0: USB hub found
[   18.401198][    T1] hub 12-0:1.0: 8 ports detected
[   18.407062][    T1] vhci_hcd vhci_hcd.5: USB/IP Virtual Host Controller
[   18.410152][    T1] vhci_hcd vhci_hcd.5: new USB bus registered, assigned bus number 13
[   18.412280][    T1] usb usb13: We don't know the algorithms for LPM for this host, disabling LPM.
[   18.414834][    T1] usb usb13: New USB device found, idVendor=1d6b, idProduct=0003, bcdDevice= 5.17
[   18.416952][    T1] usb usb13: New USB device strings: Mfr=3, Product=2, SerialNumber=1
[   18.418873][    T1] usb usb13: Product: USB/IP Virtual Host Controller
[   18.420408][    T1] usb usb13: Manufacturer: Linux 5.17.0-rc7-g68453767131a-dirty vhci_hcd
[   18.422321][    T1] usb usb13: SerialNumber: vhci_hcd.5
[   18.425125][    T1] hub 13-0:1.0: USB hub found
[   18.426235][    T1] hub 13-0:1.0: 8 ports detected
[   18.433474][    T1] vhci_hcd vhci_hcd.6: USB/IP Virtual Host Controller
[   18.435366][    T1] vhci_hcd vhci_hcd.6: new USB bus registered, assigned bus number 14
[   18.437266][    T1] usb usb14: New USB device found, idVendor=1d6b, idProduct=0002, bcdDevice= 5.17
[   18.438421][    T1] usb usb14: New USB device strings: Mfr=3, Product=2, SerialNumber=1
[   18.439415][    T1] usb usb14: Product: USB/IP Virtual Host Controller
[   18.440231][    T1] usb usb14: Manufacturer: Linux 5.17.0-rc7-g68453767131a-dirty vhci_hcd
[   18.441246][    T1] usb usb14: SerialNumber: vhci_hcd.6
[   18.442792][    T1] hub 14-0:1.0: USB hub found
[   18.443432][    T1] hub 14-0:1.0: 8 ports detected
[   18.446571][    T1] vhci_hcd vhci_hcd.6: USB/IP Virtual Host Controller
[   18.447668][    T1] vhci_hcd vhci_hcd.6: new USB bus registered, assigned bus number 15
[   18.449076][    T1] usb usb15: We don't know the algorithms for LPM for this host, disabling LPM.
[   18.450436][    T1] usb usb15: New USB device found, idVendor=1d6b, idProduct=0003, bcdDevice= 5.17
[   18.451554][    T1] usb usb15: New USB device strings: Mfr=3, Product=2, SerialNumber=1
[   18.452547][    T1] usb usb15: Product: USB/IP Virtual Host Controller
[   18.453357][    T1] usb usb15: Manufacturer: Linux 5.17.0-rc7-g68453767131a-dirty vhci_hcd
[   18.454375][    T1] usb usb15: SerialNumber: vhci_hcd.6
[   18.455944][    T1] hub 15-0:1.0: USB hub found
[   18.456585][    T1] hub 15-0:1.0: 8 ports detected
[   18.460592][    T1] vhci_hcd vhci_hcd.7: USB/IP Virtual Host Controller
[   18.461812][    T1] vhci_hcd vhci_hcd.7: new USB bus registered, assigned bus number 16
[   18.463168][    T1] usb usb16: New USB device found, idVendor=1d6b, idProduct=0002, bcdDevice= 5.17
[   18.464299][    T1] usb usb16: New USB device strings: Mfr=3, Product=2, SerialNumber=1
[   18.465289][    T1] usb usb16: Product: USB/IP Virtual Host Controller
[   18.466103][    T1] usb usb16: Manufacturer: Linux 5.17.0-rc7-g68453767131a-dirty vhci_hcd
[   18.467119][    T1] usb usb16: SerialNumber: vhci_hcd.7
[   18.468786][    T1] hub 16-0:1.0: USB hub found
[   18.469437][    T1] hub 16-0:1.0: 8 ports detected
[   18.472572][    T1] vhci_hcd vhci_hcd.7: USB/IP Virtual Host Controller
[   18.473706][    T1] vhci_hcd vhci_hcd.7: new USB bus registered, assigned bus number 17
[   18.474823][    T1] usb usb17: We don't know the algorithms for LPM for this host, disabling LPM.
[   18.476198][    T1] usb usb17: New USB device found, idVendor=1d6b, idProduct=0003, bcdDevice= 5.17
[   18.477319][    T1] usb usb17: New USB device strings: Mfr=3, Product=2, SerialNumber=1
[   18.478405][    T1] usb usb17: Product: USB/IP Virtual Host Controller
[   18.479220][    T1] usb usb17: Manufacturer: Linux 5.17.0-rc7-g68453767131a-dirty vhci_hcd
[   18.480250][    T1] usb usb17: SerialNumber: vhci_hcd.7
[   18.481899][    T1] hub 17-0:1.0: USB hub found
[   18.482543][    T1] hub 17-0:1.0: 8 ports detected
[   18.486371][    T1] vhci_hcd vhci_hcd.8: USB/IP Virtual Host Controller
[   18.487534][    T1] vhci_hcd vhci_hcd.8: new USB bus registered, assigned bus number 18
[   18.488890][    T1] usb usb18: New USB device found, idVendor=1d6b, idProduct=0002, bcdDevice= 5.17
[   18.490005][    T1] usb usb18: New USB device strings: Mfr=3, Product=2, SerialNumber=1
[   18.490985][    T1] usb usb18: Product: USB/IP Virtual Host Controller
[   18.491794][    T1] usb usb18: Manufacturer: Linux 5.17.0-rc7-g68453767131a-dirty vhci_hcd
[   18.492817][    T1] usb usb18: SerialNumber: vhci_hcd.8
[   18.494489][    T1] hub 18-0:1.0: USB hub found
[   18.495139][    T1] hub 18-0:1.0: 8 ports detected
[   18.498556][    T1] vhci_hcd vhci_hcd.8: USB/IP Virtual Host Controller
[   18.499726][    T1] vhci_hcd vhci_hcd.8: new USB bus registered, assigned bus number 19
[   18.502056][    T1] usb usb19: We don't know the algorithms for LPM for this host, disabling LPM.
[   18.504839][    T1] usb usb19: New USB device found, idVendor=1d6b, idProduct=0003, bcdDevice= 5.17
[   18.507072][    T1] usb usb19: New USB device strings: Mfr=3, Product=2, SerialNumber=1
[   18.510192][    T1] usb usb19: Product: USB/IP Virtual Host Controller
[   18.511826][    T1] usb usb19: Manufacturer: Linux 5.17.0-rc7-g68453767131a-dirty vhci_hcd
[   18.513848][    T1] usb usb19: SerialNumber: vhci_hcd.8
[   18.516842][    T1] hub 19-0:1.0: USB hub found
[   18.518590][    T1] hub 19-0:1.0: 8 ports detected
[   18.526487][    T1] vhci_hcd vhci_hcd.9: USB/IP Virtual Host Controller
[   18.528884][    T1] vhci_hcd vhci_hcd.9: new USB bus registered, assigned bus number 20
[   18.531206][    T1] usb usb20: New USB device found, idVendor=1d6b, idProduct=0002, bcdDevice= 5.17
[   18.533203][    T1] usb usb20: New USB device strings: Mfr=3, Product=2, SerialNumber=1
[   18.534914][    T1] usb usb20: Product: USB/IP Virtual Host Controller
[   18.536323][    T1] usb usb20: Manufacturer: Linux 5.17.0-rc7-g68453767131a-dirty vhci_hcd
[   18.538583][    T1] usb usb20: SerialNumber: vhci_hcd.9
[   18.541075][    T1] hub 20-0:1.0: USB hub found
[   18.541944][    T1] hub 20-0:1.0: 8 ports detected
[   18.545072][    T1] vhci_hcd vhci_hcd.9: USB/IP Virtual Host Controller
[   18.546161][    T1] vhci_hcd vhci_hcd.9: new USB bus registered, assigned bus number 21
[   18.547277][    T1] usb usb21: We don't know the algorithms for LPM for this host, disabling LPM.
[   18.548670][    T1] usb usb21: New USB device found, idVendor=1d6b, idProduct=0003, bcdDevice= 5.17
[   18.549787][    T1] usb usb21: New USB device strings: Mfr=3, Product=2, SerialNumber=1
[   18.550778][    T1] usb usb21: Product: USB/IP Virtual Host Controller
[   18.551586][    T1] usb usb21: Manufacturer: Linux 5.17.0-rc7-g68453767131a-dirty vhci_hcd
[   18.552636][    T1] usb usb21: SerialNumber: vhci_hcd.9
[   18.554277][    T1] hub 21-0:1.0: USB hub found
[   18.554957][    T1] hub 21-0:1.0: 8 ports detected
[   18.559118][    T1] vhci_hcd vhci_hcd.10: USB/IP Virtual Host Controller
[   18.560300][    T1] vhci_hcd vhci_hcd.10: new USB bus registered, assigned bus number 22
[   18.561674][    T1] usb usb22: New USB device found, idVendor=1d6b, idProduct=0002, bcdDevice= 5.17
[   18.562790][    T1] usb usb22: New USB device strings: Mfr=3, Product=2, SerialNumber=1
[   18.563822][    T1] usb usb22: Product: USB/IP Virtual Host Controller
[   18.564634][    T1] usb usb22: Manufacturer: Linux 5.17.0-rc7-g68453767131a-dirty vhci_hcd
[   18.565657][    T1] usb usb22: SerialNumber: vhci_hcd.10
[   18.567352][    T1] hub 22-0:1.0: USB hub found
[   18.568061][    T1] hub 22-0:1.0: 8 ports detected
[   18.571211][    T1] vhci_hcd vhci_hcd.10: USB/IP Virtual Host Controller
[   18.572366][    T1] vhci_hcd vhci_hcd.10: new USB bus registered, assigned bus number 23
[   18.573501][    T1] usb usb23: We don't know the algorithms for LPM for this host, disabling LPM.
[   18.574856][    T1] usb usb23: New USB device found, idVendor=1d6b, idProduct=0003, bcdDevice= 5.17
[   18.575987][    T1] usb usb23: New USB device strings: Mfr=3, Product=2, SerialNumber=1
[   18.576970][    T1] usb usb23: Product: USB/IP Virtual Host Controller
[   18.577862][    T1] usb usb23: Manufacturer: Linux 5.17.0-rc7-g68453767131a-dirty vhci_hcd
[   18.578882][    T1] usb usb23: SerialNumber: vhci_hcd.10
[   18.580549][    T1] hub 23-0:1.0: USB hub found
[   18.581191][    T1] hub 23-0:1.0: 8 ports detected
[   18.585087][    T1] vhci_hcd vhci_hcd.11: USB/IP Virtual Host Controller
[   18.586279][    T1] vhci_hcd vhci_hcd.11: new USB bus registered, assigned bus number 24
[   18.587641][    T1] usb usb24: New USB device found, idVendor=1d6b, idProduct=0002, bcdDevice= 5.17
[   18.588801][    T1] usb usb24: New USB device strings: Mfr=3, Product=2, SerialNumber=1
[   18.589824][    T1] usb usb24: Product: USB/IP Virtual Host Controller
[   18.590635][    T1] usb usb24: Manufacturer: Linux 5.17.0-rc7-g68453767131a-dirty vhci_hcd
[   18.591677][    T1] usb usb24: SerialNumber: vhci_hcd.11
[   18.593370][    T1] hub 24-0:1.0: USB hub found
[   18.594045][    T1] hub 24-0:1.0: 8 ports detected
[   18.597183][    T1] vhci_hcd vhci_hcd.11: USB/IP Virtual Host Controller
[   18.598380][    T1] vhci_hcd vhci_hcd.11: new USB bus registered, assigned bus number 25
[   18.599512][    T1] usb usb25: We don't know the algorithms for LPM for this host, disabling LPM.
[   18.600906][    T1] usb usb25: New USB device found, idVendor=1d6b, idProduct=0003, bcdDevice= 5.17
[   18.602032][    T1] usb usb25: New USB device strings: Mfr=3, Product=2, SerialNumber=1
[   18.603020][    T1] usb usb25: Product: USB/IP Virtual Host Controller
[   18.603831][    T1] usb usb25: Manufacturer: Linux 5.17.0-rc7-g68453767131a-dirty vhci_hcd
[   18.604851][    T1] usb usb25: SerialNumber: vhci_hcd.11
[   18.606539][    T1] hub 25-0:1.0: USB hub found
[   18.607191][    T1] hub 25-0:1.0: 8 ports detected
[   18.611070][    T1] vhci_hcd vhci_hcd.12: USB/IP Virtual Host Controller
[   18.612191][    T1] vhci_hcd vhci_hcd.12: new USB bus registered, assigned bus number 26
[   18.613509][    T1] usb usb26: New USB device found, idVendor=1d6b, idProduct=0002, bcdDevice= 5.17
[   18.614623][    T1] usb usb26: New USB device strings: Mfr=3, Product=2, SerialNumber=1
[   18.615635][    T1] usb usb26: Product: USB/IP Virtual Host Controller
[   18.616452][    T1] usb usb26: Manufacturer: Linux 5.17.0-rc7-g68453767131a-dirty vhci_hcd
[   18.617490][    T1] usb usb26: SerialNumber: vhci_hcd.12
[   18.619220][    T1] hub 26-0:1.0: USB hub found
[   18.619873][    T1] hub 26-0:1.0: 8 ports detected
[   18.623090][    T1] vhci_hcd vhci_hcd.12: USB/IP Virtual Host Controller
[   18.624287][    T1] vhci_hcd vhci_hcd.12: new USB bus registered, assigned bus number 27
[   18.625417][    T1] usb usb27: We don't know the algorithms for LPM for this host, disabling LPM.
[   18.626818][    T1] usb usb27: New USB device found, idVendor=1d6b, idProduct=0003, bcdDevice= 5.17
[   18.627972][    T1] usb usb27: New USB device strings: Mfr=3, Product=2, SerialNumber=1
[   18.628965][    T1] usb usb27: Product: USB/IP Virtual Host Controller
[   18.629783][    T1] usb usb27: Manufacturer: Linux 5.17.0-rc7-g68453767131a-dirty vhci_hcd
[   18.630807][    T1] usb usb27: SerialNumber: vhci_hcd.12
[   18.632546][    T1] hub 27-0:1.0: USB hub found
[   18.633189][    T1] hub 27-0:1.0: 8 ports detected
[   18.637020][    T1] vhci_hcd vhci_hcd.13: USB/IP Virtual Host Controller
[   18.638252][    T1] vhci_hcd vhci_hcd.13: new USB bus registered, assigned bus number 28
[   18.639612][    T1] usb usb28: New USB device found, idVendor=1d6b, idProduct=0002, bcdDevice= 5.17
[   18.640753][    T1] usb usb28: New USB device strings: Mfr=3, Product=2, SerialNumber=1
[   18.641775][    T1] usb usb28: Product: USB/IP Virtual Host Controller
[   18.642582][    T1] usb usb28: Manufacturer: Linux 5.17.0-rc7-g68453767131a-dirty vhci_hcd
[   18.643596][    T1] usb usb28: SerialNumber: vhci_hcd.13
[   18.645283][    T1] hub 28-0:1.0: USB hub found
[   18.645926][    T1] hub 28-0:1.0: 8 ports detected
[   18.649330][    T1] vhci_hcd vhci_hcd.13: USB/IP Virtual Host Controller
[   18.650491][    T1] vhci_hcd vhci_hcd.13: new USB bus registered, assigned bus number 29
[   18.651668][    T1] usb usb29: We don't know the algorithms for LPM for this host, disabling LPM.
[   18.653026][    T1] usb usb29: New USB device found, idVendor=1d6b, idProduct=0003, bcdDevice= 5.17
[   18.654139][    T1] usb usb29: New USB device strings: Mfr=3, Product=2, SerialNumber=1
[   18.655114][    T1] usb usb29: Product: USB/IP Virtual Host Controller
[   18.655923][    T1] usb usb29: Manufacturer: Linux 5.17.0-rc7-g68453767131a-dirty vhci_hcd
[   18.656936][    T1] usb usb29: SerialNumber: vhci_hcd.13
[   18.658634][    T1] hub 29-0:1.0: USB hub found
[   18.659276][    T1] hub 29-0:1.0: 8 ports detected
[   18.663287][    T1] vhci_hcd vhci_hcd.14: USB/IP Virtual Host Controller
[   18.664527][    T1] vhci_hcd vhci_hcd.14: new USB bus registered, assigned bus number 30
[   18.665852][    T1] usb usb30: New USB device found, idVendor=1d6b, idProduct=0002, bcdDevice= 5.17
[   18.666976][    T1] usb usb30: New USB device strings: Mfr=3, Product=2, SerialNumber=1
[   18.668008][    T1] usb usb30: Product: USB/IP Virtual Host Controller
[   18.668820][    T1] usb usb30: Manufacturer: Linux 5.17.0-rc7-g68453767131a-dirty vhci_hcd
[   18.669847][    T1] usb usb30: SerialNumber: vhci_hcd.14
[   18.671567][    T1] hub 30-0:1.0: USB hub found
[   18.672296][    T1] hub 30-0:1.0: 8 ports detected
[   18.675552][    T1] vhci_hcd vhci_hcd.14: USB/IP Virtual Host Controller
[   18.676756][    T1] vhci_hcd vhci_hcd.14: new USB bus registered, assigned bus number 31
[   18.677919][    T1] usb usb31: We don't know the algorithms for LPM for this host, disabling LPM.
[   18.679336][    T1] usb usb31: New USB device found, idVendor=1d6b, idProduct=0003, bcdDevice= 5.17
[   18.680470][    T1] usb usb31: New USB device strings: Mfr=3, Product=2, SerialNumber=1
[   18.681492][    T1] usb usb31: Product: USB/IP Virtual Host Controller
[   18.682306][    T1] usb usb31: Manufacturer: Linux 5.17.0-rc7-g68453767131a-dirty vhci_hcd
[   18.683349][    T1] usb usb31: SerialNumber: vhci_hcd.14
[   18.685020][    T1] hub 31-0:1.0: USB hub found
[   18.685864][    T1] hub 31-0:1.0: 8 ports detected
[   18.689745][    T1] vhci_hcd vhci_hcd.15: USB/IP Virtual Host Controller
[   18.690929][    T1] vhci_hcd vhci_hcd.15: new USB bus registered, assigned bus number 32
[   18.692268][    T1] usb usb32: New USB device found, idVendor=1d6b, idProduct=0002, bcdDevice= 5.17
[   18.693389][    T1] usb usb32: New USB device strings: Mfr=3, Product=2, SerialNumber=1
[   18.694379][    T1] usb usb32: Product: USB/IP Virtual Host Controller
[   18.695188][    T1] usb usb32: Manufacturer: Linux 5.17.0-rc7-g68453767131a-dirty vhci_hcd
[   18.696210][    T1] usb usb32: SerialNumber: vhci_hcd.15
[   18.697972][    T1] hub 32-0:1.0: USB hub found
[   18.698611][    T1] hub 32-0:1.0: 8 ports detected
[   18.701732][    T1] vhci_hcd vhci_hcd.15: USB/IP Virtual Host Controller
[   18.702932][    T1] vhci_hcd vhci_hcd.15: new USB bus registered, assigned bus number 33
[   18.704073][    T1] usb usb33: We don't know the algorithms for LPM for this host, disabling LPM.
[   18.705476][    T1] usb usb33: New USB device found, idVendor=1d6b, idProduct=0003, bcdDevice= 5.17
[   18.706588][    T1] usb usb33: New USB device strings: Mfr=3, Product=2, SerialNumber=1
[   18.707569][    T1] usb usb33: Product: USB/IP Virtual Host Controller
[   18.708451][    T1] usb usb33: Manufacturer: Linux 5.17.0-rc7-g68453767131a-dirty vhci_hcd
[   18.709468][    T1] usb usb33: SerialNumber: vhci_hcd.15
[   18.711217][    T1] hub 33-0:1.0: USB hub found
[   18.711865][    T1] hub 33-0:1.0: 8 ports detected
[   18.716035][    T1] usbcore: registered new device driver usbip-host
[   18.717953][    T1] i8042: PNP: PS/2 Controller [PNP0303:KBD,PNP0f13:MOU] at 0x60,0x64 irq 1,12
[   18.720094][    T1] serio: i8042 KBD port at 0x60,0x64 irq 1
[   18.721415][    T1] serio: i8042 AUX port at 0x60,0x64 irq 12
[   18.724788][    T1] mousedev: PS/2 mouse device common for all mice
[   18.726879][    T1] usbcore: registered new interface driver appletouch
[   18.728718][   T39] input: AT Translated Set 2 keyboard as /devices/platform/i8042/serio0/input/input1
[   18.729644][    T1] usbcore: registered new interface driver bcm5974
[   18.732221][    T1] usbcore: registered new interface driver synaptics_usb
[   18.734564][    T1] usbcore: registered new interface driver iforce
[   18.736860][    T1] usbcore: registered new interface driver xpad
[   18.739947][    T1] usbcore: registered new interface driver usb_acecad
[   18.740895][    T1] usbcore: registered new interface driver aiptek
[   18.741820][    T1] usbcore: registered new interface driver hanwang
[   18.742719][    T1] usbcore: registered new interface driver kbtab
[   18.743600][    T1] usbcore: registered new interface driver pegasus_notetaker
[   18.744702][    T1] usbcore: registered new interface driver usbtouchscreen
[   18.745700][    T1] usbcore: registered new interface driver sur40
[   18.746628][    T1] usbcore: registered new interface driver ati_remote2
[   18.747453][    T1] cm109: Keymap for Komunikate KIP1000 phone loaded
[   18.749290][    T1] usbcore: registered new interface driver cm109
[   18.750057][    T1] cm109: CM109 phone driver: 20080805 (C) Alfred E. Heggestad
[   18.751062][    T1] usbcore: registered new interface driver ims_pcu
[   18.751979][    T1] usbcore: registered new interface driver keyspan_remote
[   18.752945][    T1] usbcore: registered new interface driver powermate
[   18.754079][    T1] usbcore: registered new interface driver yealink
[   18.755382][    T1] rtc_cmos 00:05: RTC can wake from S4
[   18.758811][    T1] rtc_cmos 00:05: registered as rtc0
[   18.759450][    T1] rtc_cmos 00:05: alarms up to one day, y3k, 242 bytes nvram, hpet irqs
[   18.760663][    T1] i2c_dev: i2c /dev entries driver
[   18.761572][    T1] usbcore: registered new interface driver i2c-diolan-u2c
[   18.762605][    T1] usbcore: registered new interface driver RobotFuzz Open Source InterFace, OSIF
[   18.763820][    T1] usbcore: registered new interface driver i2c-tiny-usb
[   18.765321][    T1] usbcore: registered new interface driver ati_remote
[   18.769522][    T1] usbcore: registered new interface driver imon
[   18.770508][    T1] usbcore: registered new interface driver mceusb
[   18.771410][    T1] usbcore: registered new interface driver redrat3
[   18.772378][    T1] usbcore: registered new interface driver streamzap
[   18.773331][    T1] usbcore: registered new interface driver igorplugusb
[   18.774267][    T1] usbcore: registered new interface driver iguanair
[   18.775208][    T1] usbcore: registered new interface driver ttusbir
[   18.776160][    T1] b2c2-flexcop: B2C2 FlexcopII/II(b)/III digital TV receiver chip loaded successfully
[   18.777523][    T1] usbcore: registered new interface driver ttusb-dec
[   18.778490][    T1] usbcore: registered new interface driver ttusb
[   18.779387][    T1] usbcore: registered new interface driver dvb_usb_vp7045
[   18.780383][    T1] usbcore: registered new interface driver dvb_usb_vp702x
[   18.781365][    T1] usbcore: registered new interface driver dvb_usb_gp8psk
[   18.782358][    T1] usbcore: registered new interface driver dvb_usb_dtt200u
[   18.783345][    T1] usbcore: registered new interface driver dvb_usb_a800
[   18.784365][    T1] usbcore: registered new interface driver dvb_usb_dibusb_mb
[   18.785390][    T1] usbcore: registered new interface driver dvb_usb_dibusb_mc
[   18.786396][    T1] usbcore: registered new interface driver dvb_usb_nova_t_usb2
[   18.787437][    T1] usbcore: registered new interface driver dvb_usb_umt_010
[   18.789028][    T1] usbcore: registered new interface driver dvb_usb_m920x
[   18.790006][    T1] usbcore: registered new interface driver dvb_usb_digitv
[   18.791012][    T1] usbcore: registered new interface driver dvb_usb_cxusb
[   18.791993][    T1] usbcore: registered new interface driver dvb_usb_ttusb2
[   18.793082][    T1] usbcore: registered new interface driver dvb_usb_dib0700
[   18.794086][    T1] usbcore: registered new interface driver opera1
[   18.794998][    T1] usbcore: registered new interface driver dvb_usb_af9005
[   18.796010][    T1] usbcore: registered new interface driver pctv452e
[   18.797004][    T1] usbcore: registered new interface driver dw2102
[   18.797936][    T1] usbcore: registered new interface driver dvb_usb_dtv5100
[   18.798930][    T1] usbcore: registered new interface driver cinergyT2
[   18.799913][    T1] usbcore: registered new interface driver dvb_usb_az6027
[   18.800892][    T1] usbcore: registered new interface driver dvb_usb_technisat_usb2
[   18.802011][    T1] usbcore: registered new interface driver dvb_usb_af9015
[   18.803066][    T1] usbcore: registered new interface driver dvb_usb_af9035
[   18.804056][    T1] usbcore: registered new interface driver dvb_usb_anysee
[   18.805052][    T1] usbcore: registered new interface driver dvb_usb_au6610
[   18.806035][    T1] usbcore: registered new interface driver dvb_usb_az6007
[   18.807051][    T1] usbcore: registered new interface driver dvb_usb_ce6230
[   18.808050][    T1] usbcore: registered new interface driver dvb_usb_ec168
[   18.809304][    T1] usbcore: registered new interface driver dvb_usb_lmedm04
[   18.810301][    T1] usbcore: registered new interface driver dvb_usb_gl861
[   18.811311][    T1] usbcore: registered new interface driver dvb_usb_mxl111sf
[   18.812354][    T1] usbcore: registered new interface driver dvb_usb_rtl28xxu
[   18.813375][    T1] usbcore: registered new interface driver dvb_usb_dvbsky
[   18.814358][    T1] usbcore: registered new interface driver zd1301
[   18.815297][    T1] usbcore: registered new interface driver smsusb
[   18.816237][    T1] usbcore: registered new interface driver b2c2_flexcop_usb
[   18.817270][    T1] usbcore: registered new interface driver zr364xx
[   18.818235][    T1] usbcore: registered new interface driver stkwebcam
[   18.819168][    T1] usbcore: registered new interface driver s2255
[   18.820362][    T1] usbcore: registered new interface driver uvcvideo
[   18.821165][    T1] gspca_main: v2.14.0 registered
[   18.821861][    T1] usbcore: registered new interface driver benq
[   18.822721][    T1] usbcore: registered new interface driver conex
[   18.823595][    T1] usbcore: registered new interface driver cpia1
[   18.824469][    T1] usbcore: registered new interface driver dtcs033
[   18.825360][    T1] usbcore: registered new interface driver etoms
[   18.826266][    T1] usbcore: registered new interface driver finepix
[   18.827157][    T1] usbcore: registered new interface driver jeilinj
[   18.828068][    T1] usbcore: registered new interface driver jl2005bcd
[   18.829038][    T1] usbcore: registered new interface driver kinect
[   18.829933][    T1] usbcore: registered new interface driver konica
[   18.830856][    T1] usbcore: registered new interface driver mars
[   18.831745][    T1] usbcore: registered new interface driver mr97310a
[   18.832684][    T1] usbcore: registered new interface driver nw80x
[   18.833642][    T1] usbcore: registered new interface driver ov519
[   18.834512][    T1] usbcore: registered new interface driver ov534
[   18.835410][    T1] usbcore: registered new interface driver ov534_9
[   18.836341][    T1] usbcore: registered new interface driver pac207
[   18.837279][    T1] usbcore: registered new interface driver gspca_pac7302
[   18.838252][    T1] usbcore: registered new interface driver pac7311
[   18.839185][    T1] usbcore: registered new interface driver se401
[   18.840073][    T1] usbcore: registered new interface driver sn9c2028
[   18.841023][    T1] usbcore: registered new interface driver gspca_sn9c20x
[   18.842006][    T1] usbcore: registered new interface driver sonixb
[   18.842929][    T1] usbcore: registered new interface driver sonixj
[   18.843843][    T1] usbcore: registered new interface driver spca500
[   18.844742][    T1] usbcore: registered new interface driver spca501
[   18.845626][    T1] usbcore: registered new interface driver spca505
[   18.846519][    T1] usbcore: registered new interface driver spca506
[   18.847422][    T1] usbcore: registered new interface driver spca508
[   18.848449][    T1] usbcore: registered new interface driver spca561
[   18.849341][    T1] usbcore: registered new interface driver spca1528
[   18.850245][    T1] usbcore: registered new interface driver sq905
[   18.851121][    T1] usbcore: registered new interface driver sq905c
[   18.852014][    T1] usbcore: registered new interface driver sq930x
[   18.852970][    T1] usbcore: registered new interface driver sunplus
[   18.853852][    T1] usbcore: registered new interface driver stk014
[   18.854965][    T1] usbcore: registered new interface driver stk1135
[   18.855864][    T1] usbcore: registered new interface driver stv0680
[   18.856762][    T1] usbcore: registered new interface driver t613
[   18.857645][    T1] usbcore: registered new interface driver gspca_topro
[   18.858601][    T1] usbcore: registered new interface driver touptek
[   18.859531][    T1] usbcore: registered new interface driver tv8532
[   18.860432][    T1] usbcore: registered new interface driver vc032x
[   18.861307][    T1] usbcore: registered new interface driver vicam
[   18.862241][    T1] usbcore: registered new interface driver xirlink-cit
[   18.863279][    T1] usbcore: registered new interface driver gspca_zc3xx
[   18.864243][    T1] usbcore: registered new interface driver ALi m5602
[   18.865215][    T1] usbcore: registered new interface driver STV06xx
[   18.866131][    T1] usbcore: registered new interface driver gspca_gl860
[   18.867150][    T1] usbcore: registered new interface driver Philips webcam
[   18.868147][    T1] usbcore: registered new interface driver airspy
[   18.869047][    T1] usbcore: registered new interface driver hackrf
[   18.869992][    T1] usbcore: registered new interface driver msi2500
[   18.870787][    T1] cpia2: V4L-Driver for Vision CPiA2 based cameras v3.0.1
[   18.871799][    T1] usbcore: registered new interface driver cpia2
[   18.872596][    T1] au0828: au0828 driver loaded
[   18.873358][    T1] usbcore: registered new interface driver au0828
[   18.874263][    T1] usbcore: registered new interface driver hdpvr
[   18.875420][    T1] usbcore: registered new interface driver pvrusb2
[   18.876243][    T1] pvrusb2: V4L in-tree version:Hauppauge WinTV-PVR-USB2 MPEG2 Encoder/Tuner
[   18.877291][    T1] pvrusb2: Debug mask is 31 (0x1f)
[   18.878469][    T1] usbcore: registered new interface driver stk1160
[   18.879426][    T1] usbcore: registered new interface driver cx231xx
[   18.880411][    T1] usbcore: registered new interface driver tm6000
[   18.881455][    T1] usbcore: registered new interface driver em28xx
[   18.882245][    T1] em28xx: Registered (Em28xx v4l2 Extension) extension
[   18.883069][    T1] em28xx: Registered (Em28xx Audio Extension) extension
[   18.883915][    T1] em28xx: Registered (Em28xx dvb Extension) extension
[   18.884731][    T1] em28xx: Registered (Em28xx Input Extension) extension
[   18.885686][    T1] usbcore: registered new interface driver usbtv
[   18.886601][    T1] usbcore: registered new interface driver go7007
[   18.887497][    T1] usbcore: registered new interface driver go7007-loader
[   18.888659][    T1] usbcore: registered new interface driver Abilis Systems as10x usb driver
[   18.895955][    T1] vivid-000: using single planar format API
[   18.901969][    T1] vivid-000: CEC adapter cec0 registered for HDMI input 0
[   18.903142][    T1] vivid-000: V4L2 capture device registered as video3
[   18.904220][    T1] vivid-000: CEC adapter cec1 registered for HDMI output 0
[   18.905335][    T1] vivid-000: V4L2 output device registered as video4
[   18.906379][    T1] vivid-000: V4L2 capture device registered as vbi0, supports raw and sliced VBI
[   18.907863][    T1] vivid-000: V4L2 output device registered as vbi1, supports raw and sliced VBI
[   18.909201][    T1] vivid-000: V4L2 capture device registered as swradio0
[   18.910276][    T1] vivid-000: V4L2 receiver device registered as radio0
[   18.911335][    T1] vivid-000: V4L2 transmitter device registered as radio1
[   18.912434][    T1] vivid-000: V4L2 metadata capture device registered as video5
[   18.913577][    T1] vivid-000: V4L2 metadata output device registered as video6
[   18.914721][    T1] vivid-000: V4L2 touch capture device registered as v4l-touch0
[   18.916453][    T1] vim2m vim2m.0: Device registered as /dev/video0
[   18.920567][    T1] vicodec vicodec.0: Device 'stateful-encoder' registered as /dev/video8
[   18.921891][    T1] vicodec vicodec.0: Device 'stateful-decoder' registered as /dev/video9
[   18.923192][    T1] vicodec vicodec.0: Device 'stateless-decoder' registered as /dev/video10
[   18.925848][    T1] dvbdev: DVB: registering new adapter (dvb_vidtv_bridge)
[   18.928238][    T1] i2c i2c-0: DVB: registering adapter 0 frontend 0 (Dummy demod for DVB-T/T2/C/S/S2)...
[   18.929575][    T1] dvbdev: dvb_create_media_entity: media entity 'Dummy demod for DVB-T/T2/C/S/S2' registered.
[   18.933249][    T1] dvbdev: dvb_create_media_entity: media entity 'dvb-demux' registered.
[   18.936007][    T1] vidtv vidtv.0: Successfully initialized vidtv!
[   18.937165][    T1] usbcore: registered new interface driver radioshark
[   18.939112][    T1] usbcore: registered new interface driver radioshark2
[   18.940076][    T1] usbcore: registered new interface driver dsbr100
[   18.940995][    T1] usbcore: registered new interface driver radio-si470x
[   18.942008][    T1] usbcore: registered new interface driver radio-usb-si4713
[   18.943016][    T1] usbcore: registered new interface driver radio-mr800
[   18.943966][    T1] usbcore: registered new interface driver radio-keene
[   18.944921][    T1] usbcore: registered new interface driver radio-ma901
[   18.945872][    T1] usbcore: registered new interface driver radio-raremono
[   18.947275][    T1] usbcore: registered new interface driver pcwd_usb
[   18.949517][    T1] device-mapper: core: CONFIG_IMA_DISABLE_HTABLE is disabled. Duplicate IMA measurements will not be recorded in the IMA log.
[   18.951274][    T1] device-mapper: uevent: version 1.0.3
[   18.952589][    T1] device-mapper: ioctl: 4.45.0-ioctl (2021-03-22) initialised: dm-devel@redhat.com
[   18.954648][    T1] device-mapper: multipath round-robin: version 1.2.0 loaded
[   18.955559][    T1] device-mapper: multipath queue-length: version 0.2.0 loaded
[   18.956486][    T1] device-mapper: multipath service-time: version 0.3.0 loaded
[   18.957772][    T1] device-mapper: raid: Loading target version 1.15.1
[   18.959471][    T1] Bluetooth: HCI UART driver ver 2.3
[   18.960128][    T1] Bluetooth: HCI UART protocol H4 registered
[   18.960842][    T1] Bluetooth: HCI UART protocol BCSP registered
[   18.961676][    T1] Bluetooth: HCI UART protocol LL registered
[   18.962666][    T1] Bluetooth: HCI UART protocol Three-wire (H5) registered
[   18.963569][    T1] Bluetooth: HCI UART protocol QCA registered
[   18.964336][    T1] Bluetooth: HCI UART protocol AG6XX registered
[   18.965152][    T1] Bluetooth: HCI UART protocol Marvell registered
[   18.966063][    T1] usbcore: registered new interface driver bcm203x
[   18.966971][    T1] usbcore: registered new interface driver bpa10x
[   18.967942][    T1] usbcore: registered new interface driver bfusb
[   18.968883][    T1] usbcore: registered new interface driver btusb
[   18.969847][    T1] usbcore: registered new interface driver ath3k
[   18.970946][    T1] CAPI 2.0 started up with major 68 (middleware)
[   18.971711][    T1] Modular ISDN core version 1.1.29
[   18.972584][    T1] NET: Registered PF_ISDN protocol family
[   18.973277][    T1] DSP module 2.0
[   18.973709][    T1] mISDN_dsp: DSP clocks every 80 samples. This equals 1 jiffies.
[   18.984730][    T1] mISDN: Layer-1-over-IP driver Rev. 2.00
[   18.985931][    T1] 0 virtual devices registered
[   18.986671][    T1] usbcore: registered new interface driver HFC-S_USB
[   18.987511][    T1] VUB300 Driver rom wait states = 1C irqpoll timeout = 0400
[   18.988633][    T1] usbcore: registered new interface driver vub300
[   18.990443][    T1] usbcore: registered new interface driver ushc
[   18.993956][    T1] iscsi: registered transport (iser)
[   18.995379][    T1] SoftiWARP attached
[   18.996125][    T1] Driver 'memconsole' was unable to register with bus_type 'coreboot' because the bus was not initialized.
[   18.997484][    T1] Driver 'vpd' was unable to register with bus_type 'coreboot' because the bus was not initialized.
[   19.003068][    T1] hid: raw HID events driver (C) Jiri Kosina
[   19.012697][    T1] usbcore: registered new interface driver usbhid
[   19.013483][    T1] usbhid: USB HID core driver
[   19.020546][    T1] usbcore: registered new interface driver es2_ap_driver
[   19.021405][    T1] comedi: version 0.7.76 - http://www.comedi.org
[   19.022347][    T1] usbcore: registered new interface driver dt9812
[   19.023249][    T1] usbcore: registered new interface driver ni6501
[   19.024157][    T1] usbcore: registered new interface driver usbdux
[   19.025024][    T1] usbcore: registered new interface driver usbduxfast
[   19.025964][    T1] usbcore: registered new interface driver usbduxsigma
[   19.026897][    T1] usbcore: registered new interface driver vmk80xx
[   19.028443][    T1] usbcore: registered new interface driver prism2_usb
[   19.029465][    T1] usbcore: registered new interface driver r8712u
[   19.030963][    T1] ashmem: initialized
[   19.031499][    T1] greybus: registered new driver hid
[   19.032631][    T1] greybus: registered new driver gbphy
[   19.033344][    T1] gb_gbphy: registered new driver usb
[   19.033979][    T1] asus_wmi: ASUS WMI generic driver loaded
[   19.061822][    T1] usbcore: registered new interface driver snd-usb-audio
[   19.062841][    T1] usbcore: registered new interface driver snd-ua101
[   19.063775][    T1] usbcore: registered new interface driver snd-usb-usx2y
[   19.064742][    T1] usbcore: registered new interface driver snd-usb-us122l
[   19.065738][    T1] usbcore: registered new interface driver snd-usb-caiaq
[   19.066704][    T1] usbcore: registered new interface driver snd-usb-6fire
[   19.067692][    T1] usbcore: registered new interface driver snd-usb-hiface
[   19.072128][    T1] usbcore: registered new interface driver snd-bcd2000
[   19.073108][    T1] usbcore: registered new interface driver snd_usb_pod
[   19.074037][    T1] usbcore: registered new interface driver snd_usb_podhd
[   19.074983][    T1] usbcore: registered new interface driver snd_usb_toneport
[   19.075955][    T1] usbcore: registered new interface driver snd_usb_variax
[   19.076914][    T1] drop_monitor: Initializing network drop monitor service
[   19.080278][    T1] NET: Registered PF_LLC protocol family
[   19.081050][    T1] GACT probability on
[   19.081537][    T1] Mirror/redirect action on
[   19.082168][    T1] Simple TC action Loaded
[   19.083956][    T1] netem: version 1.3
[   19.084635][    T1] u32 classifier
[   19.085062][    T1]     Performance counters on
[   19.085610][    T1]     input device check on
[   19.086143][    T1]     Actions configured
[   19.089971][    T1] xt_time: kernel timezone is -0000
[   19.090744][    T1] IPVS: Registered protocols (TCP, UDP, SCTP, AH, ESP)
[   19.091775][    T1] IPVS: Connection hash table configured (size=4096, memory=64Kbytes)
[   19.093017][    T1] IPVS: ipvs loaded.
[   19.093494][    T1] IPVS: [rr] scheduler registered.
[   19.094101][    T1] IPVS: [wrr] scheduler registered.
[   19.094712][    T1] IPVS: [lc] scheduler registered.
[   19.095311][    T1] IPVS: [wlc] scheduler registered.
[   19.095929][    T1] IPVS: [fo] scheduler registered.
[   19.096534][    T1] IPVS: [ovf] scheduler registered.
[   19.097157][    T1] IPVS: [lblc] scheduler registered.
[   19.097822][    T1] IPVS: [lblcr] scheduler registered.
[   19.098456][    T1] IPVS: [dh] scheduler registered.
[   19.099059][    T1] IPVS: [sh] scheduler registered.
[   19.099656][    T1] IPVS: [mh] scheduler registered.
[   19.100266][    T1] IPVS: [sed] scheduler registered.
[   19.100880][    T1] IPVS: [nq] scheduler registered.
[   19.101481][    T1] IPVS: [twos] scheduler registered.
[   19.102159][    T1] IPVS: [sip] pe registered.
[   19.102781][    T1] ipip: IPv4 and MPLS over IPv4 tunneling driver
[   19.104445][    T1] gre: GRE over IPv4 demultiplexor driver
[   19.105133][    T1] ip_gre: GRE over IPv4 tunneling driver
[   19.108300][    T1] IPv4 over IPsec tunneling driver
[   19.109899][    T1] ipt_CLUSTERIP: ClusterIP Version 0.8 loaded successfully
[   19.110826][    T1] Initializing XFRM netlink socket
[   19.111495][    T1] IPsec XFRM device driver
[   19.113227][    T1] NET: Registered PF_INET6 protocol family
[   19.119814][    T1] Segment Routing with IPv6
[   19.120411][    T1] RPL Segment Routing with IPv6
[   19.121041][    T1] In-situ OAM (IOAM) with IPv6
[   19.121890][    T1] mip6: Mobile IPv6
[   19.124031][    T1] sit: IPv6, IPv4 and MPLS over IPv4 tunneling driver
[   19.127096][    T1] ip6_gre: GRE over IPv6 tunneling driver
[   19.129772][    T1] NET: Registered PF_PACKET protocol family
[   19.130583][    T1] NET: Registered PF_KEY protocol family
[   19.131594][    T1] Bridge firewalling registered
[   19.132529][    T1] NET: Registered PF_X25 protocol family
[   19.133308][    T1] X25: Linux Version 0.2
[   19.136701][    T1] NET: Registered PF_NETROM protocol family
[   19.144970][    T1] NET: Registered PF_ROSE protocol family
[   19.145717][    T1] NET: Registered PF_AX25 protocol family
[   19.146417][    T1] can: controller area network core
[   19.147259][    T1] NET: Registered PF_CAN protocol family
[   19.148354][    T1] can: raw protocol
[   19.148830][    T1] can: broadcast manager protocol
[   19.149690][    T1] can: netlink gateway - max_hops=1
[   19.150486][    T1] can: SAE J1939
[   19.150911][    T1] can: isotp protocol
