bash: warning: setlocale: LC_ALL: cannot change locale (en_US.UTF-8)
c[?7l[2J[0mSeaBIOS (version 1.16.2-debian-1.16.2-1)
Booting from ROM..c[?7l[2J[0m.early console in extract_kernel
input_data: 0x000000000c2542bf
input_len: 0x00000000047acd64
output: 0x0000000001000000
output_len: 0x000000000e4f3ad8
kernel_total_size: 0x000000000fa26000
needed_size: 0x000000000fc00000
trampoline_32bit: 0x000000000009d000

Decompressing Linux... Parsing ELF... done.
Booting the kernel.
[    0.000000][    T0] Linux version 5.17.0-rc7-ge418c64aa4e3-dirty (root@buildkitsandbox) (gcc (Debian 12.2.0-14+deb12u1) 12.2.0, GNU ld (GNU Binutils for Debian) 2.40) #2 SMP PREEMPT Tue May 26 00:01:55 UTC 2026
[    0.000000][    T0] Command line: console=ttyS0 oops=panic panic=86400 nokaslr earlyprintk=serial rdinit=/init
[    0.000000][    T0] KERNEL supported cpus:
[    0.000000][    T0]   Intel GenuineIntel
[    0.000000][    T0]   AMD AuthenticAMD
[    0.000000][    T0] x86/fpu: Supporting XSAVE feature 0x001: 'x87 floating point registers'
[    0.000000][    T0] x86/fpu: Supporting XSAVE feature 0x002: 'SSE registers'
[    0.000000][    T0] x86/fpu: Supporting XSAVE feature 0x004: 'AVX registers'
[    0.000000][    T0] x86/fpu: xstate_offset[2]:  576, xstate_sizes[2]:  256
[    0.000000][    T0] x86/fpu: Enabled xstate features 0x7, context size is 832 bytes, using 'compacted' format.
[    0.000000][    T0] signal: max sigframe size: 1776
[    0.000000][    T0] BIOS-provided physical RAM map:
[    0.000000][    T0] BIOS-e820: [mem 0x0000000000000000-0x000000000009fbff] usable
[    0.000000][    T0] BIOS-e820: [mem 0x000000000009fc00-0x000000000009ffff] reserved
[    0.000000][    T0] BIOS-e820: [mem 0x00000000000f0000-0x00000000000fffff] reserved
[    0.000000][    T0] BIOS-e820: [mem 0x0000000000100000-0x000000007ffdffff] usable
[    0.000000][    T0] BIOS-e820: [mem 0x000000007ffe0000-0x000000007fffffff] reserved
[    0.000000][    T0] BIOS-e820: [mem 0x00000000feffc000-0x00000000feffffff] reserved
[    0.000000][    T0] BIOS-e820: [mem 0x00000000fffc0000-0x00000000ffffffff] reserved
[    0.000000][    T0] BIOS-e820: [mem 0x000000fd00000000-0x000000ffffffffff] reserved
[    0.000000][    T0] printk: bootconsole [earlyser0] enabled
[    0.000000][    T0] NX (Execute Disable) protection: active
[    0.000000][    T0] SMBIOS 2.8 present.
[    0.000000][    T0] DMI: QEMU Standard PC (i440FX + PIIX, 1996), BIOS 1.16.2-debian-1.16.2-1 04/01/2014
[    0.000000][    T0] Hypervisor detected: KVM
[    0.000000][    T0] kvm-clock: Using msrs 4b564d01 and 4b564d00
[    0.000003][    T0] kvm-clock: using sched offset of 881700745 cycles
[    0.000690][    T0] clocksource: kvm-clock: mask: 0xffffffffffffffff max_cycles: 0x1cd42e4dffb, max_idle_ns: 881590591483 ns
[    0.002756][    T0] tsc: Detected 3493.436 MHz processor
[    0.007711][    T0] last_pfn = 0x7ffe0 max_arch_pfn = 0x400000000
[    0.008482][    T0] x86/PAT: Configuration [0-7]: WB  WC  UC- UC  WB  WP  UC- WT  
[    0.012514][    T0] found SMP MP-table at [mem 0x000f5ba0-0x000f5baf]
[    0.013316][    T0] Using GB pages for direct mapping
[    0.014686][    T0] RAMDISK: [mem 0x7fe8c000-0x7ffdffff]
[    0.015315][    T0] ACPI: Early table checksum verification disabled
[    0.016062][    T0] ACPI: RSDP 0x00000000000F59D0 000014 (v00 BOCHS )
[    0.016822][    T0] ACPI: RSDT 0x000000007FFE1B33 000034 (v01 BOCHS  BXPC     00000001 BXPC 00000001)
[    0.017916][    T0] ACPI: FACP 0x000000007FFE19DF 000074 (v01 BOCHS  BXPC     00000001 BXPC 00000001)
[    0.019011][    T0] ACPI: DSDT 0x000000007FFE0040 00199F (v01 BOCHS  BXPC     00000001 BXPC 00000001)
[    0.020104][    T0] ACPI: FACS 0x000000007FFE0000 000040
[    0.020729][    T0] ACPI: APIC 0x000000007FFE1A53 000080 (v01 BOCHS  BXPC     00000001 BXPC 00000001)
[    0.021823][    T0] ACPI: HPET 0x000000007FFE1AD3 000038 (v01 BOCHS  BXPC     00000001 BXPC 00000001)
[    0.022905][    T0] ACPI: WAET 0x000000007FFE1B0B 000028 (v01 BOCHS  BXPC     00000001 BXPC 00000001)
[    0.023986][    T0] ACPI: Reserving FACP table memory at [mem 0x7ffe19df-0x7ffe1a52]
[    0.024887][    T0] ACPI: Reserving DSDT table memory at [mem 0x7ffe0040-0x7ffe19de]
[    0.025793][    T0] ACPI: Reserving FACS table memory at [mem 0x7ffe0000-0x7ffe003f]
[    0.026697][    T0] ACPI: Reserving APIC table memory at [mem 0x7ffe1a53-0x7ffe1ad2]
[    0.027597][    T0] ACPI: Reserving HPET table memory at [mem 0x7ffe1ad3-0x7ffe1b0a]
[    0.028499][    T0] ACPI: Reserving WAET table memory at [mem 0x7ffe1b0b-0x7ffe1b32]
[    0.030169][    T0] No NUMA configuration found
[    0.030699][    T0] Faking a node at [mem 0x0000000000000000-0x000000007ffdffff]
[    0.031566][    T0] NODE_DATA(0) allocated [mem 0x7fe86000-0x7fe8bfff]
[    0.035956][    T0] Zone ranges:
[    0.036367][    T0]   DMA      [mem 0x0000000000001000-0x0000000000ffffff]
[    0.037186][    T0]   DMA32    [mem 0x0000000001000000-0x000000007ffdffff]
[    0.037994][    T0]   Normal   empty
[    0.038413][    T0]   Device   empty
[    0.038837][    T0] Movable zone start for each node
[    0.039429][    T0] Early memory node ranges
[    0.039929][    T0]   node   0: [mem 0x0000000000001000-0x000000000009efff]
[    0.040743][    T0]   node   0: [mem 0x0000000000100000-0x000000007ffdffff]
[    0.041563][    T0] Initmem setup node 0 [mem 0x0000000000001000-0x000000007ffdffff]
[    0.042477][    T0] On node 0, zone DMA: 1 pages in unavailable ranges
[    0.042573][    T0] On node 0, zone DMA: 97 pages in unavailable ranges
[    0.054838][    T0] On node 0, zone DMA32: 32 pages in unavailable ranges
[    0.089968][    T0] kasan: KernelAddressSanitizer initialized
[    0.091725][    T0] ACPI: PM-Timer IO Port: 0x608
[    0.092285][    T0] ACPI: LAPIC_NMI (acpi_id[0xff] dfl dfl lint[0x1])
[    0.093089][    T0] IOAPIC[0]: apic_id 0, version 17, address 0xfec00000, GSI 0-23
[    0.093984][    T0] ACPI: INT_SRC_OVR (bus 0 bus_irq 0 global_irq 2 dfl dfl)
[    0.094810][    T0] ACPI: INT_SRC_OVR (bus 0 bus_irq 5 global_irq 5 high level)
[    0.095664][    T0] ACPI: INT_SRC_OVR (bus 0 bus_irq 9 global_irq 9 high level)
[    0.096519][    T0] ACPI: INT_SRC_OVR (bus 0 bus_irq 10 global_irq 10 high level)
[    0.097428][    T0] ACPI: INT_SRC_OVR (bus 0 bus_irq 11 global_irq 11 high level)
[    0.098310][    T0] ACPI: Using ACPI (MADT) for SMP configuration information
[    0.099135][    T0] ACPI: HPET id: 0x8086a201 base: 0xfed00000
[    0.099825][    T0] TSC deadline timer available
[    0.100368][    T0] smpboot: Allowing 2 CPUs, 0 hotplug CPUs
[    0.101068][    T0] kvm-guest: KVM setup pv remote TLB flush
[    0.101735][    T0] kvm-guest: setup PV sched yield
[    0.102336][    T0] PM: hibernation: Registered nosave memory: [mem 0x00000000-0x00000fff]
[    0.103303][    T0] PM: hibernation: Registered nosave memory: [mem 0x0009f000-0x0009ffff]
[    0.104265][    T0] PM: hibernation: Registered nosave memory: [mem 0x000a0000-0x000effff]
[    0.105249][    T0] PM: hibernation: Registered nosave memory: [mem 0x000f0000-0x000fffff]
[    0.106214][    T0] [mem 0x80000000-0xfeffbfff] available for PCI devices
[    0.107006][    T0] Booting paravirtualized kernel on KVM
[    0.107641][    T0] clocksource: refined-jiffies: mask: 0xffffffff max_cycles: 0xffffffff, max_idle_ns: 19112604462750000 ns
[    0.146848][    T0] setup_percpu: NR_CPUS:8 nr_cpumask_bits:8 nr_cpu_ids:2 nr_node_ids:1
[    0.148111][    T0] percpu: Embedded 69 pages/cpu s242952 r8192 d31480 u1048576
[    0.149103][    T0] kvm-guest: PV spinlocks enabled
[    0.149703][    T0] PV qspinlock hash table entries: 256 (order: 0, 4096 bytes, linear)
[    0.150694][    T0] Fallback order for Node 0: 0 
[    0.151290][    T0] Built 1 zonelists, mobility grouping on.  Total pages: 515808
[    0.152200][    T0] Policy zone: DMA32
[    0.152656][    T0] Kernel command line: console=ttyS0 oops=panic panic=86400 nokaslr earlyprintk=serial rdinit=/init
[    0.156347][    T0] Dentry cache hash table entries: 262144 (order: 9, 2097152 bytes, linear)
[    0.158416][    T0] Inode-cache hash table entries: 131072 (order: 8, 1048576 bytes, linear)
[    0.159732][    T0] mem auto-init: stack:off, heap alloc:on, heap free:off
[    0.160570][    T0] Stack Depot allocating hash table with memblock_alloc
[    0.258971][    T0] Memory: 1497128K/2096632K available (139293K kernel code, 34215K rwdata, 29632K rodata, 4072K init, 25652K bss, 599248K reserved, 0K cma-reserved)
[    0.261176][    T0] SLUB: HWalign=64, Order=0-3, MinObjects=0, CPUs=2, Nodes=1
[    0.263190][    T0] Dynamic Preempt: full
[    0.264015][    T0] Running RCU self tests
[    0.264535][    T0] rcu: Preemptible hierarchical RCU implementation.
[    0.265323][    T0] rcu: 	RCU lockdep checking is enabled.
[    0.265996][    T0] rcu: 	RCU restricting CPUs from NR_CPUS=8 to nr_cpu_ids=2.
[    0.266878][    T0] rcu: 	RCU callback double-/use-after-free debug is enabled.
[    0.267769][    T0] rcu: 	RCU debug extended QS entry/exit.
[    0.268452][    T0] 	Trampoline variant of Tasks RCU enabled.
[    0.269264][    T0] 	Tracing variant of Tasks RCU enabled.
[    0.269934][    T0] rcu: RCU calculated value of scheduler-enlistment delay is 10 jiffies.
[    0.270934][    T0] rcu: Adjusting geometry for rcu_fanout_leaf=16, nr_cpu_ids=2
[    0.295525][    T0] NR_IRQS: 4352, nr_irqs: 440, preallocated irqs: 16
[    0.296835][    T0] kfence: initialized - using 2097152 bytes for 255 objects at 0x(____ptrval____)-0x(____ptrval____)
[    0.298319][    T0] random: crng init done (trusting CPU's manufacturer)
[    0.307056][    T0] Console: colour VGA+ 80x25
[    0.307643][    T0] printk: console [ttyS0] enabled
[    0.307643][    T0] printk: console [ttyS0] enabled
[    0.308824][    T0] printk: bootconsole [earlyser0] disabled
[    0.308824][    T0] printk: bootconsole [earlyser0] disabled
[    0.310190][    T0] Lock dependency validator: Copyright (c) 2006 Red Hat, Inc., Ingo Molnar
[    0.311224][    T0] ... MAX_LOCKDEP_SUBCLASSES:  8
[    0.311815][    T0] ... MAX_LOCK_DEPTH:          48
[    0.312415][    T0] ... MAX_LOCKDEP_KEYS:        8192
[    0.313046][    T0] ... CLASSHASH_SIZE:          4096
[    0.313671][    T0] ... MAX_LOCKDEP_ENTRIES:     65536
[    0.314303][    T0] ... MAX_LOCKDEP_CHAINS:      131072
[    0.314946][    T0] ... CHAINHASH_SIZE:          65536
[    0.315583][    T0]  memory used by lock dependency info: 11129 kB
[    0.316339][    T0]  memory used for stack traces: 8320 kB
[    0.317016][    T0]  per task-struct memory footprint: 1920 bytes
[    0.317828][    T0] ACPI: Core revision 20211217
[    0.318709][    T0] clocksource: hpet: mask: 0xffffffff max_cycles: 0xffffffff, max_idle_ns: 19112604467 ns
[    0.320056][    T0] APIC: Switch to symmetric I/O mode setup
[    0.320766][    T0] kvm-guest: setup PV IPIs
[    0.322501][    T0] ..TIMER: vector=0x30 apic1=0 pin1=2 apic2=-1 pin2=-1
[    0.323327][    T0] tsc: Marking TSC unstable due to TSCs unsynchronized
[    0.324148][    T0] Calibrating delay loop (skipped) preset value.. 6986.87 BogoMIPS (lpj=34934360)
[    0.325228][    T0] pid_max: default: 32768 minimum: 301
[    0.326141][    T0] LSM: Security Framework initializing
[    0.326824][    T0] landlock: Up and running.
[    0.327345][    T0] Yama: becoming mindful.
[    0.327888][    T0] TOMOYO Linux initialized
[    0.328541][    T0] AppArmor: AppArmor initialized
[    0.329133][    T0] LSM support for eBPF active
[    0.329714][    T0] Mount-cache hash table entries: 4096 (order: 3, 32768 bytes, linear)
[    0.334140][    T0] Mountpoint-cache hash table entries: 4096 (order: 3, 32768 bytes, linear)
[    0.336545][    T0] x86/cpu: User Mode Instruction Prevention (UMIP) activated
[    0.337527][    T0] Last level iTLB entries: 4KB 512, 2MB 255, 4MB 127
[    0.338309][    T0] Last level dTLB entries: 4KB 512, 2MB 255, 4MB 127, 1GB 0
[    0.339171][    T0] Spectre V1 : Mitigation: usercopy/swapgs barriers and __user pointer sanitization
[    0.340266][    T0] Spectre V2 : Kernel not compiled with retpoline; no mitigation available!
[    0.340270][    T0] Spectre V2 : Vulnerable
[    0.341783][    T0] Spectre V2 : Spectre v2 / SpectreRSB mitigation: Filling RSB on context switch
[    0.342839][    T0] Spectre V2 : mitigation: Enabling conditional Indirect Branch Prediction Barrier
[    0.344157][    T0] Speculative Store Bypass: Mitigation: Speculative Store Bypass disabled via prctl
[    0.346616][    T0] Freeing SMP alternatives memory: 108K
[    0.347696][    T1] smpboot: CPU0: AMD Ryzen Threadripper PRO 3975WX 32-Cores (family: 0x17, model: 0x31, stepping: 0x0)
[    0.350186][    T1] cblist_init_generic: Setting adjustable number of callback queues.
[    0.351161][    T1] cblist_init_generic: Setting shift to 1 and lim to 1.
[    0.352159][    T1] cblist_init_generic: Setting shift to 1 and lim to 1.
[    0.353083][    T1] Running RCU-tasks wait API self tests
[    0.474283][    T1] Performance Events: Fam17h+ core perfctr, AMD PMU driver.
[    0.475185][    T1] ... version:                0
[    0.475740][    T1] ... bit width:              48
[    0.476304][    T1] ... generic registers:      6
[    0.476866][    T1] ... value mask:             0000ffffffffffff
[    0.477588][    T1] ... max period:             00007fffffffffff
[    0.478298][    T1] ... fixed-purpose events:   0
[    0.478857][    T1] ... event mask:             000000000000003f
[    0.480069][    T1] rcu: Hierarchical SRCU implementation.
[    0.483467][    T1] smp: Bringing up secondary CPUs ...
[    0.484999][    T1] x86: Booting SMP configuration:
[    0.485604][    T1] .... node  #0, CPUs:      #1
[    0.487593][    T1] smp: Brought up 1 node, 2 CPUs
[    0.487593][    T1] smpboot: Max logical packages: 1
[    0.487593][    T1] smpboot: Total of 2 processors activated (13973.74 BogoMIPS)
[    0.487593][    T1] devtmpfs: initialized
[    0.487593][    T1] x86/mm: Memory block size: 128MB
[    0.514163][   T12] Callback from call_rcu_tasks_trace() invoked.
[    0.524152][    T1] clocksource: jiffies: mask: 0xffffffff max_cycles: 0xffffffff, max_idle_ns: 19112604462750000 ns
[    0.525404][    T1] futex hash table entries: 512 (order: 4, 65536 bytes, linear)
[    0.527906][    T1] PM: RTC time: 00:03:35, date: 2026-05-26
[    0.529888][    T1] NET: Registered PF_NETLINK/PF_ROUTE protocol family
[    0.531949][    T1] audit: initializing netlink subsys (disabled)
[    0.532912][   T26] audit: type=2000 audit(1779753815.445:1): state=initialized audit_enabled=0 res=1
[    0.532912][    T1] thermal_sys: Registered thermal governor 'step_wise'
[    0.532912][    T1] thermal_sys: Registered thermal governor 'user_space'
[    0.534252][    T1] cpuidle: using governor menu
[    0.537022][    T1] NET: Registered PF_QIPCRTR protocol family
[    0.539483][    T1] PCI: Using configuration type 1 for base access
[    0.539483][    T1] PCI: Using configuration type 1 for extended access
[    0.664797][    T1] HugeTLB registered 1.00 GiB page size, pre-allocated 0 pages
[    0.665975][    T1] HugeTLB registered 2.00 MiB page size, pre-allocated 0 pages
[    0.674464][    T1] cryptd: max_cpu_qlen set to 1000
[    0.675361][    T1] raid6: skipped pq benchmark and selected avx2x4
[    0.675774][    T1] raid6: using avx2x2 recovery algorithm
[    0.677378][    T1] ACPI: Added _OSI(Module Device)
[    0.678147][    T1] ACPI: Added _OSI(Processor Device)
[    0.678944][    T1] ACPI: Added _OSI(3.0 _SCP Extensions)
[    0.679776][    T1] ACPI: Added _OSI(Processor Aggregator Device)
[    0.680719][    T1] ACPI: Added _OSI(Linux-Dell-Video)
[    0.684165][    T1] ACPI: Added _OSI(Linux-Lenovo-NV-HDMI-Audio)
[    0.685096][    T1] ACPI: Added _OSI(Linux-HPI-Hybrid-Graphics)
[    0.694280][   T11] Callback from call_rcu_tasks() invoked.
[    0.706962][    T1] ACPI: 1 ACPI AML tables successfully acquired and loaded
[    0.741910][    T1] ACPI: Interpreter enabled
[    0.743287][    T1] ACPI: PM: (supports S0 S3 S4 S5)
[    0.744170][    T1] ACPI: Using IOAPIC for interrupt routing
[    0.745758][    T1] PCI: Using host bridge windows from ACPI; if necessary, use "pci=nocrs" and report a bug
[    0.750492][    T1] ACPI: Enabled 2 GPEs in block 00 to 0F
[    0.793624][    T1] ACPI: PCI Root Bridge [PCI0] (domain 0000 [bus 00-ff])
[    0.794167][    T1] acpi PNP0A03:00: _OSC: OS supports [ExtendedConfig ASPM ClockPM Segments MSI HPX-Type3]
[    0.795983][    T1] PCI host bridge to bus 0000:00
[    0.796580][    T1] pci_bus 0000:00: root bus resource [io  0x0000-0x0cf7 window]
[    0.797474][    T1] pci_bus 0000:00: root bus resource [io  0x0d00-0xffff window]
[    0.798377][    T1] pci_bus 0000:00: root bus resource [mem 0x000a0000-0x000bffff window]
[    0.799357][    T1] pci_bus 0000:00: root bus resource [mem 0x80000000-0xfebfffff window]
[    0.800335][    T1] pci_bus 0000:00: root bus resource [mem 0x100000000-0x17fffffff window]
[    0.801333][    T1] pci_bus 0000:00: root bus resource [bus 00-ff]
[    0.802333][    T1] pci 0000:00:00.0: [8086:1237] type 00 class 0x060000
[    0.815396][    T1] pci 0000:00:01.0: [8086:7000] type 00 class 0x060100
[    0.827956][    T1] pci 0000:00:01.1: [8086:7010] type 00 class 0x010180
[    0.830152][    T1] pci 0000:00:01.1: reg 0x20: [io  0xc000-0xc00f]
[    0.831567][    T1] pci 0000:00:01.1: legacy IDE quirk: reg 0x10: [io  0x01f0-0x01f7]
[    0.832510][    T1] pci 0000:00:01.1: legacy IDE quirk: reg 0x14: [io  0x03f6]
[    0.833370][    T1] pci 0000:00:01.1: legacy IDE quirk: reg 0x18: [io  0x0170-0x0177]
[    0.834143][    T1] pci 0000:00:01.1: legacy IDE quirk: reg 0x1c: [io  0x0376]
[    0.835447][    T1] pci 0000:00:01.3: [8086:7113] type 00 class 0x068000
[    0.836667][    T1] pci 0000:00:01.3: quirk: [io  0x0600-0x063f] claimed by PIIX4 ACPI
[    0.837623][    T1] pci 0000:00:01.3: quirk: [io  0x0700-0x070f] claimed by PIIX4 SMB
[    0.839084][    T1] pci 0000:00:02.0: [1234:1111] type 00 class 0x030000
[    0.840963][    T1] pci 0000:00:02.0: reg 0x10: [mem 0xfd000000-0xfdffffff pref]
[    0.843163][    T1] pci 0000:00:02.0: reg 0x18: [mem 0xfebf0000-0xfebf0fff]
[    0.847075][    T1] pci 0000:00:02.0: reg 0x30: [mem 0xfebe0000-0xfebeffff pref]
[    0.848112][    T1] pci 0000:00:02.0: Video device with shadowed ROM at [mem 0x000c0000-0x000dffff]
[    0.864936][    T1] ACPI: PCI: Interrupt link LNKA configured for IRQ 10
[    0.866989][    T1] ACPI: PCI: Interrupt link LNKB configured for IRQ 10
[    0.868941][    T1] ACPI: PCI: Interrupt link LNKC configured for IRQ 11
[    0.870906][    T1] ACPI: PCI: Interrupt link LNKD configured for IRQ 11
[    0.872196][    T1] ACPI: PCI: Interrupt link LNKS configured for IRQ 9
[    0.876503][    T1] iommu: Default domain type: Translated 
[    0.876503][    T1] iommu: DMA domain TLB invalidation policy: lazy mode 
[    0.877509][    T1] pci 0000:00:02.0: vgaarb: setting as boot VGA device
[    0.877509][    T1] pci 0000:00:02.0: vgaarb: VGA device added: decodes=io+mem,owns=io+mem,locks=none
[    0.877966][    T1] pci 0000:00:02.0: vgaarb: bridge control possible
[    0.879433][    T1] vgaarb: loaded
[    0.887340][    T1] SCSI subsystem initialized
[    0.888546][    T1] ACPI: bus type USB registered
[    0.888546][    T1] usbcore: registered new interface driver usbfs
[    0.888546][    T1] usbcore: registered new interface driver hub
[    0.888546][    T1] usbcore: registered new device driver usb
[    0.894623][    T1] mc: Linux media interface: v0.10
[    0.895282][    T1] videodev: Linux video capture interface: v2.00
[    0.896246][    T1] pps_core: LinuxPPS API ver. 1 registered
[    0.896923][    T1] pps_core: Software ver. 5.3.6 - Copyright 2005-2007 Rodolfo Giometti <giometti@linux.it>
[    0.898120][    T1] PTP clock support registered
[    0.898801][    T1] EDAC MC: Ver: 3.0.0
[    0.898801][    T1] Advanced Linux Sound Architecture Driver Initialized.
[    0.898801][    T1] Bluetooth: Core ver 2.22
[    0.904206][    T1] NET: Registered PF_BLUETOOTH protocol family
[    0.904919][    T1] Bluetooth: HCI device and connection manager initialized
[    0.905772][    T1] Bluetooth: HCI socket layer initialized
[    0.906441][    T1] Bluetooth: L2CAP socket layer initialized
[    0.907156][    T1] Bluetooth: SCO socket layer initialized
[    0.907890][    T1] NET: Registered PF_ATMPVC protocol family
[    0.908604][    T1] NET: Registered PF_ATMSVC protocol family
[    0.909409][    T1] NetLabel: Initializing
[    0.909912][    T1] NetLabel:  domain hash size = 128
[    0.910512][    T1] NetLabel:  protocols = UNLABELED CIPSOv4 CALIPSO
[    0.911410][    T1] NetLabel:  unlabeled traffic allowed by default
[    0.912350][    T1] nfc: nfc_init: NFC Core ver 0.1
[    0.912350][    T1] NET: Registered PF_NFC protocol family
[    0.914185][    T1] PCI: Using ACPI for IRQ routing
[    0.915587][    T1] hpet0: at MMIO 0xfed00000, IRQs 2, 8, 0
[    0.916280][    T1] hpet0: 3 comparators, 64-bit 100.000000 MHz counter
[    0.922537][    T1] clocksource: Switched to clocksource kvm-clock
[    1.258753][    T1] VFS: Disk quotas dquot_6.6.0
[    1.259454][    T1] VFS: Dquot-cache hash table entries: 512 (order 0, 4096 bytes)
[    1.260597][    T1] FS-Cache: Loaded
[    1.261699][    T1] CacheFiles: Loaded
[    1.262378][    T1] TOMOYO: 2.6.0
[    1.262793][    T1] Mandatory Access Control activated.
[    1.264622][    T1] AppArmor: AppArmor Filesystem Enabled
[    1.265473][    T1] pnp: PnP ACPI init
[    1.269976][    T1] pnp: PnP ACPI: found 6 devices
[    1.288619][    T1] clocksource: acpi_pm: mask: 0xffffff max_cycles: 0xffffff, max_idle_ns: 2085701024 ns
[    1.290088][    T1] NET: Registered PF_INET protocol family
[    1.290983][    T1] IP idents hash table entries: 32768 (order: 6, 262144 bytes, linear)
[    1.293469][    T1] tcp_listen_portaddr_hash hash table entries: 1024 (order: 4, 81920 bytes, linear)
[    1.294648][    T1] TCP established hash table entries: 16384 (order: 5, 131072 bytes, linear)
[    1.296198][    T1] TCP bind hash table entries: 16384 (order: 8, 1179648 bytes, linear)
[    1.297672][    T1] TCP: Hash tables configured (established 16384 bind 16384)
[    1.298825][    T1] MPTCP token hash table entries: 2048 (order: 5, 180224 bytes, linear)
[    1.299937][    T1] UDP hash table entries: 1024 (order: 5, 163840 bytes, linear)
[    1.300927][    T1] UDP-Lite hash table entries: 1024 (order: 5, 163840 bytes, linear)
[    1.302244][    T1] NET: Registered PF_UNIX/PF_LOCAL protocol family
[    1.303938][    T1] RPC: Registered named UNIX socket transport module.
[    1.304784][    T1] RPC: Registered udp transport module.
[    1.305433][    T1] RPC: Registered tcp transport module.
[    1.306074][    T1] RPC: Registered tcp NFSv4.1 backchannel transport module.
[    1.307789][    T1] NET: Registered PF_XDP protocol family
[    1.308474][    T1] pci_bus 0000:00: resource 4 [io  0x0000-0x0cf7 window]
[    1.309304][    T1] pci_bus 0000:00: resource 5 [io  0x0d00-0xffff window]
[    1.310126][    T1] pci_bus 0000:00: resource 6 [mem 0x000a0000-0x000bffff window]
[    1.311028][    T1] pci_bus 0000:00: resource 7 [mem 0x80000000-0xfebfffff window]
[    1.311927][    T1] pci_bus 0000:00: resource 8 [mem 0x100000000-0x17fffffff window]
[    1.313278][    T1] pci 0000:00:01.0: PIIX3: Enabling Passive Release
[    1.314066][    T1] pci 0000:00:00.0: Limiting direct PCI/PCI transfers
[    1.314994][    T1] pci 0000:00:01.0: Activating ISA DMA hang workarounds
[    1.315866][    T1] PCI: CLS 0 bytes, default 64
[    1.316595][    T1] ACPI: bus type thunderbolt registered
[    1.317946][    T1] kvm: no hardware support for 'kvm_intel'
[    1.321301][   T10] Trying to unpack rootfs image as initramfs...
[    1.324261][    T1] kvm: Nested Virtualization enabled
[    1.324893][    T1] SVM: kvm: Nested Paging enabled
[    1.356953][   T65] cryptomgr_test (65) used greatest stack depth: 29792 bytes left
[    1.424486][   T10] Freeing initrd memory: 1360K
[    1.425762][   T64] kworker/u4:3 (64) used greatest stack depth: 28192 bytes left
[    3.439067][    T1] Initialise system trusted keyrings
[    3.440734][    T1] workingset: timestamp_bits=40 max_order=19 bucket_order=0
[    3.466304][    T1] zbud: loaded
[    3.471362][    T1] DLM installed
[    3.475718][    T1] squashfs: version 4.0 (2009/01/31) Phillip Lougher
[    3.484674][    T1] NFS: Registering the id_resolver key type
[    3.486121][    T1] Key type id_resolver registered
[    3.487281][    T1] Key type id_legacy registered
[    3.488739][    T1] nfs4filelayout_init: NFSv4 File Layout Driver Registering...
[    3.490535][    T1] nfs4flexfilelayout_init: NFSv4 Flexfile Layout Driver Registering...
[    3.492461][    T1] Installing knfsd (copyright (C) 1996 okir@monad.swb.de).
[    3.502007][    T1] Key type cifs.spnego registered
[    3.502708][    T1] Key type cifs.idmap registered
[    3.503610][    T1] ntfs: driver 2.1.32 [Flags: R/W].
[    3.505217][    T1] efs: 1.0a - http://aeschi.ch.eu.org/efs/
[    3.506079][    T1] jffs2: version 2.2. (NAND) (SUMMARY)  © 2001-2006 Red Hat, Inc.
[    3.508982][    T1] romfs: ROMFS MTD (C) 2007 Red Hat, Inc.
[    3.509960][    T1] QNX4 filesystem 0.2.3 registered.
[    3.510724][    T1] qnx6: QNX6 filesystem 1.0.0 registered.
[    3.511828][    T1] fuse: init (API version 7.36)
[    3.514567][    T1] orangefs_debugfs_init: called with debug mask: :none: :0:
[    3.515977][    T1] orangefs_init: module version upstream loaded
[    3.517270][    T1] JFS: nTxBlock = 8192, nTxLock = 65536
[    3.521943][    T1] SGI XFS with ACLs, security attributes, realtime, quota, fatal assert, debug enabled
[    3.532858][    T1] 9p: Installing v9fs 9p2000 file system support
[    3.536348][    T1] NILFS version 2 loaded
[    3.537391][    T1] befs: version: 0.9.3
[    3.540656][    T1] ocfs2: Registered cluster interface o2cb
[    3.542671][    T1] ocfs2: Registered cluster interface user
[    3.544883][    T1] OCFS2 User DLM kernel interface loaded
[    3.552952][    T1] gfs2: GFS2 installed
[    3.568120][    T1] ceph: loaded (mds proto 32)
[    3.590750][    T1] NET: Registered PF_ALG protocol family
[    3.591550][    T1] xor: automatically using best checksumming function   avx       
[    3.592506][    T1] async_tx: api initialized (async)
[    3.593158][    T1] Key type asymmetric registered
[    3.593750][    T1] Asymmetric key parser 'x509' registered
[    3.594612][    T1] Asymmetric key parser 'pkcs8' registered
[    3.595308][    T1] Key type pkcs7_test registered
[    3.595891][    T1] Asymmetric key parser 'tpm_parser' registered
[    3.598602][    T1] alg: self-tests for CTR-KDF (hmac(sha256)) passed
[    3.599556][    T1] Block layer SCSI generic (bsg) driver version 0.4 loaded (major 240)
[    3.599877][  T137] kworker/u4:4 (137) used greatest stack depth: 27776 bytes left
[    3.600835][    T1] io scheduler mq-deadline registered
[    3.602107][    T1] io scheduler kyber registered
[    3.603027][    T1] io scheduler bfq registered
[    3.613806][    T1] input: Power Button as /devices/LNXSYSTM:00/LNXPWRBN:00/input/input0
[    3.625093][    T1] ACPI: button: Power Button [PWRF]
[    3.652558][  T212] kworker/u4:1 (212) used greatest stack depth: 27712 bytes left
[    3.672783][  T299] kworker/u4:4 (299) used greatest stack depth: 27504 bytes left
[    3.710828][  T436] kworker/u4:2 (436) used greatest stack depth: 27472 bytes left
[    3.768438][    T1] N_HDLC line discipline registered with maxframe=4096
[    3.769306][    T1] Serial: 8250/16550 driver, 4 ports, IRQ sharing enabled
[    3.770517][    T1] 00:04: ttyS0 at I/O 0x3f8 (irq = 4, base_baud = 115200) is a 16550A
[    3.779495][    T1] Non-volatile memory driver v1.3
[    3.780382][    T1] Linux agpgart interface v0.103
[    3.781782][    T1] ACPI: bus type drm_connector registered
[    3.786803][    T1] [drm] Initialized vgem 1.0.0 20120112 for vgem on minor 0
[    3.789939][    T1] [drm] Initialized vkms 1.0.0 20180514 for vkms on minor 1
[    3.849649][    T1] Console: switching to colour frame buffer device 128x48
[    3.865904][    T1] platform vkms: [drm] fb0: vkmsdrmfb frame buffer device
[    3.866865][    T1] usbcore: registered new interface driver udl
[    3.867704][    T1] bochs-drm 0000:00:02.0: vgaarb: deactivate vga console
[    3.870440][    T1] [drm] Found bochs VGA, ID 0xb0c5.
[    3.871046][    T1] [drm] Framebuffer size 16384 kB @ 0xfd000000, mmio @ 0xfebf0000.
[    3.873417][    T1] [drm] Found EDID data blob.
[    3.875127][    T1] [drm] Initialized bochs-drm 1.0.0 20130925 for 0000:00:02.0 on minor 2
[    3.878886][    T1] fbcon: bochs-drmdrmfb (fb1) is primary device
[    3.878898][    T1] fbcon: Remapping primary device, fb1, to tty 1-63
[   17.581219][    T1] bochs-drm 0000:00:02.0: [drm] fb1: bochs-drmdrmfb frame buffer device
[   17.587066][   T61] Floppy drive(s): fd0 is 2.88M AMI BIOS
[   17.604108][    T1] brd: module loaded
[   17.615027][   T61] FDC 0 is a S82078B
[   17.633498][    T1] loop: module loaded
[   17.674928][    T1] zram: Added device: zram0
[   17.678476][    T1] null_blk: module loaded
[   17.679140][    T1] Guest personality initialized and is inactive
[   17.680104][    T1] VMCI host device registered (name=vmci, major=10, minor=120)
[   17.681024][    T1] Initialized host personality
[   17.681706][    T1] usbcore: registered new interface driver rtsx_usb
[   17.682744][    T1] usbcore: registered new interface driver viperboard
[   17.683670][    T1] usbcore: registered new interface driver dln2
[   17.684696][    T1] usbcore: registered new interface driver pn533_usb
[   17.687039][    T1] nfcsim 0.2 initialized
[   17.687646][    T1] usbcore: registered new interface driver port100
[   17.688494][    T1] usbcore: registered new interface driver nfcmrvl
[   17.690538][    T1] Loading iSCSI transport class v2.0-870.
[   17.695924][    T1] st: Version 20160209, fixed bufsize 32768, s/g segs 256
[   17.706629][    T1] scsi host0: ata_piix
[   17.708723][    T1] scsi host1: ata_piix
[   17.709607][    T1] ata1: PATA max MWDMA2 cmd 0x1f0 ctl 0x3f6 bmdma 0xc000 irq 14
[   17.710502][    T1] ata2: PATA max MWDMA2 cmd 0x170 ctl 0x376 bmdma 0xc008 irq 15
[   17.716546][    T1] Rounding down aligned max_sectors from 4294967295 to 4294967288
[   17.717749][    T1] db_root: cannot open: /etc/target
[   17.718699][    T1] slram: not enough parameters.
[   17.721031][    T1] ftl_cs: FTL header not found.
[   17.731466][    T1] wireguard: WireGuard 1.0.0 loaded. See www.wireguard.com for information.
[   17.732508][    T1] wireguard: Copyright (C) 2015-2019 Jason A. Donenfeld <Jason@zx2c4.com>. All Rights Reserved.
[   17.733750][    T1] eql: Equalizer2002: Simon Janes (simon@ncm.com) and David S. Miller (davem@redhat.com)
[   17.739587][    T1] MACsec IEEE 802.1AE
[   17.742531][    T1] tun: Universal TUN/TAP device driver, 1.6
[   17.743638][    T1] vcan: Virtual CAN interface driver
[   17.744428][    T1] vxcan: Virtual CAN Tunnel driver
[   17.745049][    T1] slcan: serial line CAN interface driver
[   17.745718][    T1] slcan: 10 dynamic interface channels.
[   17.746372][    T1] CAN device driver interface
[   17.747006][    T1] usbcore: registered new interface driver usb_8dev
[   17.747852][    T1] usbcore: registered new interface driver ems_usb
[   17.748682][    T1] usbcore: registered new interface driver esd_usb2
[   17.749779][    T1] usbcore: registered new interface driver gs_usb
[   17.750592][    T1] usbcore: registered new interface driver kvaser_usb
[   17.751452][    T1] usbcore: registered new interface driver mcba_usb
[   17.752292][    T1] usbcore: registered new interface driver peak_usb
[   17.753227][    T1] e100: Intel(R) PRO/100 Network Driver
[   17.753947][    T1] e100: Copyright(c) 1999-2006 Intel Corporation
[   17.758830][    T1] e1000: Intel(R) PRO/1000 Network Driver
[   17.759499][    T1] e1000: Copyright (c) 1999-2006 Intel Corporation.
[   17.760368][    T1] e1000e: Intel(R) PRO/1000 Network Driver
[   17.761059][    T1] e1000e: Copyright(c) 1999 - 2015 Intel Corporation.
[   17.762186][    T1] mkiss: AX.25 Multikiss, Hans Albas PE1AYX
[   17.762880][    T1] AX.25: 6pack driver, Revision: 0.3.0
[   17.763533][    T1] AX.25: bpqether driver version 004
[   17.765471][    T1] PPP generic driver version 2.4.2
[   17.766622][    T1] PPP BSD Compression module registered
[   17.767276][    T1] PPP Deflate Compression module registered
[   17.767998][    T1] PPP MPPE Compression module registered
[   17.768651][    T1] NET: Registered PF_PPPOX protocol family
[   17.769370][    T1] PPTP driver version 0.8.5
[   17.769980][    T1] SLIP: version 0.8.4-NET3.019-NEWTTY (dynamic channels, max=256) (6 bit encapsulation enabled).
[   17.771205][    T1] CSLIP: code copyright 1989 Regents of the University of California.
[   17.772147][    T1] SLIP linefill/keepalive option.
[   17.772731][    T1] hdlc: HDLC support module revision 1.22
[   17.773430][    T1] LAPB Ethernet driver version 0.02
[   17.774332][    T1] usbcore: registered new interface driver ath9k_htc
[   17.775207][    T1] usbcore: registered new interface driver carl9170
[   17.776048][    T1] usbcore: registered new interface driver ath6kl_usb
[   17.776928][    T1] usbcore: registered new interface driver ar5523
[   17.777833][    T1] usbcore: registered new interface driver ath10k_usb
[   17.778709][    T1] usbcore: registered new interface driver rndis_wlan
[   17.779596][    T1] mac80211_hwsim: initializing netlink
[   17.792291][    T1] usbcore: registered new interface driver atusb
[   17.797512][    T1] mac802154_hwsim mac802154_hwsim: Added 2 mac802154 hwsim hardware radios
[   17.798740][    T1] VMware vmxnet3 virtual NIC driver - version 1.6.0.0-k-NAPI
[   17.799797][    T1] usbcore: registered new interface driver catc
[   17.800597][    T1] usbcore: registered new interface driver kaweth
[   17.801365][    T1] pegasus: Pegasus/Pegasus II USB Ethernet driver
[   17.802181][    T1] usbcore: registered new interface driver pegasus
[   17.803006][    T1] usbcore: registered new interface driver rtl8150
[   17.803858][    T1] usbcore: registered new interface driver r8152
[   17.805981][    T1] hso: drivers/net/usb/hso.c: Option Wireless
[   17.806814][    T1] usbcore: registered new interface driver hso
[   17.807640][    T1] usbcore: registered new interface driver lan78xx
[   17.808607][    T1] usbcore: registered new interface driver asix
[   17.809455][    T1] usbcore: registered new interface driver ax88179_178a
[   17.810337][    T1] usbcore: registered new interface driver cdc_ether
[   17.811187][    T1] usbcore: registered new interface driver cdc_eem
[   17.812024][    T1] usbcore: registered new interface driver dm9601
[   17.812883][    T1] usbcore: registered new interface driver sr9700
[   17.813740][    T1] usbcore: registered new interface driver CoreChips
[   17.815444][    T1] usbcore: registered new interface driver smsc75xx
[   17.816344][    T1] usbcore: registered new interface driver smsc95xx
[   17.817220][    T1] usbcore: registered new interface driver gl620a
[   17.818048][    T1] usbcore: registered new interface driver net1080
[   17.818888][    T1] usbcore: registered new interface driver plusb
[   17.819720][    T1] usbcore: registered new interface driver rndis_host
[   17.820614][    T1] usbcore: registered new interface driver cdc_subset
[   17.821507][    T1] usbcore: registered new interface driver zaurus
[   17.822413][    T1] usbcore: registered new interface driver MOSCHIP usb-ethernet driver
[   17.823469][    T1] usbcore: registered new interface driver int51x1
[   17.824738][    T1] usbcore: registered new interface driver cdc_phonet
[   17.825643][    T1] usbcore: registered new interface driver kalmia
[   17.826476][    T1] usbcore: registered new interface driver ipheth
[   17.827341][    T1] usbcore: registered new interface driver sierra_net
[   17.828246][    T1] usbcore: registered new interface driver cx82310_eth
[   17.829184][    T1] usbcore: registered new interface driver cdc_ncm
[   17.830042][    T1] usbcore: registered new interface driver huawei_cdc_ncm
[   17.830961][    T1] usbcore: registered new interface driver lg-vl600
[   17.831821][    T1] usbcore: registered new interface driver qmi_wwan
[   17.832674][    T1] usbcore: registered new interface driver cdc_mbim
[   17.833556][    T1] usbcore: registered new interface driver ch9200
[   17.836272][    T1] VFIO - User Level meta-driver version: 0.3
[   17.839637][    T1] aoe: AoE v85 initialised.
[   17.841872][    T1] ehci_hcd: USB 2.0 'Enhanced' Host Controller (EHCI) Driver
[   17.842810][    T1] ehci-pci: EHCI PCI platform driver
[   17.843539][    T1] ehci-platform: EHCI generic platform driver
[   17.846626][    T1] ohci_hcd: USB 1.1 'Open' Host Controller (OHCI) Driver
[   17.847525][    T1] ohci-pci: OHCI PCI platform driver
[   17.848273][    T1] ohci-platform: OHCI generic platform driver
[   17.849111][    T1] uhci_hcd: USB Universal Host Controller Interface driver
[   17.850509][    T1] driver u132_hcd
[   17.851498][    T1] fotg210_hcd: FOTG210 Host Controller (EHCI) Driver
[   17.852320][    T1] Warning! fotg210_hcd should always be loaded before uhci_hcd and ohci_hcd, not after
[   17.853568][    T1] SPI driver max3421-hcd has no spi_device_id for maxim,max3421
[   17.855199][    T1] usbcore: registered new interface driver cdc_acm
[   17.855969][    T1] cdc_acm: USB Abstract Control Model driver for USB modems and ISDN adapters
[   17.857100][    T1] usbcore: registered new interface driver usblp
[   17.857904][    T1] usbcore: registered new interface driver cdc_wdm
[   17.858721][    T1] usbcore: registered new interface driver usbtmc
[   17.859676][    T1] usbcore: registered new interface driver uas
[   17.860499][    T1] usbcore: registered new interface driver usb-storage
[   17.861378][    T1] usbcore: registered new interface driver ums-alauda
[   17.862224][    T1] usbcore: registered new interface driver ums-cypress
[   17.863079][    T1] usbcore: registered new interface driver ums-datafab
[   17.863935][    T1] usbcore: registered new interface driver ums_eneub6250
[   17.866710][    T1] usbcore: registered new interface driver ums-freecom
[   17.867574][    T1] usbcore: registered new interface driver ums-isd200
[   17.868422][    T1] usbcore: registered new interface driver ums-jumpshot
[   17.869302][    T1] usbcore: registered new interface driver ums-karma
[   17.870138][    T1] usbcore: registered new interface driver ums-onetouch
[   17.871028][    T1] usbcore: registered new interface driver ums-realtek
[   17.871895][    T1] usbcore: registered new interface driver ums-sddr09
[   17.872746][    T1] usbcore: registered new interface driver ums-sddr55
[   17.873599][    T1] usbcore: registered new interface driver ums-usbat
[   17.874721][    T1] usbcore: registered new interface driver mdc800
[   17.875481][    T1] mdc800: v0.7.5 (30/10/2000):USB Driver for Mustek MDC800 Digital Camera
[   17.876537][    T1] usbcore: registered new interface driver microtekX6
[   17.877492][    T1] usbcore: registered new interface driver usbserial_generic
[   17.878583][    T1] usbserial: USB Serial support registered for generic
[   17.879481][    T1] usbcore: registered new interface driver aircable
[   17.880320][    T1] usbserial: USB Serial support registered for aircable
[   17.881192][    T1] usbcore: registered new interface driver ark3116
[   17.882009][    T1] usbserial: USB Serial support registered for ark3116
[   17.882871][    T1] usbcore: registered new interface driver belkin_sa
[   17.883717][    T1] usbserial: USB Serial support registered for Belkin / Peracom / GoHubs USB Serial Adapter
[   17.884397][  T991] ata2: found unknown device (class 0)
[   17.885028][    T1] usbcore: registered new interface driver ch341
[   17.886473][    T1] usbserial: USB Serial support registered for ch341-uart
[   17.886963][  T991] ata2.00: ATAPI: QEMU DVD-ROM, 2.5+, max UDMA/100
[   17.887434][    T1] usbcore: registered new interface driver cp210x
[   17.889104][    T1] usbserial: USB Serial support registered for cp210x
[   17.890173][    T1] usbcore: registered new interface driver cyberjack
[   17.891053][    T1] usbserial: USB Serial support registered for Reiner SCT Cyberjack USB card reader
[   17.892395][   T10] scsi 1:0:0:0: CD-ROM            QEMU     QEMU DVD-ROM     2.5+ PQ: 0 ANSI: 5
[   17.892411][    T1] usbcore: registered new interface driver cypress_m8
[   17.892454][    T1] usbserial: USB Serial support registered for DeLorme Earthmate USB
[   17.895733][    T1] usbserial: USB Serial support registered for HID->COM RS232 Adapter
[   17.896864][    T1] usbserial: USB Serial support registered for Nokia CA-42 V2 Adapter
[   17.897925][    T1] usbcore: registered new interface driver usb_debug
[   17.898995][    T1] usbserial: USB Serial support registered for debug
[   17.899845][    T1] usbserial: USB Serial support registered for xhci_dbc
[   17.900744][    T1] usbcore: registered new interface driver digi_acceleport
[   17.901672][    T1] usbserial: USB Serial support registered for Digi 2 port USB adapter
[   17.902700][    T1] usbserial: USB Serial support registered for Digi 4 port USB adapter
[   17.903746][    T1] usbcore: registered new interface driver io_edgeport
[   17.904924][    T1] usbserial: USB Serial support registered for Edgeport 2 port adapter
[   17.905968][    T1] usbserial: USB Serial support registered for Edgeport 4 port adapter
[   17.907011][    T1] usbserial: USB Serial support registered for Edgeport 8 port adapter
[   17.908055][    T1] usbserial: USB Serial support registered for EPiC device
[   17.908986][    T1] usbcore: registered new interface driver io_ti
[   17.909789][    T1] usbserial: USB Serial support registered for Edgeport TI 1 port adapter
[   17.910845][    T1] usbserial: USB Serial support registered for Edgeport TI 2 port adapter
[   17.911922][    T1] usbcore: registered new interface driver empeg
[   17.912737][    T1] usbserial: USB Serial support registered for empeg
[   17.913621][    T1] usbcore: registered new interface driver f81534a_ctrl
[   17.914624][    T1] usbcore: registered new interface driver f81232
[   17.915449][    T1] usbserial: USB Serial support registered for f81232
[   17.916314][    T1] usbserial: USB Serial support registered for f81534a
[   17.917199][    T1] usbcore: registered new interface driver f81534
[   17.918024][    T1] usbserial: USB Serial support registered for Fintek F81532/F81534
[   17.919064][    T1] usbcore: registered new interface driver ftdi_sio
[   17.919904][    T1] usbserial: USB Serial support registered for FTDI USB Serial Device
[   17.920993][    T1] usbcore: registered new interface driver garmin_gps
[   17.921862][    T1] usbserial: USB Serial support registered for Garmin GPS usb/tty
[   17.922935][    T1] usbcore: registered new interface driver ipaq
[   17.923730][    T1] usbserial: USB Serial support registered for PocketPC PDA
[   17.924721][    T1] usbcore: registered new interface driver ipw
[   17.925524][    T1] usbserial: USB Serial support registered for IPWireless converter
[   17.926550][    T1] usbcore: registered new interface driver ir_usb
[   17.927364][    T1] usbserial: USB Serial support registered for IR Dongle
[   17.928272][    T1] usbcore: registered new interface driver iuu_phoenix
[   17.929152][    T1] usbserial: USB Serial support registered for iuu_phoenix
[   17.930076][    T1] usbcore: registered new interface driver keyspan
[   17.930909][    T1] usbserial: USB Serial support registered for Keyspan - (without firmware)
[   17.932007][    T1] usbserial: USB Serial support registered for Keyspan 1 port adapter
[   17.933040][    T1] usbserial: USB Serial support registered for Keyspan 2 port adapter
[   17.934066][    T1] usbserial: USB Serial support registered for Keyspan 4 port adapter
[   17.935365][    T1] usbcore: registered new interface driver keyspan_pda
[   17.936574][    T1] usbserial: USB Serial support registered for Keyspan PDA
[   17.937562][   T10] sr 1:0:0:0: [sr0] scsi3-mmc drive: 4x/4x cd/rw xa/form2 tray
[   17.937585][    T1] usbserial: USB Serial support registered for Keyspan PDA - (prerenumeration)
[   17.938552][   T10] cdrom: Uniform CD-ROM driver Revision: 3.20
[   17.939669][    T1] usbcore: registered new interface driver kl5kusb105
[   17.941349][    T1] usbserial: USB Serial support registered for KL5KUSB105D / PalmConnect
[   17.942425][    T1] usbcore: registered new interface driver kobil_sct
[   17.943275][    T1] usbserial: USB Serial support registered for KOBIL USB smart card terminal
[   17.944597][    T1] usbcore: registered new interface driver mct_u232
[   17.945448][    T1] usbserial: USB Serial support registered for MCT U232
[   17.946350][    T1] usbcore: registered new interface driver metro_usb
[   17.947205][    T1] usbserial: USB Serial support registered for Metrologic USB to Serial
[   17.948258][    T1] usbcore: registered new interface driver mos7720
[   17.949090][    T1] usbserial: USB Serial support registered for Moschip 2 port adapter
[   17.950123][    T1] usbcore: registered new interface driver mos7840
[   17.950956][    T1] usbserial: USB Serial support registered for Moschip 7840/7820 USB Serial Driver
[   17.952143][    T1] usbcore: registered new interface driver mxuport
[   17.952980][    T1] usbserial: USB Serial support registered for MOXA UPort
[   17.953889][    T1] usbcore: registered new interface driver navman
[   17.954744][    T1] usbserial: USB Serial support registered for navman
[   17.955631][    T1] usbcore: registered new interface driver omninet
[   17.956475][    T1] usbserial: USB Serial support registered for ZyXEL - omni.net usb
[   17.957512][    T1] usbcore: registered new interface driver opticon
[   17.958343][    T1] usbserial: USB Serial support registered for opticon
[   17.959232][    T1] usbcore: registered new interface driver option
[   17.960235][    T1] usbserial: USB Serial support registered for GSM modem (1-port)
[   17.961243][    T1] usbcore: registered new interface driver oti6858
[   17.962083][    T1] usbserial: USB Serial support registered for oti6858
[   17.962973][    T1] usbcore: registered new interface driver pl2303
[   17.963794][    T1] usbserial: USB Serial support registered for pl2303
[   17.964701][    T1] usbcore: registered new interface driver qcaux
[   17.965524][    T1] usbserial: USB Serial support registered for qcaux
[   17.966398][    T1] usbcore: registered new interface driver qcserial
[   17.967245][    T1] usbserial: USB Serial support registered for Qualcomm USB modem
[   17.968253][    T1] usbcore: registered new interface driver quatech2
[   17.969112][    T1] usbserial: USB Serial support registered for Quatech 2nd gen USB to Serial Driver
[   17.970299][    T1] usbcore: registered new interface driver safe_serial
[   17.971172][    T1] usbserial: USB Serial support registered for safe_serial
[   17.972105][    T1] usbcore: registered new interface driver sierra
[   17.972937][    T1] usbserial: USB Serial support registered for Sierra USB modem
[   17.973924][    T1] usbcore: registered new interface driver usb_serial_simple
[   17.974882][    T1] usbserial: USB Serial support registered for carelink
[   17.975769][    T1] usbserial: USB Serial support registered for zio
[   17.976597][    T1] usbserial: USB Serial support registered for funsoft
[   17.977484][    T1] usbserial: USB Serial support registered for flashloader
[   17.978399][    T1] usbserial: USB Serial support registered for google
[   17.979252][    T1] usbserial: USB Serial support registered for libtransistor
[   17.980179][    T1] usbserial: USB Serial support registered for vivopay
[   17.981058][    T1] usbserial: USB Serial support registered for moto_modem
[   17.981956][    T1] usbserial: USB Serial support registered for motorola_tetra
[   17.982893][    T1] usbserial: USB Serial support registered for novatel_gps
[   17.983796][    T1] usbserial: USB Serial support registered for hp4x
[   17.984651][    T1] usbserial: USB Serial support registered for suunto
[   17.985521][    T1] usbserial: USB Serial support registered for siemens_mpi
[   17.986450][    T1] usbcore: registered new interface driver spcp8x5
[   17.987286][    T1] usbserial: USB Serial support registered for SPCP8x5
[   17.988174][    T1] usbcore: registered new interface driver ssu100
[   17.989065][    T1] usbserial: USB Serial support registered for Quatech SSU-100 USB to Serial Driver
[   17.990244][    T1] usbcore: registered new interface driver symbolserial
[   17.991113][    T1] usbserial: USB Serial support registered for symbol
[   17.991980][    T1] usbcore: registered new interface driver ti_usb_3410_5052
[   17.992894][    T1] usbserial: USB Serial support registered for TI USB 3410 1 port adapter
[   17.993952][    T1] usbserial: USB Serial support registered for TI USB 5052 2 port adapter
[   17.995050][    T1] usbcore: registered new interface driver upd78f0730
[   17.995911][    T1] usbserial: USB Serial support registered for upd78f0730
[   17.996839][    T1] usbcore: registered new interface driver visor
[   17.997649][    T1] usbserial: USB Serial support registered for Handspring Visor / Palm OS
[   17.998714][    T1] usbserial: USB Serial support registered for Sony Clie 5.0
[   17.999634][    T1] usbserial: USB Serial support registered for Sony Clie 3.5
[   18.000574][    T1] usbcore: registered new interface driver wishbone_serial
[   18.001497][    T1] usbserial: USB Serial support registered for wishbone_serial
[   18.002469][    T1] usbcore: registered new interface driver whiteheat
[   18.003320][    T1] usbserial: USB Serial support registered for Connect Tech - WhiteHEAT - (prerenumeration)
[   18.004604][    T1] usbserial: USB Serial support registered for Connect Tech - WhiteHEAT
[   18.005678][    T1] usbcore: registered new interface driver xr_serial
[   18.006523][    T1] usbserial: USB Serial support registered for xr_serial
[   18.007431][    T1] usbcore: registered new interface driver xsens_mt
[   18.008269][    T1] usbserial: USB Serial support registered for xsens_mt
[   18.009180][    T1] usbcore: registered new interface driver adutux
[   18.010020][    T1] usbcore: registered new interface driver appledisplay
[   18.010915][    T1] usbcore: registered new interface driver cypress_cy7c63
[   18.011849][    T1] usbcore: registered new interface driver cytherm
[   18.012704][    T1] usbcore: registered new interface driver emi26 - firmware loader
[   18.013723][    T1] usbcore: registered new interface driver emi62 - firmware loader
[   18.014707][    T1] ftdi_elan: driver ftdi-elan
[   18.015489][    T1] usbcore: registered new interface driver ftdi-elan
[   18.016390][    T1] usbcore: registered new interface driver idmouse
[   18.017253][    T1] usbcore: registered new interface driver iowarrior
[   18.018119][    T1] usbcore: registered new interface driver isight_firmware
[   18.019056][    T1] usbcore: registered new interface driver usblcd
[   18.019892][    T1] usbcore: registered new interface driver ldusb
[   18.020718][    T1] usbcore: registered new interface driver legousbtower
[   18.021649][    T1] usbcore: registered new interface driver usbtest
[   18.022506][    T1] usbcore: registered new interface driver usb_ehset_test
[   18.023434][    T1] usbcore: registered new interface driver trancevibrator
[   18.024437][    T1] usbcore: registered new interface driver uss720
[   18.025224][    T1] uss720: USB Parport Cable driver for Cables using the Lucent Technologies USS720 Chip
[   18.026413][    T1] uss720: NOTE: this is a special purpose driver to allow nonstandard
[   18.027394][    T1] uss720: protocols (eg. bitbang) over USS720 usb to parallel cables
[   18.028365][    T1] uss720: If you just want to connect to a printer, use usblp instead
[   18.029422][    T1] usbcore: registered new interface driver usbsevseg
[   18.030310][    T1] usbcore: registered new interface driver yurex
[   18.031334][    T1] usbcore: registered new interface driver chaoskey
[   18.032205][    T1] usbcore: registered new interface driver sisusb
[   18.033060][    T1] usbcore: registered new interface driver lvs
[   18.033866][    T1] usbcore: registered new interface driver cxacru
[   18.035049][    T1] usbcore: registered new interface driver speedtch
[   18.035936][    T1] usbcore: registered new interface driver ueagle-atm
[   18.036751][    T1] xusbatm: malformed module parameters
[   18.038144][    T1] dummy_hcd dummy_hcd.0: USB Host+Gadget Emulator, driver 02 May 2005
[   18.039160][    T1] dummy_hcd dummy_hcd.0: Dummy host controller
[   18.042156][    T1] dummy_hcd dummy_hcd.0: new USB bus registered, assigned bus number 1
[   18.043759][    T1] usb usb1: New USB device found, idVendor=1d6b, idProduct=0002, bcdDevice= 5.17
[   18.044940][    T1] usb usb1: New USB device strings: Mfr=3, Product=2, SerialNumber=1
[   18.045921][    T1] usb usb1: Product: Dummy host controller
[   18.046631][    T1] usb usb1: Manufacturer: Linux 5.17.0-rc7-ge418c64aa4e3-dirty dummy_hcd
[   18.047647][    T1] usb usb1: SerialNumber: dummy_hcd.0
[   18.049903][    T1] hub 1-0:1.0: USB hub found
[   18.050806][    T1] hub 1-0:1.0: 1 port detected
[   18.055196][    T1] gadgetfs: USB Gadget filesystem, version 24 Aug 2004
[   18.059807][    T1] vhci_hcd vhci_hcd.0: USB/IP Virtual Host Controller
[   18.061144][    T1] vhci_hcd vhci_hcd.0: new USB bus registered, assigned bus number 2
[   18.062277][    T1] vhci_hcd: created sysfs vhci_hcd.0
[   18.063283][    T1] usb usb2: New USB device found, idVendor=1d6b, idProduct=0002, bcdDevice= 5.17
[   18.064464][    T1] usb usb2: New USB device strings: Mfr=3, Product=2, SerialNumber=1
[   18.065456][    T1] usb usb2: Product: USB/IP Virtual Host Controller
[   18.066259][    T1] usb usb2: Manufacturer: Linux 5.17.0-rc7-ge418c64aa4e3-dirty vhci_hcd
[   18.067267][    T1] usb usb2: SerialNumber: vhci_hcd.0
[   18.069059][    T1] hub 2-0:1.0: USB hub found
[   18.069783][    T1] hub 2-0:1.0: 8 ports detected
[   18.073093][    T1] vhci_hcd vhci_hcd.0: USB/IP Virtual Host Controller
[   18.074598][    T1] vhci_hcd vhci_hcd.0: new USB bus registered, assigned bus number 3
[   18.075910][    T1] usb usb3: We don't know the algorithms for LPM for this host, disabling LPM.
[   18.077650][    T1] usb usb3: New USB device found, idVendor=1d6b, idProduct=0003, bcdDevice= 5.17
[   18.078773][    T1] usb usb3: New USB device strings: Mfr=3, Product=2, SerialNumber=1
[   18.079754][    T1] usb usb3: Product: USB/IP Virtual Host Controller
[   18.080552][    T1] usb usb3: Manufacturer: Linux 5.17.0-rc7-ge418c64aa4e3-dirty vhci_hcd
[   18.081577][    T1] usb usb3: SerialNumber: vhci_hcd.0
[   18.083331][    T1] hub 3-0:1.0: USB hub found
[   18.083972][    T1] hub 3-0:1.0: 8 ports detected
[   18.088780][    T1] vhci_hcd vhci_hcd.1: USB/IP Virtual Host Controller
[   18.091062][    T1] vhci_hcd vhci_hcd.1: new USB bus registered, assigned bus number 4
[   18.092554][    T1] usb usb4: New USB device found, idVendor=1d6b, idProduct=0002, bcdDevice= 5.17
[   18.093672][    T1] usb usb4: New USB device strings: Mfr=3, Product=2, SerialNumber=1
[   18.095271][   T10] sr 1:0:0:0: Attached scsi generic sg0 type 5
[   18.098614][    T1] usb usb4: Product: USB/IP Virtual Host Controller
[   18.099413][    T1] usb usb4: Manufacturer: Linux 5.17.0-rc7-ge418c64aa4e3-dirty vhci_hcd
[   18.100406][    T1] usb usb4: SerialNumber: vhci_hcd.1
[   18.102074][    T1] hub 4-0:1.0: USB hub found
[   18.102712][    T1] hub 4-0:1.0: 8 ports detected
[   18.105999][    T1] vhci_hcd vhci_hcd.1: USB/IP Virtual Host Controller
[   18.107376][    T1] vhci_hcd vhci_hcd.1: new USB bus registered, assigned bus number 5
[   18.108733][    T1] usb usb5: We don't know the algorithms for LPM for this host, disabling LPM.
[   18.110351][    T1] usb usb5: New USB device found, idVendor=1d6b, idProduct=0003, bcdDevice= 5.17
[   18.111699][    T1] usb usb5: New USB device strings: Mfr=3, Product=2, SerialNumber=1
[   18.112913][    T1] usb usb5: Product: USB/IP Virtual Host Controller
[   18.113883][    T1] usb usb5: Manufacturer: Linux 5.17.0-rc7-ge418c64aa4e3-dirty vhci_hcd
[   18.115419][    T1] usb usb5: SerialNumber: vhci_hcd.1
[   18.117295][    T1] hub 5-0:1.0: USB hub found
[   18.118069][    T1] hub 5-0:1.0: 8 ports detected
[   18.122177][    T1] vhci_hcd vhci_hcd.2: USB/IP Virtual Host Controller
[   18.123555][    T1] vhci_hcd vhci_hcd.2: new USB bus registered, assigned bus number 6
[   18.125783][    T1] usb usb6: New USB device found, idVendor=1d6b, idProduct=0002, bcdDevice= 5.17
[   18.127149][    T1] usb usb6: New USB device strings: Mfr=3, Product=2, SerialNumber=1
[   18.128369][    T1] usb usb6: Product: USB/IP Virtual Host Controller
[   18.129357][    T1] usb usb6: Manufacturer: Linux 5.17.0-rc7-ge418c64aa4e3-dirty vhci_hcd
[   18.130583][    T1] usb usb6: SerialNumber: vhci_hcd.2
[   18.132387][    T1] hub 6-0:1.0: USB hub found
[   18.133167][    T1] hub 6-0:1.0: 8 ports detected
[   18.136567][    T1] vhci_hcd vhci_hcd.2: USB/IP Virtual Host Controller
[   18.137892][    T1] vhci_hcd vhci_hcd.2: new USB bus registered, assigned bus number 7
[   18.139240][    T1] usb usb7: We don't know the algorithms for LPM for this host, disabling LPM.
[   18.140893][    T1] usb usb7: New USB device found, idVendor=1d6b, idProduct=0003, bcdDevice= 5.17
[   18.142261][    T1] usb usb7: New USB device strings: Mfr=3, Product=2, SerialNumber=1
[   18.143467][    T1] usb usb7: Product: USB/IP Virtual Host Controller
[   18.144658][    T1] usb usb7: Manufacturer: Linux 5.17.0-rc7-ge418c64aa4e3-dirty vhci_hcd
[   18.145911][    T1] usb usb7: SerialNumber: vhci_hcd.2
[   18.147738][    T1] hub 7-0:1.0: USB hub found
[   18.148517][    T1] hub 7-0:1.0: 8 ports detected
[   18.152579][    T1] vhci_hcd vhci_hcd.3: USB/IP Virtual Host Controller
[   18.153966][    T1] vhci_hcd vhci_hcd.3: new USB bus registered, assigned bus number 8
[   18.155516][    T1] usb usb8: New USB device found, idVendor=1d6b, idProduct=0002, bcdDevice= 5.17
[   18.156888][    T1] usb usb8: New USB device strings: Mfr=3, Product=2, SerialNumber=1
[   18.158095][    T1] usb usb8: Product: USB/IP Virtual Host Controller
[   18.159066][    T1] usb usb8: Manufacturer: Linux 5.17.0-rc7-ge418c64aa4e3-dirty vhci_hcd
[   18.160315][    T1] usb usb8: SerialNumber: vhci_hcd.3
[   18.162152][    T1] hub 8-0:1.0: USB hub found
[   18.162921][    T1] hub 8-0:1.0: 8 ports detected
[   18.166320][    T1] vhci_hcd vhci_hcd.3: USB/IP Virtual Host Controller
[   18.167652][    T1] vhci_hcd vhci_hcd.3: new USB bus registered, assigned bus number 9
[   18.169005][    T1] usb usb9: We don't know the algorithms for LPM for this host, disabling LPM.
[   18.170619][    T1] usb usb9: New USB device found, idVendor=1d6b, idProduct=0003, bcdDevice= 5.17
[   18.171977][    T1] usb usb9: New USB device strings: Mfr=3, Product=2, SerialNumber=1
[   18.173210][    T1] usb usb9: Product: USB/IP Virtual Host Controller
[   18.174241][    T1] usb usb9: Manufacturer: Linux 5.17.0-rc7-ge418c64aa4e3-dirty vhci_hcd
[   18.175499][    T1] usb usb9: SerialNumber: vhci_hcd.3
[   18.177345][    T1] hub 9-0:1.0: USB hub found
[   18.178106][    T1] hub 9-0:1.0: 8 ports detected
[   18.182105][    T1] vhci_hcd vhci_hcd.4: USB/IP Virtual Host Controller
[   18.183505][    T1] vhci_hcd vhci_hcd.4: new USB bus registered, assigned bus number 10
[   18.187257][    T1] usb usb10: New USB device found, idVendor=1d6b, idProduct=0002, bcdDevice= 5.17
[   18.189672][    T1] usb usb10: New USB device strings: Mfr=3, Product=2, SerialNumber=1
[   18.191787][    T1] usb usb10: Product: USB/IP Virtual Host Controller
[   18.193534][    T1] usb usb10: Manufacturer: Linux 5.17.0-rc7-ge418c64aa4e3-dirty vhci_hcd
[   18.195873][    T1] usb usb10: SerialNumber: vhci_hcd.4
[   18.199045][    T1] hub 10-0:1.0: USB hub found
[   18.200423][    T1] hub 10-0:1.0: 8 ports detected
[   18.206874][    T1] vhci_hcd vhci_hcd.4: USB/IP Virtual Host Controller
[   18.209162][    T1] vhci_hcd vhci_hcd.4: new USB bus registered, assigned bus number 11
[   18.211546][    T1] usb usb11: We don't know the algorithms for LPM for this host, disabling LPM.
[   18.215406][    T1] usb usb11: New USB device found, idVendor=1d6b, idProduct=0003, bcdDevice= 5.17
[   18.217795][    T1] usb usb11: New USB device strings: Mfr=3, Product=2, SerialNumber=1
[   18.219890][    T1] usb usb11: Product: USB/IP Virtual Host Controller
[   18.221625][    T1] usb usb11: Manufacturer: Linux 5.17.0-rc7-ge418c64aa4e3-dirty vhci_hcd
[   18.223774][    T1] usb usb11: SerialNumber: vhci_hcd.4
[   18.227412][    T1] hub 11-0:1.0: USB hub found
[   18.228131][    T1] hub 11-0:1.0: 8 ports detected
[   18.232499][    T1] vhci_hcd vhci_hcd.5: USB/IP Virtual Host Controller
[   18.233749][    T1] vhci_hcd vhci_hcd.5: new USB bus registered, assigned bus number 12
[   18.235229][    T1] usb usb12: New USB device found, idVendor=1d6b, idProduct=0002, bcdDevice= 5.17
[   18.236326][    T1] usb usb12: New USB device strings: Mfr=3, Product=2, SerialNumber=1
[   18.237307][    T1] usb usb12: Product: USB/IP Virtual Host Controller
[   18.238095][    T1] usb usb12: Manufacturer: Linux 5.17.0-rc7-ge418c64aa4e3-dirty vhci_hcd
[   18.239093][    T1] usb usb12: SerialNumber: vhci_hcd.5
[   18.240891][    T1] hub 12-0:1.0: USB hub found
[   18.241608][    T1] hub 12-0:1.0: 8 ports detected
[   18.245525][    T1] vhci_hcd vhci_hcd.5: USB/IP Virtual Host Controller
[   18.246636][    T1] vhci_hcd vhci_hcd.5: new USB bus registered, assigned bus number 13
[   18.247833][    T1] usb usb13: We don't know the algorithms for LPM for this host, disabling LPM.
[   18.249188][    T1] usb usb13: New USB device found, idVendor=1d6b, idProduct=0003, bcdDevice= 5.17
[   18.250301][    T1] usb usb13: New USB device strings: Mfr=3, Product=2, SerialNumber=1
[   18.251257][    T1] usb usb13: Product: USB/IP Virtual Host Controller
[   18.252044][    T1] usb usb13: Manufacturer: Linux 5.17.0-rc7-ge418c64aa4e3-dirty vhci_hcd
[   18.253040][    T1] usb usb13: SerialNumber: vhci_hcd.5
[   18.255281][    T1] hub 13-0:1.0: USB hub found
[   18.255996][    T1] hub 13-0:1.0: 8 ports detected
[   18.260386][    T1] vhci_hcd vhci_hcd.6: USB/IP Virtual Host Controller
[   18.261643][    T1] vhci_hcd vhci_hcd.6: new USB bus registered, assigned bus number 14
[   18.263044][    T1] usb usb14: New USB device found, idVendor=1d6b, idProduct=0002, bcdDevice= 5.17
[   18.264185][    T1] usb usb14: New USB device strings: Mfr=3, Product=2, SerialNumber=1
[   18.265191][    T1] usb usb14: Product: USB/IP Virtual Host Controller
[   18.265986][    T1] usb usb14: Manufacturer: Linux 5.17.0-rc7-ge418c64aa4e3-dirty vhci_hcd
[   18.266983][    T1] usb usb14: SerialNumber: vhci_hcd.6
[   18.268778][    T1] hub 14-0:1.0: USB hub found
[   18.269507][    T1] hub 14-0:1.0: 8 ports detected
[   18.273048][    T1] vhci_hcd vhci_hcd.6: USB/IP Virtual Host Controller
[   18.274237][    T1] vhci_hcd vhci_hcd.6: new USB bus registered, assigned bus number 15
[   18.275471][    T1] usb usb15: We don't know the algorithms for LPM for this host, disabling LPM.
[   18.276820][    T1] usb usb15: New USB device found, idVendor=1d6b, idProduct=0003, bcdDevice= 5.17
[   18.277916][    T1] usb usb15: New USB device strings: Mfr=3, Product=2, SerialNumber=1
[   18.278883][    T1] usb usb15: Product: USB/IP Virtual Host Controller
[   18.279675][    T1] usb usb15: Manufacturer: Linux 5.17.0-rc7-ge418c64aa4e3-dirty vhci_hcd
[   18.280672][    T1] usb usb15: SerialNumber: vhci_hcd.6
[   18.282678][    T1] hub 15-0:1.0: USB hub found
[   18.283402][    T1] hub 15-0:1.0: 8 ports detected
[   18.287857][    T1] vhci_hcd vhci_hcd.7: USB/IP Virtual Host Controller
[   18.289128][    T1] vhci_hcd vhci_hcd.7: new USB bus registered, assigned bus number 16
[   18.290518][    T1] usb usb16: New USB device found, idVendor=1d6b, idProduct=0002, bcdDevice= 5.17
[   18.291620][    T1] usb usb16: New USB device strings: Mfr=3, Product=2, SerialNumber=1
[   18.292592][    T1] usb usb16: Product: USB/IP Virtual Host Controller
[   18.293394][    T1] usb usb16: Manufacturer: Linux 5.17.0-rc7-ge418c64aa4e3-dirty vhci_hcd
[   18.294509][    T1] usb usb16: SerialNumber: vhci_hcd.7
[   18.296330][    T1] hub 16-0:1.0: USB hub found
[   18.297066][    T1] hub 16-0:1.0: 8 ports detected
[   18.300603][    T1] vhci_hcd vhci_hcd.7: USB/IP Virtual Host Controller
[   18.301759][    T1] vhci_hcd vhci_hcd.7: new USB bus registered, assigned bus number 17
[   18.302953][    T1] usb usb17: We don't know the algorithms for LPM for this host, disabling LPM.
[   18.304456][    T1] usb usb17: New USB device found, idVendor=1d6b, idProduct=0003, bcdDevice= 5.17
[   18.305667][    T1] usb usb17: New USB device strings: Mfr=3, Product=2, SerialNumber=1
[   18.306633][    T1] usb usb17: Product: USB/IP Virtual Host Controller
[   18.307421][    T1] usb usb17: Manufacturer: Linux 5.17.0-rc7-ge418c64aa4e3-dirty vhci_hcd
[   18.308409][    T1] usb usb17: SerialNumber: vhci_hcd.7
[   18.310271][    T1] hub 17-0:1.0: USB hub found
[   18.310984][    T1] hub 17-0:1.0: 8 ports detected
[   18.315388][    T1] vhci_hcd vhci_hcd.8: USB/IP Virtual Host Controller
[   18.316649][    T1] vhci_hcd vhci_hcd.8: new USB bus registered, assigned bus number 18
[   18.318047][    T1] usb usb18: New USB device found, idVendor=1d6b, idProduct=0002, bcdDevice= 5.17
[   18.319145][    T1] usb usb18: New USB device strings: Mfr=3, Product=2, SerialNumber=1
[   18.320118][    T1] usb usb18: Product: USB/IP Virtual Host Controller
[   18.320920][    T1] usb usb18: Manufacturer: Linux 5.17.0-rc7-ge418c64aa4e3-dirty vhci_hcd
[   18.321914][    T1] usb usb18: SerialNumber: vhci_hcd.8
[   18.323735][    T1] hub 18-0:1.0: USB hub found
[   18.324609][    T1] hub 18-0:1.0: 8 ports detected
[   18.328271][    T1] vhci_hcd vhci_hcd.8: USB/IP Virtual Host Controller
[   18.329429][    T1] vhci_hcd vhci_hcd.8: new USB bus registered, assigned bus number 19
[   18.330628][    T1] usb usb19: We don't know the algorithms for LPM for this host, disabling LPM.
[   18.331972][    T1] usb usb19: New USB device found, idVendor=1d6b, idProduct=0003, bcdDevice= 5.17
[   18.333080][    T1] usb usb19: New USB device strings: Mfr=3, Product=2, SerialNumber=1
[   18.334052][    T1] usb usb19: Product: USB/IP Virtual Host Controller
[   18.334894][    T1] usb usb19: Manufacturer: Linux 5.17.0-rc7-ge418c64aa4e3-dirty vhci_hcd
[   18.335905][    T1] usb usb19: SerialNumber: vhci_hcd.8
[   18.337743][    T1] hub 19-0:1.0: USB hub found
[   18.338460][    T1] hub 19-0:1.0: 8 ports detected
[   18.342966][    T1] vhci_hcd vhci_hcd.9: USB/IP Virtual Host Controller
[   18.344661][    T1] vhci_hcd vhci_hcd.9: new USB bus registered, assigned bus number 20
[   18.346054][    T1] usb usb20: New USB device found, idVendor=1d6b, idProduct=0002, bcdDevice= 5.17
[   18.347157][    T1] usb usb20: New USB device strings: Mfr=3, Product=2, SerialNumber=1
[   18.348125][    T1] usb usb20: Product: USB/IP Virtual Host Controller
[   18.348925][    T1] usb usb20: Manufacturer: Linux 5.17.0-rc7-ge418c64aa4e3-dirty vhci_hcd
[   18.349932][    T1] usb usb20: SerialNumber: vhci_hcd.9
[   18.351741][    T1] hub 20-0:1.0: USB hub found
[   18.352460][    T1] hub 20-0:1.0: 8 ports detected
[   18.356417][    T1] vhci_hcd vhci_hcd.9: USB/IP Virtual Host Controller
[   18.357558][    T1] vhci_hcd vhci_hcd.9: new USB bus registered, assigned bus number 21
[   18.358759][    T1] usb usb21: We don't know the algorithms for LPM for this host, disabling LPM.
[   18.360104][    T1] usb usb21: New USB device found, idVendor=1d6b, idProduct=0003, bcdDevice= 5.17
[   18.361209][    T1] usb usb21: New USB device strings: Mfr=3, Product=2, SerialNumber=1
[   18.362174][    T1] usb usb21: Product: USB/IP Virtual Host Controller
[   18.362959][    T1] usb usb21: Manufacturer: Linux 5.17.0-rc7-ge418c64aa4e3-dirty vhci_hcd
[   18.363953][    T1] usb usb21: SerialNumber: vhci_hcd.9
[   18.366717][    T1] hub 21-0:1.0: USB hub found
[   18.367439][    T1] hub 21-0:1.0: 8 ports detected
[   18.371795][    T1] vhci_hcd vhci_hcd.10: USB/IP Virtual Host Controller
[   18.373070][    T1] vhci_hcd vhci_hcd.10: new USB bus registered, assigned bus number 22
[   18.374573][    T1] usb usb22: New USB device found, idVendor=1d6b, idProduct=0002, bcdDevice= 5.17
[   18.375677][    T1] usb usb22: New USB device strings: Mfr=3, Product=2, SerialNumber=1
[   18.376646][    T1] usb usb22: Product: USB/IP Virtual Host Controller
[   18.377441][    T1] usb usb22: Manufacturer: Linux 5.17.0-rc7-ge418c64aa4e3-dirty vhci_hcd
[   18.378436][    T1] usb usb22: SerialNumber: vhci_hcd.10
[   18.380258][    T1] hub 22-0:1.0: USB hub found
[   18.380999][    T1] hub 22-0:1.0: 8 ports detected
[   18.384650][    T1] vhci_hcd vhci_hcd.10: USB/IP Virtual Host Controller
[   18.385848][    T1] vhci_hcd vhci_hcd.10: new USB bus registered, assigned bus number 23
[   18.387065][    T1] usb usb23: We don't know the algorithms for LPM for this host, disabling LPM.
[   18.388400][    T1] usb usb23: New USB device found, idVendor=1d6b, idProduct=0003, bcdDevice= 5.17
[   18.389510][    T1] usb usb23: New USB device strings: Mfr=3, Product=2, SerialNumber=1
[   18.390480][    T1] usb usb23: Product: USB/IP Virtual Host Controller
[   18.391268][    T1] usb usb23: Manufacturer: Linux 5.17.0-rc7-ge418c64aa4e3-dirty vhci_hcd
[   18.392267][    T1] usb usb23: SerialNumber: vhci_hcd.10
[   18.394664][    T1] hub 23-0:1.0: USB hub found
[   18.395320][    T1] hub 23-0:1.0: 8 ports detected
[   18.399655][    T1] vhci_hcd vhci_hcd.11: USB/IP Virtual Host Controller
[   18.400940][    T1] vhci_hcd vhci_hcd.11: new USB bus registered, assigned bus number 24
[   18.402350][    T1] usb usb24: New USB device found, idVendor=1d6b, idProduct=0002, bcdDevice= 5.17
[   18.403451][    T1] usb usb24: New USB device strings: Mfr=3, Product=2, SerialNumber=1
[   18.404959][    T1] usb usb24: Product: USB/IP Virtual Host Controller
[   18.405765][    T1] usb usb24: Manufacturer: Linux 5.17.0-rc7-ge418c64aa4e3-dirty vhci_hcd
[   18.406769][    T1] usb usb24: SerialNumber: vhci_hcd.11
[   18.408601][    T1] hub 24-0:1.0: USB hub found
[   18.409327][    T1] hub 24-0:1.0: 8 ports detected
[   18.412880][    T1] vhci_hcd vhci_hcd.11: USB/IP Virtual Host Controller
[   18.414017][    T1] vhci_hcd vhci_hcd.11: new USB bus registered, assigned bus number 25
[   18.415276][    T1] usb usb25: We don't know the algorithms for LPM for this host, disabling LPM.
[   18.416615][    T1] usb usb25: New USB device found, idVendor=1d6b, idProduct=0003, bcdDevice= 5.17
[   18.417723][    T1] usb usb25: New USB device strings: Mfr=3, Product=2, SerialNumber=1
[   18.418690][    T1] usb usb25: Product: USB/IP Virtual Host Controller
[   18.419482][    T1] usb usb25: Manufacturer: Linux 5.17.0-rc7-ge418c64aa4e3-dirty vhci_hcd
[   18.420478][    T1] usb usb25: SerialNumber: vhci_hcd.11
[   18.422347][    T1] hub 25-0:1.0: USB hub found
[   18.423075][    T1] hub 25-0:1.0: 8 ports detected
[   18.428054][    T1] vhci_hcd vhci_hcd.12: USB/IP Virtual Host Controller
[   18.429578][    T1] vhci_hcd vhci_hcd.12: new USB bus registered, assigned bus number 26
[   18.430983][    T1] usb usb26: New USB device found, idVendor=1d6b, idProduct=0002, bcdDevice= 5.17
[   18.432082][    T1] usb usb26: New USB device strings: Mfr=3, Product=2, SerialNumber=1
[   18.433062][    T1] usb usb26: Product: USB/IP Virtual Host Controller
[   18.433860][    T1] usb usb26: Manufacturer: Linux 5.17.0-rc7-ge418c64aa4e3-dirty vhci_hcd
[   18.434897][    T1] usb usb26: SerialNumber: vhci_hcd.12
[   18.436737][    T1] hub 26-0:1.0: USB hub found
[   18.437489][    T1] hub 26-0:1.0: 8 ports detected
[   18.441054][    T1] vhci_hcd vhci_hcd.12: USB/IP Virtual Host Controller
[   18.442186][    T1] vhci_hcd vhci_hcd.12: new USB bus registered, assigned bus number 27
[   18.443402][    T1] usb usb27: We don't know the algorithms for LPM for this host, disabling LPM.
[   18.444819][    T1] usb usb27: New USB device found, idVendor=1d6b, idProduct=0003, bcdDevice= 5.17
[   18.445919][    T1] usb usb27: New USB device strings: Mfr=3, Product=2, SerialNumber=1
[   18.446887][    T1] usb usb27: Product: USB/IP Virtual Host Controller
[   18.447675][    T1] usb usb27: Manufacturer: Linux 5.17.0-rc7-ge418c64aa4e3-dirty vhci_hcd
[   18.448672][    T1] usb usb27: SerialNumber: vhci_hcd.12
[   18.450539][    T1] hub 27-0:1.0: USB hub found
[   18.451262][    T1] hub 27-0:1.0: 8 ports detected
[   18.455964][    T1] vhci_hcd vhci_hcd.13: USB/IP Virtual Host Controller
[   18.457245][    T1] vhci_hcd vhci_hcd.13: new USB bus registered, assigned bus number 28
[   18.458659][    T1] usb usb28: New USB device found, idVendor=1d6b, idProduct=0002, bcdDevice= 5.17
[   18.459760][    T1] usb usb28: New USB device strings: Mfr=3, Product=2, SerialNumber=1
[   18.460731][    T1] usb usb28: Product: USB/IP Virtual Host Controller
[   18.461534][    T1] usb usb28: Manufacturer: Linux 5.17.0-rc7-ge418c64aa4e3-dirty vhci_hcd
[   18.462537][    T1] usb usb28: SerialNumber: vhci_hcd.13
[   18.464507][    T1] hub 28-0:1.0: USB hub found
[   18.465270][    T1] hub 28-0:1.0: 8 ports detected
[   18.468828][    T1] vhci_hcd vhci_hcd.13: USB/IP Virtual Host Controller
[   18.469982][    T1] vhci_hcd vhci_hcd.13: new USB bus registered, assigned bus number 29
[   18.471191][    T1] usb usb29: We don't know the algorithms for LPM for this host, disabling LPM.
[   18.472538][    T1] usb usb29: New USB device found, idVendor=1d6b, idProduct=0003, bcdDevice= 5.17
[   18.473642][    T1] usb usb29: New USB device strings: Mfr=3, Product=2, SerialNumber=1
[   18.474792][    T1] usb usb29: Product: USB/IP Virtual Host Controller
[   18.475605][    T1] usb usb29: Manufacturer: Linux 5.17.0-rc7-ge418c64aa4e3-dirty vhci_hcd
[   18.476602][    T1] usb usb29: SerialNumber: vhci_hcd.13
[   18.478464][    T1] hub 29-0:1.0: USB hub found
[   18.479186][    T1] hub 29-0:1.0: 8 ports detected
[   18.483565][    T1] vhci_hcd vhci_hcd.14: USB/IP Virtual Host Controller
[   18.484919][    T1] vhci_hcd vhci_hcd.14: new USB bus registered, assigned bus number 30
[   18.486319][    T1] usb usb30: New USB device found, idVendor=1d6b, idProduct=0002, bcdDevice= 5.17
[   18.487421][    T1] usb usb30: New USB device strings: Mfr=3, Product=2, SerialNumber=1
[   18.488392][    T1] usb usb30: Product: USB/IP Virtual Host Controller
[   18.489189][    T1] usb usb30: Manufacturer: Linux 5.17.0-rc7-ge418c64aa4e3-dirty vhci_hcd
[   18.490184][    T1] usb usb30: SerialNumber: vhci_hcd.14
[   18.492017][    T1] hub 30-0:1.0: USB hub found
[   18.492738][    T1] hub 30-0:1.0: 8 ports detected
[   18.496652][    T1] vhci_hcd vhci_hcd.14: USB/IP Virtual Host Controller
[   18.497808][    T1] vhci_hcd vhci_hcd.14: new USB bus registered, assigned bus number 31
[   18.499018][    T1] usb usb31: We don't know the algorithms for LPM for this host, disabling LPM.
[   18.500356][    T1] usb usb31: New USB device found, idVendor=1d6b, idProduct=0003, bcdDevice= 5.17
[   18.501458][    T1] usb usb31: New USB device strings: Mfr=3, Product=2, SerialNumber=1
[   18.502425][    T1] usb usb31: Product: USB/IP Virtual Host Controller
[   18.503212][    T1] usb usb31: Manufacturer: Linux 5.17.0-rc7-ge418c64aa4e3-dirty vhci_hcd
[   18.504272][    T1] usb usb31: SerialNumber: vhci_hcd.14
[   18.506140][    T1] hub 31-0:1.0: USB hub found
[   18.506867][    T1] hub 31-0:1.0: 8 ports detected
[   18.511204][    T1] vhci_hcd vhci_hcd.15: USB/IP Virtual Host Controller
[   18.512719][    T1] vhci_hcd vhci_hcd.15: new USB bus registered, assigned bus number 32
[   18.514167][    T1] usb usb32: New USB device found, idVendor=1d6b, idProduct=0002, bcdDevice= 5.17
[   18.515429][    T1] usb usb32: New USB device strings: Mfr=3, Product=2, SerialNumber=1
[   18.516403][    T1] usb usb32: Product: USB/IP Virtual Host Controller
[   18.517203][    T1] usb usb32: Manufacturer: Linux 5.17.0-rc7-ge418c64aa4e3-dirty vhci_hcd
[   18.518199][    T1] usb usb32: SerialNumber: vhci_hcd.15
[   18.520015][    T1] hub 32-0:1.0: USB hub found
[   18.520734][    T1] hub 32-0:1.0: 8 ports detected
[   18.524318][    T1] vhci_hcd vhci_hcd.15: USB/IP Virtual Host Controller
[   18.525474][    T1] vhci_hcd vhci_hcd.15: new USB bus registered, assigned bus number 33
[   18.526680][    T1] usb usb33: We don't know the algorithms for LPM for this host, disabling LPM.
[   18.528017][    T1] usb usb33: New USB device found, idVendor=1d6b, idProduct=0003, bcdDevice= 5.17
[   18.529124][    T1] usb usb33: New USB device strings: Mfr=3, Product=2, SerialNumber=1
[   18.530092][    T1] usb usb33: Product: USB/IP Virtual Host Controller
[   18.530878][    T1] usb usb33: Manufacturer: Linux 5.17.0-rc7-ge418c64aa4e3-dirty vhci_hcd
[   18.531871][    T1] usb usb33: SerialNumber: vhci_hcd.15
[   18.533713][    T1] hub 33-0:1.0: USB hub found
[   18.534594][    T1] hub 33-0:1.0: 8 ports detected
[   18.539228][    T1] usbcore: registered new device driver usbip-host
[   18.541791][    T1] i8042: PNP: PS/2 Controller [PNP0303:KBD,PNP0f13:MOU] at 0x60,0x64 irq 1,12
[   18.546118][    T1] serio: i8042 KBD port at 0x60,0x64 irq 1
[   18.547432][    T1] serio: i8042 AUX port at 0x60,0x64 irq 12
[   18.549879][    T1] mousedev: PS/2 mouse device common for all mice
[   18.552869][    T5] input: AT Translated Set 2 keyboard as /devices/platform/i8042/serio0/input/input1
[   18.556645][    T1] usbcore: registered new interface driver appletouch
[   18.557890][    T1] usbcore: registered new interface driver bcm5974
[   18.559091][    T1] usbcore: registered new interface driver synaptics_usb
[   18.560428][    T1] usbcore: registered new interface driver iforce
[   18.561512][    T1] usbcore: registered new interface driver xpad
[   18.562462][    T1] usbcore: registered new interface driver usb_acecad
[   18.563481][    T1] usbcore: registered new interface driver aiptek
[   18.569874][    T1] usbcore: registered new interface driver hanwang
[   18.570794][    T1] usbcore: registered new interface driver kbtab
[   18.571678][    T1] usbcore: registered new interface driver pegasus_notetaker
[   18.572772][    T1] usbcore: registered new interface driver usbtouchscreen
[   18.573791][    T1] usbcore: registered new interface driver sur40
[   18.574773][    T1] usbcore: registered new interface driver ati_remote2
[   18.575611][    T1] cm109: Keymap for Komunikate KIP1000 phone loaded
[   18.576555][    T1] usbcore: registered new interface driver cm109
[   18.577326][    T1] cm109: CM109 phone driver: 20080805 (C) Alfred E. Heggestad
[   18.578345][    T1] usbcore: registered new interface driver ims_pcu
[   18.579265][    T1] usbcore: registered new interface driver keyspan_remote
[   18.580238][    T1] usbcore: registered new interface driver powermate
[   18.581344][    T1] usbcore: registered new interface driver yealink
[   18.582651][    T1] rtc_cmos 00:05: RTC can wake from S4
[   18.585786][    T1] rtc_cmos 00:05: registered as rtc0
[   18.586443][    T1] rtc_cmos 00:05: alarms up to one day, y3k, 242 bytes nvram, hpet irqs
[   18.587661][    T1] i2c_dev: i2c /dev entries driver
[   18.588578][    T1] usbcore: registered new interface driver i2c-diolan-u2c
[   18.589617][    T1] usbcore: registered new interface driver RobotFuzz Open Source InterFace, OSIF
[   18.590845][    T1] usbcore: registered new interface driver i2c-tiny-usb
[   18.592370][    T1] usbcore: registered new interface driver ati_remote
[   18.593352][    T1] usbcore: registered new interface driver imon
[   18.596017][    T1] usbcore: registered new interface driver mceusb
[   18.596943][    T1] usbcore: registered new interface driver redrat3
[   18.597854][    T1] usbcore: registered new interface driver streamzap
[   18.598781][    T1] usbcore: registered new interface driver igorplugusb
[   18.599794][    T1] usbcore: registered new interface driver iguanair
[   18.600731][    T1] usbcore: registered new interface driver ttusbir
[   18.601711][    T1] b2c2-flexcop: B2C2 FlexcopII/II(b)/III digital TV receiver chip loaded successfully
[   18.603054][    T1] usbcore: registered new interface driver ttusb-dec
[   18.604008][    T1] usbcore: registered new interface driver ttusb
[   18.604988][    T1] usbcore: registered new interface driver dvb_usb_vp7045
[   18.605991][    T1] usbcore: registered new interface driver dvb_usb_vp702x
[   18.606983][    T1] usbcore: registered new interface driver dvb_usb_gp8psk
[   18.607985][    T1] usbcore: registered new interface driver dvb_usb_dtt200u
[   18.608998][    T1] usbcore: registered new interface driver dvb_usb_a800
[   18.610006][    T1] usbcore: registered new interface driver dvb_usb_dibusb_mb
[   18.611040][    T1] usbcore: registered new interface driver dvb_usb_dibusb_mc
[   18.612064][    T1] usbcore: registered new interface driver dvb_usb_nova_t_usb2
[   18.613119][    T1] usbcore: registered new interface driver dvb_usb_umt_010
[   18.614128][    T1] usbcore: registered new interface driver dvb_usb_m920x
[   18.615337][    T1] usbcore: registered new interface driver dvb_usb_digitv
[   18.616355][    T1] usbcore: registered new interface driver dvb_usb_cxusb
[   18.617352][    T1] usbcore: registered new interface driver dvb_usb_ttusb2
[   18.618448][    T1] usbcore: registered new interface driver dvb_usb_dib0700
[   18.619458][    T1] usbcore: registered new interface driver opera1
[   18.620379][    T1] usbcore: registered new interface driver dvb_usb_af9005
[   18.621394][    T1] usbcore: registered new interface driver pctv452e
[   18.622346][    T1] usbcore: registered new interface driver dw2102
[   18.623258][    T1] usbcore: registered new interface driver dvb_usb_dtv5100
[   18.624299][    T1] usbcore: registered new interface driver cinergyT2
[   18.625421][    T1] usbcore: registered new interface driver dvb_usb_az6027
[   18.626382][    T1] usbcore: registered new interface driver dvb_usb_technisat_usb2
[   18.627482][    T1] usbcore: registered new interface driver dvb_usb_af9015
[   18.628489][    T1] usbcore: registered new interface driver dvb_usb_af9035
[   18.629460][    T1] usbcore: registered new interface driver dvb_usb_anysee
[   18.630417][    T1] usbcore: registered new interface driver dvb_usb_au6610
[   18.631374][    T1] usbcore: registered new interface driver dvb_usb_az6007
[   18.632339][    T1] usbcore: registered new interface driver dvb_usb_ce6230
[   18.633306][    T1] usbcore: registered new interface driver dvb_usb_ec168
[   18.634278][    T1] usbcore: registered new interface driver dvb_usb_lmedm04
[   18.635247][    T1] usbcore: registered new interface driver dvb_usb_gl861
[   18.636235][    T1] usbcore: registered new interface driver dvb_usb_mxl111sf
[   18.637274][    T1] usbcore: registered new interface driver dvb_usb_rtl28xxu
[   18.638281][    T1] usbcore: registered new interface driver dvb_usb_dvbsky
[   18.639243][    T1] usbcore: registered new interface driver zd1301
[   18.640163][    T1] usbcore: registered new interface driver smsusb
[   18.641055][    T1] usbcore: registered new interface driver b2c2_flexcop_usb
[   18.642064][    T1] usbcore: registered new interface driver zr364xx
[   18.642964][    T1] usbcore: registered new interface driver stkwebcam
[   18.643881][    T1] usbcore: registered new interface driver s2255
[   18.644938][    T1] usbcore: registered new interface driver uvcvideo
[   18.645722][    T1] gspca_main: v2.14.0 registered
[   18.646408][    T1] usbcore: registered new interface driver benq
[   18.647253][    T1] usbcore: registered new interface driver conex
[   18.648110][    T1] usbcore: registered new interface driver cpia1
[   18.648969][    T1] usbcore: registered new interface driver dtcs033
[   18.649857][    T1] usbcore: registered new interface driver etoms
[   18.650747][    T1] usbcore: registered new interface driver finepix
[   18.651634][    T1] usbcore: registered new interface driver jeilinj
[   18.652516][    T1] usbcore: registered new interface driver jl2005bcd
[   18.653441][    T1] usbcore: registered new interface driver kinect
[   18.654353][    T1] usbcore: registered new interface driver konica
[   18.655221][    T1] usbcore: registered new interface driver mars
[   18.656093][    T1] usbcore: registered new interface driver mr97310a
[   18.657017][    T1] usbcore: registered new interface driver nw80x
[   18.657919][    T1] usbcore: registered new interface driver ov519
[   18.658778][    T1] usbcore: registered new interface driver ov534
[   18.659639][    T1] usbcore: registered new interface driver ov534_9
[   18.660552][    T1] usbcore: registered new interface driver pac207
[   18.661451][    T1] usbcore: registered new interface driver gspca_pac7302
[   18.662395][    T1] usbcore: registered new interface driver pac7311
[   18.663282][    T1] usbcore: registered new interface driver se401
[   18.664167][    T1] usbcore: registered new interface driver sn9c2028
[   18.665112][    T1] usbcore: registered new interface driver gspca_sn9c20x
[   18.666102][    T1] usbcore: registered new interface driver sonixb
[   18.667019][    T1] usbcore: registered new interface driver sonixj
[   18.668097][    T1] usbcore: registered new interface driver spca500
[   18.668991][    T1] usbcore: registered new interface driver spca501
[   18.669865][    T1] usbcore: registered new interface driver spca505
[   18.670747][    T1] usbcore: registered new interface driver spca506
[   18.671636][    T1] usbcore: registered new interface driver spca508
[   18.672531][    T1] usbcore: registered new interface driver spca561
[   18.673415][    T1] usbcore: registered new interface driver spca1528
[   18.674598][    T1] usbcore: registered new interface driver sq905
[   18.675464][    T1] usbcore: registered new interface driver sq905c
[   18.676342][    T1] usbcore: registered new interface driver sq930x
[   18.677286][    T1] usbcore: registered new interface driver sunplus
[   18.678168][    T1] usbcore: registered new interface driver stk014
[   18.679036][    T1] usbcore: registered new interface driver stk1135
[   18.679920][    T1] usbcore: registered new interface driver stv0680
[   18.680800][    T1] usbcore: registered new interface driver t613
[   18.682032][    T1] usbcore: registered new interface driver gspca_topro
[   18.683076][    T1] usbcore: registered new interface driver touptek
[   18.683986][    T1] usbcore: registered new interface driver tv8532
[   18.685001][    T1] usbcore: registered new interface driver vc032x
[   18.685921][    T1] usbcore: registered new interface driver vicam
[   18.686963][    T1] usbcore: registered new interface driver xirlink-cit
[   18.688176][    T1] usbcore: registered new interface driver gspca_zc3xx
[   18.689355][    T1] usbcore: registered new interface driver ALi m5602
[   18.690524][    T1] usbcore: registered new interface driver STV06xx
[   18.691673][    T1] usbcore: registered new interface driver gspca_gl860
[   18.692893][    T1] usbcore: registered new interface driver Philips webcam
[   18.693868][    T1] usbcore: registered new interface driver airspy
[   18.694986][    T1] usbcore: registered new interface driver hackrf
[   18.695930][    T1] usbcore: registered new interface driver msi2500
[   18.696714][    T1] cpia2: V4L-Driver for Vision CPiA2 based cameras v3.0.1
[   18.697711][    T1] usbcore: registered new interface driver cpia2
[   18.698616][    T1] au0828: au0828 driver loaded
[   18.699496][    T1] usbcore: registered new interface driver au0828
[   18.700586][    T1] usbcore: registered new interface driver hdpvr
[   18.702016][    T1] usbcore: registered new interface driver pvrusb2
[   18.702822][    T1] pvrusb2: V4L in-tree version:Hauppauge WinTV-PVR-USB2 MPEG2 Encoder/Tuner
[   18.703873][    T1] pvrusb2: Debug mask is 31 (0x1f)
[   18.707041][    T1] usbcore: registered new interface driver stk1160
[   18.708010][    T1] usbcore: registered new interface driver cx231xx
[   18.709008][    T1] usbcore: registered new interface driver tm6000
[   18.710090][    T1] usbcore: registered new interface driver em28xx
[   18.710884][    T1] em28xx: Registered (Em28xx v4l2 Extension) extension
[   18.711723][    T1] em28xx: Registered (Em28xx Audio Extension) extension
[   18.712565][    T1] em28xx: Registered (Em28xx dvb Extension) extension
[   18.713395][    T1] em28xx: Registered (Em28xx Input Extension) extension
[   18.714494][    T1] usbcore: registered new interface driver usbtv
[   18.715428][    T1] usbcore: registered new interface driver go7007
[   18.716332][    T1] usbcore: registered new interface driver go7007-loader
[   18.717386][    T1] usbcore: registered new interface driver Abilis Systems as10x usb driver
[   18.725222][    T1] vivid-000: using single planar format API
[   18.731502][    T1] vivid-000: CEC adapter cec0 registered for HDMI input 0
[   18.732741][    T1] vivid-000: V4L2 capture device registered as video3
[   18.733985][    T1] vivid-000: CEC adapter cec1 registered for HDMI output 0
[   18.735364][    T1] vivid-000: V4L2 output device registered as video4
[   18.736423][    T1] vivid-000: V4L2 capture device registered as vbi0, supports raw and sliced VBI
[   18.737822][    T1] vivid-000: V4L2 output device registered as vbi1, supports raw and sliced VBI
[   18.739387][    T1] vivid-000: V4L2 capture device registered as swradio0
[   18.740638][    T1] vivid-000: V4L2 receiver device registered as radio0
[   18.741972][    T1] vivid-000: V4L2 transmitter device registered as radio1
[   18.743322][    T1] vivid-000: V4L2 metadata capture device registered as video5
[   18.745078][    T1] vivid-000: V4L2 metadata output device registered as video6
[   18.746325][    T1] vivid-000: V4L2 touch capture device registered as v4l-touch0
[   18.748209][    T1] vim2m vim2m.0: Device registered as /dev/video0
[   18.750179][    T1] vicodec vicodec.0: Device 'stateful-encoder' registered as /dev/video8
[   18.751861][    T1] vicodec vicodec.0: Device 'stateful-decoder' registered as /dev/video9
[   18.753917][    T1] vicodec vicodec.0: Device 'stateless-decoder' registered as /dev/video10
[   18.759138][    T1] dvbdev: DVB: registering new adapter (dvb_vidtv_bridge)
[   18.761927][    T1] i2c i2c-0: DVB: registering adapter 0 frontend 0 (Dummy demod for DVB-T/T2/C/S/S2)...
[   18.763220][    T1] dvbdev: dvb_create_media_entity: media entity 'Dummy demod for DVB-T/T2/C/S/S2' registered.
[   18.767750][    T1] dvbdev: dvb_create_media_entity: media entity 'dvb-demux' registered.
[   18.771131][    T1] vidtv vidtv.0: Successfully initialized vidtv!
[   18.772286][    T1] usbcore: registered new interface driver radioshark
[   18.773346][    T1] usbcore: registered new interface driver radioshark2
[   18.774861][    T1] usbcore: registered new interface driver dsbr100
[   18.776132][    T1] usbcore: registered new interface driver radio-si470x
[   18.777309][    T1] usbcore: registered new interface driver radio-usb-si4713
[   18.778539][    T1] usbcore: registered new interface driver radio-mr800
[   18.779613][    T1] usbcore: registered new interface driver radio-keene
[   18.780800][    T1] usbcore: registered new interface driver radio-ma901
[   18.782272][    T1] usbcore: registered new interface driver radio-raremono
[   18.784347][    T1] usbcore: registered new interface driver pcwd_usb
[   18.786800][    T1] device-mapper: core: CONFIG_IMA_DISABLE_HTABLE is disabled. Duplicate IMA measurements will not be recorded in the IMA log.
[   18.788536][    T1] device-mapper: uevent: version 1.0.3
[   18.789897][    T1] device-mapper: ioctl: 4.45.0-ioctl (2021-03-22) initialised: dm-devel@redhat.com
[   18.792156][    T1] device-mapper: multipath round-robin: version 1.2.0 loaded
[   18.793092][    T1] device-mapper: multipath queue-length: version 0.2.0 loaded
[   18.794010][    T1] device-mapper: multipath service-time: version 0.3.0 loaded
[   18.795963][    T1] device-mapper: raid: Loading target version 1.15.1
[   18.797674][    T1] Bluetooth: HCI UART driver ver 2.3
[   18.798330][    T1] Bluetooth: HCI UART protocol H4 registered
[   18.799059][    T1] Bluetooth: HCI UART protocol BCSP registered
[   18.799875][    T1] Bluetooth: HCI UART protocol LL registered
[   18.800673][    T1] Bluetooth: HCI UART protocol Three-wire (H5) registered
[   18.801622][    T1] Bluetooth: HCI UART protocol QCA registered
[   18.802377][    T1] Bluetooth: HCI UART protocol AG6XX registered
[   18.803209][    T1] Bluetooth: HCI UART protocol Marvell registered
[   18.804221][    T1] usbcore: registered new interface driver bcm203x
[   18.805183][    T1] usbcore: registered new interface driver bpa10x
[   18.806116][    T1] usbcore: registered new interface driver bfusb
[   18.807091][    T1] usbcore: registered new interface driver btusb
[   18.808087][    T1] usbcore: registered new interface driver ath3k
[   18.809549][    T1] CAPI 2.0 started up with major 68 (middleware)
[   18.810344][    T1] Modular ISDN core version 1.1.29
[   18.811263][    T1] NET: Registered PF_ISDN protocol family
[   18.811978][    T1] DSP module 2.0
[   18.812417][    T1] mISDN_dsp: DSP clocks every 80 samples. This equals 1 jiffies.
[   18.823832][    T1] mISDN: Layer-1-over-IP driver Rev. 2.00
[   18.825025][    T1] 0 virtual devices registered
[   18.825798][    T1] usbcore: registered new interface driver HFC-S_USB
[   18.826635][    T1] VUB300 Driver rom wait states = 1C irqpoll timeout = 0400
[   18.827365][    T1] usbcore: registered new interface driver vub300
[   18.829142][    T1] usbcore: registered new interface driver ushc
[   18.832877][    T1] iscsi: registered transport (iser)
[   18.834540][    T1] SoftiWARP attached
[   18.835322][    T1] Driver 'memconsole' was unable to register with bus_type 'coreboot' because the bus was not initialized.
[   18.836724][    T1] Driver 'vpd' was unable to register with bus_type 'coreboot' because the bus was not initialized.
[   18.842684][    T1] hid: raw HID events driver (C) Jiri Kosina
[   18.867726][    T1] usbcore: registered new interface driver usbhid
[   18.868511][    T1] usbhid: USB HID core driver
[   18.870338][    T1] usbcore: registered new interface driver es2_ap_driver
[   18.871363][    T1] comedi: version 0.7.76 - http://www.comedi.org
[   18.872501][    T1] usbcore: registered new interface driver dt9812
[   18.873607][    T1] usbcore: registered new interface driver ni6501
[   18.875381][    T1] usbcore: registered new interface driver usbdux
[   18.876645][    T1] usbcore: registered new interface driver usbduxfast
[   18.877667][    T1] usbcore: registered new interface driver usbduxsigma
[   18.878790][    T1] usbcore: registered new interface driver vmk80xx
[   18.879745][    T1] usbcore: registered new interface driver prism2_usb
[   18.880794][    T1] usbcore: registered new interface driver r8712u
[   18.882282][    T1] ashmem: initialized
[   18.882947][    T1] greybus: registered new driver hid
[   18.883891][    T1] greybus: registered new driver gbphy
[   18.888781][    T1] gb_gbphy: registered new driver usb
[   18.889565][    T1] asus_wmi: ASUS WMI generic driver loaded
[   18.922283][    T1] usbcore: registered new interface driver snd-usb-audio
[   18.923293][    T1] usbcore: registered new interface driver snd-ua101
[   18.924596][    T1] usbcore: registered new interface driver snd-usb-usx2y
[   18.925650][    T1] usbcore: registered new interface driver snd-usb-us122l
[   18.926753][    T1] usbcore: registered new interface driver snd-usb-caiaq
[   18.927872][    T1] usbcore: registered new interface driver snd-usb-6fire
[   18.928884][    T1] usbcore: registered new interface driver snd-usb-hiface
[   18.929852][    T1] usbcore: registered new interface driver snd-bcd2000
[   18.930879][    T1] usbcore: registered new interface driver snd_usb_pod
[   18.931910][    T1] usbcore: registered new interface driver snd_usb_podhd
[   18.932876][    T1] usbcore: registered new interface driver snd_usb_toneport
[   18.934029][    T1] usbcore: registered new interface driver snd_usb_variax
[   18.938595][    T1] drop_monitor: Initializing network drop monitor service
[   18.939658][    T1] NET: Registered PF_LLC protocol family
[   18.940448][    T1] GACT probability on
[   18.940960][    T1] Mirror/redirect action on
[   18.941615][    T1] Simple TC action Loaded
[   18.943207][    T1] netem: version 1.3
[   18.943891][    T1] u32 classifier
[   18.944514][    T1]     Performance counters on
[   18.945087][    T1]     input device check on
[   18.945635][    T1]     Actions configured
[   18.950240][    T1] xt_time: kernel timezone is -0000
[   18.951078][    T1] IPVS: Registered protocols (TCP, UDP, SCTP, AH, ESP)
[   18.952291][    T1] IPVS: Connection hash table configured (size=4096, memory=64Kbytes)
[   18.953780][    T1] IPVS: ipvs loaded.
[   18.954404][    T1] IPVS: [rr] scheduler registered.
[   18.955058][    T1] IPVS: [wrr] scheduler registered.
[   18.955684][    T1] IPVS: [lc] scheduler registered.
[   18.956296][    T1] IPVS: [wlc] scheduler registered.
[   18.957004][    T1] IPVS: [fo] scheduler registered.
[   18.957745][    T1] IPVS: [ovf] scheduler registered.
[   18.958419][    T1] IPVS: [lblc] scheduler registered.
[   18.959195][    T1] IPVS: [lblcr] scheduler registered.
[   18.959943][    T1] IPVS: [dh] scheduler registered.
[   18.960682][    T1] IPVS: [sh] scheduler registered.
[   18.961431][    T1] IPVS: [mh] scheduler registered.
[   18.962140][    T1] IPVS: [sed] scheduler registered.
[   18.962859][    T1] IPVS: [nq] scheduler registered.
[   18.963595][    T1] IPVS: [twos] scheduler registered.
[   18.964487][    T1] IPVS: [sip] pe registered.
[   18.965246][    T1] ipip: IPv4 and MPLS over IPv4 tunneling driver
[   18.967364][    T1] gre: GRE over IPv4 demultiplexor driver
[   18.968183][    T1] ip_gre: GRE over IPv4 tunneling driver
[   18.972144][    T1] IPv4 over IPsec tunneling driver
[   18.973867][    T1] ipt_CLUSTERIP: ClusterIP Version 0.8 loaded successfully
[   18.974909][    T1] Initializing XFRM netlink socket
[   18.975745][    T1] IPsec XFRM device driver
[   18.977921][    T1] NET: Registered PF_INET6 protocol family
[   18.984669][    T1] Segment Routing with IPv6
[   18.985351][    T1] RPL Segment Routing with IPv6
[   18.986076][    T1] In-situ OAM (IOAM) with IPv6
[   18.987012][    T1] mip6: Mobile IPv6
[   18.989568][    T1] sit: IPv6, IPv4 and MPLS over IPv4 tunneling driver
[   18.995217][    T1] ip6_gre: GRE over IPv6 tunneling driver
[   18.996865][    T1] NET: Registered PF_PACKET protocol family
[   18.997612][    T1] NET: Registered PF_KEY protocol family
[   18.998620][    T1] Bridge firewalling registered
[   18.999596][    T1] NET: Registered PF_X25 protocol family
[   19.000941][    T1] X25: Linux Version 0.2
[   19.007511][    T1] NET: Registered PF_NETROM protocol family
[   19.017626][    T1] NET: Registered PF_ROSE protocol family
[   19.018390][    T1] NET: Registered PF_AX25 protocol family
[   19.019106][    T1] can: controller area network core
[   19.019961][    T1] NET: Registered PF_CAN protocol family
[   19.020642][    T1] can: raw protocol
[   19.021123][    T1] can: broadcast manager protocol
[   19.021738][    T1] can: netlink gateway - max_hops=1
[   19.022538][    T1] can: SAE J1939
[   19.022979][    T1] can: isotp protocol
[   19.023770][    T1] Bluetooth: RFCOMM TTY layer initialized
