bash: warning: setlocale: LC_ALL: cannot change locale (en_US.UTF-8)
c[?7l[2J[0mSeaBIOS (version 1.16.2-debian-1.16.2-1)


iPXE (http://ipxe.org) 00:03.0 CA00 PCI2.10 PnP PMM+7EFCEF00+7EF0EF00 CA00
Press Ctrl-B to configure iPXE (PCI 00:03.0)...                                                                               


Booting from ROM..c[?7l[2J[0m.[    0.000000] Linux version 6.5.0-rc3-00173-g76e42ae83199-dirty (root@buildkitsandbox) (gcc (Debian 12.2.0-14+deb12u1) 12.2.0, GNU ld (GNU Binutils for Debian) 2.40) #1 SMP PREEMPT_DYNAMIC Tue May  5 11:05:44 UTC 2026
[    0.000000] Command line: console=ttyS0 oops=panic nokaslr rdinit=/init
[    0.000000] BIOS-provided physical RAM map:
[    0.000000] BIOS-e820: [mem 0x0000000000000000-0x000000000009fbff] usable
[    0.000000] BIOS-e820: [mem 0x000000000009fc00-0x000000000009ffff] reserved
[    0.000000] BIOS-e820: [mem 0x00000000000f0000-0x00000000000fffff] reserved
[    0.000000] BIOS-e820: [mem 0x0000000000100000-0x000000007ffdffff] usable
[    0.000000] BIOS-e820: [mem 0x000000007ffe0000-0x000000007fffffff] reserved
[    0.000000] BIOS-e820: [mem 0x00000000feffc000-0x00000000feffffff] reserved
[    0.000000] BIOS-e820: [mem 0x00000000fffc0000-0x00000000ffffffff] reserved
[    0.000000] NX (Execute Disable) protection: active
[    0.000000] SMBIOS 2.8 present.
[    0.000000] DMI: QEMU Standard PC (i440FX + PIIX, 1996), BIOS 1.16.2-debian-1.16.2-1 04/01/2014
[    0.000000] Hypervisor detected: KVM
[    0.000000] kvm-clock: Using msrs 4b564d01 and 4b564d00
[    0.000000] kvm-clock: using sched offset of 274114812 cycles
[    0.000002] clocksource: kvm-clock: mask: 0xffffffffffffffff max_cycles: 0x1cd42e4dffb, max_idle_ns: 881590591483 ns
[    0.000004] tsc: Detected 3187.200 MHz processor
[    0.000303] last_pfn = 0x7ffe0 max_arch_pfn = 0x400000000
[    0.000320] MTRR map: 4 entries (3 fixed + 1 variable; max 19), built from 8 variable MTRRs
[    0.000322] x86/PAT: Configuration [0-7]: WB  WC  UC- UC  WB  WP  UC- WT  
[    0.002165] found SMP MP-table at [mem 0x000f5ba0-0x000f5baf]
[    0.002172] Using GB pages for direct mapping
[    0.002173] Incomplete global flushes, disabling PCID
[    0.002252] RAMDISK: [mem 0x7fe92000-0x7ffdffff]
[    0.002256] ACPI: Early table checksum verification disabled
[    0.002258] ACPI: RSDP 0x00000000000F59D0 000014 (v00 BOCHS )
[    0.002260] ACPI: RSDT 0x000000007FFE1B33 000034 (v01 BOCHS  BXPC     00000001 BXPC 00000001)
[    0.002265] ACPI: FACP 0x000000007FFE19DF 000074 (v01 BOCHS  BXPC     00000001 BXPC 00000001)
[    0.002268] ACPI: DSDT 0x000000007FFE0040 00199F (v01 BOCHS  BXPC     00000001 BXPC 00000001)
[    0.002270] ACPI: FACS 0x000000007FFE0000 000040
[    0.002271] ACPI: APIC 0x000000007FFE1A53 000080 (v01 BOCHS  BXPC     00000001 BXPC 00000001)
[    0.002273] ACPI: HPET 0x000000007FFE1AD3 000038 (v01 BOCHS  BXPC     00000001 BXPC 00000001)
[    0.002274] ACPI: WAET 0x000000007FFE1B0B 000028 (v01 BOCHS  BXPC     00000001 BXPC 00000001)
[    0.002275] ACPI: Reserving FACP table memory at [mem 0x7ffe19df-0x7ffe1a52]
[    0.002276] ACPI: Reserving DSDT table memory at [mem 0x7ffe0040-0x7ffe19de]
[    0.002277] ACPI: Reserving FACS table memory at [mem 0x7ffe0000-0x7ffe003f]
[    0.002277] ACPI: Reserving APIC table memory at [mem 0x7ffe1a53-0x7ffe1ad2]
[    0.002278] ACPI: Reserving HPET table memory at [mem 0x7ffe1ad3-0x7ffe1b0a]
[    0.002278] ACPI: Reserving WAET table memory at [mem 0x7ffe1b0b-0x7ffe1b32]
[    0.002447] No NUMA configuration found
[    0.002447] Faking a node at [mem 0x0000000000000000-0x000000007ffdffff]
[    0.002449] NODE_DATA(0) allocated [mem 0x7fe8e000-0x7fe91fff]
[    0.002456] Zone ranges:
[    0.002456]   DMA      [mem 0x0000000000001000-0x0000000000ffffff]
[    0.002457]   DMA32    [mem 0x0000000001000000-0x000000007ffdffff]
[    0.002458]   Normal   empty
[    0.002458] Movable zone start for each node
[    0.002459] Early memory node ranges
[    0.002459]   node   0: [mem 0x0000000000001000-0x000000000009efff]
[    0.002460]   node   0: [mem 0x0000000000100000-0x000000007ffdffff]
[    0.002461] Initmem setup node 0 [mem 0x0000000000001000-0x000000007ffdffff]
[    0.003112] On node 0, zone DMA: 1 pages in unavailable ranges
[    0.003145] On node 0, zone DMA: 97 pages in unavailable ranges
[    0.021030] On node 0, zone DMA32: 32 pages in unavailable ranges
[    0.170709] kasan: KernelAddressSanitizer initialized
[    0.170902] ACPI: PM-Timer IO Port: 0x608
[    0.170910] ACPI: LAPIC_NMI (acpi_id[0xff] dfl dfl lint[0x1])
[    0.170939] IOAPIC[0]: apic_id 0, version 17, address 0xfec00000, GSI 0-23
[    0.170941] ACPI: INT_SRC_OVR (bus 0 bus_irq 0 global_irq 2 dfl dfl)
[    0.170943] ACPI: INT_SRC_OVR (bus 0 bus_irq 5 global_irq 5 high level)
[    0.170944] ACPI: INT_SRC_OVR (bus 0 bus_irq 9 global_irq 9 high level)
[    0.170944] ACPI: INT_SRC_OVR (bus 0 bus_irq 10 global_irq 10 high level)
[    0.170945] ACPI: INT_SRC_OVR (bus 0 bus_irq 11 global_irq 11 high level)
[    0.170947] ACPI: Using ACPI (MADT) for SMP configuration information
[    0.170947] ACPI: HPET id: 0x8086a201 base: 0xfed00000
[    0.170950] TSC deadline timer available
[    0.170950] smpboot: Allowing 2 CPUs, 0 hotplug CPUs
[    0.170966] kvm-guest: KVM setup pv remote TLB flush
[    0.170969] kvm-guest: setup PV sched yield
[    0.170974] PM: hibernation: Registered nosave memory: [mem 0x00000000-0x00000fff]
[    0.170975] PM: hibernation: Registered nosave memory: [mem 0x0009f000-0x0009ffff]
[    0.170976] PM: hibernation: Registered nosave memory: [mem 0x000a0000-0x000effff]
[    0.170976] PM: hibernation: Registered nosave memory: [mem 0x000f0000-0x000fffff]
[    0.170977] [mem 0x80000000-0xfeffbfff] available for PCI devices
[    0.170978] Booting paravirtualized kernel on KVM
[    0.170980] clocksource: refined-jiffies: mask: 0xffffffff max_cycles: 0xffffffff, max_idle_ns: 1910969940391419 ns
[    0.178553] setup_percpu: NR_CPUS:64 nr_cpumask_bits:2 nr_cpu_ids:2 nr_node_ids:1
[    0.180275] percpu: Embedded 66 pages/cpu s232104 r8192 d30040 u1048576
[    0.180301] Kernel command line: console=ttyS0 oops=panic nokaslr rdinit=/init
[    0.180344] random: crng init done
[    0.181250] Dentry cache hash table entries: 262144 (order: 9, 2097152 bytes, linear)
[    0.182068] Inode-cache hash table entries: 131072 (order: 8, 1048576 bytes, linear)
[    0.182103] Fallback order for Node 0: 0 
[    0.182106] Built 1 zonelists, mobility grouping on.  Total pages: 515808
[    0.182107] Policy zone: DMA32
[    0.182108] mem auto-init: stack:all(zero), heap alloc:off, heap free:off
[    0.182108] stackdepot: allocating hash table via alloc_large_system_hash
[    0.185304] stackdepot hash table entries: 1048576 (order: 11, 8388608 bytes, linear)
[    0.204730] Memory: 1692960K/2096632K available (49152K kernel code, 7981K rwdata, 10188K rodata, 5648K init, 2900K bss, 403416K reserved, 0K cma-reserved)
[    0.204847] SLUB: HWalign=64, Order=0-3, MinObjects=0, CPUs=2, Nodes=1
[    0.205826] Dynamic Preempt: voluntary
[    0.207063] rcu: Preemptible hierarchical RCU implementation.
[    0.207064] rcu: 	RCU event tracing is enabled.
[    0.207064] rcu: 	RCU restricting CPUs from NR_CPUS=64 to nr_cpu_ids=2.
[    0.207065] 	Trampoline variant of Tasks RCU enabled.
[    0.207066] rcu: RCU calculated value of scheduler-enlistment delay is 100 jiffies.
[    0.207067] rcu: Adjusting geometry for rcu_fanout_leaf=16, nr_cpu_ids=2
[    0.212743] NR_IRQS: 4352, nr_irqs: 440, preallocated irqs: 16
[    0.212944] rcu: srcu_init: Setting srcu_struct sizes based on contention.
[    0.215110] Console: colour VGA+ 80x25
[    0.215134] printk: console [ttyS0] enabled
[    0.250452] ACPI: Core revision 20230331
[    0.250783] clocksource: hpet: mask: 0xffffffff max_cycles: 0xffffffff, max_idle_ns: 19112604467 ns
[    0.251338] APIC: Switch to symmetric I/O mode setup
[    0.251613] kvm-guest: setup PV IPIs
[    0.252430] ..TIMER: vector=0x30 apic1=0 pin1=2 apic2=-1 pin2=-1
[    0.252775] clocksource: tsc-early: mask: 0xffffffffffffffff max_cycles: 0x2df10e7656b, max_idle_ns: 440795364873 ns
[    0.253361] Calibrating delay loop (skipped) preset value.. 6374.40 BogoMIPS (lpj=3187200)
[    0.253886] x86/cpu: User Mode Instruction Prevention (UMIP) activated
[    0.254286] Last level iTLB entries: 4KB 0, 2MB 0, 4MB 0
[    0.254357] Last level dTLB entries: 4KB 0, 2MB 0, 4MB 0, 1GB 0
[    0.254686] Spectre V1 : Mitigation: usercopy/swapgs barriers and __user pointer sanitization
[    0.255359] Spectre V2 : Mitigation: Enhanced / Automatic IBRS
[    0.255682] Spectre V2 : Spectre v2 / SpectreRSB mitigation: Filling RSB on context switch
[    0.256133] Spectre V2 : Spectre v2 / PBRSB-eIBRS: Retire a single CALL on VMEXIT
[    0.256358] Spectre V2 : mitigation: Enabling conditional Indirect Branch Prediction Barrier
[    0.256823] Speculative Store Bypass: Mitigation: Speculative Store Bypass disabled via prctl
[    0.257357] MMIO Stale Data: Unknown: No mitigations
[    0.257644] x86/fpu: Supporting XSAVE feature 0x001: 'x87 floating point registers'
[    0.258075] x86/fpu: Supporting XSAVE feature 0x002: 'SSE registers'
[    0.258357] x86/fpu: Supporting XSAVE feature 0x004: 'AVX registers'
[    0.258717] x86/fpu: Supporting XSAVE feature 0x200: 'Protection Keys User registers'
[    0.259357] x86/fpu: xstate_offset[2]:  576, xstate_sizes[2]:  256
[    0.259709] x86/fpu: xstate_offset[9]:  832, xstate_sizes[9]:    8
[    0.260057] x86/fpu: Enabled xstate features 0x207, context size is 840 bytes, using 'compacted' format.
[    0.275915] Freeing SMP alternatives memory: 44K
[    0.276190] pid_max: default: 32768 minimum: 301
[    0.276398] LSM: initializing lsm=capability,selinux,integrity
[    0.276739] SELinux:  Initializing.
[    0.276996] Mount-cache hash table entries: 4096 (order: 3, 32768 bytes, linear)
[    0.277360] Mountpoint-cache hash table entries: 4096 (order: 3, 32768 bytes, linear)
[    0.279401] smpboot: CPU0: Intel(R) Core(TM) i9-14900K (family: 0x6, model: 0xb7, stepping: 0x1)
[    0.280066] RCU Tasks: Setting shift to 1 and lim to 1 rcu_task_cb_adjust=1.
[    0.280374] Performance Events: unsupported p6 CPU model 183 no PMU driver, software events only.
[    0.280893] signal: max sigframe size: 3632
[    0.281159] rcu: Hierarchical SRCU implementation.
[    0.281358] rcu: 	Max phase no-delay instances is 400.
[    0.282009] smp: Bringing up secondary CPUs ...
[    0.282381] smpboot: x86: Booting SMP configuration:
[    0.282666] .... node  #0, CPUs:      #1
[    0.282773] smp: Brought up 1 node, 2 CPUs
[    0.283359] smpboot: Max logical packages: 1
[    0.283602] smpboot: Total of 2 processors activated (12748.80 BogoMIPS)
[    0.285406] devtmpfs: initialized
[    0.287537] clocksource: jiffies: mask: 0xffffffff max_cycles: 0xffffffff, max_idle_ns: 1911260446275000 ns
[    0.288005] futex hash table entries: 512 (order: 3, 32768 bytes, linear)
[    0.288453] PM: RTC time: 11:07:58, date: 2026-05-05
[    0.288844] NET: Registered PF_NETLINK/PF_ROUTE protocol family
[    0.289371] audit: initializing netlink subsys (disabled)
[    0.289704] audit: type=2000 audit(1777979279.443:1): state=initialized audit_enabled=0 res=1
[    0.289704] thermal_sys: Registered thermal governor 'step_wise'
[    0.289880] thermal_sys: Registered thermal governor 'user_space'
[    0.290370] cpuidle: using governor menu
[    0.291128] PCI: Using configuration type 1 for base access
[    0.291488] kprobes: kprobe jump-optimization is enabled. All kprobes are optimized if possible.
[    0.294524] HugeTLB: registered 2.00 MiB page size, pre-allocated 0 pages
[    0.294934] HugeTLB: 28 KiB vmemmap can be freed for a 2.00 MiB page
[    0.295532] ACPI: Added _OSI(Module Device)
[    0.295784] ACPI: Added _OSI(Processor Device)
[    0.296044] ACPI: Added _OSI(3.0 _SCP Extensions)
[    0.296320] ACPI: Added _OSI(Processor Aggregator Device)
[    0.303343] ACPI: 1 ACPI AML tables successfully acquired and loaded
[    0.347474] ACPI: Interpreter enabled
[    0.347734] ACPI: PM: (supports S0 S3 S4 S5)
[    0.348008] ACPI: Using IOAPIC for interrupt routing
[    0.348324] PCI: Using host bridge windows from ACPI; if necessary, use "pci=nocrs" and report a bug
[    0.348358] PCI: Using E820 reservations for host bridge windows
[    0.349026] ACPI: Enabled 2 GPEs in block 00 to 0F
[    0.359125] ACPI: PCI Root Bridge [PCI0] (domain 0000 [bus 00-ff])
[    0.359365] acpi PNP0A03:00: _OSC: OS supports [ASPM ClockPM Segments MSI HPX-Type3]
[    0.359804] acpi PNP0A03:00: _OSC: not requesting OS control; OS requires [ExtendedConfig ASPM ClockPM MSI]
[    0.360402] acpi PNP0A03:00: fail to add MMCONFIG information, can't access extended configuration space under this bridge
[    0.361186] PCI host bridge to bus 0000:00
[    0.361359] pci_bus 0000:00: root bus resource [io  0x0000-0x0cf7 window]
[    0.361745] pci_bus 0000:00: root bus resource [io  0x0d00-0xffff window]
[    0.362133] pci_bus 0000:00: root bus resource [mem 0x000a0000-0x000bffff window]
[    0.362359] pci_bus 0000:00: root bus resource [mem 0x80000000-0xfebfffff window]
[    0.362783] pci_bus 0000:00: root bus resource [mem 0x100000000-0x17fffffff window]
[    0.363220] pci_bus 0000:00: root bus resource [bus 00-ff]
[    0.363405] pci 0000:00:00.0: [8086:1237] type 00 class 0x060000
[    0.367731] pci 0000:00:01.0: [8086:7000] type 00 class 0x060100
[    0.371901] pci 0000:00:01.1: [8086:7010] type 00 class 0x010180
[    0.373100] pci 0000:00:01.1: reg 0x20: [io  0xc040-0xc04f]
[    0.373769] pci 0000:00:01.1: legacy IDE quirk: reg 0x10: [io  0x01f0-0x01f7]
[    0.374174] pci 0000:00:01.1: legacy IDE quirk: reg 0x14: [io  0x03f6]
[    0.374358] pci 0000:00:01.1: legacy IDE quirk: reg 0x18: [io  0x0170-0x0177]
[    0.374766] pci 0000:00:01.1: legacy IDE quirk: reg 0x1c: [io  0x0376]
[    0.375287] pci 0000:00:01.3: [8086:7113] type 00 class 0x068000
[    0.375579] pci 0000:00:01.3: quirk: [io  0x0600-0x063f] claimed by PIIX4 ACPI
[    0.375990] pci 0000:00:01.3: quirk: [io  0x0700-0x070f] claimed by PIIX4 SMB
[    0.376504] pci 0000:00:02.0: [1234:1111] type 00 class 0x030000
[    0.377555] pci 0000:00:02.0: reg 0x10: [mem 0xfd000000-0xfdffffff pref]
[    0.378551] pci 0000:00:02.0: reg 0x18: [mem 0xfebf0000-0xfebf0fff]
[    0.380329] pci 0000:00:02.0: reg 0x30: [mem 0xfebe0000-0xfebeffff pref]
[    0.380676] pci 0000:00:02.0: Video device with shadowed ROM at [mem 0x000c0000-0x000dffff]
[    0.384704] pci 0000:00:03.0: [8086:100e] type 00 class 0x020000
[    0.385359] pci 0000:00:03.0: reg 0x10: [mem 0xfebc0000-0xfebdffff]
[    0.385979] pci 0000:00:03.0: reg 0x14: [io  0xc000-0xc03f]
[    0.387629] pci 0000:00:03.0: reg 0x30: [mem 0xfeb80000-0xfebbffff pref]
[    0.392534] ACPI: PCI: Interrupt link LNKA configured for IRQ 10
[    0.393222] ACPI: PCI: Interrupt link LNKB configured for IRQ 10
[    0.393704] ACPI: PCI: Interrupt link LNKC configured for IRQ 11
[    0.394386] ACPI: PCI: Interrupt link LNKD configured for IRQ 11
[    0.394866] ACPI: PCI: Interrupt link LNKS configured for IRQ 9
[    0.396117] iommu: Default domain type: Translated
[    0.396358] iommu: DMA domain TLB invalidation policy: lazy mode
[    0.396885] SCSI subsystem initialized
[    0.397115] ACPI: bus type USB registered
[    0.397115] usbcore: registered new interface driver usbfs
[    0.397372] usbcore: registered new interface driver hub
[    0.397693] usbcore: registered new device driver usb
[    0.398026] pps_core: LinuxPPS API ver. 1 registered
[    0.398315] pps_core: Software ver. 5.3.6 - Copyright 2005-2007 Rodolfo Giometti <giometti@linux.it>
[    0.398366] PTP clock support registered
[    0.399419] Advanced Linux Sound Architecture Driver Initialized.
[    0.399502] NetLabel: Initializing
[    0.399717] NetLabel:  domain hash size = 128
[    0.399982] NetLabel:  protocols = UNLABELED CIPSOv4 CALIPSO
[    0.400348] NetLabel:  unlabeled traffic allowed by default
[    0.401387] PCI: Using ACPI for IRQ routing
[    0.401691] pci 0000:00:02.0: vgaarb: setting as boot VGA device
[    0.401722] pci 0000:00:02.0: vgaarb: bridge control possible
[    0.402057] pci 0000:00:02.0: vgaarb: VGA device added: decodes=io+mem,owns=io+mem,locks=none
[    0.402359] vgaarb: loaded
[    0.402577] hpet0: at MMIO 0xfed00000, IRQs 2, 8, 0
[    0.402863] hpet0: 3 comparators, 64-bit 100.000000 MHz counter
[    0.408392] clocksource: Switched to clocksource kvm-clock
[    0.436854] VFS: Disk quotas dquot_6.6.0
[    0.437562] VFS: Dquot-cache hash table entries: 512 (order 0, 4096 bytes)
[    0.438902] pnp: PnP ACPI init
[    0.440717] pnp: PnP ACPI: found 6 devices
[    0.449429] clocksource: acpi_pm: mask: 0xffffff max_cycles: 0xffffff, max_idle_ns: 2085701024 ns
[    0.449980] NET: Registered PF_INET protocol family
[    0.450308] IP idents hash table entries: 32768 (order: 6, 262144 bytes, linear)
[    0.451171] tcp_listen_portaddr_hash hash table entries: 1024 (order: 2, 16384 bytes, linear)
[    0.451672] Table-perturb hash table entries: 65536 (order: 6, 262144 bytes, linear)
[    0.452125] TCP established hash table entries: 16384 (order: 5, 131072 bytes, linear)
[    0.452601] TCP bind hash table entries: 16384 (order: 7, 524288 bytes, linear)
[    0.453672] TCP: Hash tables configured (established 16384 bind 16384)
[    0.454095] UDP hash table entries: 1024 (order: 3, 32768 bytes, linear)
[    0.454487] UDP-Lite hash table entries: 1024 (order: 3, 32768 bytes, linear)
[    0.454959] NET: Registered PF_UNIX/PF_LOCAL protocol family
[    0.455575] RPC: Registered named UNIX socket transport module.
[    0.455926] RPC: Registered udp transport module.
[    0.456199] RPC: Registered tcp transport module.
[    0.456478] RPC: Registered tcp-with-tls transport module.
[    0.456797] RPC: Registered tcp NFSv4.1 backchannel transport module.
[    0.457527] pci_bus 0000:00: resource 4 [io  0x0000-0x0cf7 window]
[    0.457889] pci_bus 0000:00: resource 5 [io  0x0d00-0xffff window]
[    0.458245] pci_bus 0000:00: resource 6 [mem 0x000a0000-0x000bffff window]
[    0.458649] pci_bus 0000:00: resource 7 [mem 0x80000000-0xfebfffff window]
[    0.459044] pci_bus 0000:00: resource 8 [mem 0x100000000-0x17fffffff window]
[    0.459535] pci 0000:00:01.0: PIIX3: Enabling Passive Release
[    0.459874] pci 0000:00:00.0: Limiting direct PCI/PCI transfers
[    0.460246] PCI: CLS 0 bytes, default 64
[    0.460603] Unpacking initramfs...
[    0.461426] RAPL PMU: API unit is 2^-32 Joules, 0 fixed counters, 10737418240 ms ovfl timer
[    0.461973] clocksource: tsc: mask: 0xffffffffffffffff max_cycles: 0x2df10e7656b, max_idle_ns: 440795364873 ns
[    0.464058] Initialise system trusted keyrings
[    0.464388] workingset: timestamp_bits=56 max_order=19 bucket_order=0
[    0.465721] NFS: Registering the id_resolver key type
[    0.466033] Key type id_resolver registered
[    0.466280] Key type id_legacy registered
[    0.466571] 9p: Installing v9fs 9p2000 file system support
[    0.471657] Key type asymmetric registered
[    0.471946] Asymmetric key parser 'x509' registered
[    0.472251] Block layer SCSI generic (bsg) driver version 0.4 loaded (major 251)
[    0.472701] io scheduler mq-deadline registered
[    0.472970] io scheduler kyber registered
[    0.473452] input: Power Button as /devices/LNXSYSTM:00/LNXPWRBN:00/input/input0
[    0.473993] ACPI: button: Power Button [PWRF]
[    0.474287] Freeing initrd memory: 1336K
[    0.474559] Serial: 8250/16550 driver, 4 ports, IRQ sharing enabled
[    0.475085] 00:04: ttyS0 at I/O 0x3f8 (irq = 4, base_baud = 115200) is a 16550A
[    0.476174] Non-volatile memory driver v1.3
[    0.476425] Linux agpgart interface v0.103
[    0.476736] ACPI: bus type drm_connector registered
[    0.480228] loop: module loaded
[    0.481417] scsi host0: ata_piix
[    0.481809] scsi host1: ata_piix
[    0.482078] ata1: PATA max MWDMA2 cmd 0x1f0 ctl 0x3f6 bmdma 0xc040 irq 14
[    0.482475] ata2: PATA max MWDMA2 cmd 0x170 ctl 0x376 bmdma 0xc048 irq 15
[    0.483261] e100: Intel(R) PRO/100 Network Driver
[    0.483539] e100: Copyright(c) 1999-2006 Intel Corporation
[    0.483867] e1000: Intel(R) PRO/1000 Network Driver
[    0.484151] e1000: Copyright (c) 1999-2006 Intel Corporation.
[    0.635704] ata2: found unknown device (class 0)
[    0.636304] ata2.00: ATAPI: QEMU DVD-ROM, 2.5+, max UDMA/100
[    0.637251] scsi 1:0:0:0: CD-ROM            QEMU     QEMU DVD-ROM     2.5+ PQ: 0 ANSI: 5
[    0.688751] sr 1:0:0:0: [sr0] scsi3-mmc drive: 4x/4x cd/rw xa/form2 tray
[    0.689146] cdrom: Uniform CD-ROM driver Revision: 3.20
[    0.708790] sr 1:0:0:0: Attached scsi generic sg0 type 5
[    0.788795] ACPI: \_SB_.LNKC: Enabled at IRQ 11
[    1.078066] e1000 0000:00:03.0 eth0: (PCI:33MHz:32-bit) 52:54:00:12:34:56
[    1.078465] e1000 0000:00:03.0 eth0: Intel(R) PRO/1000 Network Connection
[    1.078892] e1000e: Intel(R) PRO/1000 Network Driver
[    1.079185] e1000e: Copyright(c) 1999 - 2015 Intel Corporation.
[    1.079547] sky2: driver version 1.30
[    1.080156] usbcore: registered new interface driver usblp
[    1.080511] usbcore: registered new interface driver usb-storage
[    1.080920] i8042: PNP: PS/2 Controller [PNP0303:KBD,PNP0f13:MOU] at 0x60,0x64 irq 1,12
[    1.082008] serio: i8042 KBD port at 0x60,0x64 irq 1
[    1.082293] serio: i8042 AUX port at 0x60,0x64 irq 12
[    1.083048] input: AT Translated Set 2 keyboard as /devices/platform/i8042/serio0/input/input1
[    1.083541] rtc_cmos 00:05: RTC can wake from S4
[    1.084551] rtc_cmos 00:05: registered as rtc0
[    1.084922] rtc_cmos 00:05: alarms up to one day, y3k, 242 bytes nvram, hpet irqs
[    1.085668] device-mapper: ioctl: 4.48.0-ioctl (2023-03-01) initialised: dm-devel@redhat.com
[    1.086173] intel_pstate: CPU model not supported
[    1.086509] hid: raw HID events driver (C) Jiri Kosina
[    1.087028] usbcore: registered new interface driver usbhid
[    1.087350] usbhid: USB HID core driver
[    1.089326] Initializing XFRM netlink socket
[    1.089627] NET: Registered PF_INET6 protocol family
[    1.090240] Segment Routing with IPv6
[    1.090475] In-situ OAM (IOAM) with IPv6
[    1.090748] sit: IPv6, IPv4 and MPLS over IPv4 tunneling driver
[    1.091303] NET: Registered PF_PACKET protocol family
[    1.091637] 9pnet: Installing 9P2000 support
[    1.091911] Key type dns_resolver registered
[    1.092443] IPI shorthand broadcast: enabled
[    1.103425] sched_clock: Marking stable (1065000893, 38407275)->(1110548343, -7140175)
[    1.104034] registered taskstats version 1
[    1.104275] Loading compiled-in X.509 certificates
[    1.112035] PM:   Magic number: 10:598:124
[    1.112316] printk: console [netcon0] enabled
[    1.112579] netconsole: network logging started
[    1.112912] cfg80211: Loading compiled-in X.509 certificates for regulatory database
[    1.113552] kworker/u4:1 (51) used greatest stack depth: 29536 bytes left
[    1.114147] Loaded X.509 cert 'sforshee: 00b28ddf47aef9cea7'
[    1.114497] ALSA device list:
[    1.114681]   No soundcards found.
[    1.115762] Freeing unused kernel image (initmem) memory: 5648K
[    1.116046] platform regulatory.0: Direct firmware load for regulatory.db failed with error -2
[    1.116379] cfg80211: failed to load regulatory.db
[    1.117505] Write protecting the kernel read-only data: 59392k
[    1.117806] Freeing unused kernel image (rodata/data gap) memory: 52K
[    1.125194] x86/mm: Checked W+X mappings: passed, no W+X pages found.
[    1.125493] Run /init as init process
[    1.127561] mount (55) used greatest stack depth: 28696 bytes left

secb: rootfs ready
---- poc begin ----
poc: start: CVE-2023-4206 cls_route UAF
poc: setup: htb qdisc + class 10001 ok
poc: create filter r=0
poc: change filter r=0
poc: del class r=0
[    1.337113] ==================================================================
[    1.338654] BUG: KASAN: slab-use-after-free in htb_enqueue+0xd68/0x1030
[    1.340029] Read of size 4 at addr ffff88800a01387c by task poc/61
[    1.342016] 
[    1.342367] CPU: 1 PID: 61 Comm: poc Not tainted 6.5.0-rc3-00173-g76e42ae83199-dirty #1
[    1.343983] Hardware name: QEMU Standard PC (i440FX + PIIX, 1996), BIOS 1.16.2-debian-1.16.2-1 04/01/2014
[    1.345908] Call Trace:
[    1.346435]  <TASK>
[    1.346899]  dump_stack_lvl+0x36/0x50
[    1.347674]  print_report+0xcf/0x660
[    1.348428]  ? htb_enqueue+0xd68/0x1030
[    1.349233]  kasan_report+0xc7/0x100
[    1.349991]  ? htb_enqueue+0xd68/0x1030
[    1.350791]  htb_enqueue+0xd68/0x1030
[    1.351562]  ? __pfx_htb_enqueue+0x10/0x10
[    1.352411]  ? _raw_spin_lock+0x80/0xe0
[    1.353213]  dev_qdisc_enqueue+0x3b/0x140
[    1.354047]  __dev_queue_xmit+0x161f/0x30c0
[    1.354913]  ? _raw_write_lock_bh+0x40/0xe0
[    1.355779]  ? __pfx___dev_queue_xmit+0x10/0x10
[    1.356722]  ? _raw_write_lock_bh+0x84/0xe0
[    1.357588]  ? __pfx__raw_write_lock_bh+0x10/0x10
[    1.358562]  ? eth_header+0x14f/0x180
[    1.359326]  ? neigh_resolve_output+0x3b5/0x7e0
[    1.360273]  ip_finish_output2+0x853/0x18f0
[    1.360885]  ? __pfx_ip_finish_output2+0x10/0x10
[    1.361435]  __ip_finish_output.part.0+0x271/0x950
[    1.362011]  ? __pfx___ip_finish_output.part.0+0x10/0x10
[    1.362641]  ? nf_hook_slow+0xa2/0x170
[    1.363094]  ip_output+0x2c7/0x650
[    1.363508]  ? __pfx_ip_output+0x10/0x10
[    1.363983]  ? __pfx_ip_finish_output+0x10/0x10
[    1.364529]  ? __pfx_ip_generic_getfrag+0x10/0x10
[    1.365088]  ? __pfx_ip_make_skb+0x10/0x10
[    1.365581]  ip_send_skb+0x113/0x150
[    1.365989]  udp_send_skb+0x57d/0x1260
[    1.366275]  udp_sendmsg+0x1757/0x2230
[    1.366562]  ? __pfx_ip_generic_getfrag+0x10/0x10
[    1.366914]  ? __pfx_udp_sendmsg+0x10/0x10
[    1.367222]  ? udp_lib_get_port+0x4b9/0x1850
[    1.367549]  ? ip4_datagram_release_cb+0x161/0x7f0
[    1.367907]  ? __pfx_ip4_datagram_release_cb+0x10/0x10
[    1.368289]  ? __pfx_sk_setsockopt+0x10/0x10
[    1.368616]  ? inet_autobind+0x108/0x160
[    1.368912]  ? inet_send_prepare+0x21f/0x2a0
[    1.369236]  ? __pfx_inet_sendmsg+0x10/0x10
[    1.369551]  ? sock_sendmsg+0x138/0x180
[    1.369840]  sock_sendmsg+0x138/0x180
[    1.370117]  __sys_sendto+0x1eb/0x2b0
[    1.370395]  ? __pfx___sys_sendto+0x10/0x10
[    1.370710]  ? __pfx_udp_push_pending_frames+0x10/0x10
[    1.371092]  ? udp_lib_setsockopt+0x52f/0xc00
[    1.371421]  ? __pfx_udp_lib_setsockopt+0x10/0x10
[    1.371776]  ? __pfx___sys_socket+0x10/0x10
[    1.372058]  __x64_sys_sendto+0xdb/0x1b0
[    1.372213]  ? exit_to_user_mode_prepare+0x2a/0x110
[    1.372406]  ? syscall_exit_to_user_mode+0x21/0x50
[    1.372596]  do_syscall_64+0x3b/0x90
[    1.372739]  entry_SYSCALL_64_after_hwframe+0x6e/0xd8
[    1.372939] RIP: 0033:0x43b943
[    1.373064] Code: c7 c2 b8 ff ff ff f7 d8 64 89 02 48 c7 c0 ff ff ff ff eb b8 0f 1f 00 80 3d 21 c7 06 00 00 41 89 ca 74 14 b8 2c 00 00 00 0f 05 <48> 3d 00 f0 ff ff 77 75 c3 0f 1f 40 00 55 48 83 ec 30 44 89 4c 24
[    1.373771] RSP: 002b:00007fffa6e1e2a8 EFLAGS: 00000202 ORIG_RAX: 000000000000002c
[    1.374064] RAX: ffffffffffffffda RBX: 0000000000000040 RCX: 000000000043b943
[    1.374339] RDX: 0000000000000008 RSI: 000000000047b130 RDI: 0000000000000004
[    1.374615] RBP: 0000000000000004 R08: 00007fffa6e1e2d0 R09: 0000000000000010
[    1.374890] R10: 0000000000000040 R11: 0000000000000202 R12: 00007fffa6e1e2d0
[    1.375166] R13: 000000000047b130 R14: 00000000000000c8 R15: 0100007f09000002
[    1.375442]  </TASK>
[    1.375534] 
[    1.375599] Allocated by task 61:
[    1.375732]  kasan_save_stack+0x33/0x60
[    1.375885]  kasan_set_track+0x25/0x30
[    1.376034]  __kasan_kmalloc+0x8f/0xa0
[    1.376183]  htb_change_class+0xee4/0x3050
[    1.376344]  tc_ctl_tclass+0x3cf/0xf40
[    1.376494]  rtnetlink_rcv_msg+0x35d/0x9d0
[    1.376658]  netlink_rcv_skb+0x12f/0x370
[    1.376813]  netlink_unicast+0x588/0x7f0
[    1.376968]  netlink_sendmsg+0x7b7/0xc60
[    1.377123]  sock_sendmsg+0x13d/0x180
[    1.377268]  ____sys_sendmsg+0x5c5/0x7f0
[    1.377424]  ___sys_sendmsg+0x100/0x180
[    1.377579]  __sys_sendmsg+0xe6/0x190
[    1.377725]  do_syscall_64+0x3b/0x90
[    1.377868]  entry_SYSCALL_64_after_hwframe+0x6e/0xd8
[    1.378067] 
[    1.378133] Freed by task 61:
[    1.378253]  kasan_save_stack+0x33/0x60
[    1.378406]  kasan_set_track+0x25/0x30
[    1.378557]  kasan_save_free_info+0x2b/0x50
[    1.378722]  __kasan_slab_free+0x10a/0x180
[    1.378884]  __kmem_cache_free+0x82/0x1c0
[    1.379043]  htb_delete+0x4ec/0xce0
[    1.379182]  tc_ctl_tclass+0x9af/0xf40
[    1.379332]  rtnetlink_rcv_msg+0x35d/0x9d0
[    1.379493]  netlink_rcv_skb+0x12f/0x370
[    1.379651]  netlink_unicast+0x588/0x7f0
[    1.379807]  netlink_sendmsg+0x7b7/0xc60
[    1.379962]  sock_sendmsg+0x13d/0x180
[    1.380108]  ____sys_sendmsg+0x5c5/0x7f0
[    1.380263]  ___sys_sendmsg+0x100/0x180
[    1.380416]  __sys_sendmsg+0xe6/0x190
[    1.380563]  do_syscall_64+0x3b/0x90
[    1.380706]  entry_SYSCALL_64_after_hwframe+0x6e/0xd8
[    1.380905] 
[    1.380970] The buggy address belongs to the object at ffff88800a013800
[    1.380970]  which belongs to the cache kmalloc-1k of size 1024
[    1.381446] The buggy address is located 124 bytes inside of
[    1.381446]  freed 1024-byte region [ffff88800a013800, ffff88800a013c00)
[    1.381917] 
[    1.381983] The buggy address belongs to the physical page:
[    1.382200] page:000000002f78d725 refcount:1 mapcount:0 mapping:0000000000000000 index:0x0 pfn:0xa010
[    1.382553] head:000000002f78d725 order:3 entire_mapcount:0 nr_pages_mapped:0 pincount:0
[    1.382864] flags: 0x100000000010200(slab|head|node=0|zone=1)
[    1.383090] page_type: 0xffffffff()
[    1.383231] raw: 0100000000010200 ffff888006441dc0 dead000000000122 0000000000000000
[    1.383533] raw: 0000000000000000 0000000080100010 00000001ffffffff 0000000000000000
[    1.383831] page dumped because: kasan: bad access detected
[    1.384049] 
[    1.384114] Memory state around the buggy address:
[    1.384305]  ffff88800a013700: fc fc fc fc fc fc fc fc fc fc fc fc fc fc fc fc
[    1.384593]  ffff88800a013780: fc fc fc fc fc fc fc fc fc fc fc fc fc fc fc fc
[    1.384878] >ffff88800a013800: fa fb fb fb fb fb fb fb fb fb fb fb fb fb fb fb
[    1.385161]                                                                 ^
[    1.385440]  ffff88800a013880: fb fb fb fb fb fb fb fb fb fb fb fb fb fb fb fb
[    1.385721]  ffff88800a013900: fb fb fb fb fb fb fb fb fb fb fb fb fb fb fb fb
[    1.385999] ==================================================================
[    1.386296] Disabling lock debugging due to kernel taint
[    1.386511] kernel tried to execute NX-protected page - exploit attempt? (uid: 0)
[    1.386802] BUG: unable to handle page fault for address: ffff8880098c1f80
[    1.387066] #PF: supervisor instruction fetch in kernel mode
[    1.387287] #PF: error_code(0x0011) - permissions violation
[    1.387504] PGD 6201067 P4D 6201067 PUD 6202067 PMD 80000000098001e3 
[    1.387811] Oops: 0011 [#1] PREEMPT SMP KASAN NOPTI
[    1.388021] CPU: 1 PID: 61 Comm: poc Tainted: G    B              6.5.0-rc3-00173-g76e42ae83199-dirty #1
[    1.388430] Hardware name: QEMU Standard PC (i440FX + PIIX, 1996), BIOS 1.16.2-debian-1.16.2-1 04/01/2014
[    1.388837] RIP: 0010:0xffff8880098c1f80
[    1.388993] Code: 00 00 00 00 00 00 00 00 00 00 01 00 00 00 65 00 89 05 00 00 00 00 00 00 00 00 00 00 00 00 00 00 00 00 00 00 00 00 00 00 00 00 <00> 4c ac 09 80 88 ff ff 00 00 00 00 64 00 48 06 00 00 00 00 00 00
[    1.389706] RSP: 0018:ffffc9000040f418 EFLAGS: 00010286
[    1.389911] RAX: ffff888009f1cc00 RBX: ffff88800a013800 RCX: ffff8880098c1f80
[    1.390187] RDX: ffffc9000040f5b0 RSI: ffff888009f1cc00 RDI: ffff888009c4f140
[    1.390463] RBP: ffffc9000040f4d8 R08: ffff88800a01387c R09: 0000000000000000
[    1.390742] R10: ffffffff8600dd87 R11: 0000000000000000 R12: 1ffff92000081e8a
[    1.391018] R13: ffff88800a034000 R14: ffff888009c4f140 R15: ffff88800a013910
[    1.391293] FS:  000000000056e380(0000) GS:ffff88806d300000(0000) knlGS:0000000000000000
[    1.391607] CS:  0010 DS: 0000 ES: 0000 CR0: 0000000080050033
[    1.391832] CR2: ffff8880098c1f80 CR3: 0000000006c0a000 CR4: 0000000000750ee0
[    1.392108] PKRU: 55555554
[    1.392217] Call Trace:
[    1.392317]  <TASK>
[    1.392404]  ? __die+0x1e/0x60
[    1.392531]  ? page_fault_oops+0x275/0x850
[    1.392694]  ? __pfx_page_fault_oops+0x10/0x10
[    1.392870]  ? __pfx_is_prefetch.constprop.0+0x10/0x10
[    1.393070]  ? htb_enqueue+0xd68/0x1030
[    1.393223]  ? _printk+0xbb/0xf0
[    1.393354]  ? search_module_extables+0x18/0xd0
[    1.393538]  ? exc_page_fault+0xae/0xc0
[    1.393690]  ? asm_exc_page_fault+0x26/0x30
[    1.393854]  ? htb_enqueue+0x9d6/0x1030
[    1.394006]  ? __pfx_htb_enqueue+0x10/0x10
[    1.394167]  ? _raw_spin_lock+0x80/0xe0
[    1.394318]  dev_qdisc_enqueue+0x3b/0x140
[    1.394477]  __dev_queue_xmit+0x161f/0x30c0
[    1.394643]  ? _raw_write_lock_bh+0x40/0xe0
[    1.394807]  ? __pfx___dev_queue_xmit+0x10/0x10
[    1.394986]  ? _raw_write_lock_bh+0x84/0xe0
[    1.395150]  ? __pfx__raw_write_lock_bh+0x10/0x10
[    1.395336]  ? eth_header+0x14f/0x180
[    1.395483]  ? neigh_resolve_output+0x3b5/0x7e0
[    1.395663]  ip_finish_output2+0x853/0x18f0
[    1.395828]  ? __pfx_ip_finish_output2+0x10/0x10
[    1.396010]  __ip_finish_output.part.0+0x271/0x950
[    1.396199]  ? __pfx___ip_finish_output.part.0+0x10/0x10
[    1.396405]  ? nf_hook_slow+0xa2/0x170
[    1.396555]  ip_output+0x2c7/0x650
[    1.396692]  ? __pfx_ip_output+0x10/0x10
[    1.396847]  ? __pfx_ip_finish_output+0x10/0x10
[    1.397026]  ? __pfx_ip_generic_getfrag+0x10/0x10
[    1.397211]  ? __pfx_ip_make_skb+0x10/0x10
[    1.397373]  ip_send_skb+0x113/0x150
[    1.397517]  udp_send_skb+0x57d/0x1260
[    1.397667]  udp_sendmsg+0x1757/0x2230
[    1.397817]  ? __pfx_ip_generic_getfrag+0x10/0x10
[    1.398002]  ? __pfx_udp_sendmsg+0x10/0x10
[    1.398163]  ? udp_lib_get_port+0x4b9/0x1850
[    1.398333]  ? ip4_datagram_release_cb+0x161/0x7f0
[    1.398523]  ? __pfx_ip4_datagram_release_cb+0x10/0x10
[    1.398724]  ? __pfx_sk_setsockopt+0x10/0x10
[    1.398894]  ? inet_autobind+0x108/0x160
[    1.399050]  ? inet_send_prepare+0x21f/0x2a0
[    1.399219]  ? __pfx_inet_sendmsg+0x10/0x10
[    1.399383]  ? sock_sendmsg+0x138/0x180
[    1.399537]  sock_sendmsg+0x138/0x180
[    1.399683]  __sys_sendto+0x1eb/0x2b0
[    1.399829]  ? __pfx___sys_sendto+0x10/0x10
[    1.399993]  ? __pfx_udp_push_pending_frames+0x10/0x10
[    1.400194]  ? udp_lib_setsockopt+0x52f/0xc00
[    1.400367]  ? __pfx_udp_lib_setsockopt+0x10/0x10
[    1.400555]  ? __pfx___sys_socket+0x10/0x10
[    1.400719]  __x64_sys_sendto+0xdb/0x1b0
[    1.400874]  ? exit_to_user_mode_prepare+0x2a/0x110
[    1.401066]  ? syscall_exit_to_user_mode+0x21/0x50
[    1.401255]  do_syscall_64+0x3b/0x90
[    1.401397]  entry_SYSCALL_64_after_hwframe+0x6e/0xd8
[    1.401597] RIP: 0033:0x43b943
[    1.401721] Code: c7 c2 b8 ff ff ff f7 d8 64 89 02 48 c7 c0 ff ff ff ff eb b8 0f 1f 00 80 3d 21 c7 06 00 00 41 89 ca 74 14 b8 2c 00 00 00 0f 05 <48> 3d 00 f0 ff ff 77 75 c3 0f 1f 40 00 55 48 83 ec 30 44 89 4c 24
[    1.402427] RSP: 002b:00007fffa6e1e2a8 EFLAGS: 00000202 ORIG_RAX: 000000000000002c
[    1.402721] RAX: ffffffffffffffda RBX: 0000000000000040 RCX: 000000000043b943
[    1.402996] RDX: 0000000000000008 RSI: 000000000047b130 RDI: 0000000000000004
[    1.403272] RBP: 0000000000000004 R08: 00007fffa6e1e2d0 R09: 0000000000000010
[    1.403549] R10: 0000000000000040 R11: 0000000000000202 R12: 00007fffa6e1e2d0
[    1.403824] R13: 000000000047b130 R14: 00000000000000c8 R15: 0100007f09000002
[    1.404100]  </TASK>
[    1.404190] Modules linked in:
[    1.404316] CR2: ffff8880098c1f80
[    1.404450] ---[ end trace 0000000000000000 ]---
[    1.404633] RIP: 0010:0xffff8880098c1f80
[    1.404788] Code: 00 00 00 00 00 00 00 00 00 00 01 00 00 00 65 00 89 05 00 00 00 00 00 00 00 00 00 00 00 00 00 00 00 00 00 00 00 00 00 00 00 00 <00> 4c ac 09 80 88 ff ff 00 00 00 00 64 00 48 06 00 00 00 00 00 00
[    1.405494] RSP: 0018:ffffc9000040f418 EFLAGS: 00010286
[    1.405699] RAX: ffff888009f1cc00 RBX: ffff88800a013800 RCX: ffff8880098c1f80
[    1.405974] RDX: ffffc9000040f5b0 RSI: ffff888009f1cc00 RDI: ffff888009c4f140
[    1.406249] RBP: ffffc9000040f4d8 R08: ffff88800a01387c R09: 0000000000000000
[    1.406526] R10: ffffffff8600dd87 R11: 0000000000000000 R12: 1ffff92000081e8a
[    1.406801] R13: ffff88800a034000 R14: ffff888009c4f140 R15: ffff88800a013910
[    1.407076] FS:  000000000056e380(0000) GS:ffff88806d300000(0000) knlGS:0000000000000000
[    1.407386] CS:  0010 DS: 0000 ES: 0000 CR0: 0000000080050033
[    1.407614] CR2: ffff8880098c1f80 CR3: 0000000006c0a000 CR4: 0000000000750ee0
[    1.407890] PKRU: 55555554
[    1.408000] Kernel panic - not syncing: Fatal exception in interrupt
[    1.408618] Kernel Offset: disabled
CONFIRMED: KASAN_UAF
