bash: warning: setlocale: LC_ALL: cannot change locale (en_US.UTF-8)
c[?7l[2J[0mSeaBIOS (version 1.16.2-debian-1.16.2-1)


iPXE (http://ipxe.org) 00:03.0 CA00 PCI2.10 PnP PMM+7EFCEF00+7EF0EF00 CA00
Press Ctrl-B to configure iPXE (PCI 00:03.0)...                                                                               


Booting from ROM..c[?7l[2J[    0.000000] Linux version 6.5.0-rc3-00175-g298b7bcc36c9-dirty (root@buildkitsandbox) (gcc (Debian 12.2.0-14+deb12u1) 12.2.0, GNU ld (GNU Binutils for Debian) 2.40) #2 SMP PREEMPT_DYNAMIC Tue May  5 11:08:50 UTC 2026
[    0.000000] Command line: console=ttyS0 oops=panic nokaslr rdinit=/init
[    0.000000] BIOS-provided physical RAM map:
[    0.000000] BIOS-e820: [mem 0x0000000000000000-0x000000000009fbff] usable
[    0.000000] BIOS-e820: [mem 0x000000000009fc00-0x000000000009ffff] reserved
[    0.000000] BIOS-e820: [mem 0x00000000000f0000-0x00000000000fffff] reserved
[    0.000000] BIOS-e820: [mem 0x0000000000100000-0x000000007ffdffff] usable
[    0.000000] BIOS-e820: [mem 0x000000007ffe0000-0x000000007fffffff] reserved
[    0.000000] BIOS-e820: [mem 0x00000000feffc000-0x00000000feffffff] reserved
[    0.000000] BIOS-e820: [mem 0x00000000fffc0000-0x00000000ffffffff] reserved
[    0.000000] NX (Execute Disable) protection: active
[    0.000000] SMBIOS 2.8 present.
[    0.000000] DMI: QEMU Standard PC (i440FX + PIIX, 1996), BIOS 1.16.2-debian-1.16.2-1 04/01/2014
[    0.000000] Hypervisor detected: KVM
[    0.000000] kvm-clock: Using msrs 4b564d01 and 4b564d00
[    0.000001] kvm-clock: using sched offset of 317794081 cycles
[    0.000003] clocksource: kvm-clock: mask: 0xffffffffffffffff max_cycles: 0x1cd42e4dffb, max_idle_ns: 881590591483 ns
[    0.000005] tsc: Detected 3187.200 MHz processor
[    0.000306] last_pfn = 0x7ffe0 max_arch_pfn = 0x400000000
[    0.000326] MTRR map: 4 entries (3 fixed + 1 variable; max 19), built from 8 variable MTRRs
[    0.000328] x86/PAT: Configuration [0-7]: WB  WC  UC- UC  WB  WP  UC- WT  
[    0.002267] found SMP MP-table at [mem 0x000f5ba0-0x000f5baf]
[    0.002276] Using GB pages for direct mapping
[    0.002276] Incomplete global flushes, disabling PCID
[    0.002373] RAMDISK: [mem 0x7fe92000-0x7ffdffff]
[    0.002377] ACPI: Early table checksum verification disabled
[    0.002380] ACPI: RSDP 0x00000000000F59D0 000014 (v00 BOCHS )
[    0.002382] ACPI: RSDT 0x000000007FFE1B33 000034 (v01 BOCHS  BXPC     00000001 BXPC 00000001)
[    0.002387] ACPI: FACP 0x000000007FFE19DF 000074 (v01 BOCHS  BXPC     00000001 BXPC 00000001)
[    0.002391] ACPI: DSDT 0x000000007FFE0040 00199F (v01 BOCHS  BXPC     00000001 BXPC 00000001)
[    0.002394] ACPI: FACS 0x000000007FFE0000 000040
[    0.002395] ACPI: APIC 0x000000007FFE1A53 000080 (v01 BOCHS  BXPC     00000001 BXPC 00000001)
[    0.002397] ACPI: HPET 0x000000007FFE1AD3 000038 (v01 BOCHS  BXPC     00000001 BXPC 00000001)
[    0.002399] ACPI: WAET 0x000000007FFE1B0B 000028 (v01 BOCHS  BXPC     00000001 BXPC 00000001)
[    0.002400] ACPI: Reserving FACP table memory at [mem 0x7ffe19df-0x7ffe1a52]
[    0.002401] ACPI: Reserving DSDT table memory at [mem 0x7ffe0040-0x7ffe19de]
[    0.002402] ACPI: Reserving FACS table memory at [mem 0x7ffe0000-0x7ffe003f]
[    0.002403] ACPI: Reserving APIC table memory at [mem 0x7ffe1a53-0x7ffe1ad2]
[    0.002403] ACPI: Reserving HPET table memory at [mem 0x7ffe1ad3-0x7ffe1b0a]
[    0.002404] ACPI: Reserving WAET table memory at [mem 0x7ffe1b0b-0x7ffe1b32]
[    0.002599] No NUMA configuration found
[    0.002599] Faking a node at [mem 0x0000000000000000-0x000000007ffdffff]
[    0.002601] NODE_DATA(0) allocated [mem 0x7fe8e000-0x7fe91fff]
[    0.002609] Zone ranges:
[    0.002609]   DMA      [mem 0x0000000000001000-0x0000000000ffffff]
[    0.002610]   DMA32    [mem 0x0000000001000000-0x000000007ffdffff]
[    0.002611]   Normal   empty
[    0.002612] Movable zone start for each node
[    0.002612] Early memory node ranges
[    0.002612]   node   0: [mem 0x0000000000001000-0x000000000009efff]
[    0.002613]   node   0: [mem 0x0000000000100000-0x000000007ffdffff]
[    0.002614] Initmem setup node 0 [mem 0x0000000000001000-0x000000007ffdffff]
[    0.005507] On node 0, zone DMA: 1 pages in unavailable ranges
[    0.005632] On node 0, zone DMA: 97 pages in unavailable ranges
[    0.124012] On node 0, zone DMA32: 32 pages in unavailable ranges
[    0.313882] kasan: KernelAddressSanitizer initialized
[    0.314085] ACPI: PM-Timer IO Port: 0x608
[    0.314092] ACPI: LAPIC_NMI (acpi_id[0xff] dfl dfl lint[0x1])
[    0.314121] IOAPIC[0]: apic_id 0, version 17, address 0xfec00000, GSI 0-23
[    0.314124] ACPI: INT_SRC_OVR (bus 0 bus_irq 0 global_irq 2 dfl dfl)
[    0.314125] ACPI: INT_SRC_OVR (bus 0 bus_irq 5 global_irq 5 high level)
[    0.314126] ACPI: INT_SRC_OVR (bus 0 bus_irq 9 global_irq 9 high level)
[    0.314127] ACPI: INT_SRC_OVR (bus 0 bus_irq 10 global_irq 10 high level)
[    0.314127] ACPI: INT_SRC_OVR (bus 0 bus_irq 11 global_irq 11 high level)
[    0.314129] ACPI: Using ACPI (MADT) for SMP configuration information
[    0.314130] ACPI: HPET id: 0x8086a201 base: 0xfed00000
[    0.314132] TSC deadline timer available
[    0.314133] smpboot: Allowing 2 CPUs, 0 hotplug CPUs
[    0.314151] kvm-guest: KVM setup pv remote TLB flush
[    0.314153] kvm-guest: setup PV sched yield
[    0.314158] PM: hibernation: Registered nosave memory: [mem 0x00000000-0x00000fff]
[    0.314160] PM: hibernation: Registered nosave memory: [mem 0x0009f000-0x0009ffff]
[    0.314160] PM: hibernation: Registered nosave memory: [mem 0x000a0000-0x000effff]
[    0.314161] PM: hibernation: Registered nosave memory: [mem 0x000f0000-0x000fffff]
[    0.314162] [mem 0x80000000-0xfeffbfff] available for PCI devices
[    0.314163] Booting paravirtualized kernel on KVM
[    0.314164] clocksource: refined-jiffies: mask: 0xffffffff max_cycles: 0xffffffff, max_idle_ns: 1910969940391419 ns
[    0.322145] setup_percpu: NR_CPUS:64 nr_cpumask_bits:2 nr_cpu_ids:2 nr_node_ids:1
[    0.323177] percpu: Embedded 66 pages/cpu s232104 r8192 d30040 u1048576
[    0.323203] Kernel command line: console=ttyS0 oops=panic nokaslr rdinit=/init
[    0.323248] random: crng init done
[    0.325124] Dentry cache hash table entries: 262144 (order: 9, 2097152 bytes, linear)
[    0.326581] Inode-cache hash table entries: 131072 (order: 8, 1048576 bytes, linear)
[    0.326615] Fallback order for Node 0: 0 
[    0.326617] Built 1 zonelists, mobility grouping on.  Total pages: 515808
[    0.326618] Policy zone: DMA32
[    0.326619] mem auto-init: stack:all(zero), heap alloc:off, heap free:off
[    0.326619] stackdepot: allocating hash table via alloc_large_system_hash
[    0.332468] stackdepot hash table entries: 1048576 (order: 11, 8388608 bytes, linear)
[    0.353807] Memory: 1692960K/2096632K available (49152K kernel code, 7981K rwdata, 10188K rodata, 5648K init, 2900K bss, 403416K reserved, 0K cma-reserved)
[    0.353931] SLUB: HWalign=64, Order=0-3, MinObjects=0, CPUs=2, Nodes=1
[    0.354914] Dynamic Preempt: voluntary
[    0.356959] rcu: Preemptible hierarchical RCU implementation.
[    0.356961] rcu: 	RCU event tracing is enabled.
[    0.356961] rcu: 	RCU restricting CPUs from NR_CPUS=64 to nr_cpu_ids=2.
[    0.356962] 	Trampoline variant of Tasks RCU enabled.
[    0.356963] rcu: RCU calculated value of scheduler-enlistment delay is 100 jiffies.
[    0.356964] rcu: Adjusting geometry for rcu_fanout_leaf=16, nr_cpu_ids=2
[    0.362933] NR_IRQS: 4352, nr_irqs: 440, preallocated irqs: 16
[    0.363133] rcu: srcu_init: Setting srcu_struct sizes based on contention.
[    0.365420] Console: colour VGA+ 80x25
[    0.365444] printk: console [ttyS0] enabled
[    0.402684] ACPI: Core revision 20230331
[    0.403042] clocksource: hpet: mask: 0xffffffff max_cycles: 0xffffffff, max_idle_ns: 19112604467 ns
[    0.403629] APIC: Switch to symmetric I/O mode setup
[    0.403923] kvm-guest: setup PV IPIs
[    0.404772] ..TIMER: vector=0x30 apic1=0 pin1=2 apic2=-1 pin2=-1
[    0.405138] clocksource: tsc-early: mask: 0xffffffffffffffff max_cycles: 0x2df10e7656b, max_idle_ns: 440795364873 ns
[    0.405761] Calibrating delay loop (skipped) preset value.. 6374.40 BogoMIPS (lpj=3187200)
[    0.406317] x86/cpu: User Mode Instruction Prevention (UMIP) activated
[    0.406805] Last level iTLB entries: 4KB 0, 2MB 0, 4MB 0
[    0.407118] Last level dTLB entries: 4KB 0, 2MB 0, 4MB 0, 1GB 0
[    0.407468] Spectre V1 : Mitigation: usercopy/swapgs barriers and __user pointer sanitization
[    0.407759] Spectre V2 : Mitigation: Enhanced / Automatic IBRS
[    0.408100] Spectre V2 : Spectre v2 / SpectreRSB mitigation: Filling RSB on context switch
[    0.408757] Spectre V2 : Spectre v2 / PBRSB-eIBRS: Retire a single CALL on VMEXIT
[    0.409198] Spectre V2 : mitigation: Enabling conditional Indirect Branch Prediction Barrier
[    0.409757] Speculative Store Bypass: Mitigation: Speculative Store Bypass disabled via prctl
[    0.410257] MMIO Stale Data: Unknown: No mitigations
[    0.410561] x86/fpu: Supporting XSAVE feature 0x001: 'x87 floating point registers'
[    0.410757] x86/fpu: Supporting XSAVE feature 0x002: 'SSE registers'
[    0.411141] x86/fpu: Supporting XSAVE feature 0x004: 'AVX registers'
[    0.411757] x86/fpu: Supporting XSAVE feature 0x200: 'Protection Keys User registers'
[    0.412223] x86/fpu: xstate_offset[2]:  576, xstate_sizes[2]:  256
[    0.412598] x86/fpu: xstate_offset[9]:  832, xstate_sizes[9]:    8
[    0.412757] x86/fpu: Enabled xstate features 0x207, context size is 840 bytes, using 'compacted' format.
[    0.430078] Freeing SMP alternatives memory: 44K
[    0.430414] pid_max: default: 32768 minimum: 301
[    0.430762] LSM: initializing lsm=capability,selinux,integrity
[    0.431132] SELinux:  Initializing.
[    0.431412] Mount-cache hash table entries: 4096 (order: 3, 32768 bytes, linear)
[    0.431760] Mountpoint-cache hash table entries: 4096 (order: 3, 32768 bytes, linear)
[    0.434033] smpboot: CPU0: Intel(R) Core(TM) i9-14900K (family: 0x6, model: 0xb7, stepping: 0x1)
[    0.434709] RCU Tasks: Setting shift to 1 and lim to 1 rcu_task_cb_adjust=1.
[    0.434774] Performance Events: unsupported p6 CPU model 183 no PMU driver, software events only.
[    0.435334] signal: max sigframe size: 3632
[    0.435623] rcu: Hierarchical SRCU implementation.
[    0.435758] rcu: 	Max phase no-delay instances is 400.
[    0.436460] smp: Bringing up secondary CPUs ...
[    0.436863] smpboot: x86: Booting SMP configuration:
[    0.437163] .... node  #0, CPUs:      #1
[    0.437245] smp: Brought up 1 node, 2 CPUs
[    0.437998] smpboot: Max logical packages: 1
[    0.438249] smpboot: Total of 2 processors activated (12748.80 BogoMIPS)
[    0.440827] devtmpfs: initialized
[    0.443462] clocksource: jiffies: mask: 0xffffffff max_cycles: 0xffffffff, max_idle_ns: 1911260446275000 ns
[    0.443761] futex hash table entries: 512 (order: 3, 32768 bytes, linear)
[    0.444286] PM: RTC time: 11:12:30, date: 2026-05-05
[    0.444709] NET: Registered PF_NETLINK/PF_ROUTE protocol family
[    0.444960] audit: initializing netlink subsys (disabled)
[    0.445316] audit: type=2000 audit(1777979550.985:1): state=initialized audit_enabled=0 res=1
[    0.445316] thermal_sys: Registered thermal governor 'step_wise'
[    0.445758] thermal_sys: Registered thermal governor 'user_space'
[    0.446142] cpuidle: using governor menu
[    0.446960] PCI: Using configuration type 1 for base access
[    0.447438] kprobes: kprobe jump-optimization is enabled. All kprobes are optimized if possible.
[    0.449756] HugeTLB: registered 2.00 MiB page size, pre-allocated 0 pages
[    0.450762] HugeTLB: 28 KiB vmemmap can be freed for a 2.00 MiB page
[    0.452181] ACPI: Added _OSI(Module Device)
[    0.452762] ACPI: Added _OSI(Processor Device)
[    0.453579] ACPI: Added _OSI(3.0 _SCP Extensions)
[    0.454763] ACPI: Added _OSI(Processor Aggregator Device)
[    0.462801] ACPI: 1 ACPI AML tables successfully acquired and loaded
[    0.505946] ACPI: Interpreter enabled
[    0.506253] ACPI: PM: (supports S0 S3 S4 S5)
[    0.506508] ACPI: Using IOAPIC for interrupt routing
[    0.506789] PCI: Using host bridge windows from ACPI; if necessary, use "pci=nocrs" and report a bug
[    0.507346] PCI: Using E820 reservations for host bridge windows
[    0.508059] ACPI: Enabled 2 GPEs in block 00 to 0F
[    0.518492] ACPI: PCI Root Bridge [PCI0] (domain 0000 [bus 00-ff])
[    0.518765] acpi PNP0A03:00: _OSC: OS supports [ASPM ClockPM Segments MSI HPX-Type3]
[    0.519241] acpi PNP0A03:00: _OSC: not requesting OS control; OS requires [ExtendedConfig ASPM ClockPM MSI]
[    0.519806] acpi PNP0A03:00: fail to add MMCONFIG information, can't access extended configuration space under this bridge
[    0.520608] PCI host bridge to bus 0000:00
[    0.520759] pci_bus 0000:00: root bus resource [io  0x0000-0x0cf7 window]
[    0.521155] pci_bus 0000:00: root bus resource [io  0x0d00-0xffff window]
[    0.521549] pci_bus 0000:00: root bus resource [mem 0x000a0000-0x000bffff window]
[    0.521759] pci_bus 0000:00: root bus resource [mem 0x80000000-0xfebfffff window]
[    0.522192] pci_bus 0000:00: root bus resource [mem 0x100000000-0x17fffffff window]
[    0.522635] pci_bus 0000:00: root bus resource [bus 00-ff]
[    0.522806] pci 0000:00:00.0: [8086:1237] type 00 class 0x060000
[    0.526901] pci 0000:00:01.0: [8086:7000] type 00 class 0x060100
[    0.531322] pci 0000:00:01.1: [8086:7010] type 00 class 0x010180
[    0.532501] pci 0000:00:01.1: reg 0x20: [io  0xc040-0xc04f]
[    0.533173] pci 0000:00:01.1: legacy IDE quirk: reg 0x10: [io  0x01f0-0x01f7]
[    0.533595] pci 0000:00:01.1: legacy IDE quirk: reg 0x14: [io  0x03f6]
[    0.533758] pci 0000:00:01.1: legacy IDE quirk: reg 0x18: [io  0x0170-0x0177]
[    0.534170] pci 0000:00:01.1: legacy IDE quirk: reg 0x1c: [io  0x0376]
[    0.534726] pci 0000:00:01.3: [8086:7113] type 00 class 0x068000
[    0.534983] pci 0000:00:01.3: quirk: [io  0x0600-0x063f] claimed by PIIX4 ACPI
[    0.535406] pci 0000:00:01.3: quirk: [io  0x0700-0x070f] claimed by PIIX4 SMB
[    0.535906] pci 0000:00:02.0: [1234:1111] type 00 class 0x030000
[    0.536766] pci 0000:00:02.0: reg 0x10: [mem 0xfd000000-0xfdffffff pref]
[    0.537941] pci 0000:00:02.0: reg 0x18: [mem 0xfebf0000-0xfebf0fff]
[    0.540199] pci 0000:00:02.0: reg 0x30: [mem 0xfebe0000-0xfebeffff pref]
[    0.540649] pci 0000:00:02.0: Video device with shadowed ROM at [mem 0x000c0000-0x000dffff]
[    0.544395] pci 0000:00:03.0: [8086:100e] type 00 class 0x020000
[    0.545048] pci 0000:00:03.0: reg 0x10: [mem 0xfebc0000-0xfebdffff]
[    0.545688] pci 0000:00:03.0: reg 0x14: [io  0xc000-0xc03f]
[    0.547369] pci 0000:00:03.0: reg 0x30: [mem 0xfeb80000-0xfebbffff pref]
[    0.552301] ACPI: PCI: Interrupt link LNKA configured for IRQ 10
[    0.553001] ACPI: PCI: Interrupt link LNKB configured for IRQ 10
[    0.553690] ACPI: PCI: Interrupt link LNKC configured for IRQ 11
[    0.554097] ACPI: PCI: Interrupt link LNKD configured for IRQ 11
[    0.554581] ACPI: PCI: Interrupt link LNKS configured for IRQ 9
[    0.555671] iommu: Default domain type: Translated
[    0.555757] iommu: DMA domain TLB invalidation policy: lazy mode
[    0.556293] SCSI subsystem initialized
[    0.556529] ACPI: bus type USB registered
[    0.556785] usbcore: registered new interface driver usbfs
[    0.557118] usbcore: registered new interface driver hub
[    0.557442] usbcore: registered new device driver usb
[    0.557795] pps_core: LinuxPPS API ver. 1 registered
[    0.558086] pps_core: Software ver. 5.3.6 - Copyright 2005-2007 Rodolfo Giometti <giometti@linux.it>
[    0.558619] PTP clock support registered
[    0.558815] Advanced Linux Sound Architecture Driver Initialized.
[    0.559505] NetLabel: Initializing
[    0.559758] NetLabel:  domain hash size = 128
[    0.560012] NetLabel:  protocols = UNLABELED CIPSOv4 CALIPSO
[    0.560376] NetLabel:  unlabeled traffic allowed by default
[    0.560769] PCI: Using ACPI for IRQ routing
[    0.561093] pci 0000:00:02.0: vgaarb: setting as boot VGA device
[    0.561120] pci 0000:00:02.0: vgaarb: bridge control possible
[    0.561453] pci 0000:00:02.0: vgaarb: VGA device added: decodes=io+mem,owns=io+mem,locks=none
[    0.561757] vgaarb: loaded
[    0.561974] hpet0: at MMIO 0xfed00000, IRQs 2, 8, 0
[    0.562260] hpet0: 3 comparators, 64-bit 100.000000 MHz counter
[    0.566795] clocksource: Switched to clocksource kvm-clock
[    0.595142] VFS: Disk quotas dquot_6.6.0
[    0.595818] VFS: Dquot-cache hash table entries: 512 (order 0, 4096 bytes)
[    0.596429] pnp: PnP ACPI init
[    0.597663] pnp: PnP ACPI: found 6 devices
[    0.606481] clocksource: acpi_pm: mask: 0xffffff max_cycles: 0xffffff, max_idle_ns: 2085701024 ns
[    0.607042] NET: Registered PF_INET protocol family
[    0.607383] IP idents hash table entries: 32768 (order: 6, 262144 bytes, linear)
[    0.608296] tcp_listen_portaddr_hash hash table entries: 1024 (order: 2, 16384 bytes, linear)
[    0.608799] Table-perturb hash table entries: 65536 (order: 6, 262144 bytes, linear)
[    0.609251] TCP established hash table entries: 16384 (order: 5, 131072 bytes, linear)
[    0.609728] TCP bind hash table entries: 16384 (order: 7, 524288 bytes, linear)
[    0.611193] TCP: Hash tables configured (established 16384 bind 16384)
[    0.611611] UDP hash table entries: 1024 (order: 3, 32768 bytes, linear)
[    0.612009] UDP-Lite hash table entries: 1024 (order: 3, 32768 bytes, linear)
[    0.612484] NET: Registered PF_UNIX/PF_LOCAL protocol family
[    0.612985] RPC: Registered named UNIX socket transport module.
[    0.613329] RPC: Registered udp transport module.
[    0.613602] RPC: Registered tcp transport module.
[    0.613881] RPC: Registered tcp-with-tls transport module.
[    0.614198] RPC: Registered tcp NFSv4.1 backchannel transport module.
[    0.614884] pci_bus 0000:00: resource 4 [io  0x0000-0x0cf7 window]
[    0.615244] pci_bus 0000:00: resource 5 [io  0x0d00-0xffff window]
[    0.615601] pci_bus 0000:00: resource 6 [mem 0x000a0000-0x000bffff window]
[    0.616003] pci_bus 0000:00: resource 7 [mem 0x80000000-0xfebfffff window]
[    0.616399] pci_bus 0000:00: resource 8 [mem 0x100000000-0x17fffffff window]
[    0.616895] pci 0000:00:01.0: PIIX3: Enabling Passive Release
[    0.617234] pci 0000:00:00.0: Limiting direct PCI/PCI transfers
[    0.617607] PCI: CLS 0 bytes, default 64
[    0.617934] Unpacking initramfs...
[    0.622693] RAPL PMU: API unit is 2^-32 Joules, 0 fixed counters, 10737418240 ms ovfl timer
[    0.623199] clocksource: tsc: mask: 0xffffffffffffffff max_cycles: 0x2df10e7656b, max_idle_ns: 440795364873 ns
[    0.625046] Initialise system trusted keyrings
[    0.625355] workingset: timestamp_bits=56 max_order=19 bucket_order=0
[    0.627128] NFS: Registering the id_resolver key type
[    0.627435] Key type id_resolver registered
[    0.627682] Key type id_legacy registered
[    0.627962] 9p: Installing v9fs 9p2000 file system support
[    0.631400] Freeing initrd memory: 1336K
[    0.633015] Key type asymmetric registered
[    0.633304] Asymmetric key parser 'x509' registered
[    0.633610] Block layer SCSI generic (bsg) driver version 0.4 loaded (major 251)
[    0.634056] io scheduler mq-deadline registered
[    0.634320] io scheduler kyber registered
[    0.634734] input: Power Button as /devices/LNXSYSTM:00/LNXPWRBN:00/input/input0
[    0.635280] ACPI: button: Power Button [PWRF]
[    0.635827] Serial: 8250/16550 driver, 4 ports, IRQ sharing enabled
[    0.636350] 00:04: ttyS0 at I/O 0x3f8 (irq = 4, base_baud = 115200) is a 16550A
[    0.637429] Non-volatile memory driver v1.3
[    0.637680] Linux agpgart interface v0.103
[    0.637989] ACPI: bus type drm_connector registered
[    0.643029] loop: module loaded
[    0.644183] scsi host0: ata_piix
[    0.644582] scsi host1: ata_piix
[    0.644864] ata1: PATA max MWDMA2 cmd 0x1f0 ctl 0x3f6 bmdma 0xc040 irq 14
[    0.645270] ata2: PATA max MWDMA2 cmd 0x170 ctl 0x376 bmdma 0xc048 irq 15
[    0.646105] e100: Intel(R) PRO/100 Network Driver
[    0.646384] e100: Copyright(c) 1999-2006 Intel Corporation
[    0.646716] e1000: Intel(R) PRO/1000 Network Driver
[    0.647005] e1000: Copyright (c) 1999-2006 Intel Corporation.
[    0.803853] ata2: found unknown device (class 0)
[    0.804733] ata2.00: ATAPI: QEMU DVD-ROM, 2.5+, max UDMA/100
[    0.805954] scsi 1:0:0:0: CD-ROM            QEMU     QEMU DVD-ROM     2.5+ PQ: 0 ANSI: 5
[    0.846971] sr 1:0:0:0: [sr0] scsi3-mmc drive: 4x/4x cd/rw xa/form2 tray
[    0.847526] cdrom: Uniform CD-ROM driver Revision: 3.20
[    0.854926] sr 1:0:0:0: Attached scsi generic sg0 type 5
[    0.958824] ACPI: \_SB_.LNKC: Enabled at IRQ 11
[    1.248224] e1000 0000:00:03.0 eth0: (PCI:33MHz:32-bit) 52:54:00:12:34:56
[    1.248639] e1000 0000:00:03.0 eth0: Intel(R) PRO/1000 Network Connection
[    1.249072] e1000e: Intel(R) PRO/1000 Network Driver
[    1.249360] e1000e: Copyright(c) 1999 - 2015 Intel Corporation.
[    1.249725] sky2: driver version 1.30
[    1.250172] usbcore: registered new interface driver usblp
[    1.250507] usbcore: registered new interface driver usb-storage
[    1.250914] i8042: PNP: PS/2 Controller [PNP0303:KBD,PNP0f13:MOU] at 0x60,0x64 irq 1,12
[    1.251837] serio: i8042 KBD port at 0x60,0x64 irq 1
[    1.252132] serio: i8042 AUX port at 0x60,0x64 irq 12
[    1.252794] input: AT Translated Set 2 keyboard as /devices/platform/i8042/serio0/input/input1
[    1.253535] rtc_cmos 00:05: RTC can wake from S4
[    1.254593] rtc_cmos 00:05: registered as rtc0
[    1.254957] rtc_cmos 00:05: alarms up to one day, y3k, 242 bytes nvram, hpet irqs
[    1.255864] device-mapper: ioctl: 4.48.0-ioctl (2023-03-01) initialised: dm-devel@redhat.com
[    1.256376] intel_pstate: CPU model not supported
[    1.256704] hid: raw HID events driver (C) Jiri Kosina
[    1.257275] usbcore: registered new interface driver usbhid
[    1.257600] usbhid: USB HID core driver
[    1.259467] Initializing XFRM netlink socket
[    1.259764] NET: Registered PF_INET6 protocol family
[    1.260549] Segment Routing with IPv6
[    1.260787] In-situ OAM (IOAM) with IPv6
[    1.261061] sit: IPv6, IPv4 and MPLS over IPv4 tunneling driver
[    1.261629] NET: Registered PF_PACKET protocol family
[    1.261960] 9pnet: Installing 9P2000 support
[    1.262230] Key type dns_resolver registered
[    1.262754] IPI shorthand broadcast: enabled
[    1.272555] sched_clock: Marking stable (1231000908, 40617840)->(1282813502, -11194754)
[    1.273200] registered taskstats version 1
[    1.273445] Loading compiled-in X.509 certificates
[    1.280457] PM:   Magic number: 10:701:225
[    1.280759] printk: console [netcon0] enabled
[    1.281019] netconsole: network logging started
[    1.281352] cfg80211: Loading compiled-in X.509 certificates for regulatory database
[    1.281955] kworker/u4:1 (51) used greatest stack depth: 29536 bytes left
[    1.282597] Loaded X.509 cert 'sforshee: 00b28ddf47aef9cea7'
[    1.282976] ALSA device list:
[    1.283153]   No soundcards found.
[    1.284083] Freeing unused kernel image (initmem) memory: 5648K
[    1.284363] platform regulatory.0: Direct firmware load for regulatory.db failed with error -2
[    1.284699] cfg80211: failed to load regulatory.db
[    1.293779] Write protecting the kernel read-only data: 59392k
[    1.294107] Freeing unused kernel image (rodata/data gap) memory: 52K
[    1.301893] x86/mm: Checked W+X mappings: passed, no W+X pages found.
[    1.302232] Run /init as init process
[    1.304550] mount (55) used greatest stack depth: 28760 bytes left

secb: rootfs ready
---- poc begin ----
poc: start: CVE-2023-4206 cls_route UAF
poc: setup: htb qdisc + class 10001 ok
poc: create filter r=0
poc: change filter r=0
poc: del class r=-16
[    1.879477] input: ImExPS/2 Generic Explorer Mouse as /devices/platform/i8042/serio1/input/input3
poc: done
[    3.144940] poc (61) used greatest stack depth: 27504 bytes left
---- poc end rc=0 ----
secb: poc exited without crashing the kernel
[    4.402551] ACPI: PM: Preparing to enter system sleep state S5
[    4.402957] reboot: Power down
NO_CRASH_DETECTED
