bash: warning: setlocale: LC_ALL: cannot change locale (en_US.UTF-8)
c[?7l[2J[0mSeaBIOS (version 1.16.2-debian-1.16.2-1)


iPXE (http://ipxe.org) 00:03.0 CA00 PCI2.10 PnP PMM+7EFCEF00+7EF0EF00 CA00
Press Ctrl-B to configure iPXE (PCI 00:03.0)...                                                                               


Booting from ROM...
c[?7l[2J[    0.000000] Linux version 6.14.0-13338-g609110eebb96-dirty (root@buildkitsandbox) (gcc (Debian 12.2.0-14+deb12u1) 12.2.0, GNU ld (GNU Binutils for Debian) 2.40) #2 SMP PREEMPT_DYNAMIC Tue May  5 16:15:34 UTC 2026
[    0.000000] Command line: console=ttyS0 oops=panic nokaslr rdinit=/init
[    0.000000] BIOS-provided physical RAM map:
[    0.000000] BIOS-e820: [mem 0x0000000000000000-0x000000000009fbff] usable
[    0.000000] BIOS-e820: [mem 0x000000000009fc00-0x000000000009ffff] reserved
[    0.000000] BIOS-e820: [mem 0x00000000000f0000-0x00000000000fffff] reserved
[    0.000000] BIOS-e820: [mem 0x0000000000100000-0x000000007ffdffff] usable
[    0.000000] BIOS-e820: [mem 0x000000007ffe0000-0x000000007fffffff] reserved
[    0.000000] BIOS-e820: [mem 0x00000000feffc000-0x00000000feffffff] reserved
[    0.000000] BIOS-e820: [mem 0x00000000fffc0000-0x00000000ffffffff] reserved
[    0.000000] NX (Execute Disable) protection: active
[    0.000000] APIC: Static calls initialized
[    0.000000] SMBIOS 2.8 present.
[    0.000000] DMI: QEMU Standard PC (i440FX + PIIX, 1996), BIOS 1.16.2-debian-1.16.2-1 04/01/2014
[    0.000000] DMI: Memory slots populated: 1/1
[    0.000000] Hypervisor detected: KVM
[    0.000000] kvm-clock: Using msrs 4b564d01 and 4b564d00
[    0.000000] kvm-clock: using sched offset of 471446794 cycles
[    0.000002] clocksource: kvm-clock: mask: 0xffffffffffffffff max_cycles: 0x1cd42e4dffb, max_idle_ns: 881590591483 ns
[    0.000005] tsc: Detected 3187.200 MHz processor
[    0.000327] last_pfn = 0x7ffe0 max_arch_pfn = 0x400000000
[    0.000346] MTRR map: 4 entries (3 fixed + 1 variable; max 19), built from 8 variable MTRRs
[    0.000348] x86/PAT: Configuration [0-7]: WB  WC  UC- UC  WB  WP  UC- WT  
[    0.005137] found SMP MP-table at [mem 0x000f5ba0-0x000f5baf]
[    0.005145] Using GB pages for direct mapping
[    0.005341] RAMDISK: [mem 0x7fe8f000-0x7ffdffff]
[    0.005347] ACPI: Early table checksum verification disabled
[    0.005350] ACPI: RSDP 0x00000000000F59D0 000014 (v00 BOCHS )
[    0.005355] ACPI: RSDT 0x000000007FFE1B33 000034 (v01 BOCHS  BXPC     00000001 BXPC 00000001)
[    0.005360] ACPI: FACP 0x000000007FFE19DF 000074 (v01 BOCHS  BXPC     00000001 BXPC 00000001)
[    0.005365] ACPI: DSDT 0x000000007FFE0040 00199F (v01 BOCHS  BXPC     00000001 BXPC 00000001)
[    0.005368] ACPI: FACS 0x000000007FFE0000 000040
[    0.005370] ACPI: APIC 0x000000007FFE1A53 000080 (v01 BOCHS  BXPC     00000001 BXPC 00000001)
[    0.005372] ACPI: HPET 0x000000007FFE1AD3 000038 (v01 BOCHS  BXPC     00000001 BXPC 00000001)
[    0.005374] ACPI: WAET 0x000000007FFE1B0B 000028 (v01 BOCHS  BXPC     00000001 BXPC 00000001)
[    0.005376] ACPI: Reserving FACP table memory at [mem 0x7ffe19df-0x7ffe1a52]
[    0.005377] ACPI: Reserving DSDT table memory at [mem 0x7ffe0040-0x7ffe19de]
[    0.005378] ACPI: Reserving FACS table memory at [mem 0x7ffe0000-0x7ffe003f]
[    0.005379] ACPI: Reserving APIC table memory at [mem 0x7ffe1a53-0x7ffe1ad2]
[    0.005379] ACPI: Reserving HPET table memory at [mem 0x7ffe1ad3-0x7ffe1b0a]
[    0.005380] ACPI: Reserving WAET table memory at [mem 0x7ffe1b0b-0x7ffe1b32]
[    0.005592] No NUMA configuration found
[    0.005593] Faking a node at [mem 0x0000000000000000-0x000000007ffdffff]
[    0.005595] NODE_DATA(0) allocated [mem 0x7fe8b800-0x7fe8efff]
[    0.005623] Zone ranges:
[    0.005624]   DMA      [mem 0x0000000000001000-0x0000000000ffffff]
[    0.005625]   DMA32    [mem 0x0000000001000000-0x000000007ffdffff]
[    0.005626]   Normal   empty
[    0.005627] Movable zone start for each node
[    0.005627] Early memory node ranges
[    0.005628]   node   0: [mem 0x0000000000001000-0x000000000009efff]
[    0.005629]   node   0: [mem 0x0000000000100000-0x000000007ffdffff]
[    0.005629] Initmem setup node 0 [mem 0x0000000000001000-0x000000007ffdffff]
[    0.006220] On node 0, zone DMA: 1 pages in unavailable ranges
[    0.006346] On node 0, zone DMA: 97 pages in unavailable ranges
[    0.033838] On node 0, zone DMA32: 32 pages in unavailable ranges
[    0.672029] kasan: KernelAddressSanitizer initialized
[    0.672230] ACPI: PM-Timer IO Port: 0x608
[    0.672242] ACPI: LAPIC_NMI (acpi_id[0xff] dfl dfl lint[0x1])
[    0.672268] IOAPIC[0]: apic_id 0, version 17, address 0xfec00000, GSI 0-23
[    0.672271] ACPI: INT_SRC_OVR (bus 0 bus_irq 0 global_irq 2 dfl dfl)
[    0.672273] ACPI: INT_SRC_OVR (bus 0 bus_irq 5 global_irq 5 high level)
[    0.672273] ACPI: INT_SRC_OVR (bus 0 bus_irq 9 global_irq 9 high level)
[    0.672275] ACPI: INT_SRC_OVR (bus 0 bus_irq 10 global_irq 10 high level)
[    0.672275] ACPI: INT_SRC_OVR (bus 0 bus_irq 11 global_irq 11 high level)
[    0.672278] ACPI: Using ACPI (MADT) for SMP configuration information
[    0.672279] ACPI: HPET id: 0x8086a201 base: 0xfed00000
[    0.672283] TSC deadline timer available
[    0.672286] CPU topo: Max. logical packages:   1
[    0.672286] CPU topo: Max. logical dies:       1
[    0.672287] CPU topo: Max. dies per package:   1
[    0.672288] CPU topo: Max. threads per core:   1
[    0.672289] CPU topo: Num. cores per package:     2
[    0.672290] CPU topo: Num. threads per package:   2
[    0.672290] CPU topo: Allowing 2 present CPUs plus 0 hotplug CPUs
[    0.672304] kvm-guest: APIC: eoi() replaced with kvm_guest_apic_eoi_write()
[    0.672318] kvm-guest: KVM setup pv remote TLB flush
[    0.672320] kvm-guest: setup PV sched yield
[    0.672327] PM: hibernation: Registered nosave memory: [mem 0x00000000-0x00000fff]
[    0.672328] PM: hibernation: Registered nosave memory: [mem 0x0009f000-0x0009ffff]
[    0.672329] PM: hibernation: Registered nosave memory: [mem 0x000a0000-0x000effff]
[    0.672329] PM: hibernation: Registered nosave memory: [mem 0x000f0000-0x000fffff]
[    0.672330] [mem 0x80000000-0xfeffbfff] available for PCI devices
[    0.672331] Booting paravirtualized kernel on KVM
[    0.672333] clocksource: refined-jiffies: mask: 0xffffffff max_cycles: 0xffffffff, max_idle_ns: 1910969940391419 ns
[    0.680722] setup_percpu: NR_CPUS:64 nr_cpumask_bits:2 nr_cpu_ids:2 nr_node_ids:1
[    0.681890] percpu: Embedded 63 pages/cpu s220760 r8192 d29096 u1048576
[    0.681921] Kernel command line: console=ttyS0 oops=panic nokaslr rdinit=/init
[    0.681965] random: crng init done
[    0.681966] printk: log buffer data + meta data: 262144 + 917504 = 1179648 bytes
[    0.682515] Dentry cache hash table entries: 262144 (order: 9, 2097152 bytes, linear)
[    0.683209] Inode-cache hash table entries: 131072 (order: 8, 1048576 bytes, linear)
[    0.683258] Fallback order for Node 0: 0 
[    0.683260] Built 1 zonelists, mobility grouping on.  Total pages: 524158
[    0.683261] Policy zone: DMA32
[    0.683262] mem auto-init: stack:all(zero), heap alloc:off, heap free:off
[    0.683263] stackdepot: allocating hash table via alloc_large_system_hash
[    0.683264] stackdepot hash table entries: 1048576 (order: 12, 16777216 bytes, linear)
[    0.712549] SLUB: HWalign=64, Order=0-3, MinObjects=0, CPUs=2, Nodes=1
[    0.713794] Dynamic Preempt: voluntary
[    0.714036] rcu: Preemptible hierarchical RCU implementation.
[    0.714037] rcu: 	RCU event tracing is enabled.
[    0.714037] rcu: 	RCU restricting CPUs from NR_CPUS=64 to nr_cpu_ids=2.
[    0.714039] 	Trampoline variant of Tasks RCU enabled.
[    0.714039] 	Tracing variant of Tasks RCU enabled.
[    0.714040] rcu: RCU calculated value of scheduler-enlistment delay is 100 jiffies.
[    0.714041] rcu: Adjusting geometry for rcu_fanout_leaf=16, nr_cpu_ids=2
[    0.714061] RCU Tasks: Setting shift to 1 and lim to 1 rcu_task_cb_adjust=1 rcu_task_cpu_ids=2.
[    0.714064] RCU Tasks Trace: Setting shift to 1 and lim to 1 rcu_task_cb_adjust=1 rcu_task_cpu_ids=2.
[    0.722999] NR_IRQS: 4352, nr_irqs: 440, preallocated irqs: 16
[    0.723249] rcu: srcu_init: Setting srcu_struct sizes based on contention.
[    0.725552] Console: colour VGA+ 80x25
[    0.725581] printk: legacy console [ttyS0] enabled
[    0.764828] ACPI: Core revision 20240827
[    0.765197] clocksource: hpet: mask: 0xffffffff max_cycles: 0xffffffff, max_idle_ns: 19112604467 ns
[    0.765783] APIC: Switch to symmetric I/O mode setup
[    0.766171] x2apic enabled
[    0.766481] APIC: Switched APIC routing to: physical x2apic
[    0.766816] kvm-guest: APIC: send_IPI_mask() replaced with kvm_send_ipi_mask()
[    0.767239] kvm-guest: APIC: send_IPI_mask_allbutself() replaced with kvm_send_ipi_mask_allbutself()
[    0.767777] kvm-guest: setup PV IPIs
[    0.768624] ..TIMER: vector=0x30 apic1=0 pin1=2 apic2=-1 pin2=-1
[    0.768987] clocksource: tsc-early: mask: 0xffffffffffffffff max_cycles: 0x2df10e7656b, max_idle_ns: 440795364873 ns
[    0.769598] Calibrating delay loop (skipped) preset value.. 6374.40 BogoMIPS (lpj=3187200)
[    0.770672] x86/cpu: User Mode Instruction Prevention (UMIP) activated
[    0.771104] Last level iTLB entries: 4KB 0, 2MB 0, 4MB 0
[    0.771595] Last level dTLB entries: 4KB 0, 2MB 0, 4MB 0, 1GB 0
[    0.771943] Spectre V1 : Mitigation: usercopy/swapgs barriers and __user pointer sanitization
[    0.772433] Spectre V2 : Spectre BHI mitigation: SW BHB clearing on syscall and VM exit
[    0.772595] Spectre V2 : Mitigation: Enhanced / Automatic IBRS
[    0.772931] Spectre V2 : Spectre v2 / SpectreRSB mitigation: Filling RSB on context switch
[    0.773595] Spectre V2 : Spectre v2 / PBRSB-eIBRS: Retire a single CALL on VMEXIT
[    0.774033] Spectre V2 : mitigation: Enabling conditional Indirect Branch Prediction Barrier
[    0.774596] Speculative Store Bypass: Mitigation: Speculative Store Bypass disabled via prctl
[    0.775091] MMIO Stale Data: Unknown: No mitigations
[    0.775606] x86/fpu: Supporting XSAVE feature 0x001: 'x87 floating point registers'
[    0.776064] x86/fpu: Supporting XSAVE feature 0x002: 'SSE registers'
[    0.776445] x86/fpu: Supporting XSAVE feature 0x004: 'AVX registers'
[    0.776595] x86/fpu: Supporting XSAVE feature 0x200: 'Protection Keys User registers'
[    0.777064] x86/fpu: xstate_offset[2]:  576, xstate_sizes[2]:  256
[    0.777595] x86/fpu: xstate_offset[9]:  832, xstate_sizes[9]:    8
[    0.777965] x86/fpu: Enabled xstate features 0x207, context size is 840 bytes, using 'compacted' format.
[    0.796402] Freeing SMP alternatives memory: 48K
[    0.796599] pid_max: default: 32768 minimum: 301
[    0.796982] LSM: initializing lsm=capability,selinux
[    0.797344] SELinux:  Initializing.
[    0.798700] Mount-cache hash table entries: 4096 (order: 3, 32768 bytes, linear)
[    0.799621] Mountpoint-cache hash table entries: 4096 (order: 3, 32768 bytes, linear)
[    0.800928] smpboot: CPU0: Intel(R) Core(TM) i9-14900K (family: 0x6, model: 0xb7, stepping: 0x1)
[    0.801594] Performance Events: unsupported CPU family 6 model 183 no PMU driver, software events only.
[    0.801622] signal: max sigframe size: 3632
[    0.801917] rcu: Hierarchical SRCU implementation.
[    0.802196] rcu: 	Max phase no-delay instances is 400.
[    0.802648] Timer migration: 1 hierarchy levels; 8 children per group; 1 crossnode level
[    0.803533] smp: Bringing up secondary CPUs ...
[    0.805741] smpboot: x86: Booting SMP configuration:
[    0.806146] .... node  #0, CPUs:      #1
[    0.806239] smp: Brought up 1 node, 2 CPUs
[    0.806927] smpboot: Total of 2 processors activated (12748.80 BogoMIPS)
[    0.807703] Memory: 1673096K/2096632K available (51705K kernel code, 8743K rwdata, 11344K rodata, 6088K init, 1208K bss, 418460K reserved, 0K cma-reserved)
[    0.809597] devtmpfs: initialized
[    0.811750] clocksource: jiffies: mask: 0xffffffff max_cycles: 0xffffffff, max_idle_ns: 1911260446275000 ns
[    0.812177] posixtimers hash table entries: 1024 (order: 2, 16384 bytes, linear)
[    0.812604] futex hash table entries: 512 (order: 3, 32768 bytes, linear)
[    0.813174] PM: RTC time: 16:19:04, date: 2026-05-05
[    0.813651] NET: Registered PF_NETLINK/PF_ROUTE protocol family
[    0.814233] audit: initializing netlink subsys (disabled)
[    0.814608] audit: type=2000 audit(1777997944.903:1): state=initialized audit_enabled=0 res=1
[    0.814904] thermal_sys: Registered thermal governor 'step_wise'
[    0.815166] cpuidle: using governor menu
[    0.815890] PCI: Using configuration type 1 for base access
[    0.816297] kprobes: kprobe jump-optimization is enabled. All kprobes are optimized if possible.
[    0.816742] HugeTLB: allocation took 0ms with hugepage_allocation_threads=1
[    0.817022] HugeTLB: registered 2.00 MiB page size, pre-allocated 0 pages
[    0.817596] HugeTLB: 28 KiB vmemmap can be freed for a 2.00 MiB page
[    0.818731] ACPI: Added _OSI(Module Device)
[    0.818983] ACPI: Added _OSI(Processor Device)
[    0.819247] ACPI: Added _OSI(3.0 _SCP Extensions)
[    0.819532] ACPI: Added _OSI(Processor Aggregator Device)
[    0.826229] ACPI: 1 ACPI AML tables successfully acquired and loaded
[    0.828415] ACPI: Interpreter enabled
[    0.828627] ACPI: PM: (supports S0 S3 S4 S5)
[    0.828886] ACPI: Using IOAPIC for interrupt routing
[    0.829233] PCI: Using host bridge windows from ACPI; if necessary, use "pci=nocrs" and report a bug
[    0.829596] PCI: Using E820 reservations for host bridge windows
[    0.830311] ACPI: Enabled 2 GPEs in block 00 to 0F
[    0.842492] ACPI: PCI Root Bridge [PCI0] (domain 0000 [bus 00-ff])
[    0.842604] acpi PNP0A03:00: _OSC: OS supports [ASPM ClockPM Segments MSI HPX-Type3]
[    0.843061] acpi PNP0A03:00: _OSC: not requesting OS control; OS requires [ExtendedConfig ASPM ClockPM MSI]
[    0.843651] acpi PNP0A03:00: fail to add MMCONFIG information, can't access extended configuration space under this bridge
[    0.844486] PCI host bridge to bus 0000:00
[    0.844622] pci_bus 0000:00: root bus resource [io  0x0000-0x0cf7 window]
[    0.845024] pci_bus 0000:00: root bus resource [io  0x0d00-0xffff window]
[    0.845431] pci_bus 0000:00: root bus resource [mem 0x000a0000-0x000bffff window]
[    0.845597] pci_bus 0000:00: root bus resource [mem 0x80000000-0xfebfffff window]
[    0.846043] pci_bus 0000:00: root bus resource [mem 0x100000000-0x17fffffff window]
[    0.846494] pci_bus 0000:00: root bus resource [bus 00-ff]
[    0.846626] pci 0000:00:00.0: [8086:1237] type 00 class 0x060000 conventional PCI endpoint
[    0.851425] pci 0000:00:01.0: [8086:7000] type 00 class 0x060100 conventional PCI endpoint
[    0.855691] pci 0000:00:01.1: [8086:7010] type 00 class 0x010180 conventional PCI endpoint
[    0.856485] pci 0000:00:01.1: BAR 4 [io  0xc040-0xc04f]
[    0.856615] pci 0000:00:01.1: BAR 0 [io  0x01f0-0x01f7]: legacy IDE quirk
[    0.857011] pci 0000:00:01.1: BAR 1 [io  0x03f6]: legacy IDE quirk
[    0.857371] pci 0000:00:01.1: BAR 2 [io  0x0170-0x0177]: legacy IDE quirk
[    0.857596] pci 0000:00:01.1: BAR 3 [io  0x0376]: legacy IDE quirk
[    0.858098] pci 0000:00:01.3: [8086:7113] type 00 class 0x068000 conventional PCI endpoint
[    0.858764] pci 0000:00:01.3: quirk: [io  0x0600-0x063f] claimed by PIIX4 ACPI
[    0.859194] pci 0000:00:01.3: quirk: [io  0x0700-0x070f] claimed by PIIX4 SMB
[    0.859779] pci 0000:00:02.0: [1234:1111] type 00 class 0x030000 conventional PCI endpoint
[    0.861119] pci 0000:00:02.0: BAR 0 [mem 0xfd000000-0xfdffffff pref]
[    0.861606] pci 0000:00:02.0: BAR 2 [mem 0xfebf0000-0xfebf0fff]
[    0.862030] pci 0000:00:02.0: ROM [mem 0xfebe0000-0xfebeffff pref]
[    0.862709] pci 0000:00:02.0: Video device with shadowed ROM at [mem 0x000c0000-0x000dffff]
[    0.869970] pci 0000:00:03.0: [8086:100e] type 00 class 0x020000 conventional PCI endpoint
[    0.871295] pci 0000:00:03.0: BAR 0 [mem 0xfebc0000-0xfebdffff]
[    0.871602] pci 0000:00:03.0: BAR 1 [io  0xc000-0xc03f]
[    0.871930] pci 0000:00:03.0: ROM [mem 0xfeb80000-0xfebbffff pref]
[    0.877864] ACPI: PCI: Interrupt link LNKA configured for IRQ 10
[    0.878648] ACPI: PCI: Interrupt link LNKB configured for IRQ 10
[    0.879361] ACPI: PCI: Interrupt link LNKC configured for IRQ 11
[    0.879978] ACPI: PCI: Interrupt link LNKD configured for IRQ 11
[    0.880721] ACPI: PCI: Interrupt link LNKS configured for IRQ 9
[    0.882514] iommu: Default domain type: Translated
[    0.882597] iommu: DMA domain TLB invalidation policy: lazy mode
[    0.883529] SCSI subsystem initialized
[    0.883931] ACPI: bus type USB registered
[    0.884704] usbcore: registered new interface driver usbfs
[    0.885069] usbcore: registered new interface driver hub
[    0.885422] usbcore: registered new device driver usb
[    0.885697] pps_core: LinuxPPS API ver. 1 registered
[    0.885986] pps_core: Software ver. 5.3.6 - Copyright 2005-2007 Rodolfo Giometti <giometti@linux.it>
[    0.886528] PTP clock support registered
[    0.886740] Advanced Linux Sound Architecture Driver Initialized.
[    0.888012] NetLabel: Initializing
[    0.888215] NetLabel:  domain hash size = 128
[    0.888468] NetLabel:  protocols = UNLABELED CIPSOv4 CALIPSO
[    0.888679] NetLabel:  unlabeled traffic allowed by default
[    0.889075] PCI: Using ACPI for IRQ routing
[    0.889697] pci 0000:00:02.0: vgaarb: setting as boot VGA device
[    0.889966] pci 0000:00:02.0: vgaarb: bridge control possible
[    0.890298] pci 0000:00:02.0: vgaarb: VGA device added: decodes=io+mem,owns=io+mem,locks=none
[    0.890596] vgaarb: loaded
[    0.891066] hpet0: at MMIO 0xfed00000, IRQs 2, 8, 0
[    0.891352] hpet0: 3 comparators, 64-bit 100.000000 MHz counter
[    0.894661] clocksource: Switched to clocksource kvm-clock
[    0.895532] VFS: Disk quotas dquot_6.6.0
[    0.895761] VFS: Dquot-cache hash table entries: 512 (order 0, 4096 bytes)
[    0.896631] pnp: PnP ACPI init
[    0.898084] pnp: PnP ACPI: found 6 devices
[    0.907301] clocksource: acpi_pm: mask: 0xffffff max_cycles: 0xffffff, max_idle_ns: 2085701024 ns
[    0.907887] NET: Registered PF_INET protocol family
[    0.908338] IP idents hash table entries: 32768 (order: 6, 262144 bytes, linear)
[    0.909467] tcp_listen_portaddr_hash hash table entries: 1024 (order: 2, 16384 bytes, linear)
[    0.909981] Table-perturb hash table entries: 65536 (order: 6, 262144 bytes, linear)
[    0.910443] TCP established hash table entries: 16384 (order: 5, 131072 bytes, linear)
[    0.911297] TCP bind hash table entries: 16384 (order: 7, 524288 bytes, linear)
[    0.911946] TCP: Hash tables configured (established 16384 bind 16384)
[    0.912427] UDP hash table entries: 1024 (order: 4, 65536 bytes, linear)
[    0.912850] UDP-Lite hash table entries: 1024 (order: 4, 65536 bytes, linear)
[    0.913434] NET: Registered PF_UNIX/PF_LOCAL protocol family
[    0.914137] RPC: Registered named UNIX socket transport module.
[    0.914489] RPC: Registered udp transport module.
[    0.914762] RPC: Registered tcp transport module.
[    0.915035] RPC: Registered tcp-with-tls transport module.
[    0.915357] RPC: Registered tcp NFSv4.1 backchannel transport module.
[    0.916149] pci_bus 0000:00: resource 4 [io  0x0000-0x0cf7 window]
[    0.916516] pci_bus 0000:00: resource 5 [io  0x0d00-0xffff window]
[    0.916874] pci_bus 0000:00: resource 6 [mem 0x000a0000-0x000bffff window]
[    0.917273] pci_bus 0000:00: resource 7 [mem 0x80000000-0xfebfffff window]
[    0.917671] pci_bus 0000:00: resource 8 [mem 0x100000000-0x17fffffff window]
[    0.918167] pci 0000:00:01.0: PIIX3: Enabling Passive Release
[    0.918512] pci 0000:00:00.0: Limiting direct PCI/PCI transfers
[    0.918891] PCI: CLS 0 bytes, default 64
[    0.919206] RAPL PMU: API unit is 2^-32 Joules, 0 fixed counters, 10737418240 ms ovfl timer
[    0.919483] Unpacking initramfs...
[    0.919708] clocksource: tsc: mask: 0xffffffffffffffff max_cycles: 0x2df10e7656b, max_idle_ns: 440795364873 ns
[    0.922275] Initialise system trusted keyrings
[    0.922661] workingset: timestamp_bits=56 max_order=19 bucket_order=0
[    0.923665] NFS: Registering the id_resolver key type
[    0.923992] Key type id_resolver registered
[    0.924246] Key type id_legacy registered
[    0.924598] 9p: Installing v9fs 9p2000 file system support
[    0.931674] Key type asymmetric registered
[    0.931975] Asymmetric key parser 'x509' registered
[    0.932338] Block layer SCSI generic (bsg) driver version 0.4 loaded (major 251)
[    0.932820] io scheduler mq-deadline registered
[    0.933106] io scheduler kyber registered
[    0.933654] input: Power Button as /devices/LNXSYSTM:00/LNXPWRBN:00/input/input0
[    0.934237] ACPI: button: Power Button [PWRF]
[    0.935114] Serial: 8250/16550 driver, 4 ports, IRQ sharing enabled
[    0.935752] 00:04: ttyS0 at I/O 0x3f8 (irq = 4, base_baud = 115200) is a 16550A
[    0.935932] Freeing initrd memory: 1348K
[    0.938096] Non-volatile memory driver v1.3
[    0.938351] Linux agpgart interface v0.103
[    0.938724] ACPI: bus type drm_connector registered
[    0.942766] loop: module loaded
[    0.944535] scsi host0: ata_piix
[    0.945047] scsi host1: ata_piix
[    0.945436] ata1: PATA max MWDMA2 cmd 0x1f0 ctl 0x3f6 bmdma 0xc040 irq 14 lpm-pol 0
[    0.945880] ata2: PATA max MWDMA2 cmd 0x170 ctl 0x376 bmdma 0xc048 irq 15 lpm-pol 0
[    0.947296] e100: Intel(R) PRO/100 Network Driver
[    0.947577] e100: Copyright(c) 1999-2006 Intel Corporation
[    0.947951] e1000: Intel(R) PRO/1000 Network Driver
[    0.948248] e1000: Copyright (c) 1999-2006 Intel Corporation.
[    1.102685] ata2: found unknown device (class 0)
[    1.104405] ata2.00: ATAPI: QEMU DVD-ROM, 2.5+, max UDMA/100
[    1.105851] scsi 1:0:0:0: CD-ROM            QEMU     QEMU DVD-ROM     2.5+ PQ: 0 ANSI: 5
[    1.118672] sr 1:0:0:0: [sr0] scsi3-mmc drive: 4x/4x cd/rw xa/form2 tray
[    1.119069] cdrom: Uniform CD-ROM driver Revision: 3.20
[    1.127844] sr 1:0:0:0: Attached scsi generic sg0 type 5
[    1.281904] ACPI: \_SB_.LNKC: Enabled at IRQ 11
[    1.567970] e1000 0000:00:03.0 eth0: (PCI:33MHz:32-bit) 52:54:00:12:34:56
[    1.568416] e1000 0000:00:03.0 eth0: Intel(R) PRO/1000 Network Connection
[    1.568882] e1000e: Intel(R) PRO/1000 Network Driver
[    1.569195] e1000e: Copyright(c) 1999 - 2015 Intel Corporation.
[    1.569573] sky2: driver version 1.30
[    1.570151] usbcore: registered new interface driver usblp
[    1.570622] usbcore: registered new interface driver usb-storage
[    1.571057] i8042: PNP: PS/2 Controller [PNP0303:KBD,PNP0f13:MOU] at 0x60,0x64 irq 1,12
[    1.572012] serio: i8042 KBD port at 0x60,0x64 irq 1
[    1.572312] serio: i8042 AUX port at 0x60,0x64 irq 12
[    1.573145] input: AT Translated Set 2 keyboard as /devices/platform/i8042/serio0/input/input1
[    1.573689] rtc_cmos 00:05: RTC can wake from S4
[    1.574868] rtc_cmos 00:05: registered as rtc0
[    1.575229] rtc_cmos 00:05: alarms up to one day, y3k, 242 bytes nvram, hpet irqs
[    1.576114] device-mapper: ioctl: 4.49.0-ioctl (2025-01-17) initialised: dm-devel@lists.linux.dev
[    1.576803] intel_pstate: CPU model not supported
[    1.577157] hid: raw HID events driver (C) Jiri Kosina
[    1.577770] usbcore: registered new interface driver usbhid
[    1.578124] usbhid: USB HID core driver
[    1.579033] Initializing XFRM netlink socket
[    1.579354] NET: Registered PF_INET6 protocol family
[    1.580623] Segment Routing with IPv6
[    1.581069] In-situ OAM (IOAM) with IPv6
[    1.581409] sit: IPv6, IPv4 and MPLS over IPv4 tunneling driver
[    1.582097] NET: Registered PF_PACKET protocol family
[    1.582526] 9pnet: Installing 9P2000 support
[    1.582857] Key type dns_resolver registered
[    1.583511] IPI shorthand broadcast: enabled
[    1.593930] sched_clock: Marking stable (1550001349, 43340491)->(1712570035, -119228195)
[    1.594748] registered taskstats version 1
[    1.595031] Loading compiled-in X.509 certificates
[    1.602024] Demotion targets for Node 0: null
[    1.602440] PM:   Magic number: 10:337:337
[    1.602738] tty tty58: hash matches
[    1.603005] printk: legacy console [netcon0] enabled
[    1.603357] netconsole: network logging started
[    1.603763] cfg80211: Loading compiled-in X.509 certificates for regulatory database
[    1.604450] kworker/u8:1 (57) used greatest stack depth: 29648 bytes left
[    1.605202] Loaded X.509 cert 'sforshee: 00b28ddf47aef9cea7'
[    1.605671] Loaded X.509 cert 'wens: 61c038651aabdcf94bd0ac7ff06c7248db18c600'
[    1.606167] platform regulatory.0: Direct firmware load for regulatory.db failed with error -2
[    1.606686] cfg80211: failed to load regulatory.db
[    1.606989] ALSA device list:
[    1.607167]   No soundcards found.
[    1.608476] Freeing unused kernel image (initmem) memory: 6088K
[    1.608749] Write protecting the kernel read-only data: 65536k
[    1.609743] Freeing unused kernel image (text/rodata gap) memory: 1540K
[    1.610436] Freeing unused kernel image (rodata/data gap) memory: 944K
[    1.618558] x86/mm: Checked W+X mappings: passed, no W+X pages found.
[    1.618852] Run /init as init process
[    1.619834] mkdir (60) used greatest stack depth: 28896 bytes left
[    1.620622] mount (61) used greatest stack depth: 28232 bytes left
[    1.621066] mount (62) used greatest stack depth: 28208 bytes left
[    1.625303] busybox (66) used greatest stack depth: 28144 bytes left

secb: rootfs ready
---- poc begin ----
poc: starting CVE-2025-37752 trigger (sch_sfq OOB)
poc: userns ready (CAP_NET_ADMIN in new netns)
poc: lo up
[    1.628440] sch_tbf: burst 100 is lower than device lo mtu (65550) !
poc: tbf root 1:0 installed (rate=80 B/s, burst=100)
poc: add sfq 2:0: Invalid argument (need C[    1.629040] poc (67) used greatest stack depth: 27104 bytes left
ONFIG_NET_SCH_SFQ; may be fixed)
---- poc end rc=1 ----
secb: poc exited without crashing the kernel
[    1.993086] input: ImExPS/2 Generic Explorer Mouse as /devices/platform/i8042/serio1/input/input3
[    2.901357] ACPI: PM: Preparing to enter system sleep state S5
[    2.901694] reboot: Power down
NO_CRASH_DETECTED
