bash: warning: setlocale: LC_ALL: cannot change locale (en_US.UTF-8)
c[?7l[2J[0mSeaBIOS (version 1.16.2-debian-1.16.2-1)


iPXE (http://ipxe.org) 00:03.0 CA00 PCI2.10 PnP PMM+BEFCEF00+BEF0EF00 CA00
Press Ctrl-B to configure iPXE (PCI 00:03.0)...                                                                               


Booting from ROM...
c[?7l[2J[    0.000000] Linux version 6.1.36-07107-ga1c449d00ff8-dirty (root@buildkitsandbox) (gcc (Debian 12.2.0-14+deb12u1) 12.2.0, GNU ld (GNU Binutils for Debian) 2.40) #1 SMP PREEMPT_DYNAMIC Tue May  5 11:39:44 UTC 2026
[    0.000000] Command line: console=ttyS0 oops=panic nokaslr rdinit=/init
[    0.000000] x86/fpu: Supporting XSAVE feature 0x001: 'x87 floating point registers'
[    0.000000] x86/fpu: Supporting XSAVE feature 0x002: 'SSE registers'
[    0.000000] x86/fpu: Supporting XSAVE feature 0x004: 'AVX registers'
[    0.000000] x86/fpu: Supporting XSAVE feature 0x200: 'Protection Keys User registers'
[    0.000000] x86/fpu: xstate_offset[2]:  576, xstate_sizes[2]:  256
[    0.000000] x86/fpu: xstate_offset[9]:  832, xstate_sizes[9]:    8
[    0.000000] x86/fpu: Enabled xstate features 0x207, context size is 840 bytes, using 'compacted' format.
[    0.000000] signal: max sigframe size: 3632
[    0.000000] BIOS-provided physical RAM map:
[    0.000000] BIOS-e820: [mem 0x0000000000000000-0x000000000009fbff] usable
[    0.000000] BIOS-e820: [mem 0x000000000009fc00-0x000000000009ffff] reserved
[    0.000000] BIOS-e820: [mem 0x00000000000f0000-0x00000000000fffff] reserved
[    0.000000] BIOS-e820: [mem 0x0000000000100000-0x00000000bffdffff] usable
[    0.000000] BIOS-e820: [mem 0x00000000bffe0000-0x00000000bfffffff] reserved
[    0.000000] BIOS-e820: [mem 0x00000000feffc000-0x00000000feffffff] reserved
[    0.000000] BIOS-e820: [mem 0x00000000fffc0000-0x00000000ffffffff] reserved
[    0.000000] BIOS-e820: [mem 0x0000000100000000-0x000000023fffffff] usable
[    0.000000] NX (Execute Disable) protection: active
[    0.000000] SMBIOS 2.8 present.
[    0.000000] DMI: QEMU Standard PC (i440FX + PIIX, 1996), BIOS 1.16.2-debian-1.16.2-1 04/01/2014
[    0.000000] Hypervisor detected: KVM
[    0.000000] kvm-clock: Using msrs 4b564d01 and 4b564d00
[    0.000003] kvm-clock: using sched offset of 1789919585 cycles
[    0.000007] clocksource: kvm-clock: mask: 0xffffffffffffffff max_cycles: 0x1cd42e4dffb, max_idle_ns: 881590591483 ns
[    0.000011] tsc: Detected 3187.200 MHz processor
[    0.000696] last_pfn = 0x240000 max_arch_pfn = 0x400000000
[    0.000761] x86/PAT: Configuration [0-7]: WB  WC  UC- UC  WB  WP  UC- WT  
[    0.000772] last_pfn = 0xbffe0 max_arch_pfn = 0x400000000
[    0.006308] found SMP MP-table at [mem 0x000f5ba0-0x000f5baf]
[    0.006356] Using GB pages for direct mapping
[    0.006358] Incomplete global flushes, disabling PCID
[    0.034218] RAMDISK: [mem 0xbfe92000-0xbffdffff]
[    0.034235] ACPI: Early table checksum verification disabled
[    0.034242] ACPI: RSDP 0x00000000000F59B0 000014 (v00 BOCHS )
[    0.034252] ACPI: RSDT 0x00000000BFFE1B33 000034 (v01 BOCHS  BXPC     00000001 BXPC 00000001)
[    0.034260] ACPI: FACP 0x00000000BFFE19DF 000074 (v01 BOCHS  BXPC     00000001 BXPC 00000001)
[    0.034270] ACPI: DSDT 0x00000000BFFE0040 00199F (v01 BOCHS  BXPC     00000001 BXPC 00000001)
[    0.034274] ACPI: FACS 0x00000000BFFE0000 000040
[    0.034278] ACPI: APIC 0x00000000BFFE1A53 000080 (v01 BOCHS  BXPC     00000001 BXPC 00000001)
[    0.034281] ACPI: HPET 0x00000000BFFE1AD3 000038 (v01 BOCHS  BXPC     00000001 BXPC 00000001)
[    0.034284] ACPI: WAET 0x00000000BFFE1B0B 000028 (v01 BOCHS  BXPC     00000001 BXPC 00000001)
[    0.034287] ACPI: Reserving FACP table memory at [mem 0xbffe19df-0xbffe1a52]
[    0.034289] ACPI: Reserving DSDT table memory at [mem 0xbffe0040-0xbffe19de]
[    0.034290] ACPI: Reserving FACS table memory at [mem 0xbffe0000-0xbffe003f]
[    0.034291] ACPI: Reserving APIC table memory at [mem 0xbffe1a53-0xbffe1ad2]
[    0.034292] ACPI: Reserving HPET table memory at [mem 0xbffe1ad3-0xbffe1b0a]
[    0.034293] ACPI: Reserving WAET table memory at [mem 0xbffe1b0b-0xbffe1b32]
[    0.034812] No NUMA configuration found
[    0.034818] Faking a node at [mem 0x0000000000000000-0x000000023fffffff]
[    0.034826] NODE_DATA(0) allocated [mem 0x23fffa000-0x23fffdfff]
[    0.034911] Zone ranges:
[    0.034913]   DMA      [mem 0x0000000000001000-0x0000000000ffffff]
[    0.034916]   DMA32    [mem 0x0000000001000000-0x00000000ffffffff]
[    0.034918]   Normal   [mem 0x0000000100000000-0x000000023fffffff]
[    0.034919] Movable zone start for each node
[    0.034920] Early memory node ranges
[    0.034921]   node   0: [mem 0x0000000000001000-0x000000000009efff]
[    0.034922]   node   0: [mem 0x0000000000100000-0x00000000bffdffff]
[    0.034924]   node   0: [mem 0x0000000100000000-0x000000023fffffff]
[    0.034926] Initmem setup node 0 [mem 0x0000000000001000-0x000000023fffffff]
[    0.050008] On node 0, zone DMA: 1 pages in unavailable ranges
[    0.050305] On node 0, zone DMA: 97 pages in unavailable ranges
[    1.542688] On node 0, zone Normal: 32 pages in unavailable ranges
[   12.802395] kasan: KernelAddressSanitizer initialized
[   12.803007] ACPI: PM-Timer IO Port: 0x608
[   12.803034] ACPI: LAPIC_NMI (acpi_id[0xff] dfl dfl lint[0x1])
[   12.803088] IOAPIC[0]: apic_id 0, version 17, address 0xfec00000, GSI 0-23
[   12.803093] ACPI: INT_SRC_OVR (bus 0 bus_irq 0 global_irq 2 dfl dfl)
[   12.803099] ACPI: INT_SRC_OVR (bus 0 bus_irq 5 global_irq 5 high level)
[   12.803101] ACPI: INT_SRC_OVR (bus 0 bus_irq 9 global_irq 9 high level)
[   12.803102] ACPI: INT_SRC_OVR (bus 0 bus_irq 10 global_irq 10 high level)
[   12.803104] ACPI: INT_SRC_OVR (bus 0 bus_irq 11 global_irq 11 high level)
[   12.803108] ACPI: Using ACPI (MADT) for SMP configuration information
[   12.803110] ACPI: HPET id: 0x8086a201 base: 0xfed00000
[   12.803116] TSC deadline timer available
[   12.803123] smpboot: Allowing 2 CPUs, 0 hotplug CPUs
[   12.803182] kvm-guest: KVM setup pv remote TLB flush
[   12.803188] kvm-guest: setup PV sched yield
[   12.803229] PM: hibernation: Registered nosave memory: [mem 0x00000000-0x00000fff]
[   12.803232] PM: hibernation: Registered nosave memory: [mem 0x0009f000-0x0009ffff]
[   12.803233] PM: hibernation: Registered nosave memory: [mem 0x000a0000-0x000effff]
[   12.803234] PM: hibernation: Registered nosave memory: [mem 0x000f0000-0x000fffff]
[   12.803235] PM: hibernation: Registered nosave memory: [mem 0xbffe0000-0xbfffffff]
[   12.803236] PM: hibernation: Registered nosave memory: [mem 0xc0000000-0xfeffbfff]
[   12.803237] PM: hibernation: Registered nosave memory: [mem 0xfeffc000-0xfeffffff]
[   12.803238] PM: hibernation: Registered nosave memory: [mem 0xff000000-0xfffbffff]
[   12.803239] PM: hibernation: Registered nosave memory: [mem 0xfffc0000-0xffffffff]
[   12.803243] [mem 0xc0000000-0xfeffbfff] available for PCI devices
[   12.803247] Booting paravirtualized kernel on KVM
[   12.803260] clocksource: refined-jiffies: mask: 0xffffffff max_cycles: 0xffffffff, max_idle_ns: 1910969940391419 ns
[   12.816218] setup_percpu: NR_CPUS:64 nr_cpumask_bits:2 nr_cpu_ids:2 nr_node_ids:1
[   12.863482] percpu: Embedded 65 pages/cpu s225896 r8192 d32152 u1048576
[   12.863573] Fallback order for Node 0: 0 
[   12.863581] Built 1 zonelists, mobility grouping on.  Total pages: 2064096
[   12.863583] Policy zone: Normal
[   12.863585] Kernel command line: console=ttyS0 oops=panic nokaslr rdinit=/init
[   12.863794] random: crng init done
[   13.013269] Dentry cache hash table entries: 1048576 (order: 11, 8388608 bytes, linear)
[   13.055343] Inode-cache hash table entries: 524288 (order: 10, 4194304 bytes, linear)
[   13.055445] mem auto-init: stack:all(zero), heap alloc:off, heap free:off
[   13.128507] stackdepot hash table entries: 1048576 (order: 11, 8388608 bytes, linear)
[   13.128536] software IO TLB: area num 2.
[   13.948749] Memory: 7026556K/8388088K available (47117K kernel code, 7851K rwdata, 8340K rodata, 2096K init, 2724K bss, 1361276K reserved, 0K cma-reserved)
[   13.949003] SLUB: HWalign=64, Order=0-3, MinObjects=0, CPUs=2, Nodes=1
[   13.951815] Dynamic Preempt: voluntary
[   13.972603] rcu: Preemptible hierarchical RCU implementation.
[   13.972610] rcu: 	RCU event tracing is enabled.
[   13.972611] rcu: 	RCU restricting CPUs from NR_CPUS=64 to nr_cpu_ids=2.
[   13.972617] 	Trampoline variant of Tasks RCU enabled.
[   13.972619] rcu: RCU calculated value of scheduler-enlistment delay is 100 jiffies.
[   13.972620] rcu: Adjusting geometry for rcu_fanout_leaf=16, nr_cpu_ids=2
[   13.981980] NR_IRQS: 4352, nr_irqs: 440, preallocated irqs: 16
[   13.982336] rcu: srcu_init: Setting srcu_struct sizes based on contention.
[   13.989854] Console: colour VGA+ 80x25
[   14.270991] printk: console [ttyS0] enabled
[   14.272375] ACPI: Core revision 20220331
[   14.274058] clocksource: hpet: mask: 0xffffffff max_cycles: 0xffffffff, max_idle_ns: 19112604467 ns
[   14.277097] APIC: Switch to symmetric I/O mode setup
[   14.280041] kvm-guest: setup PV IPIs
[   14.282741] ..TIMER: vector=0x30 apic1=0 pin1=2 apic2=-1 pin2=-1
[   14.284594] clocksource: tsc-early: mask: 0xffffffffffffffff max_cycles: 0x2df10e7656b, max_idle_ns: 440795364873 ns
[   14.287538] Calibrating delay loop (skipped) preset value.. 6374.40 BogoMIPS (lpj=3187200)
[   14.288534] pid_max: default: 32768 minimum: 301
[   14.289653] LSM: Security Framework initializing
[   14.290286] SELinux:  Initializing.
[   14.290787] Mount-cache hash table entries: 16384 (order: 5, 131072 bytes, linear)
[   14.292632] Mountpoint-cache hash table entries: 16384 (order: 5, 131072 bytes, linear)
[   14.295513] x86/cpu: User Mode Instruction Prevention (UMIP) activated
[   14.295710] Last level iTLB entries: 4KB 0, 2MB 0, 4MB 0
[   14.296538] Last level dTLB entries: 4KB 0, 2MB 0, 4MB 0, 1GB 0
[   14.297574] Spectre V1 : Mitigation: usercopy/swapgs barriers and __user pointer sanitization
[   14.298545] Spectre V2 : Mitigation: Enhanced IBRS
[   14.299537] Spectre V2 : Spectre v2 / SpectreRSB mitigation: Filling RSB on context switch
[   14.300539] Spectre V2 : Spectre v2 / PBRSB-eIBRS: Retire a single CALL on VMEXIT
[   14.301551] Spectre V2 : mitigation: Enabling conditional Indirect Branch Prediction Barrier
[   14.302554] Speculative Store Bypass: Mitigation: Speculative Store Bypass disabled via prctl
[   14.303543] MMIO Stale Data: Unknown: No mitigations
[   14.334162] Freeing SMP alternatives memory: 44K
[   14.335067] smpboot: CPU0: Intel(R) Core(TM) i9-14900K (family: 0x6, model: 0xb7, stepping: 0x1)
[   14.336467] cblist_init_generic: Setting adjustable number of callback queues.
[   14.336543] cblist_init_generic: Setting shift to 1 and lim to 1.
[   14.337791] Performance Events: unsupported p6 CPU model 183 no PMU driver, software events only.
[   14.338817] rcu: Hierarchical SRCU implementation.
[   14.339545] rcu: 	Max phase no-delay instances is 400.
[   14.341718] smp: Bringing up secondary CPUs ...
[   14.343222] x86: Booting SMP configuration:
[   14.343542] .... node  #0, CPUs:      #1
[   14.344006] smp: Brought up 1 node, 2 CPUs
[   14.345285] smpboot: Max logical packages: 1
[   14.345535] smpboot: Total of 2 processors activated (12748.80 BogoMIPS)
[   14.374536] devtmpfs: initialized
[   14.380796] clocksource: jiffies: mask: 0xffffffff max_cycles: 0xffffffff, max_idle_ns: 1911260446275000 ns
[   14.381558] futex hash table entries: 512 (order: 3, 32768 bytes, linear)
[   14.382958] PM: RTC time: 11:42:35, date: 2026-05-05
[   14.384075] NET: Registered PF_NETLINK/PF_ROUTE protocol family
[   14.385110] audit: initializing netlink subsys (disabled)
[   14.385840] audit: type=2000 audit(1777981355.238:1): state=initialized audit_enabled=0 res=1
[   14.387003] thermal_sys: Registered thermal governor 'step_wise'
[   14.387540] thermal_sys: Registered thermal governor 'user_space'
[   14.388886] cpuidle: using governor menu
[   14.391327] PCI: Using configuration type 1 for base access
[   14.411365] kprobes: kprobe jump-optimization is enabled. All kprobes are optimized if possible.
[   14.413232] HugeTLB: registered 2.00 MiB page size, pre-allocated 0 pages
[   14.415570] HugeTLB: 28 KiB vmemmap can be freed for a 2.00 MiB page
[   14.419013] ACPI: Added _OSI(Module Device)
[   14.419549] ACPI: Added _OSI(Processor Device)
[   14.421544] ACPI: Added _OSI(3.0 _SCP Extensions)
[   14.422537] ACPI: Added _OSI(Processor Aggregator Device)
[   14.450573] ACPI: 1 ACPI AML tables successfully acquired and loaded
[   14.516922] ACPI: Interpreter enabled
[   14.517656] ACPI: PM: (supports S0 S3 S4 S5)
[   14.518542] ACPI: Using IOAPIC for interrupt routing
[   14.519694] PCI: Using host bridge windows from ACPI; if necessary, use "pci=nocrs" and report a bug
[   14.520545] PCI: Using E820 reservations for host bridge windows
[   14.522310] ACPI: Enabled 2 GPEs in block 00 to 0F
[   14.545088] ACPI: PCI Root Bridge [PCI0] (domain 0000 [bus 00-ff])
[   14.545614] acpi PNP0A03:00: _OSC: OS supports [ASPM ClockPM Segments MSI HPX-Type3]
[   14.546550] acpi PNP0A03:00: _OSC: not requesting OS control; OS requires [ExtendedConfig ASPM ClockPM MSI]
[   14.547710] acpi PNP0A03:00: fail to add MMCONFIG information, can't access extended PCI configuration space under this bridge.
[   14.549140] PCI host bridge to bus 0000:00
[   14.549557] pci_bus 0000:00: root bus resource [io  0x0000-0x0cf7 window]
[   14.550562] pci_bus 0000:00: root bus resource [io  0x0d00-0xffff window]
[   14.551562] pci_bus 0000:00: root bus resource [mem 0x000a0000-0x000bffff window]
[   14.552566] pci_bus 0000:00: root bus resource [mem 0xc0000000-0xfebfffff window]
[   14.553558] pci_bus 0000:00: root bus resource [mem 0x240000000-0x2bfffffff window]
[   14.554563] pci_bus 0000:00: root bus resource [bus 00-ff]
[   14.555743] pci 0000:00:00.0: [8086:1237] type 00 class 0x060000
[   14.565911] pci 0000:00:01.0: [8086:7000] type 00 class 0x060100
[   14.575721] pci 0000:00:01.1: [8086:7010] type 00 class 0x010180
[   14.578419] pci 0000:00:01.1: reg 0x20: [io  0xc040-0xc04f]
[   14.579376] pci 0000:00:01.1: legacy IDE quirk: reg 0x10: [io  0x01f0-0x01f7]
[   14.579545] pci 0000:00:01.1: legacy IDE quirk: reg 0x14: [io  0x03f6]
[   14.580544] pci 0000:00:01.1: legacy IDE quirk: reg 0x18: [io  0x0170-0x0177]
[   14.581547] pci 0000:00:01.1: legacy IDE quirk: reg 0x1c: [io  0x0376]
[   14.583111] pci 0000:00:01.3: [8086:7113] type 00 class 0x068000
[   14.584304] pci 0000:00:01.3: quirk: [io  0x0600-0x063f] claimed by PIIX4 ACPI
[   14.584566] pci 0000:00:01.3: quirk: [io  0x0700-0x070f] claimed by PIIX4 SMB
[   14.586130] pci 0000:00:02.0: [1234:1111] type 00 class 0x030000
[   14.588125] pci 0000:00:02.0: reg 0x10: [mem 0xfd000000-0xfdffffff pref]
[   14.590642] pci 0000:00:02.0: reg 0x18: [mem 0xfebf0000-0xfebf0fff]
[   14.595632] pci 0000:00:02.0: reg 0x30: [mem 0xfebe0000-0xfebeffff pref]
[   14.597233] pci 0000:00:02.0: Video device with shadowed ROM at [mem 0x000c0000-0x000dffff]
[   14.608685] pci 0000:00:03.0: [8086:100e] type 00 class 0x020000
[   14.610546] pci 0000:00:03.0: reg 0x10: [mem 0xfebc0000-0xfebdffff]
[   14.612324] pci 0000:00:03.0: reg 0x14: [io  0xc000-0xc03f]
[   14.616864] pci 0000:00:03.0: reg 0x30: [mem 0xfeb80000-0xfebbffff pref]
[   14.629610] ACPI: PCI: Interrupt link LNKA configured for IRQ 10
[   14.631616] ACPI: PCI: Interrupt link LNKB configured for IRQ 10
[   14.633499] ACPI: PCI: Interrupt link LNKC configured for IRQ 11
[   14.634419] ACPI: PCI: Interrupt link LNKD configured for IRQ 11
[   14.634967] ACPI: PCI: Interrupt link LNKS configured for IRQ 9
[   14.639243] iommu: Default domain type: Translated 
[   14.639540] iommu: DMA domain TLB invalidation policy: lazy mode 
[   14.641644] SCSI subsystem initialized
[   14.643001] ACPI: bus type USB registered
[   14.644902] usbcore: registered new interface driver usbfs
[   14.646680] usbcore: registered new interface driver hub
[   14.648680] usbcore: registered new device driver usb
[   14.649802] pps_core: LinuxPPS API ver. 1 registered
[   14.651536] pps_core: Software ver. 5.3.6 - Copyright 2005-2007 Rodolfo Giometti <giometti@linux.it>
[   14.653644] PTP clock support registered
[   14.656758] Advanced Linux Sound Architecture Driver Initialized.
[   14.659120] NetLabel: Initializing
[   14.659541] NetLabel:  domain hash size = 128
[   14.660539] NetLabel:  protocols = UNLABELED CIPSOv4 CALIPSO
[   14.662780] NetLabel:  unlabeled traffic allowed by default
[   14.663824] PCI: Using ACPI for IRQ routing
[   14.664966] pci 0000:00:02.0: vgaarb: setting as boot VGA device
[   14.665527] pci 0000:00:02.0: vgaarb: bridge control possible
[   14.665527] pci 0000:00:02.0: vgaarb: VGA device added: decodes=io+mem,owns=io+mem,locks=none
[   14.665552] vgaarb: loaded
[   14.667227] hpet0: at MMIO 0xfed00000, IRQs 2, 8, 0
[   14.667541] hpet0: 3 comparators, 64-bit 100.000000 MHz counter
[   14.673847] clocksource: Switched to clocksource kvm-clock
[   14.826338] VFS: Disk quotas dquot_6.6.0
[   14.827863] VFS: Dquot-cache hash table entries: 512 (order 0, 4096 bytes)
[   14.830632] pnp: PnP ACPI init
[   14.834633] pnp: PnP ACPI: found 6 devices
[   14.867445] clocksource: acpi_pm: mask: 0xffffff max_cycles: 0xffffff, max_idle_ns: 2085701024 ns
[   14.872557] NET: Registered PF_INET protocol family
[   14.875204] IP idents hash table entries: 131072 (order: 8, 1048576 bytes, linear)
[   14.880267] tcp_listen_portaddr_hash hash table entries: 4096 (order: 4, 65536 bytes, linear)
[   14.896132] Table-perturb hash table entries: 65536 (order: 6, 262144 bytes, linear)
[   14.899001] TCP established hash table entries: 65536 (order: 7, 524288 bytes, linear)
[   14.902326] TCP bind hash table entries: 65536 (order: 9, 2097152 bytes, linear)
[   14.917340] TCP: Hash tables configured (established 65536 bind 65536)
[   14.919898] UDP hash table entries: 4096 (order: 5, 131072 bytes, linear)
[   14.922382] UDP-Lite hash table entries: 4096 (order: 5, 131072 bytes, linear)
[   14.925534] NET: Registered PF_UNIX/PF_LOCAL protocol family
[   14.928789] RPC: Registered named UNIX socket transport module.
[   14.929915] RPC: Registered udp transport module.
[   14.930756] RPC: Registered tcp transport module.
[   14.932090] RPC: Registered tcp NFSv4.1 backchannel transport module.
[   14.935454] pci_bus 0000:00: resource 4 [io  0x0000-0x0cf7 window]
[   14.936568] pci_bus 0000:00: resource 5 [io  0x0d00-0xffff window]
[   14.937652] pci_bus 0000:00: resource 6 [mem 0x000a0000-0x000bffff window]
[   14.938859] pci_bus 0000:00: resource 7 [mem 0xc0000000-0xfebfffff window]
[   14.941029] pci_bus 0000:00: resource 8 [mem 0x240000000-0x2bfffffff window]
[   14.943639] pci 0000:00:01.0: PIIX3: Enabling Passive Release
[   14.945499] pci 0000:00:00.0: Limiting direct PCI/PCI transfers
[   14.947494] PCI: CLS 0 bytes, default 64
[   14.948934] PCI-DMA: Using software bounce buffering for IO (SWIOTLB)
[   14.950094] software IO TLB: mapped [mem 0x00000000bbe92000-0x00000000bfe92000] (64MB)
[   14.950452] Unpacking initramfs...
[   14.953132] RAPL PMU: API unit is 2^-32 Joules, 0 fixed counters, 10737418240 ms ovfl timer
[   14.956097] clocksource: tsc: mask: 0xffffffffffffffff max_cycles: 0x2df10e7656b, max_idle_ns: 440795364873 ns
[   14.988566] Initialise system trusted keyrings
[   14.992051] workingset: timestamp_bits=56 max_order=21 bucket_order=0
[   15.006116] NFS: Registering the id_resolver key type
[   15.007949] Key type id_resolver registered
[   15.009376] Key type id_legacy registered
[   15.010821] 9p: Installing v9fs 9p2000 file system support
[   15.013443] Freeing initrd memory: 1336K
[   15.015422] Key type asymmetric registered
[   15.016860] Asymmetric key parser 'x509' registered
[   15.018653] Block layer SCSI generic (bsg) driver version 0.4 loaded (major 251)
[   15.020916] io scheduler mq-deadline registered
[   15.022334] io scheduler kyber registered
[   15.024602] input: Power Button as /devices/LNXSYSTM:00/LNXPWRBN:00/input/input0
[   15.027309] ACPI: button: Power Button [PWRF]
[   15.030230] Serial: 8250/16550 driver, 4 ports, IRQ sharing enabled
[   15.032810] 00:04: ttyS0 at I/O 0x3f8 (irq = 4, base_baud = 115200) is a 16550A
[   15.037124] Non-volatile memory driver v1.3
[   15.037959] Linux agpgart interface v0.103
[   15.039566] ACPI: bus type drm_connector registered
[   15.049377] loop: module loaded
[   15.053714] scsi host0: ata_piix
[   15.055383] scsi host1: ata_piix
[   15.056826] ata1: PATA max MWDMA2 cmd 0x1f0 ctl 0x3f6 bmdma 0xc040 irq 14
[   15.059154] ata2: PATA max MWDMA2 cmd 0x170 ctl 0x376 bmdma 0xc048 irq 15
[   15.063408] e100: Intel(R) PRO/100 Network Driver
[   15.064512] e100: Copyright(c) 1999-2006 Intel Corporation
[   15.066927] e1000: Intel(R) PRO/1000 Network Driver
[   15.068640] e1000: Copyright (c) 1999-2006 Intel Corporation.
[   15.219517] ata2: found unknown device (class 0)
[   15.221435] ata2.00: ATAPI: QEMU DVD-ROM, 2.5+, max UDMA/100
[   15.224444] scsi 1:0:0:0: CD-ROM            QEMU     QEMU DVD-ROM     2.5+ PQ: 0 ANSI: 5
[   15.265289] sr 1:0:0:0: [sr0] scsi3-mmc drive: 4x/4x cd/rw xa/form2 tray
[   15.266913] cdrom: Uniform CD-ROM driver Revision: 3.20
[   15.288887] sr 1:0:0:0: Attached scsi generic sg0 type 5
[   15.752730] ACPI: \_SB_.LNKC: Enabled at IRQ 11
[   16.102346] e1000 0000:00:03.0 eth0: (PCI:33MHz:32-bit) 52:54:00:12:34:56
[   16.104491] e1000 0000:00:03.0 eth0: Intel(R) PRO/1000 Network Connection
[   16.106398] e1000e: Intel(R) PRO/1000 Network Driver
[   16.108209] e1000e: Copyright(c) 1999 - 2015 Intel Corporation.
[   16.109484] sky2: driver version 1.30
[   16.111714] usbcore: registered new interface driver usblp
[   16.113790] usbcore: registered new interface driver usb-storage
[   16.115607] i8042: PNP: PS/2 Controller [PNP0303:KBD,PNP0f13:MOU] at 0x60,0x64 irq 1,12
[   16.119103] serio: i8042 KBD port at 0x60,0x64 irq 1
[   16.120665] serio: i8042 AUX port at 0x60,0x64 irq 12
[   16.123266] input: AT Translated Set 2 keyboard as /devices/platform/i8042/serio0/input/input1
[   16.126527] rtc_cmos 00:05: RTC can wake from S4
[   16.130569] rtc_cmos 00:05: registered as rtc0
[   16.132750] rtc_cmos 00:05: alarms up to one day, y3k, 242 bytes nvram, hpet irqs
[   16.135720] device-mapper: ioctl: 4.47.0-ioctl (2022-07-28) initialised: dm-devel@redhat.com
[   16.138765] intel_pstate: CPU model not supported
[   16.140550] hid: raw HID events driver (C) Jiri Kosina
[   16.142957] usbcore: registered new interface driver usbhid
[   16.145092] usbhid: USB HID core driver
[   16.149045] Initializing XFRM netlink socket
[   16.150997] NET: Registered PF_INET6 protocol family
[   16.154212] Segment Routing with IPv6
[   16.155686] In-situ OAM (IOAM) with IPv6
[   16.157476] sit: IPv6, IPv4 and MPLS over IPv4 tunneling driver
[   16.159720] NET: Registered PF_PACKET protocol family
[   16.161910] 9pnet: Installing 9P2000 support
[   16.162888] Key type dns_resolver registered
[   16.164987] IPI shorthand broadcast: enabled
[   16.166698] sched_clock: Marking stable (15865328676, 301175018)->(16412996148, -246492454)
[   16.169308] registered taskstats version 1
[   16.170821] Loading compiled-in X.509 certificates
[   16.173347] cryptomgr_test (51) used greatest stack depth: 30912 bytes left
[   16.176350] cryptomgr_test (64) used greatest stack depth: 30536 bytes left
[   16.179023] PM:   Magic number: 10:219:731
[   16.180525] printk: console [netcon0] enabled
[   16.181515] netconsole: network logging started
[   16.183634] cfg80211: Loading compiled-in X.509 certificates for regulatory database
[   16.187030] kworker/u4:1 (73) used greatest stack depth: 29512 bytes left
[   16.190332] cfg80211: Loaded X.509 cert 'sforshee: 00b28ddf47aef9cea7'
[   16.192863] platform regulatory.0: Direct firmware load for regulatory.db failed with error -2
[   16.195102] cfg80211: failed to load regulatory.db
[   16.195302] ALSA device list:
[   16.197932]   No soundcards found.
[   16.201860] Freeing unused kernel image (initmem) memory: 2096K
[   16.209261] Write protecting the kernel read-only data: 59392k
[   16.212519] Freeing unused kernel image (text/rodata gap) memory: 2032K
[   16.216522] Freeing unused kernel image (rodata/data gap) memory: 1900K
[   16.231826] x86/mm: Checked W+X mappings: passed, no W+X pages found.
[   16.233436] Run /init as init process
[   16.237594] mount (78) used greatest stack depth: 28360 bytes left

secb: rootfs ready
---- poc begin ----
poc: start: CVE-2023-4623 sch_hfsc inner-without-fsc UAF
poc: qdisc r=0
poc: parent r=0
poc: child r=0
poc: del child r=0
poc: del parent r=0
poc: new child r=0
[   16.260674] ==================================================================
[   16.261779] BUG: KASAN: use-after-free in rb_last+0x60/0x80
[   16.262879] Read of size 8 at addr ffff8881046238c8 by task poc/84
[   16.264482] 
[   16.264895] CPU: 1 PID: 84 Comm: poc Not tainted 6.1.36-07107-ga1c449d00ff8-dirty #1
[   16.266815] Hardware name: QEMU Standard PC (i440FX + PIIX, 1996), BIOS 1.16.2-debian-1.16.2-1 04/01/2014
[   16.268103] Call Trace:
[   16.268782]  <TASK>
[   16.269369]  dump_stack_lvl+0x33/0x46
[   16.270389]  print_report+0x181/0x4a5
[   16.271390]  ? kasan_set_track+0x21/0x30
[   16.272448]  ? rb_last+0x60/0x80
[   16.273239]  kasan_report+0xc5/0x150
[   16.273664]  ? rb_last+0x60/0x80
[   16.274049]  rb_last+0x60/0x80
[   16.274777]  init_vf.constprop.0+0x351/0xe20
[   16.275985]  hfsc_enqueue+0x7cc/0xed0
[   16.276994]  ? hfsc_change_class+0x2e50/0x2e50
[   16.278150]  ? _raw_spin_lock+0x82/0xe0
[   16.279193]  dev_qdisc_enqueue+0x3b/0x140
[   16.279689]  __dev_queue_xmit+0x1744/0x2c60
[   16.280234]  ? selinux_ip_postroute_compat+0x320/0x3e0
[   16.281653]  ? netdev_core_pick_tx+0x2a0/0x2a0
[   16.282847]  ? skb_set_owner_w+0x1d0/0x310
[   16.283953]  ? stack_trace_save+0x8c/0xc0
[   16.284575]  ? selinux_ip_postroute+0x2a8/0xaf0
[   16.285127]  ip_finish_output2+0x6d2/0x1920
[   16.286364]  ? ip_fraglist_init+0x560/0x560
[   16.287463]  __ip_finish_output.part.0+0x268/0x940
[   16.288429]  ? ip_fragment.constprop.0+0x220/0x220
[   16.289012]  ? nf_hook_slow+0x9e/0x170
[   16.289897]  ip_output+0x2c5/0x6c0
[   16.290813]  ? __ip_finish_output.part.0+0x940/0x940
[   16.292129]  ? dst_output+0xc0/0xc0
[   16.292558]  ? ip_frag_init+0x3e0/0x3e0
[   16.293024]  ? ip_flush_pending_frames+0x20/0x20
[   16.294087]  ip_send_skb+0x10f/0x150
[   16.295007]  udp_send_skb+0x56d/0x1250
[   16.296047]  udp_sendmsg+0x1640/0x1eb0
[   16.297071]  ? ip_frag_init+0x3e0/0x3e0
[   16.298050]  ? udp_unicast_rcv_skb+0x330/0x330
[   16.299231]  ? __local_bh_enable_ip+0x32/0x70
[   16.299772]  ? ip4_datagram_connect+0x40/0x40
[   16.300467]  ? _raw_write_lock_irq+0xe0/0xe0
[   16.301705]  ? __local_bh_enable_ip+0x32/0x70
[   16.302922]  ? inet_autobind+0x108/0x160
[   16.303519]  ? inet_send_prepare+0x21b/0x2a0
[   16.304035]  ? inet_send_prepare+0x2a0/0x2a0
[   16.305081]  ? sock_sendmsg+0xda/0x110
[   16.306104]  ? inet_send_prepare+0x2a0/0x2a0
[   16.307259]  sock_sendmsg+0xda/0x110
[   16.308210]  __sys_sendto+0x1dd/0x2a0
[   16.308656]  ? __ia32_sys_getpeername+0xb0/0xb0
[   16.309262]  ? alloc_empty_file+0x84/0xf0
[   16.310419]  ? alloc_file+0x225/0x720
[   16.311468]  ? alloc_fd+0x1a6/0x4e0
[   16.312461]  ? __sys_socket_file+0x160/0x160
[   16.313370]  ? __ia32_sys_read+0xa0/0xa0
[   16.313848]  __x64_sys_sendto+0xd7/0x1b0
[   16.314543]  ? exit_to_user_mode_prepare+0x32/0x120
[   16.315018]  ? syscall_exit_to_user_mode+0x1d/0x40
[   16.315244]  do_syscall_64+0x37/0x90
[   16.315450]  entry_SYSCALL_64_after_hwframe+0x63/0xcd
[   16.315735] RIP: 0033:0x43b6a3
[   16.315932] Code: c7 c2 b8 ff ff ff f7 d8 64 89 02 48 c7 c0 ff ff ff ff eb b8 0f 1f 00 80 3d c1 b9 06 00 00 41 89 ca 74 14 b8 2c 00 00 00 0f 05 <48> 3d 00 f0 ff ff 77 75 c3 0f 1f 40 00 55 48 83 ec 30 44 89 4c 24
[   16.316954] RSP: 002b:00007fff9f1ac7d8 EFLAGS: 00000202 ORIG_RAX: 000000000000002c
[   16.317395] RAX: ffffffffffffffda RBX: 0000000000000040 RCX: 000000000043b6a3
[   16.317686] RDX: 0000000000000001 RSI: 000000000048f43b RDI: 0000000000000004
[   16.317965] RBP: 00007fff9f1ac7f0 R08: 00007fff9f1ac7f0 R09: 0000000000000010
[   16.318302] R10: 0000000000000040 R11: 0000000000000202 R12: 0000000000000004
[   16.318683] R13: 000000000048f43b R14: 0000000000000003 R15: 0000000000000000
[   16.319063]  </TASK>
[   16.319193] 
[   16.319284] Allocated by task 84:
[   16.319457]  kasan_save_stack+0x2f/0x60
[   16.319659]  kasan_set_track+0x21/0x30
[   16.319858]  __kasan_kmalloc+0x8e/0x90
[   16.320065]  hfsc_change_class+0x546/0x2e50
[   16.320328]  tc_ctl_tclass+0x3cb/0xf40
[   16.320541]  rtnetlink_rcv_msg+0x359/0x9d0
[   16.320779]  netlink_rcv_skb+0x11d/0x350
[   16.321010]  netlink_unicast+0x597/0x810
[   16.323396]  netlink_sendmsg+0x7b3/0xc60
[   16.323758]  sock_sendmsg+0xdf/0x110
[   16.324093]  ____sys_sendmsg+0x5c6/0x7d0
[   16.324481]  ___sys_sendmsg+0x100/0x180
[   16.324863]  __sys_sendmsg+0xe2/0x190
[   16.325252]  do_syscall_64+0x37/0x90
[   16.325607]  entry_SYSCALL_64_after_hwframe+0x63/0xcd
[   16.326135] 
[   16.326311] Freed by task 84:
[   16.326652]  kasan_save_stack+0x2f/0x60
[   16.327077]  kasan_set_track+0x21/0x30
[   16.327487]  kasan_save_free_info+0x2a/0x50
[   16.327924]  __kasan_slab_free+0x106/0x180
[   16.328360]  __kmem_cache_free+0x76/0x180
[   16.328739]  hfsc_delete_class+0x448/0x6f0
[   16.329157]  tc_ctl_tclass+0x9ab/0xf40
[   16.329529]  rtnetlink_rcv_msg+0x359/0x9d0
[   16.329915]  netlink_rcv_skb+0x11d/0x350
[   16.330257]  netlink_unicast+0x597/0x810
[   16.330481]  netlink_sendmsg+0x7b3/0xc60
[   16.330742]  sock_sendmsg+0xdf/0x110
[   16.331102]  ____sys_sendmsg+0x5c6/0x7d0
[   16.331518]  ___sys_sendmsg+0x100/0x180
[   16.331910]  __sys_sendmsg+0xe2/0x190
[   16.332261]  do_syscall_64+0x37/0x90
[   16.332466]  entry_SYSCALL_64_after_hwframe+0x63/0xcd
[   16.332751] 
[   16.332848] The buggy address belongs to the object at ffff888104623800
[   16.332848]  which belongs to the cache kmalloc-1k of size 1024
[   16.333908] The buggy address is located 200 bytes inside of
[   16.333908]  1024-byte region [ffff888104623800, ffff888104623c00)
[   16.335197] 
[   16.335369] The buggy address belongs to the physical page:
[   16.335958] page:00000000cf3fe2c1 refcount:1 mapcount:0 mapping:0000000000000000 index:0x0 pfn:0x104620
[   16.336574] head:00000000cf3fe2c1 order:3 compound_mapcount:0 compound_pincount:0
[   16.336984] flags: 0x200000000010200(slab|head|node=0|zone=2)
[   16.337476] raw: 0200000000010200 0000000000000000 dead000000000122 ffff888100041dc0
[   16.338328] raw: 0000000000000000 0000000080100010 00000001ffffffff 0000000000000000
[   16.339176] page dumped because: kasan: bad access detected
[   16.339778] 
[   16.339950] Memory state around the buggy address:
[   16.340463]  ffff888104623780: fc fc fc fc fc fc fc fc fc fc fc fc fc fc fc fc
[   16.341226]  ffff888104623800: fa fb fb fb fb fb fb fb fb fb fb fb fb fb fb fb
[   16.341992] >ffff888104623880: fb fb fb fb fb fb fb fb fb fb fb fb fb fb fb fb
[   16.342470]                                               ^
[   16.342771]  ffff888104623900: fb fb fb fb fb fb fb fb fb fb fb fb fb fb fb fb
[   16.343180]  ffff888104623980: fb fb fb fb fb fb fb fb fb fb fb fb fb fb fb fb
[   16.343969] ==================================================================
[   16.344770] Disabling lock debugging due to kernel taint
[   16.345386] HFSC: pfifo qdisc 0: is non-work-conserving?
[   16.757000] input: ImExPS/2 Generic Explorer Mouse as /devices/platform/i8042/serio1/input/input3
poc: done
[   17.347343] poc (84) used greatest stack depth: 25840 bytes left
---- poc end rc=0 ----
secb: poc exited without crashing the kernel
[   18.875896] ACPI: PM: Preparing to enter system sleep state S5
[   18.876537] reboot: Power down
CONFIRMED: KASAN_UAF
