bash: warning: setlocale: LC_ALL: cannot change locale (en_US.UTF-8)
c[?7l[2J[0mSeaBIOS (version 1.16.2-debian-1.16.2-1)
Booting from ROM..c[?7l[2J[0m.early console in extract_kernel
input_data: 0x00000000148912a3
input_len: 0x0000000005f55911
output: 0x0000000001000000
output_len: 0x00000000124b3c90
kernel_total_size: 0x0000000019826000
needed_size: 0x0000000019a00000
trampoline_32bit: 0x0000000000000000

Decompressing Linux... Parsing ELF... done.
Booting the kernel (entry_offset: 0x0000000000000108).
[    0.000000][    T0] Linux version 6.12.0-g8dffdb3b6ca0-dirty (root@buildkitsandbox) (gcc (Debian 12.2.0-14+deb12u1) 12.2.0, GNU ld (GNU Binutils for Debian) 2.40) #2 SMP PREEMPT_DYNAMIC Mon May 25 03:16:52 UTC 2026
[    0.000000][    T0] Command line: console=ttyS0 oops=panic panic=86400 nokaslr earlyprintk=serial rdinit=/init
[    0.000000][    T0] KERNEL supported cpus:
[    0.000000][    T0]   Intel GenuineIntel
[    0.000000][    T0]   AMD AuthenticAMD
[    0.000000][    T0] BIOS-provided physical RAM map:
[    0.000000][    T0] BIOS-e820: [mem 0x0000000000000000-0x000000000009fbff] usable
[    0.000000][    T0] BIOS-e820: [mem 0x000000000009fc00-0x000000000009ffff] reserved
[    0.000000][    T0] BIOS-e820: [mem 0x00000000000f0000-0x00000000000fffff] reserved
[    0.000000][    T0] BIOS-e820: [mem 0x0000000000100000-0x000000007ffdffff] usable
[    0.000000][    T0] BIOS-e820: [mem 0x000000007ffe0000-0x000000007fffffff] reserved
[    0.000000][    T0] BIOS-e820: [mem 0x00000000feffc000-0x00000000feffffff] reserved
[    0.000000][    T0] BIOS-e820: [mem 0x00000000fffc0000-0x00000000ffffffff] reserved
[    0.000000][    T0] BIOS-e820: [mem 0x000000fd00000000-0x000000ffffffffff] reserved
[    0.000000][    T0] printk: legacy bootconsole [earlyser0] enabled
[    0.000000][    T0] NX (Execute Disable) protection: active
[    0.000000][    T0] APIC: Static calls initialized
[    0.000000][    T0] SMBIOS 2.8 present.
[    0.000000][    T0] DMI: QEMU Standard PC (i440FX + PIIX, 1996), BIOS 1.16.2-debian-1.16.2-1 04/01/2014
[    0.000000][    T0] DMI: Memory slots populated: 1/1
[    0.000000][    T0] Hypervisor detected: KVM
[    0.000000][    T0] kvm-clock: Using msrs 4b564d01 and 4b564d00
[    0.000003][    T0] kvm-clock: using sched offset of 1127654485 cycles
[    0.000865][    T0] clocksource: kvm-clock: mask: 0xffffffffffffffff max_cycles: 0x1cd42e4dffb, max_idle_ns: 881590591483 ns
[    0.003428][    T0] tsc: Detected 3493.436 MHz processor
[    0.012181][    T0] last_pfn = 0x7ffe0 max_arch_pfn = 0x400000000
[    0.012939][    T0] MTRR map: 4 entries (3 fixed + 1 variable; max 19), built from 8 variable MTRRs
[    0.014009][    T0] x86/PAT: Configuration [0-7]: WB  WC  UC- UC  WB  WP  UC- WT  
[    0.018475][    T0] found SMP MP-table at [mem 0x000f5ba0-0x000f5baf]
[    0.019256][    T0] Using GB pages for direct mapping
[    0.022393][    T0] RAMDISK: [mem 0x7fe8e000-0x7ffdffff]
[    0.023032][    T0] ACPI: Early table checksum verification disabled
[    0.023783][    T0] ACPI: RSDP 0x00000000000F59D0 000014 (v00 BOCHS )
[    0.024558][    T0] ACPI: RSDT 0x000000007FFE1B33 000034 (v01 BOCHS  BXPC     00000001 BXPC 00000001)
[    0.025664][    T0] ACPI: FACP 0x000000007FFE19DF 000074 (v01 BOCHS  BXPC     00000001 BXPC 00000001)
[    0.026776][    T0] ACPI: DSDT 0x000000007FFE0040 00199F (v01 BOCHS  BXPC     00000001 BXPC 00000001)
[    0.027885][    T0] ACPI: FACS 0x000000007FFE0000 000040
[    0.028531][    T0] ACPI: APIC 0x000000007FFE1A53 000080 (v01 BOCHS  BXPC     00000001 BXPC 00000001)
[    0.029643][    T0] ACPI: HPET 0x000000007FFE1AD3 000038 (v01 BOCHS  BXPC     00000001 BXPC 00000001)
[    0.030804][    T0] ACPI: WAET 0x000000007FFE1B0B 000028 (v01 BOCHS  BXPC     00000001 BXPC 00000001)
[    0.031906][    T0] ACPI: Reserving FACP table memory at [mem 0x7ffe19df-0x7ffe1a52]
[    0.032825][    T0] ACPI: Reserving DSDT table memory at [mem 0x7ffe0040-0x7ffe19de]
[    0.033742][    T0] ACPI: Reserving FACS table memory at [mem 0x7ffe0000-0x7ffe003f]
[    0.034825][    T0] ACPI: Reserving APIC table memory at [mem 0x7ffe1a53-0x7ffe1ad2]
[    0.035753][    T0] ACPI: Reserving HPET table memory at [mem 0x7ffe1ad3-0x7ffe1b0a]
[    0.036665][    T0] ACPI: Reserving WAET table memory at [mem 0x7ffe1b0b-0x7ffe1b32]
[    0.038551][    T0] No NUMA configuration found
[    0.039089][    T0] Faking a node at [mem 0x0000000000000000-0x000000007ffdffff]
[    0.039967][    T0] NODE_DATA(0) allocated [mem 0x7fe88ac0-0x7fe8ddff]
[    0.044242][    T0] Zone ranges:
[    0.044661][    T0]   DMA      [mem 0x0000000000001000-0x0000000000ffffff]
[    0.045479][    T0]   DMA32    [mem 0x0000000001000000-0x000000007ffdffff]
[    0.046287][    T0]   Normal   empty
[    0.046712][    T0]   Device   empty
[    0.047137][    T0] Movable zone start for each node
[    0.047718][    T0] Early memory node ranges
[    0.048224][    T0]   node   0: [mem 0x0000000000001000-0x000000000009efff]
[    0.049040][    T0]   node   0: [mem 0x0000000000100000-0x000000007ffdffff]
[    0.049869][    T0] Initmem setup node 0 [mem 0x0000000000001000-0x000000007ffdffff]
[    0.050794][    T0] On node 0, zone DMA: 1 pages in unavailable ranges
[    0.051753][    T0] On node 0, zone DMA: 97 pages in unavailable ranges
[    0.076271][    T0] On node 0, zone DMA32: 32 pages in unavailable ranges
[    0.115632][    T0] kasan: KernelAddressSanitizer initialized
[    0.116624][    T0] ACPI: PM-Timer IO Port: 0x608
[    0.117202][    T0] ACPI: LAPIC_NMI (acpi_id[0xff] dfl dfl lint[0x1])
[    0.118013][    T0] IOAPIC[0]: apic_id 0, version 17, address 0xfec00000, GSI 0-23
[    0.118917][    T0] ACPI: INT_SRC_OVR (bus 0 bus_irq 0 global_irq 2 dfl dfl)
[    0.119750][    T0] ACPI: INT_SRC_OVR (bus 0 bus_irq 5 global_irq 5 high level)
[    0.120611][    T0] ACPI: INT_SRC_OVR (bus 0 bus_irq 9 global_irq 9 high level)
[    0.121485][    T0] ACPI: INT_SRC_OVR (bus 0 bus_irq 10 global_irq 10 high level)
[    0.122365][    T0] ACPI: INT_SRC_OVR (bus 0 bus_irq 11 global_irq 11 high level)
[    0.123256][    T0] ACPI: Using ACPI (MADT) for SMP configuration information
[    0.124099][    T0] ACPI: HPET id: 0x8086a201 base: 0xfed00000
[    0.124793][    T0] TSC deadline timer available
[    0.125347][    T0] CPU topo: Max. logical packages:   1
[    0.125977][    T0] CPU topo: Max. logical dies:       1
[    0.126604][    T0] CPU topo: Max. dies per package:   1
[    0.127239][    T0] CPU topo: Max. threads per core:   1
[    0.127865][    T0] CPU topo: Num. cores per package:     2
[    0.128521][    T0] CPU topo: Num. threads per package:   2
[    0.129178][    T0] CPU topo: Allowing 2 present CPUs plus 0 hotplug CPUs
[    0.130025][    T0] kvm-guest: APIC: eoi() replaced with kvm_guest_apic_eoi_write()
[    0.130957][    T0] kvm-guest: KVM setup pv remote TLB flush
[    0.131630][    T0] kvm-guest: setup PV sched yield
[    0.132237][    T0] PM: hibernation: Registered nosave memory: [mem 0x00000000-0x00000fff]
[    0.133214][    T0] PM: hibernation: Registered nosave memory: [mem 0x0009f000-0x0009ffff]
[    0.134194][    T0] PM: hibernation: Registered nosave memory: [mem 0x000a0000-0x000effff]
[    0.135163][    T0] PM: hibernation: Registered nosave memory: [mem 0x000f0000-0x000fffff]
[    0.136137][    T0] [mem 0x80000000-0xfeffbfff] available for PCI devices
[    0.136937][    T0] Booting paravirtualized kernel on KVM
[    0.137586][    T0] clocksource: refined-jiffies: mask: 0xffffffff max_cycles: 0xffffffff, max_idle_ns: 19112604462750000 ns
[    0.186176][    T0] setup_percpu: NR_CPUS:8 nr_cpumask_bits:2 nr_cpu_ids:2 nr_node_ids:1
[    0.187427][    T0] percpu: Embedded 74 pages/cpu s265736 r8192 d29176 u1048576
[    0.188445][    T0] kvm-guest: PV spinlocks enabled
[    0.189050][    T0] PV qspinlock hash table entries: 256 (order: 0, 4096 bytes, linear)
[    0.190035][    T0] Kernel command line: console=ttyS0 oops=panic panic=86400 nokaslr earlyprintk=serial rdinit=/init
[    0.191751][    T0] random: crng init done
[    0.192257][    T0] printk: log buffer data + meta data: 262144 + 917504 = 1179648 bytes
[    0.193368][    T0] Dentry cache hash table entries: 262144 (order: 9, 2097152 bytes, linear)
[    0.194615][    T0] Inode-cache hash table entries: 131072 (order: 8, 1048576 bytes, linear)
[    0.195793][    T0] Fallback order for Node 0: 0 
[    0.195805][    T0] Built 1 zonelists, mobility grouping on.  Total pages: 524158
[    0.197302][    T0] Policy zone: DMA32
[    0.198010][    T0] mem auto-init: stack:all(zero), heap alloc:on, heap free:off
[    0.198914][    T0] stackdepot: allocating hash table via alloc_large_system_hash
[    0.199829][    T0] stackdepot hash table entries: 1048576 (order: 12, 16777216 bytes, linear)
[    0.340596][    T0] SLUB: HWalign=64, Order=0-3, MinObjects=0, CPUs=2, Nodes=1
[    0.343679][    T0] allocated 4194304 bytes of page_ext
[    0.344831][    T0] Dynamic Preempt: full
[    0.345786][    T0] Running RCU self tests
[    0.346294][    T0] Running RCU synchronous self tests
[    0.346934][    T0] rcu: Preemptible hierarchical RCU implementation.
[    0.347720][    T0] rcu: 	RCU lockdep checking is enabled.
[    0.348385][    T0] rcu: 	RCU restricting CPUs from NR_CPUS=8 to nr_cpu_ids=2.
[    0.349263][    T0] rcu: 	RCU callback double-/use-after-free debug is enabled.
[    0.350159][    T0] rcu: 	RCU debug extended QS entry/exit.
[    0.350841][    T0] 	Trampoline variant of Tasks RCU enabled.
[    0.351538][    T0] 	Tracing variant of Tasks RCU enabled.
[    0.352204][    T0] rcu: RCU calculated value of scheduler-enlistment delay is 10 jiffies.
[    0.353210][    T0] rcu: Adjusting geometry for rcu_fanout_leaf=16, nr_cpu_ids=2
[    0.354169][    T0] Running RCU synchronous self tests
[    0.354870][    T0] RCU Tasks: Setting shift to 1 and lim to 1 rcu_task_cb_adjust=1 rcu_task_cpu_ids=2.
[    0.356166][    T0] RCU Tasks Trace: Setting shift to 1 and lim to 1 rcu_task_cb_adjust=1 rcu_task_cpu_ids=2.
[    0.412791][    T0] NR_IRQS: 4352, nr_irqs: 440, preallocated irqs: 16
[    0.414116][    T0] rcu: srcu_init: Setting srcu_struct sizes based on contention.
[    0.415323][    T0] kfence: initialized - using 2097152 bytes for 255 objects at 0x(____ptrval____)-0x(____ptrval____)
[    0.424489][    T0] Console: colour VGA+ 80x25
[    0.425116][    T0] printk: legacy console [ttyS0] enabled
[    0.425116][    T0] printk: legacy console [ttyS0] enabled
[    0.426453][    T0] printk: legacy bootconsole [earlyser0] disabled
[    0.426453][    T0] printk: legacy bootconsole [earlyser0] disabled
[    0.427977][    T0] Lock dependency validator: Copyright (c) 2006 Red Hat, Inc., Ingo Molnar
[    0.429003][    T0] ... MAX_LOCKDEP_SUBCLASSES:  8
[    0.429594][    T0] ... MAX_LOCK_DEPTH:          48
[    0.430192][    T0] ... MAX_LOCKDEP_KEYS:        8192
[    0.430813][    T0] ... CLASSHASH_SIZE:          4096
[    0.431430][    T0] ... MAX_LOCKDEP_ENTRIES:     1048576
[    0.432084][    T0] ... MAX_LOCKDEP_CHAINS:      1048576
[    0.432731][    T0] ... CHAINHASH_SIZE:          524288
[    0.433369][    T0]  memory used by lock dependency info: 106625 kB
[    0.434142][    T0]  memory used for stack traces: 8320 kB
[    0.434810][    T0]  per task-struct memory footprint: 1920 bytes
[    0.435630][    T0] ACPI: Core revision 20240827
[    0.436558][    T0] clocksource: hpet: mask: 0xffffffff max_cycles: 0xffffffff, max_idle_ns: 19112604467 ns
[    0.437951][    T0] APIC: Switch to symmetric I/O mode setup
[    0.438821][    T0] x2apic enabled
[    0.439705][    T0] APIC: Switched APIC routing to: physical x2apic
[    0.440478][    T0] kvm-guest: APIC: send_IPI_mask() replaced with kvm_send_ipi_mask()
[    0.441450][    T0] kvm-guest: APIC: send_IPI_mask_allbutself() replaced with kvm_send_ipi_mask_allbutself()
[    0.442652][    T0] kvm-guest: setup PV IPIs
[    0.444500][    T0] ..TIMER: vector=0x30 apic1=0 pin1=2 apic2=-1 pin2=-1
[    0.445325][    T0] clocksource: tsc-early: mask: 0xffffffffffffffff max_cycles: 0x325b186289d, max_idle_ns: 440795326624 ns
[    0.446681][    T0] Calibrating delay loop (skipped) preset value.. 6986.87 BogoMIPS (lpj=34934360)
[    0.447839][    T0] x86/cpu: User Mode Instruction Prevention (UMIP) activated
[    0.456824][    T0] Last level iTLB entries: 4KB 512, 2MB 255, 4MB 127
[    0.457612][    T0] Last level dTLB entries: 4KB 512, 2MB 255, 4MB 127, 1GB 0
[    0.458471][    T0] Spectre V1 : Mitigation: usercopy/swapgs barriers and __user pointer sanitization
[    0.459564][    T0] Spectre V2 : Mitigation: Retpolines
[    0.460186][    T0] Spectre V2 : Spectre v2 / SpectreRSB mitigation: Filling RSB on context switch
[    0.461232][    T0] Spectre V2 : Spectre v2 / SpectreRSB : Filling RSB on VMEXIT
[    0.462103][    T0] Spectre V2 : Enabling Speculation Barrier for firmware calls
[    0.462971][    T0] RETBleed: Mitigation: untrained return thunk
[    0.463684][    T0] Spectre V2 : mitigation: Enabling conditional Indirect Branch Prediction Barrier
[    0.464751][    T0] Speculative Store Bypass: Mitigation: Speculative Store Bypass disabled via prctl
[    0.466676][    T0] Speculative Return Stack Overflow: IBPB-extending microcode not applied!
[    0.467665][    T0] Speculative Return Stack Overflow: WARNING: See https://kernel.org/doc/html/latest/admin-guide/hw-vuln/srso.html for mitigation options.
[    0.467672][    T0] Speculative Return Stack Overflow: Vulnerable: Safe RET, no microcode
[    0.470298][    T0] x86/fpu: Supporting XSAVE feature 0x001: 'x87 floating point registers'
[    0.471274][    T0] x86/fpu: Supporting XSAVE feature 0x002: 'SSE registers'
[    0.472110][    T0] x86/fpu: Supporting XSAVE feature 0x004: 'AVX registers'
[    0.472936][    T0] x86/fpu: xstate_offset[2]:  576, xstate_sizes[2]:  256
[    0.473744][    T0] x86/fpu: Enabled xstate features 0x7, context size is 832 bytes, using 'compacted' format.
[    0.774908][    T0] Freeing SMP alternatives memory: 124K
[    0.775617][    T0] pid_max: default: 32768 minimum: 301
[    0.776580][    T0] LSM: initializing lsm=lockdown,capability,landlock,yama,safesetid,tomoyo,smack,bpf,ima,evm
[    0.778583][    T0] landlock: Up and running.
[    0.779123][    T0] Yama: becoming mindful.
[    0.780148][    T0] TOMOYO Linux initialized
[    0.782108][    T0] Smack:  Initializing.
[    0.782615][    T0] Smack:  Netfilter enabled.
[    0.783160][    T0] Smack:  IPv6 Netfilter enabled.
[    0.786787][    T0] LSM support for eBPF active
[    0.788088][    T0] Mount-cache hash table entries: 4096 (order: 3, 32768 bytes, linear)
[    0.789081][    T0] Mountpoint-cache hash table entries: 4096 (order: 3, 32768 bytes, linear)
[    0.793741][    T0] Running RCU synchronous self tests
[    0.794382][    T0] Running RCU synchronous self tests
[    0.795745][    T1] smpboot: CPU0: AMD Ryzen Threadripper PRO 3975WX 32-Cores (family: 0x17, model: 0x31, stepping: 0x0)
[    0.796669][    T1] Running RCU Tasks wait API self tests
[    0.897466][    T1] Running RCU Tasks Trace wait API self tests
[    0.899103][    T1] Performance Events: Fam17h+ core perfctr, AMD PMU driver.
[    0.901251][    T1] ... version:                0
[    0.902403][    T1] ... bit width:              48
[    0.903559][    T1] ... generic registers:      6
[    0.904690][    T1] ... value mask:             0000ffffffffffff
[    0.906098][    T1] ... max period:             00007fffffffffff
[    0.906699][    T1] ... fixed-purpose events:   0
[    0.907806][    T1] ... event mask:             000000000000003f
[    0.911599][    T1] signal: max sigframe size: 1776
[    0.913498][    T1] rcu: Hierarchical SRCU implementation.
[    0.914789][    T1] rcu: 	Max phase no-delay instances is 1000.
[    0.917075][   T15] Callback from call_rcu_tasks_trace() invoked.
[    0.919512][    T1] Timer migration: 1 hierarchy levels; 8 children per group; 1 crossnode level
[    1.008014][    T1] smp: Bringing up secondary CPUs ...
[    1.010911][    T1] smpboot: x86: Booting SMP configuration:
[    1.011634][    T1] .... node  #0, CPUs:      #1
[    1.011957][    T1] smp: Brought up 1 node, 2 CPUs
[    1.011957][    T1] smpboot: Total of 2 processors activated (13973.74 BogoMIPS)
[    1.018102][    T1] Memory: 1296320K/2096632K available (167936K kernel code, 40814K rwdata, 38716K rodata, 26464K init, 120116K bss, 789456K reserved, 0K cma-reserved)
[    1.021684][    T1] devtmpfs: initialized
[    1.021684][    T1] x86/mm: Memory block size: 128MB
[    1.058862][    T1] Running RCU synchronous self tests
[    1.059565][    T1] Running RCU synchronous self tests
[    1.060269][    T1] clocksource: jiffies: mask: 0xffffffff max_cycles: 0xffffffff, max_idle_ns: 19112604462750000 ns
[    1.060269][    T1] futex hash table entries: 512 (order: 4, 65536 bytes, linear)
[    1.066705][    T1] PM: RTC time: 03:18:35, date: 2026-05-25
[    1.080024][    T1] NET: Registered PF_NETLINK/PF_ROUTE protocol family
[    1.089178][    T1] audit: initializing netlink subsys (disabled)
[    1.096887][   T29] audit: type=2000 audit(1779679115.361:1): state=initialized audit_enabled=0 res=1
[    1.099861][    T1] thermal_sys: Registered thermal governor 'step_wise'
[    1.099882][    T1] thermal_sys: Registered thermal governor 'user_space'
[    1.100876][    T1] cpuidle: using governor menu
[    1.100876][    T1] NET: Registered PF_QIPCRTR protocol family
[    1.112025][    T1] dca service started, version 1.12.1
[    1.113298][    T1] PCI: Using configuration type 1 for base access
[    1.113298][    T1] PCI: Using configuration type 1 for extended access
[    1.116821][   T14] Callback from call_rcu_tasks() invoked.
[    1.119169][    T1] HugeTLB: registered 1.00 GiB page size, pre-allocated 0 pages
[    1.119169][    T1] HugeTLB: 16380 KiB vmemmap can be freed for a 1.00 GiB page
[    1.127103][    T1] HugeTLB: registered 2.00 MiB page size, pre-allocated 0 pages
[    1.128708][    T1] HugeTLB: 28 KiB vmemmap can be freed for a 2.00 MiB page
[    1.167205][    T1] cryptd: max_cpu_qlen set to 1000
[    1.198825][    T1] raid6: skipped pq benchmark and selected avx2x4
[    1.200304][    T1] raid6: using avx2x2 recovery algorithm
[    1.204274][    T1] ACPI: Added _OSI(Module Device)
[    1.205447][    T1] ACPI: Added _OSI(Processor Device)
[    1.206668][    T1] ACPI: Added _OSI(3.0 _SCP Extensions)
[    1.207952][    T1] ACPI: Added _OSI(Processor Aggregator Device)
[    1.268510][    T1] ACPI: 1 ACPI AML tables successfully acquired and loaded
[    1.295512][    T1] ACPI: Interpreter enabled
[    1.296417][    T1] ACPI: PM: (supports S0 S3 S4 S5)
[    1.296717][    T1] ACPI: Using IOAPIC for interrupt routing
[    1.297662][    T1] PCI: Using host bridge windows from ACPI; if necessary, use "pci=nocrs" and report a bug
[    1.298850][    T1] PCI: Using E820 reservations for host bridge windows
[    1.303080][    T1] ACPI: Enabled 2 GPEs in block 00 to 0F
[    1.416641][    T1] ACPI: PCI Root Bridge [PCI0] (domain 0000 [bus 00-ff])
[    1.417596][    T1] acpi PNP0A03:00: _OSC: OS supports [ExtendedConfig ASPM ClockPM Segments MSI HPX-Type3]
[    1.422427][    T1] PCI host bridge to bus 0000:00
[    1.423205][    T1] pci_bus 0000:00: root bus resource [io  0x0000-0x0cf7 window]
[    1.424134][    T1] pci_bus 0000:00: root bus resource [io  0x0d00-0xffff window]
[    1.425063][    T1] pci_bus 0000:00: root bus resource [mem 0x000a0000-0x000bffff window]
[    1.426081][    T1] pci_bus 0000:00: root bus resource [mem 0x80000000-0xfebfffff window]
[    1.426708][    T1] pci_bus 0000:00: root bus resource [mem 0x100000000-0x17fffffff window]
[    1.427804][    T1] pci_bus 0000:00: root bus resource [bus 00-ff]
[    1.429159][    T1] pci 0000:00:00.0: [8086:1237] type 00 class 0x060000 conventional PCI endpoint
[    1.463446][    T1] pci 0000:00:01.0: [8086:7000] type 00 class 0x060100 conventional PCI endpoint
[    1.494730][    T1] pci 0000:00:01.1: [8086:7010] type 00 class 0x010180 conventional PCI endpoint
[    1.497443][    T1] pci 0000:00:01.1: BAR 4 [io  0xc000-0xc00f]
[    1.498887][    T1] pci 0000:00:01.1: BAR 0 [io  0x01f0-0x01f7]: legacy IDE quirk
[    1.499959][    T1] pci 0000:00:01.1: BAR 1 [io  0x03f6]: legacy IDE quirk
[    1.500820][    T1] pci 0000:00:01.1: BAR 2 [io  0x0170-0x0177]: legacy IDE quirk
[    1.501741][    T1] pci 0000:00:01.1: BAR 3 [io  0x0376]: legacy IDE quirk
[    1.503834][    T1] pci 0000:00:01.3: [8086:7113] type 00 class 0x068000 conventional PCI endpoint
[    1.505622][    T1] pci 0000:00:01.3: quirk: [io  0x0600-0x063f] claimed by PIIX4 ACPI
[    1.506700][    T1] pci 0000:00:01.3: quirk: [io  0x0700-0x070f] claimed by PIIX4 SMB
[    1.508786][    T1] pci 0000:00:02.0: [1234:1111] type 00 class 0x030000 conventional PCI endpoint
[    1.510979][    T1] pci 0000:00:02.0: BAR 0 [mem 0xfd000000-0xfdffffff pref]
[    1.513206][    T1] pci 0000:00:02.0: BAR 2 [mem 0xfebf0000-0xfebf0fff]
[    1.517295][    T1] pci 0000:00:02.0: ROM [mem 0xfebe0000-0xfebeffff pref]
[    1.518394][    T1] pci 0000:00:02.0: Video device with shadowed ROM at [mem 0x000c0000-0x000dffff]
[    1.558682][    T1] ACPI: PCI: Interrupt link LNKA configured for IRQ 10
[    1.562595][    T1] ACPI: PCI: Interrupt link LNKB configured for IRQ 10
[    1.566408][    T1] ACPI: PCI: Interrupt link LNKC configured for IRQ 11
[    1.569642][    T1] ACPI: PCI: Interrupt link LNKD configured for IRQ 11
[    1.571874][    T1] ACPI: PCI: Interrupt link LNKS configured for IRQ 9
[    1.596715][    T1] iommu: Default domain type: Translated
[    1.597437][    T1] iommu: DMA domain TLB invalidation policy: lazy mode
[    1.602186][    T1] SCSI subsystem initialized
[    1.604301][    T1] ACPI: bus type USB registered
[    1.605358][    T1] usbcore: registered new interface driver usbfs
[    1.606337][    T1] usbcore: registered new interface driver hub
[    1.606877][    T1] usbcore: registered new device driver usb
[    1.609058][    T1] mc: Linux media interface: v0.10
[    1.609869][    T1] videodev: Linux video capture interface: v2.00
[    1.611250][    T1] pps_core: LinuxPPS API ver. 1 registered
[    1.611963][    T1] pps_core: Software ver. 5.3.6 - Copyright 2005-2007 Rodolfo Giometti <giometti@linux.it>
[    1.613251][    T1] PTP clock support registered
[    1.636764][    T1] EDAC MC: Ver: 3.0.0
[    1.659368][    T1] Advanced Linux Sound Architecture Driver Initialized.
[    1.664675][    T1] Bluetooth: Core ver 2.22
[    1.665371][    T1] NET: Registered PF_BLUETOOTH protocol family
[    1.666114][    T1] Bluetooth: HCI device and connection manager initialized
[    1.666724][    T1] Bluetooth: HCI socket layer initialized
[    1.667439][    T1] Bluetooth: L2CAP socket layer initialized
[    1.668239][    T1] Bluetooth: SCO socket layer initialized
[    1.669009][    T1] NET: Registered PF_ATMPVC protocol family
[    1.669764][    T1] NET: Registered PF_ATMSVC protocol family
[    1.670739][    T1] NetLabel: Initializing
[    1.671269][    T1] NetLabel:  domain hash size = 128
[    1.671899][    T1] NetLabel:  protocols = UNLABELED CIPSOv4 CALIPSO
[    1.673025][    T1] NetLabel:  unlabeled traffic allowed by default
[    1.674340][    T1] nfc: nfc_init: NFC Core ver 0.1
[    1.676709][    T1] NET: Registered PF_NFC protocol family
[    1.677486][    T1] PCI: Using ACPI for IRQ routing
[    1.678658][    T1] pci 0000:00:02.0: vgaarb: setting as boot VGA device
[    1.678658][    T1] pci 0000:00:02.0: vgaarb: bridge control possible
[    1.678658][    T1] pci 0000:00:02.0: vgaarb: VGA device added: decodes=io+mem,owns=io+mem,locks=none
[    1.679654][    T1] vgaarb: loaded
[    1.681619][    T1] hpet0: at MMIO 0xfed00000, IRQs 2, 8, 0
[    1.682392][    T1] hpet0: 3 comparators, 64-bit 100.000000 MHz counter
[    1.690219][    T1] clocksource: Switched to clocksource kvm-clock
[    1.694339][    T1] VFS: Disk quotas dquot_6.6.0
[    1.695014][    T1] VFS: Dquot-cache hash table entries: 512 (order 0, 4096 bytes)
[    1.697807][    T1] netfs: FS-Cache loaded
[    1.699317][    T1] CacheFiles: Loaded
[    1.700298][    T1] TOMOYO: 2.6.0
[    1.700754][    T1] Mandatory Access Control activated.
[    1.701879][    T1] pnp: PnP ACPI init
[    1.712728][    T1] pnp: PnP ACPI: found 6 devices
[    1.768951][    T1] clocksource: acpi_pm: mask: 0xffffff max_cycles: 0xffffff, max_idle_ns: 2085701024 ns
[    1.770935][    T1] NET: Registered PF_INET protocol family
[    1.772223][    T1] IP idents hash table entries: 32768 (order: 6, 262144 bytes, linear)
[    1.777150][    T1] tcp_listen_portaddr_hash hash table entries: 1024 (order: 4, 73728 bytes, linear)
[    1.778413][    T1] Table-perturb hash table entries: 65536 (order: 6, 262144 bytes, linear)
[    1.779537][    T1] TCP established hash table entries: 16384 (order: 5, 131072 bytes, linear)
[    1.783200][    T1] TCP bind hash table entries: 16384 (order: 9, 2359296 bytes, linear)
[    1.786354][    T1] TCP: Hash tables configured (established 16384 bind 16384)
[    1.788081][    T1] MPTCP token hash table entries: 2048 (order: 5, 180224 bytes, linear)
[    1.789492][    T1] UDP hash table entries: 1024 (order: 5, 163840 bytes, linear)
[    1.790736][    T1] UDP-Lite hash table entries: 1024 (order: 5, 163840 bytes, linear)
[    1.792643][    T1] NET: Registered PF_UNIX/PF_LOCAL protocol family
[    1.815497][    T1] RPC: Registered named UNIX socket transport module.
[    1.816351][    T1] RPC: Registered udp transport module.
[    1.817020][    T1] RPC: Registered tcp transport module.
[    1.817688][    T1] RPC: Registered tcp-with-tls transport module.
[    1.818459][    T1] RPC: Registered tcp NFSv4.1 backchannel transport module.
[    1.833171][    T1] NET: Registered PF_XDP protocol family
[    1.833897][    T1] pci_bus 0000:00: resource 4 [io  0x0000-0x0cf7 window]
[    1.834797][    T1] pci_bus 0000:00: resource 5 [io  0x0d00-0xffff window]
[    1.835657][    T1] pci_bus 0000:00: resource 6 [mem 0x000a0000-0x000bffff window]
[    1.836614][    T1] pci_bus 0000:00: resource 7 [mem 0x80000000-0xfebfffff window]
[    1.837554][    T1] pci_bus 0000:00: resource 8 [mem 0x100000000-0x17fffffff window]
[    1.839509][    T1] pci 0000:00:01.0: PIIX3: Enabling Passive Release
[    1.840335][    T1] pci 0000:00:00.0: Limiting direct PCI/PCI transfers
[    1.841388][    T1] PCI: CLS 0 bytes, default 64
[    1.842268][    T1] ACPI: bus type thunderbolt registered
[    1.844291][    T1] kvm_intel: VMX not supported by CPU 0
[    1.845321][    T1] kvm_amd: Nested Virtualization enabled
[    1.846032][    T1] kvm_amd: Nested Paging enabled
[    1.848903][   T12] Trying to unpack rootfs image as initramfs...
[    1.875317][    T1] clocksource: tsc: mask: 0xffffffffffffffff max_cycles: 0x325b186289d, max_idle_ns: 440795326624 ns
[    1.894343][    T1] AES CTR mode by8 optimization enabled
[    2.162436][   T12] Freeing initrd memory: 1352K
[    2.163761][   T77] kworker/u8:4 (77) used greatest stack depth: 28624 bytes left
[    2.164761][   T71] kworker/u8:4 (71) used greatest stack depth: 28432 bytes left
[    2.166094][   T78] kworker/u8:4 (78) used greatest stack depth: 27488 bytes left
[   12.573114][    T1] Initialise system trusted keyrings
[   12.574474][    T1] workingset: timestamp_bits=40 max_order=19 bucket_order=0
[   12.579996][    T1] DLM installed
[   12.583027][    T1] squashfs: version 4.0 (2009/01/31) Phillip Lougher
[   12.597851][    T1] NFS: Registering the id_resolver key type
[   12.598665][    T1] Key type id_resolver registered
[   12.599297][    T1] Key type id_legacy registered
[   12.599980][    T1] nfs4filelayout_init: NFSv4 File Layout Driver Registering...
[   12.600944][    T1] nfs4flexfilelayout_init: NFSv4 Flexfile Layout Driver Registering...
[   12.622751][    T1] Key type cifs.spnego registered
[   12.623517][    T1] Key type cifs.idmap registered
[   12.624768][    T1] ntfs3: Enabled Linux POSIX ACLs support
[   12.625461][    T1] ntfs3: Read-only LZX/Xpress compression included
[   12.626380][    T1] efs: 1.0a - http://aeschi.ch.eu.org/efs/
[   12.627114][    T1] jffs2: version 2.2. (NAND) (SUMMARY)  © 2001-2006 Red Hat, Inc.
[   12.628891][    T1] romfs: ROMFS MTD (C) 2007 Red Hat, Inc.
[   12.629687][    T1] QNX4 filesystem 0.2.3 registered.
[   12.630369][    T1] qnx6: QNX6 filesystem 1.0.0 registered.
[   12.631562][    T1] fuse: init (API version 7.41)
[   12.634089][    T1] orangefs_debugfs_init: called with debug mask: :none: :0:
[   12.635754][    T1] orangefs_init: module version upstream loaded
[   12.636960][    T1] JFS: nTxBlock = 8192, nTxLock = 65536
[   12.651092][    T1] SGI XFS with ACLs, security attributes, realtime, quota, no debug enabled
[   12.658470][    T1] 9p: Installing v9fs 9p2000 file system support
[   12.660550][    T1] NILFS version 2 loaded
[   12.661548][    T1] befs: version: 0.9.3
[   12.663370][    T1] ocfs2: Registered cluster interface o2cb
[   12.665605][    T1] ocfs2: Registered cluster interface user
[   12.667663][    T1] OCFS2 User DLM kernel interface loaded
[   12.685770][    T1] gfs2: GFS2 installed
[   12.693570][    T1] ceph: loaded (mds proto 32)
[   12.736376][    T1] NET: Registered PF_ALG protocol family
[   12.737208][    T1] xor: automatically using best checksumming function   avx       
[   12.738183][    T1] async_tx: api initialized (async)
[   12.738820][    T1] Key type asymmetric registered
[   12.739446][    T1] Asymmetric key parser 'x509' registered
[   12.740156][    T1] Asymmetric key parser 'pkcs8' registered
[   12.740859][    T1] Key type pkcs7_test registered
[   12.741775][    T1] Block layer SCSI generic (bsg) driver version 0.4 loaded (major 238)
[   12.743839][    T1] io scheduler mq-deadline registered
[   12.745159][    T1] io scheduler kyber registered
[   12.746623][    T1] io scheduler bfq registered
[   12.756666][    T1] input: Power Button as /devices/LNXSYSTM:00/LNXPWRBN:00/input/input0
[   12.766344][    T1] ACPI: button: Power Button [PWRF]
[   12.785910][    T1] ioatdma: Intel(R) QuickData Technology Driver 5.00
[   12.951357][  T447] kworker/u8:2 (447) used greatest stack depth: 27248 bytes left
[   13.071706][    T1] N_HDLC line discipline registered with maxframe=4096
[   13.072653][    T1] Serial: 8250/16550 driver, 4 ports, IRQ sharing enabled
[   13.075742][    T1] 00:04: ttyS0 at I/O 0x3f8 (irq = 4, base_baud = 115200) is a 16550A
[   13.097246][    T1] Non-volatile memory driver v1.3
[   13.097990][    T1] Linux agpgart interface v0.103
[   13.101542][    T1] usbcore: registered new interface driver xillyusb
[   13.105901][    T1] ACPI: bus type drm_connector registered
[   13.111408][    T1] [drm] Initialized vgem 1.0.0 for vgem on minor 0
[   13.120411][    T1] [drm] Initialized vkms 1.0.0 for vkms on minor 1
[   13.195370][    T1] Console: switching to colour frame buffer device 128x48
[   13.212279][    T1] platform vkms: [drm] fb0: vkmsdrmfb frame buffer device
[   13.213369][    T1] usbcore: registered new interface driver udl
[   13.215208][    T1] bochs-drm 0000:00:02.0: vgaarb: deactivate vga console
[   13.220170][    T1] [drm] Found bochs VGA, ID 0xb0c5.
[   13.220821][    T1] [drm] Framebuffer size 16384 kB @ 0xfd000000, mmio @ 0xfebf0000.
[   13.224383][    T1] [drm] Found EDID data blob.
[   13.227429][    T1] [drm] Initialized bochs-drm 1.0.0 for 0000:00:02.0 on minor 2
[   13.237659][    T1] fbcon: bochs-drmdrmfb (fb1) is primary device
[   13.237686][    T1] fbcon: Remapping primary device, fb1, to tty 1-63
[   24.069776][    T1] bochs-drm 0000:00:02.0: [drm] fb1: bochs-drmdrmfb frame buffer device
[   24.071465][    T1] usbcore: registered new interface driver gm12u320
[   24.075448][    T1] usbcore: registered new interface driver gud
[   24.165057][    T1] brd: module loaded
[   24.236060][    T1] loop: module loaded
[   24.336988][    T1] zram: Added device: zram0
[   24.345645][    T1] null_blk: disk nullb0 created
[   24.346273][    T1] null_blk: module loaded
[   24.347761][    T1] Guest personality initialized and is inactive
[   24.349036][    T1] VMCI host device registered (name=vmci, major=10, minor=118)
[   24.349957][    T1] Initialized host personality
[   24.350683][    T1] usbcore: registered new interface driver rtsx_usb
[   24.352534][    T1] usbcore: registered new interface driver viperboard
[   24.353614][    T1] usbcore: registered new interface driver dln2
[   24.354753][    T1] usbcore: registered new interface driver pn533_usb
[   24.359185][    T1] nfcsim 0.2 initialized
[   24.359858][    T1] usbcore: registered new interface driver port100
[   24.360781][    T1] usbcore: registered new interface driver nfcmrvl
[   24.365318][    T1] Loading iSCSI transport class v2.0-870.
[   24.383811][    T1] st: Version 20160209, fixed bufsize 32768, s/g segs 256
[   24.461274][    T1] scsi host0: ata_piix
[   24.467453][    T1] scsi host1: ata_piix
[   24.470149][    T1] ata1: PATA max MWDMA2 cmd 0x1f0 ctl 0x3f6 bmdma 0xc000 irq 14 lpm-pol 0
[   24.472399][    T1] ata2: PATA max MWDMA2 cmd 0x170 ctl 0x376 bmdma 0xc008 irq 15 lpm-pol 0
[   24.490030][    T1] Rounding down aligned max_sectors from 4294967295 to 4294967288
[   24.493764][    T1] db_root: cannot open: /etc/target
[   24.496486][    T1] slram: not enough parameters.
[   24.503004][    T1] ftl_cs: FTL header not found.
[   24.557747][    T1] wireguard: WireGuard 1.0.0 loaded. See www.wireguard.com for information.
[   24.558797][    T1] wireguard: Copyright (C) 2015-2019 Jason A. Donenfeld <Jason@zx2c4.com>. All Rights Reserved.
[   24.560026][    T1] eql: Equalizer2002: Simon Janes (simon@ncm.com) and David S. Miller (davem@redhat.com)
[   24.567361][    T1] MACsec IEEE 802.1AE
[   24.590297][    T1] usbcore: registered new interface driver mvusb_mdio
[   24.591293][    T1] tun: Universal TUN/TAP device driver, 1.6
[   24.596260][    T1] vcan: Virtual CAN interface driver
[   24.596904][    T1] vxcan: Virtual CAN Tunnel driver
[   24.597516][    T1] slcan: serial line CAN interface driver
[   24.598205][    T1] CAN device driver interface
[   24.599066][    T1] usbcore: registered new interface driver usb_8dev
[   24.600147][    T1] usbcore: registered new interface driver ems_usb
[   24.601301][    T1] usbcore: registered new interface driver esd_usb
[   24.603787][    T1] usbcore: registered new interface driver etas_es58x
[   24.604956][    T1] usbcore: registered new interface driver f81604
[   24.606110][    T1] usbcore: registered new interface driver gs_usb
[   24.607243][    T1] usbcore: registered new interface driver kvaser_usb
[   24.608424][    T1] usbcore: registered new interface driver mcba_usb
[   24.609597][    T1] usbcore: registered new interface driver peak_usb
[   24.610744][    T1] usbcore: registered new interface driver ucan
[   24.612289][    T1] e100: Intel(R) PRO/100 Network Driver
[   24.612966][    T1] e100: Copyright(c) 1999-2006 Intel Corporation
[   24.614125][    T1] e1000: Intel(R) PRO/1000 Network Driver
[   24.614820][    T1] e1000: Copyright (c) 1999-2006 Intel Corporation.
[   24.616025][    T1] e1000e: Intel(R) PRO/1000 Network Driver
[   24.616721][    T1] e1000e: Copyright(c) 1999 - 2015 Intel Corporation.
[   24.618914][    T1] mkiss: AX.25 Multikiss, Hans Albas PE1AYX
[   24.619648][    T1] AX.25: bpqether driver version 004
[   24.620291][    T1] PPP generic driver version 2.4.2
[   24.622183][    T1] PPP BSD Compression module registered
[   24.622872][    T1] PPP Deflate Compression module registered
[   24.623616][    T1] PPP MPPE Compression module registered
[   24.624296][    T1] NET: Registered PF_PPPOX protocol family
[   24.625045][    T1] PPTP driver version 0.8.5
[   24.625983][    T1] SLIP: version 0.8.4-NET3.019-NEWTTY (dynamic channels, max=256) (6 bit encapsulation enabled).
[   24.627225][    T1] CSLIP: code copyright 1989 Regents of the University of California.
[   24.628192][    T1] SLIP linefill/keepalive option.
[   24.628798][    T1] hdlc: HDLC support module revision 1.22
[   24.629509][    T1] LAPB Ethernet driver version 0.02
[   24.631272][    T1] usbcore: registered new interface driver ath9k_htc
[   24.632962][ T1002] ata2: found unknown device (class 0)
[   24.634693][ T1002] ata2.00: ATAPI: QEMU DVD-ROM, 2.5+, max UDMA/100
[   24.635044][    T1] usbcore: registered new interface driver carl9170
[   24.636555][    T1] usbcore: registered new interface driver ath6kl_usb
[   24.637650][    T1] usbcore: registered new interface driver ar5523
[   24.638823][    T1] usbcore: registered new interface driver ath10k_usb
[   24.639956][    T1] usbcore: registered new interface driver plfxlc
[   24.641077][    T1] mac80211_hwsim: initializing netlink
[   24.642405][   T11] scsi 1:0:0:0: CD-ROM            QEMU     QEMU DVD-ROM     2.5+ PQ: 0 ANSI: 5
[   24.670430][    T1] usbcore: registered new interface driver atusb
[   24.694174][    T1] mac802154_hwsim mac802154_hwsim: Added 2 mac802154 hwsim hardware radios
[   24.696909][    T1] VMware vmxnet3 virtual NIC driver - version 1.9.0.0-k-NAPI
[   24.698967][    T1] usbcore: registered new interface driver catc
[   24.700280][    T1] usbcore: registered new interface driver kaweth
[   24.701123][    T1] pegasus: Pegasus/Pegasus II USB Ethernet driver
[   24.703002][    T1] usbcore: registered new interface driver pegasus
[   24.704128][    T1] usbcore: registered new interface driver rtl8150
[   24.705320][    T1] usbcore: registered new device driver r8152-cfgselector
[   24.706632][    T1] usbcore: registered new interface driver r8152
[   24.707873][    T1] usbcore: registered new interface driver hso
[   24.709018][    T1] usbcore: registered new interface driver lan78xx
[   24.710243][    T1] usbcore: registered new interface driver asix
[   24.711403][    T1] usbcore: registered new interface driver ax88179_178a
[   24.712724][    T1] usbcore: registered new interface driver cdc_ether
[   24.713687][   T11] sr 1:0:0:0: [sr0] scsi3-mmc drive: 4x/4x cd/rw xa/form2 tray
[   24.714040][    T1] usbcore: registered new interface driver cdc_eem
[   24.714968][   T11] cdrom: Uniform CD-ROM driver Revision: 3.20
[   24.715805][    T1] usbcore: registered new interface driver dm9601
[   24.717425][    T1] usbcore: registered new interface driver sr9700
[   24.718682][    T1] usbcore: registered new interface driver CoreChips
[   24.719902][    T1] usbcore: registered new interface driver smsc75xx
[   24.721098][    T1] usbcore: registered new interface driver smsc95xx
[   24.722396][    T1] usbcore: registered new interface driver gl620a
[   24.723601][    T1] usbcore: registered new interface driver net1080
[   24.724784][    T1] usbcore: registered new interface driver plusb
[   24.726074][    T1] usbcore: registered new interface driver rndis_host
[   24.727284][    T1] usbcore: registered new interface driver cdc_subset
[   24.728480][    T1] usbcore: registered new interface driver zaurus
[   24.729643][    T1] usbcore: registered new interface driver MOSCHIP usb-ethernet driver
[   24.731020][    T1] usbcore: registered new interface driver int51x1
[   24.732820][    T1] usbcore: registered new interface driver cdc_phonet
[   24.734027][    T1] usbcore: registered new interface driver kalmia
[   24.735173][    T1] usbcore: registered new interface driver ipheth
[   24.736311][    T1] usbcore: registered new interface driver sierra_net
[   24.737522][    T1] usbcore: registered new interface driver cx82310_eth
[   24.738810][    T1] usbcore: registered new interface driver cdc_ncm
[   24.740005][    T1] usbcore: registered new interface driver huawei_cdc_ncm
[   24.741295][    T1] usbcore: registered new interface driver lg-vl600
[   24.742534][    T1] usbcore: registered new interface driver qmi_wwan
[   24.743725][    T1] usbcore: registered new interface driver cdc_mbim
[   24.744894][    T1] usbcore: registered new interface driver ch9200
[   24.746075][    T1] usbcore: registered new interface driver aqc111
[   24.747234][    T1] usbcore: registered new interface driver r8153_ecm
[   24.763926][    T1] VFIO - User Level meta-driver version: 0.3
[   24.764562][   T11] sr 1:0:0:0: Attached scsi generic sg0 type 5
[   24.770741][    T1] aoe: AoE v85 initialised.
[   24.781716][    T1] SPI driver max3421-hcd has no spi_device_id for maxim,max3421
[   24.783151][    T1] usbcore: registered new interface driver cdc_acm
[   24.785235][    T1] cdc_acm: USB Abstract Control Model driver for USB modems and ISDN adapters
[   24.786493][    T1] usbcore: registered new interface driver usblp
[   24.787419][    T1] usbcore: registered new interface driver cdc_wdm
[   24.788388][    T1] usbcore: registered new interface driver usbtmc
[   24.789689][    T1] usbcore: registered new interface driver uas
[   24.790630][    T1] usbcore: registered new interface driver usb-storage
[   24.791650][    T1] usbcore: registered new interface driver ums-alauda
[   24.792618][    T1] usbcore: registered new interface driver ums-cypress
[   24.794381][    T1] usbcore: registered new interface driver ums-datafab
[   24.795365][    T1] usbcore: registered new interface driver ums_eneub6250
[   24.796381][    T1] usbcore: registered new interface driver ums-freecom
[   24.797375][    T1] usbcore: registered new interface driver ums-isd200
[   24.798372][    T1] usbcore: registered new interface driver ums-jumpshot
[   24.799378][    T1] usbcore: registered new interface driver ums-karma
[   24.800351][    T1] usbcore: registered new interface driver ums-onetouch
[   24.801343][    T1] usbcore: registered new interface driver ums-realtek
[   24.802506][    T1] usbcore: registered new interface driver ums-sddr09
[   24.803477][    T1] usbcore: registered new interface driver ums-sddr55
[   24.804467][    T1] usbcore: registered new interface driver ums-usbat
[   24.805507][    T1] usbcore: registered new interface driver mdc800
[   24.806326][    T1] mdc800: v0.7.5 (30/10/2000):USB Driver for Mustek MDC800 Digital Camera
[   24.807529][    T1] usbcore: registered new interface driver microtekX6
[   24.808783][    T1] usbcore: registered new interface driver usbserial_generic
[   24.810003][    T1] usbserial: USB Serial support registered for generic
[   24.811137][    T1] usbcore: registered new interface driver aircable
[   24.813699][    T1] usbserial: USB Serial support registered for aircable
[   24.814749][    T1] usbcore: registered new interface driver ark3116
[   24.815688][    T1] usbserial: USB Serial support registered for ark3116
[   24.816675][    T1] usbcore: registered new interface driver belkin_sa
[   24.817626][    T1] usbserial: USB Serial support registered for Belkin / Peracom / GoHubs USB Serial Adapter
[   24.819873][    T1] usbcore: registered new interface driver ch341
[   24.820810][    T1] usbserial: USB Serial support registered for ch341-uart
[   24.822534][    T1] usbcore: registered new interface driver cp210x
[   24.823455][    T1] usbserial: USB Serial support registered for cp210x
[   24.824455][    T1] usbcore: registered new interface driver cyberjack
[   24.825413][    T1] usbserial: USB Serial support registered for Reiner SCT Cyberjack USB card reader
[   24.826733][    T1] usbcore: registered new interface driver cypress_m8
[   24.827695][    T1] usbserial: USB Serial support registered for DeLorme Earthmate USB
[   24.828831][    T1] usbserial: USB Serial support registered for HID->COM RS232 Adapter
[   24.829980][    T1] usbserial: USB Serial support registered for Nokia CA-42 V2 Adapter
[   24.831131][    T1] usbcore: registered new interface driver usb_debug
[   24.832669][    T1] usbserial: USB Serial support registered for debug
[   24.834558][    T1] usbserial: USB Serial support registered for xhci_dbc
[   24.835694][    T1] usbcore: registered new interface driver digi_acceleport
[   24.836854][    T1] usbserial: USB Serial support registered for Digi 2 port USB adapter
[   24.838116][    T1] usbserial: USB Serial support registered for Digi 4 port USB adapter
[   24.839484][    T1] usbcore: registered new interface driver io_edgeport
[   24.840626][    T1] usbserial: USB Serial support registered for Edgeport 2 port adapter
[   24.842073][    T1] usbserial: USB Serial support registered for Edgeport 4 port adapter
[   24.843361][    T1] usbserial: USB Serial support registered for Edgeport 8 port adapter
[   24.844674][    T1] usbserial: USB Serial support registered for EPiC device
[   24.845892][    T1] usbcore: registered new interface driver io_ti
[   24.846862][    T1] usbserial: USB Serial support registered for Edgeport TI 1 port adapter
[   24.848226][    T1] usbserial: USB Serial support registered for Edgeport TI 2 port adapter
[   24.849581][    T1] usbcore: registered new interface driver empeg
[   24.850635][    T1] usbserial: USB Serial support registered for empeg
[   24.851866][    T1] usbcore: registered new interface driver f81534a_ctrl
[   24.853059][    T1] usbcore: registered new interface driver f81232
[   24.854167][    T1] usbserial: USB Serial support registered for f81232
[   24.855321][    T1] usbserial: USB Serial support registered for f81534a
[   24.856496][    T1] usbcore: registered new interface driver f81534
[   24.857569][    T1] usbserial: USB Serial support registered for Fintek F81532/F81534
[   24.858886][    T1] usbcore: registered new interface driver ftdi_sio
[   24.859985][    T1] usbserial: USB Serial support registered for FTDI USB Serial Device
[   24.861339][    T1] usbcore: registered new interface driver garmin_gps
[   24.862594][    T1] usbserial: USB Serial support registered for Garmin GPS usb/tty
[   24.863899][    T1] usbcore: registered new interface driver ipaq
[   24.864880][    T1] usbserial: USB Serial support registered for PocketPC PDA
[   24.866105][    T1] usbcore: registered new interface driver ipw
[   24.867133][    T1] usbserial: USB Serial support registered for IPWireless converter
[   24.868481][    T1] usbcore: registered new interface driver ir_usb
[   24.869536][    T1] usbserial: USB Serial support registered for IR Dongle
[   24.870723][    T1] usbcore: registered new interface driver iuu_phoenix
[   24.871897][    T1] usbserial: USB Serial support registered for iuu_phoenix
[   24.873116][    T1] usbcore: registered new interface driver keyspan
[   24.874223][    T1] usbserial: USB Serial support registered for Keyspan - (without firmware)
[   24.875635][    T1] usbserial: USB Serial support registered for Keyspan 1 port adapter
[   24.876929][    T1] usbserial: USB Serial support registered for Keyspan 2 port adapter
[   24.878273][    T1] usbserial: USB Serial support registered for Keyspan 4 port adapter
[   24.879631][    T1] usbcore: registered new interface driver keyspan_pda
[   24.880784][    T1] usbserial: USB Serial support registered for Keyspan PDA
[   24.881980][    T1] usbserial: USB Serial support registered for Keyspan PDA - (prerenumeration)
[   24.883444][    T1] usbcore: registered new interface driver kl5kusb105
[   24.884535][    T1] usbserial: USB Serial support registered for KL5KUSB105D / PalmConnect
[   24.885918][    T1] usbcore: registered new interface driver kobil_sct
[   24.887036][    T1] usbserial: USB Serial support registered for KOBIL USB smart card terminal
[   24.888474][    T1] usbcore: registered new interface driver mct_u232
[   24.889571][    T1] usbserial: USB Serial support registered for MCT U232
[   24.890757][    T1] usbcore: registered new interface driver metro_usb
[   24.891907][    T1] usbserial: USB Serial support registered for Metrologic USB to Serial
[   24.893296][    T1] usbcore: registered new interface driver mos7720
[   24.894385][    T1] usbserial: USB Serial support registered for Moschip 2 port adapter
[   24.895736][    T1] usbcore: registered new interface driver mos7840
[   24.896847][    T1] usbserial: USB Serial support registered for Moschip 7840/7820 USB Serial Driver
[   24.898360][    T1] usbcore: registered new interface driver mxuport
[   24.899440][    T1] usbserial: USB Serial support registered for MOXA UPort
[   24.900546][    T1] usbcore: registered new interface driver navman
[   24.901658][    T1] usbserial: USB Serial support registered for navman
[   24.902829][    T1] usbcore: registered new interface driver omninet
[   24.903907][    T1] usbserial: USB Serial support registered for ZyXEL - omni.net usb
[   24.905191][    T1] usbcore: registered new interface driver opticon
[   24.906306][    T1] usbserial: USB Serial support registered for opticon
[   24.907942][    T1] usbcore: registered new interface driver option
[   24.909023][    T1] usbserial: USB Serial support registered for GSM modem (1-port)
[   24.910309][    T1] usbcore: registered new interface driver oti6858
[   24.911403][    T1] usbserial: USB Serial support registered for oti6858
[   24.912594][    T1] usbcore: registered new interface driver pl2303
[   24.913665][    T1] usbserial: USB Serial support registered for pl2303
[   24.914811][    T1] usbcore: registered new interface driver qcaux
[   24.915870][    T1] usbserial: USB Serial support registered for qcaux
[   24.917014][    T1] usbcore: registered new interface driver qcserial
[   24.918123][    T1] usbserial: USB Serial support registered for Qualcomm USB modem
[   24.919411][    T1] usbcore: registered new interface driver quatech2
[   24.920505][    T1] usbserial: USB Serial support registered for Quatech 2nd gen USB to Serial Driver
[   24.922037][    T1] usbcore: registered new interface driver safe_serial
[   24.923180][    T1] usbserial: USB Serial support registered for safe_serial
[   24.924386][    T1] usbcore: registered new interface driver sierra
[   24.925461][    T1] usbserial: USB Serial support registered for Sierra USB modem
[   24.926832][    T1] usbcore: registered new interface driver usb_serial_simple
[   24.928052][    T1] usbserial: USB Serial support registered for carelink
[   24.929194][    T1] usbserial: USB Serial support registered for flashloader
[   24.930394][    T1] usbserial: USB Serial support registered for funsoft
[   24.931530][    T1] usbserial: USB Serial support registered for google
[   24.932689][    T1] usbserial: USB Serial support registered for hp4x
[   24.933807][    T1] usbserial: USB Serial support registered for kaufmann
[   24.934977][    T1] usbserial: USB Serial support registered for libtransistor
[   24.936210][    T1] usbserial: USB Serial support registered for moto_modem
[   24.937403][    T1] usbserial: USB Serial support registered for motorola_tetra
[   24.938673][    T1] usbserial: USB Serial support registered for nokia
[   24.939809][    T1] usbserial: USB Serial support registered for novatel_gps
[   24.940989][    T1] usbserial: USB Serial support registered for siemens_mpi
[   24.942286][    T1] usbserial: USB Serial support registered for suunto
[   24.943444][    T1] usbserial: USB Serial support registered for vivopay
[   24.944597][    T1] usbserial: USB Serial support registered for zio
[   24.945807][    T1] usbcore: registered new interface driver spcp8x5
[   24.946936][    T1] usbserial: USB Serial support registered for SPCP8x5
[   24.948131][    T1] usbcore: registered new interface driver ssu100
[   24.949239][    T1] usbserial: USB Serial support registered for Quatech SSU-100 USB to Serial Driver
[   24.950794][    T1] usbcore: registered new interface driver symbolserial
[   24.952002][    T1] usbserial: USB Serial support registered for symbol
[   24.953173][    T1] usbcore: registered new interface driver ti_usb_3410_5052
[   24.954427][    T1] usbserial: USB Serial support registered for TI USB 3410 1 port adapter
[   24.955736][    T1] usbserial: USB Serial support registered for TI USB 5052 2 port adapter
[   24.957163][    T1] usbcore: registered new interface driver upd78f0730
[   24.958311][    T1] usbserial: USB Serial support registered for upd78f0730
[   24.959533][    T1] usbcore: registered new interface driver visor
[   24.960688][    T1] usbserial: USB Serial support registered for Handspring Visor / Palm OS
[   24.962182][    T1] usbserial: USB Serial support registered for Sony Clie 5.0
[   24.963448][    T1] usbserial: USB Serial support registered for Sony Clie 3.5
[   24.964723][    T1] usbcore: registered new interface driver wishbone_serial
[   24.966090][    T1] usbserial: USB Serial support registered for wishbone_serial
[   24.967285][    T1] usbcore: registered new interface driver whiteheat
[   24.968395][    T1] usbserial: USB Serial support registered for Connect Tech - WhiteHEAT - (prerenumeration)
[   24.969993][    T1] usbserial: USB Serial support registered for Connect Tech - WhiteHEAT
[   24.971407][    T1] usbcore: registered new interface driver xr_serial
[   24.972669][    T1] usbserial: USB Serial support registered for xr_serial
[   24.974048][    T1] usbcore: registered new interface driver xsens_mt
[   24.975039][    T1] usbserial: USB Serial support registered for xsens_mt
[   24.976071][    T1] usbcore: registered new interface driver adutux
[   24.977189][    T1] usbcore: registered new interface driver appledisplay
[   24.978354][    T1] usbcore: registered new interface driver cypress_cy7c63
[   24.979484][    T1] usbcore: registered new interface driver cytherm
[   24.980541][    T1] usbcore: registered new interface driver emi26 - firmware loader
[   24.981869][    T1] usbcore: registered new interface driver emi62 - firmware loader
[   24.983006][    T1] usbcore: registered new device driver apple-mfi-fastcharge
[   24.984325][    T1] usbcore: registered new interface driver ljca
[   24.985270][    T1] usbcore: registered new interface driver idmouse
[   24.986249][    T1] usbcore: registered new interface driver iowarrior
[   24.987635][    T1] usbcore: registered new interface driver isight_firmware
[   24.988687][    T1] usbcore: registered new interface driver usblcd
[   24.989642][    T1] usbcore: registered new interface driver ldusb
[   24.990619][    T1] usbcore: registered new interface driver legousbtower
[   24.991906][    T1] usbcore: registered new interface driver usbtest
[   24.993135][    T1] usbcore: registered new interface driver usb_ehset_test
[   24.994472][    T1] usbcore: registered new interface driver trancevibrator
[   24.995559][    T1] usbcore: registered new interface driver uss720
[   24.996361][    T1] uss720: USB Parport Cable driver for Cables using the Lucent Technologies USS720 Chip
[   24.997559][    T1] uss720: NOTE: this is a special purpose driver to allow nonstandard
[   24.998564][    T1] uss720: protocols (eg. bitbang) over USS720 usb to parallel cables
[   24.999681][    T1] uss720: If you just want to connect to a printer, use usblp instead
[   25.000985][    T1] usbcore: registered new interface driver usbsevseg
[   25.002018][    T1] usbcore: registered new interface driver yurex
[   25.004082][    T1] usbcore: registered new interface driver chaoskey
[   25.005066][    T1] usbcore: registered new interface driver sisusb
[   25.006027][    T1] usbcore: registered new interface driver lvs
[   25.006983][    T1] usbcore: registered new interface driver cxacru
[   25.007944][    T1] usbcore: registered new interface driver speedtch
[   25.008912][    T1] usbcore: registered new interface driver ueagle-atm
[   25.009753][    T1] xusbatm: malformed module parameters
[   25.013114][    T1] dummy_hcd dummy_hcd.0: USB Host+Gadget Emulator, driver 02 May 2005
[   25.014187][    T1] dummy_hcd dummy_hcd.0: Dummy host controller
[   25.016371][    T1] dummy_hcd dummy_hcd.0: new USB bus registered, assigned bus number 1
[   25.018811][    T1] usb usb1: New USB device found, idVendor=1d6b, idProduct=0002, bcdDevice= 6.12
[   25.019996][    T1] usb usb1: New USB device strings: Mfr=3, Product=2, SerialNumber=1
[   25.021013][    T1] usb usb1: Product: Dummy host controller
[   25.021776][    T1] usb usb1: Manufacturer: Linux 6.12.0-g8dffdb3b6ca0-dirty dummy_hcd
[   25.022799][    T1] usb usb1: SerialNumber: dummy_hcd.0
[   25.028136][    T1] hub 1-0:1.0: USB hub found
[   25.029200][    T1] hub 1-0:1.0: 1 port detected
[   25.041762][    T1] SPI driver max3420-udc has no spi_device_id for maxim,max3421-udc
[   25.044360][    T1] gadgetfs: USB Gadget filesystem, version 24 Aug 2004
[   25.056880][    T1] vhci_hcd vhci_hcd.0: USB/IP Virtual Host Controller
[   25.058553][    T1] vhci_hcd vhci_hcd.0: new USB bus registered, assigned bus number 2
[   25.060118][    T1] vhci_hcd: created sysfs vhci_hcd.0
[   25.062340][    T1] usb usb2: New USB device found, idVendor=1d6b, idProduct=0002, bcdDevice= 6.12
[   25.063495][    T1] usb usb2: New USB device strings: Mfr=3, Product=2, SerialNumber=1
[   25.064479][    T1] usb usb2: Product: USB/IP Virtual Host Controller
[   25.065283][    T1] usb usb2: Manufacturer: Linux 6.12.0-g8dffdb3b6ca0-dirty vhci_hcd
[   25.066256][    T1] usb usb2: SerialNumber: vhci_hcd.0
[   25.070240][    T1] hub 2-0:1.0: USB hub found
[   25.071101][    T1] hub 2-0:1.0: 8 ports detected
[   25.080608][    T1] vhci_hcd vhci_hcd.0: USB/IP Virtual Host Controller
[   25.083231][    T1] vhci_hcd vhci_hcd.0: new USB bus registered, assigned bus number 3
[   25.084718][    T1] usb usb3: We don't know the algorithms for LPM for this host, disabling LPM.
[   25.086631][    T1] usb usb3: New USB device found, idVendor=1d6b, idProduct=0003, bcdDevice= 6.12
[   25.087744][    T1] usb usb3: New USB device strings: Mfr=3, Product=2, SerialNumber=1
[   25.088722][    T1] usb usb3: Product: USB/IP Virtual Host Controller
[   25.089524][    T1] usb usb3: Manufacturer: Linux 6.12.0-g8dffdb3b6ca0-dirty vhci_hcd
[   25.090493][    T1] usb usb3: SerialNumber: vhci_hcd.0
[   25.094247][    T1] hub 3-0:1.0: USB hub found
[   25.095017][    T1] hub 3-0:1.0: 8 ports detected
[   25.106389][    T1] vhci_hcd vhci_hcd.1: USB/IP Virtual Host Controller
[   25.108170][    T1] vhci_hcd vhci_hcd.1: new USB bus registered, assigned bus number 4
[   25.110055][    T1] usb usb4: New USB device found, idVendor=1d6b, idProduct=0002, bcdDevice= 6.12
[   25.111184][    T1] usb usb4: New USB device strings: Mfr=3, Product=2, SerialNumber=1
[   25.112259][    T1] usb usb4: Product: USB/IP Virtual Host Controller
[   25.113076][    T1] usb usb4: Manufacturer: Linux 6.12.0-g8dffdb3b6ca0-dirty vhci_hcd
[   25.114162][    T1] usb usb4: SerialNumber: vhci_hcd.1
[   25.117904][    T1] hub 4-0:1.0: USB hub found
[   25.118682][    T1] hub 4-0:1.0: 8 ports detected
[   25.126799][    T1] vhci_hcd vhci_hcd.1: USB/IP Virtual Host Controller
[   25.129127][    T1] vhci_hcd vhci_hcd.1: new USB bus registered, assigned bus number 5
[   25.130476][    T1] usb usb5: We don't know the algorithms for LPM for this host, disabling LPM.
[   25.132321][    T1] usb usb5: New USB device found, idVendor=1d6b, idProduct=0003, bcdDevice= 6.12
[   25.133450][    T1] usb usb5: New USB device strings: Mfr=3, Product=2, SerialNumber=1
[   25.134457][    T1] usb usb5: Product: USB/IP Virtual Host Controller
[   25.135270][    T1] usb usb5: Manufacturer: Linux 6.12.0-g8dffdb3b6ca0-dirty vhci_hcd
[   25.136382][    T1] usb usb5: SerialNumber: vhci_hcd.1
[   25.140257][    T1] hub 5-0:1.0: USB hub found
[   25.141100][    T1] hub 5-0:1.0: 8 ports detected
[   25.152311][    T1] vhci_hcd vhci_hcd.2: USB/IP Virtual Host Controller
[   25.154126][    T1] vhci_hcd vhci_hcd.2: new USB bus registered, assigned bus number 6
[   25.156077][    T1] usb usb6: New USB device found, idVendor=1d6b, idProduct=0002, bcdDevice= 6.12
[   25.157205][    T1] usb usb6: New USB device strings: Mfr=3, Product=2, SerialNumber=1
[   25.158198][    T1] usb usb6: Product: USB/IP Virtual Host Controller
[   25.159011][    T1] usb usb6: Manufacturer: Linux 6.12.0-g8dffdb3b6ca0-dirty vhci_hcd
[   25.160127][    T1] usb usb6: SerialNumber: vhci_hcd.2
[   25.164346][    T1] hub 6-0:1.0: USB hub found
[   25.165237][    T1] hub 6-0:1.0: 8 ports detected
[   25.173374][    T1] vhci_hcd vhci_hcd.2: USB/IP Virtual Host Controller
[   25.175656][    T1] vhci_hcd vhci_hcd.2: new USB bus registered, assigned bus number 7
[   25.176995][    T1] usb usb7: We don't know the algorithms for LPM for this host, disabling LPM.
[   25.178852][    T1] usb usb7: New USB device found, idVendor=1d6b, idProduct=0003, bcdDevice= 6.12
[   25.180089][    T1] usb usb7: New USB device strings: Mfr=3, Product=2, SerialNumber=1
[   25.181212][    T1] usb usb7: Product: USB/IP Virtual Host Controller
[   25.182185][    T1] usb usb7: Manufacturer: Linux 6.12.0-g8dffdb3b6ca0-dirty vhci_hcd
[   25.183303][    T1] usb usb7: SerialNumber: vhci_hcd.2
[   25.187378][    T1] hub 7-0:1.0: USB hub found
[   25.188923][    T1] hub 7-0:1.0: 8 ports detected
[   25.199223][    T1] vhci_hcd vhci_hcd.3: USB/IP Virtual Host Controller
[   25.200963][    T1] vhci_hcd vhci_hcd.3: new USB bus registered, assigned bus number 8
[   25.203060][    T1] usb usb8: New USB device found, idVendor=1d6b, idProduct=0002, bcdDevice= 6.12
[   25.204209][    T1] usb usb8: New USB device strings: Mfr=3, Product=2, SerialNumber=1
[   25.205368][    T1] usb usb8: Product: USB/IP Virtual Host Controller
[   25.206213][    T1] usb usb8: Manufacturer: Linux 6.12.0-g8dffdb3b6ca0-dirty vhci_hcd
[   25.207405][    T1] usb usb8: SerialNumber: vhci_hcd.3
[   25.211418][    T1] hub 8-0:1.0: USB hub found
[   25.212202][    T1] hub 8-0:1.0: 8 ports detected
[   25.219624][    T1] vhci_hcd vhci_hcd.3: USB/IP Virtual Host Controller
[   25.222021][    T1] vhci_hcd vhci_hcd.3: new USB bus registered, assigned bus number 9
[   25.224764][    T1] usb usb9: We don't know the algorithms for LPM for this host, disabling LPM.
[   25.228226][    T1] usb usb9: New USB device found, idVendor=1d6b, idProduct=0003, bcdDevice= 6.12
[   25.230379][    T1] usb usb9: New USB device strings: Mfr=3, Product=2, SerialNumber=1
[   25.234337][    T1] usb usb9: Product: USB/IP Virtual Host Controller
[   25.235891][    T1] usb usb9: Manufacturer: Linux 6.12.0-g8dffdb3b6ca0-dirty vhci_hcd
[   25.237754][    T1] usb usb9: SerialNumber: vhci_hcd.3
[   25.243851][    T1] hub 9-0:1.0: USB hub found
[   25.245286][    T1] hub 9-0:1.0: 8 ports detected
[   25.263558][    T1] vhci_hcd vhci_hcd.4: USB/IP Virtual Host Controller
[   25.265328][    T1] vhci_hcd vhci_hcd.4: new USB bus registered, assigned bus number 10
[   25.267384][    T1] usb usb10: New USB device found, idVendor=1d6b, idProduct=0002, bcdDevice= 6.12
[   25.268701][    T1] usb usb10: New USB device strings: Mfr=3, Product=2, SerialNumber=1
[   25.269921][    T1] usb usb10: Product: USB/IP Virtual Host Controller
[   25.270790][    T1] usb usb10: Manufacturer: Linux 6.12.0-g8dffdb3b6ca0-dirty vhci_hcd
[   25.272404][    T1] usb usb10: SerialNumber: vhci_hcd.4
[   25.276100][    T1] hub 10-0:1.0: USB hub found
[   25.276867][    T1] hub 10-0:1.0: 8 ports detected
[   25.284251][    T1] vhci_hcd vhci_hcd.4: USB/IP Virtual Host Controller
[   25.286503][    T1] vhci_hcd vhci_hcd.4: new USB bus registered, assigned bus number 11
[   25.287920][    T1] usb usb11: We don't know the algorithms for LPM for this host, disabling LPM.
[   25.289904][    T1] usb usb11: New USB device found, idVendor=1d6b, idProduct=0003, bcdDevice= 6.12
[   25.291249][    T1] usb usb11: New USB device strings: Mfr=3, Product=2, SerialNumber=1
[   25.292700][    T1] usb usb11: Product: USB/IP Virtual Host Controller
[   25.293731][    T1] usb usb11: Manufacturer: Linux 6.12.0-g8dffdb3b6ca0-dirty vhci_hcd
[   25.294947][    T1] usb usb11: SerialNumber: vhci_hcd.4
[   25.298946][    T1] hub 11-0:1.0: USB hub found
[   25.299732][    T1] hub 11-0:1.0: 8 ports detected
[   25.310046][    T1] vhci_hcd vhci_hcd.5: USB/IP Virtual Host Controller
[   25.313068][    T1] vhci_hcd vhci_hcd.5: new USB bus registered, assigned bus number 12
[   25.315262][    T1] usb usb12: New USB device found, idVendor=1d6b, idProduct=0002, bcdDevice= 6.12
[   25.316656][    T1] usb usb12: New USB device strings: Mfr=3, Product=2, SerialNumber=1
[   25.317897][    T1] usb usb12: Product: USB/IP Virtual Host Controller
[   25.318801][    T1] usb usb12: Manufacturer: Linux 6.12.0-g8dffdb3b6ca0-dirty vhci_hcd
[   25.319794][    T1] usb usb12: SerialNumber: vhci_hcd.5
[   25.323523][    T1] hub 12-0:1.0: USB hub found
[   25.324302][    T1] hub 12-0:1.0: 8 ports detected
[   25.331549][    T1] vhci_hcd vhci_hcd.5: USB/IP Virtual Host Controller
[   25.334350][    T1] vhci_hcd vhci_hcd.5: new USB bus registered, assigned bus number 13
[   25.335839][    T1] usb usb13: We don't know the algorithms for LPM for this host, disabling LPM.
[   25.338113][    T1] usb usb13: New USB device found, idVendor=1d6b, idProduct=0003, bcdDevice= 6.12
[   25.339499][    T1] usb usb13: New USB device strings: Mfr=3, Product=2, SerialNumber=1
[   25.340558][    T1] usb usb13: Product: USB/IP Virtual Host Controller
[   25.341385][    T1] usb usb13: Manufacturer: Linux 6.12.0-g8dffdb3b6ca0-dirty vhci_hcd
[   25.342425][    T1] usb usb13: SerialNumber: vhci_hcd.5
[   25.346827][    T1] hub 13-0:1.0: USB hub found
[   25.347593][    T1] hub 13-0:1.0: 8 ports detected
[   25.359768][    T1] vhci_hcd vhci_hcd.6: USB/IP Virtual Host Controller
[   25.364764][    T1] vhci_hcd vhci_hcd.6: new USB bus registered, assigned bus number 14
[   25.368328][    T1] usb usb14: New USB device found, idVendor=1d6b, idProduct=0002, bcdDevice= 6.12
[   25.370509][    T1] usb usb14: New USB device strings: Mfr=3, Product=2, SerialNumber=1
[   25.373204][    T1] usb usb14: Product: USB/IP Virtual Host Controller
[   25.374803][    T1] usb usb14: Manufacturer: Linux 6.12.0-g8dffdb3b6ca0-dirty vhci_hcd
[   25.376684][    T1] usb usb14: SerialNumber: vhci_hcd.6
[   25.382647][    T1] hub 14-0:1.0: USB hub found
[   25.384095][    T1] hub 14-0:1.0: 8 ports detected
[   25.398048][    T1] vhci_hcd vhci_hcd.6: USB/IP Virtual Host Controller
[   25.400279][    T1] vhci_hcd vhci_hcd.6: new USB bus registered, assigned bus number 15
[   25.401671][    T1] usb usb15: We don't know the algorithms for LPM for this host, disabling LPM.
[   25.403517][    T1] usb usb15: New USB device found, idVendor=1d6b, idProduct=0003, bcdDevice= 6.12
[   25.404653][    T1] usb usb15: New USB device strings: Mfr=3, Product=2, SerialNumber=1
[   25.405654][    T1] usb usb15: Product: USB/IP Virtual Host Controller
[   25.406474][    T1] usb usb15: Manufacturer: Linux 6.12.0-g8dffdb3b6ca0-dirty vhci_hcd
[   25.407459][    T1] usb usb15: SerialNumber: vhci_hcd.6
[   25.410790][    T1] hub 15-0:1.0: USB hub found
[   25.411549][    T1] hub 15-0:1.0: 8 ports detected
[   25.421899][    T1] vhci_hcd vhci_hcd.7: USB/IP Virtual Host Controller
[   25.423810][    T1] vhci_hcd vhci_hcd.7: new USB bus registered, assigned bus number 16
[   25.425671][    T1] usb usb16: New USB device found, idVendor=1d6b, idProduct=0002, bcdDevice= 6.12
[   25.426802][    T1] usb usb16: New USB device strings: Mfr=3, Product=2, SerialNumber=1
[   25.427790][    T1] usb usb16: Product: USB/IP Virtual Host Controller
[   25.428600][    T1] usb usb16: Manufacturer: Linux 6.12.0-g8dffdb3b6ca0-dirty vhci_hcd
[   25.429581][    T1] usb usb16: SerialNumber: vhci_hcd.7
[   25.434124][    T1] hub 16-0:1.0: USB hub found
[   25.434885][    T1] hub 16-0:1.0: 8 ports detected
[   25.442483][    T1] vhci_hcd vhci_hcd.7: USB/IP Virtual Host Controller
[   25.444421][    T1] vhci_hcd vhci_hcd.7: new USB bus registered, assigned bus number 17
[   25.445768][    T1] usb usb17: We don't know the algorithms for LPM for this host, disabling LPM.
[   25.447609][    T1] usb usb17: New USB device found, idVendor=1d6b, idProduct=0003, bcdDevice= 6.12
[   25.448737][    T1] usb usb17: New USB device strings: Mfr=3, Product=2, SerialNumber=1
[   25.449729][    T1] usb usb17: Product: USB/IP Virtual Host Controller
[   25.450546][    T1] usb usb17: Manufacturer: Linux 6.12.0-g8dffdb3b6ca0-dirty vhci_hcd
[   25.451523][    T1] usb usb17: SerialNumber: vhci_hcd.7
[   25.455166][    T1] hub 17-0:1.0: USB hub found
[   25.455932][    T1] hub 17-0:1.0: 8 ports detected
[   25.466104][    T1] vhci_hcd vhci_hcd.8: USB/IP Virtual Host Controller
[   25.467905][    T1] vhci_hcd vhci_hcd.8: new USB bus registered, assigned bus number 18
[   25.469785][    T1] usb usb18: New USB device found, idVendor=1d6b, idProduct=0002, bcdDevice= 6.12
[   25.470925][    T1] usb usb18: New USB device strings: Mfr=3, Product=2, SerialNumber=1
[   25.471965][    T1] usb usb18: Product: USB/IP Virtual Host Controller
[   25.472786][    T1] usb usb18: Manufacturer: Linux 6.12.0-g8dffdb3b6ca0-dirty vhci_hcd
[   25.473769][    T1] usb usb18: SerialNumber: vhci_hcd.8
[   25.477447][    T1] hub 18-0:1.0: USB hub found
[   25.478216][    T1] hub 18-0:1.0: 8 ports detected
[   25.485427][    T1] vhci_hcd vhci_hcd.8: USB/IP Virtual Host Controller
[   25.487731][    T1] vhci_hcd vhci_hcd.8: new USB bus registered, assigned bus number 19
[   25.489086][    T1] usb usb19: We don't know the algorithms for LPM for this host, disabling LPM.
[   25.490926][    T1] usb usb19: New USB device found, idVendor=1d6b, idProduct=0003, bcdDevice= 6.12
[   25.492151][    T1] usb usb19: New USB device strings: Mfr=3, Product=2, SerialNumber=1
[   25.493156][    T1] usb usb19: Product: USB/IP Virtual Host Controller
[   25.493984][    T1] usb usb19: Manufacturer: Linux 6.12.0-g8dffdb3b6ca0-dirty vhci_hcd
[   25.494969][    T1] usb usb19: SerialNumber: vhci_hcd.8
[   25.498575][    T1] hub 19-0:1.0: USB hub found
[   25.499334][    T1] hub 19-0:1.0: 8 ports detected
[   25.509500][    T1] vhci_hcd vhci_hcd.9: USB/IP Virtual Host Controller
[   25.511225][    T1] vhci_hcd vhci_hcd.9: new USB bus registered, assigned bus number 20
[   25.513131][    T1] usb usb20: New USB device found, idVendor=1d6b, idProduct=0002, bcdDevice= 6.12
[   25.514273][    T1] usb usb20: New USB device strings: Mfr=3, Product=2, SerialNumber=1
[   25.515282][    T1] usb usb20: Product: USB/IP Virtual Host Controller
[   25.516103][    T1] usb usb20: Manufacturer: Linux 6.12.0-g8dffdb3b6ca0-dirty vhci_hcd
[   25.517088][    T1] usb usb20: SerialNumber: vhci_hcd.9
[   25.520818][    T1] hub 20-0:1.0: USB hub found
[   25.521592][    T1] hub 20-0:1.0: 8 ports detected
[   25.529597][    T1] vhci_hcd vhci_hcd.9: USB/IP Virtual Host Controller
[   25.531380][    T1] vhci_hcd vhci_hcd.9: new USB bus registered, assigned bus number 21
[   25.532769][    T1] usb usb21: We don't know the algorithms for LPM for this host, disabling LPM.
[   25.534610][    T1] usb usb21: New USB device found, idVendor=1d6b, idProduct=0003, bcdDevice= 6.12
[   25.535743][    T1] usb usb21: New USB device strings: Mfr=3, Product=2, SerialNumber=1
[   25.536745][    T1] usb usb21: Product: USB/IP Virtual Host Controller
[   25.537570][    T1] usb usb21: Manufacturer: Linux 6.12.0-g8dffdb3b6ca0-dirty vhci_hcd
[   25.538563][    T1] usb usb21: SerialNumber: vhci_hcd.9
[   25.542312][    T1] hub 21-0:1.0: USB hub found
[   25.543076][    T1] hub 21-0:1.0: 8 ports detected
[   25.553073][    T1] vhci_hcd vhci_hcd.10: USB/IP Virtual Host Controller
[   25.554855][    T1] vhci_hcd vhci_hcd.10: new USB bus registered, assigned bus number 22
[   25.556737][    T1] usb usb22: New USB device found, idVendor=1d6b, idProduct=0002, bcdDevice= 6.12
[   25.557874][    T1] usb usb22: New USB device strings: Mfr=3, Product=2, SerialNumber=1
[   25.558870][    T1] usb usb22: Product: USB/IP Virtual Host Controller
[   25.559687][    T1] usb usb22: Manufacturer: Linux 6.12.0-g8dffdb3b6ca0-dirty vhci_hcd
[   25.560670][    T1] usb usb22: SerialNumber: vhci_hcd.10
[   25.564432][    T1] hub 22-0:1.0: USB hub found
[   25.565196][    T1] hub 22-0:1.0: 8 ports detected
[   25.573010][    T1] vhci_hcd vhci_hcd.10: USB/IP Virtual Host Controller
[   25.575068][    T1] vhci_hcd vhci_hcd.10: new USB bus registered, assigned bus number 23
[   25.576432][    T1] usb usb23: We don't know the algorithms for LPM for this host, disabling LPM.
[   25.578279][    T1] usb usb23: New USB device found, idVendor=1d6b, idProduct=0003, bcdDevice= 6.12
[   25.579412][    T1] usb usb23: New USB device strings: Mfr=3, Product=2, SerialNumber=1
[   25.580412][    T1] usb usb23: Product: USB/IP Virtual Host Controller
[   25.581229][    T1] usb usb23: Manufacturer: Linux 6.12.0-g8dffdb3b6ca0-dirty vhci_hcd
[   25.582269][    T1] usb usb23: SerialNumber: vhci_hcd.10
[   25.585900][    T1] hub 23-0:1.0: USB hub found
[   25.586666][    T1] hub 23-0:1.0: 8 ports detected
[   25.596600][    T1] vhci_hcd vhci_hcd.11: USB/IP Virtual Host Controller
[   25.598373][    T1] vhci_hcd vhci_hcd.11: new USB bus registered, assigned bus number 24
[   25.600288][    T1] usb usb24: New USB device found, idVendor=1d6b, idProduct=0002, bcdDevice= 6.12
[   25.601424][    T1] usb usb24: New USB device strings: Mfr=3, Product=2, SerialNumber=1
[   25.602479][    T1] usb usb24: Product: USB/IP Virtual Host Controller
[   25.603303][    T1] usb usb24: Manufacturer: Linux 6.12.0-g8dffdb3b6ca0-dirty vhci_hcd
[   25.604288][    T1] usb usb24: SerialNumber: vhci_hcd.11
[   25.607851][    T1] hub 24-0:1.0: USB hub found
[   25.608613][    T1] hub 24-0:1.0: 8 ports detected
[   25.615852][    T1] vhci_hcd vhci_hcd.11: USB/IP Virtual Host Controller
[   25.618230][    T1] vhci_hcd vhci_hcd.11: new USB bus registered, assigned bus number 25
[   25.619603][    T1] usb usb25: We don't know the algorithms for LPM for this host, disabling LPM.
[   25.621453][    T1] usb usb25: New USB device found, idVendor=1d6b, idProduct=0003, bcdDevice= 6.12
[   25.622634][    T1] usb usb25: New USB device strings: Mfr=3, Product=2, SerialNumber=1
[   25.623638][    T1] usb usb25: Product: USB/IP Virtual Host Controller
[   25.624459][    T1] usb usb25: Manufacturer: Linux 6.12.0-g8dffdb3b6ca0-dirty vhci_hcd
[   25.625450][    T1] usb usb25: SerialNumber: vhci_hcd.11
[   25.629207][    T1] hub 25-0:1.0: USB hub found
[   25.629987][    T1] hub 25-0:1.0: 8 ports detected
[   25.640097][    T1] vhci_hcd vhci_hcd.12: USB/IP Virtual Host Controller
[   25.641920][    T1] vhci_hcd vhci_hcd.12: new USB bus registered, assigned bus number 26
[   25.643817][    T1] usb usb26: New USB device found, idVendor=1d6b, idProduct=0002, bcdDevice= 6.12
[   25.644948][    T1] usb usb26: New USB device strings: Mfr=3, Product=2, SerialNumber=1
[   25.645954][    T1] usb usb26: Product: USB/IP Virtual Host Controller
[   25.646779][    T1] usb usb26: Manufacturer: Linux 6.12.0-g8dffdb3b6ca0-dirty vhci_hcd
[   25.647764][    T1] usb usb26: SerialNumber: vhci_hcd.12
[   25.652428][    T1] hub 26-0:1.0: USB hub found
[   25.653194][    T1] hub 26-0:1.0: 8 ports detected
[   25.661088][    T1] vhci_hcd vhci_hcd.12: USB/IP Virtual Host Controller
[   25.662841][    T1] vhci_hcd vhci_hcd.12: new USB bus registered, assigned bus number 27
[   25.664202][    T1] usb usb27: We don't know the algorithms for LPM for this host, disabling LPM.
[   25.666021][    T1] usb usb27: New USB device found, idVendor=1d6b, idProduct=0003, bcdDevice= 6.12
[   25.667146][    T1] usb usb27: New USB device strings: Mfr=3, Product=2, SerialNumber=1
[   25.668139][    T1] usb usb27: Product: USB/IP Virtual Host Controller
[   25.668956][    T1] usb usb27: Manufacturer: Linux 6.12.0-g8dffdb3b6ca0-dirty vhci_hcd
[   25.669939][    T1] usb usb27: SerialNumber: vhci_hcd.12
[   25.673847][    T1] hub 27-0:1.0: USB hub found
[   25.674602][    T1] hub 27-0:1.0: 8 ports detected
[   25.684577][    T1] vhci_hcd vhci_hcd.13: USB/IP Virtual Host Controller
[   25.686333][    T1] vhci_hcd vhci_hcd.13: new USB bus registered, assigned bus number 28
[   25.688216][    T1] usb usb28: New USB device found, idVendor=1d6b, idProduct=0002, bcdDevice= 6.12
[   25.689338][    T1] usb usb28: New USB device strings: Mfr=3, Product=2, SerialNumber=1
[   25.690340][    T1] usb usb28: Product: USB/IP Virtual Host Controller
[   25.691155][    T1] usb usb28: Manufacturer: Linux 6.12.0-g8dffdb3b6ca0-dirty vhci_hcd
[   25.692172][    T1] usb usb28: SerialNumber: vhci_hcd.13
[   25.695446][    T1] hub 28-0:1.0: USB hub found
[   25.696208][    T1] hub 28-0:1.0: 8 ports detected
[   25.703761][    T1] vhci_hcd vhci_hcd.13: USB/IP Virtual Host Controller
[   25.705710][    T1] vhci_hcd vhci_hcd.13: new USB bus registered, assigned bus number 29
[   25.707115][    T1] usb usb29: We don't know the algorithms for LPM for this host, disabling LPM.
[   25.708940][    T1] usb usb29: New USB device found, idVendor=1d6b, idProduct=0003, bcdDevice= 6.12
[   25.710086][    T1] usb usb29: New USB device strings: Mfr=3, Product=2, SerialNumber=1
[   25.711085][    T1] usb usb29: Product: USB/IP Virtual Host Controller
[   25.711947][    T1] usb usb29: Manufacturer: Linux 6.12.0-g8dffdb3b6ca0-dirty vhci_hcd
[   25.712942][    T1] usb usb29: SerialNumber: vhci_hcd.13
[   25.716235][    T1] hub 29-0:1.0: USB hub found
[   25.716998][    T1] hub 29-0:1.0: 8 ports detected
[   25.727000][    T1] vhci_hcd vhci_hcd.14: USB/IP Virtual Host Controller
[   25.728728][    T1] vhci_hcd vhci_hcd.14: new USB bus registered, assigned bus number 30
[   25.730654][    T1] usb usb30: New USB device found, idVendor=1d6b, idProduct=0002, bcdDevice= 6.12
[   25.731833][    T1] usb usb30: New USB device strings: Mfr=3, Product=2, SerialNumber=1
[   25.732842][    T1] usb usb30: Product: USB/IP Virtual Host Controller
[   25.733664][    T1] usb usb30: Manufacturer: Linux 6.12.0-g8dffdb3b6ca0-dirty vhci_hcd
[   25.734651][    T1] usb usb30: SerialNumber: vhci_hcd.14
[   25.738293][    T1] hub 30-0:1.0: USB hub found
[   25.739061][    T1] hub 30-0:1.0: 8 ports detected
[   25.746774][    T1] vhci_hcd vhci_hcd.14: USB/IP Virtual Host Controller
[   25.748849][    T1] vhci_hcd vhci_hcd.14: new USB bus registered, assigned bus number 31
[   25.750215][    T1] usb usb31: We don't know the algorithms for LPM for this host, disabling LPM.
[   25.752074][    T1] usb usb31: New USB device found, idVendor=1d6b, idProduct=0003, bcdDevice= 6.12
[   25.753218][    T1] usb usb31: New USB device strings: Mfr=3, Product=2, SerialNumber=1
[   25.754234][    T1] usb usb31: Product: USB/IP Virtual Host Controller
[   25.755064][    T1] usb usb31: Manufacturer: Linux 6.12.0-g8dffdb3b6ca0-dirty vhci_hcd
[   25.756058][    T1] usb usb31: SerialNumber: vhci_hcd.14
[   25.759753][    T1] hub 31-0:1.0: USB hub found
[   25.760940][    T1] hub 31-0:1.0: 8 ports detected
[   25.771270][    T1] vhci_hcd vhci_hcd.15: USB/IP Virtual Host Controller
[   25.773185][    T1] vhci_hcd vhci_hcd.15: new USB bus registered, assigned bus number 32
[   25.775087][    T1] usb usb32: New USB device found, idVendor=1d6b, idProduct=0002, bcdDevice= 6.12
[   25.776230][    T1] usb usb32: New USB device strings: Mfr=3, Product=2, SerialNumber=1
[   25.777238][    T1] usb usb32: Product: USB/IP Virtual Host Controller
[   25.778080][    T1] usb usb32: Manufacturer: Linux 6.12.0-g8dffdb3b6ca0-dirty vhci_hcd
[   25.779070][    T1] usb usb32: SerialNumber: vhci_hcd.15
[   25.782617][    T1] hub 32-0:1.0: USB hub found
[   25.783573][    T1] hub 32-0:1.0: 8 ports detected
[   25.791303][    T1] vhci_hcd vhci_hcd.15: USB/IP Virtual Host Controller
[   25.793451][    T1] vhci_hcd vhci_hcd.15: new USB bus registered, assigned bus number 33
[   25.794835][    T1] usb usb33: We don't know the algorithms for LPM for this host, disabling LPM.
[   25.796665][    T1] usb usb33: New USB device found, idVendor=1d6b, idProduct=0003, bcdDevice= 6.12
[   25.797804][    T1] usb usb33: New USB device strings: Mfr=3, Product=2, SerialNumber=1
[   25.798826][    T1] usb usb33: Product: USB/IP Virtual Host Controller
[   25.799653][    T1] usb usb33: Manufacturer: Linux 6.12.0-g8dffdb3b6ca0-dirty vhci_hcd
[   25.800650][    T1] usb usb33: SerialNumber: vhci_hcd.15
[   25.804203][    T1] hub 33-0:1.0: USB hub found
[   25.804966][    T1] hub 33-0:1.0: 8 ports detected
[   25.815378][    T1] usbcore: registered new device driver usbip-host
[   25.828749][    T1] i8042: PNP: PS/2 Controller [PNP0303:KBD,PNP0f13:MOU] at 0x60,0x64 irq 1,12
[   25.832710][    T1] serio: i8042 KBD port at 0x60,0x64 irq 1
[   25.834133][    T1] serio: i8042 AUX port at 0x60,0x64 irq 12
[   25.839218][    T1] mousedev: PS/2 mouse device common for all mice
[   25.844060][    T1] usbcore: registered new interface driver appletouch
[   25.846248][    T1] usbcore: registered new interface driver bcm5974
[   25.848778][    T1] usbcore: registered new interface driver synaptics_usb
[   25.850779][    T1] usbcore: registered new interface driver iforce
[   25.855479][    T9] input: AT Translated Set 2 keyboard as /devices/platform/i8042/serio0/input/input1
[   25.856179][    T1] usbcore: registered new interface driver pxrc
[   25.858274][    T1] usbcore: registered new interface driver xpad
[   25.859306][    T1] usbcore: registered new interface driver usb_acecad
[   25.863670][    T1] usbcore: registered new interface driver aiptek
[   25.865565][    T1] usbcore: registered new interface driver hanwang
[   25.866639][    T1] usbcore: registered new interface driver kbtab
[   25.868027][    T1] usbcore: registered new interface driver pegasus_notetaker
[   25.869437][    T1] usbcore: registered new interface driver usbtouchscreen
[   25.871050][    T1] usbcore: registered new interface driver sur40
[   25.873077][    T1] usbcore: registered new interface driver ati_remote2
[   25.874287][    T1] cm109: Keymap for Komunikate KIP1000 phone loaded
[   25.875681][    T1] usbcore: registered new interface driver cm109
[   25.876463][    T1] cm109: CM109 phone driver: 20080805 (C) Alfred E. Heggestad
[   25.877621][    T1] usbcore: registered new interface driver ims_pcu
[   25.878676][    T1] usbcore: registered new interface driver keyspan_remote
[   25.879816][    T1] usbcore: registered new interface driver powermate
[   25.881374][    T1] usbcore: registered new interface driver yealink
[   25.884411][    T1] rtc_cmos 00:05: RTC can wake from S4
[   25.889761][    T1] rtc_cmos 00:05: registered as rtc0
[   25.890628][    T1] rtc_cmos 00:05: alarms up to one day, y3k, 242 bytes nvram, hpet irqs
[   25.892362][    T1] i2c_dev: i2c /dev entries driver
[   25.894635][    T1] usbcore: registered new interface driver i2c-diolan-u2c
[   25.896759][    T1] usbcore: registered new interface driver i2c-cp2615
[   25.898132][    T1] usbcore: registered new interface driver RobotFuzz Open Source InterFace, OSIF
[   25.899751][    T1] usbcore: registered new interface driver i2c-tiny-usb
[   25.903957][    T1] usbcore: registered new interface driver igorplugusb
[   25.906318][    T1] usbcore: registered new interface driver iguanair
[   25.907596][    T1] usbcore: registered new interface driver imon
[   25.908758][    T1] usbcore: registered new interface driver imon_raw
[   25.910506][    T1] usbcore: registered new interface driver mceusb
[   25.914936][    T1] usbcore: registered new interface driver redrat3
[   25.916136][    T1] usbcore: registered new interface driver streamzap
[   25.917355][    T1] usbcore: registered new interface driver ir_toy
[   25.918545][    T1] usbcore: registered new interface driver ttusbir
[   25.919765][    T1] usbcore: registered new interface driver ati_remote
[   25.921002][    T1] usbcore: registered new interface driver xbox_remote
[   25.923128][    T1] b2c2-flexcop: B2C2 FlexcopII/II(b)/III digital TV receiver chip loaded successfully
[   25.924868][    T1] usbcore: registered new interface driver b2c2_flexcop_usb
[   25.926204][    T1] usbcore: registered new interface driver dvb_usb_vp7045
[   25.927486][    T1] usbcore: registered new interface driver dvb_usb_vp702x
[   25.928787][    T1] usbcore: registered new interface driver dvb_usb_gp8psk
[   25.930112][    T1] usbcore: registered new interface driver dvb_usb_dtt200u
[   25.931420][    T1] usbcore: registered new interface driver dvb_usb_a800
[   25.932852][    T1] usbcore: registered new interface driver dvb_usb_dibusb_mb
[   25.934219][    T1] usbcore: registered new interface driver dvb_usb_dibusb_mc
[   25.935388][    T1] usbcore: registered new interface driver dvb_usb_nova_t_usb2
[   25.936576][    T1] usbcore: registered new interface driver dvb_usb_umt_010
[   25.937733][    T1] usbcore: registered new interface driver dvb_usb_m920x
[   25.938849][    T1] usbcore: registered new interface driver dvb_usb_digitv
[   25.940044][    T1] usbcore: registered new interface driver dvb_usb_cxusb
[   25.941171][    T1] usbcore: registered new interface driver dvb_usb_ttusb2
[   25.942805][    T1] usbcore: registered new interface driver dvb_usb_dib0700
[   25.943947][    T1] usbcore: registered new interface driver opera1
[   25.945017][    T1] usbcore: registered new interface driver dvb_usb_af9005
[   25.945894][    T1] failing symbol_get of non-GPLONLY symbol af9005_rc_decode.
[   25.947327][    T1] failing symbol_get of non-GPLONLY symbol af9005_rc_decode.
[   25.948231][    T1] failing symbol_get of non-GPLONLY symbol rc_map_af9005_table.
[   25.949707][    T1] failing symbol_get of non-GPLONLY symbol rc_map_af9005_table.
[   25.950648][    T1] failing symbol_get of non-GPLONLY symbol rc_map_af9005_table_size.
[   25.952250][    T1] failing symbol_get of non-GPLONLY symbol rc_map_af9005_table_size.
[   25.953233][    T1] af9005: af9005_rc_decode function not found, disabling remote
[   25.954422][    T1] usbcore: registered new interface driver pctv452e
[   25.955589][    T1] usbcore: registered new interface driver dw2102
[   25.956624][    T1] usbcore: registered new interface driver dvb_usb_dtv5100
[   25.957758][    T1] usbcore: registered new interface driver cinergyT2
[   25.958870][    T1] usbcore: registered new interface driver dvb_usb_az6027
[   25.960562][    T1] usbcore: registered new interface driver dvb_usb_technisat_usb2
[   25.961982][    T1] usbcore: registered new interface driver dvb_usb_af9015
[   25.963232][    T1] usbcore: registered new interface driver dvb_usb_af9035
[   25.964328][    T1] usbcore: registered new interface driver dvb_usb_anysee
[   25.965418][    T1] usbcore: registered new interface driver dvb_usb_au6610
[   25.966529][    T1] usbcore: registered new interface driver dvb_usb_az6007
[   25.967631][    T1] usbcore: registered new interface driver dvb_usb_ce6230
[   25.968744][    T1] usbcore: registered new interface driver dvb_usb_ec168
[   25.969833][    T1] usbcore: registered new interface driver dvb_usb_lmedm04
[   25.970943][    T1] usbcore: registered new interface driver dvb_usb_gl861
[   25.972259][    T1] usbcore: registered new interface driver dvb_usb_mxl111sf
[   25.973519][    T1] usbcore: registered new interface driver dvb_usb_rtl28xxu
[   25.974692][    T1] usbcore: registered new interface driver dvb_usb_dvbsky
[   25.975779][    T1] usbcore: registered new interface driver zd1301
[   25.976822][    T1] usbcore: registered new interface driver s2255
[   25.978008][    T1] usbcore: registered new interface driver smsusb
[   25.979054][    T1] usbcore: registered new interface driver ttusb
[   25.980096][    T1] usbcore: registered new interface driver ttusb-dec
[   25.981177][    T1] usbcore: registered new interface driver Abilis Systems as10x usb driver
[   25.982521][    T1] usbcore: registered new interface driver airspy
[   25.983308][    T1] gspca_main: v2.14.0 registered
[   25.984187][    T1] usbcore: registered new interface driver benq
[   25.985203][    T1] usbcore: registered new interface driver conex
[   25.986242][    T1] usbcore: registered new interface driver cpia1
[   25.987283][    T1] usbcore: registered new interface driver dtcs033
[   25.988348][    T1] usbcore: registered new interface driver etoms
[   25.989458][    T1] usbcore: registered new interface driver finepix
[   25.990526][    T1] usbcore: registered new interface driver jeilinj
[   25.991578][    T1] usbcore: registered new interface driver jl2005bcd
[   25.992693][    T1] usbcore: registered new interface driver kinect
[   25.993739][    T1] usbcore: registered new interface driver konica
[   25.994792][    T1] usbcore: registered new interface driver mars
[   25.995827][    T1] usbcore: registered new interface driver mr97310a
[   25.996922][    T1] usbcore: registered new interface driver nw80x
[   25.998051][    T1] usbcore: registered new interface driver ov519
[   25.999090][    T1] usbcore: registered new interface driver ov534
[   26.000132][    T1] usbcore: registered new interface driver ov534_9
[   26.001235][    T1] usbcore: registered new interface driver pac207
[   26.002372][    T1] usbcore: registered new interface driver gspca_pac7302
[   26.003500][    T1] usbcore: registered new interface driver pac7311
[   26.004562][    T1] usbcore: registered new interface driver se401
[   26.005619][    T1] usbcore: registered new interface driver sn9c2028
[   26.006881][    T1] usbcore: registered new interface driver gspca_sn9c20x
[   26.008066][    T1] usbcore: registered new interface driver sonixb
[   26.009248][    T1] usbcore: registered new interface driver sonixj
[   26.010353][    T1] usbcore: registered new interface driver spca500
[   26.011436][    T1] usbcore: registered new interface driver spca501
[   26.012529][    T1] usbcore: registered new interface driver spca505
[   26.013587][    T1] usbcore: registered new interface driver spca506
[   26.014678][    T1] usbcore: registered new interface driver spca508
[   26.015781][    T1] usbcore: registered new interface driver spca561
[   26.016828][    T1] usbcore: registered new interface driver spca1528
[   26.017907][    T1] usbcore: registered new interface driver sq905
[   26.018965][    T1] usbcore: registered new interface driver sq905c
[   26.020023][    T1] usbcore: registered new interface driver sq930x
[   26.021277][    T1] usbcore: registered new interface driver sunplus
[   26.022372][    T1] usbcore: registered new interface driver stk014
[   26.023424][    T1] usbcore: registered new interface driver stk1135
[   26.024547][    T1] usbcore: registered new interface driver stv0680
[   26.025596][    T1] usbcore: registered new interface driver t613
[   26.026620][    T1] usbcore: registered new interface driver gspca_topro
[   26.027745][    T1] usbcore: registered new interface driver touptek
[   26.028806][    T1] usbcore: registered new interface driver tv8532
[   26.029900][    T1] usbcore: registered new interface driver vc032x
[   26.030954][    T1] usbcore: registered new interface driver vicam
[   26.032043][    T1] usbcore: registered new interface driver xirlink-cit
[   26.033343][    T1] usbcore: registered new interface driver gspca_zc3xx
[   26.034815][    T1] usbcore: registered new interface driver ALi m5602
[   26.035904][    T1] usbcore: registered new interface driver STV06xx
[   26.036961][    T1] usbcore: registered new interface driver gspca_gl860
[   26.038055][    T1] usbcore: registered new interface driver hackrf
[   26.039097][    T1] usbcore: registered new interface driver msi2500
[   26.040250][    T1] usbcore: registered new interface driver Philips webcam
[   26.041745][    T1] usbcore: registered new interface driver uvcvideo
[   26.042554][    T1] au0828: au0828 driver loaded
[   26.043537][    T1] usbcore: registered new interface driver au0828
[   26.044705][    T1] usbcore: registered new interface driver cx231xx
[   26.046167][    T1] usbcore: registered new interface driver em28xx
[   26.046974][    T1] em28xx: Registered (Em28xx v4l2 Extension) extension
[   26.047801][    T1] em28xx: Registered (Em28xx Audio Extension) extension
[   26.048648][    T1] em28xx: Registered (Em28xx dvb Extension) extension
[   26.049473][    T1] em28xx: Registered (Em28xx Input Extension) extension
[   26.050610][    T1] usbcore: registered new interface driver go7007
[   26.052104][    T1] usbcore: registered new interface driver go7007-loader
[   26.053356][    T1] usbcore: registered new interface driver hdpvr
[   26.054808][    T1] usbcore: registered new interface driver pvrusb2
[   26.055603][    T1] pvrusb2: V4L in-tree version:Hauppauge WinTV-PVR-USB2 MPEG2 Encoder/Tuner
[   26.056647][    T1] pvrusb2: Debug mask is 31 (0x1f)
[   26.057531][    T1] usbcore: registered new interface driver stk1160
[   26.058589][    T1] usbcore: registered new interface driver usbtv
[   26.062247][    T1] dvbdev: DVB: registering new adapter (dvb_vidtv_bridge)
[   26.067072][    T1] i2c i2c-0: DVB: registering adapter 0 frontend 0 (Dummy demod for DVB-T/T2/C/S/S2)...
[   26.068549][    T1] dvbdev: dvb_create_media_entity: media entity 'Dummy demod for DVB-T/T2/C/S/S2' registered.
[   26.077838][    T1] dvbdev: dvb_create_media_entity: media entity 'dvb-demux' registered.
[   26.086475][    T1] vidtv vidtv.0: Successfully initialized vidtv!
[   26.090316][    T1] vicodec vicodec.0: Device 'stateful-encoder' registered as /dev/video0
[   26.092244][    T1] vicodec vicodec.0: Device 'stateful-decoder' registered as /dev/video1
[   26.094125][    T1] vicodec vicodec.0: Device 'stateless-decoder' registered as /dev/video2
[   26.097693][    T1] vim2m vim2m.0: Device registered as /dev/video0
[   26.119484][    T1] vivid-000: using single planar format API
[   26.134573][    T1] vivid-000: CEC adapter cec0 registered for HDMI input
[   26.136406][    T1] vivid-000: V4L2 capture device registered as video7
[   26.137952][    T1] vivid-000: CEC adapter cec1 registered for HDMI output 0
[   26.139495][    T1] vivid-000: V4L2 output device registered as video8
[   26.140973][    T1] vivid-000: V4L2 capture device registered as vbi0, supports raw and sliced VBI
[   26.143458][    T1] vivid-000: V4L2 output device registered as vbi1, supports raw and sliced VBI
[   26.145218][    T1] vivid-000: V4L2 capture device registered as swradio0
[   26.146707][    T1] vivid-000: V4L2 receiver device registered as radio0
[   26.148182][    T1] vivid-000: V4L2 transmitter device registered as radio1
[   26.149702][    T1] vivid-000: V4L2 metadata capture device registered as video9
[   26.151878][    T1] vivid-000: V4L2 metadata output device registered as video10
[   26.153450][    T1] vivid-000: V4L2 touch capture device registered as v4l-touch0
[   26.176215][    T1] usbcore: registered new interface driver radioshark2
[   26.177310][    T1] usbcore: registered new interface driver radioshark
[   26.178417][    T1] usbcore: registered new interface driver radio-si470x
[   26.179655][    T1] usbcore: registered new interface driver radio-usb-si4713
[   26.180812][    T1] usbcore: registered new interface driver dsbr100
[   26.181931][    T1] usbcore: registered new interface driver radio-keene
[   26.183034][    T1] usbcore: registered new interface driver radio-ma901
[   26.184122][    T1] usbcore: registered new interface driver radio-mr800
[   26.185221][    T1] usbcore: registered new interface driver radio-raremono
[   26.187602][    T1] usbcore: registered new interface driver powerz
[   26.188652][    T1] usbcore: registered new interface driver pcwd_usb
[   26.191817][    T1] device-mapper: core: CONFIG_IMA_DISABLE_HTABLE is disabled. Duplicate IMA measurements will not be recorded in the IMA log.
[   26.193419][    T1] device-mapper: uevent: version 1.0.3
[   26.195251][    T1] device-mapper: ioctl: 4.48.0-ioctl (2023-03-01) initialised: dm-devel@lists.linux.dev
[   26.197815][    T1] device-mapper: multipath round-robin: version 1.2.0 loaded
[   26.198717][    T1] device-mapper: multipath queue-length: version 0.2.0 loaded
[   26.199616][    T1] device-mapper: multipath service-time: version 0.3.0 loaded
[   26.201550][    T1] Bluetooth: HCI UART driver ver 2.3
[   26.202371][    T1] Bluetooth: HCI UART protocol H4 registered
[   26.203102][    T1] Bluetooth: HCI UART protocol BCSP registered
[   26.204024][    T1] Bluetooth: HCI UART protocol LL registered
[   26.204893][    T1] Bluetooth: HCI UART protocol Three-wire (H5) registered
[   26.205907][    T1] Bluetooth: HCI UART protocol QCA registered
[   26.206652][    T1] Bluetooth: HCI UART protocol AG6XX registered
[   26.207547][    T1] Bluetooth: HCI UART protocol Marvell registered
[   26.208596][    T1] usbcore: registered new interface driver bcm203x
[   26.209646][    T1] usbcore: registered new interface driver bpa10x
[   26.210690][    T1] usbcore: registered new interface driver bfusb
[   26.211872][    T1] usbcore: registered new interface driver btusb
[   26.213133][    T1] usbcore: registered new interface driver ath3k
[   26.214273][    T1] Modular ISDN core version 1.1.29
[   26.216043][    T1] NET: Registered PF_ISDN protocol family
[   26.216746][    T1] DSP module 2.0
[   26.217185][    T1] mISDN_dsp: DSP clocks every 80 samples. This equals 1 jiffies.
[   26.248792][    T1] mISDN: Layer-1-over-IP driver Rev. 2.00
[   26.251030][    T1] 0 virtual devices registered
[   26.251971][    T1] usbcore: registered new interface driver HFC-S_USB
[   26.252790][    T1] amd_pstate: the _CPC object is not present in SBIOS or ACPI disabled
[   26.253784][    T1] VUB300 Driver rom wait states = 1C irqpoll timeout = 0400
[   26.265657][    T1] usbcore: registered new interface driver vub300
[   26.267569][    T1] usbcore: registered new interface driver ushc
[   26.297340][    T9] input: ImExPS/2 Generic Explorer Mouse as /devices/platform/i8042/serio1/input/input3
[   26.304504][    T1] iscsi: registered transport (iser)
[   26.306168][    T1] SoftiWARP attached
[   26.317384][    T1] hid: raw HID events driver (C) Jiri Kosina
[   26.366782][    T1] usbcore: registered new interface driver usbhid
[   26.367608][    T1] usbhid: USB HID core driver
[   26.370902][    T1] usbcore: registered new interface driver es2_ap_driver
[   26.372375][    T1] comedi: version 0.7.76 - http://www.comedi.org
[   26.373555][    T1] usbcore: registered new interface driver dt9812
[   26.374938][    T1] usbcore: registered new interface driver ni6501
[   26.376024][    T1] usbcore: registered new interface driver usbdux
[   26.377115][    T1] usbcore: registered new interface driver usbduxfast
[   26.378222][    T1] usbcore: registered new interface driver usbduxsigma
[   26.380268][    T1] usbcore: registered new interface driver vmk80xx
[   26.381586][    T1] usbcore: registered new interface driver r8712u
[   26.383441][    T1] greybus: registered new driver hid
[   26.386166][    T1] greybus: registered new driver gbphy
[   26.387350][    T1] gb_gbphy: registered new driver usb
[   26.388147][    T1] asus_wmi: ASUS WMI generic driver loaded
[   26.393977][    T1] gnss: GNSS driver registered with major 493
[   26.394980][    T1] usbcore: registered new interface driver gnss-usb
[   26.396333][    T1] usbcore: registered new interface driver hdm_usb
[   26.475607][    T1] usbcore: registered new interface driver snd-usb-audio
[   26.476980][    T1] usbcore: registered new interface driver snd-ua101
[   26.478295][    T1] usbcore: registered new interface driver snd-usb-usx2y
[   26.479641][    T1] usbcore: registered new interface driver snd-usb-us122l
[   26.481033][    T1] usbcore: registered new interface driver snd-usb-caiaq
[   26.482433][    T1] usbcore: registered new interface driver snd-usb-6fire
[   26.483823][    T1] usbcore: registered new interface driver snd-usb-hiface
[   26.485169][    T1] usbcore: registered new interface driver snd-bcd2000
[   26.486531][    T1] usbcore: registered new interface driver snd_usb_pod
[   26.487858][    T1] usbcore: registered new interface driver snd_usb_podhd
[   26.489214][    T1] usbcore: registered new interface driver snd_usb_toneport
[   26.490579][    T1] usbcore: registered new interface driver snd_usb_variax
[   26.494020][    T1] drop_monitor: Initializing network drop monitor service
[   26.495234][    T1] NET: Registered PF_LLC protocol family
