bash: warning: setlocale: LC_ALL: cannot change locale (en_US.UTF-8)
c[?7l[2J[0mSeaBIOS (version 1.16.2-debian-1.16.2-1)
Booting from ROM...
c[?7l[2Jearly console in extract_kernel
input_data: 0x00000000148912a3
input_len: 0x0000000005f558cd
output: 0x0000000001000000
output_len: 0x00000000124b3c90
kernel_total_size: 0x0000000019826000
needed_size: 0x0000000019a00000
trampoline_32bit: 0x0000000000000000

Decompressing Linux... Parsing ELF... done.
Booting the kernel (entry_offset: 0x0000000000000108).
[    0.000000][    T0] Linux version 6.12.0-g43fb83c17ba2-dirty (root@buildkitsandbox) (gcc (Debian 12.2.0-14+deb12u1) 12.2.0, GNU ld (GNU Binutils for Debian) 2.40) #1 SMP PREEMPT_DYNAMIC Mon May 25 03:10:00 UTC 2026
[    0.000000][    T0] Command line: console=ttyS0 oops=panic panic=86400 nokaslr earlyprintk=serial rdinit=/init
[    0.000000][    T0] KERNEL supported cpus:
[    0.000000][    T0]   Intel GenuineIntel
[    0.000000][    T0]   AMD AuthenticAMD
[    0.000000][    T0] BIOS-provided physical RAM map:
[    0.000000][    T0] BIOS-e820: [mem 0x0000000000000000-0x000000000009fbff] usable
[    0.000000][    T0] BIOS-e820: [mem 0x000000000009fc00-0x000000000009ffff] reserved
[    0.000000][    T0] BIOS-e820: [mem 0x00000000000f0000-0x00000000000fffff] reserved
[    0.000000][    T0] BIOS-e820: [mem 0x0000000000100000-0x000000007ffdffff] usable
[    0.000000][    T0] BIOS-e820: [mem 0x000000007ffe0000-0x000000007fffffff] reserved
[    0.000000][    T0] BIOS-e820: [mem 0x00000000feffc000-0x00000000feffffff] reserved
[    0.000000][    T0] BIOS-e820: [mem 0x00000000fffc0000-0x00000000ffffffff] reserved
[    0.000000][    T0] BIOS-e820: [mem 0x000000fd00000000-0x000000ffffffffff] reserved
[    0.000000][    T0] printk: legacy bootconsole [earlyser0] enabled
[    0.000000][    T0] NX (Execute Disable) protection: active
[    0.000000][    T0] APIC: Static calls initialized
[    0.000000][    T0] SMBIOS 2.8 present.
[    0.000000][    T0] DMI: QEMU Standard PC (i440FX + PIIX, 1996), BIOS 1.16.2-debian-1.16.2-1 04/01/2014
[    0.000000][    T0] DMI: Memory slots populated: 1/1
[    0.000000][    T0] Hypervisor detected: KVM
[    0.000000][    T0] kvm-clock: Using msrs 4b564d01 and 4b564d00
[    0.000002][    T0] kvm-clock: using sched offset of 1153721351 cycles
[    0.000697][    T0] clocksource: kvm-clock: mask: 0xffffffffffffffff max_cycles: 0x1cd42e4dffb, max_idle_ns: 881590591483 ns
[    0.002768][    T0] tsc: Detected 3493.436 MHz processor
[    0.011244][    T0] last_pfn = 0x7ffe0 max_arch_pfn = 0x400000000
[    0.011999][    T0] MTRR map: 4 entries (3 fixed + 1 variable; max 19), built from 8 variable MTRRs
[    0.013060][    T0] x86/PAT: Configuration [0-7]: WB  WC  UC- UC  WB  WP  UC- WT  
[    0.017521][    T0] found SMP MP-table at [mem 0x000f5ba0-0x000f5baf]
[    0.018302][    T0] Using GB pages for direct mapping
[    0.021357][    T0] RAMDISK: [mem 0x7fe8e000-0x7ffdffff]
[    0.021991][    T0] ACPI: Early table checksum verification disabled
[    0.022733][    T0] ACPI: RSDP 0x00000000000F59D0 000014 (v00 BOCHS )
[    0.023512][    T0] ACPI: RSDT 0x000000007FFE1B33 000034 (v01 BOCHS  BXPC     00000001 BXPC 00000001)
[    0.024611][    T0] ACPI: FACP 0x000000007FFE19DF 000074 (v01 BOCHS  BXPC     00000001 BXPC 00000001)
[    0.025709][    T0] ACPI: DSDT 0x000000007FFE0040 00199F (v01 BOCHS  BXPC     00000001 BXPC 00000001)
[    0.026812][    T0] ACPI: FACS 0x000000007FFE0000 000040
[    0.027459][    T0] ACPI: APIC 0x000000007FFE1A53 000080 (v01 BOCHS  BXPC     00000001 BXPC 00000001)
[    0.028554][    T0] ACPI: HPET 0x000000007FFE1AD3 000038 (v01 BOCHS  BXPC     00000001 BXPC 00000001)
[    0.029648][    T0] ACPI: WAET 0x000000007FFE1B0B 000028 (v01 BOCHS  BXPC     00000001 BXPC 00000001)
[    0.030742][    T0] ACPI: Reserving FACP table memory at [mem 0x7ffe19df-0x7ffe1a52]
[    0.031658][    T0] ACPI: Reserving DSDT table memory at [mem 0x7ffe0040-0x7ffe19de]
[    0.032564][    T0] ACPI: Reserving FACS table memory at [mem 0x7ffe0000-0x7ffe003f]
[    0.033471][    T0] ACPI: Reserving APIC table memory at [mem 0x7ffe1a53-0x7ffe1ad2]
[    0.034381][    T0] ACPI: Reserving HPET table memory at [mem 0x7ffe1ad3-0x7ffe1b0a]
[    0.035295][    T0] ACPI: Reserving WAET table memory at [mem 0x7ffe1b0b-0x7ffe1b32]
[    0.037165][    T0] No NUMA configuration found
[    0.037701][    T0] Faking a node at [mem 0x0000000000000000-0x000000007ffdffff]
[    0.038574][    T0] NODE_DATA(0) allocated [mem 0x7fe88ac0-0x7fe8ddff]
[    0.042768][    T0] Zone ranges:
[    0.043180][    T0]   DMA      [mem 0x0000000000001000-0x0000000000ffffff]
[    0.043997][    T0]   DMA32    [mem 0x0000000001000000-0x000000007ffdffff]
[    0.044837][    T0]   Normal   empty
[    0.045313][    T0]   Device   empty
[    0.045736][    T0] Movable zone start for each node
[    0.046314][    T0] Early memory node ranges
[    0.046811][    T0]   node   0: [mem 0x0000000000001000-0x000000000009efff]
[    0.047637][    T0]   node   0: [mem 0x0000000000100000-0x000000007ffdffff]
[    0.048460][    T0] Initmem setup node 0 [mem 0x0000000000001000-0x000000007ffdffff]
[    0.049388][    T0] On node 0, zone DMA: 1 pages in unavailable ranges
[    0.050352][    T0] On node 0, zone DMA: 97 pages in unavailable ranges
[    0.074091][    T0] On node 0, zone DMA32: 32 pages in unavailable ranges
[    0.110561][    T0] kasan: KernelAddressSanitizer initialized
[    0.111564][    T0] ACPI: PM-Timer IO Port: 0x608
[    0.112138][    T0] ACPI: LAPIC_NMI (acpi_id[0xff] dfl dfl lint[0x1])
[    0.112934][    T0] IOAPIC[0]: apic_id 0, version 17, address 0xfec00000, GSI 0-23
[    0.113841][    T0] ACPI: INT_SRC_OVR (bus 0 bus_irq 0 global_irq 2 dfl dfl)
[    0.114721][    T0] ACPI: INT_SRC_OVR (bus 0 bus_irq 5 global_irq 5 high level)
[    0.115586][    T0] ACPI: INT_SRC_OVR (bus 0 bus_irq 9 global_irq 9 high level)
[    0.116443][    T0] ACPI: INT_SRC_OVR (bus 0 bus_irq 10 global_irq 10 high level)
[    0.117319][    T0] ACPI: INT_SRC_OVR (bus 0 bus_irq 11 global_irq 11 high level)
[    0.118205][    T0] ACPI: Using ACPI (MADT) for SMP configuration information
[    0.119037][    T0] ACPI: HPET id: 0x8086a201 base: 0xfed00000
[    0.119732][    T0] TSC deadline timer available
[    0.120283][    T0] CPU topo: Max. logical packages:   1
[    0.120905][    T0] CPU topo: Max. logical dies:       1
[    0.121596][    T0] CPU topo: Max. dies per package:   1
[    0.122228][    T0] CPU topo: Max. threads per core:   1
[    0.122859][    T0] CPU topo: Num. cores per package:     2
[    0.123521][    T0] CPU topo: Num. threads per package:   2
[    0.124168][    T0] CPU topo: Allowing 2 present CPUs plus 0 hotplug CPUs
[    0.125003][    T0] kvm-guest: APIC: eoi() replaced with kvm_guest_apic_eoi_write()
[    0.125921][    T0] kvm-guest: KVM setup pv remote TLB flush
[    0.126581][    T0] kvm-guest: setup PV sched yield
[    0.127184][    T0] PM: hibernation: Registered nosave memory: [mem 0x00000000-0x00000fff]
[    0.128161][    T0] PM: hibernation: Registered nosave memory: [mem 0x0009f000-0x0009ffff]
[    0.129121][    T0] PM: hibernation: Registered nosave memory: [mem 0x000a0000-0x000effff]
[    0.130080][    T0] PM: hibernation: Registered nosave memory: [mem 0x000f0000-0x000fffff]
[    0.131043][    T0] [mem 0x80000000-0xfeffbfff] available for PCI devices
[    0.131840][    T0] Booting paravirtualized kernel on KVM
[    0.132475][    T0] clocksource: refined-jiffies: mask: 0xffffffff max_cycles: 0xffffffff, max_idle_ns: 19112604462750000 ns
[    0.179383][    T0] setup_percpu: NR_CPUS:8 nr_cpumask_bits:2 nr_cpu_ids:2 nr_node_ids:1
[    0.180641][    T0] percpu: Embedded 74 pages/cpu s265736 r8192 d29176 u1048576
[    0.181651][    T0] kvm-guest: PV spinlocks enabled
[    0.182252][    T0] PV qspinlock hash table entries: 256 (order: 0, 4096 bytes, linear)
[    0.183235][    T0] Kernel command line: console=ttyS0 oops=panic panic=86400 nokaslr earlyprintk=serial rdinit=/init
[    0.184947][    T0] random: crng init done
[    0.185447][    T0] printk: log buffer data + meta data: 262144 + 917504 = 1179648 bytes
[    0.186544][    T0] Dentry cache hash table entries: 262144 (order: 9, 2097152 bytes, linear)
[    0.187784][    T0] Inode-cache hash table entries: 131072 (order: 8, 1048576 bytes, linear)
[    0.188957][    T0] Fallback order for Node 0: 0 
[    0.188970][    T0] Built 1 zonelists, mobility grouping on.  Total pages: 524158
[    0.190449][    T0] Policy zone: DMA32
[    0.191147][    T0] mem auto-init: stack:all(zero), heap alloc:on, heap free:off
[    0.192044][    T0] stackdepot: allocating hash table via alloc_large_system_hash
[    0.192951][    T0] stackdepot hash table entries: 1048576 (order: 12, 16777216 bytes, linear)
[    0.330758][    T0] SLUB: HWalign=64, Order=0-3, MinObjects=0, CPUs=2, Nodes=1
[    0.333803][    T0] allocated 4194304 bytes of page_ext
[    0.334950][    T0] Dynamic Preempt: full
[    0.335917][    T0] Running RCU self tests
[    0.336421][    T0] Running RCU synchronous self tests
[    0.337060][    T0] rcu: Preemptible hierarchical RCU implementation.
[    0.337839][    T0] rcu: 	RCU lockdep checking is enabled.
[    0.338507][    T0] rcu: 	RCU restricting CPUs from NR_CPUS=8 to nr_cpu_ids=2.
[    0.339395][    T0] rcu: 	RCU callback double-/use-after-free debug is enabled.
[    0.340286][    T0] rcu: 	RCU debug extended QS entry/exit.
[    0.340964][    T0] 	Trampoline variant of Tasks RCU enabled.
[    0.341657][    T0] 	Tracing variant of Tasks RCU enabled.
[    0.342326][    T0] rcu: RCU calculated value of scheduler-enlistment delay is 10 jiffies.
[    0.343329][    T0] rcu: Adjusting geometry for rcu_fanout_leaf=16, nr_cpu_ids=2
[    0.344358][    T0] Running RCU synchronous self tests
[    0.345027][    T0] RCU Tasks: Setting shift to 1 and lim to 1 rcu_task_cb_adjust=1 rcu_task_cpu_ids=2.
[    0.346189][    T0] RCU Tasks Trace: Setting shift to 1 and lim to 1 rcu_task_cb_adjust=1 rcu_task_cpu_ids=2.
[    0.393154][    T0] NR_IRQS: 4352, nr_irqs: 440, preallocated irqs: 16
[    0.394477][    T0] rcu: srcu_init: Setting srcu_struct sizes based on contention.
[    0.395717][    T0] kfence: initialized - using 2097152 bytes for 255 objects at 0x(____ptrval____)-0x(____ptrval____)
[    0.405307][    T0] Console: colour VGA+ 80x25
[    0.406007][    T0] printk: legacy console [ttyS0] enabled
[    0.406007][    T0] printk: legacy console [ttyS0] enabled
[    0.407451][    T0] printk: legacy bootconsole [earlyser0] disabled
[    0.407451][    T0] printk: legacy bootconsole [earlyser0] disabled
[    0.409106][    T0] Lock dependency validator: Copyright (c) 2006 Red Hat, Inc., Ingo Molnar
[    0.410258][    T0] ... MAX_LOCKDEP_SUBCLASSES:  8
[    0.410899][    T0] ... MAX_LOCK_DEPTH:          48
[    0.411526][    T0] ... MAX_LOCKDEP_KEYS:        8192
[    0.412147][    T0] ... CLASSHASH_SIZE:          4096
[    0.412760][    T0] ... MAX_LOCKDEP_ENTRIES:     1048576
[    0.413404][    T0] ... MAX_LOCKDEP_CHAINS:      1048576
[    0.414048][    T0] ... CHAINHASH_SIZE:          524288
[    0.414681][    T0]  memory used by lock dependency info: 106625 kB
[    0.415464][    T0]  memory used for stack traces: 8320 kB
[    0.416128][    T0]  per task-struct memory footprint: 1920 bytes
[    0.416933][    T0] ACPI: Core revision 20240827
[    0.417851][    T0] clocksource: hpet: mask: 0xffffffff max_cycles: 0xffffffff, max_idle_ns: 19112604467 ns
[    0.419238][    T0] APIC: Switch to symmetric I/O mode setup
[    0.420110][    T0] x2apic enabled
[    0.420983][    T0] APIC: Switched APIC routing to: physical x2apic
[    0.421754][    T0] kvm-guest: APIC: send_IPI_mask() replaced with kvm_send_ipi_mask()
[    0.422721][    T0] kvm-guest: APIC: send_IPI_mask_allbutself() replaced with kvm_send_ipi_mask_allbutself()
[    0.423915][    T0] kvm-guest: setup PV IPIs
[    0.425762][    T0] ..TIMER: vector=0x30 apic1=0 pin1=2 apic2=-1 pin2=-1
[    0.426583][    T0] clocksource: tsc-early: mask: 0xffffffffffffffff max_cycles: 0x325b186289d, max_idle_ns: 440795326624 ns
[    0.427918][    T0] Calibrating delay loop (skipped) preset value.. 6986.87 BogoMIPS (lpj=34934360)
[    0.429060][    T0] x86/cpu: User Mode Instruction Prevention (UMIP) activated
[    0.438060][    T0] Last level iTLB entries: 4KB 512, 2MB 255, 4MB 127
[    0.438832][    T0] Last level dTLB entries: 4KB 512, 2MB 255, 4MB 127, 1GB 0
[    0.439691][    T0] Spectre V1 : Mitigation: usercopy/swapgs barriers and __user pointer sanitization
[    0.440768][    T0] Spectre V2 : Mitigation: Retpolines
[    0.441386][    T0] Spectre V2 : Spectre v2 / SpectreRSB mitigation: Filling RSB on context switch
[    0.442425][    T0] Spectre V2 : Spectre v2 / SpectreRSB : Filling RSB on VMEXIT
[    0.443292][    T0] Spectre V2 : Enabling Speculation Barrier for firmware calls
[    0.444223][    T0] RETBleed: Mitigation: untrained return thunk
[    0.444934][    T0] Spectre V2 : mitigation: Enabling conditional Indirect Branch Prediction Barrier
[    0.445998][    T0] Speculative Store Bypass: Mitigation: Speculative Store Bypass disabled via prctl
[    0.447067][    T0] Speculative Return Stack Overflow: IBPB-extending microcode not applied!
[    0.447913][    T0] Speculative Return Stack Overflow: WARNING: See https://kernel.org/doc/html/latest/admin-guide/hw-vuln/srso.html for mitigation options.
[    0.447921][    T0] Speculative Return Stack Overflow: Vulnerable: Safe RET, no microcode
[    0.450502][    T0] x86/fpu: Supporting XSAVE feature 0x001: 'x87 floating point registers'
[    0.451475][    T0] x86/fpu: Supporting XSAVE feature 0x002: 'SSE registers'
[    0.452302][    T0] x86/fpu: Supporting XSAVE feature 0x004: 'AVX registers'
[    0.453123][    T0] x86/fpu: xstate_offset[2]:  576, xstate_sizes[2]:  256
[    0.453923][    T0] x86/fpu: Enabled xstate features 0x7, context size is 832 bytes, using 'compacted' format.
[    0.752607][    T0] Freeing SMP alternatives memory: 124K
[    0.753316][    T0] pid_max: default: 32768 minimum: 301
[    0.754279][    T0] LSM: initializing lsm=lockdown,capability,landlock,yama,safesetid,tomoyo,smack,bpf,ima,evm
[    0.756270][    T0] landlock: Up and running.
[    0.756812][    T0] Yama: becoming mindful.
[    0.757922][    T0] TOMOYO Linux initialized
[    0.759887][    T0] Smack:  Initializing.
[    0.760395][    T0] Smack:  Netfilter enabled.
[    0.760939][    T0] Smack:  IPv6 Netfilter enabled.
[    0.764610][    T0] LSM support for eBPF active
[    0.765926][    T0] Mount-cache hash table entries: 4096 (order: 3, 32768 bytes, linear)
[    0.766931][    T0] Mountpoint-cache hash table entries: 4096 (order: 3, 32768 bytes, linear)
[    0.771542][    T0] Running RCU synchronous self tests
[    0.772185][    T0] Running RCU synchronous self tests
[    0.773549][    T1] smpboot: CPU0: AMD Ryzen Threadripper PRO 3975WX 32-Cores (family: 0x17, model: 0x31, stepping: 0x0)
[    0.788481][    T1] Running RCU Tasks wait API self tests
[    0.898235][    T1] Running RCU Tasks Trace wait API self tests
[    0.899882][    T1] Performance Events: Fam17h+ core perfctr, AMD PMU driver.
[    0.902020][    T1] ... version:                0
[    0.903154][    T1] ... bit width:              48
[    0.904304][    T1] ... generic registers:      6
[    0.905424][    T1] ... value mask:             0000ffffffffffff
[    0.906847][    T1] ... max period:             00007fffffffffff
[    0.907936][    T1] ... fixed-purpose events:   0
[    0.909062][    T1] ... event mask:             000000000000003f
[    0.912995][    T1] signal: max sigframe size: 1776
[    0.914926][    T1] rcu: Hierarchical SRCU implementation.
[    0.916235][    T1] rcu: 	Max phase no-delay instances is 1000.
[    0.918374][   T15] Callback from call_rcu_tasks_trace() invoked.
[    0.920967][    T1] Timer migration: 1 hierarchy levels; 8 children per group; 1 crossnode level
[    1.009464][    T1] smp: Bringing up secondary CPUs ...
[    1.012105][    T1] smpboot: x86: Booting SMP configuration:
[    1.012831][    T1] .... node  #0, CPUs:      #1
[    1.013096][    T1] smp: Brought up 1 node, 2 CPUs
[    1.013096][    T1] smpboot: Total of 2 processors activated (13973.74 BogoMIPS)
[    1.013096][    T1] Memory: 1296320K/2096632K available (167936K kernel code, 40814K rwdata, 38716K rodata, 26464K init, 120116K bss, 789456K reserved, 0K cma-reserved)
[    1.020023][    T1] devtmpfs: initialized
[    1.020023][    T1] x86/mm: Memory block size: 128MB
[    1.049942][    T1] Running RCU synchronous self tests
[    1.050664][    T1] Running RCU synchronous self tests
[    1.051400][    T1] clocksource: jiffies: mask: 0xffffffff max_cycles: 0xffffffff, max_idle_ns: 19112604462750000 ns
[    1.057961][    T1] futex hash table entries: 512 (order: 4, 65536 bytes, linear)
[    1.061717][    T1] PM: RTC time: 03:11:32, date: 2026-05-25
[    1.070555][    T1] NET: Registered PF_NETLINK/PF_ROUTE protocol family
[    1.072596][    T1] audit: initializing netlink subsys (disabled)
[    1.072613][   T29] audit: type=2000 audit(1779678692.789:1): state=initialized audit_enabled=0 res=1
[    1.079800][    T1] thermal_sys: Registered thermal governor 'step_wise'
[    1.079821][    T1] thermal_sys: Registered thermal governor 'user_space'
[    1.081052][    T1] cpuidle: using governor menu
[    1.081052][    T1] NET: Registered PF_QIPCRTR protocol family
[    1.083237][    T1] dca service started, version 1.12.1
[    1.084076][    T1] PCI: Using configuration type 1 for base access
[    1.084876][    T1] PCI: Using configuration type 1 for extended access
[    1.089501][    T1] HugeTLB: registered 1.00 GiB page size, pre-allocated 0 pages
[    1.090413][    T1] HugeTLB: 16380 KiB vmemmap can be freed for a 1.00 GiB page
[    1.091321][    T1] HugeTLB: registered 2.00 MiB page size, pre-allocated 0 pages
[    1.092225][    T1] HugeTLB: 28 KiB vmemmap can be freed for a 2.00 MiB page
[    1.102163][    T1] cryptd: max_cpu_qlen set to 1000
[    1.109926][    T1] raid6: skipped pq benchmark and selected avx2x4
[    1.110706][    T1] raid6: using avx2x2 recovery algorithm
[    1.112893][    T1] ACPI: Added _OSI(Module Device)
[    1.113510][    T1] ACPI: Added _OSI(Processor Device)
[    1.114190][    T1] ACPI: Added _OSI(3.0 _SCP Extensions)
[    1.114922][    T1] ACPI: Added _OSI(Processor Aggregator Device)
[    1.165176][    T1] ACPI: 1 ACPI AML tables successfully acquired and loaded
[    1.186754][    T1] ACPI: Interpreter enabled
[    1.187669][    T1] ACPI: PM: (supports S0 S3 S4 S5)
[    1.187955][    T1] ACPI: Using IOAPIC for interrupt routing
[    1.188912][    T1] PCI: Using host bridge windows from ACPI; if necessary, use "pci=nocrs" and report a bug
[    1.190102][    T1] PCI: Using E820 reservations for host bridge windows
[    1.194325][    T1] ACPI: Enabled 2 GPEs in block 00 to 0F
[    1.306484][    T1] ACPI: PCI Root Bridge [PCI0] (domain 0000 [bus 00-ff])
[    1.307454][    T1] acpi PNP0A03:00: _OSC: OS supports [ExtendedConfig ASPM ClockPM Segments MSI HPX-Type3]
[    1.311586][    T1] PCI host bridge to bus 0000:00
[    1.312373][    T1] pci_bus 0000:00: root bus resource [io  0x0000-0x0cf7 window]
[    1.313304][    T1] pci_bus 0000:00: root bus resource [io  0x0d00-0xffff window]
[    1.314236][    T1] pci_bus 0000:00: root bus resource [mem 0x000a0000-0x000bffff window]
[    1.315251][    T1] pci_bus 0000:00: root bus resource [mem 0x80000000-0xfebfffff window]
[    1.316260][    T1] pci_bus 0000:00: root bus resource [mem 0x100000000-0x17fffffff window]
[    1.317294][    T1] pci_bus 0000:00: root bus resource [bus 00-ff]
[    1.318374][    T1] pci 0000:00:00.0: [8086:1237] type 00 class 0x060000 conventional PCI endpoint
[    1.350722][    T1] pci 0000:00:01.0: [8086:7000] type 00 class 0x060100 conventional PCI endpoint
[    1.381859][    T1] pci 0000:00:01.1: [8086:7010] type 00 class 0x010180 conventional PCI endpoint
[    1.384444][    T1] pci 0000:00:01.1: BAR 4 [io  0xc000-0xc00f]
[    1.385812][    T1] pci 0000:00:01.1: BAR 0 [io  0x01f0-0x01f7]: legacy IDE quirk
[    1.386735][    T1] pci 0000:00:01.1: BAR 1 [io  0x03f6]: legacy IDE quirk
[    1.387582][    T1] pci 0000:00:01.1: BAR 2 [io  0x0170-0x0177]: legacy IDE quirk
[    1.387926][    T1] pci 0000:00:01.1: BAR 3 [io  0x0376]: legacy IDE quirk
[    1.389865][    T1] pci 0000:00:01.3: [8086:7113] type 00 class 0x068000 conventional PCI endpoint
[    1.391468][    T1] pci 0000:00:01.3: quirk: [io  0x0600-0x063f] claimed by PIIX4 ACPI
[    1.392449][    T1] pci 0000:00:01.3: quirk: [io  0x0700-0x070f] claimed by PIIX4 SMB
[    1.394876][    T1] pci 0000:00:02.0: [1234:1111] type 00 class 0x030000 conventional PCI endpoint
[    1.397166][    T1] pci 0000:00:02.0: BAR 0 [mem 0xfd000000-0xfdffffff pref]
[    1.399318][    T1] pci 0000:00:02.0: BAR 2 [mem 0xfebf0000-0xfebf0fff]
[    1.403704][    T1] pci 0000:00:02.0: ROM [mem 0xfebe0000-0xfebeffff pref]
[    1.404791][    T1] pci 0000:00:02.0: Video device with shadowed ROM at [mem 0x000c0000-0x000dffff]
[    1.444129][    T1] ACPI: PCI: Interrupt link LNKA configured for IRQ 10
[    1.448033][    T1] ACPI: PCI: Interrupt link LNKB configured for IRQ 10
[    1.451846][    T1] ACPI: PCI: Interrupt link LNKC configured for IRQ 11
[    1.455645][    T1] ACPI: PCI: Interrupt link LNKD configured for IRQ 11
[    1.457688][    T1] ACPI: PCI: Interrupt link LNKS configured for IRQ 9
[    1.478002][    T1] iommu: Default domain type: Translated
[    1.478785][    T1] iommu: DMA domain TLB invalidation policy: lazy mode
[    1.483109][    T1] SCSI subsystem initialized
[    1.499217][    T1] ACPI: bus type USB registered
[    1.500227][    T1] usbcore: registered new interface driver usbfs
[    1.501175][    T1] usbcore: registered new interface driver hub
[    1.502080][    T1] usbcore: registered new device driver usb
[    1.504211][    T1] mc: Linux media interface: v0.10
[    1.504999][    T1] videodev: Linux video capture interface: v2.00
[    1.506311][    T1] pps_core: LinuxPPS API ver. 1 registered
[    1.507012][    T1] pps_core: Software ver. 5.3.6 - Copyright 2005-2007 Rodolfo Giometti <giometti@linux.it>
[    1.508010][    T1] PTP clock support registered
[    1.538016][    T1] EDAC MC: Ver: 3.0.0
[    1.541974][    T1] Advanced Linux Sound Architecture Driver Initialized.
[    1.547167][    T1] Bluetooth: Core ver 2.22
[    1.547834][    T1] NET: Registered PF_BLUETOOTH protocol family
[    1.547928][    T1] Bluetooth: HCI device and connection manager initialized
[    1.548816][    T1] Bluetooth: HCI socket layer initialized
[    1.549511][    T1] Bluetooth: L2CAP socket layer initialized
[    1.550280][    T1] Bluetooth: SCO socket layer initialized
[    1.551031][    T1] NET: Registered PF_ATMPVC protocol family
[    1.551737][    T1] NET: Registered PF_ATMSVC protocol family
[    1.552687][    T1] NetLabel: Initializing
[    1.553200][    T1] NetLabel:  domain hash size = 128
[    1.553821][    T1] NetLabel:  protocols = UNLABELED CIPSOv4 CALIPSO
[    1.554967][    T1] NetLabel:  unlabeled traffic allowed by default
[    1.556298][    T1] nfc: nfc_init: NFC Core ver 0.1
[    1.558263][    T1] NET: Registered PF_NFC protocol family
[    1.559032][    T1] PCI: Using ACPI for IRQ routing
[    1.560132][    T1] pci 0000:00:02.0: vgaarb: setting as boot VGA device
[    1.560132][    T1] pci 0000:00:02.0: vgaarb: bridge control possible
[    1.560132][    T1] pci 0000:00:02.0: vgaarb: VGA device added: decodes=io+mem,owns=io+mem,locks=none
[    1.560830][    T1] vgaarb: loaded
[    1.562678][    T1] hpet0: at MMIO 0xfed00000, IRQs 2, 8, 0
[    1.563427][    T1] hpet0: 3 comparators, 64-bit 100.000000 MHz counter
[    1.570441][    T1] clocksource: Switched to clocksource kvm-clock
[    1.574530][    T1] VFS: Disk quotas dquot_6.6.0
[    1.575188][    T1] VFS: Dquot-cache hash table entries: 512 (order 0, 4096 bytes)
[    1.578645][    T1] netfs: FS-Cache loaded
[    1.580152][    T1] CacheFiles: Loaded
[    1.581099][    T1] TOMOYO: 2.6.0
[    1.581546][    T1] Mandatory Access Control activated.
[    1.582832][    T1] pnp: PnP ACPI init
[    1.593567][    T1] pnp: PnP ACPI: found 6 devices
[    1.670339][    T1] clocksource: acpi_pm: mask: 0xffffff max_cycles: 0xffffff, max_idle_ns: 2085701024 ns
[    1.672151][    T1] NET: Registered PF_INET protocol family
[    1.673377][    T1] IP idents hash table entries: 32768 (order: 6, 262144 bytes, linear)
[    1.678124][    T1] tcp_listen_portaddr_hash hash table entries: 1024 (order: 4, 73728 bytes, linear)
[    1.679348][    T1] Table-perturb hash table entries: 65536 (order: 6, 262144 bytes, linear)
[    1.680435][    T1] TCP established hash table entries: 16384 (order: 5, 131072 bytes, linear)
[    1.684005][    T1] TCP bind hash table entries: 16384 (order: 9, 2359296 bytes, linear)
[    1.687095][    T1] TCP: Hash tables configured (established 16384 bind 16384)
[    1.688777][    T1] MPTCP token hash table entries: 2048 (order: 5, 180224 bytes, linear)
[    1.690141][    T1] UDP hash table entries: 1024 (order: 5, 163840 bytes, linear)
[    1.691349][    T1] UDP-Lite hash table entries: 1024 (order: 5, 163840 bytes, linear)
[    1.693082][    T1] NET: Registered PF_UNIX/PF_LOCAL protocol family
[    1.716022][    T1] RPC: Registered named UNIX socket transport module.
[    1.716880][    T1] RPC: Registered udp transport module.
[    1.717541][    T1] RPC: Registered tcp transport module.
[    1.718196][    T1] RPC: Registered tcp-with-tls transport module.
[    1.718960][    T1] RPC: Registered tcp NFSv4.1 backchannel transport module.
[    1.733567][    T1] NET: Registered PF_XDP protocol family
[    1.734279][    T1] pci_bus 0000:00: resource 4 [io  0x0000-0x0cf7 window]
[    1.735458][    T1] pci_bus 0000:00: resource 5 [io  0x0d00-0xffff window]
[    1.737133][    T1] pci_bus 0000:00: resource 6 [mem 0x000a0000-0x000bffff window]
[    1.738948][    T1] pci_bus 0000:00: resource 7 [mem 0x80000000-0xfebfffff window]
[    1.740009][    T1] pci_bus 0000:00: resource 8 [mem 0x100000000-0x17fffffff window]
[    1.741910][    T1] pci 0000:00:01.0: PIIX3: Enabling Passive Release
[    1.742821][    T1] pci 0000:00:00.0: Limiting direct PCI/PCI transfers
[    1.743870][    T1] PCI: CLS 0 bytes, default 64
[    1.744730][    T1] ACPI: bus type thunderbolt registered
[    1.747096][    T1] kvm_intel: VMX not supported by CPU 0
[    1.748083][    T1] kvm_amd: Nested Virtualization enabled
[    1.748779][    T1] kvm_amd: Nested Paging enabled
[    1.751143][   T11] Trying to unpack rootfs image as initramfs...
[    1.783392][    T1] clocksource: tsc: mask: 0xffffffffffffffff max_cycles: 0x325b186289d, max_idle_ns: 440795326624 ns
[    1.795931][    T1] AES CTR mode by8 optimization enabled
[    2.086417][   T11] Freeing initrd memory: 1352K
[    2.087706][   T68] kworker/u8:5 (68) used greatest stack depth: 28784 bytes left
[    2.088643][   T61] kworker/u8:3 (61) used greatest stack depth: 28432 bytes left
[    2.090927][   T69] kworker/u8:5 (69) used greatest stack depth: 28416 bytes left
[    2.092361][   T70] kworker/u8:5 (70) used greatest stack depth: 27552 bytes left
[   11.432619][   T14] rcu_tasks_wait_gp: rcu_tasks grace period number 5 (since boot) is 1027 jiffies old.
[   12.392636][   T14] Callback from call_rcu_tasks() invoked.
[   12.440610][    T1] Initialise system trusted keyrings
[   12.442778][    T1] workingset: timestamp_bits=40 max_order=19 bucket_order=0
[   12.448624][    T1] DLM installed
[   12.451698][    T1] squashfs: version 4.0 (2009/01/31) Phillip Lougher
[   12.466891][    T1] NFS: Registering the id_resolver key type
[   12.467760][    T1] Key type id_resolver registered
[   12.468489][    T1] Key type id_legacy registered
[   12.469286][    T1] nfs4filelayout_init: NFSv4 File Layout Driver Registering...
[   12.470405][    T1] nfs4flexfilelayout_init: NFSv4 Flexfile Layout Driver Registering...
[   12.489341][    T1] Key type cifs.spnego registered
[   12.490858][    T1] Key type cifs.idmap registered
[   12.493387][    T1] ntfs3: Enabled Linux POSIX ACLs support
[   12.494735][    T1] ntfs3: Read-only LZX/Xpress compression included
[   12.496523][    T1] efs: 1.0a - http://aeschi.ch.eu.org/efs/
[   12.497939][    T1] jffs2: version 2.2. (NAND) (SUMMARY)  © 2001-2006 Red Hat, Inc.
[   12.501329][    T1] romfs: ROMFS MTD (C) 2007 Red Hat, Inc.
[   12.502923][    T1] QNX4 filesystem 0.2.3 registered.
[   12.504205][    T1] qnx6: QNX6 filesystem 1.0.0 registered.
[   12.506475][    T1] fuse: init (API version 7.41)
[   12.512116][    T1] orangefs_debugfs_init: called with debug mask: :none: :0:
[   12.515341][    T1] orangefs_init: module version upstream loaded
[   12.517566][    T1] JFS: nTxBlock = 8192, nTxLock = 65536
[   12.538046][    T1] SGI XFS with ACLs, security attributes, realtime, quota, no debug enabled
[   12.545191][    T1] 9p: Installing v9fs 9p2000 file system support
[   12.547562][    T1] NILFS version 2 loaded
[   12.548776][    T1] befs: version: 0.9.3
[   12.550874][    T1] ocfs2: Registered cluster interface o2cb
[   12.554545][    T1] ocfs2: Registered cluster interface user
[   12.556913][    T1] OCFS2 User DLM kernel interface loaded
[   12.577712][    T1] gfs2: GFS2 installed
[   12.590680][    T1] ceph: loaded (mds proto 32)
[   12.640147][    T1] NET: Registered PF_ALG protocol family
[   12.641091][    T1] xor: automatically using best checksumming function   avx       
[   12.642220][    T1] async_tx: api initialized (async)
[   12.643011][    T1] Key type asymmetric registered
[   12.643723][    T1] Asymmetric key parser 'x509' registered
[   12.644552][    T1] Asymmetric key parser 'pkcs8' registered
[   12.645372][    T1] Key type pkcs7_test registered
[   12.646365][    T1] Block layer SCSI generic (bsg) driver version 0.4 loaded (major 238)
[   12.648588][    T1] io scheduler mq-deadline registered
[   12.649861][    T1] io scheduler kyber registered
[   12.651267][    T1] io scheduler bfq registered
[   12.661532][    T1] input: Power Button as /devices/LNXSYSTM:00/LNXPWRBN:00/input/input0
[   12.673249][    T1] ACPI: button: Power Button [PWRF]
[   12.703062][    T1] ioatdma: Intel(R) QuickData Technology Driver 5.00
[   12.981939][  T627] kworker/u8:3 (627) used greatest stack depth: 27248 bytes left
[   13.016486][    T1] N_HDLC line discipline registered with maxframe=4096
[   13.017467][    T1] Serial: 8250/16550 driver, 4 ports, IRQ sharing enabled
[   13.020779][    T1] 00:04: ttyS0 at I/O 0x3f8 (irq = 4, base_baud = 115200) is a 16550A
[   13.044232][    T1] Non-volatile memory driver v1.3
[   13.045064][    T1] Linux agpgart interface v0.103
[   13.048047][    T1] usbcore: registered new interface driver xillyusb
[   13.051458][    T1] ACPI: bus type drm_connector registered
[   13.056547][    T1] [drm] Initialized vgem 1.0.0 for vgem on minor 0
[   13.063590][    T1] [drm] Initialized vkms 1.0.0 for vkms on minor 1
[   13.134702][    T1] Console: switching to colour frame buffer device 128x48
[   13.152007][    T1] platform vkms: [drm] fb0: vkmsdrmfb frame buffer device
[   13.153333][    T1] usbcore: registered new interface driver udl
[   13.155303][    T1] bochs-drm 0000:00:02.0: vgaarb: deactivate vga console
[   13.160431][    T1] [drm] Found bochs VGA, ID 0xb0c5.
[   13.161197][    T1] [drm] Framebuffer size 16384 kB @ 0xfd000000, mmio @ 0xfebf0000.
[   13.166621][    T1] [drm] Found EDID data blob.
[   13.172239][    T1] [drm] Initialized bochs-drm 1.0.0 for 0000:00:02.0 on minor 2
[   13.188648][    T1] fbcon: bochs-drmdrmfb (fb1) is primary device
[   13.188694][    T1] fbcon: Remapping primary device, fb1, to tty 1-63
[   24.474218][    T1] bochs-drm 0000:00:02.0: [drm] fb1: bochs-drmdrmfb frame buffer device
[   24.478263][    T1] usbcore: registered new interface driver gm12u320
[   24.480376][    T1] usbcore: registered new interface driver gud
[   24.562060][    T1] brd: module loaded
[   24.632372][    T1] loop: module loaded
[   24.665338][  T860] kworker/u8:0 (860) used greatest stack depth: 27072 bytes left
[   24.744858][    T1] zram: Added device: zram0
[   24.753479][    T1] null_blk: disk nullb0 created
[   24.754107][    T1] null_blk: module loaded
[   24.755271][    T1] Guest personality initialized and is inactive
[   24.756594][    T1] VMCI host device registered (name=vmci, major=10, minor=118)
[   24.757496][    T1] Initialized host personality
[   24.758213][    T1] usbcore: registered new interface driver rtsx_usb
[   24.760525][    T1] usbcore: registered new interface driver viperboard
[   24.761610][    T1] usbcore: registered new interface driver dln2
[   24.762974][    T1] usbcore: registered new interface driver pn533_usb
[   24.767197][    T1] nfcsim 0.2 initialized
[   24.767866][    T1] usbcore: registered new interface driver port100
[   24.768790][    T1] usbcore: registered new interface driver nfcmrvl
[   24.774227][    T1] Loading iSCSI transport class v2.0-870.
[   24.780257][    T1] st: Version 20160209, fixed bufsize 32768, s/g segs 256
[   24.805842][    T1] scsi host0: ata_piix
[   24.808819][    T1] scsi host1: ata_piix
[   24.810297][    T1] ata1: PATA max MWDMA2 cmd 0x1f0 ctl 0x3f6 bmdma 0xc000 irq 14 lpm-pol 0
[   24.811335][    T1] ata2: PATA max MWDMA2 cmd 0x170 ctl 0x376 bmdma 0xc008 irq 15 lpm-pol 0
[   24.816211][    T1] Rounding down aligned max_sectors from 4294967295 to 4294967288
[   24.817642][    T1] db_root: cannot open: /etc/target
[   24.819089][    T1] slram: not enough parameters.
[   24.827546][    T1] ftl_cs: FTL header not found.
[   24.858225][    T1] wireguard: WireGuard 1.0.0 loaded. See www.wireguard.com for information.
[   24.859286][    T1] wireguard: Copyright (C) 2015-2019 Jason A. Donenfeld <Jason@zx2c4.com>. All Rights Reserved.
[   24.860502][    T1] eql: Equalizer2002: Simon Janes (simon@ncm.com) and David S. Miller (davem@redhat.com)
[   24.869137][    T1] MACsec IEEE 802.1AE
[   24.878970][    T1] usbcore: registered new interface driver mvusb_mdio
[   24.879967][    T1] tun: Universal TUN/TAP device driver, 1.6
[   24.889453][    T1] vcan: Virtual CAN interface driver
[   24.890090][    T1] vxcan: Virtual CAN Tunnel driver
[   24.890705][    T1] slcan: serial line CAN interface driver
[   24.891382][    T1] CAN device driver interface
[   24.892076][    T1] usbcore: registered new interface driver usb_8dev
[   24.893355][    T1] usbcore: registered new interface driver ems_usb
[   24.894284][    T1] usbcore: registered new interface driver esd_usb
[   24.895780][    T1] usbcore: registered new interface driver etas_es58x
[   24.896724][    T1] usbcore: registered new interface driver f81604
[   24.897635][    T1] usbcore: registered new interface driver gs_usb
[   24.898568][    T1] usbcore: registered new interface driver kvaser_usb
[   24.899540][    T1] usbcore: registered new interface driver mcba_usb
[   24.901619][    T1] usbcore: registered new interface driver peak_usb
[   24.902987][    T1] usbcore: registered new interface driver ucan
[   24.904081][    T1] e100: Intel(R) PRO/100 Network Driver
[   24.904746][    T1] e100: Copyright(c) 1999-2006 Intel Corporation
[   24.905664][    T1] e1000: Intel(R) PRO/1000 Network Driver
[   24.906346][    T1] e1000: Copyright (c) 1999-2006 Intel Corporation.
[   24.907323][    T1] e1000e: Intel(R) PRO/1000 Network Driver
[   24.908013][    T1] e1000e: Copyright(c) 1999 - 2015 Intel Corporation.
[   24.910277][    T1] mkiss: AX.25 Multikiss, Hans Albas PE1AYX
[   24.911025][    T1] AX.25: bpqether driver version 004
[   24.911654][    T1] PPP generic driver version 2.4.2
[   24.915831][    T1] PPP BSD Compression module registered
[   24.916510][    T1] PPP Deflate Compression module registered
[   24.917246][    T1] PPP MPPE Compression module registered
[   24.917916][    T1] NET: Registered PF_PPPOX protocol family
[   24.918652][    T1] PPTP driver version 0.8.5
[   24.919717][    T1] SLIP: version 0.8.4-NET3.019-NEWTTY (dynamic channels, max=256) (6 bit encapsulation enabled).
[   24.920955][    T1] CSLIP: code copyright 1989 Regents of the University of California.
[   24.921908][    T1] SLIP linefill/keepalive option.
[   24.923920][    T1] hdlc: HDLC support module revision 1.22
[   24.924637][    T1] LAPB Ethernet driver version 0.02
[   24.926311][    T1] usbcore: registered new interface driver ath9k_htc
[   24.927480][    T1] usbcore: registered new interface driver carl9170
[   24.928633][    T1] usbcore: registered new interface driver ath6kl_usb
[   24.929784][    T1] usbcore: registered new interface driver ar5523
[   24.931279][    T1] usbcore: registered new interface driver ath10k_usb
[   24.932464][    T1] usbcore: registered new interface driver plfxlc
[   24.933728][    T1] mac80211_hwsim: initializing netlink
[   24.960046][    T1] usbcore: registered new interface driver atusb
[   24.969339][    T1] mac802154_hwsim mac802154_hwsim: Added 2 mac802154 hwsim hardware radios
[   24.971235][    T1] VMware vmxnet3 virtual NIC driver - version 1.9.0.0-k-NAPI
[   24.973051][ T1005] ata2: found unknown device (class 0)
[   24.974487][ T1005] ata2.00: ATAPI: QEMU DVD-ROM, 2.5+, max UDMA/100
[   24.975497][    T1] usbcore: registered new interface driver catc
[   24.976678][    T1] usbcore: registered new interface driver kaweth
[   24.977444][    T1] pegasus: Pegasus/Pegasus II USB Ethernet driver
[   24.979216][    T1] usbcore: registered new interface driver pegasus
[   24.980369][    T1] usbcore: registered new interface driver rtl8150
[   24.981491][    T1] usbcore: registered new device driver r8152-cfgselector
[   24.982757][    T1] usbcore: registered new interface driver r8152
[   24.983937][    T1] usbcore: registered new interface driver hso
[   24.985042][    T1] usbcore: registered new interface driver lan78xx
[   24.986168][    T1] usbcore: registered new interface driver asix
[   24.987451][    T1] usbcore: registered new interface driver ax88179_178a
[   24.988650][    T1] usbcore: registered new interface driver cdc_ether
[   24.989827][    T1] usbcore: registered new interface driver cdc_eem
[   24.991153][    T1] usbcore: registered new interface driver dm9601
[   24.992320][    T1] usbcore: registered new interface driver sr9700
[   24.993473][    T1] usbcore: registered new interface driver CoreChips
[   24.994625][    T1] usbcore: registered new interface driver smsc75xx
[   24.995209][   T59] scsi 1:0:0:0: CD-ROM            QEMU     QEMU DVD-ROM     2.5+ PQ: 0 ANSI: 5
[   24.995770][    T1] usbcore: registered new interface driver smsc95xx
[   24.998091][    T1] usbcore: registered new interface driver gl620a
[   24.999291][    T1] usbcore: registered new interface driver net1080
[   25.000663][    T1] usbcore: registered new interface driver plusb
[   25.001931][    T1] usbcore: registered new interface driver rndis_host
[   25.003183][    T1] usbcore: registered new interface driver cdc_subset
[   25.004359][    T1] usbcore: registered new interface driver zaurus
[   25.005494][    T1] usbcore: registered new interface driver MOSCHIP usb-ethernet driver
[   25.006842][    T1] usbcore: registered new interface driver int51x1
[   25.008036][    T1] usbcore: registered new interface driver cdc_phonet
[   25.009233][    T1] usbcore: registered new interface driver kalmia
[   25.010368][    T1] usbcore: registered new interface driver ipheth
[   25.011498][    T1] usbcore: registered new interface driver sierra_net
[   25.013021][    T1] usbcore: registered new interface driver cx82310_eth
[   25.013993][    T1] usbcore: registered new interface driver cdc_ncm
[   25.014916][    T1] usbcore: registered new interface driver huawei_cdc_ncm
[   25.015917][    T1] usbcore: registered new interface driver lg-vl600
[   25.016849][    T1] usbcore: registered new interface driver qmi_wwan
[   25.017781][    T1] usbcore: registered new interface driver cdc_mbim
[   25.018723][    T1] usbcore: registered new interface driver ch9200
[   25.019632][    T1] usbcore: registered new interface driver aqc111
[   25.020556][    T1] usbcore: registered new interface driver r8153_ecm
[   25.055735][    T1] VFIO - User Level meta-driver version: 0.3
[   25.060507][    T1] aoe: AoE v85 initialised.
[   25.069808][    T1] SPI driver max3421-hcd has no spi_device_id for maxim,max3421
[   25.073509][    T1] usbcore: registered new interface driver cdc_acm
[   25.074298][    T1] cdc_acm: USB Abstract Control Model driver for USB modems and ISDN adapters
[   25.075494][    T1] usbcore: registered new interface driver usblp
[   25.076405][    T1] usbcore: registered new interface driver cdc_wdm
[   25.077348][    T1] usbcore: registered new interface driver usbtmc
[   25.080186][   T59] sr 1:0:0:0: [sr0] scsi3-mmc drive: 4x/4x cd/rw xa/form2 tray
[   25.080242][    T1] usbcore: registered new interface driver uas
[   25.081196][   T59] cdrom: Uniform CD-ROM driver Revision: 3.20
[   25.082049][    T1] usbcore: registered new interface driver usb-storage
[   25.084085][    T1] usbcore: registered new interface driver ums-alauda
[   25.085248][    T1] usbcore: registered new interface driver ums-cypress
[   25.086417][    T1] usbcore: registered new interface driver ums-datafab
[   25.087692][    T1] usbcore: registered new interface driver ums_eneub6250
[   25.088867][    T1] usbcore: registered new interface driver ums-freecom
[   25.090046][    T1] usbcore: registered new interface driver ums-isd200
[   25.091209][    T1] usbcore: registered new interface driver ums-jumpshot
[   25.094782][    T1] usbcore: registered new interface driver ums-karma
[   25.096910][    T1] usbcore: registered new interface driver ums-onetouch
[   25.098015][    T1] usbcore: registered new interface driver ums-realtek
[   25.099181][    T1] usbcore: registered new interface driver ums-sddr09
[   25.100332][    T1] usbcore: registered new interface driver ums-sddr55
[   25.101488][    T1] usbcore: registered new interface driver ums-usbat
[   25.103077][    T1] usbcore: registered new interface driver mdc800
[   25.103855][    T1] mdc800: v0.7.5 (30/10/2000):USB Driver for Mustek MDC800 Digital Camera
[   25.105008][    T1] usbcore: registered new interface driver microtekX6
[   25.106194][    T1] usbcore: registered new interface driver usbserial_generic
[   25.107366][    T1] usbserial: USB Serial support registered for generic
[   25.108367][    T1] usbcore: registered new interface driver aircable
[   25.109315][    T1] usbserial: USB Serial support registered for aircable
[   25.110271][    T1] usbcore: registered new interface driver ark3116
[   25.111164][    T1] usbserial: USB Serial support registered for ark3116
[   25.112110][    T1] usbcore: registered new interface driver belkin_sa
[   25.115328][    T1] usbserial: USB Serial support registered for Belkin / Peracom / GoHubs USB Serial Adapter
[   25.116674][    T1] usbcore: registered new interface driver ch341
[   25.117549][    T1] usbserial: USB Serial support registered for ch341-uart
[   25.118546][    T1] usbcore: registered new interface driver cp210x
[   25.119440][    T1] usbserial: USB Serial support registered for cp210x
[   25.120382][    T1] usbcore: registered new interface driver cyberjack
[   25.121299][    T1] usbserial: USB Serial support registered for Reiner SCT Cyberjack USB card reader
[   25.122716][    T1] usbcore: registered new interface driver cypress_m8
[   25.123751][    T1] usbserial: USB Serial support registered for DeLorme Earthmate USB
[   25.124955][    T1] usbserial: USB Serial support registered for HID->COM RS232 Adapter
[   25.126908][    T1] usbserial: USB Serial support registered for Nokia CA-42 V2 Adapter
[   25.128026][    T1] usbcore: registered new interface driver usb_debug
[   25.129029][    T1] usbserial: USB Serial support registered for debug
[   25.131303][    T1] usbserial: USB Serial support registered for xhci_dbc
[   25.132409][    T1] usbcore: registered new interface driver digi_acceleport
[   25.133427][    T1] usbserial: USB Serial support registered for Digi 2 port USB adapter
[   25.134882][    T1] usbserial: USB Serial support registered for Digi 4 port USB adapter
[   25.136033][    T1] usbcore: registered new interface driver io_edgeport
[   25.136992][    T1] usbserial: USB Serial support registered for Edgeport 2 port adapter
[   25.138078][   T59] sr 1:0:0:0: Attached scsi generic sg0 type 5
[   25.140776][    T1] usbserial: USB Serial support registered for Edgeport 4 port adapter
[   25.141881][    T1] usbserial: USB Serial support registered for Edgeport 8 port adapter
[   25.143314][    T1] usbserial: USB Serial support registered for EPiC device
[   25.144310][    T1] usbcore: registered new interface driver io_ti
[   25.145199][    T1] usbserial: USB Serial support registered for Edgeport TI 1 port adapter
[   25.146326][    T1] usbserial: USB Serial support registered for Edgeport TI 2 port adapter
[   25.147480][    T1] usbcore: registered new interface driver empeg
[   25.148356][    T1] usbserial: USB Serial support registered for empeg
[   25.149352][    T1] usbcore: registered new interface driver f81534a_ctrl
[   25.150347][    T1] usbcore: registered new interface driver f81232
[   25.151254][    T1] usbserial: USB Serial support registered for f81232
[   25.152203][    T1] usbserial: USB Serial support registered for f81534a
[   25.153518][    T1] usbcore: registered new interface driver f81534
[   25.154409][    T1] usbserial: USB Serial support registered for Fintek F81532/F81534
[   25.155508][    T1] usbcore: registered new interface driver ftdi_sio
[   25.156476][    T1] usbserial: USB Serial support registered for FTDI USB Serial Device
[   25.157581][    T1] usbcore: registered new interface driver garmin_gps
[   25.158512][    T1] usbserial: USB Serial support registered for Garmin GPS usb/tty
[   25.159590][    T1] usbcore: registered new interface driver ipaq
[   25.160464][    T1] usbserial: USB Serial support registered for PocketPC PDA
[   25.161466][    T1] usbcore: registered new interface driver ipw
[   25.162398][    T1] usbserial: USB Serial support registered for IPWireless converter
[   25.165088][    T1] usbcore: registered new interface driver ir_usb
[   25.165991][    T1] usbserial: USB Serial support registered for IR Dongle
[   25.166980][    T1] usbcore: registered new interface driver iuu_phoenix
[   25.167924][    T1] usbserial: USB Serial support registered for iuu_phoenix
[   25.168926][    T1] usbcore: registered new interface driver keyspan
[   25.169819][    T1] usbserial: USB Serial support registered for Keyspan - (without firmware)
[   25.170989][    T1] usbserial: USB Serial support registered for Keyspan 1 port adapter
[   25.172074][    T1] usbserial: USB Serial support registered for Keyspan 2 port adapter
[   25.173523][    T1] usbserial: USB Serial support registered for Keyspan 4 port adapter
[   25.174637][    T1] usbcore: registered new interface driver keyspan_pda
[   25.175585][    T1] usbserial: USB Serial support registered for Keyspan PDA
[   25.176567][    T1] usbserial: USB Serial support registered for Keyspan PDA - (prerenumeration)
[   25.177777][    T1] usbcore: registered new interface driver kl5kusb105
[   25.178715][    T1] usbserial: USB Serial support registered for KL5KUSB105D / PalmConnect
[   25.179858][    T1] usbcore: registered new interface driver kobil_sct
[   25.180768][    T1] usbserial: USB Serial support registered for KOBIL USB smart card terminal
[   25.181952][    T1] usbcore: registered new interface driver mct_u232
[   25.184411][    T1] usbserial: USB Serial support registered for MCT U232
[   25.185381][    T1] usbcore: registered new interface driver metro_usb
[   25.186291][    T1] usbserial: USB Serial support registered for Metrologic USB to Serial
[   25.187426][    T1] usbcore: registered new interface driver mos7720
[   25.188344][    T1] usbserial: USB Serial support registered for Moschip 2 port adapter
[   25.189449][    T1] usbcore: registered new interface driver mos7840
[   25.190343][    T1] usbserial: USB Serial support registered for Moschip 7840/7820 USB Serial Driver
[   25.191606][    T1] usbcore: registered new interface driver mxuport
[   25.192530][    T1] usbserial: USB Serial support registered for MOXA UPort
[   25.193521][    T1] usbcore: registered new interface driver navman
[   25.194402][    T1] usbserial: USB Serial support registered for navman
[   25.195345][    T1] usbcore: registered new interface driver omninet
[   25.196252][    T1] usbserial: USB Serial support registered for ZyXEL - omni.net usb
[   25.197341][    T1] usbcore: registered new interface driver opticon
[   25.198245][    T1] usbserial: USB Serial support registered for opticon
[   25.199216][    T1] usbcore: registered new interface driver option
[   25.200105][    T1] usbserial: USB Serial support registered for GSM modem (1-port)
[   25.201175][    T1] usbcore: registered new interface driver oti6858
[   25.202074][    T1] usbserial: USB Serial support registered for oti6858
[   25.203430][    T1] usbcore: registered new interface driver pl2303
[   25.204940][    T1] usbserial: USB Serial support registered for pl2303
[   25.206174][    T1] usbcore: registered new interface driver qcaux
[   25.207061][    T1] usbserial: USB Serial support registered for qcaux
[   25.207990][    T1] usbcore: registered new interface driver qcserial
[   25.208925][    T1] usbserial: USB Serial support registered for Qualcomm USB modem
[   25.209991][    T1] usbcore: registered new interface driver quatech2
[   25.210906][    T1] usbserial: USB Serial support registered for Quatech 2nd gen USB to Serial Driver
[   25.212154][    T1] usbcore: registered new interface driver safe_serial
[   25.213330][    T1] usbserial: USB Serial support registered for safe_serial
[   25.214342][    T1] usbcore: registered new interface driver sierra
[   25.215234][    T1] usbserial: USB Serial support registered for Sierra USB modem
[   25.216281][    T1] usbcore: registered new interface driver usb_serial_simple
[   25.217290][    T1] usbserial: USB Serial support registered for carelink
[   25.218243][    T1] usbserial: USB Serial support registered for flashloader
[   25.219244][    T1] usbserial: USB Serial support registered for funsoft
[   25.220190][    T1] usbserial: USB Serial support registered for google
[   25.221114][    T1] usbserial: USB Serial support registered for hp4x
[   25.222018][    T1] usbserial: USB Serial support registered for kaufmann
[   25.223212][    T1] usbserial: USB Serial support registered for libtransistor
[   25.224218][    T1] usbserial: USB Serial support registered for moto_modem
[   25.225193][    T1] usbserial: USB Serial support registered for motorola_tetra
[   25.226205][    T1] usbserial: USB Serial support registered for nokia
[   25.227127][    T1] usbserial: USB Serial support registered for novatel_gps
[   25.228110][    T1] usbserial: USB Serial support registered for siemens_mpi
[   25.229085][    T1] usbserial: USB Serial support registered for suunto
[   25.230021][    T1] usbserial: USB Serial support registered for vivopay
[   25.230969][    T1] usbserial: USB Serial support registered for zio
[   25.231886][    T1] usbcore: registered new interface driver spcp8x5
[   25.232832][    T1] usbserial: USB Serial support registered for SPCP8x5
[   25.233783][    T1] usbcore: registered new interface driver ssu100
[   25.234692][    T1] usbserial: USB Serial support registered for Quatech SSU-100 USB to Serial Driver
[   25.235945][    T1] usbcore: registered new interface driver symbolserial
[   25.236897][    T1] usbserial: USB Serial support registered for symbol
[   25.237849][    T1] usbcore: registered new interface driver ti_usb_3410_5052
[   25.238861][    T1] usbserial: USB Serial support registered for TI USB 3410 1 port adapter
[   25.239996][    T1] usbserial: USB Serial support registered for TI USB 5052 2 port adapter
[   25.241153][    T1] usbcore: registered new interface driver upd78f0730
[   25.242081][    T1] usbserial: USB Serial support registered for upd78f0730
[   25.243136][    T1] usbcore: registered new interface driver visor
[   25.244018][    T1] usbserial: USB Serial support registered for Handspring Visor / Palm OS
[   25.245169][    T1] usbserial: USB Serial support registered for Sony Clie 5.0
[   25.246173][    T1] usbserial: USB Serial support registered for Sony Clie 3.5
[   25.247195][    T1] usbcore: registered new interface driver wishbone_serial
[   25.248173][    T1] usbserial: USB Serial support registered for wishbone_serial
[   25.249222][    T1] usbcore: registered new interface driver whiteheat
[   25.250150][    T1] usbserial: USB Serial support registered for Connect Tech - WhiteHEAT - (prerenumeration)
[   25.251471][    T1] usbserial: USB Serial support registered for Connect Tech - WhiteHEAT
[   25.252642][    T1] usbcore: registered new interface driver xr_serial
[   25.253570][    T1] usbserial: USB Serial support registered for xr_serial
[   25.254546][    T1] usbcore: registered new interface driver xsens_mt
[   25.255480][    T1] usbserial: USB Serial support registered for xsens_mt
[   25.256971][    T1] usbcore: registered new interface driver adutux
[   25.257903][    T1] usbcore: registered new interface driver appledisplay
[   25.258893][    T1] usbcore: registered new interface driver cypress_cy7c63
[   25.259896][    T1] usbcore: registered new interface driver cytherm
[   25.260832][    T1] usbcore: registered new interface driver emi26 - firmware loader
[   25.261952][    T1] usbcore: registered new interface driver emi62 - firmware loader
[   25.263273][    T1] usbcore: registered new device driver apple-mfi-fastcharge
[   25.264318][    T1] usbcore: registered new interface driver ljca
[   25.265231][    T1] usbcore: registered new interface driver idmouse
[   25.266160][    T1] usbcore: registered new interface driver iowarrior
[   25.267123][    T1] usbcore: registered new interface driver isight_firmware
[   25.268144][    T1] usbcore: registered new interface driver usblcd
[   25.269071][    T1] usbcore: registered new interface driver ldusb
[   25.269991][    T1] usbcore: registered new interface driver legousbtower
[   25.270982][    T1] usbcore: registered new interface driver usbtest
[   25.271921][    T1] usbcore: registered new interface driver usb_ehset_test
[   25.272970][    T1] usbcore: registered new interface driver trancevibrator
[   25.273995][    T1] usbcore: registered new interface driver uss720
[   25.274778][    T1] uss720: USB Parport Cable driver for Cables using the Lucent Technologies USS720 Chip
[   25.275927][    T1] uss720: NOTE: this is a special purpose driver to allow nonstandard
[   25.276902][    T1] uss720: protocols (eg. bitbang) over USS720 usb to parallel cables
[   25.277883][    T1] uss720: If you just want to connect to a printer, use usblp instead
[   25.279030][    T1] usbcore: registered new interface driver usbsevseg
[   25.280026][    T1] usbcore: registered new interface driver yurex
[   25.281560][    T1] usbcore: registered new interface driver chaoskey
[   25.283147][    T1] usbcore: registered new interface driver sisusb
[   25.284106][    T1] usbcore: registered new interface driver lvs
[   25.285028][    T1] usbcore: registered new interface driver cxacru
[   25.285963][    T1] usbcore: registered new interface driver speedtch
[   25.286933][    T1] usbcore: registered new interface driver ueagle-atm
[   25.288328][    T1] xusbatm: malformed module parameters
[   25.290983][    T1] dummy_hcd dummy_hcd.0: USB Host+Gadget Emulator, driver 02 May 2005
[   25.292036][    T1] dummy_hcd dummy_hcd.0: Dummy host controller
[   25.294493][    T1] dummy_hcd dummy_hcd.0: new USB bus registered, assigned bus number 1
[   25.296925][    T1] usb usb1: New USB device found, idVendor=1d6b, idProduct=0002, bcdDevice= 6.12
[   25.298097][    T1] usb usb1: New USB device strings: Mfr=3, Product=2, SerialNumber=1
[   25.299112][    T1] usb usb1: Product: Dummy host controller
[   25.299843][    T1] usb usb1: Manufacturer: Linux 6.12.0-g43fb83c17ba2-dirty dummy_hcd
[   25.300848][    T1] usb usb1: SerialNumber: dummy_hcd.0
[   25.305354][    T1] hub 1-0:1.0: USB hub found
[   25.306279][    T1] hub 1-0:1.0: 1 port detected
[   25.315012][    T1] SPI driver max3420-udc has no spi_device_id for maxim,max3421-udc
[   25.316465][    T1] gadgetfs: USB Gadget filesystem, version 24 Aug 2004
[   25.320168][    T1] vhci_hcd vhci_hcd.0: USB/IP Virtual Host Controller
[   25.322098][    T1] vhci_hcd vhci_hcd.0: new USB bus registered, assigned bus number 2
[   25.324572][    T1] vhci_hcd: created sysfs vhci_hcd.0
[   25.326889][    T1] usb usb2: New USB device found, idVendor=1d6b, idProduct=0002, bcdDevice= 6.12
[   25.328007][    T1] usb usb2: New USB device strings: Mfr=3, Product=2, SerialNumber=1
[   25.329007][    T1] usb usb2: Product: USB/IP Virtual Host Controller
[   25.329833][    T1] usb usb2: Manufacturer: Linux 6.12.0-g43fb83c17ba2-dirty vhci_hcd
[   25.330833][    T1] usb usb2: SerialNumber: vhci_hcd.0
[   25.335672][    T1] hub 2-0:1.0: USB hub found
[   25.336765][    T1] hub 2-0:1.0: 8 ports detected
[   25.345068][    T1] vhci_hcd vhci_hcd.0: USB/IP Virtual Host Controller
[   25.346596][    T1] vhci_hcd vhci_hcd.0: new USB bus registered, assigned bus number 3
[   25.347971][    T1] usb usb3: We don't know the algorithms for LPM for this host, disabling LPM.
[   25.349852][    T1] usb usb3: New USB device found, idVendor=1d6b, idProduct=0003, bcdDevice= 6.12
[   25.350960][    T1] usb usb3: New USB device strings: Mfr=3, Product=2, SerialNumber=1
[   25.351931][    T1] usb usb3: Product: USB/IP Virtual Host Controller
[   25.352772][    T1] usb usb3: Manufacturer: Linux 6.12.0-g43fb83c17ba2-dirty vhci_hcd
[   25.353744][    T1] usb usb3: SerialNumber: vhci_hcd.0
[   25.357012][    T1] hub 3-0:1.0: USB hub found
[   25.357763][    T1] hub 3-0:1.0: 8 ports detected
[   25.367883][    T1] vhci_hcd vhci_hcd.1: USB/IP Virtual Host Controller
[   25.369450][    T1] vhci_hcd vhci_hcd.1: new USB bus registered, assigned bus number 4
[   25.371331][    T1] usb usb4: New USB device found, idVendor=1d6b, idProduct=0002, bcdDevice= 6.12
[   25.372442][    T1] usb usb4: New USB device strings: Mfr=3, Product=2, SerialNumber=1
[   25.373513][    T1] usb usb4: Product: USB/IP Virtual Host Controller
[   25.374315][    T1] usb usb4: Manufacturer: Linux 6.12.0-g43fb83c17ba2-dirty vhci_hcd
[   25.375362][    T1] usb usb4: SerialNumber: vhci_hcd.1
[   25.378553][    T1] hub 4-0:1.0: USB hub found
[   25.379309][    T1] hub 4-0:1.0: 8 ports detected
[   25.387363][    T1] vhci_hcd vhci_hcd.1: USB/IP Virtual Host Controller
[   25.388865][    T1] vhci_hcd vhci_hcd.1: new USB bus registered, assigned bus number 5
[   25.390199][    T1] usb usb5: We don't know the algorithms for LPM for this host, disabling LPM.
[   25.392013][    T1] usb usb5: New USB device found, idVendor=1d6b, idProduct=0003, bcdDevice= 6.12
[   25.393749][    T1] usb usb5: New USB device strings: Mfr=3, Product=2, SerialNumber=1
[   25.394742][    T1] usb usb5: Product: USB/IP Virtual Host Controller
[   25.395544][    T1] usb usb5: Manufacturer: Linux 6.12.0-g43fb83c17ba2-dirty vhci_hcd
[   25.396629][    T1] usb usb5: SerialNumber: vhci_hcd.1
[   25.399992][    T1] hub 5-0:1.0: USB hub found
[   25.400749][    T1] hub 5-0:1.0: 8 ports detected
[   25.411050][    T1] vhci_hcd vhci_hcd.2: USB/IP Virtual Host Controller
[   25.412772][    T1] vhci_hcd vhci_hcd.2: new USB bus registered, assigned bus number 6
[   25.414660][    T1] usb usb6: New USB device found, idVendor=1d6b, idProduct=0002, bcdDevice= 6.12
[   25.415796][    T1] usb usb6: New USB device strings: Mfr=3, Product=2, SerialNumber=1
[   25.416791][    T1] usb usb6: Product: USB/IP Virtual Host Controller
[   25.417607][    T1] usb usb6: Manufacturer: Linux 6.12.0-g43fb83c17ba2-dirty vhci_hcd
[   25.418583][    T1] usb usb6: SerialNumber: vhci_hcd.2
[   25.421786][    T1] hub 6-0:1.0: USB hub found
[   25.422618][    T1] hub 6-0:1.0: 8 ports detected
[   25.430851][    T1] vhci_hcd vhci_hcd.2: USB/IP Virtual Host Controller
[   25.432438][    T1] vhci_hcd vhci_hcd.2: new USB bus registered, assigned bus number 7
[   25.434058][    T1] usb usb7: We don't know the algorithms for LPM for this host, disabling LPM.
[   25.436065][    T1] usb usb7: New USB device found, idVendor=1d6b, idProduct=0003, bcdDevice= 6.12
[   25.437256][    T1] usb usb7: New USB device strings: Mfr=3, Product=2, SerialNumber=1
[   25.438363][    T1] usb usb7: Product: USB/IP Virtual Host Controller
[   25.439204][    T1] usb usb7: Manufacturer: Linux 6.12.0-g43fb83c17ba2-dirty vhci_hcd
[   25.440191][    T1] usb usb7: SerialNumber: vhci_hcd.2
[   25.443749][    T1] hub 7-0:1.0: USB hub found
[   25.444592][    T1] hub 7-0:1.0: 8 ports detected
[   25.453926][    T1] vhci_hcd vhci_hcd.3: USB/IP Virtual Host Controller
[   25.455854][    T1] vhci_hcd vhci_hcd.3: new USB bus registered, assigned bus number 8
[   25.458013][    T1] usb usb8: New USB device found, idVendor=1d6b, idProduct=0002, bcdDevice= 6.12
[   25.459255][    T1] usb usb8: New USB device strings: Mfr=3, Product=2, SerialNumber=1
[   25.460368][    T1] usb usb8: Product: USB/IP Virtual Host Controller
[   25.461303][    T1] usb usb8: Manufacturer: Linux 6.12.0-g43fb83c17ba2-dirty vhci_hcd
[   25.462387][    T1] usb usb8: SerialNumber: vhci_hcd.3
[   25.466398][    T1] hub 8-0:1.0: USB hub found
[   25.467219][    T1] hub 8-0:1.0: 8 ports detected
[   25.474715][    T1] vhci_hcd vhci_hcd.3: USB/IP Virtual Host Controller
[   25.477045][    T1] vhci_hcd vhci_hcd.3: new USB bus registered, assigned bus number 9
[   25.478507][    T1] usb usb9: We don't know the algorithms for LPM for this host, disabling LPM.
[   25.480451][    T1] usb usb9: New USB device found, idVendor=1d6b, idProduct=0003, bcdDevice= 6.12
[   25.481688][    T1] usb usb9: New USB device strings: Mfr=3, Product=2, SerialNumber=1
[   25.483393][    T1] usb usb9: Product: USB/IP Virtual Host Controller
[   25.484302][    T1] usb usb9: Manufacturer: Linux 6.12.0-g43fb83c17ba2-dirty vhci_hcd
[   25.485397][    T1] usb usb9: SerialNumber: vhci_hcd.3
[   25.488658][    T1] hub 9-0:1.0: USB hub found
[   25.489416][    T1] hub 9-0:1.0: 8 ports detected
[   25.499374][    T1] vhci_hcd vhci_hcd.4: USB/IP Virtual Host Controller
[   25.501159][    T1] vhci_hcd vhci_hcd.4: new USB bus registered, assigned bus number 10
[   25.503183][    T1] usb usb10: New USB device found, idVendor=1d6b, idProduct=0002, bcdDevice= 6.12
[   25.504466][    T1] usb usb10: New USB device strings: Mfr=3, Product=2, SerialNumber=1
[   25.505569][    T1] usb usb10: Product: USB/IP Virtual Host Controller
[   25.506489][    T1] usb usb10: Manufacturer: Linux 6.12.0-g43fb83c17ba2-dirty vhci_hcd
[   25.507493][    T1] usb usb10: SerialNumber: vhci_hcd.4
[   25.510764][    T1] hub 10-0:1.0: USB hub found
[   25.511543][    T1] hub 10-0:1.0: 8 ports detected
[   25.519389][    T1] vhci_hcd vhci_hcd.4: USB/IP Virtual Host Controller
[   25.521781][    T1] vhci_hcd vhci_hcd.4: new USB bus registered, assigned bus number 11
[   25.523296][    T1] usb usb11: We don't know the algorithms for LPM for this host, disabling LPM.
[   25.525130][    T1] usb usb11: New USB device found, idVendor=1d6b, idProduct=0003, bcdDevice= 6.12
[   25.526263][    T1] usb usb11: New USB device strings: Mfr=3, Product=2, SerialNumber=1
[   25.527271][    T1] usb usb11: Product: USB/IP Virtual Host Controller
[   25.528096][    T1] usb usb11: Manufacturer: Linux 6.12.0-g43fb83c17ba2-dirty vhci_hcd
[   25.529165][    T1] usb usb11: SerialNumber: vhci_hcd.4
[   25.532587][    T1] hub 11-0:1.0: USB hub found
[   25.533417][    T1] hub 11-0:1.0: 8 ports detected
[   25.543469][    T1] vhci_hcd vhci_hcd.5: USB/IP Virtual Host Controller
[   25.545590][    T1] vhci_hcd vhci_hcd.5: new USB bus registered, assigned bus number 12
[   25.549298][    T1] usb usb12: New USB device found, idVendor=1d6b, idProduct=0002, bcdDevice= 6.12
[   25.551787][    T1] usb usb12: New USB device strings: Mfr=3, Product=2, SerialNumber=1
[   25.555504][    T1] usb usb12: Product: USB/IP Virtual Host Controller
[   25.557016][    T1] usb usb12: Manufacturer: Linux 6.12.0-g43fb83c17ba2-dirty vhci_hcd
[   25.558712][    T1] usb usb12: SerialNumber: vhci_hcd.5
[   25.562344][    T1] hub 12-0:1.0: USB hub found
[   25.563228][    T1] hub 12-0:1.0: 8 ports detected
[   25.571415][    T1] vhci_hcd vhci_hcd.5: USB/IP Virtual Host Controller
[   25.573374][    T1] vhci_hcd vhci_hcd.5: new USB bus registered, assigned bus number 13
[   25.574780][    T1] usb usb13: We don't know the algorithms for LPM for this host, disabling LPM.
[   25.576655][    T1] usb usb13: New USB device found, idVendor=1d6b, idProduct=0003, bcdDevice= 6.12
[   25.577843][    T1] usb usb13: New USB device strings: Mfr=3, Product=2, SerialNumber=1
[   25.578875][    T1] usb usb13: Product: USB/IP Virtual Host Controller
[   25.579705][    T1] usb usb13: Manufacturer: Linux 6.12.0-g43fb83c17ba2-dirty vhci_hcd
[   25.580704][    T1] usb usb13: SerialNumber: vhci_hcd.5
[   25.584556][    T1] hub 13-0:1.0: USB hub found
[   25.585319][    T1] hub 13-0:1.0: 8 ports detected
[   25.595763][    T1] vhci_hcd vhci_hcd.6: USB/IP Virtual Host Controller
[   25.597347][    T1] vhci_hcd vhci_hcd.6: new USB bus registered, assigned bus number 14
[   25.599256][    T1] usb usb14: New USB device found, idVendor=1d6b, idProduct=0002, bcdDevice= 6.12
[   25.600515][    T1] usb usb14: New USB device strings: Mfr=3, Product=2, SerialNumber=1
[   25.601519][    T1] usb usb14: Product: USB/IP Virtual Host Controller
[   25.602336][    T1] usb usb14: Manufacturer: Linux 6.12.0-g43fb83c17ba2-dirty vhci_hcd
[   25.603412][    T1] usb usb14: SerialNumber: vhci_hcd.6
[   25.606650][    T1] hub 14-0:1.0: USB hub found
[   25.607416][    T1] hub 14-0:1.0: 8 ports detected
[   25.614666][    T1] vhci_hcd vhci_hcd.6: USB/IP Virtual Host Controller
[   25.616887][    T1] vhci_hcd vhci_hcd.6: new USB bus registered, assigned bus number 15
[   25.618235][    T1] usb usb15: We don't know the algorithms for LPM for this host, disabling LPM.
[   25.620066][    T1] usb usb15: New USB device found, idVendor=1d6b, idProduct=0003, bcdDevice= 6.12
[   25.621193][    T1] usb usb15: New USB device strings: Mfr=3, Product=2, SerialNumber=1
[   25.622185][    T1] usb usb15: Product: USB/IP Virtual Host Controller
[   25.623061][    T1] usb usb15: Manufacturer: Linux 6.12.0-g43fb83c17ba2-dirty vhci_hcd
[   25.624042][    T1] usb usb15: SerialNumber: vhci_hcd.6
[   25.627814][    T1] hub 15-0:1.0: USB hub found
[   25.628571][    T1] hub 15-0:1.0: 8 ports detected
[   25.638785][    T1] vhci_hcd vhci_hcd.7: USB/IP Virtual Host Controller
[   25.640825][    T1] vhci_hcd vhci_hcd.7: new USB bus registered, assigned bus number 16
[   25.642757][    T1] usb usb16: New USB device found, idVendor=1d6b, idProduct=0002, bcdDevice= 6.12
[   25.643879][    T1] usb usb16: New USB device strings: Mfr=3, Product=2, SerialNumber=1
[   25.644869][    T1] usb usb16: Product: USB/IP Virtual Host Controller
[   25.645680][    T1] usb usb16: Manufacturer: Linux 6.12.0-g43fb83c17ba2-dirty vhci_hcd
[   25.646690][    T1] usb usb16: SerialNumber: vhci_hcd.7
[   25.650259][    T1] hub 16-0:1.0: USB hub found
[   25.651291][    T1] hub 16-0:1.0: 8 ports detected
[   25.658710][    T1] vhci_hcd vhci_hcd.7: USB/IP Virtual Host Controller
[   25.661122][    T1] vhci_hcd vhci_hcd.7: new USB bus registered, assigned bus number 17
[   25.662512][    T1] usb usb17: We don't know the algorithms for LPM for this host, disabling LPM.
[   25.664687][    T1] usb usb17: New USB device found, idVendor=1d6b, idProduct=0003, bcdDevice= 6.12
[   25.665837][    T1] usb usb17: New USB device strings: Mfr=3, Product=2, SerialNumber=1
[   25.666916][    T1] usb usb17: Product: USB/IP Virtual Host Controller
[   25.667769][    T1] usb usb17: Manufacturer: Linux 6.12.0-g43fb83c17ba2-dirty vhci_hcd
[   25.668759][    T1] usb usb17: SerialNumber: vhci_hcd.7
[   25.672432][    T1] hub 17-0:1.0: USB hub found
[   25.673484][    T1] hub 17-0:1.0: 8 ports detected
[   25.683816][    T1] vhci_hcd vhci_hcd.8: USB/IP Virtual Host Controller
[   25.685723][    T1] vhci_hcd vhci_hcd.8: new USB bus registered, assigned bus number 18
[   25.689523][    T1] usb usb18: New USB device found, idVendor=1d6b, idProduct=0002, bcdDevice= 6.12
[   25.691957][    T1] usb usb18: New USB device strings: Mfr=3, Product=2, SerialNumber=1
[   25.695769][    T1] usb usb18: Product: USB/IP Virtual Host Controller
[   25.697481][    T1] usb usb18: Manufacturer: Linux 6.12.0-g43fb83c17ba2-dirty vhci_hcd
[   25.699605][    T1] usb usb18: SerialNumber: vhci_hcd.8
[   25.705781][    T1] hub 18-0:1.0: USB hub found
[   25.707717][    T1] hub 18-0:1.0: 8 ports detected
[   25.723317][    T1] vhci_hcd vhci_hcd.8: USB/IP Virtual Host Controller
[   25.724984][    T1] vhci_hcd vhci_hcd.8: new USB bus registered, assigned bus number 19
[   25.726330][    T1] usb usb19: We don't know the algorithms for LPM for this host, disabling LPM.
[   25.728239][    T1] usb usb19: New USB device found, idVendor=1d6b, idProduct=0003, bcdDevice= 6.12
[   25.729427][    T1] usb usb19: New USB device strings: Mfr=3, Product=2, SerialNumber=1
[   25.730454][    T1] usb usb19: Product: USB/IP Virtual Host Controller
[   25.731311][    T1] usb usb19: Manufacturer: Linux 6.12.0-g43fb83c17ba2-dirty vhci_hcd
[   25.732400][    T1] usb usb19: SerialNumber: vhci_hcd.8
[   25.736257][    T1] hub 19-0:1.0: USB hub found
[   25.737038][    T1] hub 19-0:1.0: 8 ports detected
[   25.748228][    T1] vhci_hcd vhci_hcd.9: USB/IP Virtual Host Controller
[   25.750979][    T1] vhci_hcd vhci_hcd.9: new USB bus registered, assigned bus number 20
[   25.754677][    T1] usb usb20: New USB device found, idVendor=1d6b, idProduct=0002, bcdDevice= 6.12
[   25.756904][    T1] usb usb20: New USB device strings: Mfr=3, Product=2, SerialNumber=1
[   25.758744][    T1] usb usb20: Product: USB/IP Virtual Host Controller
[   25.759979][    T1] usb usb20: Manufacturer: Linux 6.12.0-g43fb83c17ba2-dirty vhci_hcd
[   25.761005][    T1] usb usb20: SerialNumber: vhci_hcd.9
[   25.764269][    T1] hub 20-0:1.0: USB hub found
[   25.765066][    T1] hub 20-0:1.0: 8 ports detected
[   25.772401][    T1] vhci_hcd vhci_hcd.9: USB/IP Virtual Host Controller
[   25.774873][    T1] vhci_hcd vhci_hcd.9: new USB bus registered, assigned bus number 21
[   25.776264][    T1] usb usb21: We don't know the algorithms for LPM for this host, disabling LPM.
[   25.778224][    T1] usb usb21: New USB device found, idVendor=1d6b, idProduct=0003, bcdDevice= 6.12
[   25.779371][    T1] usb usb21: New USB device strings: Mfr=3, Product=2, SerialNumber=1
[   25.780394][    T1] usb usb21: Product: USB/IP Virtual Host Controller
[   25.781243][    T1] usb usb21: Manufacturer: Linux 6.12.0-g43fb83c17ba2-dirty vhci_hcd
[   25.782243][    T1] usb usb21: SerialNumber: vhci_hcd.9
[   25.785770][    T1] hub 21-0:1.0: USB hub found
[   25.786540][    T1] hub 21-0:1.0: 8 ports detected
[   25.796073][    T1] vhci_hcd vhci_hcd.10: USB/IP Virtual Host Controller
[   25.798550][    T1] vhci_hcd vhci_hcd.10: new USB bus registered, assigned bus number 22
[   25.800479][    T1] usb usb22: New USB device found, idVendor=1d6b, idProduct=0002, bcdDevice= 6.12
[   25.801630][    T1] usb usb22: New USB device strings: Mfr=3, Product=2, SerialNumber=1
[   25.802738][    T1] usb usb22: Product: USB/IP Virtual Host Controller
[   25.803574][    T1] usb usb22: Manufacturer: Linux 6.12.0-g43fb83c17ba2-dirty vhci_hcd
[   25.804569][    T1] usb usb22: SerialNumber: vhci_hcd.10
[   25.808354][    T1] hub 22-0:1.0: USB hub found
[   25.809141][    T1] hub 22-0:1.0: 8 ports detected
[   25.817447][    T1] vhci_hcd vhci_hcd.10: USB/IP Virtual Host Controller
[   25.819327][    T1] vhci_hcd vhci_hcd.10: new USB bus registered, assigned bus number 23
[   25.820733][    T1] usb usb23: We don't know the algorithms for LPM for this host, disabling LPM.
[   25.822623][    T1] usb usb23: New USB device found, idVendor=1d6b, idProduct=0003, bcdDevice= 6.12
[   25.823783][    T1] usb usb23: New USB device strings: Mfr=3, Product=2, SerialNumber=1
[   25.824808][    T1] usb usb23: Product: USB/IP Virtual Host Controller
[   25.825650][    T1] usb usb23: Manufacturer: Linux 6.12.0-g43fb83c17ba2-dirty vhci_hcd
[   25.826647][    T1] usb usb23: SerialNumber: vhci_hcd.10
[   25.830258][    T1] hub 23-0:1.0: USB hub found
[   25.831191][    T1] hub 23-0:1.0: 8 ports detected
[   25.841367][    T1] vhci_hcd vhci_hcd.11: USB/IP Virtual Host Controller
[   25.843668][    T1] vhci_hcd vhci_hcd.11: new USB bus registered, assigned bus number 24
[   25.845766][    T1] usb usb24: New USB device found, idVendor=1d6b, idProduct=0002, bcdDevice= 6.12
[   25.846927][    T1] usb usb24: New USB device strings: Mfr=3, Product=2, SerialNumber=1
[   25.847946][    T1] usb usb24: Product: USB/IP Virtual Host Controller
[   25.848782][    T1] usb usb24: Manufacturer: Linux 6.12.0-g43fb83c17ba2-dirty vhci_hcd
[   25.849788][    T1] usb usb24: SerialNumber: vhci_hcd.11
[   25.854030][    T1] hub 24-0:1.0: USB hub found
[   25.854814][    T1] hub 24-0:1.0: 8 ports detected
[   25.862704][    T1] vhci_hcd vhci_hcd.11: USB/IP Virtual Host Controller
[   25.865131][    T1] vhci_hcd vhci_hcd.11: new USB bus registered, assigned bus number 25
[   25.866525][    T1] usb usb25: We don't know the algorithms for LPM for this host, disabling LPM.
[   25.868393][    T1] usb usb25: New USB device found, idVendor=1d6b, idProduct=0003, bcdDevice= 6.12
[   25.869550][    T1] usb usb25: New USB device strings: Mfr=3, Product=2, SerialNumber=1
[   25.870564][    T1] usb usb25: Product: USB/IP Virtual Host Controller
[   25.871408][    T1] usb usb25: Manufacturer: Linux 6.12.0-g43fb83c17ba2-dirty vhci_hcd
[   25.872414][    T1] usb usb25: SerialNumber: vhci_hcd.11
[   25.876101][    T1] hub 25-0:1.0: USB hub found
[   25.877032][    T1] hub 25-0:1.0: 8 ports detected
[   25.887125][    T1] vhci_hcd vhci_hcd.12: USB/IP Virtual Host Controller
[   25.888978][    T1] vhci_hcd vhci_hcd.12: new USB bus registered, assigned bus number 26
[   25.890930][    T1] usb usb26: New USB device found, idVendor=1d6b, idProduct=0002, bcdDevice= 6.12
[   25.892073][    T1] usb usb26: New USB device strings: Mfr=3, Product=2, SerialNumber=1
[   25.893148][    T1] usb usb26: Product: USB/IP Virtual Host Controller
[   25.893986][    T1] usb usb26: Manufacturer: Linux 6.12.0-g43fb83c17ba2-dirty vhci_hcd
[   25.894997][    T1] usb usb26: SerialNumber: vhci_hcd.12
[   25.898657][    T1] hub 26-0:1.0: USB hub found
[   25.899590][    T1] hub 26-0:1.0: 8 ports detected
[   25.907187][    T1] vhci_hcd vhci_hcd.12: USB/IP Virtual Host Controller
[   25.909411][    T1] vhci_hcd vhci_hcd.12: new USB bus registered, assigned bus number 27
[   25.910914][    T1] usb usb27: We don't know the algorithms for LPM for this host, disabling LPM.
[   25.912788][    T1] usb usb27: New USB device found, idVendor=1d6b, idProduct=0003, bcdDevice= 6.12
[   25.913944][    T1] usb usb27: New USB device strings: Mfr=3, Product=2, SerialNumber=1
[   25.914969][    T1] usb usb27: Product: USB/IP Virtual Host Controller
[   25.915805][    T1] usb usb27: Manufacturer: Linux 6.12.0-g43fb83c17ba2-dirty vhci_hcd
[   25.916802][    T1] usb usb27: SerialNumber: vhci_hcd.12
[   25.920477][    T1] hub 27-0:1.0: USB hub found
[   25.921271][    T1] hub 27-0:1.0: 8 ports detected
[   25.931988][    T1] vhci_hcd vhci_hcd.13: USB/IP Virtual Host Controller
[   25.933940][    T1] vhci_hcd vhci_hcd.13: new USB bus registered, assigned bus number 28
[   25.935877][    T1] usb usb28: New USB device found, idVendor=1d6b, idProduct=0002, bcdDevice= 6.12
[   25.937032][    T1] usb usb28: New USB device strings: Mfr=3, Product=2, SerialNumber=1
[   25.938048][    T1] usb usb28: Product: USB/IP Virtual Host Controller
[   25.938913][    T1] usb usb28: Manufacturer: Linux 6.12.0-g43fb83c17ba2-dirty vhci_hcd
[   25.939915][    T1] usb usb28: SerialNumber: vhci_hcd.13
[   25.943507][    T1] hub 28-0:1.0: USB hub found
[   25.944476][    T1] hub 28-0:1.0: 8 ports detected
[   25.953232][    T1] vhci_hcd vhci_hcd.13: USB/IP Virtual Host Controller
[   25.955015][    T1] vhci_hcd vhci_hcd.13: new USB bus registered, assigned bus number 29
[   25.956489][    T1] usb usb29: We don't know the algorithms for LPM for this host, disabling LPM.
[   25.958323][    T1] usb usb29: New USB device found, idVendor=1d6b, idProduct=0003, bcdDevice= 6.12
[   25.959505][    T1] usb usb29: New USB device strings: Mfr=3, Product=2, SerialNumber=1
[   25.960532][    T1] usb usb29: Product: USB/IP Virtual Host Controller
[   25.961364][    T1] usb usb29: Manufacturer: Linux 6.12.0-g43fb83c17ba2-dirty vhci_hcd
[   25.962371][    T1] usb usb29: SerialNumber: vhci_hcd.13
[   25.966098][    T1] hub 29-0:1.0: USB hub found
[   25.966879][    T1] hub 29-0:1.0: 8 ports detected
[   25.975912][    T1] vhci_hcd vhci_hcd.14: USB/IP Virtual Host Controller
[   25.978238][    T1] vhci_hcd vhci_hcd.14: new USB bus registered, assigned bus number 30
[   25.980138][    T1] usb usb30: New USB device found, idVendor=1d6b, idProduct=0002, bcdDevice= 6.12
[   25.981288][    T1] usb usb30: New USB device strings: Mfr=3, Product=2, SerialNumber=1
[   25.982313][    T1] usb usb30: Product: USB/IP Virtual Host Controller
[   25.983197][    T1] usb usb30: Manufacturer: Linux 6.12.0-g43fb83c17ba2-dirty vhci_hcd
[   25.984203][    T1] usb usb30: SerialNumber: vhci_hcd.14
[   25.987896][    T1] hub 30-0:1.0: USB hub found
[   25.988679][    T1] hub 30-0:1.0: 8 ports detected
[   25.996318][    T1] vhci_hcd vhci_hcd.14: USB/IP Virtual Host Controller
[   25.998195][    T1] vhci_hcd vhci_hcd.14: new USB bus registered, assigned bus number 31
[   25.999607][    T1] usb usb31: We don't know the algorithms for LPM for this host, disabling LPM.
[   26.001447][    T1] usb usb31: New USB device found, idVendor=1d6b, idProduct=0003, bcdDevice= 6.12
[   26.002646][    T1] usb usb31: New USB device strings: Mfr=3, Product=2, SerialNumber=1
[   26.003678][    T1] usb usb31: Product: USB/IP Virtual Host Controller
[   26.004515][    T1] usb usb31: Manufacturer: Linux 6.12.0-g43fb83c17ba2-dirty vhci_hcd
[   26.005513][    T1] usb usb31: SerialNumber: vhci_hcd.14
[   26.009294][    T1] hub 31-0:1.0: USB hub found
[   26.010073][    T1] hub 31-0:1.0: 8 ports detected
[   26.020437][    T1] vhci_hcd vhci_hcd.15: USB/IP Virtual Host Controller
[   26.022207][    T1] vhci_hcd vhci_hcd.15: new USB bus registered, assigned bus number 32
[   26.024132][    T1] usb usb32: New USB device found, idVendor=1d6b, idProduct=0002, bcdDevice= 6.12
[   26.025288][    T1] usb usb32: New USB device strings: Mfr=3, Product=2, SerialNumber=1
[   26.026309][    T1] usb usb32: Product: USB/IP Virtual Host Controller
[   26.027159][    T1] usb usb32: Manufacturer: Linux 6.12.0-g43fb83c17ba2-dirty vhci_hcd
[   26.028162][    T1] usb usb32: SerialNumber: vhci_hcd.15
[   26.031812][    T1] hub 32-0:1.0: USB hub found
[   26.032662][    T1] hub 32-0:1.0: 8 ports detected
[   26.040887][    T1] vhci_hcd vhci_hcd.15: USB/IP Virtual Host Controller
[   26.042615][    T1] vhci_hcd vhci_hcd.15: new USB bus registered, assigned bus number 33
[   26.044163][    T1] usb usb33: We don't know the algorithms for LPM for this host, disabling LPM.
[   26.046014][    T1] usb usb33: New USB device found, idVendor=1d6b, idProduct=0003, bcdDevice= 6.12
[   26.047178][    T1] usb usb33: New USB device strings: Mfr=3, Product=2, SerialNumber=1
[   26.048192][    T1] usb usb33: Product: USB/IP Virtual Host Controller
[   26.049001][    T1] usb usb33: Manufacturer: Linux 6.12.0-g43fb83c17ba2-dirty vhci_hcd
[   26.049979][    T1] usb usb33: SerialNumber: vhci_hcd.15
[   26.053665][    T1] hub 33-0:1.0: USB hub found
[   26.054419][    T1] hub 33-0:1.0: 8 ports detected
[   26.064425][    T1] usbcore: registered new device driver usbip-host
[   26.071749][    T1] i8042: PNP: PS/2 Controller [PNP0303:KBD,PNP0f13:MOU] at 0x60,0x64 irq 1,12
[   26.075080][    T1] serio: i8042 KBD port at 0x60,0x64 irq 1
[   26.077983][    T1] serio: i8042 AUX port at 0x60,0x64 irq 12
[   26.087768][    T1] mousedev: PS/2 mouse device common for all mice
[   26.091182][    T1] usbcore: registered new interface driver appletouch
[   26.092943][    T1] usbcore: registered new interface driver bcm5974
[   26.095477][  T924] input: AT Translated Set 2 keyboard as /devices/platform/i8042/serio0/input/input1
[   26.098260][    T1] usbcore: registered new interface driver synaptics_usb
[   26.099397][    T1] usbcore: registered new interface driver iforce
[   26.100417][    T1] usbcore: registered new interface driver pxrc
[   26.101737][    T1] usbcore: registered new interface driver xpad
[   26.102979][    T1] usbcore: registered new interface driver usb_acecad
[   26.104061][    T1] usbcore: registered new interface driver aiptek
[   26.105642][    T1] usbcore: registered new interface driver hanwang
[   26.106668][    T1] usbcore: registered new interface driver kbtab
[   26.108080][    T1] usbcore: registered new interface driver pegasus_notetaker
[   26.109332][    T1] usbcore: registered new interface driver usbtouchscreen
[   26.111414][    T1] usbcore: registered new interface driver sur40
[   26.113088][    T1] usbcore: registered new interface driver ati_remote2
[   26.113914][    T1] cm109: Keymap for Komunikate KIP1000 phone loaded
[   26.115130][    T1] usbcore: registered new interface driver cm109
[   26.118578][    T1] cm109: CM109 phone driver: 20080805 (C) Alfred E. Heggestad
[   26.120430][    T1] usbcore: registered new interface driver ims_pcu
[   26.129129][    T1] usbcore: registered new interface driver keyspan_remote
[   26.130247][    T1] usbcore: registered new interface driver powermate
[   26.132260][    T1] usbcore: registered new interface driver yealink
[   26.134475][    T1] rtc_cmos 00:05: RTC can wake from S4
[   26.141605][    T1] rtc_cmos 00:05: registered as rtc0
[   26.143007][    T1] rtc_cmos 00:05: alarms up to one day, y3k, 242 bytes nvram, hpet irqs
[   26.144839][    T1] i2c_dev: i2c /dev entries driver
[   26.145995][    T1] usbcore: registered new interface driver i2c-diolan-u2c
[   26.147387][    T1] usbcore: registered new interface driver i2c-cp2615
[   26.148999][    T1] usbcore: registered new interface driver RobotFuzz Open Source InterFace, OSIF
[   26.150356][    T1] usbcore: registered new interface driver i2c-tiny-usb
[   26.156347][    T1] usbcore: registered new interface driver igorplugusb
[   26.157422][    T1] usbcore: registered new interface driver iguanair
[   26.159100][    T1] usbcore: registered new interface driver imon
[   26.160113][    T1] usbcore: registered new interface driver imon_raw
[   26.161388][    T1] usbcore: registered new interface driver mceusb
[   26.162409][    T1] usbcore: registered new interface driver redrat3
[   26.164770][    T1] usbcore: registered new interface driver streamzap
[   26.165849][    T1] usbcore: registered new interface driver ir_toy
[   26.166878][    T1] usbcore: registered new interface driver ttusbir
[   26.167951][    T1] usbcore: registered new interface driver ati_remote
[   26.169020][    T1] usbcore: registered new interface driver xbox_remote
[   26.170175][    T1] b2c2-flexcop: B2C2 FlexcopII/II(b)/III digital TV receiver chip loaded successfully
[   26.171692][    T1] usbcore: registered new interface driver b2c2_flexcop_usb
[   26.173483][    T1] usbcore: registered new interface driver dvb_usb_vp7045
[   26.174602][    T1] usbcore: registered new interface driver dvb_usb_vp702x
[   26.175719][    T1] usbcore: registered new interface driver dvb_usb_gp8psk
[   26.176856][    T1] usbcore: registered new interface driver dvb_usb_dtt200u
[   26.178041][    T1] usbcore: registered new interface driver dvb_usb_a800
[   26.179232][    T1] usbcore: registered new interface driver dvb_usb_dibusb_mb
[   26.180427][    T1] usbcore: registered new interface driver dvb_usb_dibusb_mc
[   26.181563][    T1] usbcore: registered new interface driver dvb_usb_nova_t_usb2
[   26.183084][    T1] usbcore: registered new interface driver dvb_usb_umt_010
[   26.184211][    T1] usbcore: registered new interface driver dvb_usb_m920x
[   26.185295][    T1] usbcore: registered new interface driver dvb_usb_digitv
[   26.186765][    T1] usbcore: registered new interface driver dvb_usb_cxusb
[   26.187871][    T1] usbcore: registered new interface driver dvb_usb_ttusb2
[   26.189288][    T1] usbcore: registered new interface driver dvb_usb_dib0700
[   26.190403][    T1] usbcore: registered new interface driver opera1
[   26.191461][    T1] usbcore: registered new interface driver dvb_usb_af9005
[   26.192318][    T1] failing symbol_get of non-GPLONLY symbol af9005_rc_decode.
[   26.195000][    T1] failing symbol_get of non-GPLONLY symbol af9005_rc_decode.
[   26.195893][    T1] failing symbol_get of non-GPLONLY symbol rc_map_af9005_table.
[   26.197301][    T1] failing symbol_get of non-GPLONLY symbol rc_map_af9005_table.
[   26.198213][    T1] failing symbol_get of non-GPLONLY symbol rc_map_af9005_table_size.
[   26.199735][    T1] failing symbol_get of non-GPLONLY symbol rc_map_af9005_table_size.
[   26.200700][    T1] af9005: af9005_rc_decode function not found, disabling remote
[   26.201861][    T1] usbcore: registered new interface driver pctv452e
[   26.203039][    T1] usbcore: registered new interface driver dw2102
[   26.204071][    T1] usbcore: registered new interface driver dvb_usb_dtv5100
[   26.205482][    T1] usbcore: registered new interface driver cinergyT2
[   26.206559][    T1] usbcore: registered new interface driver dvb_usb_az6027
[   26.207674][    T1] usbcore: registered new interface driver dvb_usb_technisat_usb2
[   26.208955][    T1] usbcore: registered new interface driver dvb_usb_af9015
[   26.210155][    T1] usbcore: registered new interface driver dvb_usb_af9035
[   26.211236][    T1] usbcore: registered new interface driver dvb_usb_anysee
[   26.212314][    T1] usbcore: registered new interface driver dvb_usb_au6610
[   26.213696][    T1] usbcore: registered new interface driver dvb_usb_az6007
[   26.214780][    T1] usbcore: registered new interface driver dvb_usb_ce6230
[   26.215873][    T1] usbcore: registered new interface driver dvb_usb_ec168
[   26.217652][    T1] usbcore: registered new interface driver dvb_usb_lmedm04
[   26.218749][    T1] usbcore: registered new interface driver dvb_usb_gl861
[   26.219925][    T1] usbcore: registered new interface driver dvb_usb_mxl111sf
[   26.221139][    T1] usbcore: registered new interface driver dvb_usb_rtl28xxu
[   26.222282][    T1] usbcore: registered new interface driver dvb_usb_dvbsky
[   26.223457][    T1] usbcore: registered new interface driver zd1301
[   26.224478][    T1] usbcore: registered new interface driver s2255
[   26.225627][    T1] usbcore: registered new interface driver smsusb
[   26.226683][    T1] usbcore: registered new interface driver ttusb
[   26.227696][    T1] usbcore: registered new interface driver ttusb-dec
[   26.228772][    T1] usbcore: registered new interface driver Abilis Systems as10x usb driver
[   26.230085][    T1] usbcore: registered new interface driver airspy
[   26.230885][    T1] gspca_main: v2.14.0 registered
[   26.231764][    T1] usbcore: registered new interface driver benq
[   26.232832][    T1] usbcore: registered new interface driver conex
[   26.233882][    T1] usbcore: registered new interface driver cpia1
[   26.234932][    T1] usbcore: registered new interface driver dtcs033
[   26.236005][    T1] usbcore: registered new interface driver etoms
[   26.237118][    T1] usbcore: registered new interface driver finepix
[   26.238179][    T1] usbcore: registered new interface driver jeilinj
[   26.239251][    T1] usbcore: registered new interface driver jl2005bcd
[   26.240333][    T1] usbcore: registered new interface driver kinect
[   26.241386][    T1] usbcore: registered new interface driver konica
[   26.242441][    T1] usbcore: registered new interface driver mars
[   26.243522][    T1] usbcore: registered new interface driver mr97310a
[   26.244617][    T1] usbcore: registered new interface driver nw80x
[   26.245750][    T1] usbcore: registered new interface driver ov519
[   26.246806][    T1] usbcore: registered new interface driver ov534
[   26.247845][    T1] usbcore: registered new interface driver ov534_9
[   26.248952][    T1] usbcore: registered new interface driver pac207
[   26.250066][    T1] usbcore: registered new interface driver gspca_pac7302
[   26.251214][    T1] usbcore: registered new interface driver pac7311
[   26.252290][    T1] usbcore: registered new interface driver se401
[   26.253367][    T1] usbcore: registered new interface driver sn9c2028
[   26.254598][    T1] usbcore: registered new interface driver gspca_sn9c20x
[   26.255813][    T1] usbcore: registered new interface driver sonixb
[   26.256990][    T1] usbcore: registered new interface driver sonixj
[   26.258097][    T1] usbcore: registered new interface driver spca500
[   26.259190][    T1] usbcore: registered new interface driver spca501
[   26.260245][    T1] usbcore: registered new interface driver spca505
[   26.261329][    T1] usbcore: registered new interface driver spca506
[   26.262414][    T1] usbcore: registered new interface driver spca508
[   26.263642][    T1] usbcore: registered new interface driver spca561
[   26.264727][    T1] usbcore: registered new interface driver spca1528
[   26.265788][    T1] usbcore: registered new interface driver sq905
[   26.266854][    T1] usbcore: registered new interface driver sq905c
[   26.267943][    T1] usbcore: registered new interface driver sq930x
[   26.269192][    T1] usbcore: registered new interface driver sunplus
[   26.270261][    T1] usbcore: registered new interface driver stk014
[   26.271330][    T1] usbcore: registered new interface driver stk1135
[   26.272412][    T1] usbcore: registered new interface driver stv0680
[   26.273520][    T1] usbcore: registered new interface driver t613
[   26.274560][    T1] usbcore: registered new interface driver gspca_topro
[   26.275690][    T1] usbcore: registered new interface driver touptek
[   26.276778][    T1] usbcore: registered new interface driver tv8532
[   26.277874][    T1] usbcore: registered new interface driver vc032x
[   26.278932][    T1] usbcore: registered new interface driver vicam
[   26.280008][    T1] usbcore: registered new interface driver xirlink-cit
[   26.281310][    T1] usbcore: registered new interface driver gspca_zc3xx
[   26.282524][    T1] usbcore: registered new interface driver ALi m5602
[   26.283640][    T1] usbcore: registered new interface driver STV06xx
[   26.284701][    T1] usbcore: registered new interface driver gspca_gl860
[   26.285822][    T1] usbcore: registered new interface driver hackrf
[   26.286902][    T1] usbcore: registered new interface driver msi2500
[   26.288072][    T1] usbcore: registered new interface driver Philips webcam
[   26.289555][    T1] usbcore: registered new interface driver uvcvideo
[   26.290368][    T1] au0828: au0828 driver loaded
[   26.291332][    T1] usbcore: registered new interface driver au0828
[   26.293215][    T1] usbcore: registered new interface driver cx231xx
[   26.295146][    T1] usbcore: registered new interface driver em28xx
[   26.295970][    T1] em28xx: Registered (Em28xx v4l2 Extension) extension
[   26.296811][    T1] em28xx: Registered (Em28xx Audio Extension) extension
[   26.297664][    T1] em28xx: Registered (Em28xx dvb Extension) extension
[   26.298494][    T1] em28xx: Registered (Em28xx Input Extension) extension
[   26.299658][    T1] usbcore: registered new interface driver go7007
[   26.300728][    T1] usbcore: registered new interface driver go7007-loader
[   26.302001][    T1] usbcore: registered new interface driver hdpvr
[   26.303480][    T1] usbcore: registered new interface driver pvrusb2
[   26.304285][    T1] pvrusb2: V4L in-tree version:Hauppauge WinTV-PVR-USB2 MPEG2 Encoder/Tuner
[   26.305331][    T1] pvrusb2: Debug mask is 31 (0x1f)
[   26.306233][    T1] usbcore: registered new interface driver stk1160
[   26.307310][    T1] usbcore: registered new interface driver usbtv
[   26.311574][    T1] dvbdev: DVB: registering new adapter (dvb_vidtv_bridge)
[   26.316017][    T1] i2c i2c-0: DVB: registering adapter 0 frontend 0 (Dummy demod for DVB-T/T2/C/S/S2)...
[   26.317498][    T1] dvbdev: dvb_create_media_entity: media entity 'Dummy demod for DVB-T/T2/C/S/S2' registered.
[   26.326784][    T1] dvbdev: dvb_create_media_entity: media entity 'dvb-demux' registered.
[   26.334099][    T1] vidtv vidtv.0: Successfully initialized vidtv!
[   26.337066][    T1] vicodec vicodec.0: Device 'stateful-encoder' registered as /dev/video0
[   26.338724][    T1] vicodec vicodec.0: Device 'stateful-decoder' registered as /dev/video1
[   26.340351][    T1] vicodec vicodec.0: Device 'stateless-decoder' registered as /dev/video2
[   26.343898][    T1] vim2m vim2m.0: Device registered as /dev/video0
[   26.365460][    T1] vivid-000: using single planar format API
[   26.382071][    T1] vivid-000: CEC adapter cec0 registered for HDMI input
[   26.384518][    T1] vivid-000: V4L2 capture device registered as video7
[   26.386243][    T1] vivid-000: CEC adapter cec1 registered for HDMI output 0
[   26.388034][    T1] vivid-000: V4L2 output device registered as video8
[   26.389739][    T1] vivid-000: V4L2 capture device registered as vbi0, supports raw and sliced VBI
[   26.391731][    T1] vivid-000: V4L2 output device registered as vbi1, supports raw and sliced VBI
[   26.394019][    T1] vivid-000: V4L2 capture device registered as swradio0
[   26.395463][    T1] vivid-000: V4L2 receiver device registered as radio0
[   26.396891][    T1] vivid-000: V4L2 transmitter device registered as radio1
[   26.398360][    T1] vivid-000: V4L2 metadata capture device registered as video9
[   26.399993][    T1] vivid-000: V4L2 metadata output device registered as video10
[   26.401527][    T1] vivid-000: V4L2 touch capture device registered as v4l-touch0
[   26.404250][    T1] usbcore: registered new interface driver radioshark2
[   26.405371][    T1] usbcore: registered new interface driver radioshark
[   26.406500][    T1] usbcore: registered new interface driver radio-si470x
[   26.407982][    T1] usbcore: registered new interface driver radio-usb-si4713
[   26.409147][    T1] usbcore: registered new interface driver dsbr100
[   26.410211][    T1] usbcore: registered new interface driver radio-keene
[   26.411330][    T1] usbcore: registered new interface driver radio-ma901
[   26.412440][    T1] usbcore: registered new interface driver radio-mr800
[   26.414310][    T1] usbcore: registered new interface driver radio-raremono
[   26.416506][    T1] usbcore: registered new interface driver powerz
[   26.417572][    T1] usbcore: registered new interface driver pcwd_usb
[   26.440743][    T1] device-mapper: core: CONFIG_IMA_DISABLE_HTABLE is disabled. Duplicate IMA measurements will not be recorded in the IMA log.
[   26.442367][    T1] device-mapper: uevent: version 1.0.3
[   26.444103][    T1] device-mapper: ioctl: 4.48.0-ioctl (2023-03-01) initialised: dm-devel@lists.linux.dev
[   26.456850][    T1] device-mapper: multipath round-robin: version 1.2.0 loaded
[   26.457751][    T1] device-mapper: multipath queue-length: version 0.2.0 loaded
[   26.458663][    T1] device-mapper: multipath service-time: version 0.3.0 loaded
[   26.460666][    T1] Bluetooth: HCI UART driver ver 2.3
[   26.461322][    T1] Bluetooth: HCI UART protocol H4 registered
[   26.462048][    T1] Bluetooth: HCI UART protocol BCSP registered
[   26.463000][    T1] Bluetooth: HCI UART protocol LL registered
[   26.463876][    T1] Bluetooth: HCI UART protocol Three-wire (H5) registered
[   26.464879][    T1] Bluetooth: HCI UART protocol QCA registered
[   26.465625][    T1] Bluetooth: HCI UART protocol AG6XX registered
[   26.466540][    T1] Bluetooth: HCI UART protocol Marvell registered
[   26.467601][    T1] usbcore: registered new interface driver bcm203x
[   26.468653][    T1] usbcore: registered new interface driver bpa10x
[   26.469705][    T1] usbcore: registered new interface driver bfusb
[   26.470878][    T1] usbcore: registered new interface driver btusb
[   26.472128][    T1] usbcore: registered new interface driver ath3k
[   26.473791][    T1] Modular ISDN core version 1.1.29
[   26.475731][    T1] NET: Registered PF_ISDN protocol family
[   26.476441][    T1] DSP module 2.0
[   26.476885][    T1] mISDN_dsp: DSP clocks every 80 samples. This equals 1 jiffies.
[   26.507896][    T1] mISDN: Layer-1-over-IP driver Rev. 2.00
[   26.510130][    T1] 0 virtual devices registered
[   26.511042][    T1] usbcore: registered new interface driver HFC-S_USB
[   26.511866][    T1] amd_pstate: the _CPC object is not present in SBIOS or ACPI disabled
[   26.512977][    T1] VUB300 Driver rom wait states = 1C irqpoll timeout = 0400
[   26.524723][    T1] usbcore: registered new interface driver vub300
[   26.526644][    T1] usbcore: registered new interface driver ushc
[   26.545572][    T1] iscsi: registered transport (iser)
[   26.548776][    T1] SoftiWARP attached
[   26.555619][  T924] input: ImExPS/2 Generic Explorer Mouse as /devices/platform/i8042/serio1/input/input3
[   26.571244][    T1] hid: raw HID events driver (C) Jiri Kosina
[   26.627711][    T1] usbcore: registered new interface driver usbhid
[   26.628514][    T1] usbhid: USB HID core driver
[   26.633361][    T1] usbcore: registered new interface driver es2_ap_driver
[   26.634227][    T1] comedi: version 0.7.76 - http://www.comedi.org
[   26.635738][    T1] usbcore: registered new interface driver dt9812
[   26.636805][    T1] usbcore: registered new interface driver ni6501
[   26.637875][    T1] usbcore: registered new interface driver usbdux
[   26.638938][    T1] usbcore: registered new interface driver usbduxfast
[   26.640056][    T1] usbcore: registered new interface driver usbduxsigma
[   26.641206][    T1] usbcore: registered new interface driver vmk80xx
[   26.642816][    T1] usbcore: registered new interface driver r8712u
[   26.643749][    T1] greybus: registered new driver hid
[   26.645127][    T1] greybus: registered new driver gbphy
[   26.645930][    T1] gb_gbphy: registered new driver usb
[   26.646719][    T1] asus_wmi: ASUS WMI generic driver loaded
[   26.651838][    T1] gnss: GNSS driver registered with major 493
[   26.653585][    T1] usbcore: registered new interface driver gnss-usb
[   26.654679][    T1] usbcore: registered new interface driver hdm_usb
[   26.727811][    T1] usbcore: registered new interface driver snd-usb-audio
[   26.728955][    T1] usbcore: registered new interface driver snd-ua101
[   26.730032][    T1] usbcore: registered new interface driver snd-usb-usx2y
[   26.731167][    T1] usbcore: registered new interface driver snd-usb-us122l
[   26.732330][    T1] usbcore: registered new interface driver snd-usb-caiaq
[   26.733767][    T1] usbcore: registered new interface driver snd-usb-6fire
[   26.734964][    T1] usbcore: registered new interface driver snd-usb-hiface
[   26.736096][    T1] usbcore: registered new interface driver snd-bcd2000
[   26.737235][    T1] usbcore: registered new interface driver snd_usb_pod
[   26.738368][    T1] usbcore: registered new interface driver snd_usb_podhd
