bash: warning: setlocale: LC_ALL: cannot change locale (en_US.UTF-8)
c[?7l[2J[0mSeaBIOS (version 1.16.2-debian-1.16.2-1)


iPXE (http://ipxe.org) 00:03.0 CA00 PCI2.10 PnP PMM+7EFCEF00+7EF0EF00 CA00
Press Ctrl-B to configure iPXE (PCI 00:03.0)...                                                                               


Booting from ROM...
c[?7l[2JNo EFI environment detected.
early console in extract_kernel
input_data: 0x0000000004be73a8
input_len: 0x00000000019947e3
output: 0x0000000001000000
output_len: 0x0000000005506538
kernel_total_size: 0x0000000005230000
needed_size: 0x0000000005600000
trampoline_32bit: 0x000000000009d000


KASLR disabled: 'nokaslr' on cmdline.


Decompressing Linux... Parsing ELF... No relocation needed... done.
Booting the kernel (entry_offset: 0x0000000000000000).
[    0.000000] Linux version 6.4.0-04322-gc451410ca7e3-dirty (root@buildkitsandbox) (gcc (Debian 12.2.0-14+deb12u1) 12.2.0, GNU ld (GNU Binutils for Debian) 2.40) #1 SMP PREEMPT_DYNAMIC Sun May 17 08:49:35 UTC 2026
[    0.000000] Command line: console=ttyS0 oops=panic panic=-1 nokaslr earlyprintk=serial
[    0.000000] BIOS-provided physical RAM map:
[    0.000000] BIOS-e820: [mem 0x0000000000000000-0x000000000009fbff] usable
[    0.000000] BIOS-e820: [mem 0x000000000009fc00-0x000000000009ffff] reserved
[    0.000000] BIOS-e820: [mem 0x00000000000f0000-0x00000000000fffff] reserved
[    0.000000] BIOS-e820: [mem 0x0000000000100000-0x000000007ffdffff] usable
[    0.000000] BIOS-e820: [mem 0x000000007ffe0000-0x000000007fffffff] reserved
[    0.000000] BIOS-e820: [mem 0x00000000feffc000-0x00000000feffffff] reserved
[    0.000000] BIOS-e820: [mem 0x00000000fffc0000-0x00000000ffffffff] reserved
[    0.000000] printk: bootconsole [earlyser0] enabled
[    0.000000] NX (Execute Disable) protection: active
[    0.000000] SMBIOS 2.8 present.
[    0.000000] DMI: QEMU Standard PC (i440FX + PIIX, 1996), BIOS 1.16.2-debian-1.16.2-1 04/01/2014
[    0.000000] Hypervisor detected: KVM
[    0.000000] kvm-clock: Using msrs 4b564d01 and 4b564d00
[    0.000002] kvm-clock: using sched offset of 453847222 cycles
[    0.002021] clocksource: kvm-clock: mask: 0xffffffffffffffff max_cycles: 0x1cd42e4dffb, max_idle_ns: 881590591483 ns
[    0.006784] tsc: Detected 2995.198 MHz processor
[    0.008458] last_pfn = 0x7ffe0 max_arch_pfn = 0x400000000
[    0.009885] MTRR map: 4 entries (3 fixed + 1 variable; max 19), built from 8 variable MTRRs
[    0.011798] x86/PAT: Configuration [0-7]: WB  WC  UC- UC  WB  WP  UC- WT  
[    0.018628] found SMP MP-table at [mem 0x000f5ba0-0x000f5baf]
[    0.020902] Using GB pages for direct mapping
[    0.022217] Incomplete global flushes, disabling PCID
[    0.022622] RAMDISK: [mem 0x7fe91000-0x7ffdffff]
[    0.026164] ACPI: Early table checksum verification disabled
[    0.028401] ACPI: RSDP 0x00000000000F59D0 000014 (v00 BOCHS )
[    0.029883] ACPI: RSDT 0x000000007FFE1B33 000034 (v01 BOCHS  BXPC     00000001 BXPC 00000001)
[    0.032020] ACPI: FACP 0x000000007FFE19DF 000074 (v01 BOCHS  BXPC     00000001 BXPC 00000001)
[    0.035517] ACPI: DSDT 0x000000007FFE0040 00199F (v01 BOCHS  BXPC     00000001 BXPC 00000001)
[    0.039258] ACPI: FACS 0x000000007FFE0000 000040
[    0.040776] ACPI: APIC 0x000000007FFE1A53 000080 (v01 BOCHS  BXPC     00000001 BXPC 00000001)
[    0.042941] ACPI: HPET 0x000000007FFE1AD3 000038 (v01 BOCHS  BXPC     00000001 BXPC 00000001)
[    0.045419] ACPI: WAET 0x000000007FFE1B0B 000028 (v01 BOCHS  BXPC     00000001 BXPC 00000001)
[    0.047407] ACPI: Reserving FACP table memory at [mem 0x7ffe19df-0x7ffe1a52]
[    0.049234] ACPI: Reserving DSDT table memory at [mem 0x7ffe0040-0x7ffe19de]
[    0.051838] ACPI: Reserving FACS table memory at [mem 0x7ffe0000-0x7ffe003f]
[    0.055265] ACPI: Reserving APIC table memory at [mem 0x7ffe1a53-0x7ffe1ad2]
[    0.057547] ACPI: Reserving HPET table memory at [mem 0x7ffe1ad3-0x7ffe1b0a]
[    0.059399] ACPI: Reserving WAET table memory at [mem 0x7ffe1b0b-0x7ffe1b32]
[    0.061831] No NUMA configuration found
[    0.062738] Faking a node at [mem 0x0000000000000000-0x000000007ffdffff]
[    0.064402] NODE_DATA(0) allocated [mem 0x7fe8d000-0x7fe90fff]
[    0.065893] Zone ranges:
[    0.066553]   DMA      [mem 0x0000000000001000-0x0000000000ffffff]
[    0.068035]   DMA32    [mem 0x0000000001000000-0x000000007ffdffff]
[    0.069907]   Normal   empty
[    0.071130] Movable zone start for each node
[    0.072858] Early memory node ranges
[    0.075173]   node   0: [mem 0x0000000000001000-0x000000000009efff]
[    0.076906]   node   0: [mem 0x0000000000100000-0x000000007ffdffff]
[    0.078702] Initmem setup node 0 [mem 0x0000000000001000-0x000000007ffdffff]
[    0.081629] On node 0, zone DMA: 1 pages in unavailable ranges
[    0.081675] On node 0, zone DMA: 97 pages in unavailable ranges
[    0.098476] On node 0, zone DMA32: 32 pages in unavailable ranges
[    0.184390] kasan: KernelAddressSanitizer initialized
[    0.188020] ACPI: PM-Timer IO Port: 0x608
[    0.191169] ACPI: LAPIC_NMI (acpi_id[0xff] dfl dfl lint[0x1])
[    0.194601] IOAPIC[0]: apic_id 0, version 17, address 0xfec00000, GSI 0-23
[    0.196592] ACPI: INT_SRC_OVR (bus 0 bus_irq 0 global_irq 2 dfl dfl)
[    0.198158] ACPI: INT_SRC_OVR (bus 0 bus_irq 5 global_irq 5 high level)
[    0.199479] ACPI: INT_SRC_OVR (bus 0 bus_irq 9 global_irq 9 high level)
[    0.200752] ACPI: INT_SRC_OVR (bus 0 bus_irq 10 global_irq 10 high level)
[    0.203277] ACPI: INT_SRC_OVR (bus 0 bus_irq 11 global_irq 11 high level)
[    0.207401] ACPI: Using ACPI (MADT) for SMP configuration information
[    0.208812] ACPI: HPET id: 0x8086a201 base: 0xfed00000
[    0.209960] TSC deadline timer available
[    0.210984] smpboot: Allowing 2 CPUs, 0 hotplug CPUs
[    0.212161] kvm-guest: KVM setup pv remote TLB flush
[    0.213436] kvm-guest: setup PV sched yield
[    0.214485] PM: hibernation: Registered nosave memory: [mem 0x00000000-0x00000fff]
[    0.216558] PM: hibernation: Registered nosave memory: [mem 0x0009f000-0x0009ffff]
[    0.218577] PM: hibernation: Registered nosave memory: [mem 0x000a0000-0x000effff]
[    0.220436] PM: hibernation: Registered nosave memory: [mem 0x000f0000-0x000fffff]
[    0.223007] [mem 0x80000000-0xfeffbfff] available for PCI devices
[    0.225053] Booting paravirtualized kernel on KVM
[    0.226387] clocksource: refined-jiffies: mask: 0xffffffff max_cycles: 0xffffffff, max_idle_ns: 1910969940391419 ns
[    0.242053] setup_percpu: NR_CPUS:64 nr_cpumask_bits:2 nr_cpu_ids:2 nr_node_ids:1
[    0.245009] percpu: Embedded 66 pages/cpu s232104 r8192 d30040 u1048576
[    0.247479] Kernel command line: console=ttyS0 oops=panic panic=-1 nokaslr earlyprintk=serial
[    0.250404] Unknown kernel command line parameters "nokaslr", will be passed to user space.
[    0.252913] random: crng init done
[    0.254528] Dentry cache hash table entries: 262144 (order: 9, 2097152 bytes, linear)
[    0.257220] Inode-cache hash table entries: 131072 (order: 8, 1048576 bytes, linear)
[    0.259298] Fallback order for Node 0: 0 
[    0.259303] Built 1 zonelists, mobility grouping on.  Total pages: 515808
[    0.263414] Policy zone: DMA32
[    0.263910] mem auto-init: stack:all(zero), heap alloc:off, heap free:off
[    0.265431] stackdepot: allocating hash table via alloc_large_system_hash
[    0.270262] stackdepot hash table entries: 1048576 (order: 11, 8388608 bytes, linear)
[    0.291754] Memory: 1692956K/2096632K available (49152K kernel code, 7933K rwdata, 10032K rodata, 5616K init, 3048K bss, 403420K reserved, 0K cma-reserved)
[    0.294990] SLUB: HWalign=64, Order=0-3, MinObjects=0, CPUs=2, Nodes=1
Poking KASLR using RDRAND RDTSC...
[    0.298259] Dynamic Preempt: voluntary
[    0.299780] rcu: Preemptible hierarchical RCU implementation.
[    0.301098] rcu: 	RCU event tracing is enabled.
[    0.303487] rcu: 	RCU restricting CPUs from NR_CPUS=64 to nr_cpu_ids=2.
[    0.305854] 	Trampoline variant of Tasks RCU enabled.
[    0.306991] rcu: RCU calculated value of scheduler-enlistment delay is 100 jiffies.
[    0.308754] rcu: Adjusting geometry for rcu_fanout_leaf=16, nr_cpu_ids=2
[    0.319197] NR_IRQS: 4352, nr_irqs: 440, preallocated irqs: 16
[    0.321304] rcu: srcu_init: Setting srcu_struct sizes based on contention.
[    0.333382] Console: colour VGA+ 80x25
[    0.334658] printk: console [ttyS0] enabled
[    0.334658] printk: console [ttyS0] enabled
[    0.336707] printk: bootconsole [earlyser0] disabled
[    0.336707] printk: bootconsole [earlyser0] disabled
[    0.339061] ACPI: Core revision 20230331
[    0.340248] clocksource: hpet: mask: 0xffffffff max_cycles: 0xffffffff, max_idle_ns: 19112604467 ns
[    0.342328] APIC: Switch to symmetric I/O mode setup
[    0.343474] kvm-guest: setup PV IPIs
[    0.346526] ..TIMER: vector=0x30 apic1=0 pin1=2 apic2=-1 pin2=-1
[    0.348019] clocksource: tsc-early: mask: 0xffffffffffffffff max_cycles: 0x2b2c8d6afc8, max_idle_ns: 440795331172 ns
[    0.351005] Calibrating delay loop (skipped) preset value.. 5990.39 BogoMIPS (lpj=2995198)
[    0.352551] x86/cpu: User Mode Instruction Prevention (UMIP) activated
[    0.353297] Last level iTLB entries: 4KB 0, 2MB 0, 4MB 0
[    0.354003] Last level dTLB entries: 4KB 0, 2MB 0, 4MB 0, 1GB 0
[    0.355028] Spectre V1 : Mitigation: usercopy/swapgs barriers and __user pointer sanitization
[    0.356010] Spectre V2 : Mitigation: Enhanced / Automatic IBRS
[    0.357002] Spectre V2 : Spectre v2 / SpectreRSB mitigation: Filling RSB on context switch
[    0.358002] Spectre V2 : Spectre v2 / PBRSB-eIBRS: Retire a single CALL on VMEXIT
[    0.359003] RETBleed: Mitigation: Enhanced IBRS
[    0.360009] Spectre V2 : mitigation: Enabling conditional Indirect Branch Prediction Barrier
[    0.361005] Speculative Store Bypass: Mitigation: Speculative Store Bypass disabled via prctl
[    0.362004] MMIO Stale Data: Unknown: No mitigations
[    0.363054] x86/fpu: Supporting XSAVE feature 0x001: 'x87 floating point registers'
[    0.364003] x86/fpu: Supporting XSAVE feature 0x002: 'SSE registers'
[    0.365003] x86/fpu: Supporting XSAVE feature 0x004: 'AVX registers'
[    0.366003] x86/fpu: xstate_offset[2]:  576, xstate_sizes[2]:  256
[    0.367002] x86/fpu: Enabled xstate features 0x7, context size is 832 bytes, using 'compacted' format.
[    0.387331] Freeing SMP alternatives memory: 44K
[    0.388004] pid_max: default: 32768 minimum: 301
[    0.389088] LSM: initializing lsm=capability,selinux,integrity
[    0.390052] SELinux:  Initializing.
[    0.391098] Mount-cache hash table entries: 4096 (order: 3, 32768 bytes, linear)
[    0.392007] Mountpoint-cache hash table entries: 4096 (order: 3, 32768 bytes, linear)
[    0.395320] smpboot: CPU0: 13th Gen Intel(R) Core(TM) i9-13900H (family: 0x6, model: 0xba, stepping: 0x2)
[    0.396263] RCU Tasks: Setting shift to 1 and lim to 1 rcu_task_cb_adjust=1.
[    0.397042] Performance Events: unsupported p6 CPU model 186 no PMU driver, software events only.
[    0.398081] signal: max sigframe size: 1776
[    0.399063] rcu: Hierarchical SRCU implementation.
[    0.400014] rcu: 	Max phase no-delay instances is 400.
[    0.401576] smp: Bringing up secondary CPUs ...
[    0.402393] smpboot: x86: Booting SMP configuration:
[    0.403020] .... node  #0, CPUs:      #1
[    0.405128] smp: Brought up 1 node, 2 CPUs
[    0.407010] smpboot: Max logical packages: 1
[    0.408009] smpboot: Total of 2 processors activated (11980.79 BogoMIPS)
[    0.411088] devtmpfs: initialized
[    0.415101] clocksource: jiffies: mask: 0xffffffff max_cycles: 0xffffffff, max_idle_ns: 1911260446275000 ns
[    0.416011] futex hash table entries: 512 (order: 3, 32768 bytes, linear)
[    0.417309] PM: RTC time: 08:50:28, date: 2026-05-17
[    0.418300] NET: Registered PF_NETLINK/PF_ROUTE protocol family
[    0.419318] audit: initializing netlink subsys (disabled)
[    0.420460] audit: type=2000 audit(1779007829.218:1): state=initialized audit_enabled=0 res=1
[    0.421083] thermal_sys: Registered thermal governor 'step_wise'
[    0.422014] thermal_sys: Registered thermal governor 'user_space'
[    0.423064] cpuidle: using governor menu
[    0.425593] PCI: Using configuration type 1 for base access
[    0.426253] kprobes: kprobe jump-optimization is enabled. All kprobes are optimized if possible.
[    0.429415] HugeTLB: registered 2.00 MiB page size, pre-allocated 0 pages
[    0.431012] HugeTLB: 28 KiB vmemmap can be freed for a 2.00 MiB page
[    0.433750] ACPI: Added _OSI(Module Device)
[    0.435012] ACPI: Added _OSI(Processor Device)
[    0.436012] ACPI: Added _OSI(3.0 _SCP Extensions)
[    0.437007] ACPI: Added _OSI(Processor Aggregator Device)
[    0.448592] ACPI: 1 ACPI AML tables successfully acquired and loaded
[    0.513493] ACPI: Interpreter enabled
[    0.514049] ACPI: PM: (supports S0 S3 S4 S5)
[    0.515006] ACPI: Using IOAPIC for interrupt routing
[    0.516052] PCI: Using host bridge windows from ACPI; if necessary, use "pci=nocrs" and report a bug
[    0.517036] PCI: Using E820 reservations for host bridge windows
[    0.518764] ACPI: Enabled 2 GPEs in block 00 to 0F
[    0.533482] ACPI: PCI Root Bridge [PCI0] (domain 0000 [bus 00-ff])
[    0.534214] acpi PNP0A03:00: _OSC: OS supports [ASPM ClockPM Segments MSI HPX-Type3]
[    0.535007] acpi PNP0A03:00: _OSC: not requesting OS control; OS requires [ExtendedConfig ASPM ClockPM MSI]
[    0.536193] acpi PNP0A03:00: fail to add MMCONFIG information, can't access extended configuration space under this bridge
[    0.537696] PCI host bridge to bus 0000:00
[    0.538147] pci_bus 0000:00: root bus resource [io  0x0000-0x0cf7 window]
[    0.539158] pci_bus 0000:00: root bus resource [io  0x0d00-0xffff window]
[    0.540149] pci_bus 0000:00: root bus resource [mem 0x000a0000-0x000bffff window]
[    0.541010] pci_bus 0000:00: root bus resource [mem 0x80000000-0xfebfffff window]
[    0.542008] pci_bus 0000:00: root bus resource [mem 0x100000000-0x17fffffff window]
[    0.543029] pci_bus 0000:00: root bus resource [bus 00-ff]
[    0.544439] pci 0000:00:00.0: [8086:1237] type 00 class 0x060000
[    0.552436] pci 0000:00:01.0: [8086:7000] type 00 class 0x060100
[    0.560387] pci 0000:00:01.1: [8086:7010] type 00 class 0x010180
[    0.562723] pci 0000:00:01.1: reg 0x20: [io  0xc040-0xc04f]
[    0.563799] pci 0000:00:01.1: legacy IDE quirk: reg 0x10: [io  0x01f0-0x01f7]
[    0.564009] pci 0000:00:01.1: legacy IDE quirk: reg 0x14: [io  0x03f6]
[    0.565006] pci 0000:00:01.1: legacy IDE quirk: reg 0x18: [io  0x0170-0x0177]
[    0.566012] pci 0000:00:01.1: legacy IDE quirk: reg 0x1c: [io  0x0376]
[    0.567798] pci 0000:00:01.3: [8086:7113] type 00 class 0x068000
[    0.569100] pci 0000:00:01.3: quirk: [io  0x0600-0x063f] claimed by PIIX4 ACPI
[    0.570025] pci 0000:00:01.3: quirk: [io  0x0700-0x070f] claimed by PIIX4 SMB
[    0.571530] pci 0000:00:02.0: [1234:1111] type 00 class 0x030000
[    0.574102] pci 0000:00:02.0: reg 0x10: [mem 0xfd000000-0xfdffffff pref]
[    0.577558] pci 0000:00:02.0: reg 0x18: [mem 0xfebf0000-0xfebf0fff]
[    0.581080] pci 0000:00:02.0: reg 0x30: [mem 0xfebe0000-0xfebeffff pref]
[    0.582423] pci 0000:00:02.0: Video device with shadowed ROM at [mem 0x000c0000-0x000dffff]
[    0.589422] pci 0000:00:03.0: [8086:100e] type 00 class 0x020000
[    0.591009] pci 0000:00:03.0: reg 0x10: [mem 0xfebc0000-0xfebdffff]
[    0.593011] pci 0000:00:03.0: reg 0x14: [io  0xc000-0xc03f]
[    0.599047] pci 0000:00:03.0: reg 0x30: [mem 0xfeb80000-0xfebbffff pref]
[    0.608405] ACPI: PCI: Interrupt link LNKA configured for IRQ 10
[    0.609561] ACPI: PCI: Interrupt link LNKB configured for IRQ 10
[    0.610536] ACPI: PCI: Interrupt link LNKC configured for IRQ 11
[    0.611601] ACPI: PCI: Interrupt link LNKD configured for IRQ 11
[    0.612253] ACPI: PCI: Interrupt link LNKS configured for IRQ 9
[    0.614558] iommu: Default domain type: Translated 
[    0.615009] iommu: DMA domain TLB invalidation policy: lazy mode 
[    0.616318] SCSI subsystem initialized
[    0.617106] ACPI: bus type USB registered
[    0.618052] usbcore: registered new interface driver usbfs
[    0.619031] usbcore: registered new interface driver hub
[    0.621030] usbcore: registered new device driver usb
[    0.622094] pps_core: LinuxPPS API ver. 1 registered
[    0.624009] pps_core: Software ver. 5.3.6 - Copyright 2005-2007 Rodolfo Giometti <giometti@linux.it>
[    0.631286] PTP clock support registered
[    0.634218] Advanced Linux Sound Architecture Driver Initialized.
[    0.636198] NetLabel: Initializing
[    0.636999] NetLabel:  domain hash size = 128
[    0.639008] NetLabel:  protocols = UNLABELED CIPSOv4 CALIPSO
[    0.640077] NetLabel:  unlabeled traffic allowed by default
[    0.642329] PCI: Using ACPI for IRQ routing
[    0.644097] pci 0000:00:02.0: vgaarb: setting as boot VGA device
[    0.644999] pci 0000:00:02.0: vgaarb: bridge control possible
[    0.644999] pci 0000:00:02.0: vgaarb: VGA device added: decodes=io+mem,owns=io+mem,locks=none
[    0.649015] vgaarb: loaded
[    0.650069] hpet0: at MMIO 0xfed00000, IRQs 2, 8, 0
[    0.651010] hpet0: 3 comparators, 64-bit 100.000000 MHz counter
[    0.656135] clocksource: Switched to clocksource kvm-clock
[    0.701715] VFS: Disk quotas dquot_6.6.0
[    0.703625] VFS: Dquot-cache hash table entries: 512 (order 0, 4096 bytes)
[    0.709189] pnp: PnP ACPI init
[    0.711910] pnp: PnP ACPI: found 6 devices
[    0.735289] clocksource: acpi_pm: mask: 0xffffff max_cycles: 0xffffff, max_idle_ns: 2085701024 ns
[    0.737714] NET: Registered PF_INET protocol family
[    0.739202] IP idents hash table entries: 32768 (order: 6, 262144 bytes, linear)
[    0.742031] tcp_listen_portaddr_hash hash table entries: 1024 (order: 2, 16384 bytes, linear)
[    0.744990] Table-perturb hash table entries: 65536 (order: 6, 262144 bytes, linear)
[    0.747339] TCP established hash table entries: 16384 (order: 5, 131072 bytes, linear)
[    0.750025] TCP bind hash table entries: 16384 (order: 7, 524288 bytes, linear)
[    0.752336] TCP: Hash tables configured (established 16384 bind 16384)
[    0.754957] UDP hash table entries: 1024 (order: 3, 32768 bytes, linear)
[    0.756726] UDP-Lite hash table entries: 1024 (order: 3, 32768 bytes, linear)
[    0.758942] NET: Registered PF_UNIX/PF_LOCAL protocol family
[    0.762124] RPC: Registered named UNIX socket transport module.
[    0.764233] RPC: Registered udp transport module.
[    0.765711] RPC: Registered tcp transport module.
[    0.766813] RPC: Registered tcp NFSv4.1 backchannel transport module.
[    0.769764] pci_bus 0000:00: resource 4 [io  0x0000-0x0cf7 window]
[    0.771688] pci_bus 0000:00: resource 5 [io  0x0d00-0xffff window]
[    0.773901] pci_bus 0000:00: resource 6 [mem 0x000a0000-0x000bffff window]
[    0.776187] pci_bus 0000:00: resource 7 [mem 0x80000000-0xfebfffff window]
[    0.778192] pci_bus 0000:00: resource 8 [mem 0x100000000-0x17fffffff window]
[    0.780717] pci 0000:00:01.0: PIIX3: Enabling Passive Release
[    0.782362] pci 0000:00:00.0: Limiting direct PCI/PCI transfers
[    0.784321] PCI: CLS 0 bytes, default 64
[    0.785994] Unpacking initramfs...
[    0.789705] RAPL PMU: API unit is 2^-32 Joules, 0 fixed counters, 10737418240 ms ovfl timer
[    0.792152] clocksource: tsc: mask: 0xffffffffffffffff max_cycles: 0x2b2c8d6afc8, max_idle_ns: 440795331172 ns
[    0.798174] Initialise system trusted keyrings
[    0.799713] workingset: timestamp_bits=56 max_order=19 bucket_order=0
[    0.802092] NFS: Registering the id_resolver key type
[    0.803475] Key type id_resolver registered
[    0.804703] Key type id_legacy registered
[    0.805989] 9p: Installing v9fs 9p2000 file system support
[    0.814996] Freeing initrd memory: 1340K
[    0.815044] Key type asymmetric registered
[    0.817955] Asymmetric key parser 'x509' registered
[    0.819434] Block layer SCSI generic (bsg) driver version 0.4 loaded (major 251)
[    0.821638] io scheduler mq-deadline registered
[    0.822794] io scheduler kyber registered
[    0.826020] input: Power Button as /devices/LNXSYSTM:00/LNXPWRBN:00/input/input0
[    0.828873] ACPI: button: Power Button [PWRF]
[    0.831061] Serial: 8250/16550 driver, 4 ports, IRQ sharing enabled
[    0.834184] 00:04: ttyS0 at I/O 0x3f8 (irq = 4, base_baud = 115200) is a 16550A
[    0.837401] Non-volatile memory driver v1.3
[    0.838626] Linux agpgart interface v0.103
[    0.840938] ACPI: bus type drm_connector registered
[    0.847888] loop: module loaded
[    0.850879] scsi host0: ata_piix
[    0.852297] scsi host1: ata_piix
[    0.853385] ata1: PATA max MWDMA2 cmd 0x1f0 ctl 0x3f6 bmdma 0xc040 irq 14
[    0.855131] ata2: PATA max MWDMA2 cmd 0x170 ctl 0x376 bmdma 0xc048 irq 15
[    0.857560] e100: Intel(R) PRO/100 Network Driver
[    0.859102] e100: Copyright(c) 1999-2006 Intel Corporation
[    0.860919] e1000: Intel(R) PRO/1000 Network Driver
[    0.862127] e1000: Copyright (c) 1999-2006 Intel Corporation.
[    1.012292] ata2: found unknown device (class 0)
[    1.014160] ata2.00: ATAPI: QEMU DVD-ROM, 2.5+, max UDMA/100
[    1.016904] scsi 1:0:0:0: CD-ROM            QEMU     QEMU DVD-ROM     2.5+ PQ: 0 ANSI: 5
[    1.031273] sr 1:0:0:0: [sr0] scsi3-mmc drive: 4x/4x cd/rw xa/form2 tray
[    1.032835] cdrom: Uniform CD-ROM driver Revision: 3.20
[    1.290296] ACPI: \_SB_.LNKC: Enabled at IRQ 11
[    1.669213] e1000 0000:00:03.0 eth0: (PCI:33MHz:32-bit) 52:54:00:12:34:56
[    1.671337] e1000 0000:00:03.0 eth0: Intel(R) PRO/1000 Network Connection
[    1.673053] e1000e: Intel(R) PRO/1000 Network Driver
[    1.674286] e1000e: Copyright(c) 1999 - 2015 Intel Corporation.
[    1.675705] sky2: driver version 1.30
[    1.676961] usbcore: registered new interface driver usblp
[    1.678277] usbcore: registered new interface driver usb-storage
[    1.679907] i8042: PNP: PS/2 Controller [PNP0303:KBD,PNP0f13:MOU] at 0x60,0x64 irq 1,12
[    1.688759] serio: i8042 KBD port at 0x60,0x64 irq 1
[    1.692176] serio: i8042 AUX port at 0x60,0x64 irq 12
[    1.693881] rtc_cmos 00:05: RTC can wake from S4
[    1.697059] input: AT Translated Set 2 keyboard as /devices/platform/i8042/serio0/input/input1
[    1.702890] rtc_cmos 00:05: registered as rtc0
[    1.705582] rtc_cmos 00:05: alarms up to one day, y3k, 242 bytes nvram, hpet irqs
[    1.709694] device-mapper: ioctl: 4.48.0-ioctl (2023-03-01) initialised: dm-devel@redhat.com
[    1.712931] intel_pstate: CPU model not supported
[    1.714033] hid: raw HID events driver (C) Jiri Kosina
[    1.715492] usbcore: registered new interface driver usbhid
[    1.716722] usbhid: USB HID core driver
[    1.718126] netem: version 1.3
[    1.720252] Initializing XFRM netlink socket
[    1.721436] NET: Registered PF_INET6 protocol family
[    1.723895] Segment Routing with IPv6
[    1.725901] In-situ OAM (IOAM) with IPv6
[    1.727179] sit: IPv6, IPv4 and MPLS over IPv4 tunneling driver
[    1.729148] NET: Registered PF_PACKET protocol family
[    1.730431] 9pnet: Installing 9P2000 support
[    1.731525] Key type dns_resolver registered
[    1.732968] IPI shorthand broadcast: enabled
[    1.745003] sched_clock: Marking stable (1721008350, 23506441)->(1861941108, -117426317)
[    1.747331] registered taskstats version 1
[    1.748429] Loading compiled-in X.509 certificates
[    1.757281] PM:   Magic number: 10:904:826
[    1.758555] printk: console [netcon0] enabled
[    1.759748] netconsole: network logging started
[    1.760987] cfg80211: Loading compiled-in X.509 certificates for regulatory database
[    1.763368] kworker/u4:1 (51) used greatest stack depth: 29536 bytes left
[    1.765172] Loaded X.509 cert 'sforshee: 00b28ddf47aef9cea7'
[    1.769195] platform regulatory.0: Direct firmware load for regulatory.db failed with error -2
[    1.771260] cfg80211: failed to load regulatory.db
[    1.771288] ALSA device list:
[    1.773106]   No soundcards found.
[    1.775100] Freeing unused kernel image (initmem) memory: 5616K
[    1.781641] Write protecting the kernel read-only data: 59392k
[    1.782788] Freeing unused kernel image (rodata/data gap) memory: 208K
[    1.795133] x86/mm: Checked W+X mappings: passed, no W+X pages found.
[    1.795986] Run /init as init process
[    1.798546] mount (55) used greatest stack depth: 28760 bytes left

secb: rootfs ready
---- poc begin ----
[poc] lo up with 127.0.0.1/8; starting trigger_vuln
[poc] === iter 0 ===
[    1.816636] ------------[ cut here ]------------
[    1.818623] qfq_dequeue: non-workconserving leaf
[    1.821165] WARNING: CPU: 0 PID: 61 at net/sched/sch_qfq.c:989 qfq_dequeue+0xe3f/0x1710
[    1.823221] Modules linked in:
[    1.823813] CPU: 0 PID: 61 Comm: poc Not tainted 6.4.0-04322-gc451410ca7e3-dirty #1
[    1.825951] Hardware name: QEMU Standard PC (i440FX + PIIX, 1996), BIOS 1.16.2-debian-1.16.2-1 04/01/2014
[    1.829447] RIP: 0010:qfq_dequeue+0xe3f/0x1710
[    1.830054] Code: 18 48 8b 54 24 10 8b 74 24 08 4c 8b 0c 24 e9 83 fc ff ff 48 c7 c7 80 51 47 84 48 89 0c 24 c6 05 46 f0 ea 01 01 e8 91 be e6 fd <0f> 0b 48 8d 53 3c 48 8b 0c 24 48 b8 00 00 00 00 00 fc ff df 48 89
[    1.836431] RSP: 0018:ffffc900003ef308 EFLAGS: 00010282
[    1.837227] RAX: 0000000000000000 RBX: ffff888009a82900 RCX: dffffc0000000000
[    1.838266] RDX: 0000000000000000 RSI: 1ffff9200007de06 RDI: 0000000000000001
[    1.841123] RBP: ffff888009f70000 R08: 0000000000000001 R09: fffff5200007de06
[    1.843097] R10: ffffc900003ef037 R11: 0000000000000000 R12: ffff888009a82858
[    1.844202] R13: 0000000000000000 R14: ffff888009f701b8 R15: ffffffff851b9540
[    1.845401] FS:  00000000013b8380(0000) GS:ffff88806d200000(0000) knlGS:0000000000000000
[    1.846569] CS:  0010 DS: 0000 ES: 0000 CR0: 0000000080050033
[    1.847574] CR2: 00007ffc2027bff8 CR3: 0000000009bd0000 CR4: 0000000000350ef0
[    1.848704] Call Trace:
[    1.849084]  <TASK>
[    1.849355]  ? __warn+0xc8/0x250
[    1.849807]  ? down_trylock+0x52/0x80
[    1.850291]  ? qfq_dequeue+0xe3f/0x1710
[    1.850880]  ? report_bug+0x26b/0x2e0
[    1.851383]  ? handle_bug+0x3c/0x70
[    1.851913]  ? exc_invalid_op+0x17/0x40
[    1.852470]  ? asm_exc_invalid_op+0x1a/0x20
[    1.853176]  ? qfq_dequeue+0xe3f/0x1710
[    1.853827]  ? qfq_dequeue+0xe3f/0x1710
[    1.854446]  qdisc_peek_dequeued+0x77/0x290
[    1.855142]  drr_dequeue+0x1da/0xb60
[    1.855758]  qdisc_peek_dequeued+0x77/0x290
[    1.856548]  hfsc_enqueue+0x874/0xee0
[    1.857081]  ? __pfx_hfsc_enqueue+0x10/0x10
[    1.857916]  ? _raw_spin_lock+0x80/0xe0
[    1.858433]  dev_qdisc_enqueue+0x3b/0x140
[    1.859055]  __dev_queue_xmit+0x161f/0x30c0
[    1.859722]  ? _raw_write_lock_bh+0x60/0xe0
[    1.860405]  ? __pfx___dev_queue_xmit+0x10/0x10
[    1.861165]  ? _raw_write_lock_bh+0x84/0xe0
[    1.861792]  ? __pfx__raw_write_lock_bh+0x10/0x10
[    1.862596]  ? eth_header+0x14f/0x180
[    1.863239]  ? neigh_resolve_output+0x3b5/0x7e0
[    1.864001]  ip_finish_output2+0x853/0x18f0
[    1.864720]  ? __pfx_ip_finish_output2+0x10/0x10
[    1.865447]  __ip_finish_output.part.0+0x271/0x950
[    1.866294]  ? __pfx___ip_finish_output.part.0+0x10/0x10
[    1.867199]  ? nf_hook_slow+0xa2/0x170
[    1.867773]  ip_output+0x2c7/0x650
[    1.868326]  ? __pfx_ip_output+0x10/0x10
[    1.868909]  ? __pfx_ip_finish_output+0x10/0x10
[    1.869618]  ? __pfx_ip_generic_getfrag+0x10/0x10
[    1.870305]  ? __pfx_ip_make_skb+0x10/0x10
[    1.870903]  ip_send_skb+0x113/0x150
[    1.871531]  udp_send_skb+0x57d/0x1260
[    1.872155]  udp_sendmsg+0x1757/0x2230
[    1.872840]  ? __pfx_ip_generic_getfrag+0x10/0x10
[    1.873571]  ? __pfx_udp_sendmsg+0x10/0x10
[    1.874062]  ? udp_lib_get_port+0x4b9/0x1850
[    1.874582]  ? ip4_datagram_release_cb+0x161/0x7f0
[    1.875161]  ? __pfx_ip4_datagram_release_cb+0x10/0x10
[    1.875785]  ? __pfx_netlink_recvmsg+0x10/0x10
[    1.876473]  ? inet_autobind+0x108/0x160
[    1.877015]  ? inet_send_prepare+0x21f/0x2a0
[    1.877733]  ? __pfx_inet_sendmsg+0x10/0x10
[    1.878390]  ? sock_sendmsg+0x138/0x180
[    1.879017]  sock_sendmsg+0x138/0x180
[    1.879590]  __sys_sendto+0x1eb/0x2b0
[    1.880472]  ? __pfx___sys_sendto+0x10/0x10
[    1.881292]  ? __rseq_handle_notify_resume+0x7ce/0xc20
[    1.882267]  ? ksys_read+0x177/0x1d0
[    1.883058]  ? __pfx_ksys_read+0x10/0x10
[    1.883966]  __x64_sys_sendto+0xdb/0x1b0
[    1.884820]  ? exit_to_user_mode_prepare+0x2a/0x110
[    1.885941]  ? syscall_exit_to_user_mode+0x21/0x50
[    1.886740]  do_syscall_64+0x3b/0x90
[    1.887364]  entry_SYSCALL_64_after_hwframe+0x6e/0xd8
[    1.888293] RIP: 0033:0x43bb13
[    1.888794] Code: 89 01 e9 e0 fe ff ff e8 eb 03 00 00 66 2e 0f 1f 84 00 00 00 00 00 90 80 3d b1 c9 06 00 00 41 89 ca 74 14 b8 2c 00 00 00 0f 05 <48> 3d 00 f0 ff ff 77 75 c3 0f 1f 40 00 55 48 83 ec 30 44 89 4c 24
[    1.891959] RSP: 002b:00007ffc2027e1f8 EFLAGS: 00000202 ORIG_RAX: 000000000000002c
[    1.893190] RAX: ffffffffffffffda RBX: 00000000f0000000 RCX: 000000000043bb13
[    1.894377] RDX: 0000000000000001 RSI: 00000000004918fd RDI: 0000000000000004
[    1.895589] RBP: 00000000f0060000 R08: 00000000004a9750 R09: 0000000000000010
[    1.896823] R10: 0000000000000000 R11: 0000000000000202 R12: 00000000004a74c0
[    1.898052] R13: 00000000f0060001 R14: 00000000004a71a0 R15: 00000000004a7260
[    1.899246]  </TASK>
[    1.899816] ---[ end trace 0000000000000000 ]---
[    1.900781] drr_dequeue: qfq qdisc F002: is non-work-conserving?
[    1.901790] HFSC: drr qdisc F001: is non-work-conserving?
[    1.902885] HFSC: qfq qdisc F006: is non-work-conserving?
[    2.004218] ==================================================================
[    2.005375] BUG: KASAN: slab-use-after-free in rb_erase+0x10c7/0x1370
[    2.006271] Write of size 8 at addr ffff888009f908a0 by task poc/61
[    2.007140] 
[    2.007349] CPU: 0 PID: 61 Comm: poc Tainted: G        W          6.4.0-04322-gc451410ca7e3-dirty #1
[    2.008691] Hardware name: QEMU Standard PC (i440FX + PIIX, 1996), BIOS 1.16.2-debian-1.16.2-1 04/01/2014
[    2.010163] Call Trace:
[    2.011488]  <TASK>
[    2.012410]  dump_stack_lvl+0x36/0x50
[    2.014081]  print_report+0xcf/0x660
[    2.019059]  ? rb_erase+0x10c7/0x1370
[    2.020155]  kasan_report+0xc7/0x100
[    2.020800]  ? rb_erase+0x10c7/0x1370
[    2.021372]  rb_erase+0x10c7/0x1370
[    2.022388]  qdisc_tree_reduce_backlog+0x171/0x4b0
[    2.024019]  netem_dequeue+0x93f/0xcc0
[    2.024985]  ? netem_enqueue+0x408/0x34c0
[    2.026462]  ? __pfx_netem_dequeue+0x10/0x10
[    2.027568]  ? basic_classify+0x14e/0x230
[    2.028469]  ? __pfx_netem_enqueue+0x10/0x10
[    2.029707]  qdisc_peek_dequeued+0x77/0x290
[    2.030780]  tbf_dequeue+0x89/0x1020
[    2.031884]  ? tbf_enqueue+0x484/0x7e0
[    2.033051]  ? tcf_classify+0x65/0x90
[    2.034265]  qdisc_peek_dequeued+0x77/0x290
[    2.036269]  qfq_enqueue+0x7cb/0x1960
[    2.037577]  ? __tcf_classify.constprop.0+0x126/0x490
[    2.038797]  ? __pfx_qfq_enqueue+0x10/0x10
[    2.040276]  ? __pfx_tcf_classify+0x10/0x10
[    2.041214]  drr_enqueue+0x4e3/0x9a0
[    2.042318]  ? __pfx_drr_enqueue+0x10/0x10
[    2.043301]  hfsc_enqueue+0x681/0xee0
[    2.044137]  ? __kasan_slab_alloc+0x6e/0x70
[    2.045117]  ? kmalloc_reserve+0x110/0x1e0
[    2.045930]  ? __pfx_hfsc_enqueue+0x10/0x10
[    2.046822]  ? _raw_spin_lock+0x80/0xe0
[    2.047502]  dev_qdisc_enqueue+0x3b/0x140
[    2.048178]  __dev_queue_xmit+0x161f/0x30c0
[    2.048895]  ? selinux_ip_postroute_compat+0x321/0x3d0
[    2.049691]  ? __pfx___dev_queue_xmit+0x10/0x10
[    2.051119]  ? __is_insn_slot_addr+0x86/0xd0
[    2.051883]  ? __is_insn_slot_addr+0x86/0xd0
[    2.052814]  ? selinux_ip_postroute+0x2ac/0xac0
[    2.053584]  ip_finish_output2+0x6cf/0x18f0
[    2.054452]  ? __pfx_ip_finish_output2+0x10/0x10
[    2.055245]  __ip_finish_output.part.0+0x271/0x950
[    2.056080]  ? __pfx___ip_finish_output.part.0+0x10/0x10
[    2.056970]  ? nf_hook_slow+0xa2/0x170
[    2.057628]  ip_output+0x2c7/0x650
[    2.058270]  ? __pfx_ip_output+0x10/0x10
[    2.058966]  ? __pfx_ip_finish_output+0x10/0x10
[    2.059771]  ? __pfx_ip_generic_getfrag+0x10/0x10
[    2.060534]  ? __pfx_ip_make_skb+0x10/0x10
[    2.061144]  ip_send_skb+0x113/0x150
[    2.061695]  udp_send_skb+0x57d/0x1260
[    2.062319]  udp_sendmsg+0x1757/0x2230
[    2.062901]  ? __pfx_newidle_balance.constprop.0+0x10/0x10
[    2.063745]  ? __pfx_ip_generic_getfrag+0x10/0x10
[    2.064483]  ? __pfx_udp_sendmsg+0x10/0x10
[    2.065105]  ? finish_task_switch.isra.0+0x19e/0x620
[    2.066299]  ? __switch_to+0x5d0/0xe40
[    2.066950]  ? __schedule+0x9db/0x2260
[    2.068087]  ? put_pid.part.0+0x70/0xf0
[    2.069109]  ? __pfx___schedule+0x10/0x10
[    2.069786]  ? timerqueue_add+0x163/0x320
[    2.070443]  ? hrtimer_try_to_cancel+0x1d/0x350
[    2.071237]  ? __pfx_inet_sendmsg+0x10/0x10
[    2.071907]  ? sock_sendmsg+0x138/0x180
[    2.072527]  sock_sendmsg+0x138/0x180
[    2.073139]  __sys_sendto+0x1eb/0x2b0
[    2.073692]  ? __pfx___sys_sendto+0x10/0x10
[    2.074703]  ? hrtimer_nanosleep+0x165/0x480
[    2.075498]  ? __rseq_handle_notify_resume+0x7ce/0xc20
[    2.076405]  ? ksys_write+0x177/0x1d0
[    2.077043]  __x64_sys_sendto+0xdb/0x1b0
[    2.077624]  ? exit_to_user_mode_prepare+0xfe/0x110
[    2.078349]  ? syscall_exit_to_user_mode+0x21/0x50
[    2.079007]  do_syscall_64+0x3b/0x90
[    2.079532]  entry_SYSCALL_64_after_hwframe+0x6e/0xd8
[    2.080308] RIP: 0033:0x43bb13
[    2.080751] Code: 89 01 e9 e0 fe ff ff e8 eb 03 00 00 66 2e 0f 1f 84 00 00 00 00 00 90 80 3d b1 c9 06 00 00 41 89 ca 74 14 b8 2c 00 00 00 0f 05 <48> 3d 00 f0 ff ff 77 75 c3 0f 1f 40 00 55 48 83 ec 30 44 89 4c 24
[    2.083137] RSP: 002b:00007ffc2027e248 EFLAGS: 00000202 ORIG_RAX: 000000000000002c
[    2.085778] RAX: ffffffffffffffda RBX: 0000000000000001 RCX: 000000000043bb13
[    2.086731] RDX: 0000000000000001 RSI: 00000000004918fd RDI: 0000000000000004
[    2.087749] RBP: 00000000004a7120 R08: 00000000004a9750 R09: 0000000000000010
[    2.088696] R10: 0000000000000000 R11: 0000000000000202 R12: 000000000047b11a
[    2.089814] R13: 0000000000000001 R14: 0000000000000001 R15: 0000000000000001
[    2.091604]  </TASK>
[    2.091900] 
[    2.092187] Allocated by task 61:
[    2.092860]  kasan_save_stack+0x33/0x60
[    2.093333]  kasan_set_track+0x25/0x30
[    2.093855]  __kasan_kmalloc+0x8f/0xa0
[    2.094331]  hfsc_change_class+0x54a/0x2e50
[    2.095197]  tc_ctl_tclass+0x3cf/0xf40
[    2.095738]  rtnetlink_rcv_msg+0x35d/0x9d0
[    2.096270]  netlink_rcv_skb+0x12f/0x370
[    2.096736]  netlink_unicast+0x588/0x7f0
[    2.097216]  netlink_sendmsg+0x7b7/0xc60
[    2.097652]  sock_write_iter+0x3e2/0x490
[    2.098175]  vfs_write+0x89d/0xcb0
[    2.098615]  ksys_write+0x177/0x1d0
[    2.099086]  do_syscall_64+0x3b/0x90
[    2.099556]  entry_SYSCALL_64_after_hwframe+0x6e/0xd8
[    2.100195] 
[    2.100413] Freed by task 61:
[    2.100935]  kasan_save_stack+0x33/0x60
[    2.101404]  kasan_set_track+0x25/0x30
[    2.101852]  kasan_save_free_info+0x2b/0x50
[    2.102371]  __kasan_slab_free+0x10a/0x180
[    2.102995]  __kmem_cache_free+0x82/0x1c0
[    2.103557]  hfsc_delete_class+0x44c/0x6f0
[    2.104305]  tc_ctl_tclass+0x9af/0xf40
[    2.104994]  rtnetlink_rcv_msg+0x35d/0x9d0
[    2.105933]  netlink_rcv_skb+0x12f/0x370
[    2.107617]  netlink_unicast+0x588/0x7f0
[    2.108942]  netlink_sendmsg+0x7b7/0xc60
[    2.109920]  sock_write_iter+0x3e2/0x490
[    2.110856]  vfs_write+0x89d/0xcb0
[    2.111445]  ksys_write+0x177/0x1d0
[    2.111850]  do_syscall_64+0x3b/0x90
[    2.112319]  entry_SYSCALL_64_after_hwframe+0x6e/0xd8
[    2.113002] 
[    2.113264] The buggy address belongs to the object at ffff888009f90800
[    2.113264]  which belongs to the cache kmalloc-1k of size 1024
[    2.115172] The buggy address is located 160 bytes inside of
[    2.115172]  freed 1024-byte region [ffff888009f90800, ffff888009f90c00)
[    2.116767] 
[    2.117035] The buggy address belongs to the physical page:
[    2.117757] page:000000006c3c527f refcount:1 mapcount:0 mapping:0000000000000000 index:0x0 pfn:0x9f90
[    2.118902] head:000000006c3c527f order:3 entire_mapcount:0 nr_pages_mapped:0 pincount:0
[    2.119857] flags: 0x100000000010200(slab|head|node=0|zone=1)
[    2.120684] page_type: 0xffffffff()
[    2.121183] raw: 0100000000010200 ffff888006441dc0 dead000000000122 0000000000000000
[    2.122224] raw: 0000000000000000 0000000080100010 00000001ffffffff 0000000000000000
[    2.123258] page dumped because: kasan: bad access detected
[    2.124479] 
[    2.125046] Memory state around the buggy address:
[    2.126335]  ffff888009f90780: fc fc fc fc fc fc fc fc fc fc fc fc fc fc fc fc
[    2.127435]  ffff888009f90800: fa fb fb fb fb fb fb fb fb fb fb fb fb fb fb fb
[    2.128406] >ffff888009f90880: fb fb fb fb fb fb fb fb fb fb fb fb fb fb fb fb
[    2.129497]                                ^
[    2.130071]  ffff888009f90900: fb fb fb fb fb fb fb fb fb fb fb fb fb fb fb fb
[    2.131133]  ffff888009f90980: fb fb fb fb fb fb fb fb fb fb fb fb fb fb fb fb
[    2.132065] ==================================================================
[    2.133387] Disabling lock debugging due to kernel taint
[    2.134429] general protection fault, probably for non-canonical address 0x6a8005d00000000: 0000 [#1] PREEMPT SMP KASAN NOPTI
[    2.135870] CPU: 0 PID: 61 Comm: poc Tainted: G    B   W          6.4.0-04322-gc451410ca7e3-dirty #1
[    2.137157] Hardware name: QEMU Standard PC (i440FX + PIIX, 1996), BIOS 1.16.2-debian-1.16.2-1 04/01/2014
[    2.138414] RIP: 0010:hfsc_dequeue+0x325/0xf90
[    2.139058] Code: 00 01 eb 3b 48 b8 00 00 00 00 00 fc ff df 48 8d 7b 08 48 89 f9 48 c1 e9 03 80 3c 01 00 0f 85 18 0b 00 00 48 8b 43 08 48 89 df <ff> d0 0f 1f 00 49 89 c7 48 8d 48 28 48 85 c0 0f 84 a1 07 00 00 49
[    2.142235] RSP: 0018:ffffc900003ef438 EFLAGS: 00010286
[    2.142987] RAX: 06a8005d00000000 RBX: ffff888009f74000 RCX: 0000000000000000
[    2.144906] RDX: 0000000000000000 RSI: 0000000000000008 RDI: ffff888009f74000
[    2.145999] RBP: ffff888009f74080 R08: 0000000000000001 R09: ffff888009f5b040
[    2.147263] R10: ffff888009f5b080 R11: ffff888009f5b0f0 R12: ffff888009f5b000
[    2.148321] R13: ffff888009f90800 R14: ffff888009f90898 R15: ffff888009f74080
[    2.149367] FS:  00000000013b8380(0000) GS:ffff88806d200000(0000) knlGS:0000000000000000
[    2.150511] CS:  0010 DS: 0000 ES: 0000 CR0: 0000000080050033
[    2.152183] CR2: 00007ffc2027bff8 CR3: 0000000009bd0000 CR4: 0000000000350ef0
[    2.155274] Call Trace:
[    2.155611]  <TASK>
[    2.155902]  ? die_addr+0x3b/0xa0
[    2.156433]  ? exc_general_protection+0x150/0x220
[    2.157148]  ? asm_exc_general_protection+0x26/0x30
[    2.158217]  ? hfsc_dequeue+0x325/0xf90
[    2.158904]  ? hfsc_dequeue+0x327/0xf90
[    2.159477]  __qdisc_run+0x178/0x1780
[    2.160007]  ? dev_qdisc_enqueue+0x3b/0x140
[    2.160640]  __dev_queue_xmit+0x1952/0x30c0
[    2.161249]  ? selinux_ip_postroute_compat+0x321/0x3d0
[    2.162021]  ? __pfx___dev_queue_xmit+0x10/0x10
[    2.162711]  ? __is_insn_slot_addr+0x86/0xd0
[    2.163444]  ? __is_insn_slot_addr+0x86/0xd0
[    2.164070]  ? selinux_ip_postroute+0x2ac/0xac0
[    2.164773]  ip_finish_output2+0x6cf/0x18f0
[    2.165529]  ? __pfx_ip_finish_output2+0x10/0x10
[    2.166426]  __ip_finish_output.part.0+0x271/0x950
[    2.167421]  ? __pfx___ip_finish_output.part.0+0x10/0x10
[    2.168517]  ? nf_hook_slow+0xa2/0x170
[    2.169108]  ip_output+0x2c7/0x650
[    2.169604]  ? __pfx_ip_output+0x10/0x10
[    2.170405]  ? __pfx_ip_finish_output+0x10/0x10
[    2.171303]  ? __pfx_ip_generic_getfrag+0x10/0x10
[    2.172019]  ? __pfx_ip_make_skb+0x10/0x10
[    2.172582]  ip_send_skb+0x113/0x150
[    2.173088]  udp_send_skb+0x57d/0x1260
[    2.173780]  udp_sendmsg+0x1757/0x2230
[    2.174610]  ? __pfx_newidle_balance.constprop.0+0x10/0x10
[    2.175516]  ? __pfx_ip_generic_getfrag+0x10/0x10
[    2.176198]  ? __pfx_udp_sendmsg+0x10/0x10
[    2.176763]  ? finish_task_switch.isra.0+0x19e/0x620
[    2.177473]  ? __switch_to+0x5d0/0xe40
[    2.177978]  ? __schedule+0x9db/0x2260
[    2.179740]  ? put_pid.part.0+0x70/0xf0
[    2.180854]  ? __pfx___schedule+0x10/0x10
[    2.181831]  ? timerqueue_add+0x163/0x320
[    2.182450]  ? hrtimer_try_to_cancel+0x1d/0x350
[    2.183790]  ? __pfx_inet_sendmsg+0x10/0x10
[    2.184954]  ? sock_sendmsg+0x138/0x180
[    2.186842]  sock_sendmsg+0x138/0x180
[    2.187939]  __sys_sendto+0x1eb/0x2b0
[    2.188511]  ? __pfx___sys_sendto+0x10/0x10
[    2.189336]  ? hrtimer_nanosleep+0x165/0x480
[    2.190297]  ? __rseq_handle_notify_resume+0x7ce/0xc20
[    2.191144]  ? ksys_write+0x177/0x1d0
[    2.191754]  __x64_sys_sendto+0xdb/0x1b0
[    2.192396]  ? exit_to_user_mode_prepare+0xfe/0x110
[    2.193262]  ? syscall_exit_to_user_mode+0x21/0x50
[    2.194031]  do_syscall_64+0x3b/0x90
[    2.194649]  entry_SYSCALL_64_after_hwframe+0x6e/0xd8
[    2.195512] RIP: 0033:0x43bb13
[    2.196752] Code: 89 01 e9 e0 fe ff ff e8 eb 03 00 00 66 2e 0f 1f 84 00 00 00 00 00 90 80 3d b1 c9 06 00 00 41 89 ca 74 14 b8 2c 00 00 00 0f 05 <48> 3d 00 f0 ff ff 77 75 c3 0f 1f 40 00 55 48 83 ec 30 44 89 4c 24
[    2.201539] RSP: 002b:00007ffc2027e248 EFLAGS: 00000202 ORIG_RAX: 000000000000002c
[    2.204512] RAX: ffffffffffffffda RBX: 0000000000000001 RCX: 000000000043bb13
[    2.206013] RDX: 0000000000000001 RSI: 00000000004918fd RDI: 0000000000000004
[    2.207256] RBP: 00000000004a7120 R08: 00000000004a9750 R09: 0000000000000010
[    2.208445] R10: 0000000000000000 R11: 0000000000000202 R12: 000000000047b11a
[    2.209578] R13: 0000000000000001 R14: 0000000000000001 R15: 0000000000000001
[    2.210800]  </TASK>
[    2.211125] Modules linked in:
[    2.211802] ---[ end trace 0000000000000000 ]---
[    2.212808] RIP: 0010:hfsc_dequeue+0x325/0xf90
[    2.213654] Code: 00 01 eb 3b 48 b8 00 00 00 00 00 fc ff df 48 8d 7b 08 48 89 f9 48 c1 e9 03 80 3c 01 00 0f 85 18 0b 00 00 48 8b 43 08 48 89 df <ff> d0 0f 1f 00 49 89 c7 48 8d 48 28 48 85 c0 0f 84 a1 07 00 00 49
[    2.218577] RSP: 0018:ffffc900003ef438 EFLAGS: 00010286
[    2.220527] RAX: 06a8005d00000000 RBX: ffff888009f74000 RCX: 0000000000000000
[    2.222319] RDX: 0000000000000000 RSI: 0000000000000008 RDI: ffff888009f74000
[    2.223872] RBP: ffff888009f74080 R08: 0000000000000001 R09: ffff888009f5b040
[    2.225276] R10: ffff888009f5b080 R11: ffff888009f5b0f0 R12: ffff888009f5b000
[    2.226639] R13: ffff888009f90800 R14: ffff888009f90898 R15: ffff888009f74080
[    2.227954] FS:  00000000013b8380(0000) GS:ffff88806d200000(0000) knlGS:0000000000000000
[    2.229486] CS:  0010 DS: 0000 ES: 0000 CR0: 0000000080050033
[    2.230412] CR2: 00007ffc2027bff8 CR3: 0000000009bd0000 CR4: 0000000000350ef0
[    2.231659] Kernel panic - not syncing: Fatal exception in interrupt
[    2.235292] Kernel Offset: disabled
CONFIRMED: KASAN_UAF
