bash: warning: setlocale: LC_ALL: cannot change locale (en_US.UTF-8)
c[?7l[2J[0mSeaBIOS (version 1.16.2-debian-1.16.2-1)


iPXE (http://ipxe.org) 00:03.0 CA00 PCI2.10 PnP PMM+7EFCEF00+7EF0EF00 CA00
Press Ctrl-B to configure iPXE (PCI 00:03.0)...                                                                               


Booting from ROM...
c[?7l[2JNo EFI environment detected.
early console in extract_kernel
input_data: 0x0000000004be83a8
input_len: 0x00000000019944e9
output: 0x0000000001000000
output_len: 0x0000000005506538
kernel_total_size: 0x0000000005230000
needed_size: 0x0000000005600000
trampoline_32bit: 0x000000000009d000


KASLR disabled: 'nokaslr' on cmdline.


Decompressing Linux... Parsing ELF... No relocation needed... done.
Booting the kernel (entry_offset: 0x0000000000000000).
[    0.000000] Linux version 6.4.0-04323-g0902b9c03433-dirty (root@buildkitsandbox) (gcc (Debian 12.2.0-14+deb12u1) 12.2.0, GNU ld (GNU Binutils for Debian) 2.40) #2 SMP PREEMPT_DYNAMIC Sun May 17 08:51:10 UTC 2026
[    0.000000] Command line: console=ttyS0 oops=panic panic=-1 nokaslr earlyprintk=serial
[    0.000000] BIOS-provided physical RAM map:
[    0.000000] BIOS-e820: [mem 0x0000000000000000-0x000000000009fbff] usable
[    0.000000] BIOS-e820: [mem 0x000000000009fc00-0x000000000009ffff] reserved
[    0.000000] BIOS-e820: [mem 0x00000000000f0000-0x00000000000fffff] reserved
[    0.000000] BIOS-e820: [mem 0x0000000000100000-0x000000007ffdffff] usable
[    0.000000] BIOS-e820: [mem 0x000000007ffe0000-0x000000007fffffff] reserved
[    0.000000] BIOS-e820: [mem 0x00000000feffc000-0x00000000feffffff] reserved
[    0.000000] BIOS-e820: [mem 0x00000000fffc0000-0x00000000ffffffff] reserved
[    0.000000] printk: bootconsole [earlyser0] enabled
[    0.000000] NX (Execute Disable) protection: active
[    0.000000] SMBIOS 2.8 present.
[    0.000000] DMI: QEMU Standard PC (i440FX + PIIX, 1996), BIOS 1.16.2-debian-1.16.2-1 04/01/2014
[    0.000000] Hypervisor detected: KVM
[    0.000000] kvm-clock: Using msrs 4b564d01 and 4b564d00
[    0.000002] kvm-clock: using sched offset of 468264424 cycles
[    0.001279] clocksource: kvm-clock: mask: 0xffffffffffffffff max_cycles: 0x1cd42e4dffb, max_idle_ns: 881590591483 ns
[    0.009432] tsc: Detected 2995.198 MHz processor
[    0.010967] last_pfn = 0x7ffe0 max_arch_pfn = 0x400000000
[    0.012387] MTRR map: 4 entries (3 fixed + 1 variable; max 19), built from 8 variable MTRRs
[    0.014494] x86/PAT: Configuration [0-7]: WB  WC  UC- UC  WB  WP  UC- WT  
[    0.021382] found SMP MP-table at [mem 0x000f5ba0-0x000f5baf]
[    0.023164] Using GB pages for direct mapping
[    0.024343] Incomplete global flushes, disabling PCID
[    0.024746] RAMDISK: [mem 0x7fe91000-0x7ffdffff]
[    0.027617] ACPI: Early table checksum verification disabled
[    0.029055] ACPI: RSDP 0x00000000000F59D0 000014 (v00 BOCHS )
[    0.030500] ACPI: RSDT 0x000000007FFE1B33 000034 (v01 BOCHS  BXPC     00000001 BXPC 00000001)
[    0.032643] ACPI: FACP 0x000000007FFE19DF 000074 (v01 BOCHS  BXPC     00000001 BXPC 00000001)
[    0.034850] ACPI: DSDT 0x000000007FFE0040 00199F (v01 BOCHS  BXPC     00000001 BXPC 00000001)
[    0.037500] ACPI: FACS 0x000000007FFE0000 000040
[    0.038672] ACPI: APIC 0x000000007FFE1A53 000080 (v01 BOCHS  BXPC     00000001 BXPC 00000001)
[    0.043311] ACPI: HPET 0x000000007FFE1AD3 000038 (v01 BOCHS  BXPC     00000001 BXPC 00000001)
[    0.045685] ACPI: WAET 0x000000007FFE1B0B 000028 (v01 BOCHS  BXPC     00000001 BXPC 00000001)
[    0.048007] ACPI: Reserving FACP table memory at [mem 0x7ffe19df-0x7ffe1a52]
[    0.050153] ACPI: Reserving DSDT table memory at [mem 0x7ffe0040-0x7ffe19de]
[    0.052010] ACPI: Reserving FACS table memory at [mem 0x7ffe0000-0x7ffe003f]
[    0.054108] ACPI: Reserving APIC table memory at [mem 0x7ffe1a53-0x7ffe1ad2]
[    0.056020] ACPI: Reserving HPET table memory at [mem 0x7ffe1ad3-0x7ffe1b0a]
[    0.057983] ACPI: Reserving WAET table memory at [mem 0x7ffe1b0b-0x7ffe1b32]
[    0.060656] No NUMA configuration found
[    0.061719] Faking a node at [mem 0x0000000000000000-0x000000007ffdffff]
[    0.063699] NODE_DATA(0) allocated [mem 0x7fe8d000-0x7fe90fff]
[    0.065313] Zone ranges:
[    0.066010]   DMA      [mem 0x0000000000001000-0x0000000000ffffff]
[    0.067744]   DMA32    [mem 0x0000000001000000-0x000000007ffdffff]
[    0.069486]   Normal   empty
[    0.070579] Movable zone start for each node
[    0.071866] Early memory node ranges
[    0.072966]   node   0: [mem 0x0000000000001000-0x000000000009efff]
[    0.074831]   node   0: [mem 0x0000000000100000-0x000000007ffdffff]
[    0.076650] Initmem setup node 0 [mem 0x0000000000001000-0x000000007ffdffff]
[    0.079710] On node 0, zone DMA: 1 pages in unavailable ranges
[    0.079761] On node 0, zone DMA: 97 pages in unavailable ranges
[    0.107076] On node 0, zone DMA32: 32 pages in unavailable ranges
[    0.244239] kasan: KernelAddressSanitizer initialized
[    0.248478] ACPI: PM-Timer IO Port: 0x608
[    0.249955] ACPI: LAPIC_NMI (acpi_id[0xff] dfl dfl lint[0x1])
[    0.251983] IOAPIC[0]: apic_id 0, version 17, address 0xfec00000, GSI 0-23
[    0.254125] ACPI: INT_SRC_OVR (bus 0 bus_irq 0 global_irq 2 dfl dfl)
[    0.256024] ACPI: INT_SRC_OVR (bus 0 bus_irq 5 global_irq 5 high level)
[    0.258063] ACPI: INT_SRC_OVR (bus 0 bus_irq 9 global_irq 9 high level)
[    0.260350] ACPI: INT_SRC_OVR (bus 0 bus_irq 10 global_irq 10 high level)
[    0.262501] ACPI: INT_SRC_OVR (bus 0 bus_irq 11 global_irq 11 high level)
[    0.264775] ACPI: Using ACPI (MADT) for SMP configuration information
[    0.267086] ACPI: HPET id: 0x8086a201 base: 0xfed00000
[    0.268683] TSC deadline timer available
[    0.270131] smpboot: Allowing 2 CPUs, 0 hotplug CPUs
[    0.271861] kvm-guest: KVM setup pv remote TLB flush
[    0.273404] kvm-guest: setup PV sched yield
[    0.274863] PM: hibernation: Registered nosave memory: [mem 0x00000000-0x00000fff]
[    0.277348] PM: hibernation: Registered nosave memory: [mem 0x0009f000-0x0009ffff]
[    0.279737] PM: hibernation: Registered nosave memory: [mem 0x000a0000-0x000effff]
[    0.282268] PM: hibernation: Registered nosave memory: [mem 0x000f0000-0x000fffff]
[    0.284600] [mem 0x80000000-0xfeffbfff] available for PCI devices
[    0.287556] Booting paravirtualized kernel on KVM
[    0.289811] clocksource: refined-jiffies: mask: 0xffffffff max_cycles: 0xffffffff, max_idle_ns: 1910969940391419 ns
[    0.306519] setup_percpu: NR_CPUS:64 nr_cpumask_bits:2 nr_cpu_ids:2 nr_node_ids:1
[    0.309819] percpu: Embedded 66 pages/cpu s232104 r8192 d30040 u1048576
[    0.312458] Kernel command line: console=ttyS0 oops=panic panic=-1 nokaslr earlyprintk=serial
[    0.318300] Unknown kernel command line parameters "nokaslr", will be passed to user space.
[    0.320945] random: crng init done
[    0.322691] Dentry cache hash table entries: 262144 (order: 9, 2097152 bytes, linear)
[    0.326191] Inode-cache hash table entries: 131072 (order: 8, 1048576 bytes, linear)
[    0.328651] Fallback order for Node 0: 0 
[    0.328656] Built 1 zonelists, mobility grouping on.  Total pages: 515808
[    0.331751] Policy zone: DMA32
[    0.332449] mem auto-init: stack:all(zero), heap alloc:off, heap free:off
[    0.334149] stackdepot: allocating hash table via alloc_large_system_hash
[    0.338956] stackdepot hash table entries: 1048576 (order: 11, 8388608 bytes, linear)
[    0.361990] Memory: 1692956K/2096632K available (49152K kernel code, 7933K rwdata, 10032K rodata, 5616K init, 3048K bss, 403420K reserved, 0K cma-reserved)
[    0.365477] SLUB: HWalign=64, Order=0-3, MinObjects=0, CPUs=2, Nodes=1
Poking KASLR using RDRAND RDTSC...
[    0.368801] Dynamic Preempt: voluntary
[    0.370550] rcu: Preemptible hierarchical RCU implementation.
[    0.372109] rcu: 	RCU event tracing is enabled.
[    0.373290] rcu: 	RCU restricting CPUs from NR_CPUS=64 to nr_cpu_ids=2.
[    0.379841] 	Trampoline variant of Tasks RCU enabled.
[    0.383204] rcu: RCU calculated value of scheduler-enlistment delay is 100 jiffies.
[    0.384981] rcu: Adjusting geometry for rcu_fanout_leaf=16, nr_cpu_ids=2
[    0.396358] NR_IRQS: 4352, nr_irqs: 440, preallocated irqs: 16
[    0.398618] rcu: srcu_init: Setting srcu_struct sizes based on contention.
[    0.409601] Console: colour VGA+ 80x25
[    0.410603] printk: console [ttyS0] enabled
[    0.410603] printk: console [ttyS0] enabled
[    0.412788] printk: bootconsole [earlyser0] disabled
[    0.412788] printk: bootconsole [earlyser0] disabled
[    0.415255] ACPI: Core revision 20230331
[    0.416522] clocksource: hpet: mask: 0xffffffff max_cycles: 0xffffffff, max_idle_ns: 19112604467 ns
[    0.418854] APIC: Switch to symmetric I/O mode setup
[    0.420094] kvm-guest: setup PV IPIs
[    0.423360] ..TIMER: vector=0x30 apic1=0 pin1=2 apic2=-1 pin2=-1
[    0.425228] clocksource: tsc-early: mask: 0xffffffffffffffff max_cycles: 0x2b2c8d6afc8, max_idle_ns: 440795331172 ns
[    0.428053] Calibrating delay loop (skipped) preset value.. 5990.39 BogoMIPS (lpj=2995198)
[    0.430390] x86/cpu: User Mode Instruction Prevention (UMIP) activated
[    0.433321] Last level iTLB entries: 4KB 0, 2MB 0, 4MB 0
[    0.434054] Last level dTLB entries: 4KB 0, 2MB 0, 4MB 0, 1GB 0
[    0.435079] Spectre V1 : Mitigation: usercopy/swapgs barriers and __user pointer sanitization
[    0.437077] Spectre V2 : Mitigation: Enhanced / Automatic IBRS
[    0.438048] Spectre V2 : Spectre v2 / SpectreRSB mitigation: Filling RSB on context switch
[    0.439055] Spectre V2 : Spectre v2 / PBRSB-eIBRS: Retire a single CALL on VMEXIT
[    0.440055] RETBleed: Mitigation: Enhanced IBRS
[    0.441069] Spectre V2 : mitigation: Enabling conditional Indirect Branch Prediction Barrier
[    0.442053] Speculative Store Bypass: Mitigation: Speculative Store Bypass disabled via prctl
[    0.443052] MMIO Stale Data: Unknown: No mitigations
[    0.444118] x86/fpu: Supporting XSAVE feature 0x001: 'x87 floating point registers'
[    0.445048] x86/fpu: Supporting XSAVE feature 0x002: 'SSE registers'
[    0.446050] x86/fpu: Supporting XSAVE feature 0x004: 'AVX registers'
[    0.447052] x86/fpu: xstate_offset[2]:  576, xstate_sizes[2]:  256
[    0.448050] x86/fpu: Enabled xstate features 0x7, context size is 832 bytes, using 'compacted' format.
[    0.469314] Freeing SMP alternatives memory: 44K
[    0.470050] pid_max: default: 32768 minimum: 301
[    0.472079] LSM: initializing lsm=capability,selinux,integrity
[    0.473099] SELinux:  Initializing.
[    0.473971] Mount-cache hash table entries: 4096 (order: 3, 32768 bytes, linear)
[    0.474046] Mountpoint-cache hash table entries: 4096 (order: 3, 32768 bytes, linear)
[    0.475862] smpboot: CPU0: 13th Gen Intel(R) Core(TM) i9-13900H (family: 0x6, model: 0xba, stepping: 0x2)
[    0.476287] RCU Tasks: Setting shift to 1 and lim to 1 rcu_task_cb_adjust=1.
[    0.477079] Performance Events: unsupported p6 CPU model 186 no PMU driver, software events only.
[    0.478113] signal: max sigframe size: 1776
[    0.479115] rcu: Hierarchical SRCU implementation.
[    0.480054] rcu: 	Max phase no-delay instances is 400.
[    0.481615] smp: Bringing up secondary CPUs ...
[    0.482281] smpboot: x86: Booting SMP configuration:
[    0.483055] .... node  #0, CPUs:      #1
[    0.484145] smp: Brought up 1 node, 2 CPUs
[    0.486067] smpboot: Max logical packages: 1
[    0.487057] smpboot: Total of 2 processors activated (11980.79 BogoMIPS)
[    0.490142] devtmpfs: initialized
[    0.494227] clocksource: jiffies: mask: 0xffffffff max_cycles: 0xffffffff, max_idle_ns: 1911260446275000 ns
[    0.495058] futex hash table entries: 512 (order: 3, 32768 bytes, linear)
[    0.496310] PM: RTC time: 08:52:07, date: 2026-05-17
[    0.497342] NET: Registered PF_NETLINK/PF_ROUTE protocol family
[    0.498363] audit: initializing netlink subsys (disabled)
[    0.499158] audit: type=2000 audit(1779007927.990:1): state=initialized audit_enabled=0 res=1
[    0.499366] thermal_sys: Registered thermal governor 'step_wise'
[    0.500082] thermal_sys: Registered thermal governor 'user_space'
[    0.501122] cpuidle: using governor menu
[    0.503540] PCI: Using configuration type 1 for base access
[    0.504268] kprobes: kprobe jump-optimization is enabled. All kprobes are optimized if possible.
[    0.507247] HugeTLB: registered 2.00 MiB page size, pre-allocated 0 pages
[    0.509056] HugeTLB: 28 KiB vmemmap can be freed for a 2.00 MiB page
[    0.511884] ACPI: Added _OSI(Module Device)
[    0.513056] ACPI: Added _OSI(Processor Device)
[    0.514053] ACPI: Added _OSI(3.0 _SCP Extensions)
[    0.515052] ACPI: Added _OSI(Processor Aggregator Device)
[    0.526516] ACPI: 1 ACPI AML tables successfully acquired and loaded
[    0.587371] ACPI: Interpreter enabled
[    0.589098] ACPI: PM: (supports S0 S3 S4 S5)
[    0.596059] ACPI: Using IOAPIC for interrupt routing
[    0.597120] PCI: Using host bridge windows from ACPI; if necessary, use "pci=nocrs" and report a bug
[    0.600055] PCI: Using E820 reservations for host bridge windows
[    0.602563] ACPI: Enabled 2 GPEs in block 00 to 0F
[    0.615993] ACPI: PCI Root Bridge [PCI0] (domain 0000 [bus 00-ff])
[    0.618287] acpi PNP0A03:00: _OSC: OS supports [ASPM ClockPM Segments MSI HPX-Type3]
[    0.622104] acpi PNP0A03:00: _OSC: not requesting OS control; OS requires [ExtendedConfig ASPM ClockPM MSI]
[    0.625469] acpi PNP0A03:00: fail to add MMCONFIG information, can't access extended configuration space under this bridge
[    0.627561] PCI host bridge to bus 0000:00
[    0.629071] pci_bus 0000:00: root bus resource [io  0x0000-0x0cf7 window]
[    0.632070] pci_bus 0000:00: root bus resource [io  0x0d00-0xffff window]
[    0.634068] pci_bus 0000:00: root bus resource [mem 0x000a0000-0x000bffff window]
[    0.639069] pci_bus 0000:00: root bus resource [mem 0x80000000-0xfebfffff window]
[    0.643219] pci_bus 0000:00: root bus resource [mem 0x100000000-0x17fffffff window]
[    0.646222] pci_bus 0000:00: root bus resource [bus 00-ff]
[    0.648368] pci 0000:00:00.0: [8086:1237] type 00 class 0x060000
[    0.660497] pci 0000:00:01.0: [8086:7000] type 00 class 0x060100
[    0.668764] pci 0000:00:01.1: [8086:7010] type 00 class 0x010180
[    0.671807] pci 0000:00:01.1: reg 0x20: [io  0xc040-0xc04f]
[    0.673780] pci 0000:00:01.1: legacy IDE quirk: reg 0x10: [io  0x01f0-0x01f7]
[    0.675109] pci 0000:00:01.1: legacy IDE quirk: reg 0x14: [io  0x03f6]
[    0.676117] pci 0000:00:01.1: legacy IDE quirk: reg 0x18: [io  0x0170-0x0177]
[    0.682120] pci 0000:00:01.1: legacy IDE quirk: reg 0x1c: [io  0x0376]
[    0.683980] pci 0000:00:01.3: [8086:7113] type 00 class 0x068000
[    0.687243] pci 0000:00:01.3: quirk: [io  0x0600-0x063f] claimed by PIIX4 ACPI
[    0.689154] pci 0000:00:01.3: quirk: [io  0x0700-0x070f] claimed by PIIX4 SMB
[    0.692176] pci 0000:00:02.0: [1234:1111] type 00 class 0x030000
[    0.693046] pci 0000:00:02.0: reg 0x10: [mem 0xfd000000-0xfdffffff pref]
[    0.698652] pci 0000:00:02.0: reg 0x18: [mem 0xfebf0000-0xfebf0fff]
[    0.705650] pci 0000:00:02.0: reg 0x30: [mem 0xfebe0000-0xfebeffff pref]
[    0.708417] pci 0000:00:02.0: Video device with shadowed ROM at [mem 0x000c0000-0x000dffff]
[    0.716389] pci 0000:00:03.0: [8086:100e] type 00 class 0x020000
[    0.719057] pci 0000:00:03.0: reg 0x10: [mem 0xfebc0000-0xfebdffff]
[    0.722058] pci 0000:00:03.0: reg 0x14: [io  0xc000-0xc03f]
[    0.730573] pci 0000:00:03.0: reg 0x30: [mem 0xfeb80000-0xfebbffff pref]
[    0.740426] ACPI: PCI: Interrupt link LNKA configured for IRQ 10
[    0.742629] ACPI: PCI: Interrupt link LNKB configured for IRQ 10
[    0.744609] ACPI: PCI: Interrupt link LNKC configured for IRQ 11
[    0.745597] ACPI: PCI: Interrupt link LNKD configured for IRQ 11
[    0.747289] ACPI: PCI: Interrupt link LNKS configured for IRQ 9
[    0.750560] iommu: Default domain type: Translated 
[    0.751054] iommu: DMA domain TLB invalidation policy: lazy mode 
[    0.753459] SCSI subsystem initialized
[    0.755250] ACPI: bus type USB registered
[    0.756106] usbcore: registered new interface driver usbfs
[    0.757076] usbcore: registered new interface driver hub
[    0.758074] usbcore: registered new device driver usb
[    0.759117] pps_core: LinuxPPS API ver. 1 registered
[    0.760085] pps_core: Software ver. 5.3.6 - Copyright 2005-2007 Rodolfo Giometti <giometti@linux.it>
[    0.761281] PTP clock support registered
[    0.762273] Advanced Linux Sound Architecture Driver Initialized.
[    0.763724] NetLabel: Initializing
[    0.764054] NetLabel:  domain hash size = 128
[    0.765053] NetLabel:  protocols = UNLABELED CIPSOv4 CALIPSO
[    0.766134] NetLabel:  unlabeled traffic allowed by default
[    0.767152] PCI: Using ACPI for IRQ routing
[    0.768333] pci 0000:00:02.0: vgaarb: setting as boot VGA device
[    0.769046] pci 0000:00:02.0: vgaarb: bridge control possible
[    0.769046] pci 0000:00:02.0: vgaarb: VGA device added: decodes=io+mem,owns=io+mem,locks=none
[    0.769064] vgaarb: loaded
[    0.770172] hpet0: at MMIO 0xfed00000, IRQs 2, 8, 0
[    0.771060] hpet0: 3 comparators, 64-bit 100.000000 MHz counter
[    0.776494] clocksource: Switched to clocksource kvm-clock
[    0.778120] VFS: Disk quotas dquot_6.6.0
[    0.779476] VFS: Dquot-cache hash table entries: 512 (order 0, 4096 bytes)
[    0.781971] pnp: PnP ACPI init
[    0.785401] pnp: PnP ACPI: found 6 devices
[    0.795265] clocksource: acpi_pm: mask: 0xffffff max_cycles: 0xffffff, max_idle_ns: 2085701024 ns
[    0.797867] NET: Registered PF_INET protocol family
[    0.800352] IP idents hash table entries: 32768 (order: 6, 262144 bytes, linear)
[    0.804231] tcp_listen_portaddr_hash hash table entries: 1024 (order: 2, 16384 bytes, linear)
[    0.806912] Table-perturb hash table entries: 65536 (order: 6, 262144 bytes, linear)
[    0.809350] TCP established hash table entries: 16384 (order: 5, 131072 bytes, linear)
[    0.811780] TCP bind hash table entries: 16384 (order: 7, 524288 bytes, linear)
[    0.814020] TCP: Hash tables configured (established 16384 bind 16384)
[    0.816052] UDP hash table entries: 1024 (order: 3, 32768 bytes, linear)
[    0.818114] UDP-Lite hash table entries: 1024 (order: 3, 32768 bytes, linear)
[    0.820975] NET: Registered PF_UNIX/PF_LOCAL protocol family
[    0.823215] RPC: Registered named UNIX socket transport module.
[    0.826289] RPC: Registered udp transport module.
[    0.827781] RPC: Registered tcp transport module.
[    0.830558] RPC: Registered tcp NFSv4.1 backchannel transport module.
[    0.834344] pci_bus 0000:00: resource 4 [io  0x0000-0x0cf7 window]
[    0.836286] pci_bus 0000:00: resource 5 [io  0x0d00-0xffff window]
[    0.838206] pci_bus 0000:00: resource 6 [mem 0x000a0000-0x000bffff window]
[    0.840251] pci_bus 0000:00: resource 7 [mem 0x80000000-0xfebfffff window]
[    0.842400] pci_bus 0000:00: resource 8 [mem 0x100000000-0x17fffffff window]
[    0.845131] pci 0000:00:01.0: PIIX3: Enabling Passive Release
[    0.847850] pci 0000:00:00.0: Limiting direct PCI/PCI transfers
[    0.849820] PCI: CLS 0 bytes, default 64
[    0.852606] Unpacking initramfs...
[    0.855617] RAPL PMU: API unit is 2^-32 Joules, 0 fixed counters, 10737418240 ms ovfl timer
[    0.859241] clocksource: tsc: mask: 0xffffffffffffffff max_cycles: 0x2b2c8d6afc8, max_idle_ns: 440795331172 ns
[    0.870600] Initialise system trusted keyrings
[    0.872137] workingset: timestamp_bits=56 max_order=19 bucket_order=0
[    0.874630] NFS: Registering the id_resolver key type
[    0.875986] Freeing initrd memory: 1340K
[    0.876230] Key type id_resolver registered
[    0.878595] Key type id_legacy registered
[    0.879705] 9p: Installing v9fs 9p2000 file system support
[    0.888762] Key type asymmetric registered
[    0.889996] Asymmetric key parser 'x509' registered
[    0.891477] Block layer SCSI generic (bsg) driver version 0.4 loaded (major 251)
[    0.893679] io scheduler mq-deadline registered
[    0.895025] io scheduler kyber registered
[    0.896837] input: Power Button as /devices/LNXSYSTM:00/LNXPWRBN:00/input/input0
[    0.899880] ACPI: button: Power Button [PWRF]
[    0.902621] Serial: 8250/16550 driver, 4 ports, IRQ sharing enabled
[    0.904717] 00:04: ttyS0 at I/O 0x3f8 (irq = 4, base_baud = 115200) is a 16550A
[    0.908040] Non-volatile memory driver v1.3
[    0.909305] Linux agpgart interface v0.103
[    0.910654] ACPI: bus type drm_connector registered
[    0.918261] loop: module loaded
[    0.921626] scsi host0: ata_piix
[    0.923378] scsi host1: ata_piix
[    0.924706] ata1: PATA max MWDMA2 cmd 0x1f0 ctl 0x3f6 bmdma 0xc040 irq 14
[    0.926755] ata2: PATA max MWDMA2 cmd 0x170 ctl 0x376 bmdma 0xc048 irq 15
[    0.929852] e100: Intel(R) PRO/100 Network Driver
[    0.931281] e100: Copyright(c) 1999-2006 Intel Corporation
[    0.932857] e1000: Intel(R) PRO/1000 Network Driver
[    0.934325] e1000: Copyright (c) 1999-2006 Intel Corporation.
[    1.088007] ata2: found unknown device (class 0)
[    1.090080] ata2.00: ATAPI: QEMU DVD-ROM, 2.5+, max UDMA/100
[    1.093208] scsi 1:0:0:0: CD-ROM            QEMU     QEMU DVD-ROM     2.5+ PQ: 0 ANSI: 5
[    1.115004] sr 1:0:0:0: [sr0] scsi3-mmc drive: 4x/4x cd/rw xa/form2 tray
[    1.116730] cdrom: Uniform CD-ROM driver Revision: 3.20
[    1.409778] ACPI: \_SB_.LNKC: Enabled at IRQ 11
[    1.773887] e1000 0000:00:03.0 eth0: (PCI:33MHz:32-bit) 52:54:00:12:34:56
[    1.775583] e1000 0000:00:03.0 eth0: Intel(R) PRO/1000 Network Connection
[    1.777236] e1000e: Intel(R) PRO/1000 Network Driver
[    1.778460] e1000e: Copyright(c) 1999 - 2015 Intel Corporation.
[    1.779962] sky2: driver version 1.30
[    1.782099] usbcore: registered new interface driver usblp
[    1.783639] usbcore: registered new interface driver usb-storage
[    1.785156] i8042: PNP: PS/2 Controller [PNP0303:KBD,PNP0f13:MOU] at 0x60,0x64 irq 1,12
[    1.788172] serio: i8042 KBD port at 0x60,0x64 irq 1
[    1.789218] serio: i8042 AUX port at 0x60,0x64 irq 12
[    1.791244] input: AT Translated Set 2 keyboard as /devices/platform/i8042/serio0/input/input1
[    1.791452] rtc_cmos 00:05: RTC can wake from S4
[    1.796175] rtc_cmos 00:05: registered as rtc0
[    1.797462] rtc_cmos 00:05: alarms up to one day, y3k, 242 bytes nvram, hpet irqs
[    1.799819] device-mapper: ioctl: 4.48.0-ioctl (2023-03-01) initialised: dm-devel@redhat.com
[    1.802347] intel_pstate: CPU model not supported
[    1.804348] hid: raw HID events driver (C) Jiri Kosina
[    1.806761] usbcore: registered new interface driver usbhid
[    1.808869] usbhid: USB HID core driver
[    1.811519] netem: version 1.3
[    1.813508] Initializing XFRM netlink socket
[    1.814488] NET: Registered PF_INET6 protocol family
[    1.816386] Segment Routing with IPv6
[    1.817174] In-situ OAM (IOAM) with IPv6
[    1.818084] sit: IPv6, IPv4 and MPLS over IPv4 tunneling driver
[    1.819592] NET: Registered PF_PACKET protocol family
[    1.820757] 9pnet: Installing 9P2000 support
[    1.821699] Key type dns_resolver registered
[    1.822991] IPI shorthand broadcast: enabled
[    1.834442] sched_clock: Marking stable (1811006921, 23307191)->(1929910876, -95596764)
[    1.837471] registered taskstats version 1
[    1.838449] Loading compiled-in X.509 certificates
[    1.848911] PM:   Magic number: 10:457:877
[    1.849928] printk: console [netcon0] enabled
[    1.850966] netconsole: network logging started
[    1.852287] cfg80211: Loading compiled-in X.509 certificates for regulatory database
[    1.854339] kworker/u4:1 (51) used greatest stack depth: 29536 bytes left
[    1.856349] Loaded X.509 cert 'sforshee: 00b28ddf47aef9cea7'
[    1.857971] ALSA device list:
[    1.858740]   No soundcards found.
[    1.860812] Freeing unused kernel image (initmem) memory: 5616K
[    1.861976] platform regulatory.0: Direct firmware load for regulatory.db failed with error -2
[    1.863785] cfg80211: failed to load regulatory.db
[    1.864760] Write protecting the kernel read-only data: 59392k
[    1.865771] Freeing unused kernel image (rodata/data gap) memory: 208K
[    1.876443] x86/mm: Checked W+X mappings: passed, no W+X pages found.
[    1.877593] Run /init as init process
[    1.880268] mount (55) used greatest stack depth: 28760 bytes left

secb: rootfs ready
---- poc begin ----
[poc] lo up with 127.0.0.1/8; starting trigger_vuln
[poc] === iter 0 ===
[    1.893304] ------------[ cut here ]------------
[    1.894117] qfq_dequeue: non-workconserving leaf
[    1.894978] WARNING: CPU: 1 PID: 61 at net/sched/sch_qfq.c:989 qfq_dequeue+0xe3f/0x1710
[    1.896202] Modules linked in:
[    1.896828] CPU: 1 PID: 61 Comm: poc Not tainted 6.4.0-04323-g0902b9c03433-dirty #2
[    1.898556] Hardware name: QEMU Standard PC (i440FX + PIIX, 1996), BIOS 1.16.2-debian-1.16.2-1 04/01/2014
[    1.900508] RIP: 0010:qfq_dequeue+0xe3f/0x1710
[    1.901357] Code: 18 48 8b 54 24 10 8b 74 24 08 4c 8b 0c 24 e9 83 fc ff ff 48 c7 c7 80 51 47 84 48 89 0c 24 c6 05 c6 ee ea 01 01 e8 11 bd e6 fd <0f> 0b 48 8d 53 3c 48 8b 0c 24 48 b8 00 00 00 00 00 fc ff df 48 89
[    1.905108] RSP: 0018:ffffc900003bf308 EFLAGS: 00010282
[    1.905906] RAX: 0000000000000000 RBX: ffff888009bb3100 RCX: dffffc0000000000
[    1.907006] RDX: 0000000000000000 RSI: 1ffff92000077e06 RDI: 0000000000000001
[    1.908079] RBP: ffff888009fe4000 R08: 0000000000000001 R09: fffff52000077e06
[    1.909139] R10: ffffc900003bf037 R11: 0000000000000000 R12: ffff888009bb3058
[    1.910098] R13: 0000000000000000 R14: ffff888009fe41b8 R15: ffffffff851b9540
[    1.911140] FS:  0000000000fea380(0000) GS:ffff88806d300000(0000) knlGS:0000000000000000
[    1.912271] CS:  0010 DS: 0000 ES: 0000 CR0: 0000000080050033
[    1.912998] CR2: 00007ffe63252ef0 CR3: 0000000009c7a000 CR4: 0000000000350ee0
[    1.913944] Call Trace:
[    1.914621]  <TASK>
[    1.915182]  ? __warn+0xc8/0x250
[    1.916369]  ? down_trylock+0x52/0x80
[    1.917054]  ? qfq_dequeue+0xe3f/0x1710
[    1.917853]  ? report_bug+0x26b/0x2e0
[    1.918499]  ? handle_bug+0x3c/0x70
[    1.918991]  ? exc_invalid_op+0x17/0x40
[    1.919785]  ? asm_exc_invalid_op+0x1a/0x20
[    1.920565]  ? qfq_dequeue+0xe3f/0x1710
[    1.921142]  ? qfq_dequeue+0xe3f/0x1710
[    1.921743]  qdisc_peek_dequeued+0x77/0x290
[    1.922378]  drr_dequeue+0x1da/0xb60
[    1.922965]  qdisc_peek_dequeued+0x77/0x290
[    1.923671]  hfsc_enqueue+0x874/0xee0
[    1.924206]  ? __pfx_hfsc_enqueue+0x10/0x10
[    1.924838]  ? _raw_spin_lock+0x80/0xe0
[    1.925445]  dev_qdisc_enqueue+0x3b/0x140
[    1.926018]  __dev_queue_xmit+0x161f/0x30c0
[    1.926589]  ? _raw_write_lock_bh+0x60/0xe0
[    1.927114]  ? __pfx___dev_queue_xmit+0x10/0x10
[    1.927819]  ? _raw_write_lock_bh+0x84/0xe0
[    1.928570]  ? __pfx__raw_write_lock_bh+0x10/0x10
[    1.929130]  ? eth_header+0x14f/0x180
[    1.930197]  ? neigh_resolve_output+0x3b5/0x7e0
[    1.931142]  ip_finish_output2+0x853/0x18f0
[    1.931999]  ? __pfx_ip_finish_output2+0x10/0x10
[    1.933011]  __ip_finish_output.part.0+0x271/0x950
[    1.933867]  ? __pfx___ip_finish_output.part.0+0x10/0x10
[    1.935059]  ? nf_hook_slow+0xa2/0x170
[    1.935871]  ip_output+0x2c7/0x650
[    1.936465]  ? __pfx_ip_output+0x10/0x10
[    1.937086]  ? __pfx_ip_finish_output+0x10/0x10
[    1.937792]  ? __pfx_ip_generic_getfrag+0x10/0x10
[    1.938437]  ? __pfx_ip_make_skb+0x10/0x10
[    1.938965]  ip_send_skb+0x113/0x150
[    1.939608]  udp_send_skb+0x57d/0x1260
[    1.940361]  udp_sendmsg+0x1757/0x2230
[    1.940970]  ? __pfx_ip_generic_getfrag+0x10/0x10
[    1.941612]  ? __pfx_udp_sendmsg+0x10/0x10
[    1.942189]  ? udp_lib_get_port+0x4b9/0x1850
[    1.942702]  ? ip4_datagram_release_cb+0x161/0x7f0
[    1.943239]  ? __pfx_ip4_datagram_release_cb+0x10/0x10
[    1.944029]  ? __pfx_netlink_recvmsg+0x10/0x10
[    1.944638]  ? inet_autobind+0x108/0x160
[    1.945182]  ? inet_send_prepare+0x21f/0x2a0
[    1.945802]  ? __pfx_inet_sendmsg+0x10/0x10
[    1.946343]  ? sock_sendmsg+0x138/0x180
[    1.946856]  sock_sendmsg+0x138/0x180
[    1.947439]  __sys_sendto+0x1eb/0x2b0
[    1.948022]  ? __pfx___sys_sendto+0x10/0x10
[    1.948834]  ? __rseq_handle_notify_resume+0x7ce/0xc20
[    1.949933]  ? ksys_read+0x177/0x1d0
[    1.950800]  ? __pfx_ksys_read+0x10/0x10
[    1.952197]  __x64_sys_sendto+0xdb/0x1b0
[    1.953042]  ? exit_to_user_mode_prepare+0x2a/0x110
[    1.954084]  ? syscall_exit_to_user_mode+0x21/0x50
[    1.955096]  do_syscall_64+0x3b/0x90
[    1.955776]  entry_SYSCALL_64_after_hwframe+0x6e/0xd8
[    1.958042] RIP: 0033:0x43bb13
[    1.958813] Code: 89 01 e9 e0 fe ff ff e8 eb 03 00 00 66 2e 0f 1f 84 00 00 00 00 00 90 80 3d b1 c9 06 00 00 41 89 ca 74 14 b8 2c 00 00 00 0f 05 <48> 3d 00 f0 ff ff 77 75 c3 0f 1f 40 00 55 48 83 ec 30 44 89 4c 24
[    1.961917] RSP: 002b:00007ffe63255088 EFLAGS: 00000202 ORIG_RAX: 000000000000002c
[    1.963364] RAX: ffffffffffffffda RBX: 00000000f0000000 RCX: 000000000043bb13
[    1.964428] RDX: 0000000000000001 RSI: 00000000004918fd RDI: 0000000000000004
[    1.965532] RBP: 00000000f0060000 R08: 00000000004a9750 R09: 0000000000000010
[    1.966656] R10: 0000000000000000 R11: 0000000000000202 R12: 00000000004a74c0
[    1.967792] R13: 00000000f0060001 R14: 00000000004a71a0 R15: 00000000004a7260
[    1.968964]  </TASK>
[    1.969393] ---[ end trace 0000000000000000 ]---
[    1.970302] drr_dequeue: qfq qdisc F002: is non-work-conserving?
[    1.971199] HFSC: drr qdisc F001: is non-work-conserving?
[    1.972645] HFSC: qfq qdisc F006: is non-work-conserving?
[poc] === iter 1 ===
[    2.146918] drr_dequeue: qfq qdisc F002: is non-work-conserving?
[    2.147894] HFSC: drr qdisc F001: is non-work-conserving?
[    2.148825] HFSC: qfq qdisc F006: is non-work-conserving?
[poc] === iter 2 ===
[    2.322599] drr_dequeue: qfq qdisc F002: is non-work-conserving?
[    2.323513] HFSC: drr qdisc F001: is non-work-conserving?
[    2.324367] HFSC: qfq qdisc F006: is non-work-conserving?
[    2.433593] input: ImExPS/2 Generic Explorer Mouse as /devices/platform/i8042/serio1/input/input3
[poc] === iter 3 ===
[    2.497524] drr_dequeue: qfq qdisc F002: is non-work-conserving?
[    2.498510] HFSC: drr qdisc F001: is non-work-conserving?
[    2.499398] HFSC: qfq qdisc F006: is non-work-conserving?
[    3.672392] poc (61) used greatest stack depth: 25440 bytes left
---- poc end rc=0 ----
secb: poc exited without crashing the kernel
[    5.026278] ACPI: PM: Preparing to enter system sleep state S5
[    5.028633] reboot: Power down
NO_CRASH_DETECTED
