bash: warning: setlocale: LC_ALL: cannot change locale (en_US.UTF-8)
c[?7l[2J[0mSeaBIOS (version 1.16.2-debian-1.16.2-1)


iPXE (http://ipxe.org) 00:03.0 CA00 PCI2.10 PnP PMM+7EFCEF00+7EF0EF00 CA00
Press Ctrl-B to configure iPXE (PCI 00:03.0)...                                                                               


Booting from ROM...
c[?7l[2J[    0.000000] Linux version 5.16.0+ (root@buildkitsandbox) (gcc (Debian 12.2.0-14+deb12u1) 12.2.0, GNU ld (GNU Binutils for Debian) 2.40) #2 SMP PREEMPT Tue May 5 09:15:22 UTC 2026
[    0.000000] Command line: console=ttyS0 oops=panic nokaslr rdinit=/init
[    0.000000] x86/fpu: Supporting XSAVE feature 0x001: 'x87 floating point registers'
[    0.000000] x86/fpu: Supporting XSAVE feature 0x002: 'SSE registers'
[    0.000000] x86/fpu: Supporting XSAVE feature 0x004: 'AVX registers'
[    0.000000] x86/fpu: Supporting XSAVE feature 0x200: 'Protection Keys User registers'
[    0.000000] x86/fpu: xstate_offset[2]:  576, xstate_sizes[2]:  256
[    0.000000] x86/fpu: xstate_offset[9]:  832, xstate_sizes[9]:    8
[    0.000000] x86/fpu: Enabled xstate features 0x207, context size is 840 bytes, using 'compacted' format.
[    0.000000] signal: max sigframe size: 3632
[    0.000000] BIOS-provided physical RAM map:
[    0.000000] BIOS-e820: [mem 0x0000000000000000-0x000000000009fbff] usable
[    0.000000] BIOS-e820: [mem 0x000000000009fc00-0x000000000009ffff] reserved
[    0.000000] BIOS-e820: [mem 0x00000000000f0000-0x00000000000fffff] reserved
[    0.000000] BIOS-e820: [mem 0x0000000000100000-0x000000007ffdffff] usable
[    0.000000] BIOS-e820: [mem 0x000000007ffe0000-0x000000007fffffff] reserved
[    0.000000] BIOS-e820: [mem 0x00000000feffc000-0x00000000feffffff] reserved
[    0.000000] BIOS-e820: [mem 0x00000000fffc0000-0x00000000ffffffff] reserved
[    0.000000] NX (Execute Disable) protection: active
[    0.000000] SMBIOS 2.8 present.
[    0.000000] DMI: QEMU Standard PC (i440FX + PIIX, 1996), BIOS 1.16.2-debian-1.16.2-1 04/01/2014
[    0.000000] tsc: Fast TSC calibration using PIT
[    0.000000] tsc: Detected 3186.778 MHz processor
[    0.000739] last_pfn = 0x7ffe0 max_arch_pfn = 0x400000000
[    0.000803] x86/PAT: Configuration [0-7]: WB  WC  UC- UC  WB  WP  UC- WT  
[    0.002767] found SMP MP-table at [mem 0x000f5ba0-0x000f5baf]
[    0.002813] Using GB pages for direct mapping
[    0.003043] RAMDISK: [mem 0x7fe92000-0x7ffdffff]
[    0.003059] ACPI: Early table checksum verification disabled
[    0.003066] ACPI: RSDP 0x00000000000F59D0 000014 (v00 BOCHS )
[    0.003074] ACPI: RSDT 0x000000007FFE1B33 000034 (v01 BOCHS  BXPC     00000001 BXPC 00000001)
[    0.003083] ACPI: FACP 0x000000007FFE19DF 000074 (v01 BOCHS  BXPC     00000001 BXPC 00000001)
[    0.003092] ACPI: DSDT 0x000000007FFE0040 00199F (v01 BOCHS  BXPC     00000001 BXPC 00000001)
[    0.003097] ACPI: FACS 0x000000007FFE0000 000040
[    0.003101] ACPI: APIC 0x000000007FFE1A53 000080 (v01 BOCHS  BXPC     00000001 BXPC 00000001)
[    0.003105] ACPI: HPET 0x000000007FFE1AD3 000038 (v01 BOCHS  BXPC     00000001 BXPC 00000001)
[    0.003109] ACPI: WAET 0x000000007FFE1B0B 000028 (v01 BOCHS  BXPC     00000001 BXPC 00000001)
[    0.003113] ACPI: Reserving FACP table memory at [mem 0x7ffe19df-0x7ffe1a52]
[    0.003115] ACPI: Reserving DSDT table memory at [mem 0x7ffe0040-0x7ffe19de]
[    0.003117] ACPI: Reserving FACS table memory at [mem 0x7ffe0000-0x7ffe003f]
[    0.003119] ACPI: Reserving APIC table memory at [mem 0x7ffe1a53-0x7ffe1ad2]
[    0.003120] ACPI: Reserving HPET table memory at [mem 0x7ffe1ad3-0x7ffe1b0a]
[    0.003122] ACPI: Reserving WAET table memory at [mem 0x7ffe1b0b-0x7ffe1b32]
[    0.003639] No NUMA configuration found
[    0.003645] Faking a node at [mem 0x0000000000000000-0x000000007ffdffff]
[    0.003652] NODE_DATA(0) allocated [mem 0x7fe8e000-0x7fe91fff]
[    0.003675] Zone ranges:
[    0.003677]   DMA      [mem 0x0000000000001000-0x0000000000ffffff]
[    0.003680]   DMA32    [mem 0x0000000001000000-0x000000007ffdffff]
[    0.003683]   Normal   empty
[    0.003684] Movable zone start for each node
[    0.003686] Early memory node ranges
[    0.003687]   node   0: [mem 0x0000000000001000-0x000000000009efff]
[    0.003689]   node   0: [mem 0x0000000000100000-0x000000007ffdffff]
[    0.003691] Initmem setup node 0 [mem 0x0000000000001000-0x000000007ffdffff]
[    0.006370] On node 0, zone DMA: 1 pages in unavailable ranges
[    0.006450] On node 0, zone DMA: 97 pages in unavailable ranges
[    0.165301] On node 0, zone DMA32: 32 pages in unavailable ranges
[    1.885247] kasan: KernelAddressSanitizer initialized
[    1.885855] ACPI: PM-Timer IO Port: 0x608
[    1.885867] ACPI: LAPIC_NMI (acpi_id[0xff] dfl dfl lint[0x1])
[    1.885922] IOAPIC[0]: apic_id 0, version 17, address 0xfec00000, GSI 0-23
[    1.885927] ACPI: INT_SRC_OVR (bus 0 bus_irq 0 global_irq 2 dfl dfl)
[    1.885931] ACPI: INT_SRC_OVR (bus 0 bus_irq 5 global_irq 5 high level)
[    1.885933] ACPI: INT_SRC_OVR (bus 0 bus_irq 9 global_irq 9 high level)
[    1.885935] ACPI: INT_SRC_OVR (bus 0 bus_irq 10 global_irq 10 high level)
[    1.885937] ACPI: INT_SRC_OVR (bus 0 bus_irq 11 global_irq 11 high level)
[    1.885940] ACPI: Using ACPI (MADT) for SMP configuration information
[    1.885942] ACPI: HPET id: 0x8086a201 base: 0xfed00000
[    1.885947] TSC deadline timer available
[    1.885950] smpboot: Allowing 2 CPUs, 0 hotplug CPUs
[    1.885965] PM: hibernation: Registered nosave memory: [mem 0x00000000-0x00000fff]
[    1.885967] PM: hibernation: Registered nosave memory: [mem 0x0009f000-0x0009ffff]
[    1.885969] PM: hibernation: Registered nosave memory: [mem 0x000a0000-0x000effff]
[    1.885971] PM: hibernation: Registered nosave memory: [mem 0x000f0000-0x000fffff]
[    1.885973] [mem 0x80000000-0xfeffbfff] available for PCI devices
[    1.885978] clocksource: refined-jiffies: mask: 0xffffffff max_cycles: 0xffffffff, max_idle_ns: 1910969940391419 ns
[    1.898170] setup_percpu: NR_CPUS:64 nr_cpumask_bits:64 nr_cpu_ids:2 nr_node_ids:1
[    1.900388] percpu: Embedded 65 pages/cpu s228824 r8192 d29224 u1048576
[    1.900447] Fallback order for Node 0: 0 
[    1.900452] Built 1 zonelists, mobility grouping on.  Total pages: 515808
[    1.900455] Policy zone: DMA32
[    1.900458] Kernel command line: console=ttyS0 oops=panic nokaslr rdinit=/init
[    1.903062] Dentry cache hash table entries: 262144 (order: 9, 2097152 bytes, linear)
[    1.903303] Inode-cache hash table entries: 131072 (order: 8, 1048576 bytes, linear)
[    1.903365] mem auto-init: stack:all(zero), heap alloc:off, heap free:off
[    2.026778] Memory: 1702284K/2096632K available (45071K kernel code, 7592K rwdata, 7176K rodata, 1824K init, 1448K bss, 394092K reserved, 0K cma-reserved)
[    2.026932] SLUB: HWalign=64, Order=0-3, MinObjects=0, CPUs=2, Nodes=1
[    2.028266] Dynamic Preempt: voluntary
[    2.064018] rcu: Preemptible hierarchical RCU implementation.
[    2.064028] rcu: 	RCU event tracing is enabled.
[    2.064030] rcu: 	RCU restricting CPUs from NR_CPUS=64 to nr_cpu_ids=2.
[    2.064034] 	Trampoline variant of Tasks RCU enabled.
[    2.064035] 	Tracing variant of Tasks RCU enabled.
[    2.064037] rcu: RCU calculated value of scheduler-enlistment delay is 100 jiffies.
[    2.064039] rcu: Adjusting geometry for rcu_fanout_leaf=16, nr_cpu_ids=2
[    2.069923] NR_IRQS: 4352, nr_irqs: 440, preallocated irqs: 16
[    2.070326] random: get_random_bytes called from start_kernel+0x1e7/0x38f with crng_init=0
[    2.078538] Console: colour VGA+ 80x25
[    2.341052] printk: console [ttyS0] enabled
[    2.343133] ACPI: Core revision 20211217
[    2.345677] clocksource: hpet: mask: 0xffffffff max_cycles: 0xffffffff, max_idle_ns: 19112604467 ns
[    2.352919] APIC: Switch to symmetric I/O mode setup
[    2.355132] ..TIMER: vector=0x30 apic1=0 pin1=2 apic2=-1 pin2=-1
[    2.363888] clocksource: tsc-early: mask: 0xffffffffffffffff max_cycles: 0x2def7fadfc9, max_idle_ns: 440795308915 ns
[    2.365474] Calibrating delay loop (skipped), value calculated using timer frequency.. 6373.55 BogoMIPS (lpj=3186778)
[    2.366470] pid_max: default: 32768 minimum: 301
[    2.366982] LSM: Security Framework initializing
[    2.367500] SELinux:  Initializing.
[    2.368071] Mount-cache hash table entries: 4096 (order: 3, 32768 bytes, linear)
[    2.368473] Mountpoint-cache hash table entries: 4096 (order: 3, 32768 bytes, linear)
[    2.370157] x86/cpu: User Mode Instruction Prevention (UMIP) activated
[    2.370565] Last level iTLB entries: 4KB 0, 2MB 0, 4MB 0
[    2.371469] Last level dTLB entries: 4KB 0, 2MB 0, 4MB 0, 1GB 0
[    2.372483] Spectre V1 : Mitigation: usercopy/swapgs barriers and __user pointer sanitization
[    2.373472] Spectre V2 : Mitigation: Enhanced IBRS
[    2.373976] Spectre V2 : Spectre v2 / SpectreRSB mitigation: Filling RSB on context switch
[    2.374476] Spectre V2 : mitigation: Enabling conditional Indirect Branch Prediction Barrier
[    2.375470] Speculative Store Bypass: Mitigation: Speculative Store Bypass disabled via prctl
[    2.385673] Freeing SMP alternatives memory: 44K
[    2.386638] smpboot: CPU0: Intel(R) Core(TM) i9-14900K (family: 0x6, model: 0xb7, stepping: 0x1)
[    2.388911] Performance Events: unsupported p6 CPU model 183 no PMU driver, software events only.
[    2.389645] rcu: Hierarchical SRCU implementation.
[    2.391030] smp: Bringing up secondary CPUs ...
[    2.391879] x86: Booting SMP configuration:
[    2.392438] .... node  #0, CPUs:      #1
[    2.392825] smp: Brought up 1 node, 2 CPUs
[    2.394016] smpboot: Max logical packages: 1
[    2.394471] smpboot: Total of 2 processors activated (12747.11 BogoMIPS)
[    2.395739] devtmpfs: initialized
[    2.397687] clocksource: jiffies: mask: 0xffffffff max_cycles: 0xffffffff, max_idle_ns: 1911260446275000 ns
[    2.398465] futex hash table entries: 512 (order: 3, 32768 bytes, linear)
[    2.398465] PM: RTC time: 09:18:44, date: 2026-05-05
[    2.399565] NET: Registered PF_NETLINK/PF_ROUTE protocol family
[    2.400860] audit: initializing netlink subsys (disabled)
[    2.402568] thermal_sys: Registered thermal governor 'step_wise'
[    2.402572] thermal_sys: Registered thermal governor 'user_space'
[    2.402475] audit: type=2000 audit(1777972724.043:1): state=initialized audit_enabled=0 res=1
[    2.404489] cpuidle: using governor menu
[    2.405976] PCI: Using configuration type 1 for base access
[    2.422231] kprobes: kprobe jump-optimization is enabled. All kprobes are optimized if possible.
[    2.423700] HugeTLB registered 2.00 MiB page size, pre-allocated 0 pages
[    2.424581] ACPI: Added _OSI(Module Device)
[    2.425476] ACPI: Added _OSI(Processor Device)
[    2.426329] ACPI: Added _OSI(3.0 _SCP Extensions)
[    2.426479] ACPI: Added _OSI(Processor Aggregator Device)
[    2.427486] ACPI: Added _OSI(Linux-Dell-Video)
[    2.428487] ACPI: Added _OSI(Linux-Lenovo-NV-HDMI-Audio)
[    2.429477] ACPI: Added _OSI(Linux-HPI-Hybrid-Graphics)
[    2.442496] ACPI: 1 ACPI AML tables successfully acquired and loaded
[    2.446798] ACPI: Interpreter enabled
[    2.447557] ACPI: PM: (supports S0 S3 S4 S5)
[    2.448336] ACPI: Using IOAPIC for interrupt routing
[    2.448603] PCI: Using host bridge windows from ACPI; if necessary, use "pci=nocrs" and report a bug
[    2.450178] ACPI: Enabled 2 GPEs in block 00 to 0F
[    2.471265] ACPI: PCI Root Bridge [PCI0] (domain 0000 [bus 00-ff])
[    2.471528] acpi PNP0A03:00: _OSC: OS supports [ASPM ClockPM Segments MSI HPX-Type3]
[    2.472476] acpi PNP0A03:00: _OSC: not requesting OS control; OS requires [ExtendedConfig ASPM ClockPM MSI]
[    2.473584] acpi PNP0A03:00: fail to add MMCONFIG information, can't access extended PCI configuration space under this bridge.
[    2.474789] PCI host bridge to bus 0000:00
[    2.475489] pci_bus 0000:00: root bus resource [io  0x0000-0x0cf7 window]
[    2.476496] pci_bus 0000:00: root bus resource [io  0x0d00-0xffff window]
[    2.477500] pci_bus 0000:00: root bus resource [mem 0x000a0000-0x000bffff window]
[    2.478493] pci_bus 0000:00: root bus resource [mem 0x80000000-0xfebfffff window]
[    2.479493] pci_bus 0000:00: root bus resource [mem 0x100000000-0x17fffffff window]
[    2.480495] pci_bus 0000:00: root bus resource [bus 00-ff]
[    2.481648] pci 0000:00:00.0: [8086:1237] type 00 class 0x060000
[    2.490520] pci 0000:00:01.0: [8086:7000] type 00 class 0x060100
[    2.501761] pci 0000:00:01.1: [8086:7010] type 00 class 0x010180
[    2.504476] pci 0000:00:01.1: reg 0x20: [io  0xc040-0xc04f]
[    2.506422] pci 0000:00:01.1: legacy IDE quirk: reg 0x10: [io  0x01f0-0x01f7]
[    2.506479] pci 0000:00:01.1: legacy IDE quirk: reg 0x14: [io  0x03f6]
[    2.507485] pci 0000:00:01.1: legacy IDE quirk: reg 0x18: [io  0x0170-0x0177]
[    2.508489] pci 0000:00:01.1: legacy IDE quirk: reg 0x1c: [io  0x0376]
[    2.510047] pci 0000:00:01.3: [8086:7113] type 00 class 0x068000
[    2.511380] pci 0000:00:01.3: quirk: [io  0x0600-0x063f] claimed by PIIX4 ACPI
[    2.511498] pci 0000:00:01.3: quirk: [io  0x0700-0x070f] claimed by PIIX4 SMB
[    2.513049] pci 0000:00:02.0: [1234:1111] type 00 class 0x030000
[    2.514900] pci 0000:00:02.0: reg 0x10: [mem 0xfd000000-0xfdffffff pref]
[    2.517211] pci 0000:00:02.0: reg 0x18: [mem 0xfebf0000-0xfebf0fff]
[    2.520491] pci 0000:00:02.0: reg 0x30: [mem 0xfebe0000-0xfebeffff pref]
[    2.530942] pci 0000:00:03.0: [8086:100e] type 00 class 0x020000
[    2.532963] pci 0000:00:03.0: reg 0x10: [mem 0xfebc0000-0xfebdffff]
[    2.534350] pci 0000:00:03.0: reg 0x14: [io  0xc000-0xc03f]
[    2.537917] pci 0000:00:03.0: reg 0x30: [mem 0xfeb80000-0xfebbffff pref]
[    2.550200] ACPI: PCI: Interrupt link LNKA configured for IRQ 10
[    2.551507] ACPI: PCI: Interrupt link LNKB configured for IRQ 10
[    2.553425] ACPI: PCI: Interrupt link LNKC configured for IRQ 11
[    2.554405] ACPI: PCI: Interrupt link LNKD configured for IRQ 11
[    2.554918] ACPI: PCI: Interrupt link LNKS configured for IRQ 9
[    2.558914] iommu: Default domain type: Translated 
[    2.559477] iommu: DMA domain TLB invalidation policy: lazy mode 
[    2.560642] pci 0000:00:02.0: vgaarb: setting as boot VGA device
[    2.561465] pci 0000:00:02.0: vgaarb: VGA device added: decodes=io+mem,owns=io+mem,locks=none
[    2.561486] pci 0000:00:02.0: vgaarb: bridge control possible
[    2.562476] vgaarb: loaded
[    2.563615] SCSI subsystem initialized
[    2.564765] ACPI: bus type USB registered
[    2.565465] usbcore: registered new interface driver usbfs
[    2.565465] usbcore: registered new interface driver hub
[    2.565465] usbcore: registered new device driver usb
[    2.569599] pps_core: LinuxPPS API ver. 1 registered
[    2.570475] pps_core: Software ver. 5.3.6 - Copyright 2005-2007 Rodolfo Giometti <giometti@linux.it>
[    2.572539] PTP clock support registered
[    2.573613] Advanced Linux Sound Architecture Driver Initialized.
[    2.574881] NetLabel: Initializing
[    2.575184] NetLabel:  domain hash size = 128
[    2.575469] NetLabel:  protocols = UNLABELED CIPSOv4 CALIPSO
[    2.576008] NetLabel:  unlabeled traffic allowed by default
[    2.576529] PCI: Using ACPI for IRQ routing
[    2.577060] hpet0: at MMIO 0xfed00000, IRQs 2, 8, 0
[    2.577470] hpet0: 3 comparators, 64-bit 100.000000 MHz counter
[    2.581627] clocksource: Switched to clocksource tsc-early
[    2.704813] VFS: Disk quotas dquot_6.6.0
[    2.705700] VFS: Dquot-cache hash table entries: 512 (order 0, 4096 bytes)
[    2.707278] pnp: PnP ACPI init
[    2.710240] pnp: PnP ACPI: found 6 devices
[    2.736130] clocksource: acpi_pm: mask: 0xffffff max_cycles: 0xffffff, max_idle_ns: 2085701024 ns
[    2.737992] NET: Registered PF_INET protocol family
[    2.743384] IP idents hash table entries: 32768 (order: 6, 262144 bytes, linear)
[    2.745443] tcp_listen_portaddr_hash hash table entries: 1024 (order: 2, 16384 bytes, linear)
[    2.747201] TCP established hash table entries: 16384 (order: 5, 131072 bytes, linear)
[    2.748938] TCP bind hash table entries: 16384 (order: 6, 262144 bytes, linear)
[    2.750695] TCP: Hash tables configured (established 16384 bind 16384)
[    2.752316] UDP hash table entries: 1024 (order: 3, 32768 bytes, linear)
[    2.753773] UDP-Lite hash table entries: 1024 (order: 3, 32768 bytes, linear)
[    2.755419] NET: Registered PF_UNIX/PF_LOCAL protocol family
[    2.757148] RPC: Registered named UNIX socket transport module.
[    2.758305] RPC: Registered udp transport module.
[    2.759241] RPC: Registered tcp transport module.
[    2.760178] RPC: Registered tcp NFSv4.1 backchannel transport module.
[    2.762202] pci_bus 0000:00: resource 4 [io  0x0000-0x0cf7 window]
[    2.763436] pci_bus 0000:00: resource 5 [io  0x0d00-0xffff window]
[    2.764641] pci_bus 0000:00: resource 6 [mem 0x000a0000-0x000bffff window]
[    2.765984] pci_bus 0000:00: resource 7 [mem 0x80000000-0xfebfffff window]
[    2.767349] pci_bus 0000:00: resource 8 [mem 0x100000000-0x17fffffff window]
[    2.768984] pci 0000:00:01.0: PIIX3: Enabling Passive Release
[    2.770158] pci 0000:00:00.0: Limiting direct PCI/PCI transfers
[    2.771355] pci 0000:00:01.0: Activating ISA DMA hang workarounds
[    2.772660] pci 0000:00:02.0: Video device with shadowed ROM at [mem 0x000c0000-0x000dffff]
[    2.774331] PCI: CLS 0 bytes, default 64
[    2.775776] Unpacking initramfs...
[    2.811710] Freeing initrd memory: 1336K
[    2.812192] Initialise system trusted keyrings
[    2.813142] workingset: timestamp_bits=56 max_order=19 bucket_order=0
[    2.819690] NFS: Registering the id_resolver key type
[    2.820688] Key type id_resolver registered
[    2.821523] Key type id_legacy registered
[    2.828372] Key type asymmetric registered
[    2.829191] Asymmetric key parser 'x509' registered
[    2.830286] Block layer SCSI generic (bsg) driver version 0.4 loaded (major 251)
[    2.831684] io scheduler mq-deadline registered
[    2.832559] io scheduler kyber registered
[    2.834109] input: Power Button as /devices/LNXSYSTM:00/LNXPWRBN:00/input/input0
[    2.835909] ACPI: button: Power Button [PWRF]
[    2.837662] Serial: 8250/16550 driver, 4 ports, IRQ sharing enabled
[    2.839103] 00:04: ttyS0 at I/O 0x3f8 (irq = 4, base_baud = 115200) is a 16550A
[    2.841993] Non-volatile memory driver v1.3
[    2.843017] Linux agpgart interface v0.103
[    2.844094] ACPI: bus type drm_connector registered
[    2.854286] loop: module loaded
[    2.857130] scsi host0: ata_piix
[    2.858439] scsi host1: ata_piix
[    2.859282] ata1: PATA max MWDMA2 cmd 0x1f0 ctl 0x3f6 bmdma 0xc040 irq 14
[    2.860580] ata2: PATA max MWDMA2 cmd 0x170 ctl 0x376 bmdma 0xc048 irq 15
[    2.863438] e100: Intel(R) PRO/100 Network Driver
[    2.864380] e100: Copyright(c) 1999-2006 Intel Corporation
[    2.865508] e1000: Intel(R) PRO/1000 Network Driver
[    2.866451] e1000: Copyright (c) 1999-2006 Intel Corporation.
[    3.018024] ata2.00: ATAPI: QEMU DVD-ROM, 2.5+, max UDMA/100
[    3.024900] scsi 1:0:0:0: CD-ROM            QEMU     QEMU DVD-ROM     2.5+ PQ: 0 ANSI: 5
[    3.042848] sr 1:0:0:0: [sr0] scsi3-mmc drive: 4x/4x cd/rw xa/form2 tray
[    3.043253] cdrom: Uniform CD-ROM driver Revision: 3.20
[    3.067496] sr 1:0:0:0: Attached scsi generic sg0 type 5
[    3.250927] ACPI: \_SB_.LNKC: Enabled at IRQ 11
[    3.541072] e1000 0000:00:03.0 eth0: (PCI:33MHz:32-bit) 52:54:00:12:34:56
[    3.541497] e1000 0000:00:03.0 eth0: Intel(R) PRO/1000 Network Connection
[    3.541941] e1000e: Intel(R) PRO/1000 Network Driver
[    3.542238] e1000e: Copyright(c) 1999 - 2015 Intel Corporation.
[    3.542617] sky2: driver version 1.30
[    3.543073] ehci_hcd: USB 2.0 'Enhanced' Host Controller (EHCI) Driver
[    3.543458] ehci-pci: EHCI PCI platform driver
[    3.543761] ohci_hcd: USB 1.1 'Open' Host Controller (OHCI) Driver
[    3.544120] ohci-pci: OHCI PCI platform driver
[    3.544391] uhci_hcd: USB Universal Host Controller Interface driver
[    3.544864] usbcore: registered new interface driver usblp
[    3.545216] usbcore: registered new interface driver usb-storage
[    3.545631] i8042: PNP: PS/2 Controller [PNP0303:KBD,PNP0f13:MOU] at 0x60,0x64 irq 1,12
[    3.546583] serio: i8042 KBD port at 0x60,0x64 irq 1
[    3.546881] serio: i8042 AUX port at 0x60,0x64 irq 12
[    3.547694] input: AT Translated Set 2 keyboard as /devices/platform/i8042/serio0/input/input1
[    3.548551] rtc_cmos 00:05: RTC can wake from S4
[    3.549714] rtc_cmos 00:05: registered as rtc0
[    3.550027] rtc_cmos 00:05: alarms up to one day, y3k, 242 bytes nvram, hpet irqs
[    3.550671] device-mapper: ioctl: 4.45.0-ioctl (2021-03-22) initialised: dm-devel@redhat.com
[    3.551166] intel_pstate: CPU model not supported
[    3.551513] hid: raw HID events driver (C) Jiri Kosina
[    3.552194] usbcore: registered new interface driver usbhid
[    3.552519] usbhid: USB HID core driver
[    3.556045] Initializing XFRM netlink socket
[    3.556555] NET: Registered PF_INET6 protocol family
[    3.557503] Segment Routing with IPv6
[    3.557735] In-situ OAM (IOAM) with IPv6
[    3.558061] sit: IPv6, IPv4 and MPLS over IPv4 tunneling driver
[    3.558663] NET: Registered PF_PACKET protocol family
[    3.558991] Key type dns_resolver registered
[    3.559542] IPI shorthand broadcast: enabled
[    3.559826] sched_clock: Marking stable (3271264964, 288204152)->(3841519623, -282050507)
[    3.560403] registered taskstats version 1
[    3.560660] Loading compiled-in X.509 certificates
[    3.561098] cryptomgr_test (50) used greatest stack depth: 30816 bytes left
[    3.561529] cryptomgr_test (52) used greatest stack depth: 30504 bytes left
[    3.561966] cryptomgr_test (70) used greatest stack depth: 30440 bytes left
[    3.562985] PM:   Magic number: 10:592:322
[    3.563252] tty tty47: hash matches
[    3.563496] printk: console [netcon0] enabled
[    3.563760] netconsole: network logging started
[    3.564193] cfg80211: Loading compiled-in X.509 certificates for regulatory database
[    3.564821] kworker/u4:0 (72) used greatest stack depth: 29360 bytes left
[    3.565563] cfg80211: Loaded X.509 cert 'sforshee: 00b28ddf47aef9cea7'
[    3.565948] ALSA device list:
[    3.566127]   No soundcards found.
[    3.566838] Freeing unused kernel image (initmem) memory: 1824K
[    3.567247] platform regulatory.0: Direct firmware load for regulatory.db failed with error -2
[    3.567752] cfg80211: failed to load regulatory.db
[    3.573528] Write protecting the kernel read-only data: 55296k
[    3.574255] Freeing unused kernel image (text/rodata gap) memory: 2032K
[    3.574800] Freeing unused kernel image (rodata/data gap) memory: 1016K
[    3.575188] Run /init as init process
[    3.577276] mount (77) used greatest stack depth: 28712 bytes left

secb: rootfs ready
---- poc begin ----
poc: start: CVE-2022-23222 ringbuf OOB trigger
poc: prog_load (discard off=-32) failed: Permission denied
poc: verifier log:
0: R1=ctx(id=0,off=0,imm=0) R10=fp0
0: (18) r1 = 0xffff888008eed000       ; R1_w=map_ptr(id=0,off=0,ks=0,vs=0,imm=0)
2: (b7) r2 = 8                        ; R2_w=inv8
3: (b7) r3 = 0                        ; R3_w=inv0
4: (85) call bpf_ringbuf_reserve#131          ; R0_w=mem_or_null(id=2,ref_obj_id=2,off=0,imm=0) refs=2
5: (55) if r0 != 0x0 goto pc+2 8: R0=mem(id=0,ref_obj_id=2,off=0,imm=0) R10=fp0 refs=2
8: (b7) r1 = 1094795585               ; R1_w=inv1094795585 refs=2
9: (63) *(u32 *)(r0 +0) = r1          ; R0=mem(id=0,ref_obj_id=2,off=0,imm=0) R1_w=inv1094795585 refs=2
10: (07) r0 += -32                    ; R0_w=mem(id=0,ref_obj_id=2,off=-32,imm=0) refs=2
11: (bf) r1 = r0                      ; R0_w=mem(id=0,ref_obj_id=2,off=-32,imm=0) R1_w=mem(id=0,ref_obj_id=2,off=-32,imm=0) refs=2
12: (b7) r2 = 0                       ; R2_w=inv0 refs=2
13: (85) call bpf_ringbuf_discard#133
dereference of modified mem ptr R1 off=-32 disallowed
processed 13 insns (limit 1000000) max_states_per_insn 0 total_states 1 peak_states 1 mark_read 1

poc: prog_load (submit off=-32) failed: Permission denied
poc: verifier log:
0: R1=ctx(id=0,off=0,imm=0) R10=fp0
0: (18) r1 = 0xffff888008eed000       ; R1_w=map_ptr(id=0,off=0,ks=0,vs=0,imm=0)
2: (b7) r2 = 8                        ; R2_w=inv8
3: (b7) r3 = 0                        ; R3_w=inv0
4: (85) call bpf_ringbuf_reserve#131          ; R0_w=mem_or_null(id=2,ref_obj_id=2,off=0,imm=0) refs=2
5: (55) if r0 != 0x0 goto pc+2 8: R0=mem(id=0,ref_obj_id=2,off=0,imm=0) R10=fp0 refs=2
8: (b7) r1 = 1094795585               ; R1_w=inv1094795585 refs=2
9: (63) *(u32 *)(r0 +0) = r1          ; R0=mem(id=0,ref_obj_id=2,off=0,imm=0) R1_w=inv1094795585 refs=2
10: (07) r0 += -32                    ; R0_w=mem(id=0,ref_obj_id=2,off=-32,imm=0) refs=2
11: (bf) r1 = r0                      ; R0_w=mem(id=0,ref_obj_id=2,off=-32,imm=0) R1_w=mem(id=0,ref_obj_id=2,off=-32,imm=0) refs=2
12: (b7) r2 = 0                       ; R2_w=inv0 refs=2
13: (85) call bpf_ringbuf_submit#132
dereference of modified mem ptr R1 off=-32 disallowed
processed 13 insns (limit 1000000) max_states_per_insn 0 total_states 1 peak_states 1 mark_read 1

poc: prog_load (discard off=+64) failed: Permission denied
poc: verifier log:
0: R1=ctx(id=0,off=0,imm=0) R10=fp0
0: (18) r1 = 0xffff888008eed000       ; R1_w=map_ptr(id=0,off=0,ks=0,vs=0,imm=0)
2: (b7) r2 = 8                        ; R2_w=inv8
3: (b7) r3 = 0                        ; R3_w=inv0[    3.594455] random: fast init done

4: (85) call bpf_ringbuf_reserve#131          ; R0_w=mem_or_null(id=2,ref_obj_id=2,off=0,imm=0) refs=2
5: (55) if r0 != 0x0 goto pc+2 8: R0=mem(id=0,ref_obj_id=2,off=0,imm=0) R10=fp0 refs=2
8: (b7) r1 = 1094795585               ; R1_w=inv1094795585 refs=2
9: (63) *(u32 *)(r0 +0) = r1          ; R0=mem(id=0,ref_obj_id=2,off=0,imm=0) R1_w=inv1094795585 refs=2
10: (07) r0 += 64                     ; R0_w=mem(id=0,ref_obj_id=2,off=64,imm=0) refs=2
11: (bf) r1 = r0                      ; R0_w=mem(id=0,ref_obj_id=2,off=64,imm=0) R1_w=mem(id=0,ref_obj_id=2,off=64,imm=0) refs=2
12: (b7) r2 = 0                       ; R2_w=inv0 refs=2
13: (85) call bpf_ringbuf_discard#133
dereference of modified mem ptr R1 off=64 disallowed
processed 13 insns (limit 1000000) max_states_per_insn 0 total_states 1 peak_states 1 mark_read 1

poc: prog_load (submit off=+256) failed: Permission denied
poc: verifier log:
0: R1=ctx(id=0,off=0,imm=0) R10=fp0
0: (18) r1 = 0xffff888008eed000       ; R1_w=map_ptr(id=0,off=0,ks=0,vs=0,imm=0)
2: (b7) r2 = 8                        ; R2_w=inv8
3: (b7) r3 = 0                        ; R3_w=inv0
4: (85) call bpf_ringbuf_reserve#131          ; R0_w=mem_or_null(id=2,ref_obj_id=2,off=0,imm=0) refs=2
5: (55) if r0 != 0x0 goto pc+2 8: R0=mem(id=0,ref_obj_id=2,off=0,imm=0) R10=fp0 refs=2
8: (b7) r1 = 1094795585               ; R1_w=inv1094795585 refs=2
9: (63) *(u32 *)(r0 +0) = r1          ; R0=mem(id=0,ref_obj_id=2,off=0,imm=0) R1_w=inv1094795585 refs=2
10: (07) r0 += 256                    ; R0_w=mem(id=0,ref_obj_id=2,off=256,imm=0) refs=2
11: (bf) r1 = r0                      ; R0_w=mem(id=0,ref_obj_id=2,off=256,imm=0) R1_w=mem(id=0,ref_obj_id=2,off=256,imm=0) refs=2
12: (b7) r2 = 0                       ; R2_w=inv0 refs=2
13: (85) call bpf_ringbuf_submit#132
dereference of modified mem ptr R1 off=256 disallowed
processed 13 insns (limit 1000000) max_states_per_insn 0 total_states 1 peak_states 1 mark_read 1

poc: prog_load (submit off=-8) failed: Permission denied
poc: verifier log:
0: R1=ctx(id=0,off=0,imm=0) R10=fp0
0: (18) r1 = 0xffff888008eed000       ; R1_w=map_ptr(id=0,off=0,ks=0,vs=0,imm=0)
2: (b7) r2 = 8                        ; R2_w=inv8
3: (b7) r3 = 0                        ; R3_w=inv0
4: (85) call bpf_ringbuf_reserve#131          ; R0_w=mem_or_null(id=2,ref_obj_id=2,off=0,imm=0) refs=2
5: (55) if r0 != 0x0 goto pc+2 8: R0=mem(id=0,ref_obj_id=2,off=0,imm=0) R10=fp0 refs=2
8: (b7) r1 = 1094795585               ; R1_w=inv1094795585 refs=2
9: (63) *(u32 *)(r0 +0) = r1          ; R0=mem(id=0,ref_obj_id=2,off=0,imm=0) R1_w=inv1094795585 refs=2
10: (07) r0 += -8                     ; R0_w=mem(id=0,ref_obj_id=2,off=-8,imm=0) refs=2
11: (bf) r1 = r0                      ; R0_w=mem(id=0,ref_obj_id=2,off=-8,imm=0) R1_w=mem(id=0,ref_obj_id=2,off=-8,imm=0) refs=2
12: (b7) r2 = 0                       ; R2_w=inv0 refs=2
13: (85) call bpf_ringbuf_submit#132
dereference of modified mem ptr R1 off=-8 disallowed
processed 13 insns (limit 1000000) max_states_per_insn 0 total_states 1 peak_states 1 mark_read 1

poc: prog_load (discard off=+1024) failed: Permission denied
poc: verifier log:
0: R1=ctx(id=0,off=0,imm=0) R10=fp0
0: (18) r1 = 0xffff888008eed000       ; R1_w=map_ptr(id=0,off=0,ks=0,vs=0,imm=0)
2: (b7) r2 = 8                        ; R2_w=inv8
3: (b7) r3 = 0                        ; R3_w=inv0
4: (85) call bpf_ringbuf_reserve#131          ; R0_w=mem_or_null(id=2,ref_obj_id=2,off=0,imm=0) refs=2
5: (55) if r0 != 0x0 goto pc+2 8: R0=mem(id=0,ref_obj_id=2,off=0,imm=0) R10=fp0 refs=2
8: (b7) r1 = 1094795585               ; R1_w=inv1094795585 refs=2
9: (63) *(u32 *)(r0 +0) = r1          ; R0=mem(id=0,ref_obj_id=2,off=0,imm=0) R1_w=inv1094795585 refs=2
10: (07) r0 += 1024                   ; R0_w=mem(id=0,ref_obj_id=2,off=1024,imm=0) refs=2
11: (bf) r1 = r0                      ; R0_w=mem(id=0,ref_obj_id=2,off=1024,imm=0) R1_w=mem(id=0,ref_obj_id=2,off=1024,imm=0) refs=2
12: (b7) r2 = 0                       ; R2_w=inv0 refs=2
13: (85) call bpf_ringbuf_discard#133
dereference of modified mem ptr R1 off=1024 disallowed
processed 13 insns (limit 1000000) max_states_per_insn 0 total_states 1 peak_states 1 mark_read 1

poc: prog_load (discard off=-4096) failed: Permission denied
poc: verifier log:
0: R1=ctx(id=0,off=0,imm=0) R10=fp0
0: (18) r1 = 0xffff888008eed000       ; R1_w=map_ptr(id=0,off=0,ks=0,vs=0,imm=0)
2: (b7) r2 = 8                        ; R2_w=inv8
3: (b7) r3 = 0                        ; R3_w=inv0
4: (85) call bpf_ringbuf_reserve#131          ; R0_w=mem_or_null(id=2,ref_obj_id=2,off=0,imm=0) refs=2
5: (55) if r0 != 0x0 goto pc+2 8: R0=mem(id=0,ref_obj_id=2,off=0,imm=0) R10=fp0 refs=2
8: (b7) r1 = 1094795585               ; R1_w=inv1094795585 refs=2
9: (63) *(u32 *)(r0 +0) = r1          ; R0=mem(id=0,ref_obj_id=2,off=0,imm=0) R1_w=inv1094795585 refs=2
10: (07) r0 += -4096                  ; R0_w=mem(id=0,ref_obj_id=2,off=-4096,imm=0) refs=2
11: (bf) r1 = r0                      ; R0_w=mem(id=0,ref_obj_id=2,off=-4096,imm=0) R1_w=mem(id=0,ref_obj_id=2,off=-4096,imm=0) refs=2
12: (b7) r2 = 0                       ; R2_w=inv0 refs=2
13: (85) call bpf_ringbuf_discard#133
dereference of modified mem ptr R1 off=-4096 disallowed
processed 13 insns (limit 1000000) max_states_per_insn 0 total_states 1 peak_states 1 mark_read 1

poc: prog_load (submit off=-16384) failed: Permission denied
poc: verifier log:
0: R1=ctx(id=0,off=0,imm=0) R10=fp0
0: (18) r1 = 0xffff888008eed000       ; R1_w=map_ptr(id=0,off=0,ks=0,vs=0,imm=0)
2: (b7) r2 = 8                        ; R2_w=inv8
3: (b7) r3 = 0                        ; R3_w=inv0
4: (85) call bpf_ringbuf_reserve#131          ; R0_w=mem_or_null(id=2,ref_obj_id=2,off=0,imm=0) refs=2
5: (55) if r0 != 0x0 goto pc+2 8: R0=mem(id=0,ref_obj_id=2,off=0,imm=0) R10=fp0 refs=2
8: (b7) r1 = 1094795585               ; R1_w=inv1094795585 refs=2
9: (63) *(u32 *)(r0 +0) = r1          ; R0=mem(id=0,ref_obj_id=2,off=0,imm=0) R1_w=inv1094795585 refs=2
10: (07) r0 += -16384                 ; R0_w=mem(id=0,ref_obj_id=2,off=-16384,imm=0) refs=2
11: (bf) r1 = r0                      ; R0_w=mem(id=0,ref_obj_id=2,off=-16384,imm=0) R1_w=mem(id=0,ref_obj_id=2,off=-16384,imm=0) refs=2
12: (b7) r2 = 0                       ; R2_w=inv0 refs=2
13: (85) call bpf_ringbuf_submit#132
dereference of modified mem ptr R1 off=-16384 disallowed
processed 13 insns (limit 1000000) max_states_per_insn 0 total_states 1 peak_states 1 mark_read 1

poc: prog_load (discard off=+65536) failed: Permission denied
poc: verifier log:
0: R1=ctx(id=0,off=0,imm=0) R10=fp0
0: (18) r1 = 0xffff888008eed000       ; R1_w=map_ptr(id=0,off=0,ks=0,vs=0,imm=0)
2: (b7) r2 = 8                        ; R2_w=inv8
3: (b7) r3 = 0                        ; R3_w=inv0
4: (85) call bpf_ringbuf_reserve#131          ; R0_w=mem_or_null(id=2,ref_obj_id=2,off=0,imm=0) refs=2
5: (55) if r0 != 0x0 goto pc+2 8: R0=mem(id=0,ref_obj_id=2,off=0,imm=0) R10=fp0 refs=2
8: (b7) r1 = 1094795585               ; R1_w=inv1094795585 refs=2
9: (63) *(u32 *)(r0 +0) = r1          ; R0=mem(id=0,ref_obj_id=2,off=0,imm=0) R1_w=inv1094795585 refs=2
10: (07) r0 += 65536                  ; R0_w=mem(id=0,ref_obj_id=2,off=65536,imm=0) refs=2
11: (bf) r1 = r0                      ; R0_w=mem(id=0,ref_obj_id=2,off=65536,imm=0) R1_w=mem(id=0,ref_obj_id=2,off=65536,imm=0) refs=2
12: (b7) r2 = 0                       ; R2_w=inv0 refs=2
13: (85) call bpf_ringbuf_discard#133
dereference of modified mem ptr R1 off=65536 disallowed
processed 13 insns (limit 1000000) max_states_per_insn 0 total_states 1 peak_states 1 mark_read 1

poc: prog_load (submit off=+131072) failed: Permission denied
poc: verifier log:
0: R1=ctx(id=0,off=0,imm=0) R10=fp0
0: (18) r1 = 0xffff888008eed000       ; R1_w=map_ptr(id=0,off=0,ks=0,vs=0,imm=0)
2: (b7) r2 = 8                        ; R2_w=inv8
3: (b7) r3 = 0                        ; R3_w=inv0
4: (85) call bpf_ringbuf_reserve#131          ; R0_w=mem_or_null(id=2,ref_obj_id=2,off=0,imm=0) refs=2
5: (55) if r0 != 0x0 goto pc+2 8: R0=mem(id=0,ref_obj_id=2,off=0,imm=0) R10=fp0 refs=2
8: (b7) r1 = 1094795585               ; R1_w=inv1094795585 refs=2
9: (63) *(u32 *)(r0 +0) = r1          ; R0=mem(id=0,ref_obj_id=2,off=0,imm=0) R1_w=inv1094795585 refs=2
10: (07) r0 += 131072                 ; R0_w=mem(id=0,ref_obj_id=2,off=131072,imm=0) refs=2
11: (bf) r1 = r0                      ; R0_w=mem(id=0,ref_obj_id=2,off=131072,imm=0) R1_w=mem(id=0,ref_obj_id=2,off=131072,imm=0) refs=2
12: (b7) r2 = 0                       ; R2_w=inv0 refs=2
13: (85) call bpf_ringbuf_submit#132
dereference of modified mem ptr R1 off=131072 disallowed
processed 13 insns (limit 1000000) max_states_per_insn 0 total_states 1 peak_states 1 mark_read 1

poc: prog_load (submit off=+262144) failed: Permission denied
poc: verifier log:
0: R1=ctx(id=0,off=0,imm=0) R10=fp0
0: (18) r1 = 0xffff888008eed000       ; R1_w=map_ptr(id=0,off=0,ks=0,vs=0,imm=0)
2: (b7) r2 = 8                        ; R2_w=inv8
3: (b7) r3 = 0                        ; R3_w=inv0
4: (85) call bpf_ringbuf_reserve#131          ; R0_w=mem_or_null(id=2,ref_obj_id=2,off=0,imm=0) refs=2
5: (55) if r0 != 0x0 goto pc+2 8: R0=mem(id=0,ref_obj_id=2,off=0,imm=0) R10=fp0 refs=2
8: (b7) r1 = 1094795585               ; R1_w=inv1094795585 refs=2
9: (63) *(u32 *)(r0 +0) = r1          ; R0=mem(id=0,ref_obj_id=2,off=0,imm=0) R1_w=inv1094795585 refs=2
10: (07) r0 += 262144                 ; R0_w=mem(id=0,ref_obj_id=2,off=262144,imm=0) refs=2
11: (bf) r1 = r0                      ; R0_w=mem(id=0,ref_obj_id=2,off=262144,imm=0) R1_w=mem(id=0,ref_obj_id=2,off=262144,imm=0) refs=2
12: (b7) r2 = 0                       ; R2_w=inv0 refs=2
13: (85) call bpf_ringbuf_submit#132
dereference of modified mem ptr R1 off=262144 disallowed
processed 13 insns (limit 1000000) max_states_per_insn 0 total_states 1 peak_states 1 mark_read 1

poc: prog_load (discard off=-32768) failed: Permission denied
poc: verifier log:
0: R1=ctx(id=0,off=0,imm=0) R10=fp0
0: (18) r1 = 0xffff888008eed000       ; R1_w=map_ptr(id=0,off=0,ks=0,vs=0,imm=0)
2: (b7) r2 = 8                        ; R2_w=inv8
3: (b7) r3 = 0                        ; R3_w=inv0
4: (85) call bpf_ringbuf_reserve#131          ; R0_w=mem_or_null(id=2,ref_obj_id=2,off=0,imm=0) refs=2
5: (55) if r0 != 0x0 goto pc+2 8: R0=mem(id=0,ref_obj_id=2,off=0,imm=0) R10=fp0 refs=2
8: (b7) r1 = 1094795585               ; R1_w=inv1094795585 refs=2
9: (63) *(u32 *)(r0 +0) = r1          ; R0=mem(id=0,ref_obj_id=2,off=0,imm=0) R1_w=inv1094795585 refs=2
10: (07) r0 += -32768                 ; R0_w=mem(id=0,ref_obj_id=2,off=-32768,imm=0) refs=2
11: (bf) r1 = r0                      ; R0_w=mem(id=0,ref_obj_id=2,off=-32768,imm=0) R1_w=mem(id=0,ref_obj_id=2,off=-32768,imm=0) refs=2
12: (b7) r2 = 0                       ; R2_w=inv0 refs=2
13: (85) call bpf_ringbuf_discard#133
dereference of modified mem ptr R1 off=-32768 disallowed
processed 13 insns (limit 1000000) max_states_per_insn 0 total_states 1 peak_states 1 mark_read 1

poc: prog_load (discard off=-32) failed: Permission denied
poc: verifier log:
0: R1=ctx(id=0,off=0,imm=0) R10=fp0
0: (18) r1 = 0xffff888008eed000       ; R1_w=map_ptr(id=0,off=0,ks=0,vs=0,imm=0)
2: (b7) r2 = 8                        ; R2_w=inv8
3: (b7) r3 = 0                        ; R3_w=inv0
4: (85) call bpf_ringbuf_reserve#131          ; R0_w=mem_or_null(id=2,ref_obj_id=2,off=0,imm=0) refs=2
5: (55) if r0 != 0x0 goto pc+2 8: R0=mem(id=0,ref_obj_id=2,off=0,imm=0) R10=fp0 refs=2
8: (b7) r1 = 1094795585               ; R1_w=inv1094795585 refs=2
9: (63) *(u32 *)(r0 +0) = r1          ; R0=mem(id=0,ref_obj_id=2,off=0,imm=0) R1_w=inv1094795585 refs=2
10: (07) r0 += -32                    ; R0_w=mem(id=0,ref_obj_id=2,off=-32,imm=0) refs=2
11: (bf) r1 = r0                      ; R0_w=mem(id=0,ref_obj_id=2,off=-32,imm=0) R1_w=mem(id=0,ref_obj_id=2,off=-32,imm=0) refs=2
12: (b7) r2 = 0                       ; R2_w=inv0 refs=2
13: (85) call bpf_ringbuf_discard#133
dereference of modified mem ptr R1 off=-32 disallowed
processed 13 insns (limit 1000000) max_states_per_insn 0 total_states 1 peak_states 1 mark_read 1

poc: prog_load (submit off=-32) failed: Permission denied
poc: verifier log:
0: R1=ctx(id=0,off=0,imm=0) R10=fp0
0: (18) r1 = 0xffff888008eed000       ; R1_w=map_ptr(id=0,off=0,ks=0,vs=0,imm=0)
2: (b7) r2 = 8                        ; R2_w=inv8
3: (b7) r3 = 0                        ; R3_w=inv0
4: (85) call bpf_ringbuf_reserve#131          ; R0_w=mem_or_null(id=2,ref_obj_id=2,off=0,imm=0) refs=2
5: (55) if r0 != 0x0 goto pc+2 8: R0=mem(id=0,ref_obj_id=2,off=0,imm=0) R10=fp0 refs=2
8: (b7) r1 = 1094795585               ; R1_w=inv1094795585 refs=2
9: (63) *(u32 *)(r0 +0) = r1          ; R0=mem(id=0,ref_obj_id=2,off=0,imm=0) R1_w=inv1094795585 refs=2
10: (07) r0 += -32                    ; R0_w=mem(id=0,ref_obj_id=2,off=-32,imm=0) refs=2
11: (bf) r1 = r0                      ; R0_w=mem(id=0,ref_obj_id=2,off=-32,imm=0) R1_w=mem(id=0,ref_obj_id=2,off=-32,imm=0) refs=2
12: (b7) r2 = 0                       ; R2_w=inv0 refs=2
13: (85) call bpf_ringbuf_submit#132
dereference of modified mem ptr R1 off=-32 disallowed
processed 13 insns (limit 1000000) max_states_per_insn 0 total_states 1 peak_states 1 mark_read 1

poc: prog_load (discard off=+64) failed: Permission denied
poc: verifier log:
0: R1=ctx(id=0,off=0,imm=0) R10=fp0
0: (18) r1 = 0xffff888008eed000       ; R1_w=map_ptr(id=0,off=0,ks=0,vs=0,imm=0)
2: (b7) r2 = 8                        ; R2_w=inv8
3: (b7) r3 = 0                        ; R3_w=inv0
4: (85) call bpf_ringbuf_reserve#131          ; R0_w=mem_or_null(id=2,ref_obj_id=2,off=0,imm=0) refs=2
5: (55) if r0 != 0x0 goto pc+2 8: R0=mem(id=0,ref_obj_id=2,off=0,imm=0) R10=fp0 refs=2
8: (b7) r1 = 1094795585               ; R1_w=inv1094795585 refs=2
9: (63) *(u32 *)(r0 +0) = r1          ; R0=mem(id=0,ref_obj_id=2,off=0,imm=0) R1_w=inv1094795585 refs=2
10: (07) r0 += 64                     ; R0_w=mem(id=0,ref_obj_id=2,off=64,imm=0) refs=2
11: (bf) r1 = r0                      ; R0_w=mem(id=0,ref_obj_id=2,off=64,imm=0) R1_w=mem(id=0,ref_obj_id=2,off=64,imm=0) refs=2
12: (b7) r2 = 0                       ; R2_w=inv0 refs=2
13: (85) call bpf_ringbuf_discard#133
dereference of modified mem ptr R1 off=64 disallowed
processed 13 insns (limit 1000000) max_states_per_insn 0 total_states 1 peak_states 1 mark_read 1

poc: prog_load (submit off=+256) failed: Permission denied
poc: verifier log:
0: R1=ctx(id=0,off=0,imm=0) R10=fp0
0: (18) r1 = 0xffff888008eed000       ; R1_w=map_ptr(id=0,off=0,ks=0,vs=0,imm=0)
2: (b7) r2 = 8                        ; R2_w=inv8
3: (b7) r3 = 0                        ; R3_w=inv0
4: (85) call bpf_ringbuf_reserve#131          ; R0_w=mem_or_null(id=2,ref_obj_id=2,off=0,imm=0) refs=2
5: (55) if r0 != 0x0 goto pc+2 8: R0=mem(id=0,ref_obj_id=2,off=0,imm=0) R10=fp0 refs=2
8: (b7) r1 = 1094795585               ; R1_w=inv1094795585 refs=2
9: (63) *(u32 *)(r0 +0) = r1          ; R0=mem(id=0,ref_obj_id=2,off=0,imm=0) R1_w=inv1094795585 refs=2
10: (07) r0 += 256                    ; R0_w=mem(id=0,ref_obj_id=2,off=256,imm=0) refs=2
11: (bf) r1 = r0                      ; R0_w=mem(id=0,ref_obj_id=2,off=256,imm=0) R1_w=mem(id=0,ref_obj_id=2,off=256,imm=0) refs=2
12: (b7) r2 = 0                       ; R2_w=inv0 refs=2
13: (85) call bpf_ringbuf_submit#132
dereference of modified mem ptr R1 off=256 disallowed
processed 13 insns (limit 1000000) max_states_per_insn 0 total_states 1 peak_states 1 mark_read 1

poc: prog_load (submit off=-8) failed: Permission denied
poc: verifier log:
0: R1=ctx(id=0,off=0,imm=0) R10=fp0
0: (18) r1 = 0xffff888008eed000       ; R1_w=map_ptr(id=0,off=0,ks=0,vs=0,imm=0)
2: (b7) r2 = 8                        ; R2_w=inv8
3: (b7) r3 = 0                        ; R3_w=inv0
4: (85) call bpf_ringbuf_reserve#131          ; R0_w=mem_or_null(id=2,ref_obj_id=2,off=0,imm=0) refs=2
5: (55) if r0 != 0x0 goto pc+2 8: R0=mem(id=0,ref_obj_id=2,off=0,imm=0) R10=fp0 refs=2
8: (b7) r1 = 1094795585               ; R1_w=inv1094795585 refs=2
9: (63) *(u32 *)(r0 +0) = r1          ; R0=mem(id=0,ref_obj_id=2,off=0,imm=0) R1_w=inv1094795585 refs=2
10: (07) r0 += -8                     ; R0_w=mem(id=0,ref_obj_id=2,off=-8,imm=0) refs=2
11: (bf) r1 = r0                      ; R0_w=mem(id=0,ref_obj_id=2,off=-8,imm=0) R1_w=mem(id=0,ref_obj_id=2,off=-8,imm=0) refs=2
12: (b7) r2 = 0                       ; R2_w=inv0 refs=2
13: (85) call bpf_ringbuf_submit#132
dereference of modified mem ptr R1 off=-8 disallowed
processed 13 insns (limit 1000000) max_states_per_insn 0 total_states 1 peak_states 1 mark_read 1

poc: prog_load (discard off=+1024) failed: Permission denied
poc: verifier log:
0: R1=ctx(id=0,off=0,imm=0) R10=fp0
0: (18) r1 = 0xffff888008eed000       ; R1_w=map_ptr(id=0,off=0,ks=0,vs=0,imm=0)
2: (b7) r2 = 8                        ; R2_w=inv8
3: (b7) r3 = 0                        ; R3_w=inv0
4: (85) call bpf_ringbuf_reserve#131          ; R0_w=mem_or_null(id=2,ref_obj_id=2,off=0,imm=0) refs=2
5: (55) if r0 != 0x0 goto pc+2 8: R0=mem(id=0,ref_obj_id=2,off=0,imm=0) R10=fp0 refs=2
8: (b7) r1 = 1094795585               ; R1_w=inv1094795585 refs=2
9: (63) *(u32 *)(r0 +0) = r1          ; R0=mem(id=0,ref_obj_id=2,off=0,imm=0) R1_w=inv1094795585 refs=2
10: (07) r0 += 1024                   ; R0_w=mem(id=0,ref_obj_id=2,off=1024,imm=0) refs=2
11: (bf) r1 = r0                      ; R0_w=mem(id=0,ref_obj_id=2,off=1024,imm=0) R1_w=mem(id=0,ref_obj_id=2,off=1024,imm=0) refs=2
12: (b7) r2 = 0                       ; R2_w=inv0 refs=2
13: (85) call bpf_ringbuf_discard#133
dereference of modified mem ptr R1 off=1024 disallowed
processed 13 insns (limit 1000000) max_states_per_insn 0 total_states 1 peak_states 1 mark_read 1

poc: prog_load (discard off=-4096) failed: Permission denied
poc: verifier log:
0: R1=ctx(id=0,off=0,imm=0) R10=fp0
0: (18) r1 = 0xffff888008eed000       ; R1_w=map_ptr(id=0,off=0,ks=0,vs=0,imm=0)
2: (b7) r2 = 8                        ; R2_w=inv8
3: (b7) r3 = 0                        ; R3_w=inv0
4: (85) call bpf_ringbuf_reserve#131          ; R0_w=mem_or_null(id=2,ref_obj_id=2,off=0,imm=0) refs=2
5: (55) if r0 != 0x0 goto pc+2 8: R0=mem(id=0,ref_obj_id=2,off=0,imm=0) R10=fp0 refs=2
8: (b7) r1 = 1094795585               ; R1_w=inv1094795585 refs=2
9: (63) *(u32 *)(r0 +0) = r1          ; R0=mem(id=0,ref_obj_id=2,off=0,imm=0) R1_w=inv1094795585 refs=2
10: (07) r0 += -4096                  ; R0_w=mem(id=0,ref_obj_id=2,off=-4096,imm=0) refs=2
11: (bf) r1 = r0                      ; R0_w=mem(id=0,ref_obj_id=2,off=-4096,imm=0) R1_w=mem(id=0,ref_obj_id=2,off=-4096,imm=0) refs=2
12: (b7) r2 = 0                       ; R2_w=inv0 refs=2
13: (85) call bpf_ringbuf_discard#133
dereference of modified mem ptr R1 off=-4096 disallowed
processed 13 insns (limit 1000000) max_states_per_insn 0 total_states 1 peak_states 1 mark_read 1

poc: prog_load (submit off=-16384) failed: Permission denied
poc: verifier log:
0: R1=ctx(id=0,off=0,imm=0) R10=fp0
0: (18) r1 = 0xffff888008eed000       ; R1_w=map_ptr(id=0,off=0,ks=0,vs=0,imm=0)
2: (b7) r2 = 8                        ; R2_w=inv8
3: (b7) r3 = 0                        ; R3_w=inv0
4: (85) call bpf_ringbuf_reserve#131          ; R0_w=mem_or_null(id=2,ref_obj_id=2,off=0,imm=0) refs=2
5: (55) if r0 != 0x0 goto pc+2 8: R0=mem(id=0,ref_obj_id=2,off=0,imm=0) R10=fp0 refs=2
8: (b7) r1 = 1094795585               ; R1_w=inv1094795585 refs=2
9: (63) *(u32 *)(r0 +0) = r1          ; R0=mem(id=0,ref_obj_id=2,off=0,imm=0) R1_w=inv1094795585 refs=2
10: (07) r0 += -16384                 ; R0_w=mem(id=0,ref_obj_id=2,off=-16384,imm=0) refs=2
11: (bf) r1 = r0                      ; R0_w=mem(id=0,ref_obj_id=2,off=-16384,imm=0) R1_w=mem(id=0,ref_obj_id=2,off=-16384,imm=0) refs=2
12: (b7) r2 = 0                       ; R2_w=inv0 refs=2
13: (85) call bpf_ringbuf_submit#132
dereference of modified mem ptr R1 off=-16384 disallowed
processed 13 insns (limit 1000000) max_states_per_insn 0 total_states 1 peak_states 1 mark_read 1

poc: prog_load (discard off=+65536) failed: Permission denied
poc: verifier log:
0: R1=ctx(id=0,off=0,imm=0) R10=fp0
0: (18) r1 = 0xffff888008eed000       ; R1_w=map_ptr(id=0,off=0,ks=0,vs=0,imm=0)
2: (b7) r2 = 8                        ; R2_w=inv8
3: (b7) r3 = 0                        ; R3_w=inv0
4: (85) call bpf_ringbuf_reserve#131          ; R0_w=mem_or_null(id=2,ref_obj_id=2,off=0,imm=0) refs=2
5: (55) if r0 != 0x0 goto pc+2 8: R0=mem(id=0,ref_obj_id=2,off=0,imm=0) R10=fp0 refs=2
8: (b7) r1 = 1094795585               ; R1_w=inv1094795585 refs=2
9: (63) *(u32 *)(r0 +0) = r1          ; R0=mem(id=0,ref_obj_id=2,off=0,imm=0) R1_w=inv1094795585 refs=2
10: (07) r0 += 65536                  ; R0_w=mem(id=0,ref_obj_id=2,off=65536,imm=0) refs=2
11: (bf) r1 = r0                      ; R0_w=mem(id=0,ref_obj_id=2,off=65536,imm=0) R1_w=mem(id=0,ref_obj_id=2,off=65536,imm=0) refs=2
12: (b7) r2 = 0                       ; R2_w=inv0 refs=2
13: (85) call bpf_ringbuf_discard#133
dereference of modified mem ptr R1 off=65536 disallowed
processed 13 insns (limit 1000000) max_states_per_insn 0 total_states 1 peak_states 1 mark_read 1

poc: prog_load (submit off=+131072) failed: Permission denied
poc: verifier log:
0: R1=ctx(id=0,off=0,imm=0) R10=fp0
0: (18) r1 = 0xffff888008eed000       ; R1_w=map_ptr(id=0,off=0,ks=0,vs=0,imm=0)
2: (b7) r2 = 8                        ; R2_w=inv8
3: (b7) r3 = 0                        ; R3_w=inv0
4: (85) call bpf_ringbuf_reserve#131          ; R0_w=mem_or_null(id=2,ref_obj_id=2,off=0,imm=0) refs=2
5: (55) if r0 != 0x0 goto pc+2 8: R0=mem(id=0,ref_obj_id=2,off=0,imm=0) R10=fp0 refs=2
8: (b7) r1 = 1094795585               ; R1_w=inv1094795585 refs=2
9: (63) *(u32 *)(r0 +0) = r1          ; R0=mem(id=0,ref_obj_id=2,off=0,imm=0) R1_w=inv1094795585 refs=2
10: (07) r0 += 131072                 ; R0_w=mem(id=0,ref_obj_id=2,off=131072,imm=0) refs=2
11: (bf) r1 = r0                      ; R0_w=mem(id=0,ref_obj_id=2,off=131072,imm=0) R1_w=mem(id=0,ref_obj_id=2,off=131072,imm=0) refs=2
12: (b7) r2 = 0                       ; R2_w=inv0 refs=2
13: (85) call bpf_ringbuf_submit#132
dereference of modified mem ptr R1 off=131072 disallowed
processed 13 insns (limit 1000000) max_states_per_insn 0 total_states 1 peak_states 1 mark_read 1

poc: prog_load (submit off=+262144) failed: Permission denied
poc: verifier log:
0: R1=ctx(id=0,off=0,imm=0) R10=fp0
0: (18) r1 = 0xffff888008eed000       ; R1_w=map_ptr(id=0,off=0,ks=0,vs=0,imm=0)
2: (b7) r2 = 8                        ; R2_w=inv8
3: (b7) r3 = 0                        ; R3_w=inv0
4: (85) call bpf_ringbuf_reserve#131          ; R0_w=mem_or_null(id=2,ref_obj_id=2,off=0,imm=0) refs=2
5: (55) if r0 != 0x0 goto pc+2 8: R0=mem(id=0,ref_obj_id=2,off=0,imm=0) R10=fp0 refs=2
8: (b7) r1 = 1094795585               ; R1_w=inv1094795585 refs=2
9: (63) *(u32 *)(r0 +0) = r1          ; R0=mem(id=0,ref_obj_id=2,off=0,imm=0) R1_w=inv1094795585 refs=2
10: (07) r0 += 262144                 ; R0_w=mem(id=0,ref_obj_id=2,off=262144,imm=0) refs=2
11: (bf) r1 = r0                      ; R0_w=mem(id=0,ref_obj_id=2,off=262144,imm=0) R1_w=mem(id=0,ref_obj_id=2,off=262144,imm=0) refs=2
12: (b7) r2 = 0                       ; R2_w=inv0 refs=2
13: (85) call bpf_ringbuf_submit#132
dereference of modified mem ptr R1 off=262144 disallowed
processed 13 insns (limit 1000000) max_states_per_insn 0 total_states 1 peak_states 1 mark_read 1

poc: prog_load (discard off=-32768) failed: Permission denied
poc: verifier log:
0: R1=ctx(id=0,off=0,imm=0) R10=fp0
0: (18) r1 = 0xffff888008eed000       ; R1_w=map_ptr(id=0,off=0,ks=0,vs=0,imm=0)
2: (b7) r2 = 8                        ; R2_w=inv8
3: (b7) r3 = 0                        ; R3_w=inv0
4: (85) call bpf_ringbuf_reserve#131          ; R0_w=mem_or_null(id=2,ref_obj_id=2,off=0,imm=0) refs=2
5: (55) if r0 != 0x0 goto pc+2 8: R0=mem(id=0,ref_obj_id=2,off=0,imm=0) R10=fp0 refs=2
8: (b7) r1 = 1094795585               ; R1_w=inv1094795585 refs=2
9: (63) *(u32 *)(r0 +0) = r1          ; R0=mem(id=0,ref_obj_id=2,off=0,imm=0) R1_w=inv1094795585 refs=2
10: (07) r0 += -32768                 ; R0_w=mem(id=0,ref_obj_id=2,off=-32768,imm=0) refs=2
11: (bf) r1 = r0                      ; R0_w=mem(id=0,ref_obj_id=2,off=-32768,imm=0) R1_w=mem(id=0,ref_obj_id=2,off=-32768,imm=0) refs=2
12: (b7) r2 = 0                       ; R2_w=inv0 refs=2
13: (85) call bpf_ringbuf_discard#133
dereference of modified mem ptr R1 off=-32768 disallowed
processed 13 insns (limit 1000000) max_states_per_insn 0 total_states 1 peak_states 1 mark_read 1

poc: prog_load (discard off=-32) failed: Permission denied
poc: verifier log:
0: R1=ctx(id=0,off=0,imm=0) R10=fp0
0: (18) r1 = 0xffff888008eed000       ; R1_w=map_ptr(id=0,off=0,ks=0,vs=0,imm=0)
2: (b7) r2 = 8                        ; R2_w=inv8
3: (b7) r3 = 0                        ; R3_w=inv0
4: (85) call bpf_ringbuf_reserve#131          ; R0_w=mem_or_null(id=2,ref_obj_id=2,off=0,imm=0) refs=2
5: (55) if r0 != 0x0 goto pc+2 8: R0=mem(id=0,ref_obj_id=2,off=0,imm=0) R10=fp0 refs=2
8: (b7) r1 = 1094795585               ; R1_w=inv1094795585 refs=2
9: (63) *(u32 *)(r0 +0) = r1          ; R0=mem(id=0,ref_obj_id=2,off=0,imm=0) R1_w=inv1094795585 refs=2
10: (07) r0 += -32                    ; R0_w=mem(id=0,ref_obj_id=2,off=-32,imm=0) refs=2
11: (bf) r1 = r0                      ; R0_w=mem(id=0,ref_obj_id=2,off=-32,imm=0) R1_w=mem(id=0,ref_obj_id=2,off=-32,imm=0) refs=2
12: (b7) r2 = 0                       ; R2_w=inv0 refs=2
13: (85) call bpf_ringbuf_discard#133
dereference of modified mem ptr R1 off=-32 disallowed
processed 13 insns (limit 1000000) max_states_per_insn 0 total_states 1 peak_states 1 mark_read 1

poc: prog_load (submit off=-32) failed: Permission denied
poc: verifier log:
0: R1=ctx(id=0,off=0,imm=0) R10=fp0
0: (18) r1 = 0xffff888008eed000       ; R1_w=map_ptr(id=0,off=0,ks=0,vs=0,imm=0)
2: (b7) r2 = 8                        ; R2_w=inv8
3: (b7) r3 = 0                        ; R3_w=inv0
4: (85) call bpf_ringbuf_reserve#131          ; R0_w=mem_or_null(id=2,ref_obj_id=2,off=0,imm=0) refs=2
5: (55) if r0 != 0x0 goto pc+2 8: R0=mem(id=0,ref_obj_id=2,off=0,imm=0) R10=fp0 refs=2
8: (b7) r1 = 1094795585               ; R1_w=inv1094795585 refs=2
9: (63) *(u32 *)(r0 +0) = r1          ; R0=mem(id=0,ref_obj_id=2,off=0,imm=0) R1_w=inv1094795585 refs=2
10: (07) r0 += -32                    ; R0_w=mem(id=0,ref_obj_id=2,off=-32,imm=0) refs=2
11: (bf) r1 = r0                      ; R0_w=mem(id=0,ref_obj_id=2,off=-32,imm=0) R1_w=mem(id=0,ref_obj_id=2,off=-32,imm=0) refs=2
12: (b7) r2 = 0                       ; R2_w=inv0 refs=2
13: (85) call bpf_ringbuf_submit#132
dereference of modified mem ptr R1 off=-32 disallowed
processed 13 insns (limit 1000000) max_states_per_insn 0 total_states 1 peak_states 1 mark_read 1

poc: prog_load (discard off=+64) failed: Permission denied
poc: verifier log:
0: R1=ctx(id=0,off=0,imm=0) R10=fp0
0: (18) r1 = 0xffff888008eed000       ; R1_w=map_ptr(id=0,off=0,ks=0,vs=0,imm=0)
2: (b7) r2 = 8                        ; R2_w=inv8
3: (b7) r3 = 0                        ; R3_w=inv0
4: (85) call bpf_ringbuf_reserve#131          ; R0_w=mem_or_null(id=2,ref_obj_id=2,off=0,imm=0) refs=2
5: (55) if r0 != 0x0 goto pc+2 8: R0=mem(id=0,ref_obj_id=2,off=0,imm=0) R10=fp0 refs=2
8: (b7) r1 = 1094795585               ; R1_w=inv1094795585 refs=2
9: (63) *(u32 *)(r0 +0) = r1          ; R0=mem(id=0,ref_obj_id=2,off=0,imm=0) R1_w=inv1094795585 refs=2
10: (07) r0 += 64                     ; R0_w=mem(id=0,ref_obj_id=2,off=64,imm=0) refs=2
11: (bf) r1 = r0                      ; R0_w=mem(id=0,ref_obj_id=2,off=64,imm=0) R1_w=mem(id=0,ref_obj_id=2,off=64,imm=0) refs=2
12: (b7) r2 = 0                       ; R2_w=inv0 refs=2
13: (85) call bpf_ringbuf_discard#133
dereference of modified mem ptr R1 off=64 disallowed
processed 13 insns (limit 1000000) max_states_per_insn 0 total_states 1 peak_states 1 mark_read 1

poc: prog_load (submit off=+256) failed: Permission denied
poc: verifier log:
0: R1=ctx(id=0,off=0,imm=0) R10=fp0
0: (18) r1 = 0xffff888008eed000       ; R1_w=map_ptr(id=0,off=0,ks=0,vs=0,imm=0)
2: (b7) r2 = 8                        ; R2_w=inv8
3: (b7) r3 = 0                        ; R3_w=inv0
4: (85) call bpf_ringbuf_reserve#131          ; R0_w=mem_or_null(id=2,ref_obj_id=2,off=0,imm=0) refs=2
5: (55) if r0 != 0x0 goto pc+2 8: R0=mem(id=0,ref_obj_id=2,off=0,imm=0) R10=fp0 refs=2
8: (b7) r1 = 1094795585               ; R1_w=inv1094795585 refs=2
9: (63) *(u32 *)(r0 +0) = r1          ; R0=mem(id=0,ref_obj_id=2,off=0,imm=0) R1_w=inv1094795585 refs=2
10: (07) r0 += 256                    ; R0_w=mem(id=0,ref_obj_id=2,off=256,imm=0) refs=2
11: (bf) r1 = r0                      ; R0_w=mem(id=0,ref_obj_id=2,off=256,imm=0) R1_w=mem(id=0,ref_obj_id=2,off=256,imm=0) refs=2
12: (b7) r2 = 0                       ; R2_w=inv0 refs=2
13: (85) call bpf_ringbuf_submit#132
dereference of modified mem ptr R1 off=256 disallowed
processed 13 insns (limit 1000000) max_states_per_insn 0 total_states 1 peak_states 1 mark_read 1

poc: prog_load (submit off=-8) failed: Permission denied
poc: verifier log:
0: R1=ctx(id=0,off=0,imm=0) R10=fp0
0: (18) r1 = 0xffff888008eed000       ; R1_w=map_ptr(id=0,off=0,ks=0,vs=0,imm=0)
2: (b7) r2 = 8                        ; R2_w=inv8
3: (b7) r3 = 0                        ; R3_w=inv0
4: (85) call bpf_ringbuf_reserve#131          ; R0_w=mem_or_null(id=2,ref_obj_id=2,off=0,imm=0) refs=2
5: (55) if r0 != 0x0 goto pc+2 8: R0=mem(id=0,ref_obj_id=2,off=0,imm=0) R10=fp0 refs=2
8: (b7) r1 = 1094795585               ; R1_w=inv1094795585 refs=2
9: (63) *(u32 *)(r0 +0) = r1          ; R0=mem(id=0,ref_obj_id=2,off=0,imm=0) R1_w=inv1094795585 refs=2
10: (07) r0 += -8                     ; R0_w=mem(id=0,ref_obj_id=2,off=-8,imm=0) refs=2
11: (bf) r1 = r0                      ; R0_w=mem(id=0,ref_obj_id=2,off=-8,imm=0) R1_w=mem(id=0,ref_obj_id=2,off=-8,imm=0) refs=2
12: (b7) r2 = 0                       ; R2_w=inv0 refs=2
13: (85) call bpf_ringbuf_submit#132
dereference of modified mem ptr R1 off=-8 disallowed
processed 13 insns (limit 1000000) max_states_per_insn 0 total_states 1 peak_states 1 mark_read 1

poc: prog_load (discard off=+1024) failed: Permission denied
poc: verifier log:
0: R1=ctx(id=0,off=0,imm=0) R10=fp0
0: (18) r1 = 0xffff888008eed000       ; R1_w=map_ptr(id=0,off=0,ks=0,vs=0,imm=0)
2: (b7) r2 = 8                        ; R2_w=inv8
3: (b7) r3 = 0                        ; R3_w=inv0
4: (85) call bpf_ringbuf_reserve#131          ; R0_w=mem_or_null(id=2,ref_obj_id=2,off=0,imm=0) refs=2
5: (55) if r0 != 0x0 goto pc+2 8: R0=mem(id=0,ref_obj_id=2,off=0,imm=0) R10=fp0 refs=2
8: (b7) r1 = 1094795585               ; R1_w=inv1094795585 refs=2
9: (63) *(u32 *)(r0 +0) = r1          ; R0=mem(id=0,ref_obj_id=2,off=0,imm=0) R1_w=inv1094795585 refs=2
10: (07) r0 += 1024                   ; R0_w=mem(id=0,ref_obj_id=2,off=1024,imm=0) refs=2
11: (bf) r1 = r0                      ; R0_w=mem(id=0,ref_obj_id=2,off=1024,imm=0) R1_w=mem(id=0,ref_obj_id=2,off=1024,imm=0) refs=2
12: (b7) r2 = 0                       ; R2_w=inv0 refs=2
13: (85) call bpf_ringbuf_discard#133
dereference of modified mem ptr R1 off=1024 disallowed
processed 13 insns (limit 1000000) max_states_per_insn 0 total_states 1 peak_states 1 mark_read 1

poc: prog_load (discard off=-4096) failed: Permission denied
poc: verifier log:
0: R1=ctx(id=0,off=0,imm=0) R10=fp0
0: (18) r1 = 0xffff888008eed000       ; R1_w=map_ptr(id=0,off=0,ks=0,vs=0,imm=0)
2: (b7) r2 = 8                        ; R2_w=inv8
3: (b7) r3 = 0                        ; R3_w=inv0
4: (85) call bpf_ringbuf_reserve#131          ; R0_w=mem_or_null(id=2,ref_obj_id=2,off=0,imm=0) refs=2
5: (55) if r0 != 0x0 goto pc+2 8: R0=mem(id=0,ref_obj_id=2,off=0,imm=0) R10=fp0 refs=2
8: (b7) r1 = 1094795585               ; R1_w=inv1094795585 refs=2
9: (63) *(u32 *)(r0 +0) = r1          ; R0=mem(id=0,ref_obj_id=2,off=0,imm=0) R1_w=inv1094795585 refs=2
10: (07) r0 += -4096                  ; R0_w=mem(id=0,ref_obj_id=2,off=-4096,imm=0) refs=2
11: (bf) r1 = r0                      ; R0_w=mem(id=0,ref_obj_id=2,off=-4096,imm=0) R1_w=mem(id=0,ref_obj_id=2,off=-4096,imm=0) refs=2
12: (b7) r2 = 0                       ; R2_w=inv0 refs=2
13: (85) call bpf_ringbuf_discard#133
dereference of m[    3.734554] tsc: Refined TSC clocksource calibration: 3187.068 MHz
odified mem ptr [    3.735363] clocksource: tsc: mask: 0xffffffffffffffff max_cycles: 0x2df091c455e, max_idle_ns: 440795361476 ns
R1 off=-4096 disallowed[    3.736275] clocksource: Switched to clocksource tsc

processed 13 insns (limit 1000000) max_states_per_insn 0 total_states 1 peak_states 1 mark_read 1

poc: prog_load (submit off=-16384) failed: Permission denied
poc: verifier log:
0: R1=ctx(id=0,off=0,imm=0) R10=fp0
0: (18) r1 = 0xffff888008eed000       ; R1_w=map_ptr(id=0,off=0,ks=0,vs=0,imm=0)
2: (b7) r2 = 8                        ; R2_w=inv8
3: (b7) r3 = 0                        ; R3_w=inv0
4: (85) call bpf_ringbuf_reserve#131          ; R0_w=mem_or_null(id=2,ref_obj_id=2,off=0,imm=0) refs=2
5: (55) if r0 != 0x0 goto pc+2 8: R0=mem(id=0,ref_obj_id=2,off=0,imm=0) R10=fp0 refs=2
8: (b7) r1 = 1094795585               ; R1_w=inv1094795585 refs=2
9: (63) *(u32 *)(r0 +0) = r1          ; R0=mem(id=0,ref_obj_id=2,off=0,imm=0) R1_w=inv1094795585 refs=2
10: (07) r0 += -16384                 ; R0_w=mem(id=0,ref_obj_id=2,off=-16384,imm=0) refs=2
11: (bf) r1 = r0                      ; R0_w=mem(id=0,ref_obj_id=2,off=-16384,imm=0) R1_w=mem(id=0,ref_obj_id=2,off=-16384,imm=0) refs=2
12: (b7) r2 = 0                       ; R2_w=inv0 refs=2
13: (85) call bpf_ringbuf_submit#132
dereference of modified mem ptr R1 off=-16384 disallowed
processed 13 insns (limit 1000000) max_states_per_insn 0 total_states 1 peak_states 1 mark_read 1

poc: prog_load (discard off=+65536) failed: Permission denied
poc: verifier log:
0: R1=ctx(id=0,off=0,imm=0) R10=fp0
0: (18) r1 = 0xffff888008eed000       ; R1_w=map_ptr(id=0,off=0,ks=0,vs=0,imm=0)
2: (b7) r2 = 8                        ; R2_w=inv8
3: (b7) r3 = 0                        ; R3_w=inv0
4: (85) call bpf_ringbuf_reserve#131          ; R0_w=mem_or_null(id=2,ref_obj_id=2,off=0,imm=0) refs=2
5: (55) if r0 != 0x0 goto pc+2 8: R0=mem(id=0,ref_obj_id=2,off=0,imm=0) R10=fp0 refs=2
8: (b7) r1 = 1094795585               ; R1_w=inv1094795585 refs=2
9: (63) *(u32 *)(r0 +0) = r1          ; R0=mem(id=0,ref_obj_id=2,off=0,imm=0) R1_w=inv1094795585 refs=2
10: (07) r0 += 65536                  ; R0_w=mem(id=0,ref_obj_id=2,off=65536,imm=0) refs=2
11: (bf) r1 = r0                      ; R0_w=mem(id=0,ref_obj_id=2,off=65536,imm=0) R1_w=mem(id=0,ref_obj_id=2,off=65536,imm=0) refs=2
12: (b7) r2 = 0                       ; R2_w=inv0 refs=2
13: (85) call bpf_ringbuf_discard#133
dereference of modified mem ptr R1 off=65536 disallowed
processed 13 insns (limit 1000000) max_states_per_insn 0 total_states 1 peak_states 1 mark_read 1

poc: prog_load (submit off=+131072) failed: Permission denied
poc: verifier log:
0: R1=ctx(id=0,off=0,imm=0) R10=fp0
0: (18) r1 = 0xffff888008eed000       ; R1_w=map_ptr(id=0,off=0,ks=0,vs=0,imm=0)
2: (b7) r2 = 8                        ; R2_w=inv8
3: (b7) r3 = 0                        ; R3_w=inv0
4: (85) call bpf_ringbuf_reserve#131          ; R0_w=mem_or_null(id=2,ref_obj_id=2,off=0,imm=0) refs=2
5: (55) if r0 != 0x0 goto pc+2 8: R0=mem(id=0,ref_obj_id=2,off=0,imm=0) R10=fp0 refs=2
8: (b7) r1 = 1094795585               ; R1_w=inv1094795585 refs=2
9: (63) *(u32 *)(r0 +0) = r1          ; R0=mem(id=0,ref_obj_id=2,off=0,imm=0) R1_w=inv1094795585 refs=2
10: (07) r0 += 131072                 ; R0_w=mem(id=0,ref_obj_id=2,off=131072,imm=0) refs=2
11: (bf) r1 = r0                      ; R0_w=mem(id=0,ref_obj_id=2,off=131072,imm=0) R1_w=mem(id=0,ref_obj_id=2,off=131072,imm=0) refs=2
12: (b7) r2 = 0                       ; R2_w=inv0 refs=2
13: (85) call bpf_ringbuf_submit#132
dereference of modified mem ptr R1 off=131072 disallowed
processed 13 insns (limit 1000000) max_states_per_insn 0 total_states 1 peak_states 1 mark_read 1

poc: prog_load (submit off=+262144) failed: Permission denied
poc: verifier log:
0: R1=ctx(id=0,off=0,imm=0) R10=fp0
0: (18) r1 = 0xffff888008eed000       ; R1_w=map_ptr(id=0,off=0,ks=0,vs=0,imm=0)
2: (b7) r2 = 8                        ; R2_w=inv8
3: (b7) r3 = 0                        ; R3_w=inv0
4: (85) call bpf_ringbuf_reserve#131          ; R0_w=mem_or_null(id=2,ref_obj_id=2,off=0,imm=0) refs=2
5: (55) if r0 != 0x0 goto pc+2 8: R0=mem(id=0,ref_obj_id=2,off=0,imm=0) R10=fp0 refs=2
8: (b7) r1 = 1094795585               ; R1_w=inv1094795585 refs=2
9: (63) *(u32 *)(r0 +0) = r1          ; R0=mem(id=0,ref_obj_id=2,off=0,imm=0) R1_w=inv1094795585 refs=2
10: (07) r0 += 262144                 ; R0_w=mem(id=0,ref_obj_id=2,off=262144,imm=0) refs=2
11: (bf) r1 = r0                      ; R0_w=mem(id=0,ref_obj_id=2,off=262144,imm=0) R1_w=mem(id=0,ref_obj_id=2,off=262144,imm=0) refs=2
12: (b7) r2 = 0                       ; R2_w=inv0 refs=2
13: (85) call bpf_ringbuf_submit#132
dereference of modified mem ptr R1 off=262144 disallowed
processed 13 insns (limit 1000000) max_states_per_insn 0 total_states 1 peak_states 1 mark_read 1

poc: prog_load (discard off=-32768) failed: Permission denied
poc: verifier log:
0: R1=ctx(id=0,off=0,imm=0) R10=fp0
0: (18) r1 = 0xffff888008eed000       ; R1_w=map_ptr(id=0,off=0,ks=0,vs=0,imm=0)
2: (b7) r2 = 8                        ; R2_w=inv8
3: (b7) r3 = 0                        ; R3_w=inv0
4: (85) call bpf_ringbuf_reserve#131          ; R0_w=mem_or_null(id=2,ref_obj_id=2,off=0,imm=0) refs=2
5: (55) if r0 != 0x0 goto pc+2 8: R0=mem(id=0,ref_obj_id=2,off=0,imm=0) R10=fp0 refs=2
8: (b7) r1 = 1094795585               ; R1_w=inv1094795585 refs=2
9: (63) *(u32 *)(r0 +0) = r1          ; R0=mem(id=0,ref_obj_id=2,off=0,imm=0) R1_w=inv1094795585 refs=2
10: (07) r0 += -32768                 ; R0_w=mem(id=0,ref_obj_id=2,off=-32768,imm=0) refs=2
11: (bf) r1 = r0                      ; R0_w=mem(id=0,ref_obj_id=2,off=-32768,imm=0) R1_w=mem(id=0,ref_obj_id=2,off=-32768,imm=0) refs=2
12: (b7) r2 = 0                       ; R2_w=inv0 refs=2
13: (85) call bpf_ringbuf_discard#133
dereference of modified mem ptr R1 off=-32768 disallowed
processed 13 insns (limit 1000000) max_states_per_insn 0 total_states 1 peak_states 1 mark_read 1

poc: prog_load (discard off=-32) failed: Permission denied
poc: verifier log:
0: R1=ctx(id=0,off=0,imm=0) R10=fp0
0: (18) r1 = 0xffff888008eed000       ; R1_w=map_ptr(id=0,off=0,ks=0,vs=0,imm=0)
2: (b7) r2 = 8                        ; R2_w=inv8
3: (b7) r3 = 0                        ; R3_w=inv0
4: (85) call bpf_ringbuf_reserve#131          ; R0_w=mem_or_null(id=2,ref_obj_id=2,off=0,imm=0) refs=2
5: (55) if r0 != 0x0 goto pc+2 8: R0=mem(id=0,ref_obj_id=2,off=0,imm=0) R10=fp0 refs=2
8: (b7) r1 = 1094795585               ; R1_w=inv1094795585 refs=2
9: (63) *(u32 *)(r0 +0) = r1          ; R0=mem(id=0,ref_obj_id=2,off=0,imm=0) R1_w=inv1094795585 refs=2
10: (07) r0 += -32                    ; R0_w=mem(id=0,ref_obj_id=2,off=-32,imm=0) refs=2
11: (bf) r1 = r0                      ; R0_w=mem(id=0,ref_obj_id=2,off=-32,imm=0) R1_w=mem(id=0,ref_obj_id=2,off=-32,imm=0) refs=2
12: (b7) r2 = 0                       ; R2_w=inv0 refs=2
13: (85) call bpf_ringbuf_discard#133
dereference of modified mem ptr R1 off=-32 disallowed
processed 13 insns (limit 1000000) max_states_per_insn 0 total_states 1 peak_states 1 mark_read 1

poc: prog_load (submit off=-32) failed: Permission denied
poc: verifier log:
0: R1=ctx(id=0,off=0,imm=0) R10=fp0
0: (18) r1 = 0xffff888008eed000       ; R1_w=map_ptr(id=0,off=0,ks=0,vs=0,imm=0)
2: (b7) r2 = 8                        ; R2_w=inv8
3: (b7) r3 = 0                        ; R3_w=inv0
4: (85) call bpf_ringbuf_reserve#131          ; R0_w=mem_or_null(id=2,ref_obj_id=2,off=0,imm=0) refs=2
5: (55) if r0 != 0x0 goto pc+2 8: R0=mem(id=0,ref_obj_id=2,off=0,imm=0) R10=fp0 refs=2
8: (b7) r1 = 1094795585               ; R1_w=inv1094795585 refs=2
9: (63) *(u32 *)(r0 +0) = r1          ; R0=mem(id=0,ref_obj_id=2,off=0,imm=0) R1_w=inv1094795585 refs=2
10: (07) r0 += -32                    ; R0_w=mem(id=0,ref_obj_id=2,off=-32,imm=0) refs=2
11: (bf) r1 = r0                      ; R0_w=mem(id=0,ref_obj_id=2,off=-32,imm=0) R1_w=mem(id=0,ref_obj_id=2,off=-32,imm=0) refs=2
12: (b7) r2 = 0                       ; R2_w=inv0 refs=2
13: (85) call bpf_ringbuf_submit#132
dereference of modified mem ptr R1 off=-32 disallowed
processed 13 insns (limit 1000000) max_states_per_insn 0 total_states 1 peak_states 1 mark_read 1

poc: prog_load (discard off=+64) failed: Permission denied
poc: verifier log:
0: R1=ctx(id=0,off=0,imm=0) R10=fp0
0: (18) r1 = 0xffff888008eed000       ; R1_w=map_ptr(id=0,off=0,ks=0,vs=0,imm=0)
2: (b7) r2 = 8                        ; R2_w=inv8
3: (b7) r3 = 0                        ; R3_w=inv0
4: (85) call bpf_ringbuf_reserve#131          ; R0_w=mem_or_null(id=2,ref_obj_id=2,off=0,imm=0) refs=2
5: (55) if r0 != 0x0 goto pc+2 8: R0=mem(id=0,ref_obj_id=2,off=0,imm=0) R10=fp0 refs=2
8: (b7) r1 = 1094795585               ; R1_w=inv1094795585 refs=2
9: (63) *(u32 *)(r0 +0) = r1          ; R0=mem(id=0,ref_obj_id=2,off=0,imm=0) R1_w=inv1094795585 refs=2
10: (07) r0 += 64                     ; R0_w=mem(id=0,ref_obj_id=2,off=64,imm=0) refs=2
11: (bf) r1 = r0                      ; R0_w=mem(id=0,ref_obj_id=2,off=64,imm=0) R1_w=mem(id=0,ref_obj_id=2,off=64,imm=0) refs=2
12: (b7) r2 = 0                       ; R2_w=inv0 refs=2
13: (85) call bpf_ringbuf_discard#133
dereference of modified mem ptr R1 off=64 disallowed
processed 13 insns (limit 1000000) max_states_per_insn 0 total_states 1 peak_states 1 mark_read 1

poc: prog_load (submit off=+256) failed: Permission denied
poc: verifier log:
0: R1=ctx(id=0,off=0,imm=0) R10=fp0
0: (18) r1 = 0xffff888008eed000       ; R1_w=map_ptr(id=0,off=0,ks=0,vs=0,imm=0)
2: (b7) r2 = 8                        ; R2_w=inv8
3: (b7) r3 = 0                        ; R3_w=inv0
4: (85) call bpf_ringbuf_reserve#131          ; R0_w=mem_or_null(id=2,ref_obj_id=2,off=0,imm=0) refs=2
5: (55) if r0 != 0x0 goto pc+2 8: R0=mem(id=0,ref_obj_id=2,off=0,imm=0) R10=fp0 refs=2
8: (b7) r1 = 1094795585               ; R1_w=inv1094795585 refs=2
9: (63) *(u32 *)(r0 +0) = r1          ; R0=mem(id=0,ref_obj_id=2,off=0,imm=0) R1_w=inv1094795585 refs=2
10: (07) r0 += 256                    ; R0_w=mem(id=0,ref_obj_id=2,off=256,imm=0) refs=2
11: (bf) r1 = r0                      ; R0_w=mem(id=0,ref_obj_id=2,off=256,imm=0) R1_w=mem(id=0,ref_obj_id=2,off=256,imm=0) refs=2
12: (b7) r2 = 0                       ; R2_w=inv0 refs=2
13: (85) call bpf_ringbuf_submit#132
dereference of modified mem ptr R1 off=256 disallowed
processed 13 insns (limit 1000000) max_states_per_insn 0 total_states 1 peak_states 1 mark_read 1

poc: prog_load (submit off=-8) failed: Permission denied
poc: verifier log:
0: R1=ctx(id=0,off=0,imm=0) R10=fp0
0: (18) r1 = 0xffff888008eed000       ; R1_w=map_ptr(id=0,off=0,ks=0,vs=0,imm=0)
2: (b7) r2 = 8                        ; R2_w=inv8
3: (b7) r3 = 0                        ; R3_w=inv0
4: (85) call bpf_ringbuf_reserve#131          ; R0_w=mem_or_null(id=2,ref_obj_id=2,off=0,imm=0) refs=2
5: (55) if r0 != 0x0 goto pc+2 8: R0=mem(id=0,ref_obj_id=2,off=0,imm=0) R10=fp0 refs=2
8: (b7) r1 = 1094795585               ; R1_w=inv1094795585 refs=2
9: (63) *(u32 *)(r0 +0) = r1          ; R0=mem(id=0,ref_obj_id=2,off=0,imm=0) R1_w=inv1094795585 refs=2
10: (07) r0 += -8                     ; R0_w=mem(id=0,ref_obj_id=2,off=-8,imm=0) refs=2
11: (bf) r1 = r0                      ; R0_w=mem(id=0,ref_obj_id=2,off=-8,imm=0) R1_w=mem(id=0,ref_obj_id=2,off=-8,imm=0) refs=2
12: (b7) r2 = 0                       ; R2_w=inv0 refs=2
13: (85) call bpf_ringbuf_submit#132
dereference of modified mem ptr R1 off=-8 disallowed
processed 13 insns (limit 1000000) max_states_per_insn 0 total_states 1 peak_states 1 mark_read 1

poc: prog_load (discard off=+1024) failed: Permission denied
poc: verifier log:
0: R1=ctx(id=0,off=0,imm=0) R10=fp0
0: (18) r1 = 0xffff888008eed000       ; R1_w=map_ptr(id=0,off=0,ks=0,vs=0,imm=0)
2: (b7) r2 = 8                        ; R2_w=inv8
3: (b7) r3 = 0                        ; R3_w=inv0
4: (85) call bpf_ringbuf_reserve#131          ; R0_w=mem_or_null(id=2,ref_obj_id=2,off=0,imm=0) refs=2
5: (55) if r0 != 0x0 goto pc+2 8: R0=mem(id=0,ref_obj_id=2,off=0,imm=0) R10=fp0 refs=2
8: (b7) r1 = 1094795585               ; R1_w=inv1094795585 refs=2
9: (63) *(u32 *)(r0 +0) = r1          ; R0=mem(id=0,ref_obj_id=2,off=0,imm=0) R1_w=inv1094795585 refs=2
10: (07) r0 += 1024                   ; R0_w=mem(id=0,ref_obj_id=2,off=1024,imm=0) refs=2
11: (bf) r1 = r0                      ; R0_w=mem(id=0,ref_obj_id=2,off=1024,imm=0) R1_w=mem(id=0,ref_obj_id=2,off=1024,imm=0) refs=2
12: (b7) r2 = 0                       ; R2_w=inv0 refs=2
13: (85) call bpf_ringbuf_discard#133
dereference of modified mem ptr R1 off=1024 disallowed
processed 13 insns (limit 1000000) max_states_per_insn 0 total_states 1 peak_states 1 mark_read 1

poc: prog_load (discard off=-4096) failed: Permission denied
poc: verifier log:
0: R1=ctx(id=0,off=0,imm=0) R10=fp0
0: (18) r1 = 0xffff888008eed000       ; R1_w=map_ptr(id=0,off=0,ks=0,vs=0,imm=0)
2: (b7) r2 = 8                        ; R2_w=inv8
3: (b7) r3 = 0                        ; R3_w=inv0
4: (85) call bpf_ringbuf_reserve#131          ; R0_w=mem_or_null(id=2,ref_obj_id=2,off=0,imm=0) refs=2
5: (55) if r0 != 0x0 goto pc+2 8: R0=mem(id=0,ref_obj_id=2,off=0,imm=0) R10=fp0 refs=2
8: (b7) r1 = 1094795585               ; R1_w=inv1094795585 refs=2
9: (63) *(u32 *)(r0 +0) = r1          ; R0=mem(id=0,ref_obj_id=2,off=0,imm=0) R1_w=inv1094795585 refs=2
10: (07) r0 += -4096                  ; R0_w=mem(id=0,ref_obj_id=2,off=-4096,imm=0) refs=2
11: (bf) r1 = r0                      ; R0_w=mem(id=0,ref_obj_id=2,off=-4096,imm=0) R1_w=mem(id=0,ref_obj_id=2,off=-4096,imm=0) refs=2
12: (b7) r2 = 0                       ; R2_w=inv0 refs=2
13: (85) call bpf_ringbuf_discard#133
dereference of modified mem ptr R1 off=-4096 disallowed
processed 13 insns (limit 1000000) max_states_per_insn 0 total_states 1 peak_states 1 mark_read 1

poc: prog_load (submit off=-16384) failed: Permission denied
poc: verifier log:
0: R1=ctx(id=0,off=0,imm=0) R10=fp0
0: (18) r1 = 0xffff888008eed000       ; R1_w=map_ptr(id=0,off=0,ks=0,vs=0,imm=0)
2: (b7) r2 = 8                        ; R2_w=inv8
3: (b7) r3 = 0                        ; R3_w=inv0
4: (85) call bpf_ringbuf_reserve#131          ; R0_w=mem_or_null(id=2,ref_obj_id=2,off=0,imm=0) refs=2
5: (55) if r0 != 0x0 goto pc+2 8: R0=mem(id=0,ref_obj_id=2,off=0,imm=0) R10=fp0 refs=2
8: (b7) r1 = 1094795585               ; R1_w=inv1094795585 refs=2
9: (63) *(u32 *)(r0 +0) = r1          ; R0=mem(id=0,ref_obj_id=2,off=0,imm=0) R1_w=inv1094795585 refs=2
10: (07) r0 += -16384                 ; R0_w=mem(id=0,ref_obj_id=2,off=-16384,imm=0) refs=2
11: (bf) r1 = r0                      ; R0_w=mem(id=0,ref_obj_id=2,off=-16384,imm=0) R1_w=mem(id=0,ref_obj_id=2,off=-16384,imm=0) refs=2
12: (b7) r2 = 0                       ; R2_w=inv0 refs=2
13: (85) call bpf_ringbuf_submit#132
dereference of modified mem ptr R1 off=-16384 disallowed
processed 13 insns (limit 1000000) max_states_per_insn 0 total_states 1 peak_states 1 mark_read 1

poc: prog_load (discard off=+65536) failed: Permission denied
poc: verifier log:
0: R1=ctx(id=0,off=0,imm=0) R10=fp0
0: (18) r1 = 0xffff888008eed000       ; R1_w=map_ptr(id=0,off=0,ks=0,vs=0,imm=0)
2: (b7) r2 = 8                        ; R2_w=inv8
3: (b7) r3 = 0                        ; R3_w=inv0
4: (85) call bpf_ringbuf_reserve#131          ; R0_w=mem_or_null(id=2,ref_obj_id=2,off=0,imm=0) refs=2
5: (55) if r0 != 0x0 goto pc+2 8: R0=mem(id=0,ref_obj_id=2,off=0,imm=0) R10=fp0 refs=2
8: (b7) r1 = 1094795585               ; R1_w=inv1094795585 refs=2
9: (63) *(u32 *)(r0 +0) = r1          ; R0=mem(id=0,ref_obj_id=2,off=0,imm=0) R1_w=inv1094795585 refs=2
10: (07) r0 += 65536                  ; R0_w=mem(id=0,ref_obj_id=2,off=65536,imm=0) refs=2
11: (bf) r1 = r0                      ; R0_w=mem(id=0,ref_obj_id=2,off=65536,imm=0) R1_w=mem(id=0,ref_obj_id=2,off=65536,imm=0) refs=2
12: (b7) r2 = 0                       ; R2_w=inv0 refs=2
13: (85) call bpf_ringbuf_discard#133
dereference of modified mem ptr R1 off=65536 disallowed
processed 13 insns (limit 1000000) max_states_per_insn 0 total_states 1 peak_states 1 mark_read 1

poc: prog_load (submit off=+131072) failed: Permission denied
poc: verifier log:
0: R1=ctx(id=0,off=0,imm=0) R10=fp0
0: (18) r1 = 0xffff888008eed000       ; R1_w=map_ptr(id=0,off=0,ks=0,vs=0,imm=0)
2: (b7) r2 = 8                        ; R2_w=inv8
3: (b7) r3 = 0                        ; R3_w=inv0
4: (85) call bpf_ringbuf_reserve#131          ; R0_w=mem_or_null(id=2,ref_obj_id=2,off=0,imm=0) refs=2
5: (55) if r0 != 0x0 goto pc+2 8: R0=mem(id=0,ref_obj_id=2,off=0,imm=0) R10=fp0 refs=2
8: (b7) r1 = 1094795585               ; R1_w=inv1094795585 refs=2
9: (63) *(u32 *)(r0 +0) = r1          ; R0=mem(id=0,ref_obj_id=2,off=0,imm=0) R1_w=inv1094795585 refs=2
10: (07) r0 += 131072                 ; R0_w=mem(id=0,ref_obj_id=2,off=131072,imm=0) refs=2
11: (bf) r1 = r0                      ; R0_w=mem(id=0,ref_obj_id=2,off=131072,imm=0) R1_w=mem(id=0,ref_obj_id=2,off=131072,imm=0) refs=2
12: (b7) r2 = 0                       ; R2_w=inv0 refs=2
13: (85) call bpf_ringbuf_submit#132
dereference of modified mem ptr R1 off=131072 disallowed
processed 13 insns (limit 1000000) max_states_per_insn 0 total_states 1 peak_states 1 mark_read 1

poc: prog_load (submit off=+262144) failed: Permission denied
poc: verifier log:
0: R1=ctx(id=0,off=0,imm=0) R10=fp0
0: (18) r1 = 0xffff888008eed000       ; R1_w=map_ptr(id=0,off=0,ks=0,vs=0,imm=0)
2: (b7) r2 = 8                        ; R2_w=inv8
3: (b7) r3 = 0                        ; R3_w=inv0
4: (85) call bpf_ringbuf_reserve#131          ; R0_w=mem_or_null(id=2,ref_obj_id=2,off=0,imm=0) refs=2
5: (55) if r0 != 0x0 goto pc+2 8: R0=mem(id=0,ref_obj_id=2,off=0,imm=0) R10=fp0 refs=2
8: (b7) r1 = 1094795585               ; R1_w=inv1094795585 refs=2
9: (63) *(u32 *)(r0 +0) = r1          ; R0=mem(id=0,ref_obj_id=2,off=0,imm=0) R1_w=inv1094795585 refs=2
10: (07) r0 += 262144                 ; R0_w=mem(id=0,ref_obj_id=2,off=262144,imm=0) refs=2
11: (bf) r1 = r0                      ; R0_w=mem(id=0,ref_obj_id=2,off=262144,imm=0) R1_w=mem(id=0,ref_obj_id=2,off=262144,imm=0) refs=2
12: (b7) r2 = 0                       ; R2_w=inv0 refs=2
13: (85) call bpf_ringbuf_submit#132
dereference of modified mem ptr R1 off=262144 disallowed
processed 13 insns (limit 1000000) max_states_per_insn 0 total_states 1 peak_states 1 mark_read 1

poc: prog_load (discard off=-32768) failed: Permission denied
poc: verifier log:
0: R1=ctx(id=0,off=0,imm=0) R10=fp0
0: (18) r1 = 0xffff888008eed000       ; R1_w=map_ptr(id=0,off=0,ks=0,vs=0,imm=0)
2: (b7) r2 = 8                        ; R2_w=inv8
3: (b7) r3 = 0                        ; R3_w=inv0
4: (85) call bpf_ringbuf_reserve#131          ; R0_w=mem_or_null(id=2,ref_obj_id=2,off=0,imm=0) refs=2
5: (55) if r0 != 0x0 goto pc+2 8: R0=mem(id=0,ref_obj_id=2,off=0,imm=0) R10=fp0 refs=2
8: (b7) r1 = 1094795585               ; R1_w=inv1094795585 refs=2
9: (63) *(u32 *)(r0 +0) = r1          ; R0=mem(id=0,ref_obj_id=2,off=0,imm=0) R1_w=inv1094795585 refs=2
10: (07) r0 += -32768                 ; R0_w=mem(id=0,ref_obj_id=2,off=-32768,imm=0) refs=2
11: (bf) r1 = r0                      ; R0_w=mem(id=0,ref_obj_id=2,off=-32768,imm=0) R1_w=mem(id=0,ref_obj_id=2,off=-32768,imm=0) refs=2
12: (b7) r2 = 0                       ; R2_w=inv0 refs=2
13: (85) call bpf_ringbuf_discard#133
dereference of modified mem ptr R1 off=-32768 disallowed
processed 13 insns (limit 1000000) max_states_per_insn 0 total_states 1 peak_states 1 mark_read 1

poc: done
[    3.824936] poc (83) used greatest stack depth: 28144 bytes left
---- poc end rc=0 ----
secb: poc exited without crashing the kernel
[    4.167586] input: ImExPS/2 Generic Explorer Mouse as /devices/platform/i8042/serio1/input/input3
[    5.105113] ACPI: PM: Preparing to enter system sleep state S5
[    5.105559] reboot: Power down
NO_CRASH_DETECTED
