bash: warning: setlocale: LC_ALL: cannot change locale (en_US.UTF-8)
c[?7l[2J[0mSeaBIOS (version 1.16.2-debian-1.16.2-1)


iPXE (http://ipxe.org) 00:03.0 CA00 PCI2.10 PnP PMM+7EFCEF00+7EF0EF00 CA00
Press Ctrl-B to configure iPXE (PCI 00:03.0)...                                                                               


Booting from ROM...
c[?7l[2J[    0.000000] Linux version 5.16.0+ (root@buildkitsandbox) (gcc (Debian 12.2.0-14+deb12u1) 12.2.0, GNU ld (GNU Binutils for Debian) 2.40) #1 SMP PREEMPT Tue May 5 09:10:44 UTC 2026
[    0.000000] Command line: console=ttyS0 oops=panic nokaslr rdinit=/init
[    0.000000] x86/fpu: Supporting XSAVE feature 0x001: 'x87 floating point registers'
[    0.000000] x86/fpu: Supporting XSAVE feature 0x002: 'SSE registers'
[    0.000000] x86/fpu: Supporting XSAVE feature 0x004: 'AVX registers'
[    0.000000] x86/fpu: Supporting XSAVE feature 0x200: 'Protection Keys User registers'
[    0.000000] x86/fpu: xstate_offset[2]:  576, xstate_sizes[2]:  256
[    0.000000] x86/fpu: xstate_offset[9]:  832, xstate_sizes[9]:    8
[    0.000000] x86/fpu: Enabled xstate features 0x207, context size is 840 bytes, using 'compacted' format.
[    0.000000] signal: max sigframe size: 3632
[    0.000000] BIOS-provided physical RAM map:
[    0.000000] BIOS-e820: [mem 0x0000000000000000-0x000000000009fbff] usable
[    0.000000] BIOS-e820: [mem 0x000000000009fc00-0x000000000009ffff] reserved
[    0.000000] BIOS-e820: [mem 0x00000000000f0000-0x00000000000fffff] reserved
[    0.000000] BIOS-e820: [mem 0x0000000000100000-0x000000007ffdffff] usable
[    0.000000] BIOS-e820: [mem 0x000000007ffe0000-0x000000007fffffff] reserved
[    0.000000] BIOS-e820: [mem 0x00000000feffc000-0x00000000feffffff] reserved
[    0.000000] BIOS-e820: [mem 0x00000000fffc0000-0x00000000ffffffff] reserved
[    0.000000] NX (Execute Disable) protection: active
[    0.000000] SMBIOS 2.8 present.
[    0.000000] DMI: QEMU Standard PC (i440FX + PIIX, 1996), BIOS 1.16.2-debian-1.16.2-1 04/01/2014
[    0.000000] tsc: Fast TSC calibration using PIT
[    0.000000] tsc: Detected 3186.895 MHz processor
[    0.000735] last_pfn = 0x7ffe0 max_arch_pfn = 0x400000000
[    0.000801] x86/PAT: Configuration [0-7]: WB  WC  UC- UC  WB  WP  UC- WT  
[    0.002774] found SMP MP-table at [mem 0x000f5ba0-0x000f5baf]
[    0.002824] Using GB pages for direct mapping
[    0.003051] RAMDISK: [mem 0x7fe92000-0x7ffdffff]
[    0.003072] ACPI: Early table checksum verification disabled
[    0.003079] ACPI: RSDP 0x00000000000F59D0 000014 (v00 BOCHS )
[    0.003089] ACPI: RSDT 0x000000007FFE1B33 000034 (v01 BOCHS  BXPC     00000001 BXPC 00000001)
[    0.003097] ACPI: FACP 0x000000007FFE19DF 000074 (v01 BOCHS  BXPC     00000001 BXPC 00000001)
[    0.003109] ACPI: DSDT 0x000000007FFE0040 00199F (v01 BOCHS  BXPC     00000001 BXPC 00000001)
[    0.003114] ACPI: FACS 0x000000007FFE0000 000040
[    0.003118] ACPI: APIC 0x000000007FFE1A53 000080 (v01 BOCHS  BXPC     00000001 BXPC 00000001)
[    0.003122] ACPI: HPET 0x000000007FFE1AD3 000038 (v01 BOCHS  BXPC     00000001 BXPC 00000001)
[    0.003126] ACPI: WAET 0x000000007FFE1B0B 000028 (v01 BOCHS  BXPC     00000001 BXPC 00000001)
[    0.003129] ACPI: Reserving FACP table memory at [mem 0x7ffe19df-0x7ffe1a52]
[    0.003132] ACPI: Reserving DSDT table memory at [mem 0x7ffe0040-0x7ffe19de]
[    0.003134] ACPI: Reserving FACS table memory at [mem 0x7ffe0000-0x7ffe003f]
[    0.003135] ACPI: Reserving APIC table memory at [mem 0x7ffe1a53-0x7ffe1ad2]
[    0.003137] ACPI: Reserving HPET table memory at [mem 0x7ffe1ad3-0x7ffe1b0a]
[    0.003138] ACPI: Reserving WAET table memory at [mem 0x7ffe1b0b-0x7ffe1b32]
[    0.003657] No NUMA configuration found
[    0.003662] Faking a node at [mem 0x0000000000000000-0x000000007ffdffff]
[    0.003669] NODE_DATA(0) allocated [mem 0x7fe8e000-0x7fe91fff]
[    0.003756] Zone ranges:
[    0.003758]   DMA      [mem 0x0000000000001000-0x0000000000ffffff]
[    0.003762]   DMA32    [mem 0x0000000001000000-0x000000007ffdffff]
[    0.003764]   Normal   empty
[    0.003766] Movable zone start for each node
[    0.003767] Early memory node ranges
[    0.003768]   node   0: [mem 0x0000000000001000-0x000000000009efff]
[    0.003770]   node   0: [mem 0x0000000000100000-0x000000007ffdffff]
[    0.003773] Initmem setup node 0 [mem 0x0000000000001000-0x000000007ffdffff]
[    0.005680] On node 0, zone DMA: 1 pages in unavailable ranges
[    0.005760] On node 0, zone DMA: 97 pages in unavailable ranges
[    0.138043] On node 0, zone DMA32: 32 pages in unavailable ranges
[    2.443288] kasan: KernelAddressSanitizer initialized
[    2.443980] ACPI: PM-Timer IO Port: 0x608
[    2.443994] ACPI: LAPIC_NMI (acpi_id[0xff] dfl dfl lint[0x1])
[    2.444047] IOAPIC[0]: apic_id 0, version 17, address 0xfec00000, GSI 0-23
[    2.444053] ACPI: INT_SRC_OVR (bus 0 bus_irq 0 global_irq 2 dfl dfl)
[    2.444057] ACPI: INT_SRC_OVR (bus 0 bus_irq 5 global_irq 5 high level)
[    2.444059] ACPI: INT_SRC_OVR (bus 0 bus_irq 9 global_irq 9 high level)
[    2.444062] ACPI: INT_SRC_OVR (bus 0 bus_irq 10 global_irq 10 high level)
[    2.444064] ACPI: INT_SRC_OVR (bus 0 bus_irq 11 global_irq 11 high level)
[    2.444069] ACPI: Using ACPI (MADT) for SMP configuration information
[    2.444071] ACPI: HPET id: 0x8086a201 base: 0xfed00000
[    2.444077] TSC deadline timer available
[    2.444080] smpboot: Allowing 2 CPUs, 0 hotplug CPUs
[    2.444096] PM: hibernation: Registered nosave memory: [mem 0x00000000-0x00000fff]
[    2.444099] PM: hibernation: Registered nosave memory: [mem 0x0009f000-0x0009ffff]
[    2.444101] PM: hibernation: Registered nosave memory: [mem 0x000a0000-0x000effff]
[    2.444103] PM: hibernation: Registered nosave memory: [mem 0x000f0000-0x000fffff]
[    2.444106] [mem 0x80000000-0xfeffbfff] available for PCI devices
[    2.444111] clocksource: refined-jiffies: mask: 0xffffffff max_cycles: 0xffffffff, max_idle_ns: 1910969940391419 ns
[    2.458800] setup_percpu: NR_CPUS:64 nr_cpumask_bits:64 nr_cpu_ids:2 nr_node_ids:1
[    2.478153] percpu: Embedded 65 pages/cpu s228824 r8192 d29224 u1048576
[    2.478206] Fallback order for Node 0: 0 
[    2.478211] Built 1 zonelists, mobility grouping on.  Total pages: 515808
[    2.478214] Policy zone: DMA32
[    2.478217] Kernel command line: console=ttyS0 oops=panic nokaslr rdinit=/init
[    2.479882] Dentry cache hash table entries: 262144 (order: 9, 2097152 bytes, linear)
[    2.480138] Inode-cache hash table entries: 131072 (order: 8, 1048576 bytes, linear)
[    2.480196] mem auto-init: stack:all(zero), heap alloc:off, heap free:off
[    2.583108] Memory: 1702284K/2096632K available (45071K kernel code, 7592K rwdata, 7176K rodata, 1824K init, 1448K bss, 394092K reserved, 0K cma-reserved)
[    2.583277] SLUB: HWalign=64, Order=0-3, MinObjects=0, CPUs=2, Nodes=1
[    2.584448] Dynamic Preempt: voluntary
[    2.585932] rcu: Preemptible hierarchical RCU implementation.
[    2.585937] rcu: 	RCU event tracing is enabled.
[    2.585939] rcu: 	RCU restricting CPUs from NR_CPUS=64 to nr_cpu_ids=2.
[    2.585942] 	Trampoline variant of Tasks RCU enabled.
[    2.585944] 	Tracing variant of Tasks RCU enabled.
[    2.585946] rcu: RCU calculated value of scheduler-enlistment delay is 100 jiffies.
[    2.585948] rcu: Adjusting geometry for rcu_fanout_leaf=16, nr_cpu_ids=2
[    2.592911] NR_IRQS: 4352, nr_irqs: 440, preallocated irqs: 16
[    2.593390] random: get_random_bytes called from start_kernel+0x1e7/0x38f with crng_init=0
[    2.603347] Console: colour VGA+ 80x25
[    2.862852] printk: console [ttyS0] enabled
[    2.864528] ACPI: Core revision 20211217
[    2.866448] clocksource: hpet: mask: 0xffffffff max_cycles: 0xffffffff, max_idle_ns: 19112604467 ns
[    2.870260] APIC: Switch to symmetric I/O mode setup
[    2.873170] ..TIMER: vector=0x30 apic1=0 pin1=2 apic2=-1 pin2=-1
[    2.880224] clocksource: tsc-early: mask: 0xffffffffffffffff max_cycles: 0x2defeded429, max_idle_ns: 440795269931 ns
[    2.884388] Calibrating delay loop (skipped), value calculated using timer frequency.. 6373.79 BogoMIPS (lpj=3186895)
[    2.885388] pid_max: default: 32768 minimum: 301
[    2.886465] LSM: Security Framework initializing
[    2.887430] SELinux:  Initializing.
[    2.888470] Mount-cache hash table entries: 4096 (order: 3, 32768 bytes, linear)
[    2.889394] Mountpoint-cache hash table entries: 4096 (order: 3, 32768 bytes, linear)
[    2.891079] x86/cpu: User Mode Instruction Prevention (UMIP) activated
[    2.891527] Last level iTLB entries: 4KB 0, 2MB 0, 4MB 0
[    2.892384] Last level dTLB entries: 4KB 0, 2MB 0, 4MB 0, 1GB 0
[    2.893404] Spectre V1 : Mitigation: usercopy/swapgs barriers and __user pointer sanitization
[    2.894391] Spectre V2 : Mitigation: Enhanced IBRS
[    2.895386] Spectre V2 : Spectre v2 / SpectreRSB mitigation: Filling RSB on context switch
[    2.896397] Spectre V2 : mitigation: Enabling conditional Indirect Branch Prediction Barrier
[    2.897389] Speculative Store Bypass: Mitigation: Speculative Store Bypass disabled via prctl
[    2.931994] Freeing SMP alternatives memory: 44K
[    2.933918] smpboot: CPU0: Intel(R) Core(TM) i9-14900K (family: 0x6, model: 0xb7, stepping: 0x1)
[    2.935755] Performance Events: unsupported p6 CPU model 183 no PMU driver, software events only.
[    2.936584] rcu: Hierarchical SRCU implementation.
[    2.938150] smp: Bringing up secondary CPUs ...
[    2.938744] x86: Booting SMP configuration:
[    2.939392] .... node  #0, CPUs:      #1
[    2.939787] smp: Brought up 1 node, 2 CPUs
[    2.941187] smpboot: Max logical packages: 1
[    2.941389] smpboot: Total of 2 processors activated (12747.58 BogoMIPS)
[    2.942894] devtmpfs: initialized
[    2.944542] clocksource: jiffies: mask: 0xffffffff max_cycles: 0xffffffff, max_idle_ns: 1911260446275000 ns
[    2.946397] futex hash table entries: 512 (order: 3, 32768 bytes, linear)
[    2.947350] PM: RTC time: 09:14:44, date: 2026-05-05
[    2.965451] NET: Registered PF_NETLINK/PF_ROUTE protocol family
[    2.966693] audit: initializing netlink subsys (disabled)
[    2.967493] audit: type=2000 audit(1777972483.091:1): state=initialized audit_enabled=0 res=1
[    2.969066] thermal_sys: Registered thermal governor 'step_wise'
[    2.969163] thermal_sys: Registered thermal governor 'user_space'
[    2.969486] cpuidle: using governor menu
[    2.971304] PCI: Using configuration type 1 for base access
[    2.989479] kprobes: kprobe jump-optimization is enabled. All kprobes are optimized if possible.
[    2.990498] HugeTLB registered 2.00 MiB page size, pre-allocated 0 pages
[    2.991650] ACPI: Added _OSI(Module Device)
[    2.992387] ACPI: Added _OSI(Processor Device)
[    2.993389] ACPI: Added _OSI(3.0 _SCP Extensions)
[    2.994390] ACPI: Added _OSI(Processor Aggregator Device)
[    2.995407] ACPI: Added _OSI(Linux-Dell-Video)
[    2.996395] ACPI: Added _OSI(Linux-Lenovo-NV-HDMI-Audio)
[    2.997400] ACPI: Added _OSI(Linux-HPI-Hybrid-Graphics)
[    3.009192] ACPI: 1 ACPI AML tables successfully acquired and loaded
[    3.012396] ACPI: Interpreter enabled
[    3.013453] ACPI: PM: (supports S0 S3 S4 S5)
[    3.014392] ACPI: Using IOAPIC for interrupt routing
[    3.015498] PCI: Using host bridge windows from ACPI; if necessary, use "pci=nocrs" and report a bug
[    3.017071] ACPI: Enabled 2 GPEs in block 00 to 0F
[    3.036883] ACPI: PCI Root Bridge [PCI0] (domain 0000 [bus 00-ff])
[    3.037410] acpi PNP0A03:00: _OSC: OS supports [ASPM ClockPM Segments MSI HPX-Type3]
[    3.038394] acpi PNP0A03:00: _OSC: not requesting OS control; OS requires [ExtendedConfig ASPM ClockPM MSI]
[    3.039507] acpi PNP0A03:00: fail to add MMCONFIG information, can't access extended PCI configuration space under this bridge.
[    3.040705] PCI host bridge to bus 0000:00
[    3.041404] pci_bus 0000:00: root bus resource [io  0x0000-0x0cf7 window]
[    3.042396] pci_bus 0000:00: root bus resource [io  0x0d00-0xffff window]
[    3.043407] pci_bus 0000:00: root bus resource [mem 0x000a0000-0x000bffff window]
[    3.044406] pci_bus 0000:00: root bus resource [mem 0x80000000-0xfebfffff window]
[    3.045402] pci_bus 0000:00: root bus resource [mem 0x100000000-0x17fffffff window]
[    3.046402] pci_bus 0000:00: root bus resource [bus 00-ff]
[    3.047539] pci 0000:00:00.0: [8086:1237] type 00 class 0x060000
[    3.056032] pci 0000:00:01.0: [8086:7000] type 00 class 0x060100
[    3.064226] pci 0000:00:01.1: [8086:7010] type 00 class 0x010180
[    3.066390] pci 0000:00:01.1: reg 0x20: [io  0xc040-0xc04f]
[    3.068383] pci 0000:00:01.1: legacy IDE quirk: reg 0x10: [io  0x01f0-0x01f7]
[    3.069391] pci 0000:00:01.1: legacy IDE quirk: reg 0x14: [io  0x03f6]
[    3.070391] pci 0000:00:01.1: legacy IDE quirk: reg 0x18: [io  0x0170-0x0177]
[    3.071388] pci 0000:00:01.1: legacy IDE quirk: reg 0x1c: [io  0x0376]
[    3.072825] pci 0000:00:01.3: [8086:7113] type 00 class 0x068000
[    3.074096] pci 0000:00:01.3: quirk: [io  0x0600-0x063f] claimed by PIIX4 ACPI
[    3.074414] pci 0000:00:01.3: quirk: [io  0x0700-0x070f] claimed by PIIX4 SMB
[    3.075926] pci 0000:00:02.0: [1234:1111] type 00 class 0x030000
[    3.077401] pci 0000:00:02.0: reg 0x10: [mem 0xfd000000-0xfdffffff pref]
[    3.079844] pci 0000:00:02.0: reg 0x18: [mem 0xfebf0000-0xfebf0fff]
[    3.083833] pci 0000:00:02.0: reg 0x30: [mem 0xfebe0000-0xfebeffff pref]
[    3.091701] pci 0000:00:03.0: [8086:100e] type 00 class 0x020000
[    3.093394] pci 0000:00:03.0: reg 0x10: [mem 0xfebc0000-0xfebdffff]
[    3.095187] pci 0000:00:03.0: reg 0x14: [io  0xc000-0xc03f]
[    3.099262] pci 0000:00:03.0: reg 0x30: [mem 0xfeb80000-0xfebbffff pref]
[    3.108318] ACPI: PCI: Interrupt link LNKA configured for IRQ 10
[    3.109159] ACPI: PCI: Interrupt link LNKB configured for IRQ 10
[    3.110149] ACPI: PCI: Interrupt link LNKC configured for IRQ 11
[    3.111129] ACPI: PCI: Interrupt link LNKD configured for IRQ 11
[    3.111709] ACPI: PCI: Interrupt link LNKS configured for IRQ 9
[    3.114529] iommu: Default domain type: Translated 
[    3.115388] iommu: DMA domain TLB invalidation policy: lazy mode 
[    3.116506] pci 0000:00:02.0: vgaarb: setting as boot VGA device
[    3.117378] pci 0000:00:02.0: vgaarb: VGA device added: decodes=io+mem,owns=io+mem,locks=none
[    3.117404] pci 0000:00:02.0: vgaarb: bridge control possible
[    3.118390] vgaarb: loaded
[    3.119666] SCSI subsystem initialized
[    3.121630] ACPI: bus type USB registered
[    3.122267] usbcore: registered new interface driver usbfs
[    3.123436] usbcore: registered new interface driver hub
[    3.123902] usbcore: registered new device driver usb
[    3.124461] pps_core: LinuxPPS API ver. 1 registered
[    3.125138] pps_core: Software ver. 5.3.6 - Copyright 2005-2007 Rodolfo Giometti <giometti@linux.it>
[    3.126421] PTP clock support registered
[    3.127034] Advanced Linux Sound Architecture Driver Initialized.
[    3.127986] NetLabel: Initializing
[    3.128389] NetLabel:  domain hash size = 128
[    3.129388] NetLabel:  protocols = UNLABELED CIPSOv4 CALIPSO
[    3.130481] NetLabel:  unlabeled traffic allowed by default
[    3.131507] PCI: Using ACPI for IRQ routing
[    3.132704] hpet0: at MMIO 0xfed00000, IRQs 2, 8, 0
[    3.133388] hpet0: 3 comparators, 64-bit 100.000000 MHz counter
[    3.137511] clocksource: Switched to clocksource tsc-early
[    3.339562] VFS: Disk quotas dquot_6.6.0
[    3.340391] VFS: Dquot-cache hash table entries: 512 (order 0, 4096 bytes)
[    3.342709] pnp: PnP ACPI init
[    3.345862] pnp: PnP ACPI: found 6 devices
[    3.379138] clocksource: acpi_pm: mask: 0xffffff max_cycles: 0xffffff, max_idle_ns: 2085701024 ns
[    3.381778] NET: Registered PF_INET protocol family
[    3.397046] IP idents hash table entries: 32768 (order: 6, 262144 bytes, linear)
[    3.398983] tcp_listen_portaddr_hash hash table entries: 1024 (order: 2, 16384 bytes, linear)
[    3.401919] TCP established hash table entries: 16384 (order: 5, 131072 bytes, linear)
[    3.404563] TCP bind hash table entries: 16384 (order: 6, 262144 bytes, linear)
[    3.407033] TCP: Hash tables configured (established 16384 bind 16384)
[    3.409321] UDP hash table entries: 1024 (order: 3, 32768 bytes, linear)
[    3.411490] UDP-Lite hash table entries: 1024 (order: 3, 32768 bytes, linear)
[    3.413914] NET: Registered PF_UNIX/PF_LOCAL protocol family
[    3.416246] RPC: Registered named UNIX socket transport module.
[    3.418220] RPC: Registered udp transport module.
[    3.419707] RPC: Registered tcp transport module.
[    3.421274] RPC: Registered tcp NFSv4.1 backchannel transport module.
[    3.424025] pci_bus 0000:00: resource 4 [io  0x0000-0x0cf7 window]
[    3.426039] pci_bus 0000:00: resource 5 [io  0x0d00-0xffff window]
[    3.428070] pci_bus 0000:00: resource 6 [mem 0x000a0000-0x000bffff window]
[    3.430320] pci_bus 0000:00: resource 7 [mem 0x80000000-0xfebfffff window]
[    3.432652] pci_bus 0000:00: resource 8 [mem 0x100000000-0x17fffffff window]
[    3.435251] pci 0000:00:01.0: PIIX3: Enabling Passive Release
[    3.437213] pci 0000:00:00.0: Limiting direct PCI/PCI transfers
[    3.439199] pci 0000:00:01.0: Activating ISA DMA hang workarounds
[    3.441281] pci 0000:00:02.0: Video device with shadowed ROM at [mem 0x000c0000-0x000dffff]
[    3.444082] PCI: CLS 0 bytes, default 64
[    3.445719] Unpacking initramfs...
[    3.449179] Initialise system trusted keyrings
[    3.450958] workingset: timestamp_bits=56 max_order=19 bucket_order=0
[    3.478943] Freeing initrd memory: 1336K
[    3.505254] NFS: Registering the id_resolver key type
[    3.506051] Key type id_resolver registered
[    3.506615] Key type id_legacy registered
[    3.512669] Key type asymmetric registered
[    3.513080] Asymmetric key parser 'x509' registered
[    3.513655] Block layer SCSI generic (bsg) driver version 0.4 loaded (major 251)
[    3.514328] io scheduler mq-deadline registered
[    3.514722] io scheduler kyber registered
[    3.518110] input: Power Button as /devices/LNXSYSTM:00/LNXPWRBN:00/input/input0
[    3.518971] ACPI: button: Power Button [PWRF]
[    3.520197] Serial: 8250/16550 driver, 4 ports, IRQ sharing enabled
[    3.521586] 00:04: ttyS0 at I/O 0x3f8 (irq = 4, base_baud = 115200) is a 16550A
[    3.524531] Non-volatile memory driver v1.3
[    3.525574] Linux agpgart interface v0.103
[    3.526644] ACPI: bus type drm_connector registered
[    3.534584] loop: module loaded
[    3.537877] scsi host0: ata_piix
[    3.539139] scsi host1: ata_piix
[    3.540946] ata1: PATA max MWDMA2 cmd 0x1f0 ctl 0x3f6 bmdma 0xc040 irq 14
[    3.543232] ata2: PATA max MWDMA2 cmd 0x170 ctl 0x376 bmdma 0xc048 irq 15
[    3.545995] e100: Intel(R) PRO/100 Network Driver
[    3.547515] e100: Copyright(c) 1999-2006 Intel Corporation
[    3.549351] e1000: Intel(R) PRO/1000 Network Driver
[    3.550871] e1000: Copyright (c) 1999-2006 Intel Corporation.
[    3.741125] ata2.00: ATAPI: QEMU DVD-ROM, 2.5+, max UDMA/100
[    3.742875] scsi 1:0:0:0: CD-ROM            QEMU     QEMU DVD-ROM     2.5+ PQ: 0 ANSI: 5
[    3.762925] sr 1:0:0:0: [sr0] scsi3-mmc drive: 4x/4x cd/rw xa/form2 tray
[    3.763893] cdrom: Uniform CD-ROM driver Revision: 3.20
[    3.782119] sr 1:0:0:0: Attached scsi generic sg0 type 5
[    4.252489] tsc: Refined TSC clocksource calibration: 3187.043 MHz
[    4.254159] clocksource: tsc: mask: 0xffffffffffffffff max_cycles: 0x2df07a10d0d, max_idle_ns: 440795278410 ns
[    4.256900] clocksource: Switched to clocksource tsc
[    4.264476] ACPI: \_SB_.LNKC: Enabled at IRQ 11
[    4.575349] e1000 0000:00:03.0 eth0: (PCI:33MHz:32-bit) 52:54:00:12:34:56
[    4.576454] e1000 0000:00:03.0 eth0: Intel(R) PRO/1000 Network Connection
[    4.577527] e1000e: Intel(R) PRO/1000 Network Driver
[    4.578002] e1000e: Copyright(c) 1999 - 2015 Intel Corporation.
[    4.578543] sky2: driver version 1.30
[    4.579460] ehci_hcd: USB 2.0 'Enhanced' Host Controller (EHCI) Driver
[    4.580482] ehci-pci: EHCI PCI platform driver
[    4.581155] ohci_hcd: USB 1.1 'Open' Host Controller (OHCI) Driver
[    4.581998] ohci-pci: OHCI PCI platform driver
[    4.582610] uhci_hcd: USB Universal Host Controller Interface driver
[    4.583633] usbcore: registered new interface driver usblp
[    4.584366] usbcore: registered new interface driver usb-storage
[    4.585262] i8042: PNP: PS/2 Controller [PNP0303:KBD,PNP0f13:MOU] at 0x60,0x64 irq 1,12
[    4.587055] serio: i8042 KBD port at 0x60,0x64 irq 1
[    4.587542] serio: i8042 AUX port at 0x60,0x64 irq 12
[    4.588895] input: AT Translated Set 2 keyboard as /devices/platform/i8042/serio0/input/input1
[    4.589613] rtc_cmos 00:05: RTC can wake from S4
[    4.593797] rtc_cmos 00:05: registered as rtc0
[    4.599033] rtc_cmos 00:05: alarms up to one day, y3k, 242 bytes nvram, hpet irqs
[    4.608913] device-mapper: ioctl: 4.45.0-ioctl (2021-03-22) initialised: dm-devel@redhat.com
[    4.610895] intel_pstate: CPU model not supported
[    4.611968] hid: raw HID events driver (C) Jiri Kosina
[    4.614421] usbcore: registered new interface driver usbhid
[    4.616184] usbhid: USB HID core driver
[    4.623547] Initializing XFRM netlink socket
[    4.624545] NET: Registered PF_INET6 protocol family
[    4.626206] Segment Routing with IPv6
[    4.626877] In-situ OAM (IOAM) with IPv6
[    4.627633] sit: IPv6, IPv4 and MPLS over IPv4 tunneling driver
[    4.628923] NET: Registered PF_PACKET protocol family
[    4.629696] Key type dns_resolver registered
[    4.630727] IPI shorthand broadcast: enabled
[    4.631151] sched_clock: Marking stable (4347497146, 283058268)->(4805585403, -175029989)
[    4.632216] registered taskstats version 1
[    4.632811] Loading compiled-in X.509 certificates
[    4.633824] cryptomgr_test (49) used greatest stack depth: 30816 bytes left
[    4.635972] cryptomgr_test (64) used greatest stack depth: 30440 bytes left
[    4.638536] PM:   Magic number: 10:489:221
[    4.639161] printk: console [netcon0] enabled
[    4.639771] netconsole: network logging started
[    4.640680] cfg80211: Loading compiled-in X.509 certificates for regulatory database
[    4.642024] kworker/u4:1 (71) used greatest stack depth: 29360 bytes left
[    4.643541] cfg80211: Loaded X.509 cert 'sforshee: 00b28ddf47aef9cea7'
[    4.644505] ALSA device list:
[    4.644877]   No soundcards found.
[    4.646103] Freeing unused kernel image (initmem) memory: 1824K
[    4.647543] platform regulatory.0: Direct firmware load for regulatory.db failed with error -2
[    4.649506] cfg80211: failed to load regulatory.db
[    4.652446] Write protecting the kernel read-only data: 55296k
[    4.654307] Freeing unused kernel image (text/rodata gap) memory: 2032K
[    4.656060] Freeing unused kernel image (rodata/data gap) memory: 1016K
[    4.657406] Run /init as init process
[    4.672267] mount (76) used greatest stack depth: 28712 bytes left

secb: rootfs ready
---- poc begin ----
poc: start: CVE-2022-23222 ringbuf OOB trigger
poc: loaded prog loop=0 #0 (discard off=-32), kicking
poc: loaded prog loop=0 #1 (submit off=-32), kicking
poc: loaded prog loop=0 #2 (discard off=+64), kicking
poc: loaded prog loop=0 #3 (submit off=+256), kicking
poc: loaded prog loop=0 #4 (submit off=-8), kicking
poc: loaded prog loop=0 #5 (discard off=+1024), kicking
poc: loaded prog loop=0 #6 (discard off=-4096), kicking
poc: loaded prog[    4.794735] ==================================================================
 loop=0 #7 (subm[    4.798013] BUG: KASAN: vmalloc-out-of-bounds in bpf_ringbuf_submit+0x135/0x150
it off=-16384), [    4.801246] Read of size 4 at addr ffffc900004001c4 by task poc/82
kicking
[    4.803633] 
[    4.804040] CPU: 0 PID: 82 Comm: poc Not tainted 5.16.0+ #1
[    4.805023] Hardware name: QEMU Standard PC (i440FX + PIIX, 1996), BIOS 1.16.2-debian-1.16.2-1 04/01/2014
[    4.808780] Call Trace:
[    4.809559]  <TASK>
[    4.810361]  dump_stack_lvl+0x33/0x42
[    4.811849]  print_address_description.constprop.0+0x1f/0x140
[    4.814156]  ? bpf_ringbuf_submit+0x135/0x150
[    4.815796]  ? bpf_ringbuf_submit+0x135/0x150
[    4.817273]  kasan_report.cold+0x7f/0x10a
[    4.818200]  ? bpf_ringbuf_submit+0x135/0x150
[    4.818964]  bpf_ringbuf_submit+0x135/0x150
[    4.819701]  bpf_prog_0f0f427e29b67f46+0x42/0xaf4
[    4.820535]  sk_filter_trim_cap+0x207/0x710
[    4.822009]  ? sock_wmalloc+0xe0/0xe0
[    4.823437]  ? bpf_skb_ecn_set_ce+0xbd0/0xbd0
[    4.825312]  ? _raw_spin_lock_bh+0xd0/0xd0
[    4.827762]  unix_dgram_sendmsg+0x820/0x1690
[    4.830319]  ? unix_dgram_connect+0x8e0/0x8e0
[    4.832863]  ? unix_dgram_connect+0x8e0/0x8e0
[    4.834164]  sock_sendmsg+0xdb/0x110
[    4.834808]  sock_write_iter+0x20d/0x370
[    4.835489]  ? sock_sendmsg+0x110/0x110
[    4.836160]  ? __local_bh_enable_ip+0x32/0x70
[    4.837426]  new_sync_write+0x4e7/0x660
[    4.839592]  ? new_sync_read+0x650/0x650
[    4.841920]  ? bpf_fd_pass+0x270/0x270
[    4.844118]  ? selinux_file_permission+0x114/0x410
[    4.846867]  vfs_write+0x55e/0x7d0
[    4.848802]  ksys_write+0x16f/0x1c0
[    4.850747]  ? __ia32_sys_read+0xa0/0xa0
[    4.852026]  ? fpregs_assert_state_consistent+0x45/0xb0
[    4.853263]  do_syscall_64+0x37/0x80
[    4.855334]  entry_SYSCALL_64_after_hwframe+0x44/0xae
[    4.858185] RIP: 0033:0x438aa0
[    4.859817] Code: 40 00 48 c7 c2 b8 ff ff ff f7 d8 64 89 02 48 c7 c0 ff ff ff ff eb b7 0f 1f 00 80 3d c1 e5 06 00 00 74 17 b8 01 00 00 00 0f 05 <48> 3d 00 f0 ff ff 77 58 c3 0f 1f 80 00 00 00 00 48 83 ec 28 48 89
[    4.865084] RSP: 002b:00007ffc155237c8 EFLAGS: 00000202 ORIG_RAX: 0000000000000001
[    4.868121] RAX: ffffffffffffffda RBX: 0000000000000004 RCX: 0000000000438aa0
[    4.872156] RDX: 0000000000000001 RSI: 00007ffc1552380a RDI: 0000000000000006
[    4.875985] RBP: 0000000000000007 R08: 0000000000000004 R09: 00007ffc15521543
[    4.880074] R10: 00007ffc1552380c R11: 0000000000000202 R12: 00007ffc155238f0
[    4.881328] R13: 00007ffc1552380a R14: 0000000000000001 R15: 00007ffc15523810
[    4.882683]  </TASK>
[    4.883441] 
[    4.883991] 
[    4.884513] Memory state around the buggy address:
[    4.885736]  ffffc90000400080: f8 f8 f8 f8 f8 f8 f8 f8 f8 f8 f8 f8 f8 f8 f8 f8
[    4.888296]  ffffc90000400100: f8 f8 f8 f8 f8 f8 f8 f8 f8 f8 f8 f8 f8 f8 f8 f8
[    4.889547] >ffffc90000400180: f8 f8 f8 f8 f8 f8 f8 f8 f8 f8 f8 f8 f8 f8 f8 f8
[    4.890950]                                            ^
[    4.893041]  ffffc90000400200: f8 f8 f8 f8 f8 f8 f8 f8 f8 f8 f8 f8 f8 f8 f8 f8
[    4.895863]  ffffc90000400280: f8 f8 f8 f8 f8 f8 f8 f8 f8 f8 f8 f8 f8 f8 f8 f8
[    4.898657] ==================================================================
[    4.901318] Disabling lock debugging due to kernel taint
[    4.902734] BUG: unable to handle page fault for address: ffffc900004001c4
[    4.905395] #PF: supervisor read access in kernel mode
[    4.906675] #PF: error_code(0x0000) - not-present page
[    4.907572] PGD 5c00067 P4D 5c00067 PUD 5d2c067 PMD 92ac067 PTE 0
[    4.908624] Oops: 0000 [#1] PREEMPT SMP KASAN NOPTI
[    4.910305] CPU: 0 PID: 82 Comm: poc Tainted: G    B             5.16.0+ #1
[    4.912936] Hardware name: QEMU Standard PC (i440FX + PIIX, 1996), BIOS 1.16.2-debian-1.16.2-1 04/01/2014
[    4.916753] RIP: 0010:bpf_ringbuf_submit+0x40/0x150
[    4.918640] Code: 54 55 53 48 89 fb 48 83 ef 04 48 89 fa 48 c1 ea 03 0f b6 14 02 48 89 f8 83 e0 07 83 c0 03 38 d0 7c 08 84 d2 0f 85 f0 00 00 00 <8b> 43 fc 4c 89 ed 4c 89 ea 48 81 e5 00 f0 ff ff 48 c1 ea 03 48 c1
[    4.922791] RSP: 0018:ffffc900003ff978 EFLAGS: 00010286
[    4.924217] RAX: 0000000000000001 RBX: ffffc900004001c8 RCX: 0000000000000000
[    4.925443] RDX: 0000000000000001 RSI: 0000000000000246 RDI: 0000000000000001
[    4.927881] RBP: ffffc900003ff9a8 R08: 0000000000000001 R09: ffffffff856b92a7
[    4.930595] R10: fffffbfff0ad7254 R11: 0000000000000000 R12: 0000000000000001
[    4.933241] R13: ffffc900004001c0 R14: 0000000000000000 R15: ffff8880091a7b40
[    4.934559] FS:  00000000024af380(0000) GS:ffff88806d000000(0000) knlGS:0000000000000000
[    4.937554] CS:  0010 DS: 0000 ES: 0000 CR0: 0000000080050033
[    4.939737] CR2: ffffc900004001c4 CR3: 0000000005fd6002 CR4: 0000000000770ef0
[    4.941053] PKRU: 55555554
[    4.941538] Call Trace:
[    4.941988]  <TASK>
[    4.942368]  bpf_prog_0f0f427e29b67f46+0x42/0xaf4
[    4.943792]  sk_filter_trim_cap+0x207/0x710
[    4.945444]  ? sock_wmalloc+0xe0/0xe0
[    4.946906]  ? bpf_skb_ecn_set_ce+0xbd0/0xbd0
[    4.948619]  ? _raw_spin_lock_bh+0xd0/0xd0
[    4.950201]  unix_dgram_sendmsg+0x820/0x1690
[    4.951919]  ? unix_dgram_connect+0x8e0/0x8e0
[    4.953777]  ? unix_dgram_connect+0x8e0/0x8e0
[    4.955301]  sock_sendmsg+0xdb/0x110
[    4.955966]  sock_write_iter+0x20d/0x370
[    4.956708]  ? sock_sendmsg+0x110/0x110
[    4.957379]  ? __local_bh_enable_ip+0x32/0x70
[    4.958531]  new_sync_write+0x4e7/0x660
[    4.959884]  ? new_sync_read+0x650/0x650
[    4.961214]  ? bpf_fd_pass+0x270/0x270
[    4.962274]  ? selinux_file_permission+0x114/0x410
[    4.963889]  vfs_write+0x55e/0x7d0
[    4.964488]  ksys_write+0x16f/0x1c0
[    4.965590]  ? __ia32_sys_read+0xa0/0xa0
[    4.966942]  ? fpregs_assert_state_consistent+0x45/0xb0
[    4.968534]  do_syscall_64+0x37/0x80
[    4.969174]  entry_SYSCALL_64_after_hwframe+0x44/0xae
[    4.970082] RIP: 0033:0x438aa0
[    4.970628] Code: 40 00 48 c7 c2 b8 ff ff ff f7 d8 64 89 02 48 c7 c0 ff ff ff ff eb b7 0f 1f 00 80 3d c1 e5 06 00 00 74 17 b8 01 00 00 00 0f 05 <48> 3d 00 f0 ff ff 77 58 c3 0f 1f 80 00 00 00 00 48 83 ec 28 48 89
[    4.975054] RSP: 002b:00007ffc155237c8 EFLAGS: 00000202 ORIG_RAX: 0000000000000001
[    4.976487] RAX: ffffffffffffffda RBX: 0000000000000004 RCX: 0000000000438aa0
[    4.977730] RDX: 0000000000000001 RSI: 00007ffc1552380a RDI: 0000000000000006
[    4.979212] RBP: 0000000000000007 R08: 0000000000000004 R09: 00007ffc15521543
[    4.981395] R10: 00007ffc1552380c R11: 0000000000000202 R12: 00007ffc155238f0
[    4.984122] R13: 00007ffc1552380a R14: 0000000000000001 R15: 00007ffc15523810
[    4.986582]  </TASK>
[    4.987086] Modules linked in:
[    4.987624] CR2: ffffc900004001c4
[    4.988215] ---[ end trace e11d6a49f820af6d ]---
[    4.989380] RIP: 0010:bpf_ringbuf_submit+0x40/0x150
[    4.991260] Code: 54 55 53 48 89 fb 48 83 ef 04 48 89 fa 48 c1 ea 03 0f b6 14 02 48 89 f8 83 e0 07 83 c0 03 38 d0 7c 08 84 d2 0f 85 f0 00 00 00 <8b> 43 fc 4c 89 ed 4c 89 ea 48 81 e5 00 f0 ff ff 48 c1 ea 03 48 c1
[    4.997831] RSP: 0018:ffffc900003ff978 EFLAGS: 00010286
[    4.998778] RAX: 0000000000000001 RBX: ffffc900004001c8 RCX: 0000000000000000
[    5.001524] RDX: 0000000000000001 RSI: 0000000000000246 RDI: 0000000000000001
[    5.005177] RBP: ffffc900003ff9a8 R08: 0000000000000001 R09: ffffffff856b92a7
[    5.007564] R10: fffffbfff0ad7254 R11: 0000000000000000 R12: 0000000000000001
[    5.011211] R13: ffffc900004001c0 R14: 0000000000000000 R15: ffff8880091a7b40
[    5.012547] FS:  00000000024af380(0000) GS:ffff88806d000000(0000) knlGS:0000000000000000
[    5.014420] CS:  0010 DS: 0000 ES: 0000 CR0: 0000000080050033
[    5.017758] CR2: ffffc900004001c4 CR3: 0000000005fd6002 CR4: 0000000000770ef0
[    5.021880] PKRU: 55555554
[    5.023442] Kernel panic - not syncing: Fatal exception
[    5.025589] Kernel Offset: disabled
CONFIRMED: PANIC
