bash: warning: setlocale: LC_ALL: cannot change locale (en_US.UTF-8)
c[?7l[2J[0mSeaBIOS (version 1.16.2-debian-1.16.2-1)


iPXE (http://ipxe.org) 00:03.0 CA00 PCI2.10 PnP PMM+7EFCEF00+7EF0EF00 CA00
Press Ctrl-B to configure iPXE (PCI 00:03.0)...                                                                               


Booting from ROM..c[?7l[2J[    0.000000] Linux version 6.10.0-rc6-00166-g83c36e7cfd74-dirty (root@buildkitsandbox) (gcc (Debian 12.2.0-14+deb12u1) 12.2.0, GNU ld (GNU Binutils for Debian) 2.40) #1 SMP PREEMPT_DYNAMIC Tue May  5 14:15:38 UTC 2026
[    0.000000] Command line: console=ttyS0 oops=panic nokaslr rdinit=/init
[    0.000000] BIOS-provided physical RAM map:
[    0.000000] BIOS-e820: [mem 0x0000000000000000-0x000000000009fbff] usable
[    0.000000] BIOS-e820: [mem 0x000000000009fc00-0x000000000009ffff] reserved
[    0.000000] BIOS-e820: [mem 0x00000000000f0000-0x00000000000fffff] reserved
[    0.000000] BIOS-e820: [mem 0x0000000000100000-0x000000007ffdffff] usable
[    0.000000] BIOS-e820: [mem 0x000000007ffe0000-0x000000007fffffff] reserved
[    0.000000] BIOS-e820: [mem 0x00000000feffc000-0x00000000feffffff] reserved
[    0.000000] BIOS-e820: [mem 0x00000000fffc0000-0x00000000ffffffff] reserved
[    0.000000] NX (Execute Disable) protection: active
[    0.000000] APIC: Static calls initialized
[    0.000000] SMBIOS 2.8 present.
[    0.000000] DMI: QEMU Standard PC (i440FX + PIIX, 1996), BIOS 1.16.2-debian-1.16.2-1 04/01/2014
[    0.000000] DMI: Memory slots populated: 1/1
[    0.000000] Hypervisor detected: KVM
[    0.000000] kvm-clock: Using msrs 4b564d01 and 4b564d00
[    0.000000] kvm-clock: using sched offset of 294867364 cycles
[    0.000002] clocksource: kvm-clock: mask: 0xffffffffffffffff max_cycles: 0x1cd42e4dffb, max_idle_ns: 881590591483 ns
[    0.000004] tsc: Detected 3187.200 MHz processor
[    0.000297] last_pfn = 0x7ffe0 max_arch_pfn = 0x400000000
[    0.000314] MTRR map: 4 entries (3 fixed + 1 variable; max 19), built from 8 variable MTRRs
[    0.000316] x86/PAT: Configuration [0-7]: WB  WC  UC- UC  WB  WP  UC- WT  
[    0.002001] found SMP MP-table at [mem 0x000f5ba0-0x000f5baf]
[    0.002006] Using GB pages for direct mapping
[    0.002006] Incomplete global flushes, disabling PCID
[    0.002085] RAMDISK: [mem 0x7fe8f000-0x7ffdffff]
[    0.002089] ACPI: Early table checksum verification disabled
[    0.002091] ACPI: RSDP 0x00000000000F59D0 000014 (v00 BOCHS )
[    0.002093] ACPI: RSDT 0x000000007FFE1B33 000034 (v01 BOCHS  BXPC     00000001 BXPC 00000001)
[    0.002098] ACPI: FACP 0x000000007FFE19DF 000074 (v01 BOCHS  BXPC     00000001 BXPC 00000001)
[    0.002102] ACPI: DSDT 0x000000007FFE0040 00199F (v01 BOCHS  BXPC     00000001 BXPC 00000001)
[    0.002104] ACPI: FACS 0x000000007FFE0000 000040
[    0.002105] ACPI: APIC 0x000000007FFE1A53 000080 (v01 BOCHS  BXPC     00000001 BXPC 00000001)
[    0.002107] ACPI: HPET 0x000000007FFE1AD3 000038 (v01 BOCHS  BXPC     00000001 BXPC 00000001)
[    0.002108] ACPI: WAET 0x000000007FFE1B0B 000028 (v01 BOCHS  BXPC     00000001 BXPC 00000001)
[    0.002110] ACPI: Reserving FACP table memory at [mem 0x7ffe19df-0x7ffe1a52]
[    0.002111] ACPI: Reserving DSDT table memory at [mem 0x7ffe0040-0x7ffe19de]
[    0.002111] ACPI: Reserving FACS table memory at [mem 0x7ffe0000-0x7ffe003f]
[    0.002112] ACPI: Reserving APIC table memory at [mem 0x7ffe1a53-0x7ffe1ad2]
[    0.002112] ACPI: Reserving HPET table memory at [mem 0x7ffe1ad3-0x7ffe1b0a]
[    0.002113] ACPI: Reserving WAET table memory at [mem 0x7ffe1b0b-0x7ffe1b32]
[    0.002287] No NUMA configuration found
[    0.002287] Faking a node at [mem 0x0000000000000000-0x000000007ffdffff]
[    0.002289] NODE_DATA(0) allocated [mem 0x7fe8b000-0x7fe8efff]
[    0.002296] Zone ranges:
[    0.002297]   DMA      [mem 0x0000000000001000-0x0000000000ffffff]
[    0.002298]   DMA32    [mem 0x0000000001000000-0x000000007ffdffff]
[    0.002299]   Normal   empty
[    0.002300] Movable zone start for each node
[    0.002300] Early memory node ranges
[    0.002301]   node   0: [mem 0x0000000000001000-0x000000000009efff]
[    0.002301]   node   0: [mem 0x0000000000100000-0x000000007ffdffff]
[    0.002302] Initmem setup node 0 [mem 0x0000000000001000-0x000000007ffdffff]
[    0.002695] On node 0, zone DMA: 1 pages in unavailable ranges
[    0.002730] On node 0, zone DMA: 97 pages in unavailable ranges
[    0.020276] On node 0, zone DMA32: 32 pages in unavailable ranges
[    0.188426] kasan: KernelAddressSanitizer initialized
[    0.188619] ACPI: PM-Timer IO Port: 0x608
[    0.188628] ACPI: LAPIC_NMI (acpi_id[0xff] dfl dfl lint[0x1])
[    0.188654] IOAPIC[0]: apic_id 0, version 17, address 0xfec00000, GSI 0-23
[    0.188656] ACPI: INT_SRC_OVR (bus 0 bus_irq 0 global_irq 2 dfl dfl)
[    0.188657] ACPI: INT_SRC_OVR (bus 0 bus_irq 5 global_irq 5 high level)
[    0.188658] ACPI: INT_SRC_OVR (bus 0 bus_irq 9 global_irq 9 high level)
[    0.188659] ACPI: INT_SRC_OVR (bus 0 bus_irq 10 global_irq 10 high level)
[    0.188659] ACPI: INT_SRC_OVR (bus 0 bus_irq 11 global_irq 11 high level)
[    0.188662] ACPI: Using ACPI (MADT) for SMP configuration information
[    0.188662] ACPI: HPET id: 0x8086a201 base: 0xfed00000
[    0.188664] TSC deadline timer available
[    0.188666] CPU topo: Max. logical packages:   1
[    0.188667] CPU topo: Max. logical dies:       1
[    0.188668] CPU topo: Max. dies per package:   1
[    0.188669] CPU topo: Max. threads per core:   1
[    0.188670] CPU topo: Num. cores per package:     2
[    0.188671] CPU topo: Num. threads per package:   2
[    0.188671] CPU topo: Allowing 2 present CPUs plus 0 hotplug CPUs
[    0.188683] kvm-guest: APIC: eoi() replaced with kvm_guest_apic_eoi_write()
[    0.188695] kvm-guest: KVM setup pv remote TLB flush
[    0.188698] kvm-guest: setup PV sched yield
[    0.188703] PM: hibernation: Registered nosave memory: [mem 0x00000000-0x00000fff]
[    0.188704] PM: hibernation: Registered nosave memory: [mem 0x0009f000-0x0009ffff]
[    0.188704] PM: hibernation: Registered nosave memory: [mem 0x000a0000-0x000effff]
[    0.188705] PM: hibernation: Registered nosave memory: [mem 0x000f0000-0x000fffff]
[    0.188707] [mem 0x80000000-0xfeffbfff] available for PCI devices
[    0.188708] Booting paravirtualized kernel on KVM
[    0.188709] clocksource: refined-jiffies: mask: 0xffffffff max_cycles: 0xffffffff, max_idle_ns: 1910969940391419 ns
[    0.196528] setup_percpu: NR_CPUS:64 nr_cpumask_bits:2 nr_cpu_ids:2 nr_node_ids:1
[    0.197362] percpu: Embedded 68 pages/cpu s241384 r8192 d28952 u1048576
[    0.197391] Kernel command line: console=ttyS0 oops=panic nokaslr rdinit=/init
[    0.197434] random: crng init done
[    0.197532] Dentry cache hash table entries: 262144 (order: 9, 2097152 bytes, linear)
[    0.198142] Inode-cache hash table entries: 131072 (order: 8, 1048576 bytes, linear)
[    0.198175] Fallback order for Node 0: 0 
[    0.198177] Built 1 zonelists, mobility grouping on.  Total pages: 524158
[    0.198178] Policy zone: DMA32
[    0.198179] mem auto-init: stack:all(zero), heap alloc:off, heap free:off
[    0.198180] stackdepot: allocating hash table via alloc_large_system_hash
[    0.198181] stackdepot hash table entries: 1048576 (order: 12, 16777216 bytes, linear)
[    0.226977] Memory: 1680132K/2096632K available (51200K kernel code, 8388K rwdata, 10852K rodata, 5880K init, 1976K bss, 416244K reserved, 0K cma-reserved)
[    0.227097] SLUB: HWalign=64, Order=0-3, MinObjects=0, CPUs=2, Nodes=1
[    0.228114] Dynamic Preempt: voluntary
[    0.229904] rcu: Preemptible hierarchical RCU implementation.
[    0.229905] rcu: 	RCU event tracing is enabled.
[    0.229906] rcu: 	RCU restricting CPUs from NR_CPUS=64 to nr_cpu_ids=2.
[    0.229907] 	Trampoline variant of Tasks RCU enabled.
[    0.229908] rcu: RCU calculated value of scheduler-enlistment delay is 100 jiffies.
[    0.229909] rcu: Adjusting geometry for rcu_fanout_leaf=16, nr_cpu_ids=2
[    0.229920] RCU Tasks: Setting shift to 1 and lim to 1 rcu_task_cb_adjust=1.
[    0.235999] NR_IRQS: 4352, nr_irqs: 440, preallocated irqs: 16
[    0.236223] rcu: srcu_init: Setting srcu_struct sizes based on contention.
[    0.238420] Console: colour VGA+ 80x25
[    0.238446] printk: legacy console [ttyS0] enabled
[    0.277292] ACPI: Core revision 20240322
[    0.277635] clocksource: hpet: mask: 0xffffffff max_cycles: 0xffffffff, max_idle_ns: 19112604467 ns
[    0.278214] APIC: Switch to symmetric I/O mode setup
[    0.278500] kvm-guest: APIC: send_IPI_mask() replaced with kvm_send_ipi_mask()
[    0.278908] kvm-guest: APIC: send_IPI_mask_allbutself() replaced with kvm_send_ipi_mask_allbutself()
[    0.279430] kvm-guest: setup PV IPIs
[    0.280251] ..TIMER: vector=0x30 apic1=0 pin1=2 apic2=-1 pin2=-1
[    0.280606] clocksource: tsc-early: mask: 0xffffffffffffffff max_cycles: 0x2df10e7656b, max_idle_ns: 440795364873 ns
[    0.281222] Calibrating delay loop (skipped) preset value.. 6374.40 BogoMIPS (lpj=3187200)
[    0.281759] x86/cpu: User Mode Instruction Prevention (UMIP) activated
[    0.282170] Last level iTLB entries: 4KB 0, 2MB 0, 4MB 0
[    0.282220] Last level dTLB entries: 4KB 0, 2MB 0, 4MB 0, 1GB 0
[    0.282568] Spectre V1 : Mitigation: usercopy/swapgs barriers and __user pointer sanitization
[    0.283221] Spectre V2 : Spectre BHI mitigation: SW BHB clearing on vm exit
[    0.283622] Spectre V2 : Spectre BHI mitigation: SW BHB clearing on syscall
[    0.284027] Spectre V2 : Mitigation: Enhanced / Automatic IBRS
[    0.284219] Spectre V2 : Spectre v2 / SpectreRSB mitigation: Filling RSB on context switch
[    0.284679] Spectre V2 : Spectre v2 / PBRSB-eIBRS: Retire a single CALL on VMEXIT
[    0.285220] Spectre V2 : mitigation: Enabling conditional Indirect Branch Prediction Barrier
[    0.285691] Speculative Store Bypass: Mitigation: Speculative Store Bypass disabled via prctl
[    0.286220] MMIO Stale Data: Unknown: No mitigations
[    0.286499] Register File Data Sampling: Vulnerable: No microcode
[    0.286851] x86/fpu: Supporting XSAVE feature 0x001: 'x87 floating point registers'
[    0.287219] x86/fpu: Supporting XSAVE feature 0x002: 'SSE registers'
[    0.287598] x86/fpu: Supporting XSAVE feature 0x004: 'AVX registers'
[    0.287977] x86/fpu: Supporting XSAVE feature 0x200: 'Protection Keys User registers'
[    0.288219] x86/fpu: xstate_offset[2]:  576, xstate_sizes[2]:  256
[    0.288575] x86/fpu: xstate_offset[9]:  832, xstate_sizes[9]:    8
[    0.289219] x86/fpu: Enabled xstate features 0x207, context size is 840 bytes, using 'compacted' format.
[    0.305232] Freeing SMP alternatives memory: 48K
[    0.305520] pid_max: default: 32768 minimum: 301
[    0.305833] LSM: initializing lsm=capability,selinux
[    0.306134] SELinux:  Initializing.
[    0.306276] Mount-cache hash table entries: 4096 (order: 3, 32768 bytes, linear)
[    0.306711] Mountpoint-cache hash table entries: 4096 (order: 3, 32768 bytes, linear)
[    0.307599] smpboot: CPU0: Intel(R) Core(TM) i9-14900K (family: 0x6, model: 0xb7, stepping: 0x1)
[    0.308219] Performance Events: unsupported p6 CPU model 183 no PMU driver, software events only.
[    0.308246] signal: max sigframe size: 3632
[    0.308517] rcu: Hierarchical SRCU implementation.
[    0.308797] rcu: 	Max phase no-delay instances is 400.
[    0.309501] smp: Bringing up secondary CPUs ...
[    0.309886] smpboot: x86: Booting SMP configuration:
[    0.310173] .... node  #0, CPUs:      #1
[    0.310273] smp: Brought up 1 node, 2 CPUs
[    0.310701] smpboot: Total of 2 processors activated (12748.80 BogoMIPS)
[    0.312279] devtmpfs: initialized
[    0.314699] clocksource: jiffies: mask: 0xffffffff max_cycles: 0xffffffff, max_idle_ns: 1911260446275000 ns
[    0.315225] futex hash table entries: 512 (order: 3, 32768 bytes, linear)
[    0.315723] PM: RTC time: 14:18:09, date: 2026-05-05
[    0.316123] NET: Registered PF_NETLINK/PF_ROUTE protocol family
[    0.316407] audit: initializing netlink subsys (disabled)
[    0.317252] audit: type=2000 audit(1777990689.764:1): state=initialized audit_enabled=0 res=1
[    0.317402] thermal_sys: Registered thermal governor 'step_wise'
[    0.317727] thermal_sys: Registered thermal governor 'user_space'
[    0.318087] cpuidle: using governor menu
[    0.318641] PCI: Using configuration type 1 for base access
[    0.319001] kprobes: kprobe jump-optimization is enabled. All kprobes are optimized if possible.
[    0.320285] HugeTLB: registered 2.00 MiB page size, pre-allocated 0 pages
[    0.320678] HugeTLB: 28 KiB vmemmap can be freed for a 2.00 MiB page
[    0.321124] Demotion targets for Node 0: null
[    0.321347] ACPI: Added _OSI(Module Device)
[    0.321592] ACPI: Added _OSI(Processor Device)
[    0.321850] ACPI: Added _OSI(3.0 _SCP Extensions)
[    0.322121] ACPI: Added _OSI(Processor Aggregator Device)
[    0.329608] ACPI: 1 ACPI AML tables successfully acquired and loaded
[    0.330779] ACPI: _OSC evaluation for CPUs failed, trying _PDC
[    0.331706] ACPI: Interpreter enabled
[    0.331951] ACPI: PM: (supports S0 S3 S4 S5)
[    0.332201] ACPI: Using IOAPIC for interrupt routing
[    0.332244] PCI: Using host bridge windows from ACPI; if necessary, use "pci=nocrs" and report a bug
[    0.332767] PCI: Using E820 reservations for host bridge windows
[    0.333436] ACPI: Enabled 2 GPEs in block 00 to 0F
[    0.344305] ACPI: PCI Root Bridge [PCI0] (domain 0000 [bus 00-ff])
[    0.344676] acpi PNP0A03:00: _OSC: OS supports [ASPM ClockPM Segments MSI HPX-Type3]
[    0.345125] acpi PNP0A03:00: _OSC: not requesting OS control; OS requires [ExtendedConfig ASPM ClockPM MSI]
[    0.345268] acpi PNP0A03:00: fail to add MMCONFIG information, can't access extended configuration space under this bridge
[    0.346049] PCI host bridge to bus 0000:00
[    0.346221] pci_bus 0000:00: root bus resource [io  0x0000-0x0cf7 window]
[    0.346615] pci_bus 0000:00: root bus resource [io  0x0d00-0xffff window]
[    0.347008] pci_bus 0000:00: root bus resource [mem 0x000a0000-0x000bffff window]
[    0.347221] pci_bus 0000:00: root bus resource [mem 0x80000000-0xfebfffff window]
[    0.347653] pci_bus 0000:00: root bus resource [mem 0x100000000-0x17fffffff window]
[    0.348097] pci_bus 0000:00: root bus resource [bus 00-ff]
[    0.348266] pci 0000:00:00.0: [8086:1237] type 00 class 0x060000 conventional PCI endpoint
[    0.352489] pci 0000:00:01.0: [8086:7000] type 00 class 0x060100 conventional PCI endpoint
[    0.356718] pci 0000:00:01.1: [8086:7010] type 00 class 0x010180 conventional PCI endpoint
[    0.358037] pci 0000:00:01.1: BAR 4 [io  0xc040-0xc04f]
[    0.358591] pci 0000:00:01.1: BAR 0 [io  0x01f0-0x01f7]: legacy IDE quirk
[    0.358982] pci 0000:00:01.1: BAR 1 [io  0x03f6]: legacy IDE quirk
[    0.359220] pci 0000:00:01.1: BAR 2 [io  0x0170-0x0177]: legacy IDE quirk
[    0.359610] pci 0000:00:01.1: BAR 3 [io  0x0376]: legacy IDE quirk
[    0.360108] pci 0000:00:01.3: [8086:7113] type 00 class 0x068000 conventional PCI endpoint
[    0.360447] pci 0000:00:01.3: quirk: [io  0x0600-0x063f] claimed by PIIX4 ACPI
[    0.360868] pci 0000:00:01.3: quirk: [io  0x0700-0x070f] claimed by PIIX4 SMB
[    0.361368] pci 0000:00:02.0: [1234:1111] type 00 class 0x030000 conventional PCI endpoint
[    0.362225] pci 0000:00:02.0: BAR 0 [mem 0xfd000000-0xfdffffff pref]
[    0.363215] pci 0000:00:02.0: BAR 2 [mem 0xfebf0000-0xfebf0fff]
[    0.364628] pci 0000:00:02.0: ROM [mem 0xfebe0000-0xfebeffff pref]
[    0.365033] pci 0000:00:02.0: Video device with shadowed ROM at [mem 0x000c0000-0x000dffff]
[    0.368827] pci 0000:00:03.0: [8086:100e] type 00 class 0x020000 conventional PCI endpoint
[    0.369534] pci 0000:00:03.0: BAR 0 [mem 0xfebc0000-0xfebdffff]
[    0.370138] pci 0000:00:03.0: BAR 1 [io  0xc000-0xc03f]
[    0.371522] pci 0000:00:03.0: ROM [mem 0xfeb80000-0xfebbffff pref]
[    0.376390] ACPI: PCI: Interrupt link LNKA configured for IRQ 10
[    0.377089] ACPI: PCI: Interrupt link LNKB configured for IRQ 10
[    0.377561] ACPI: PCI: Interrupt link LNKC configured for IRQ 11
[    0.378467] ACPI: PCI: Interrupt link LNKD configured for IRQ 11
[    0.379254] ACPI: PCI: Interrupt link LNKS configured for IRQ 9
[    0.380509] iommu: Default domain type: Translated
[    0.380794] iommu: DMA domain TLB invalidation policy: lazy mode
[    0.381305] SCSI subsystem initialized
[    0.381557] ACPI: bus type USB registered
[    0.381566] usbcore: registered new interface driver usbfs
[    0.382234] usbcore: registered new interface driver hub
[    0.382554] usbcore: registered new device driver usb
[    0.382885] pps_core: LinuxPPS API ver. 1 registered
[    0.383174] pps_core: Software ver. 5.3.6 - Copyright 2005-2007 Rodolfo Giometti <giometti@linux.it>
[    0.383226] PTP clock support registered
[    0.383491] Advanced Linux Sound Architecture Driver Initialized.
[    0.384250] NetLabel: Initializing
[    0.384452] NetLabel:  domain hash size = 128
[    0.384706] NetLabel:  protocols = UNLABELED CIPSOv4 CALIPSO
[    0.385067] NetLabel:  unlabeled traffic allowed by default
[    0.385250] PCI: Using ACPI for IRQ routing
[    0.385548] pci 0000:00:02.0: vgaarb: setting as boot VGA device
[    0.385592] pci 0000:00:02.0: vgaarb: bridge control possible
[    0.385930] pci 0000:00:02.0: vgaarb: VGA device added: decodes=io+mem,owns=io+mem,locks=none
[    0.386220] vgaarb: loaded
[    0.386429] hpet0: at MMIO 0xfed00000, IRQs 2, 8, 0
[    0.386718] hpet0: 3 comparators, 64-bit 100.000000 MHz counter
[    0.389253] clocksource: Switched to clocksource kvm-clock
[    0.389762] VFS: Disk quotas dquot_6.6.0
[    0.389998] VFS: Dquot-cache hash table entries: 512 (order 0, 4096 bytes)
[    0.390634] pnp: PnP ACPI init
[    0.393086] pnp: PnP ACPI: found 6 devices
[    0.400785] clocksource: acpi_pm: mask: 0xffffff max_cycles: 0xffffff, max_idle_ns: 2085701024 ns
[    0.401349] NET: Registered PF_INET protocol family
[    0.401681] IP idents hash table entries: 32768 (order: 6, 262144 bytes, linear)
[    0.402459] tcp_listen_portaddr_hash hash table entries: 1024 (order: 2, 16384 bytes, linear)
[    0.402963] Table-perturb hash table entries: 65536 (order: 6, 262144 bytes, linear)
[    0.403442] TCP established hash table entries: 16384 (order: 5, 131072 bytes, linear)
[    0.403920] TCP bind hash table entries: 16384 (order: 7, 524288 bytes, linear)
[    0.405916] TCP: Hash tables configured (established 16384 bind 16384)
[    0.406330] UDP hash table entries: 1024 (order: 3, 32768 bytes, linear)
[    0.406722] UDP-Lite hash table entries: 1024 (order: 3, 32768 bytes, linear)
[    0.407193] NET: Registered PF_UNIX/PF_LOCAL protocol family
[    0.407708] RPC: Registered named UNIX socket transport module.
[    0.408056] RPC: Registered udp transport module.
[    0.408330] RPC: Registered tcp transport module.
[    0.408604] RPC: Registered tcp-with-tls transport module.
[    0.408921] RPC: Registered tcp NFSv4.1 backchannel transport module.
[    0.409599] pci_bus 0000:00: resource 4 [io  0x0000-0x0cf7 window]
[    0.409958] pci_bus 0000:00: resource 5 [io  0x0d00-0xffff window]
[    0.410318] pci_bus 0000:00: resource 6 [mem 0x000a0000-0x000bffff window]
[    0.410717] pci_bus 0000:00: resource 7 [mem 0x80000000-0xfebfffff window]
[    0.411115] pci_bus 0000:00: resource 8 [mem 0x100000000-0x17fffffff window]
[    0.411602] pci 0000:00:01.0: PIIX3: Enabling Passive Release
[    0.411940] pci 0000:00:00.0: Limiting direct PCI/PCI transfers
[    0.412314] PCI: CLS 0 bytes, default 64
[    0.412609] RAPL PMU: API unit is 2^-32 Joules, 0 fixed counters, 10737418240 ms ovfl timer
[    0.412671] Unpacking initramfs...
[    0.413100] clocksource: tsc: mask: 0xffffffffffffffff max_cycles: 0x2df10e7656b, max_idle_ns: 440795364873 ns
[    0.417981] Initialise system trusted keyrings
[    0.418301] workingset: timestamp_bits=56 max_order=19 bucket_order=0
[    0.419065] NFS: Registering the id_resolver key type
[    0.419367] Key type id_resolver registered
[    0.419614] Key type id_legacy registered
[    0.419895] 9p: Installing v9fs 9p2000 file system support
[    0.426575] Key type asymmetric registered
[    0.426855] Asymmetric key parser 'x509' registered
[    0.427166] Block layer SCSI generic (bsg) driver version 0.4 loaded (major 251)
[    0.427299] Freeing initrd memory: 1348K
[    0.427611] io scheduler mq-deadline registered
[    0.428102] io scheduler kyber registered
[    0.428498] input: Power Button as /devices/LNXSYSTM:00/LNXPWRBN:00/input/input0
[    0.429022] ACPI: button: Power Button [PWRF]
[    0.429553] Serial: 8250/16550 driver, 4 ports, IRQ sharing enabled
[    0.430078] 00:04: ttyS0 at I/O 0x3f8 (irq = 4, base_baud = 115200) is a 16550A
[    0.432044] Non-volatile memory driver v1.3
[    0.432294] Linux agpgart interface v0.103
[    0.432609] ACPI: bus type drm_connector registered
[    0.435139] loop: module loaded
[    0.437508] scsi host0: ata_piix
[    0.437904] scsi host1: ata_piix
[    0.438201] ata1: PATA max MWDMA2 cmd 0x1f0 ctl 0x3f6 bmdma 0xc040 irq 14 lpm-pol 0
[    0.438651] ata2: PATA max MWDMA2 cmd 0x170 ctl 0x376 bmdma 0xc048 irq 15 lpm-pol 0
[    0.439526] e100: Intel(R) PRO/100 Network Driver
[    0.439804] e100: Copyright(c) 1999-2006 Intel Corporation
[    0.440136] e1000: Intel(R) PRO/1000 Network Driver
[    0.440422] e1000: Copyright (c) 1999-2006 Intel Corporation.
[    0.598193] ata2: found unknown device (class 0)
[    0.598924] ata2.00: ATAPI: QEMU DVD-ROM, 2.5+, max UDMA/100
[    0.599936] scsi 1:0:0:0: CD-ROM            QEMU     QEMU DVD-ROM     2.5+ PQ: 0 ANSI: 5
[    0.610294] sr 1:0:0:0: [sr0] scsi3-mmc drive: 4x/4x cd/rw xa/form2 tray
[    0.610684] cdrom: Uniform CD-ROM driver Revision: 3.20
[    0.619741] sr 1:0:0:0: Attached scsi generic sg0 type 5
[    0.740273] ACPI: \_SB_.LNKC: Enabled at IRQ 11
[    1.028597] e1000 0000:00:03.0 eth0: (PCI:33MHz:32-bit) 52:54:00:12:34:56
[    1.029004] e1000 0000:00:03.0 eth0: Intel(R) PRO/1000 Network Connection
[    1.029430] e1000e: Intel(R) PRO/1000 Network Driver
[    1.029722] e1000e: Copyright(c) 1999 - 2015 Intel Corporation.
[    1.030087] sky2: driver version 1.30
[    1.030538] usbcore: registered new interface driver usblp
[    1.030869] usbcore: registered new interface driver usb-storage
[    1.031275] i8042: PNP: PS/2 Controller [PNP0303:KBD,PNP0f13:MOU] at 0x60,0x64 irq 1,12
[    1.032187] serio: i8042 KBD port at 0x60,0x64 irq 1
[    1.032483] serio: i8042 AUX port at 0x60,0x64 irq 12
[    1.032968] rtc_cmos 00:05: RTC can wake from S4
[    1.034128] rtc_cmos 00:05: registered as rtc0
[    1.034482] rtc_cmos 00:05: alarms up to one day, y3k, 242 bytes nvram, hpet irqs
[    1.035108] device-mapper: ioctl: 4.48.0-ioctl (2023-03-01) initialised: dm-devel@lists.linux.dev
[    1.035630] intel_pstate: CPU model not supported
[    1.035931] hid: raw HID events driver (C) Jiri Kosina
[    1.036452] usbcore: registered new interface driver usbhid
[    1.036777] usbhid: USB HID core driver
[    1.038224] Initializing XFRM netlink socket
[    1.038511] NET: Registered PF_INET6 protocol family
[    1.040221] Segment Routing with IPv6
[    1.040458] In-situ OAM (IOAM) with IPv6
[    1.040732] sit: IPv6, IPv4 and MPLS over IPv4 tunneling driver
[    1.041299] NET: Registered PF_PACKET protocol family
[    1.041631] 9pnet: Installing 9P2000 support
[    1.041902] Key type dns_resolver registered
[    1.042427] IPI shorthand broadcast: enabled
[    1.051972] sched_clock: Marking stable (1009000870, 41990720)->(1061763272, -10771682)
[    1.052861] Timer migration: 1 hierarchy levels; 8 children per group; 1 crossnode level
[    1.053397] registered taskstats version 1
[    1.053640] Loading compiled-in X.509 certificates
[    1.061994] Demotion targets for Node 0: null
[    1.062383] PM:   Magic number: 10:125:333
[    1.062641] tty tty54: hash matches
[    1.062868] printk: legacy console [netcon0] enabled
[    1.063233] netconsole: network logging started
[    1.063582] cfg80211: Loading compiled-in X.509 certificates for regulatory database
[    1.064367] kworker/u8:1 (55) used greatest stack depth: 29616 bytes left
[    1.065159] Loaded X.509 cert 'sforshee: 00b28ddf47aef9cea7'
[    1.065965] Loaded X.509 cert 'wens: 61c038651aabdcf94bd0ac7ff06c7248db18c600'
[    1.066405] ALSA device list:
[    1.066586]   No soundcards found.
[    1.067047] platform regulatory.0: Direct firmware load for regulatory.db failed with error -2
[    1.067378] cfg80211: failed to load regulatory.db
[    1.068112] Freeing unused kernel image (initmem) memory: 5880K
[    1.068352] Write protecting the kernel read-only data: 63488k
[    1.068856] Freeing unused kernel image (rodata/data gap) memory: 1436K
[    1.076516] x86/mm: Checked W+X mappings: passed, no W+X pages found.
[    1.076810] Run /init as init process
[    1.077530] mkdir (58) used greatest stack depth: 28416 bytes left
[    1.084954] busybox (64) used greatest stack depth: 27992 bytes left

secb: rootfs ready
---- poc begin ----
poc: starting CVE-2024-41010 trigger
poc: entered user+net namespace (CAP_NET_ADMIN)
poc: lo up
poc: added first ingress qdisc (tcx_entry allocated)
poc: added second ingress qdisc via mismatched handle (tcx_entry freed, new qdisc holds dangling miniq pointer)
[    1.654528] input: ImExPS/2 Generic Explorer Mouse as /devices/platform/i8042/serio1/input/input2
[    1.655326] input: AT Translated Set 2 keyboard as /devices/platform/i8042/serio0/input/input3
[    8.088877] ==================================================================
[    8.090468] BUG: KASAN: slab-use-after-free in mini_qdisc_pair_swap+0x14e/0x1a0
[    8.092008] Read of size 8 at addr ffff88800a197000 by task poc/65
[    8.093271] 
[    8.093625] CPU: 1 PID: 65 Comm: poc Not tainted 6.10.0-rc6-00166-g83c36e7cfd74-dirty #1
[    8.095253] Hardware name: QEMU Standard PC (i440FX + PIIX, 1996), BIOS 1.16.2-debian-1.16.2-1 04/01/2014
[    8.097181] Call Trace:
[    8.097716]  <TASK>
[    8.098174]  dump_stack_lvl+0x53/0x70
[    8.098948]  print_report+0xce/0x660
[    8.099708]  ? mini_qdisc_pair_swap+0x14e/0x1a0
[    8.100652]  kasan_report+0xc6/0x100
[    8.101406]  ? mini_qdisc_pair_swap+0x14e/0x1a0
[    8.102344]  mini_qdisc_pair_swap+0x14e/0x1a0
[    8.103255]  ? __pfx_mutex_lock+0x10/0x10
[    8.104093]  ? __pfx_clsact_chain_head_change+0x10/0x10
[    8.105090]  tcf_chain0_head_change.isra.0+0x92/0xf0
[    8.106043]  tc_new_tfilter+0x17a2/0x1ee0
[    8.106817]  ? __is_insn_slot_addr+0x86/0xd0
[    8.107764]  ? __pfx_tc_new_tfilter+0x10/0x10
[    8.108610]  ? avc_has_perm_noaudit+0x8e/0x140
[    8.109473]  ? arch_stack_walk+0xa7/0x100
[    8.109964]  ? stack_depot_save_flags+0x28/0x6c0
[    8.110526]  ? security_capable+0x6c/0xb0
[    8.111010]  ? __pfx_tc_new_tfilter+0x10/0x10
[    8.111538]  rtnetlink_rcv_msg+0x72b/0xa40
[    8.112033]  ? __pfx_rtnetlink_rcv_msg+0x10/0x10
[    8.112593]  netlink_rcv_skb+0x12f/0x370
[    8.113066]  ? __pfx_rtnetlink_rcv_msg+0x10/0x10
[    8.113629]  ? __pfx_netlink_rcv_skb+0x10/0x10
[    8.114164]  ? __pfx___netlink_lookup+0x10/0x10
[    8.114712]  ? kmem_cache_alloc_node_noprof+0xf5/0x280
[    8.115326]  netlink_unicast+0x5c0/0x820
[    8.115935]  ? __pfx_netlink_unicast+0x10/0x10
[    8.116624]  netlink_sendmsg+0x75c/0xc00
[    8.117226]  ? __pfx_netlink_sendmsg+0x10/0x10
[    8.117915]  __sys_sendto+0x39c/0x410
[    8.118488]  ? __pfx___sys_sendto+0x10/0x10
[    8.119126]  ? hrtimer_nanosleep+0x162/0x480
[    8.119794]  ? get_timespec64+0x81/0x170
[    8.120406]  ? ksys_write+0xf9/0x1d0
[    8.120909]  ? __pfx___x64_sys_clock_nanosleep+0x10/0x10
[    8.121580]  __x64_sys_sendto+0xdb/0x1b0
[    8.122081]  ? clear_bhb_loop+0x55/0xb0
[    8.122575]  ? clear_bhb_loop+0x55/0xb0
[    8.123064]  ? clear_bhb_loop+0x55/0xb0
[    8.123559]  do_syscall_64+0xa6/0x1a0
[    8.124029]  entry_SYSCALL_64_after_hwframe+0x77/0x7f
[    8.124673] RIP: 0033:0x43b8e3
[    8.125071] Code: 64 89 02 48 c7 c0 ff ff ff ff eb b7 66 2e 0f 1f 84 00 00 00 00 00 90 80 3d a1 07 07 00 00 41 89 ca 74 14 b8 2c 00 00 00 0f 05 <48> 3d 00 f0 ff ff 77 75 c3 0f 1f 40 00 55 48 83 ec 30 44 89 4c 24
[    8.127039] RSP: 002b:00007ffdb2672608 EFLAGS: 00000202 ORIG_RAX: 000000000000002c
[    8.127582] RAX: ffffffffffffffda RBX: 0000000000000003 RCX: 000000000043b8e3
[    8.128087] RDX: 0000000000000034 RSI: 00007ffdb2673640 RDI: 0000000000000003
[    8.128594] RBP: 000000000047f086 R08: 00007ffdb2672614 R09: 000000000000000c
[    8.129099] R10: 0000000000000000 R11: 0000000000000202 R12: 0000000000000001
[    8.129607] R13: 0000000000000001 R14: 0000000000000001 R15: 0000000000000001
[    8.130112]  </TASK>
[    8.130278] 
[    8.130401] Allocated by task 65:
[    8.130646]  kasan_save_stack+0x33/0x60
[    8.130925]  kasan_save_track+0x14/0x30
[    8.131204]  __kasan_kmalloc+0x8f/0xa0
[    8.131480]  ingress_init+0x272/0x720
[    8.131747]  qdisc_create+0x42c/0xef0
[    8.132018]  tc_modify_qdisc+0xa6a/0x1920
[    8.132193]  rtnetlink_rcv_msg+0x365/0xa40
[    8.132375]  netlink_rcv_skb+0x12f/0x370
[    8.132548]  netlink_unicast+0x5c0/0x820
[    8.132720]  netlink_sendmsg+0x75c/0xc00
[    8.132892]  __sys_sendto+0x39c/0x410
[    8.133055]  __x64_sys_sendto+0xdb/0x1b0
[    8.133227]  do_syscall_64+0xa6/0x1a0
[    8.133390]  entry_SYSCALL_64_after_hwframe+0x77/0x7f
[    8.133609] 
[    8.133682] Freed by task 23:
[    8.133816]  kasan_save_stack+0x33/0x60
[    8.133985]  kasan_save_track+0x14/0x30
[    8.134153]  kasan_save_free_info+0x3b/0x60
[    8.134336]  poison_slab_object+0x109/0x170
[    8.134520]  __kasan_slab_free+0x14/0x30
[    8.134692]  kmem_cache_free_bulk+0x127/0x280
[    8.134884]  kvfree_rcu_bulk+0x3a1/0x5f0
[    8.135057]  kfree_rcu_work+0x2d1/0x580
[    8.135225]  process_one_work+0x5bc/0xfe0
[    8.135404]  worker_thread+0x772/0x13b0
[    8.135573]  kthread+0x23e/0x2f0
[    8.135718]  ret_from_fork+0x2c/0x70
[    8.135877]  ret_from_fork_asm+0x1a/0x30
[    8.136050] 
[    8.136122] Last potentially related work creation:
[    8.136334]  kasan_save_stack+0x33/0x60
[    8.136504]  __kasan_record_aux_stack+0x8e/0xa0
[    8.136702]  kvfree_call_rcu+0x29/0x940
[    8.136871]  ingress_destroy+0x26e/0x3e0
[    8.137043]  __qdisc_destroy+0xda/0x260
[    8.137212]  qdisc_graft+0x575/0x13e0
[    8.137375]  tc_modify_qdisc+0x478/0x1920
[    8.137551]  rtnetlink_rcv_msg+0x365/0xa40
[    8.137730]  netlink_rcv_skb+0x12f/0x370
[    8.137891]  netlink_unicast+0x5c0/0x820
[    8.138046]  netlink_sendmsg+0x75c/0xc00
[    8.138200]  __sys_sendto+0x39c/0x410
[    8.138346]  __x64_sys_sendto+0xdb/0x1b0
[    8.138501]  do_syscall_64+0xa6/0x1a0
[    8.138646]  entry_SYSCALL_64_after_hwframe+0x77/0x7f
[    8.138842] 
[    8.138903] The buggy address belongs to the object at ffff88800a197000
[    8.138903]  which belongs to the cache kmalloc-2k of size 2048
[    8.139376] The buggy address is located 0 bytes inside of
[    8.139376]  freed 2048-byte region [ffff88800a197000, ffff88800a197800)
[    8.139835] 
[    8.139901] The buggy address belongs to the physical page:
[    8.140117] page: refcount:1 mapcount:0 mapping:0000000000000000 index:0x0 pfn:0xa190
[    8.140418] head: order:3 mapcount:0 entire_mapcount:0 nr_pages_mapped:0 pincount:0
[    8.140710] flags: 0x100000000000040(head|node=0|zone=1)
[    8.140916] page_type: 0xffffefff(slab)
[    8.141069] raw: 0100000000000040 ffff888006842000 dead000000000122 0000000000000000
[    8.141365] raw: 0000000000000000 0000000000080008 00000001ffffefff 0000000000000000
[    8.141663] head: 0100000000000040 ffff888006842000 dead000000000122 0000000000000000
[    8.141961] head: 0000000000000000 0000000000080008 00000001ffffefff 0000000000000000
[    8.142260] head: 0100000000000003 ffffea0000286401 ffffffffffffffff 0000000000000000
[    8.142561] head: 0000000000000008 0000000000000000 00000000ffffffff 0000000000000000
[    8.142860] page dumped because: kasan: bad access detected
[    8.143074] 
[    8.143140] Memory state around the buggy address:
[    8.143327]  ffff88800a196f00: fc fc fc fc fc fc fc fc fc fc fc fc fc fc fc fc
[    8.143605]  ffff88800a196f80: fc fc fc fc fc fc fc fc fc fc fc fc fc fc fc fc
[    8.143883] >ffff88800a197000: fa fb fb fb fb fb fb fb fb fb fb fb fb fb fb fb
[    8.144160]                    ^
[    8.144289]  ffff88800a197080: fb fb fb fb fb fb fb fb fb fb fb fb fb fb fb fb
[    8.144567]  ffff88800a197100: fb fb fb fb fb fb fb fb fb fb fb fb fb fb fb fb
[    8.144844] ==================================================================
[    8.145150] Disabling lock debugging due to kernel taint
poc: added ingress filter (UAF dereference in mini_qdisc_pair_swap)
poc: done (if KASAN/panic_on_warn didn't fire, the kernel is patched)
[    8.146101] poc (65) used greatest stack depth: 26440 bytes left
---- poc end rc=0 ----
secb: poc exited without crashing the kernel
[    9.398296] ACPI: PM: Preparing to enter system sleep state S5
[    9.398582] reboot: Power down
CONFIRMED: KASAN_UAF
