bash: warning: setlocale: LC_ALL: cannot change locale (en_US.UTF-8)
c[?7l[2J[0mSeaBIOS (version 1.16.2-debian-1.16.2-1)


iPXE (http://ipxe.org) 00:03.0 CA00 PCI2.10 PnP PMM+7EFCEF00+7EF0EF00 CA00
Press Ctrl-B to configure iPXE (PCI 00:03.0)...                                                                               


Booting from ROM..c[?7l[2J[    0.000000] Linux version 6.10.0-rc6-00168-g764936df4611-dirty (root@buildkitsandbox) (gcc (Debian 12.2.0-14+deb12u1) 12.2.0, GNU ld (GNU Binutils for Debian) 2.40) #2 SMP PREEMPT_DYNAMIC Tue May  5 14:19:05 UTC 2026
[    0.000000] Command line: console=ttyS0 oops=panic nokaslr rdinit=/init
[    0.000000] BIOS-provided physical RAM map:
[    0.000000] BIOS-e820: [mem 0x0000000000000000-0x000000000009fbff] usable
[    0.000000] BIOS-e820: [mem 0x000000000009fc00-0x000000000009ffff] reserved
[    0.000000] BIOS-e820: [mem 0x00000000000f0000-0x00000000000fffff] reserved
[    0.000000] BIOS-e820: [mem 0x0000000000100000-0x000000007ffdffff] usable
[    0.000000] BIOS-e820: [mem 0x000000007ffe0000-0x000000007fffffff] reserved
[    0.000000] BIOS-e820: [mem 0x00000000feffc000-0x00000000feffffff] reserved
[    0.000000] BIOS-e820: [mem 0x00000000fffc0000-0x00000000ffffffff] reserved
[    0.000000] NX (Execute Disable) protection: active
[    0.000000] APIC: Static calls initialized
[    0.000000] SMBIOS 2.8 present.
[    0.000000] DMI: QEMU Standard PC (i440FX + PIIX, 1996), BIOS 1.16.2-debian-1.16.2-1 04/01/2014
[    0.000000] DMI: Memory slots populated: 1/1
[    0.000000] Hypervisor detected: KVM
[    0.000000] kvm-clock: Using msrs 4b564d01 and 4b564d00
[    0.000000] kvm-clock: using sched offset of 283108268 cycles
[    0.000002] clocksource: kvm-clock: mask: 0xffffffffffffffff max_cycles: 0x1cd42e4dffb, max_idle_ns: 881590591483 ns
[    0.000004] tsc: Detected 3187.200 MHz processor
[    0.000322] last_pfn = 0x7ffe0 max_arch_pfn = 0x400000000
[    0.000340] MTRR map: 4 entries (3 fixed + 1 variable; max 19), built from 8 variable MTRRs
[    0.000342] x86/PAT: Configuration [0-7]: WB  WC  UC- UC  WB  WP  UC- WT  
[    0.003270] found SMP MP-table at [mem 0x000f5ba0-0x000f5baf]
[    0.003275] Using GB pages for direct mapping
[    0.003276] Incomplete global flushes, disabling PCID
[    0.003354] RAMDISK: [mem 0x7fe8f000-0x7ffdffff]
[    0.003359] ACPI: Early table checksum verification disabled
[    0.003361] ACPI: RSDP 0x00000000000F59D0 000014 (v00 BOCHS )
[    0.003364] ACPI: RSDT 0x000000007FFE1B33 000034 (v01 BOCHS  BXPC     00000001 BXPC 00000001)
[    0.003369] ACPI: FACP 0x000000007FFE19DF 000074 (v01 BOCHS  BXPC     00000001 BXPC 00000001)
[    0.003374] ACPI: DSDT 0x000000007FFE0040 00199F (v01 BOCHS  BXPC     00000001 BXPC 00000001)
[    0.003377] ACPI: FACS 0x000000007FFE0000 000040
[    0.003379] ACPI: APIC 0x000000007FFE1A53 000080 (v01 BOCHS  BXPC     00000001 BXPC 00000001)
[    0.003381] ACPI: HPET 0x000000007FFE1AD3 000038 (v01 BOCHS  BXPC     00000001 BXPC 00000001)
[    0.003383] ACPI: WAET 0x000000007FFE1B0B 000028 (v01 BOCHS  BXPC     00000001 BXPC 00000001)
[    0.003385] ACPI: Reserving FACP table memory at [mem 0x7ffe19df-0x7ffe1a52]
[    0.003386] ACPI: Reserving DSDT table memory at [mem 0x7ffe0040-0x7ffe19de]
[    0.003387] ACPI: Reserving FACS table memory at [mem 0x7ffe0000-0x7ffe003f]
[    0.003387] ACPI: Reserving APIC table memory at [mem 0x7ffe1a53-0x7ffe1ad2]
[    0.003388] ACPI: Reserving HPET table memory at [mem 0x7ffe1ad3-0x7ffe1b0a]
[    0.003388] ACPI: Reserving WAET table memory at [mem 0x7ffe1b0b-0x7ffe1b32]
[    0.003611] No NUMA configuration found
[    0.003612] Faking a node at [mem 0x0000000000000000-0x000000007ffdffff]
[    0.003614] NODE_DATA(0) allocated [mem 0x7fe8b000-0x7fe8efff]
[    0.003621] Zone ranges:
[    0.003622]   DMA      [mem 0x0000000000001000-0x0000000000ffffff]
[    0.003624]   DMA32    [mem 0x0000000001000000-0x000000007ffdffff]
[    0.003625]   Normal   empty
[    0.003626] Movable zone start for each node
[    0.003627] Early memory node ranges
[    0.003627]   node   0: [mem 0x0000000000001000-0x000000000009efff]
[    0.003628]   node   0: [mem 0x0000000000100000-0x000000007ffdffff]
[    0.003629] Initmem setup node 0 [mem 0x0000000000001000-0x000000007ffdffff]
[    0.004389] On node 0, zone DMA: 1 pages in unavailable ranges
[    0.004426] On node 0, zone DMA: 97 pages in unavailable ranges
[    0.057543] On node 0, zone DMA32: 32 pages in unavailable ranges
[    0.339697] kasan: KernelAddressSanitizer initialized
[    0.339905] ACPI: PM-Timer IO Port: 0x608
[    0.339915] ACPI: LAPIC_NMI (acpi_id[0xff] dfl dfl lint[0x1])
[    0.339943] IOAPIC[0]: apic_id 0, version 17, address 0xfec00000, GSI 0-23
[    0.339945] ACPI: INT_SRC_OVR (bus 0 bus_irq 0 global_irq 2 dfl dfl)
[    0.339947] ACPI: INT_SRC_OVR (bus 0 bus_irq 5 global_irq 5 high level)
[    0.339948] ACPI: INT_SRC_OVR (bus 0 bus_irq 9 global_irq 9 high level)
[    0.339948] ACPI: INT_SRC_OVR (bus 0 bus_irq 10 global_irq 10 high level)
[    0.339949] ACPI: INT_SRC_OVR (bus 0 bus_irq 11 global_irq 11 high level)
[    0.339952] ACPI: Using ACPI (MADT) for SMP configuration information
[    0.339953] ACPI: HPET id: 0x8086a201 base: 0xfed00000
[    0.339955] TSC deadline timer available
[    0.339957] CPU topo: Max. logical packages:   1
[    0.339958] CPU topo: Max. logical dies:       1
[    0.339959] CPU topo: Max. dies per package:   1
[    0.339961] CPU topo: Max. threads per core:   1
[    0.339962] CPU topo: Num. cores per package:     2
[    0.339962] CPU topo: Num. threads per package:   2
[    0.339962] CPU topo: Allowing 2 present CPUs plus 0 hotplug CPUs
[    0.339976] kvm-guest: APIC: eoi() replaced with kvm_guest_apic_eoi_write()
[    0.339989] kvm-guest: KVM setup pv remote TLB flush
[    0.339992] kvm-guest: setup PV sched yield
[    0.339997] PM: hibernation: Registered nosave memory: [mem 0x00000000-0x00000fff]
[    0.339998] PM: hibernation: Registered nosave memory: [mem 0x0009f000-0x0009ffff]
[    0.339999] PM: hibernation: Registered nosave memory: [mem 0x000a0000-0x000effff]
[    0.339999] PM: hibernation: Registered nosave memory: [mem 0x000f0000-0x000fffff]
[    0.340001] [mem 0x80000000-0xfeffbfff] available for PCI devices
[    0.340002] Booting paravirtualized kernel on KVM
[    0.340004] clocksource: refined-jiffies: mask: 0xffffffff max_cycles: 0xffffffff, max_idle_ns: 1910969940391419 ns
[    0.348322] setup_percpu: NR_CPUS:64 nr_cpumask_bits:2 nr_cpu_ids:2 nr_node_ids:1
[    0.349336] percpu: Embedded 68 pages/cpu s241384 r8192 d28952 u1048576
[    0.349367] Kernel command line: console=ttyS0 oops=panic nokaslr rdinit=/init
[    0.349408] random: crng init done
[    0.350059] Dentry cache hash table entries: 262144 (order: 9, 2097152 bytes, linear)
[    0.350767] Inode-cache hash table entries: 131072 (order: 8, 1048576 bytes, linear)
[    0.350809] Fallback order for Node 0: 0 
[    0.350812] Built 1 zonelists, mobility grouping on.  Total pages: 524158
[    0.350813] Policy zone: DMA32
[    0.350814] mem auto-init: stack:all(zero), heap alloc:off, heap free:off
[    0.350815] stackdepot: allocating hash table via alloc_large_system_hash
[    0.350816] stackdepot hash table entries: 1048576 (order: 12, 16777216 bytes, linear)
[    0.560539] Memory: 1680132K/2096632K available (51200K kernel code, 8388K rwdata, 10852K rodata, 5876K init, 1980K bss, 416244K reserved, 0K cma-reserved)
[    0.560672] SLUB: HWalign=64, Order=0-3, MinObjects=0, CPUs=2, Nodes=1
[    0.561744] Dynamic Preempt: voluntary
[    0.562191] rcu: Preemptible hierarchical RCU implementation.
[    0.562192] rcu: 	RCU event tracing is enabled.
[    0.562193] rcu: 	RCU restricting CPUs from NR_CPUS=64 to nr_cpu_ids=2.
[    0.562195] 	Trampoline variant of Tasks RCU enabled.
[    0.562195] rcu: RCU calculated value of scheduler-enlistment delay is 100 jiffies.
[    0.562196] rcu: Adjusting geometry for rcu_fanout_leaf=16, nr_cpu_ids=2
[    0.562207] RCU Tasks: Setting shift to 1 and lim to 1 rcu_task_cb_adjust=1.
[    0.568541] NR_IRQS: 4352, nr_irqs: 440, preallocated irqs: 16
[    0.568774] rcu: srcu_init: Setting srcu_struct sizes based on contention.
[    0.571076] Console: colour VGA+ 80x25
[    0.571102] printk: legacy console [ttyS0] enabled
[    0.610232] ACPI: Core revision 20240322
[    0.610590] clocksource: hpet: mask: 0xffffffff max_cycles: 0xffffffff, max_idle_ns: 19112604467 ns
[    0.611167] APIC: Switch to symmetric I/O mode setup
[    0.611455] kvm-guest: APIC: send_IPI_mask() replaced with kvm_send_ipi_mask()
[    0.611862] kvm-guest: APIC: send_IPI_mask_allbutself() replaced with kvm_send_ipi_mask_allbutself()
[    0.612379] kvm-guest: setup PV IPIs
[    0.613212] ..TIMER: vector=0x30 apic1=0 pin1=2 apic2=-1 pin2=-1
[    0.613561] clocksource: tsc-early: mask: 0xffffffffffffffff max_cycles: 0x2df10e7656b, max_idle_ns: 440795364873 ns
[    0.614148] Calibrating delay loop (skipped) preset value.. 6374.40 BogoMIPS (lpj=3187200)
[    0.615676] x86/cpu: User Mode Instruction Prevention (UMIP) activated
[    0.616088] Last level iTLB entries: 4KB 0, 2MB 0, 4MB 0
[    0.616145] Last level dTLB entries: 4KB 0, 2MB 0, 4MB 0, 1GB 0
[    0.616482] Spectre V1 : Mitigation: usercopy/swapgs barriers and __user pointer sanitization
[    0.617147] Spectre V2 : Spectre BHI mitigation: SW BHB clearing on vm exit
[    0.617539] Spectre V2 : Spectre BHI mitigation: SW BHB clearing on syscall
[    0.617928] Spectre V2 : Mitigation: Enhanced / Automatic IBRS
[    0.618145] Spectre V2 : Spectre v2 / SpectreRSB mitigation: Filling RSB on context switch
[    0.618609] Spectre V2 : Spectre v2 / PBRSB-eIBRS: Retire a single CALL on VMEXIT
[    0.619146] Spectre V2 : mitigation: Enabling conditional Indirect Branch Prediction Barrier
[    0.619621] Speculative Store Bypass: Mitigation: Speculative Store Bypass disabled via prctl
[    0.620145] MMIO Stale Data: Unknown: No mitigations
[    0.620427] Register File Data Sampling: Vulnerable: No microcode
[    0.620779] x86/fpu: Supporting XSAVE feature 0x001: 'x87 floating point registers'
[    0.621145] x86/fpu: Supporting XSAVE feature 0x002: 'SSE registers'
[    0.621513] x86/fpu: Supporting XSAVE feature 0x004: 'AVX registers'
[    0.621878] x86/fpu: Supporting XSAVE feature 0x200: 'Protection Keys User registers'
[    0.622145] x86/fpu: xstate_offset[2]:  576, xstate_sizes[2]:  256
[    0.622501] x86/fpu: xstate_offset[9]:  832, xstate_sizes[9]:    8
[    0.623145] x86/fpu: Enabled xstate features 0x207, context size is 840 bytes, using 'compacted' format.
[    0.639490] Freeing SMP alternatives memory: 48K
[    0.639802] pid_max: default: 32768 minimum: 301
[    0.640116] LSM: initializing lsm=capability,selinux
[    0.640152] SELinux:  Initializing.
[    0.640422] Mount-cache hash table entries: 4096 (order: 3, 32768 bytes, linear)
[    0.640849] Mountpoint-cache hash table entries: 4096 (order: 3, 32768 bytes, linear)
[    0.641562] smpboot: CPU0: Intel(R) Core(TM) i9-14900K (family: 0x6, model: 0xb7, stepping: 0x1)
[    0.642144] Performance Events: unsupported p6 CPU model 183 no PMU driver, software events only.
[    0.642165] signal: max sigframe size: 3632
[    0.642444] rcu: Hierarchical SRCU implementation.
[    0.642722] rcu: 	Max phase no-delay instances is 400.
[    0.643435] smp: Bringing up secondary CPUs ...
[    0.643820] smpboot: x86: Booting SMP configuration:
[    0.644109] .... node  #0, CPUs:      #1
[    0.644178] smp: Brought up 1 node, 2 CPUs
[    0.644627] smpboot: Total of 2 processors activated (12748.80 BogoMIPS)
[    0.645576] devtmpfs: initialized
[    0.647571] clocksource: jiffies: mask: 0xffffffff max_cycles: 0xffffffff, max_idle_ns: 1911260446275000 ns
[    0.648149] futex hash table entries: 512 (order: 3, 32768 bytes, linear)
[    0.648706] PM: RTC time: 14:22:28, date: 2026-05-05
[    0.649168] NET: Registered PF_NETLINK/PF_ROUTE protocol family
[    0.649705] audit: initializing netlink subsys (disabled)
[    0.650050] audit: type=2000 audit(1777990948.911:1): state=initialized audit_enabled=0 res=1
[    0.650301] thermal_sys: Registered thermal governor 'step_wise'
[    0.650696] thermal_sys: Registered thermal governor 'user_space'
[    0.651058] cpuidle: using governor menu
[    0.651616] PCI: Using configuration type 1 for base access
[    0.652007] kprobes: kprobe jump-optimization is enabled. All kprobes are optimized if possible.
[    0.654144] HugeTLB: registered 2.00 MiB page size, pre-allocated 0 pages
[    0.654144] HugeTLB: 28 KiB vmemmap can be freed for a 2.00 MiB page
[    0.655243] Demotion targets for Node 0: null
[    0.655787] ACPI: Added _OSI(Module Device)
[    0.656082] ACPI: Added _OSI(Processor Device)
[    0.656146] ACPI: Added _OSI(3.0 _SCP Extensions)
[    0.656761] ACPI: Added _OSI(Processor Aggregator Device)
[    0.664213] ACPI: 1 ACPI AML tables successfully acquired and loaded
[    0.672391] ACPI: _OSC evaluation for CPUs failed, trying _PDC
[    0.673173] ACPI: Interpreter enabled
[    0.673425] ACPI: PM: (supports S0 S3 S4 S5)
[    0.673677] ACPI: Using IOAPIC for interrupt routing
[    0.674015] PCI: Using host bridge windows from ACPI; if necessary, use "pci=nocrs" and report a bug
[    0.674146] PCI: Using E820 reservations for host bridge windows
[    0.674850] ACPI: Enabled 2 GPEs in block 00 to 0F
[    0.686685] ACPI: PCI Root Bridge [PCI0] (domain 0000 [bus 00-ff])
[    0.687061] acpi PNP0A03:00: _OSC: OS supports [ASPM ClockPM Segments MSI HPX-Type3]
[    0.688147] acpi PNP0A03:00: _OSC: not requesting OS control; OS requires [ExtendedConfig ASPM ClockPM MSI]
[    0.688769] acpi PNP0A03:00: fail to add MMCONFIG information, can't access extended configuration space under this bridge
[    0.689323] PCI host bridge to bus 0000:00
[    0.689564] pci_bus 0000:00: root bus resource [io  0x0000-0x0cf7 window]
[    0.689958] pci_bus 0000:00: root bus resource [io  0x0d00-0xffff window]
[    0.690147] pci_bus 0000:00: root bus resource [mem 0x000a0000-0x000bffff window]
[    0.690580] pci_bus 0000:00: root bus resource [mem 0x80000000-0xfebfffff window]
[    0.691012] pci_bus 0000:00: root bus resource [mem 0x100000000-0x17fffffff window]
[    0.691147] pci_bus 0000:00: root bus resource [bus 00-ff]
[    0.691517] pci 0000:00:00.0: [8086:1237] type 00 class 0x060000 conventional PCI endpoint
[    0.695954] pci 0000:00:01.0: [8086:7000] type 00 class 0x060100 conventional PCI endpoint
[    0.701039] pci 0000:00:01.1: [8086:7010] type 00 class 0x010180 conventional PCI endpoint
[    0.702063] pci 0000:00:01.1: BAR 4 [io  0xc040-0xc04f]
[    0.702500] pci 0000:00:01.1: BAR 0 [io  0x01f0-0x01f7]: legacy IDE quirk
[    0.702896] pci 0000:00:01.1: BAR 1 [io  0x03f6]: legacy IDE quirk
[    0.703146] pci 0000:00:01.1: BAR 2 [io  0x0170-0x0177]: legacy IDE quirk
[    0.703537] pci 0000:00:01.1: BAR 3 [io  0x0376]: legacy IDE quirk
[    0.704048] pci 0000:00:01.3: [8086:7113] type 00 class 0x068000 conventional PCI endpoint
[    0.705375] pci 0000:00:01.3: quirk: [io  0x0600-0x063f] claimed by PIIX4 ACPI
[    0.706096] pci 0000:00:01.3: quirk: [io  0x0700-0x070f] claimed by PIIX4 SMB
[    0.706330] pci 0000:00:02.0: [1234:1111] type 00 class 0x030000 conventional PCI endpoint
[    0.708338] pci 0000:00:02.0: BAR 0 [mem 0xfd000000-0xfdffffff pref]
[    0.709570] pci 0000:00:02.0: BAR 2 [mem 0xfebf0000-0xfebf0fff]
[    0.711865] pci 0000:00:02.0: ROM [mem 0xfebe0000-0xfebeffff pref]
[    0.712282] pci 0000:00:02.0: Video device with shadowed ROM at [mem 0x000c0000-0x000dffff]
[    0.717505] pci 0000:00:03.0: [8086:100e] type 00 class 0x020000 conventional PCI endpoint
[    0.718299] pci 0000:00:03.0: BAR 0 [mem 0xfebc0000-0xfebdffff]
[    0.718917] pci 0000:00:03.0: BAR 1 [io  0xc000-0xc03f]
[    0.721953] pci 0000:00:03.0: ROM [mem 0xfeb80000-0xfebbffff pref]
[    0.727465] ACPI: PCI: Interrupt link LNKA configured for IRQ 10
[    0.728225] ACPI: PCI: Interrupt link LNKB configured for IRQ 10
[    0.728940] ACPI: PCI: Interrupt link LNKC configured for IRQ 11
[    0.729510] ACPI: PCI: Interrupt link LNKD configured for IRQ 11
[    0.730000] ACPI: PCI: Interrupt link LNKS configured for IRQ 9
[    0.731473] iommu: Default domain type: Translated
[    0.731768] iommu: DMA domain TLB invalidation policy: lazy mode
[    0.732451] SCSI subsystem initialized
[    0.733353] ACPI: bus type USB registered
[    0.733353] usbcore: registered new interface driver usbfs
[    0.733596] usbcore: registered new interface driver hub
[    0.733947] usbcore: registered new device driver usb
[    0.734250] pps_core: LinuxPPS API ver. 1 registered
[    0.734541] pps_core: Software ver. 5.3.6 - Copyright 2005-2007 Rodolfo Giometti <giometti@linux.it>
[    0.735080] PTP clock support registered
[    0.736149] Advanced Linux Sound Architecture Driver Initialized.
[    0.737566] NetLabel: Initializing
[    0.737771] NetLabel:  domain hash size = 128
[    0.738028] NetLabel:  protocols = UNLABELED CIPSOv4 CALIPSO
[    0.738228] NetLabel:  unlabeled traffic allowed by default
[    0.739229] PCI: Using ACPI for IRQ routing
[    0.739511] pci 0000:00:02.0: vgaarb: setting as boot VGA device
[    0.739511] pci 0000:00:02.0: vgaarb: bridge control possible
[    0.739843] pci 0000:00:02.0: vgaarb: VGA device added: decodes=io+mem,owns=io+mem,locks=none
[    0.740146] vgaarb: loaded
[    0.740613] hpet0: at MMIO 0xfed00000, IRQs 2, 8, 0
[    0.740900] hpet0: 3 comparators, 64-bit 100.000000 MHz counter
[    0.744308] clocksource: Switched to clocksource kvm-clock
[    0.745157] VFS: Disk quotas dquot_6.6.0
[    0.745157] VFS: Dquot-cache hash table entries: 512 (order 0, 4096 bytes)
[    0.746996] pnp: PnP ACPI init
[    0.748381] pnp: PnP ACPI: found 6 devices
[    0.758469] clocksource: acpi_pm: mask: 0xffffff max_cycles: 0xffffff, max_idle_ns: 2085701024 ns
[    0.759066] NET: Registered PF_INET protocol family
[    0.759529] IP idents hash table entries: 32768 (order: 6, 262144 bytes, linear)
[    0.760563] tcp_listen_portaddr_hash hash table entries: 1024 (order: 2, 16384 bytes, linear)
[    0.761079] Table-perturb hash table entries: 65536 (order: 6, 262144 bytes, linear)
[    0.761539] TCP established hash table entries: 16384 (order: 5, 131072 bytes, linear)
[    0.762071] TCP bind hash table entries: 16384 (order: 7, 524288 bytes, linear)
[    0.762998] TCP: Hash tables configured (established 16384 bind 16384)
[    0.763489] UDP hash table entries: 1024 (order: 3, 32768 bytes, linear)
[    0.763894] UDP-Lite hash table entries: 1024 (order: 3, 32768 bytes, linear)
[    0.764443] NET: Registered PF_UNIX/PF_LOCAL protocol family
[    0.765133] RPC: Registered named UNIX socket transport module.
[    0.765481] RPC: Registered udp transport module.
[    0.765755] RPC: Registered tcp transport module.
[    0.766031] RPC: Registered tcp-with-tls transport module.
[    0.766349] RPC: Registered tcp NFSv4.1 backchannel transport module.
[    0.767133] pci_bus 0000:00: resource 4 [io  0x0000-0x0cf7 window]
[    0.767496] pci_bus 0000:00: resource 5 [io  0x0d00-0xffff window]
[    0.767857] pci_bus 0000:00: resource 6 [mem 0x000a0000-0x000bffff window]
[    0.768255] pci_bus 0000:00: resource 7 [mem 0x80000000-0xfebfffff window]
[    0.768654] pci_bus 0000:00: resource 8 [mem 0x100000000-0x17fffffff window]
[    0.769140] pci 0000:00:01.0: PIIX3: Enabling Passive Release
[    0.769480] pci 0000:00:00.0: Limiting direct PCI/PCI transfers
[    0.769852] PCI: CLS 0 bytes, default 64
[    0.770330] Unpacking initramfs...
[    0.770547] RAPL PMU: API unit is 2^-32 Joules, 0 fixed counters, 10737418240 ms ovfl timer
[    0.771037] clocksource: tsc: mask: 0xffffffffffffffff max_cycles: 0x2df10e7656b, max_idle_ns: 440795364873 ns
[    0.773770] Initialise system trusted keyrings
[    0.774134] workingset: timestamp_bits=56 max_order=19 bucket_order=0
[    0.775102] NFS: Registering the id_resolver key type
[    0.775413] Key type id_resolver registered
[    0.775658] Key type id_legacy registered
[    0.776189] 9p: Installing v9fs 9p2000 file system support
[    0.783818] Key type asymmetric registered
[    0.784108] Asymmetric key parser 'x509' registered
[    0.784446] Block layer SCSI generic (bsg) driver version 0.4 loaded (major 251)
[    0.784454] Freeing initrd memory: 1348K
[    0.784905] io scheduler mq-deadline registered
[    0.785488] io scheduler kyber registered
[    0.786010] input: Power Button as /devices/LNXSYSTM:00/LNXPWRBN:00/input/input0
[    0.786581] ACPI: button: Power Button [PWRF]
[    0.787303] Serial: 8250/16550 driver, 4 ports, IRQ sharing enabled
[    0.787925] 00:04: ttyS0 at I/O 0x3f8 (irq = 4, base_baud = 115200) is a 16550A
[    0.789431] Non-volatile memory driver v1.3
[    0.789685] Linux agpgart interface v0.103
[    0.790059] ACPI: bus type drm_connector registered
[    0.793779] loop: module loaded
[    0.795444] scsi host0: ata_piix
[    0.795990] scsi host1: ata_piix
[    0.796286] ata1: PATA max MWDMA2 cmd 0x1f0 ctl 0x3f6 bmdma 0xc040 irq 14 lpm-pol 0
[    0.796741] ata2: PATA max MWDMA2 cmd 0x170 ctl 0x376 bmdma 0xc048 irq 15 lpm-pol 0
[    0.797816] e100: Intel(R) PRO/100 Network Driver
[    0.798097] e100: Copyright(c) 1999-2006 Intel Corporation
[    0.798441] e1000: Intel(R) PRO/1000 Network Driver
[    0.798726] e1000: Copyright (c) 1999-2006 Intel Corporation.
[    0.956695] ata2: found unknown device (class 0)
[    0.958360] ata2.00: ATAPI: QEMU DVD-ROM, 2.5+, max UDMA/100
[    0.960721] scsi 1:0:0:0: CD-ROM            QEMU     QEMU DVD-ROM     2.5+ PQ: 0 ANSI: 5
[    0.978263] sr 1:0:0:0: [sr0] scsi3-mmc drive: 4x/4x cd/rw xa/form2 tray
[    0.978662] cdrom: Uniform CD-ROM driver Revision: 3.20
[    0.985800] sr 1:0:0:0: Attached scsi generic sg0 type 5
[    1.171776] ACPI: \_SB_.LNKC: Enabled at IRQ 11
[    1.460781] e1000 0000:00:03.0 eth0: (PCI:33MHz:32-bit) 52:54:00:12:34:56
[    1.461214] e1000 0000:00:03.0 eth0: Intel(R) PRO/1000 Network Connection
[    1.461668] e1000e: Intel(R) PRO/1000 Network Driver
[    1.461960] e1000e: Copyright(c) 1999 - 2015 Intel Corporation.
[    1.462334] sky2: driver version 1.30
[    1.463000] usbcore: registered new interface driver usblp
[    1.463335] usbcore: registered new interface driver usb-storage
[    1.463774] i8042: PNP: PS/2 Controller [PNP0303:KBD,PNP0f13:MOU] at 0x60,0x64 irq 1,12
[    1.464758] serio: i8042 KBD port at 0x60,0x64 irq 1
[    1.465058] serio: i8042 AUX port at 0x60,0x64 irq 12
[    1.465835] input: AT Translated Set 2 keyboard as /devices/platform/i8042/serio0/input/input1
[    1.466463] rtc_cmos 00:05: RTC can wake from S4
[    1.467597] rtc_cmos 00:05: registered as rtc0
[    1.468030] rtc_cmos 00:05: alarms up to one day, y3k, 242 bytes nvram, hpet irqs
[    1.468820] device-mapper: ioctl: 4.48.0-ioctl (2023-03-01) initialised: dm-devel@lists.linux.dev
[    1.469344] intel_pstate: CPU model not supported
[    1.469662] hid: raw HID events driver (C) Jiri Kosina
[    1.470307] usbcore: registered new interface driver usbhid
[    1.470635] usbhid: USB HID core driver
[    1.472533] Initializing XFRM netlink socket
[    1.472848] NET: Registered PF_INET6 protocol family
[    1.473971] Segment Routing with IPv6
[    1.474241] In-situ OAM (IOAM) with IPv6
[    1.474549] sit: IPv6, IPv4 and MPLS over IPv4 tunneling driver
[    1.475210] NET: Registered PF_PACKET protocol family
[    1.475584] 9pnet: Installing 9P2000 support
[    1.475879] Key type dns_resolver registered
[    1.476456] IPI shorthand broadcast: enabled
[    1.487165] sched_clock: Marking stable (1443001151, 43364868)->(1487958545, -1592526)
[    1.487762] Timer migration: 1 hierarchy levels; 8 children per group; 1 crossnode level
[    1.488300] registered taskstats version 1
[    1.488547] Loading compiled-in X.509 certificates
[    1.497111] Demotion targets for Node 0: null
[    1.497713] PM:   Magic number: 10:675:383
[    1.498003] container PNP0A06:01: hash matches
[    1.498307] acpi PNP0A06:01: hash matches
[    1.498568] printk: legacy console [netcon0] enabled
[    1.498874] netconsole: network logging started
[    1.499255] cfg80211: Loading compiled-in X.509 certificates for regulatory database
[    1.499920] kworker/u8:1 (55) used greatest stack depth: 29616 bytes left
[    1.500564] Loaded X.509 cert 'sforshee: 00b28ddf47aef9cea7'
[    1.501035] Loaded X.509 cert 'wens: 61c038651aabdcf94bd0ac7ff06c7248db18c600'
[    1.501508] ALSA device list:
[    1.501686]   No soundcards found.
[    1.502805] Freeing unused kernel image (initmem) memory: 5876K
[    1.503107] platform regulatory.0: Direct firmware load for regulatory.db failed with error -2
[    1.503450] cfg80211: failed to load regulatory.db
[    1.504083] Write protecting the kernel read-only data: 63488k
[    1.504584] Freeing unused kernel image (rodata/data gap) memory: 1436K
[    1.514226] x86/mm: Checked W+X mappings: passed, no W+X pages found.
[    1.514688] Run /init as init process
[    1.515931] mkdir (58) used greatest stack depth: 28416 bytes left
[    1.522341] busybox (64) used greatest stack depth: 27880 bytes left

secb: rootfs ready
---- poc begin ----
poc: starting CVE-2024-41010 trigger
poc: entered user+net namespace (CAP_NET_ADMIN)
poc: lo up
poc: added first ingress qdisc (tcx_entry allocated)
poc: added second ingress qdisc via mismatched handle (tcx_entry freed, new qdisc holds dangling miniq pointer)
[    2.088394] input: ImExPS/2 Generic Explorer Mouse as /devices/platform/i8042/serio1/input/input3
poc: added ingress filter (UAF dereference in mini_qdisc_pair_swap)
poc: done (if KASAN/panic_on_warn didn't fire, the kernel is patched)
[    8.530447] poc (65) used greatest stack depth: 27416 bytes left
---- poc end rc=0 ----
secb: poc exited without crashing the kernel
[    9.780105] ACPI: PM: Preparing to enter system sleep state S5
[    9.780433] reboot: Power down
NO_CRASH_DETECTED
