bash: warning: setlocale: LC_ALL: cannot change locale (en_US.UTF-8)
c[?7l[2J[0mSeaBIOS (version 1.16.2-debian-1.16.2-1)


iPXE (http://ipxe.org) 00:03.0 CA00 PCI2.10 PnP PMM+7EFCEF00+7EF0EF00 CA00
Press Ctrl-B to configure iPXE (PCI 00:03.0)...                                                                               


Booting from ROM...
c[?7l[2J[    0.000000] Linux version 6.12.0-10730-g99528d97c0d0-dirty (root@buildkitsandbox) (gcc (Debian 12.2.0-14+deb12u1) 12.2.0, GNU ld (GNU Binutils for Debian) 2.40) #2 SMP PREEMPT_DYNAMIC Tue May  5 15:19:47 UTC 2026
[    0.000000] Command line: console=ttyS0 oops=panic nokaslr rdinit=/init
[    0.000000] BIOS-provided physical RAM map:
[    0.000000] BIOS-e820: [mem 0x0000000000000000-0x000000000009fbff] usable
[    0.000000] BIOS-e820: [mem 0x000000000009fc00-0x000000000009ffff] reserved
[    0.000000] BIOS-e820: [mem 0x00000000000f0000-0x00000000000fffff] reserved
[    0.000000] BIOS-e820: [mem 0x0000000000100000-0x000000007ffdffff] usable
[    0.000000] BIOS-e820: [mem 0x000000007ffe0000-0x000000007fffffff] reserved
[    0.000000] BIOS-e820: [mem 0x00000000feffc000-0x00000000feffffff] reserved
[    0.000000] BIOS-e820: [mem 0x00000000fffc0000-0x00000000ffffffff] reserved
[    0.000000] NX (Execute Disable) protection: active
[    0.000000] APIC: Static calls initialized
[    0.000000] SMBIOS 2.8 present.
[    0.000000] DMI: QEMU Standard PC (i440FX + PIIX, 1996), BIOS 1.16.2-debian-1.16.2-1 04/01/2014
[    0.000000] DMI: Memory slots populated: 1/1
[    0.000000] Hypervisor detected: KVM
[    0.000000] kvm-clock: Using msrs 4b564d01 and 4b564d00
[    0.000000] kvm-clock: using sched offset of 439260268 cycles
[    0.000002] clocksource: kvm-clock: mask: 0xffffffffffffffff max_cycles: 0x1cd42e4dffb, max_idle_ns: 881590591483 ns
[    0.000004] tsc: Detected 3187.200 MHz processor
[    0.000326] last_pfn = 0x7ffe0 max_arch_pfn = 0x400000000
[    0.000345] MTRR map: 4 entries (3 fixed + 1 variable; max 19), built from 8 variable MTRRs
[    0.000347] x86/PAT: Configuration [0-7]: WB  WC  UC- UC  WB  WP  UC- WT  
[    0.002100] found SMP MP-table at [mem 0x000f5ba0-0x000f5baf]
[    0.002106] Using GB pages for direct mapping
[    0.002442] RAMDISK: [mem 0x7fe8f000-0x7ffdffff]
[    0.002446] ACPI: Early table checksum verification disabled
[    0.002449] ACPI: RSDP 0x00000000000F59D0 000014 (v00 BOCHS )
[    0.002452] ACPI: RSDT 0x000000007FFE1B33 000034 (v01 BOCHS  BXPC     00000001 BXPC 00000001)
[    0.002456] ACPI: FACP 0x000000007FFE19DF 000074 (v01 BOCHS  BXPC     00000001 BXPC 00000001)
[    0.002460] ACPI: DSDT 0x000000007FFE0040 00199F (v01 BOCHS  BXPC     00000001 BXPC 00000001)
[    0.002462] ACPI: FACS 0x000000007FFE0000 000040
[    0.002464] ACPI: APIC 0x000000007FFE1A53 000080 (v01 BOCHS  BXPC     00000001 BXPC 00000001)
[    0.002465] ACPI: HPET 0x000000007FFE1AD3 000038 (v01 BOCHS  BXPC     00000001 BXPC 00000001)
[    0.002467] ACPI: WAET 0x000000007FFE1B0B 000028 (v01 BOCHS  BXPC     00000001 BXPC 00000001)
[    0.002468] ACPI: Reserving FACP table memory at [mem 0x7ffe19df-0x7ffe1a52]
[    0.002469] ACPI: Reserving DSDT table memory at [mem 0x7ffe0040-0x7ffe19de]
[    0.002469] ACPI: Reserving FACS table memory at [mem 0x7ffe0000-0x7ffe003f]
[    0.002470] ACPI: Reserving APIC table memory at [mem 0x7ffe1a53-0x7ffe1ad2]
[    0.002470] ACPI: Reserving HPET table memory at [mem 0x7ffe1ad3-0x7ffe1b0a]
[    0.002471] ACPI: Reserving WAET table memory at [mem 0x7ffe1b0b-0x7ffe1b32]
[    0.002650] No NUMA configuration found
[    0.002651] Faking a node at [mem 0x0000000000000000-0x000000007ffdffff]
[    0.002653] NODE_DATA(0) allocated [mem 0x7fe8b940-0x7fe8efff]
[    0.002662] Zone ranges:
[    0.002662]   DMA      [mem 0x0000000000001000-0x0000000000ffffff]
[    0.002664]   DMA32    [mem 0x0000000001000000-0x000000007ffdffff]
[    0.002664]   Normal   empty
[    0.002665] Movable zone start for each node
[    0.002665] Early memory node ranges
[    0.002666]   node   0: [mem 0x0000000000001000-0x000000000009efff]
[    0.002667]   node   0: [mem 0x0000000000100000-0x000000007ffdffff]
[    0.002668] Initmem setup node 0 [mem 0x0000000000001000-0x000000007ffdffff]
[    0.006582] On node 0, zone DMA: 1 pages in unavailable ranges
[    0.006620] On node 0, zone DMA: 97 pages in unavailable ranges
[    0.038019] On node 0, zone DMA32: 32 pages in unavailable ranges
[    0.463608] kasan: KernelAddressSanitizer initialized
[    0.463810] ACPI: PM-Timer IO Port: 0x608
[    0.463820] ACPI: LAPIC_NMI (acpi_id[0xff] dfl dfl lint[0x1])
[    0.463846] IOAPIC[0]: apic_id 0, version 17, address 0xfec00000, GSI 0-23
[    0.463849] ACPI: INT_SRC_OVR (bus 0 bus_irq 0 global_irq 2 dfl dfl)
[    0.463850] ACPI: INT_SRC_OVR (bus 0 bus_irq 5 global_irq 5 high level)
[    0.463851] ACPI: INT_SRC_OVR (bus 0 bus_irq 9 global_irq 9 high level)
[    0.463852] ACPI: INT_SRC_OVR (bus 0 bus_irq 10 global_irq 10 high level)
[    0.463852] ACPI: INT_SRC_OVR (bus 0 bus_irq 11 global_irq 11 high level)
[    0.463854] ACPI: Using ACPI (MADT) for SMP configuration information
[    0.463855] ACPI: HPET id: 0x8086a201 base: 0xfed00000
[    0.463858] TSC deadline timer available
[    0.463860] CPU topo: Max. logical packages:   1
[    0.463861] CPU topo: Max. logical dies:       1
[    0.463861] CPU topo: Max. dies per package:   1
[    0.463863] CPU topo: Max. threads per core:   1
[    0.463864] CPU topo: Num. cores per package:     2
[    0.463864] CPU topo: Num. threads per package:   2
[    0.463864] CPU topo: Allowing 2 present CPUs plus 0 hotplug CPUs
[    0.463877] kvm-guest: APIC: eoi() replaced with kvm_guest_apic_eoi_write()
[    0.463894] kvm-guest: KVM setup pv remote TLB flush
[    0.463896] kvm-guest: setup PV sched yield
[    0.463901] PM: hibernation: Registered nosave memory: [mem 0x00000000-0x00000fff]
[    0.463902] PM: hibernation: Registered nosave memory: [mem 0x0009f000-0x0009ffff]
[    0.463903] PM: hibernation: Registered nosave memory: [mem 0x000a0000-0x000effff]
[    0.463903] PM: hibernation: Registered nosave memory: [mem 0x000f0000-0x000fffff]
[    0.463904] [mem 0x80000000-0xfeffbfff] available for PCI devices
[    0.463905] Booting paravirtualized kernel on KVM
[    0.463907] clocksource: refined-jiffies: mask: 0xffffffff max_cycles: 0xffffffff, max_idle_ns: 1910969940391419 ns
[    0.472345] setup_percpu: NR_CPUS:64 nr_cpumask_bits:2 nr_cpu_ids:2 nr_node_ids:1
[    0.473634] percpu: Embedded 68 pages/cpu s240920 r8192 d29416 u1048576
[    0.473661] Kernel command line: console=ttyS0 oops=panic nokaslr rdinit=/init
[    0.473701] random: crng init done
[    0.473702] printk: log buffer data + meta data: 262144 + 917504 = 1179648 bytes
[    0.473772] Dentry cache hash table entries: 262144 (order: 9, 2097152 bytes, linear)
[    0.474709] Inode-cache hash table entries: 131072 (order: 8, 1048576 bytes, linear)
[    0.474745] Fallback order for Node 0: 0 
[    0.474747] Built 1 zonelists, mobility grouping on.  Total pages: 524158
[    0.474748] Policy zone: DMA32
[    0.474749] mem auto-init: stack:all(zero), heap alloc:off, heap free:off
[    0.474750] stackdepot: allocating hash table via alloc_large_system_hash
[    0.474751] stackdepot hash table entries: 1048576 (order: 12, 16777216 bytes, linear)
[    0.504110] SLUB: HWalign=64, Order=0-3, MinObjects=0, CPUs=2, Nodes=1
[    0.505125] Dynamic Preempt: voluntary
[    0.506459] rcu: Preemptible hierarchical RCU implementation.
[    0.506460] rcu: 	RCU event tracing is enabled.
[    0.506461] rcu: 	RCU restricting CPUs from NR_CPUS=64 to nr_cpu_ids=2.
[    0.506462] 	Trampoline variant of Tasks RCU enabled.
[    0.506463] 	Tracing variant of Tasks RCU enabled.
[    0.506463] rcu: RCU calculated value of scheduler-enlistment delay is 100 jiffies.
[    0.506464] rcu: Adjusting geometry for rcu_fanout_leaf=16, nr_cpu_ids=2
[    0.506478] RCU Tasks: Setting shift to 1 and lim to 1 rcu_task_cb_adjust=1 rcu_task_cpu_ids=2.
[    0.506480] RCU Tasks Trace: Setting shift to 1 and lim to 1 rcu_task_cb_adjust=1 rcu_task_cpu_ids=2.
[    0.512999] NR_IRQS: 4352, nr_irqs: 440, preallocated irqs: 16
[    0.513232] rcu: srcu_init: Setting srcu_struct sizes based on contention.
[    0.515549] Console: colour VGA+ 80x25
[    0.515580] printk: legacy console [ttyS0] enabled
[    0.555093] ACPI: Core revision 20240827
[    0.555445] clocksource: hpet: mask: 0xffffffff max_cycles: 0xffffffff, max_idle_ns: 19112604467 ns
[    0.556010] APIC: Switch to symmetric I/O mode setup
[    0.556295] kvm-guest: APIC: send_IPI_mask() replaced with kvm_send_ipi_mask()
[    0.556700] kvm-guest: APIC: send_IPI_mask_allbutself() replaced with kvm_send_ipi_mask_allbutself()
[    0.557220] kvm-guest: setup PV IPIs
[    0.558035] ..TIMER: vector=0x30 apic1=0 pin1=2 apic2=-1 pin2=-1
[    0.558384] clocksource: tsc-early: mask: 0xffffffffffffffff max_cycles: 0x2df10e7656b, max_idle_ns: 440795364873 ns
[    0.558968] Calibrating delay loop (skipped) preset value.. 6374.40 BogoMIPS (lpj=3187200)
[    0.560042] x86/cpu: User Mode Instruction Prevention (UMIP) activated
[    0.560455] Last level iTLB entries: 4KB 0, 2MB 0, 4MB 0
[    0.560965] Last level dTLB entries: 4KB 0, 2MB 0, 4MB 0, 1GB 0
[    0.561301] Spectre V1 : Mitigation: usercopy/swapgs barriers and __user pointer sanitization
[    0.561967] Spectre V2 : Spectre BHI mitigation: SW BHB clearing on syscall and VM exit
[    0.562411] Spectre V2 : Mitigation: Enhanced / Automatic IBRS
[    0.562738] Spectre V2 : Spectre v2 / SpectreRSB mitigation: Filling RSB on context switch
[    0.562965] Spectre V2 : Spectre v2 / PBRSB-eIBRS: Retire a single CALL on VMEXIT
[    0.563385] Spectre V2 : mitigation: Enabling conditional Indirect Branch Prediction Barrier
[    0.563966] Speculative Store Bypass: Mitigation: Speculative Store Bypass disabled via prctl
[    0.564445] MMIO Stale Data: Unknown: No mitigations
[    0.564725] Register File Data Sampling: Vulnerable: No microcode
[    0.564977] x86/fpu: Supporting XSAVE feature 0x001: 'x87 floating point registers'
[    0.565416] x86/fpu: Supporting XSAVE feature 0x002: 'SSE registers'
[    0.565965] x86/fpu: Supporting XSAVE feature 0x004: 'AVX registers'
[    0.566335] x86/fpu: Supporting XSAVE feature 0x200: 'Protection Keys User registers'
[    0.566784] x86/fpu: xstate_offset[2]:  576, xstate_sizes[2]:  256
[    0.566965] x86/fpu: xstate_offset[9]:  832, xstate_sizes[9]:    8
[    0.567320] x86/fpu: Enabled xstate features 0x207, context size is 840 bytes, using 'compacted' format.
[    0.584073] Freeing SMP alternatives memory: 48K
[    0.584356] pid_max: default: 32768 minimum: 301
[    0.584668] LSM: initializing lsm=capability,selinux
[    0.584982] SELinux:  Initializing.
[    0.585968] Mount-cache hash table entries: 4096 (order: 3, 32768 bytes, linear)
[    0.586407] Mountpoint-cache hash table entries: 4096 (order: 3, 32768 bytes, linear)
[    0.587356] smpboot: CPU0: Intel(R) Core(TM) i9-14900K (family: 0x6, model: 0xb7, stepping: 0x1)
[    0.587965] Performance Events: unsupported p6 CPU model 183 no PMU driver, software events only.
[    0.587987] signal: max sigframe size: 3632
[    0.588266] rcu: Hierarchical SRCU implementation.
[    0.588546] rcu: 	Max phase no-delay instances is 400.
[    0.588899] Timer migration: 1 hierarchy levels; 8 children per group; 1 crossnode level
[    0.589301] smp: Bringing up secondary CPUs ...
[    0.589676] smpboot: x86: Booting SMP configuration:
[    0.589967] .... node  #0, CPUs:      #1
[    0.590035] smp: Brought up 1 node, 2 CPUs
[    0.590472] smpboot: Total of 2 processors activated (12748.80 BogoMIPS)
[    0.591104] Memory: 1675384K/2096632K available (51200K kernel code, 8666K rwdata, 11196K rodata, 6000K init, 1456K bss, 416196K reserved, 0K cma-reserved)
[    0.593027] devtmpfs: initialized
[    0.595549] clocksource: jiffies: mask: 0xffffffff max_cycles: 0xffffffff, max_idle_ns: 1911260446275000 ns
[    0.595648] futex hash table entries: 512 (order: 3, 32768 bytes, linear)
[    0.596188] PM: RTC time: 15:23:15, date: 2026-05-05
[    0.597160] NET: Registered PF_NETLINK/PF_ROUTE protocol family
[    0.597868] audit: initializing netlink subsys (disabled)
[    0.598996] audit: type=2000 audit(1777994595.916:1): state=initialized audit_enabled=0 res=1
[    0.599218] thermal_sys: Registered thermal governor 'step_wise'
[    0.599484] thermal_sys: Registered thermal governor 'user_space'
[    0.599981] cpuidle: using governor menu
[    0.600871] PCI: Using configuration type 1 for base access
[    0.601015] kprobes: kprobe jump-optimization is enabled. All kprobes are optimized if possible.
[    0.602029] HugeTLB: registered 2.00 MiB page size, pre-allocated 0 pages
[    0.602966] HugeTLB: 28 KiB vmemmap can be freed for a 2.00 MiB page
[    0.603544] ACPI: Added _OSI(Module Device)
[    0.603796] ACPI: Added _OSI(Processor Device)
[    0.603966] ACPI: Added _OSI(3.0 _SCP Extensions)
[    0.604245] ACPI: Added _OSI(Processor Aggregator Device)
[    0.611584] ACPI: 1 ACPI AML tables successfully acquired and loaded
[    0.613303] ACPI: Interpreter enabled
[    0.613555] ACPI: PM: (supports S0 S3 S4 S5)
[    0.613810] ACPI: Using IOAPIC for interrupt routing
[    0.613991] PCI: Using host bridge windows from ACPI; if necessary, use "pci=nocrs" and report a bug
[    0.614524] PCI: Using E820 reservations for host bridge windows
[    0.615205] ACPI: Enabled 2 GPEs in block 00 to 0F
[    0.625998] ACPI: PCI Root Bridge [PCI0] (domain 0000 [bus 00-ff])
[    0.626369] acpi PNP0A03:00: _OSC: OS supports [ASPM ClockPM Segments MSI HPX-Type3]
[    0.626821] acpi PNP0A03:00: _OSC: not requesting OS control; OS requires [ExtendedConfig ASPM ClockPM MSI]
[    0.627012] acpi PNP0A03:00: fail to add MMCONFIG information, can't access extended configuration space under this bridge
[    0.627796] PCI host bridge to bus 0000:00
[    0.627987] pci_bus 0000:00: root bus resource [io  0x0000-0x0cf7 window]
[    0.628383] pci_bus 0000:00: root bus resource [io  0x0d00-0xffff window]
[    0.628775] pci_bus 0000:00: root bus resource [mem 0x000a0000-0x000bffff window]
[    0.628967] pci_bus 0000:00: root bus resource [mem 0x80000000-0xfebfffff window]
[    0.629401] pci_bus 0000:00: root bus resource [mem 0x100000000-0x17fffffff window]
[    0.629843] pci_bus 0000:00: root bus resource [bus 00-ff]
[    0.629995] pci 0000:00:00.0: [8086:1237] type 00 class 0x060000 conventional PCI endpoint
[    0.634186] pci 0000:00:01.0: [8086:7000] type 00 class 0x060100 conventional PCI endpoint
[    0.638319] pci 0000:00:01.1: [8086:7010] type 00 class 0x010180 conventional PCI endpoint
[    0.639716] pci 0000:00:01.1: BAR 4 [io  0xc040-0xc04f]
[    0.640322] pci 0000:00:01.1: BAR 0 [io  0x01f0-0x01f7]: legacy IDE quirk
[    0.640722] pci 0000:00:01.1: BAR 1 [io  0x03f6]: legacy IDE quirk
[    0.640966] pci 0000:00:01.1: BAR 2 [io  0x0170-0x0177]: legacy IDE quirk
[    0.641470] pci 0000:00:01.1: BAR 3 [io  0x0376]: legacy IDE quirk
[    0.641979] pci 0000:00:01.3: [8086:7113] type 00 class 0x068000 conventional PCI endpoint
[    0.642682] pci 0000:00:01.3: quirk: [io  0x0600-0x063f] claimed by PIIX4 ACPI
[    0.642970] pci 0000:00:01.3: quirk: [io  0x0700-0x070f] claimed by PIIX4 SMB
[    0.643529] pci 0000:00:02.0: [1234:1111] type 00 class 0x030000 conventional PCI endpoint
[    0.644815] pci 0000:00:02.0: BAR 0 [mem 0xfd000000-0xfdffffff pref]
[    0.645565] pci 0000:00:02.0: BAR 2 [mem 0xfebf0000-0xfebf0fff]
[    0.647149] pci 0000:00:02.0: ROM [mem 0xfebe0000-0xfebeffff pref]
[    0.647566] pci 0000:00:02.0: Video device with shadowed ROM at [mem 0x000c0000-0x000dffff]
[    0.651599] pci 0000:00:03.0: [8086:100e] type 00 class 0x020000 conventional PCI endpoint
[    0.652257] pci 0000:00:03.0: BAR 0 [mem 0xfebc0000-0xfebdffff]
[    0.652889] pci 0000:00:03.0: BAR 1 [io  0xc000-0xc03f]
[    0.654254] pci 0000:00:03.0: ROM [mem 0xfeb80000-0xfebbffff pref]
[    0.659102] ACPI: PCI: Interrupt link LNKA configured for IRQ 10
[    0.659814] ACPI: PCI: Interrupt link LNKB configured for IRQ 10
[    0.661153] ACPI: PCI: Interrupt link LNKC configured for IRQ 11
[    0.661873] ACPI: PCI: Interrupt link LNKD configured for IRQ 11
[    0.662099] ACPI: PCI: Interrupt link LNKS configured for IRQ 9
[    0.663352] iommu: Default domain type: Translated
[    0.663632] iommu: DMA domain TLB invalidation policy: lazy mode
[    0.664137] SCSI subsystem initialized
[    0.664401] ACPI: bus type USB registered
[    0.664401] usbcore: registered new interface driver usbfs
[    0.664980] usbcore: registered new interface driver hub
[    0.665298] usbcore: registered new device driver usb
[    0.665627] pps_core: LinuxPPS API ver. 1 registered
[    0.665917] pps_core: Software ver. 5.3.6 - Copyright 2005-2007 Rodolfo Giometti <giometti@linux.it>
[    0.665972] PTP clock support registered
[    0.666248] Advanced Linux Sound Architecture Driver Initialized.
[    0.667026] NetLabel: Initializing
[    0.667237] NetLabel:  domain hash size = 128
[    0.667522] NetLabel:  protocols = UNLABELED CIPSOv4 CALIPSO
[    0.667891] NetLabel:  unlabeled traffic allowed by default
[    0.668002] PCI: Using ACPI for IRQ routing
[    0.668303] pci 0000:00:02.0: vgaarb: setting as boot VGA device
[    0.668325] pci 0000:00:02.0: vgaarb: bridge control possible
[    0.668660] pci 0000:00:02.0: vgaarb: VGA device added: decodes=io+mem,owns=io+mem,locks=none
[    0.668966] vgaarb: loaded
[    0.669192] hpet0: at MMIO 0xfed00000, IRQs 2, 8, 0
[    0.669480] hpet0: 3 comparators, 64-bit 100.000000 MHz counter
[    0.672003] clocksource: Switched to clocksource kvm-clock
[    0.672569] VFS: Disk quotas dquot_6.6.0
[    0.672804] VFS: Dquot-cache hash table entries: 512 (order 0, 4096 bytes)
[    0.673466] pnp: PnP ACPI init
[    0.676738] pnp: PnP ACPI: found 6 devices
[    0.684623] clocksource: acpi_pm: mask: 0xffffff max_cycles: 0xffffff, max_idle_ns: 2085701024 ns
[    0.685158] NET: Registered PF_INET protocol family
[    0.685488] IP idents hash table entries: 32768 (order: 6, 262144 bytes, linear)
[    0.686321] tcp_listen_portaddr_hash hash table entries: 1024 (order: 2, 16384 bytes, linear)
[    0.686832] Table-perturb hash table entries: 65536 (order: 6, 262144 bytes, linear)
[    0.687291] TCP established hash table entries: 16384 (order: 5, 131072 bytes, linear)
[    0.689580] TCP bind hash table entries: 16384 (order: 7, 524288 bytes, linear)
[    0.690029] TCP: Hash tables configured (established 16384 bind 16384)
[    0.690442] UDP hash table entries: 1024 (order: 4, 65536 bytes, linear)
[    0.690839] UDP-Lite hash table entries: 1024 (order: 4, 65536 bytes, linear)
[    0.691314] NET: Registered PF_UNIX/PF_LOCAL protocol family
[    0.691835] RPC: Registered named UNIX socket transport module.
[    0.692182] RPC: Registered udp transport module.
[    0.692458] RPC: Registered tcp transport module.
[    0.692736] RPC: Registered tcp-with-tls transport module.
[    0.693054] RPC: Registered tcp NFSv4.1 backchannel transport module.
[    0.693749] pci_bus 0000:00: resource 4 [io  0x0000-0x0cf7 window]
[    0.694108] pci_bus 0000:00: resource 5 [io  0x0d00-0xffff window]
[    0.694468] pci_bus 0000:00: resource 6 [mem 0x000a0000-0x000bffff window]
[    0.694871] pci_bus 0000:00: resource 7 [mem 0x80000000-0xfebfffff window]
[    0.695271] pci_bus 0000:00: resource 8 [mem 0x100000000-0x17fffffff window]
[    0.695821] pci 0000:00:01.0: PIIX3: Enabling Passive Release
[    0.696170] pci 0000:00:00.0: Limiting direct PCI/PCI transfers
[    0.696558] PCI: CLS 0 bytes, default 64
[    0.696855] RAPL PMU: API unit is 2^-32 Joules, 0 fixed counters, 10737418240 ms ovfl timer
[    0.697012] Unpacking initramfs...
[    0.697343] clocksource: tsc: mask: 0xffffffffffffffff max_cycles: 0x2df10e7656b, max_idle_ns: 440795364873 ns
[    0.701945] Initialise system trusted keyrings
[    0.702288] workingset: timestamp_bits=56 max_order=19 bucket_order=0
[    0.703053] NFS: Registering the id_resolver key type
[    0.703357] Key type id_resolver registered
[    0.703605] Key type id_legacy registered
[    0.703894] 9p: Installing v9fs 9p2000 file system support
[    0.710797] Key type asymmetric registered
[    0.711053] Asymmetric key parser 'x509' registered
[    0.711375] Block layer SCSI generic (bsg) driver version 0.4 loaded (major 251)
[    0.711820] io scheduler mq-deadline registered
[    0.712087] io scheduler kyber registered
[    0.712532] input: Power Button as /devices/LNXSYSTM:00/LNXPWRBN:00/input/input0
[    0.712687] Freeing initrd memory: 1348K
[    0.713062] ACPI: button: Power Button [PWRF]
[    0.715891] Serial: 8250/16550 driver, 4 ports, IRQ sharing enabled
[    0.716455] 00:04: ttyS0 at I/O 0x3f8 (irq = 4, base_baud = 115200) is a 16550A
[    0.717644] Non-volatile memory driver v1.3
[    0.717898] Linux agpgart interface v0.103
[    0.718226] ACPI: bus type drm_connector registered
[    0.721052] loop: module loaded
[    0.723376] scsi host0: ata_piix
[    0.723778] scsi host1: ata_piix
[    0.724050] ata1: PATA max MWDMA2 cmd 0x1f0 ctl 0x3f6 bmdma 0xc040 irq 14 lpm-pol 0
[    0.724495] ata2: PATA max MWDMA2 cmd 0x170 ctl 0x376 bmdma 0xc048 irq 15 lpm-pol 0
[    0.725575] e100: Intel(R) PRO/100 Network Driver
[    0.725855] e100: Copyright(c) 1999-2006 Intel Corporation
[    0.726185] e1000: Intel(R) PRO/1000 Network Driver
[    0.726486] e1000: Copyright (c) 1999-2006 Intel Corporation.
[    0.876827] ata2: found unknown device (class 0)
[    0.877570] ata2.00: ATAPI: QEMU DVD-ROM, 2.5+, max UDMA/100
[    0.878604] scsi 1:0:0:0: CD-ROM            QEMU     QEMU DVD-ROM     2.5+ PQ: 0 ANSI: 5
[    0.902018] sr 1:0:0:0: [sr0] scsi3-mmc drive: 4x/4x cd/rw xa/form2 tray
[    0.902449] cdrom: Uniform CD-ROM driver Revision: 3.20
[    0.915652] sr 1:0:0:0: Attached scsi generic sg0 type 5
[    1.040769] ACPI: \_SB_.LNKC: Enabled at IRQ 11
[    1.325120] e1000 0000:00:03.0 eth0: (PCI:33MHz:32-bit) 52:54:00:12:34:56
[    1.325557] e1000 0000:00:03.0 eth0: Intel(R) PRO/1000 Network Connection
[    1.325994] e1000e: Intel(R) PRO/1000 Network Driver
[    1.326289] e1000e: Copyright(c) 1999 - 2015 Intel Corporation.
[    1.326664] sky2: driver version 1.30
[    1.327126] usbcore: registered new interface driver usblp
[    1.327453] usbcore: registered new interface driver usb-storage
[    1.327836] i8042: PNP: PS/2 Controller [PNP0303:KBD,PNP0f13:MOU] at 0x60,0x64 irq 1,12
[    1.328761] serio: i8042 KBD port at 0x60,0x64 irq 1
[    1.329058] serio: i8042 AUX port at 0x60,0x64 irq 12
[    1.329541] rtc_cmos 00:05: RTC can wake from S4
[    1.330263] rtc_cmos 00:05: registered as rtc0
[    1.330583] rtc_cmos 00:05: alarms up to one day, y3k, 242 bytes nvram, hpet irqs
[    1.331258] input: AT Translated Set 2 keyboard as /devices/platform/i8042/serio0/input/input1
[    1.331933] device-mapper: ioctl: 4.48.0-ioctl (2023-03-01) initialised: dm-devel@lists.linux.dev
[    1.332919] intel_pstate: CPU model not supported
[    1.333314] hid: raw HID events driver (C) Jiri Kosina
[    1.351363] usbcore: registered new interface driver usbhid
[    1.351719] usbhid: USB HID core driver
[    1.352233] netem: version 1.3
[    1.352619] Initializing XFRM netlink socket
[    1.353007] NET: Registered PF_INET6 protocol family
[    1.353838] Segment Routing with IPv6
[    1.354080] In-situ OAM (IOAM) with IPv6
[    1.354358] sit: IPv6, IPv4 and MPLS over IPv4 tunneling driver
[    1.354919] NET: Registered PF_PACKET protocol family
[    1.355248] 9pnet: Installing 9P2000 support
[    1.355520] Key type dns_resolver registered
[    1.355991] IPI shorthand broadcast: enabled
[    1.367799] sched_clock: Marking stable (1324001022, 43725722)->(1381561931, -13835187)
[    1.368420] registered taskstats version 1
[    1.368661] Loading compiled-in X.509 certificates
[    1.376048] Demotion targets for Node 0: null
[    1.376415] PM:   Magic number: 10:781:385
[    1.376669] thermal cooling_device0: hash matches
[    1.376968] printk: legacy console [netcon0] enabled
[    1.377257] netconsole: network logging started
[    1.377602] cfg80211: Loading compiled-in X.509 certificates for regulatory database
[    1.378162] kworker/u8:1 (55) used greatest stack depth: 29152 bytes left
[    1.414407] Loaded X.509 cert 'sforshee: 00b28ddf47aef9cea7'
[    1.414897] Loaded X.509 cert 'wens: 61c038651aabdcf94bd0ac7ff06c7248db18c600'
[    1.415336] ALSA device list:
[    1.415574] platform regulatory.0: Direct firmware load for regulatory.db failed with error -2
[    1.416078] cfg80211: failed to load regulatory.db
[    1.416082]   No soundcards found.
[    1.417371] Freeing unused kernel image (initmem) memory: 6000K
[    1.417618] Write protecting the kernel read-only data: 63488k
[    1.418070] Freeing unused kernel image (rodata/data gap) memory: 1092K
[    1.426559] x86/mm: Checked W+X mappings: passed, no W+X pages found.
[    1.426851] Run /init as init process
[    1.427664] mkdir (59) used greatest stack depth: 28872 bytes left
[    1.428447] mount (60) used greatest stack depth: 28304 bytes left
[    1.428894] mount (61) used greatest stack depth: 28288 bytes left

secb: rootfs ready
---- poc begin ----
poc: starting
poc: entered user+net namespace
poc: lo up
poc: added root DRR qdisc 1:
poc: added DRR class 1:1 (netem host)
poc: added DRR class 1:2 (choke victim)
poc: added 32 dummy DRR classes
p[    1.438429] drr_dequeue: netem qdisc 2: is non-work-conserving?
oc: added NETEM qdisc 2: under 1:1
poc: added CHOKE qdisc 3: under 1:2 (qth_min=0)
poc: sent packet to NETEM (stalls dequeue on whole tree)
p[    1.439164] poc (66) used greatest stack depth: 27312 bytes left
oc: sent two packets to CHOKE (trigger missed notify)
poc: deleted DRR class 1:2 -> UAF primitive live
poc: deleted DRR class 1:1 (unblocks dequeue)
poc: nudged drr_dequeue (dereferences freed drr_class)
poc: done (if KASAN didn't splat, rerun)
---- poc end rc=0 ----
secb: poc exited without crashing the kernel
[    1.749297] input: ImExPS/2 Generic Explorer Mouse as /devices/platform/i8042/serio1/input/input3
[    2.709828] ACPI: PM: Preparing to enter system sleep state S5
[    2.710147] reboot: Power down
NO_CRASH_DETECTED
