bash: warning: setlocale: LC_ALL: cannot change locale (en_US.UTF-8)
c[?7l[2J[0mSeaBIOS (version 1.16.2-debian-1.16.2-1)


iPXE (http://ipxe.org) 00:03.0 CA00 PCI2.10 PnP PMM+BEFCEF00+BEF0EF00 CA00
Press Ctrl-B to configure iPXE (PCI 00:03.0)...                                                                               


Booting from ROM...
c[?7l[2JNo EFI environment detected.
early console in extract_kernel
input_data: 0x0000000004bc73a8
input_len: 0x00000000019d010e
output: 0x0000000001000000
output_len: 0x0000000005521208
kernel_total_size: 0x0000000005230000
needed_size: 0x0000000005600000
trampoline_32bit: 0x000000000009d000


KASLR disabled: 'nokaslr' on cmdline.


Decompressing Linux... Parsing ELF... No relocation needed... done.
Booting the kernel (entry_offset: 0x0000000000000000).
[    0.000000] Linux version 6.4.0-04323-g6acbb2cbf46e-dirty (root@buildkitsandbox) (gcc (Debian 12.2.0-14+deb12u1) 12.2.0, GNU ld (GNU Binutils for Debian) 2.40) #2 SMP PREEMPT_DYNAMIC Thu May  7 09:51:53 UTC 2026
[    0.000000] Command line: console=ttyS0 oops=panic panic=-1 nokaslr earlyprintk=serial
[    0.000000] BIOS-provided physical RAM map:
[    0.000000] BIOS-e820: [mem 0x0000000000000000-0x000000000009fbff] usable
[    0.000000] BIOS-e820: [mem 0x000000000009fc00-0x000000000009ffff] reserved
[    0.000000] BIOS-e820: [mem 0x00000000000f0000-0x00000000000fffff] reserved
[    0.000000] BIOS-e820: [mem 0x0000000000100000-0x00000000bffdffff] usable
[    0.000000] BIOS-e820: [mem 0x00000000bffe0000-0x00000000bfffffff] reserved
[    0.000000] BIOS-e820: [mem 0x00000000feffc000-0x00000000feffffff] reserved
[    0.000000] BIOS-e820: [mem 0x00000000fffc0000-0x00000000ffffffff] reserved
[    0.000000] BIOS-e820: [mem 0x0000000100000000-0x000000013fffffff] usable
[    0.000000] printk: bootconsole [earlyser0] enabled
[    0.000000] NX (Execute Disable) protection: active
[    0.000000] SMBIOS 2.8 present.
[    0.000000] DMI: QEMU Standard PC (i440FX + PIIX, 1996), BIOS 1.16.2-debian-1.16.2-1 04/01/2014
[    0.000000] Hypervisor detected: KVM
[    0.000000] kvm-clock: Using msrs 4b564d01 and 4b564d00
[    0.000002] kvm-clock: using sched offset of 497120744 cycles
[    0.001830] clocksource: kvm-clock: mask: 0xffffffffffffffff max_cycles: 0x1cd42e4dffb, max_idle_ns: 881590591483 ns
[    0.005800] tsc: Detected 2995.198 MHz processor
[    0.007999] last_pfn = 0x140000 max_arch_pfn = 0x400000000
[    0.009541] MTRR map: 4 entries (3 fixed + 1 variable; max 19), built from 8 variable MTRRs
[    0.011774] x86/PAT: Configuration [0-7]: WB  WC  UC- UC  WB  WP  UC- WT  
[    0.013709] last_pfn = 0xbffe0 max_arch_pfn = 0x400000000
[    0.020203] found SMP MP-table at [mem 0x000f5ba0-0x000f5baf]
[    0.022525] Using GB pages for direct mapping
[    0.023887] Incomplete global flushes, disabling PCID
[    0.024931] RAMDISK: [mem 0xbfe5c000-0xbffdffff]
[    0.028752] ACPI: Early table checksum verification disabled
[    0.030211] ACPI: RSDP 0x00000000000F59B0 000014 (v00 BOCHS )
[    0.031720] ACPI: RSDT 0x00000000BFFE1B33 000034 (v01 BOCHS  BXPC     00000001 BXPC 00000001)
[    0.033989] ACPI: FACP 0x00000000BFFE19DF 000074 (v01 BOCHS  BXPC     00000001 BXPC 00000001)
[    0.035976] ACPI: DSDT 0x00000000BFFE0040 00199F (v01 BOCHS  BXPC     00000001 BXPC 00000001)
[    0.038477] ACPI: FACS 0x00000000BFFE0000 000040
[    0.039994] ACPI: APIC 0x00000000BFFE1A53 000080 (v01 BOCHS  BXPC     00000001 BXPC 00000001)
[    0.042499] ACPI: HPET 0x00000000BFFE1AD3 000038 (v01 BOCHS  BXPC     00000001 BXPC 00000001)
[    0.045036] ACPI: WAET 0x00000000BFFE1B0B 000028 (v01 BOCHS  BXPC     00000001 BXPC 00000001)
[    0.047112] ACPI: Reserving FACP table memory at [mem 0xbffe19df-0xbffe1a52]
[    0.048717] ACPI: Reserving DSDT table memory at [mem 0xbffe0040-0xbffe19de]
[    0.050535] ACPI: Reserving FACS table memory at [mem 0xbffe0000-0xbffe003f]
[    0.052029] ACPI: Reserving APIC table memory at [mem 0xbffe1a53-0xbffe1ad2]
[    0.053808] ACPI: Reserving HPET table memory at [mem 0xbffe1ad3-0xbffe1b0a]
[    0.055574] ACPI: Reserving WAET table memory at [mem 0xbffe1b0b-0xbffe1b32]
[    0.058386] No NUMA configuration found
[    0.059417] Faking a node at [mem 0x0000000000000000-0x000000013fffffff]
[    0.061702] NODE_DATA(0) allocated [mem 0x13fffa000-0x13fffdfff]
[    0.064768] Zone ranges:
[    0.065961]   DMA      [mem 0x0000000000001000-0x0000000000ffffff]
[    0.068550]   DMA32    [mem 0x0000000001000000-0x00000000ffffffff]
[    0.070359]   Normal   [mem 0x0000000100000000-0x000000013fffffff]
[    0.072073] Movable zone start for each node
[    0.073205] Early memory node ranges
[    0.074096]   node   0: [mem 0x0000000000001000-0x000000000009efff]
[    0.075630]   node   0: [mem 0x0000000000100000-0x00000000bffdffff]
[    0.077396]   node   0: [mem 0x0000000100000000-0x000000013fffffff]
[    0.079031] Initmem setup node 0 [mem 0x0000000000001000-0x000000013fffffff]
[    0.081816] On node 0, zone DMA: 1 pages in unavailable ranges
[    0.081861] On node 0, zone DMA: 97 pages in unavailable ranges
[    0.118119] On node 0, zone Normal: 32 pages in unavailable ranges
[    0.340275] kasan: KernelAddressSanitizer initialized
[    0.344499] ACPI: PM-Timer IO Port: 0x608
[    0.345574] ACPI: LAPIC_NMI (acpi_id[0xff] dfl dfl lint[0x1])
[    0.347203] IOAPIC[0]: apic_id 0, version 17, address 0xfec00000, GSI 0-23
[    0.349027] ACPI: INT_SRC_OVR (bus 0 bus_irq 0 global_irq 2 dfl dfl)
[    0.350708] ACPI: INT_SRC_OVR (bus 0 bus_irq 5 global_irq 5 high level)
[    0.352467] ACPI: INT_SRC_OVR (bus 0 bus_irq 9 global_irq 9 high level)
[    0.355402] ACPI: INT_SRC_OVR (bus 0 bus_irq 10 global_irq 10 high level)
[    0.359404] ACPI: INT_SRC_OVR (bus 0 bus_irq 11 global_irq 11 high level)
[    0.364153] ACPI: Using ACPI (MADT) for SMP configuration information
[    0.365820] ACPI: HPET id: 0x8086a201 base: 0xfed00000
[    0.366996] TSC deadline timer available
[    0.368388] smpboot: Allowing 2 CPUs, 0 hotplug CPUs
[    0.369566] kvm-guest: KVM setup pv remote TLB flush
[    0.370543] kvm-guest: setup PV sched yield
[    0.371421] PM: hibernation: Registered nosave memory: [mem 0x00000000-0x00000fff]
[    0.373419] PM: hibernation: Registered nosave memory: [mem 0x0009f000-0x0009ffff]
[    0.375579] PM: hibernation: Registered nosave memory: [mem 0x000a0000-0x000effff]
[    0.377190] PM: hibernation: Registered nosave memory: [mem 0x000f0000-0x000fffff]
[    0.379001] PM: hibernation: Registered nosave memory: [mem 0xbffe0000-0xbfffffff]
[    0.381249] PM: hibernation: Registered nosave memory: [mem 0xc0000000-0xfeffbfff]
[    0.383621] PM: hibernation: Registered nosave memory: [mem 0xfeffc000-0xfeffffff]
[    0.385844] PM: hibernation: Registered nosave memory: [mem 0xff000000-0xfffbffff]
[    0.387749] PM: hibernation: Registered nosave memory: [mem 0xfffc0000-0xffffffff]
[    0.389413] [mem 0xc0000000-0xfeffbfff] available for PCI devices
[    0.390789] Booting paravirtualized kernel on KVM
[    0.392125] clocksource: refined-jiffies: mask: 0xffffffff max_cycles: 0xffffffff, max_idle_ns: 1910969940391419 ns
[    0.405092] setup_percpu: NR_CPUS:64 nr_cpumask_bits:2 nr_cpu_ids:2 nr_node_ids:1
[    0.408144] percpu: Embedded 66 pages/cpu s232168 r8192 d29976 u1048576
[    0.409915] Kernel command line: console=ttyS0 oops=panic panic=-1 nokaslr earlyprintk=serial
[    0.412109] Unknown kernel command line parameters "nokaslr", will be passed to user space.
[    0.414349] random: crng init done
[    0.417636] Dentry cache hash table entries: 524288 (order: 10, 4194304 bytes, linear)
[    0.421348] Inode-cache hash table entries: 262144 (order: 9, 2097152 bytes, linear)
[    0.423653] Fallback order for Node 0: 0 
[    0.423661] Built 1 zonelists, mobility grouping on.  Total pages: 1031904
[    0.425991] Policy zone: Normal
[    0.426645] mem auto-init: stack:all(zero), heap alloc:off, heap free:off
[    0.427964] stackdepot: allocating hash table via alloc_large_system_hash
[    0.433280] stackdepot hash table entries: 1048576 (order: 11, 8388608 bytes, linear)
[    0.434907] software IO TLB: area num 2.
[    0.508950] Memory: 3425600K/4193784K available (49152K kernel code, 7946K rwdata, 10072K rodata, 5644K init, 2948K bss, 767928K reserved, 0K cma-reserved)
[    0.513471] SLUB: HWalign=64, Order=0-3, MinObjects=0, CPUs=2, Nodes=1
Poking KASLR using RDRAND RDTSC...
[    0.518477] Dynamic Preempt: voluntary
[    0.520996] rcu: Preemptible hierarchical RCU implementation.
[    0.522498] rcu: 	RCU event tracing is enabled.
[    0.523575] rcu: 	RCU restricting CPUs from NR_CPUS=64 to nr_cpu_ids=2.
[    0.524974] 	Trampoline variant of Tasks RCU enabled.
[    0.525964] rcu: RCU calculated value of scheduler-enlistment delay is 100 jiffies.
[    0.527271] rcu: Adjusting geometry for rcu_fanout_leaf=16, nr_cpu_ids=2
[    0.542297] NR_IRQS: 4352, nr_irqs: 440, preallocated irqs: 16
[    0.544655] rcu: srcu_init: Setting srcu_struct sizes based on contention.
[    0.558530] Console: colour VGA+ 80x25
[    0.559890] printk: console [ttyS0] enabled
[    0.559890] printk: console [ttyS0] enabled
[    0.562012] printk: bootconsole [earlyser0] disabled
[    0.562012] printk: bootconsole [earlyser0] disabled
[    0.563627] ACPI: Core revision 20230331
[    0.564534] clocksource: hpet: mask: 0xffffffff max_cycles: 0xffffffff, max_idle_ns: 19112604467 ns
[    0.566517] APIC: Switch to symmetric I/O mode setup
[    0.567651] kvm-guest: setup PV IPIs
[    0.570429] ..TIMER: vector=0x30 apic1=0 pin1=2 apic2=-1 pin2=-1
[    0.572422] clocksource: tsc-early: mask: 0xffffffffffffffff max_cycles: 0x2b2c8d6afc8, max_idle_ns: 440795331172 ns
[    0.575144] Calibrating delay loop (skipped) preset value.. 5990.39 BogoMIPS (lpj=2995198)
[    0.577151] x86/cpu: User Mode Instruction Prevention (UMIP) activated
[    0.578424] Last level iTLB entries: 4KB 0, 2MB 0, 4MB 0
[    0.579142] Last level dTLB entries: 4KB 0, 2MB 0, 4MB 0, 1GB 0
[    0.580162] Spectre V1 : Mitigation: usercopy/swapgs barriers and __user pointer sanitization
[    0.581148] Spectre V2 : Mitigation: Enhanced / Automatic IBRS
[    0.582140] Spectre V2 : Spectre v2 / SpectreRSB mitigation: Filling RSB on context switch
[    0.583141] Spectre V2 : Spectre v2 / PBRSB-eIBRS: Retire a single CALL on VMEXIT
[    0.584141] RETBleed: Mitigation: Enhanced IBRS
[    0.585145] Spectre V2 : mitigation: Enabling conditional Indirect Branch Prediction Barrier
[    0.586143] Speculative Store Bypass: Mitigation: Speculative Store Bypass disabled via prctl
[    0.587142] MMIO Stale Data: Unknown: No mitigations
[    0.588183] x86/fpu: Supporting XSAVE feature 0x001: 'x87 floating point registers'
[    0.589142] x86/fpu: Supporting XSAVE feature 0x002: 'SSE registers'
[    0.590141] x86/fpu: Supporting XSAVE feature 0x004: 'AVX registers'
[    0.591142] x86/fpu: xstate_offset[2]:  576, xstate_sizes[2]:  256
[    0.592142] x86/fpu: Enabled xstate features 0x7, context size is 832 bytes, using 'compacted' format.
[    0.612262] Freeing SMP alternatives memory: 44K
[    0.613144] pid_max: default: 32768 minimum: 301
[    0.614214] LSM: initializing lsm=capability,selinux,integrity
[    0.615165] SELinux:  Initializing.
[    0.616222] Mount-cache hash table entries: 8192 (order: 4, 65536 bytes, linear)
[    0.617145] Mountpoint-cache hash table entries: 8192 (order: 4, 65536 bytes, linear)
[    0.620132] smpboot: CPU0: 13th Gen Intel(R) Core(TM) i9-13900H (family: 0x6, model: 0xba, stepping: 0x2)
[    0.620350] RCU Tasks: Setting shift to 1 and lim to 1 rcu_task_cb_adjust=1.
[    0.621212] Performance Events: unsupported p6 CPU model 186 no PMU driver, software events only.
[    0.622205] signal: max sigframe size: 1776
[    0.623218] rcu: Hierarchical SRCU implementation.
[    0.624147] rcu: 	Max phase no-delay instances is 400.
[    0.625657] smp: Bringing up secondary CPUs ...
[    0.626353] smpboot: x86: Booting SMP configuration:
[    0.627147] .... node  #0, CPUs:      #1
[    0.628223] smp: Brought up 1 node, 2 CPUs
[    0.630158] smpboot: Max logical packages: 1
[    0.631153] smpboot: Total of 2 processors activated (11980.79 BogoMIPS)
[    0.633686] devtmpfs: initialized
[    0.636289] clocksource: jiffies: mask: 0xffffffff max_cycles: 0xffffffff, max_idle_ns: 1911260446275000 ns
[    0.637150] futex hash table entries: 512 (order: 3, 32768 bytes, linear)
[    0.638421] PM: RTC time: 09:52:27, date: 2026-05-07
[    0.639795] NET: Registered PF_NETLINK/PF_ROUTE protocol family
[    0.640518] audit: initializing netlink subsys (disabled)
[    0.642174] audit: type=2000 audit(1778147548.083:1): state=initialized audit_enabled=0 res=1
[    0.642464] thermal_sys: Registered thermal governor 'step_wise'
[    0.643149] thermal_sys: Registered thermal governor 'user_space'
[    0.644180] cpuidle: using governor menu
[    0.647079] PCI: Using configuration type 1 for base access
[    0.647358] kprobes: kprobe jump-optimization is enabled. All kprobes are optimized if possible.
[    0.650365] HugeTLB: registered 2.00 MiB page size, pre-allocated 0 pages
[    0.652150] HugeTLB: 28 KiB vmemmap can be freed for a 2.00 MiB page
[    0.653957] ACPI: Added _OSI(Module Device)
[    0.655147] ACPI: Added _OSI(Processor Device)
[    0.656145] ACPI: Added _OSI(3.0 _SCP Extensions)
[    0.657144] ACPI: Added _OSI(Processor Aggregator Device)
[    0.668893] ACPI: 1 ACPI AML tables successfully acquired and loaded
[    0.744526] ACPI: Interpreter enabled
[    0.745193] ACPI: PM: (supports S0 S3 S4 S5)
[    0.746177] ACPI: Using IOAPIC for interrupt routing
[    0.747469] PCI: Using host bridge windows from ACPI; if necessary, use "pci=nocrs" and report a bug
[    0.748145] PCI: Using E820 reservations for host bridge windows
[    0.749794] ACPI: Enabled 2 GPEs in block 00 to 0F
[    0.766322] ACPI: PCI Root Bridge [PCI0] (domain 0000 [bus 00-ff])
[    0.767175] acpi PNP0A03:00: _OSC: OS supports [ASPM ClockPM Segments MSI HPX-Type3]
[    0.768147] acpi PNP0A03:00: _OSC: not requesting OS control; OS requires [ExtendedConfig ASPM ClockPM MSI]
[    0.769577] acpi PNP0A03:00: fail to add MMCONFIG information, can't access extended configuration space under this bridge
[    0.770609] PCI host bridge to bus 0000:00
[    0.771150] pci_bus 0000:00: root bus resource [io  0x0000-0x0cf7 window]
[    0.772146] pci_bus 0000:00: root bus resource [io  0x0d00-0xffff window]
[    0.773147] pci_bus 0000:00: root bus resource [mem 0x000a0000-0x000bffff window]
[    0.774148] pci_bus 0000:00: root bus resource [mem 0xc0000000-0xfebfffff window]
[    0.775148] pci_bus 0000:00: root bus resource [mem 0x140000000-0x1bfffffff window]
[    0.776164] pci_bus 0000:00: root bus resource [bus 00-ff]
[    0.777327] pci 0000:00:00.0: [8086:1237] type 00 class 0x060000
[    0.784299] pci 0000:00:01.0: [8086:7000] type 00 class 0x060100
[    0.791218] pci 0000:00:01.1: [8086:7010] type 00 class 0x010180
[    0.794019] pci 0000:00:01.1: reg 0x20: [io  0xc040-0xc04f]
[    0.794918] pci 0000:00:01.1: legacy IDE quirk: reg 0x10: [io  0x01f0-0x01f7]
[    0.795148] pci 0000:00:01.1: legacy IDE quirk: reg 0x14: [io  0x03f6]
[    0.796149] pci 0000:00:01.1: legacy IDE quirk: reg 0x18: [io  0x0170-0x0177]
[    0.797145] pci 0000:00:01.1: legacy IDE quirk: reg 0x1c: [io  0x0376]
[    0.798540] pci 0000:00:01.3: [8086:7113] type 00 class 0x068000
[    0.800248] pci 0000:00:01.3: quirk: [io  0x0600-0x063f] claimed by PIIX4 ACPI
[    0.801160] pci 0000:00:01.3: quirk: [io  0x0700-0x070f] claimed by PIIX4 SMB
[    0.802721] pci 0000:00:02.0: [1234:1111] type 00 class 0x030000
[    0.804691] pci 0000:00:02.0: reg 0x10: [mem 0xfd000000-0xfdffffff pref]
[    0.807212] pci 0000:00:02.0: reg 0x18: [mem 0xfebf0000-0xfebf0fff]
[    0.811240] pci 0000:00:02.0: reg 0x30: [mem 0xfebe0000-0xfebeffff pref]
[    0.812514] pci 0000:00:02.0: Video device with shadowed ROM at [mem 0x000c0000-0x000dffff]
[    0.818658] pci 0000:00:03.0: [8086:100e] type 00 class 0x020000
[    0.820148] pci 0000:00:03.0: reg 0x10: [mem 0xfebc0000-0xfebdffff]
[    0.822023] pci 0000:00:03.0: reg 0x14: [io  0xc000-0xc03f]
[    0.826176] pci 0000:00:03.0: reg 0x30: [mem 0xfeb80000-0xfebbffff pref]
[    0.835026] ACPI: PCI: Interrupt link LNKA configured for IRQ 10
[    0.835696] ACPI: PCI: Interrupt link LNKB configured for IRQ 10
[    0.837008] ACPI: PCI: Interrupt link LNKC configured for IRQ 11
[    0.837649] ACPI: PCI: Interrupt link LNKD configured for IRQ 11
[    0.838727] ACPI: PCI: Interrupt link LNKS configured for IRQ 9
[    0.840710] iommu: Default domain type: Translated 
[    0.841161] iommu: DMA domain TLB invalidation policy: lazy mode 
[    0.842789] SCSI subsystem initialized
[    0.843487] ACPI: bus type USB registered
[    0.844138] usbcore: registered new interface driver usbfs
[    0.846171] usbcore: registered new interface driver hub
[    0.847181] usbcore: registered new device driver usb
[    0.848209] pps_core: LinuxPPS API ver. 1 registered
[    0.850148] pps_core: Software ver. 5.3.6 - Copyright 2005-2007 Rodolfo Giometti <giometti@linux.it>
[    0.852175] PTP clock support registered
[    0.853318] Advanced Linux Sound Architecture Driver Initialized.
[    0.855708] NetLabel: Initializing
[    0.857146] NetLabel:  domain hash size = 128
[    0.858145] NetLabel:  protocols = UNLABELED CIPSOv4 CALIPSO
[    0.859194] NetLabel:  unlabeled traffic allowed by default
[    0.861200] PCI: Using ACPI for IRQ routing
[    0.862473] pci 0000:00:02.0: vgaarb: setting as boot VGA device
[    0.863138] pci 0000:00:02.0: vgaarb: bridge control possible
[    0.863138] pci 0000:00:02.0: vgaarb: VGA device added: decodes=io+mem,owns=io+mem,locks=none
[    0.868150] vgaarb: loaded
[    0.869128] hpet0: at MMIO 0xfed00000, IRQs 2, 8, 0
[    0.870147] hpet0: 3 comparators, 64-bit 100.000000 MHz counter
[    0.874241] clocksource: Switched to clocksource kvm-clock
[    0.911450] VFS: Disk quotas dquot_6.6.0
[    0.912670] VFS: Dquot-cache hash table entries: 512 (order 0, 4096 bytes)
[    0.914432] pnp: PnP ACPI init
[    0.916571] pnp: PnP ACPI: found 6 devices
[    0.930247] clocksource: acpi_pm: mask: 0xffffff max_cycles: 0xffffff, max_idle_ns: 2085701024 ns
[    0.932485] NET: Registered PF_INET protocol family
[    0.934481] IP idents hash table entries: 65536 (order: 7, 524288 bytes, linear)
[    0.937485] tcp_listen_portaddr_hash hash table entries: 2048 (order: 3, 32768 bytes, linear)
[    0.940081] Table-perturb hash table entries: 65536 (order: 6, 262144 bytes, linear)
[    0.942494] TCP established hash table entries: 32768 (order: 6, 262144 bytes, linear)
[    0.946188] TCP bind hash table entries: 32768 (order: 8, 1048576 bytes, linear)
[    0.949241] TCP: Hash tables configured (established 32768 bind 32768)
[    0.951142] UDP hash table entries: 2048 (order: 4, 65536 bytes, linear)
[    0.952440] UDP-Lite hash table entries: 2048 (order: 4, 65536 bytes, linear)
[    0.954186] NET: Registered PF_UNIX/PF_LOCAL protocol family
[    0.956556] RPC: Registered named UNIX socket transport module.
[    0.958222] RPC: Registered udp transport module.
[    0.959763] RPC: Registered tcp transport module.
[    0.961028] RPC: Registered tcp NFSv4.1 backchannel transport module.
[    0.963478] pci_bus 0000:00: resource 4 [io  0x0000-0x0cf7 window]
[    0.965095] pci_bus 0000:00: resource 5 [io  0x0d00-0xffff window]
[    0.966252] pci_bus 0000:00: resource 6 [mem 0x000a0000-0x000bffff window]
[    0.967755] pci_bus 0000:00: resource 7 [mem 0xc0000000-0xfebfffff window]
[    0.969361] pci_bus 0000:00: resource 8 [mem 0x140000000-0x1bfffffff window]
[    0.971130] pci 0000:00:01.0: PIIX3: Enabling Passive Release
[    0.972533] pci 0000:00:00.0: Limiting direct PCI/PCI transfers
[    0.973997] PCI: CLS 0 bytes, default 64
[    0.975225] PCI-DMA: Using software bounce buffering for IO (SWIOTLB)
[    0.975401] Unpacking initramfs...
[    0.977378] software IO TLB: mapped [mem 0x00000000bbe5c000-0x00000000bfe5c000] (64MB)
[    0.980730] RAPL PMU: API unit is 2^-32 Joules, 0 fixed counters, 10737418240 ms ovfl timer
[    0.983860] clocksource: tsc: mask: 0xffffffffffffffff max_cycles: 0x2b2c8d6afc8, max_idle_ns: 440795331172 ns
[    0.988130] Initialise system trusted keyrings
[    0.989707] workingset: timestamp_bits=56 max_order=20 bucket_order=0
[    0.992628] NFS: Registering the id_resolver key type
[    0.995840] Key type id_resolver registered
[    0.997513] Key type id_legacy registered
[    0.999279] 9p: Installing v9fs 9p2000 file system support
[    1.004957] Freeing initrd memory: 1552K
[    1.009628] Key type asymmetric registered
[    1.011384] Asymmetric key parser 'x509' registered
[    1.013291] Block layer SCSI generic (bsg) driver version 0.4 loaded (major 251)
[    1.015446] io scheduler mq-deadline registered
[    1.016694] io scheduler kyber registered
[    1.019096] input: Power Button as /devices/LNXSYSTM:00/LNXPWRBN:00/input/input0
[    1.021503] ACPI: button: Power Button [PWRF]
[    1.023337] Serial: 8250/16550 driver, 4 ports, IRQ sharing enabled
[    1.025297] 00:04: ttyS0 at I/O 0x3f8 (irq = 4, base_baud = 115200) is a 16550A
[    1.028197] Non-volatile memory driver v1.3
[    1.029451] Linux agpgart interface v0.103
[    1.030691] ACPI: bus type drm_connector registered
[    1.038908] loop: module loaded
[    1.041939] scsi host0: ata_piix
[    1.046974] scsi host1: ata_piix
[    1.048201] ata1: PATA max MWDMA2 cmd 0x1f0 ctl 0x3f6 bmdma 0xc040 irq 14
[    1.050493] ata2: PATA max MWDMA2 cmd 0x170 ctl 0x376 bmdma 0xc048 irq 15
[    1.053890] e100: Intel(R) PRO/100 Network Driver
[    1.055266] e100: Copyright(c) 1999-2006 Intel Corporation
[    1.056841] e1000: Intel(R) PRO/1000 Network Driver
[    1.058257] e1000: Copyright (c) 1999-2006 Intel Corporation.
[    1.204659] ata2: found unknown device (class 0)
[    1.206590] ata2.00: ATAPI: QEMU DVD-ROM, 2.5+, max UDMA/100
[    1.209433] scsi 1:0:0:0: CD-ROM            QEMU     QEMU DVD-ROM     2.5+ PQ: 0 ANSI: 5
[    1.226774] sr 1:0:0:0: [sr0] scsi3-mmc drive: 4x/4x cd/rw xa/form2 tray
[    1.228507] cdrom: Uniform CD-ROM driver Revision: 3.20
[    1.518434] ACPI: \_SB_.LNKC: Enabled at IRQ 11
[    1.888179] e1000 0000:00:03.0 eth0: (PCI:33MHz:32-bit) 52:54:00:12:34:56
[    1.890900] e1000 0000:00:03.0 eth0: Intel(R) PRO/1000 Network Connection
[    1.894239] e1000e: Intel(R) PRO/1000 Network Driver
[    1.895366] e1000e: Copyright(c) 1999 - 2015 Intel Corporation.
[    1.896680] sky2: driver version 1.30
[    1.897990] usbcore: registered new interface driver usblp
[    1.900138] usbcore: registered new interface driver usb-storage
[    1.902784] i8042: PNP: PS/2 Controller [PNP0303:KBD,PNP0f13:MOU] at 0x60,0x64 irq 1,12
[    1.907178] serio: i8042 KBD port at 0x60,0x64 irq 1
[    1.908339] serio: i8042 AUX port at 0x60,0x64 irq 12
[    1.910649] rtc_cmos 00:05: RTC can wake from S4
[    1.912971] input: AT Translated Set 2 keyboard as /devices/platform/i8042/serio0/input/input1
[    1.915665] rtc_cmos 00:05: registered as rtc0
[    1.918630] rtc_cmos 00:05: alarms up to one day, y3k, 242 bytes nvram, hpet irqs
[    1.922226] device-mapper: ioctl: 4.48.0-ioctl (2023-03-01) initialised: dm-devel@redhat.com
[    1.924201] intel_pstate: CPU model not supported
[    1.925613] hid: raw HID events driver (C) Jiri Kosina
[    1.927328] usbcore: registered new interface driver usbhid
[    1.928996] usbhid: USB HID core driver
[    1.932535] Initializing XFRM netlink socket
[    1.933737] NET: Registered PF_INET6 protocol family
[    1.935587] Segment Routing with IPv6
[    1.936549] In-situ OAM (IOAM) with IPv6
[    1.937648] sit: IPv6, IPv4 and MPLS over IPv4 tunneling driver
[    1.941501] NET: Registered PF_PACKET protocol family
[    1.942783] 9pnet: Installing 9P2000 support
[    1.944445] Key type dns_resolver registered
[    1.946391] IPI shorthand broadcast: enabled
[    1.962641] sched_clock: Marking stable (1937008343, 25105015)->(2066411436, -104298078)
[    1.966535] registered taskstats version 1
[    1.968224] Loading compiled-in X.509 certificates
[    1.977900] PM:   Magic number: 10:810:878
[    1.979139] printk: console [netcon0] enabled
[    1.980897] netconsole: network logging started
[    1.982310] cfg80211: Loading compiled-in X.509 certificates for regulatory database
[    1.986170] kworker/u4:1 (51) used greatest stack depth: 29536 bytes left
[    1.989563] Loaded X.509 cert 'sforshee: 00b28ddf47aef9cea7'
[    1.991005] platform regulatory.0: Direct firmware load for regulatory.db failed with error -2
[    1.991478] ALSA device list:
[    1.992983] cfg80211: failed to load regulatory.db
[    1.993791]   No soundcards found.
[    1.996948] Freeing unused kernel image (initmem) memory: 5644K
[    2.008283] Write protecting the kernel read-only data: 59392k
[    2.009340] Freeing unused kernel image (rodata/data gap) memory: 168K
[    2.020020] x86/mm: Checked W+X mappings: passed, no W+X pages found.
[    2.021275] Run /init as init process
[    2.025369] mount (55) used greatest stack depth: 28760 bytes left

secb: rootfs ready
---- poc begin ----
[*] batch 1: NEWTABLE t1
[*] batch 2: NEWCHAIN chain4 + NEWCHAIN chain3 (regular victims)
[*] batch 3 (TRIGGER): build chain2(BIND)+chain1(HOOK) + NEWRULE/DELRULE x2 in chain2 + dangling rules in chain1 + NEWRULE/DELRULE rule_1_2
    [!] b3 ack seq=10 err=95 (Operation not supported)
    [!] b3 ack seq=11 err=95 (Operation not supported)
    [!] b3 ack seq=12 err=95 (Operation not supported)
    [!] b3 ack seq=13 err=95 (Operation not supported)
    [!] b3 ack seq=16 err=22 (Invalid argument)
    [!] b3 ack seq=17 err=2 (No such file or directory)
[*] batch 4: DELCHAIN chain3 (use is underflowed -> kernel frees nft_chain)
[*] GETRULE dump (nft_verdict_dump reads freed chain->name)
[+] poc finished
[    2.253132] poc (61) used greatest stack depth: 27064 bytes left
---- poc end rc=0 ----
secb: poc exited without crashing the kernel
[    2.543437] input: ImExPS/2 Generic Explorer Mouse as /devices/platform/i8042/serio1/input/input3
[    3.697742] ACPI: PM: Preparing to enter system sleep state S5
[    3.698875] reboot: Power down
NO_CRASH_DETECTED
