bash: warning: setlocale: LC_ALL: cannot change locale (en_US.UTF-8)
c[?7l[2J[0mSeaBIOS (version 1.16.2-debian-1.16.2-1)


iPXE (http://ipxe.org) 00:03.0 CA00 PCI2.10 PnP PMM+7EFCEF00+7EF0EF00 CA00
Press Ctrl-B to configure iPXE (PCI 00:03.0)...                                                                               


Booting from ROM..c[?7l[2J[    0.000000] Linux version 6.15.0-rc7-00101-g0df8af65a6a2-dirty (root@buildkitsandbox) (gcc (Debian 12.2.0-14+deb12u1) 12.2.0, GNU ld (GNU Binutils for Debian) 2.40) #2 SMP PREEMPT_DYNAMIC Tue May  5 16:46:19 UTC 2026
[    0.000000] Command line: console=ttyS0 oops=panic nokaslr rdinit=/init
[    0.000000] BIOS-provided physical RAM map:
[    0.000000] BIOS-e820: [mem 0x0000000000000000-0x000000000009fbff] usable
[    0.000000] BIOS-e820: [mem 0x000000000009fc00-0x000000000009ffff] reserved
[    0.000000] BIOS-e820: [mem 0x00000000000f0000-0x00000000000fffff] reserved
[    0.000000] BIOS-e820: [mem 0x0000000000100000-0x000000007ffdffff] usable
[    0.000000] BIOS-e820: [mem 0x000000007ffe0000-0x000000007fffffff] reserved
[    0.000000] BIOS-e820: [mem 0x00000000feffc000-0x00000000feffffff] reserved
[    0.000000] BIOS-e820: [mem 0x00000000fffc0000-0x00000000ffffffff] reserved
[    0.000000] NX (Execute Disable) protection: active
[    0.000000] APIC: Static calls initialized
[    0.000000] SMBIOS 2.8 present.
[    0.000000] DMI: QEMU Standard PC (i440FX + PIIX, 1996), BIOS 1.16.2-debian-1.16.2-1 04/01/2014
[    0.000000] DMI: Memory slots populated: 1/1
[    0.000000] Hypervisor detected: KVM
[    0.000000] kvm-clock: Using msrs 4b564d01 and 4b564d00
[    0.000000] kvm-clock: using sched offset of 307773498 cycles
[    0.000002] clocksource: kvm-clock: mask: 0xffffffffffffffff max_cycles: 0x1cd42e4dffb, max_idle_ns: 881590591483 ns
[    0.000003] tsc: Detected 3187.200 MHz processor
[    0.000302] last_pfn = 0x7ffe0 max_arch_pfn = 0x400000000
[    0.000320] MTRR map: 4 entries (3 fixed + 1 variable; max 19), built from 8 variable MTRRs
[    0.000322] x86/PAT: Configuration [0-7]: WB  WC  UC- UC  WB  WP  UC- WT  
[    0.002394] found SMP MP-table at [mem 0x000f5ba0-0x000f5baf]
[    0.002399] Using GB pages for direct mapping
[    0.002477] RAMDISK: [mem 0x7fe8f000-0x7ffdffff]
[    0.002481] ACPI: Early table checksum verification disabled
[    0.002483] ACPI: RSDP 0x00000000000F59D0 000014 (v00 BOCHS )
[    0.002486] ACPI: RSDT 0x000000007FFE1B33 000034 (v01 BOCHS  BXPC     00000001 BXPC 00000001)
[    0.002491] ACPI: FACP 0x000000007FFE19DF 000074 (v01 BOCHS  BXPC     00000001 BXPC 00000001)
[    0.002494] ACPI: DSDT 0x000000007FFE0040 00199F (v01 BOCHS  BXPC     00000001 BXPC 00000001)
[    0.002497] ACPI: FACS 0x000000007FFE0000 000040
[    0.002498] ACPI: APIC 0x000000007FFE1A53 000080 (v01 BOCHS  BXPC     00000001 BXPC 00000001)
[    0.002500] ACPI: HPET 0x000000007FFE1AD3 000038 (v01 BOCHS  BXPC     00000001 BXPC 00000001)
[    0.002501] ACPI: WAET 0x000000007FFE1B0B 000028 (v01 BOCHS  BXPC     00000001 BXPC 00000001)
[    0.002503] ACPI: Reserving FACP table memory at [mem 0x7ffe19df-0x7ffe1a52]
[    0.002504] ACPI: Reserving DSDT table memory at [mem 0x7ffe0040-0x7ffe19de]
[    0.002504] ACPI: Reserving FACS table memory at [mem 0x7ffe0000-0x7ffe003f]
[    0.002505] ACPI: Reserving APIC table memory at [mem 0x7ffe1a53-0x7ffe1ad2]
[    0.002505] ACPI: Reserving HPET table memory at [mem 0x7ffe1ad3-0x7ffe1b0a]
[    0.002506] ACPI: Reserving WAET table memory at [mem 0x7ffe1b0b-0x7ffe1b32]
[    0.002681] No NUMA configuration found
[    0.002682] Faking a node at [mem 0x0000000000000000-0x000000007ffdffff]
[    0.002683] NODE_DATA(0) allocated [mem 0x7fe8b800-0x7fe8efff]
[    0.002691] Zone ranges:
[    0.002691]   DMA      [mem 0x0000000000001000-0x0000000000ffffff]
[    0.002692]   DMA32    [mem 0x0000000001000000-0x000000007ffdffff]
[    0.002693]   Normal   empty
[    0.002694] Movable zone start for each node
[    0.002694] Early memory node ranges
[    0.002694]   node   0: [mem 0x0000000000001000-0x000000000009efff]
[    0.002695]   node   0: [mem 0x0000000000100000-0x000000007ffdffff]
[    0.002696] Initmem setup node 0 [mem 0x0000000000001000-0x000000007ffdffff]
[    0.004019] On node 0, zone DMA: 1 pages in unavailable ranges
[    0.004053] On node 0, zone DMA: 97 pages in unavailable ranges
[    0.022347] On node 0, zone DMA32: 32 pages in unavailable ranges
[    0.186678] kasan: KernelAddressSanitizer initialized
[    0.186901] ACPI: PM-Timer IO Port: 0x608
[    0.186912] ACPI: LAPIC_NMI (acpi_id[0xff] dfl dfl lint[0x1])
[    0.186943] IOAPIC[0]: apic_id 0, version 17, address 0xfec00000, GSI 0-23
[    0.186945] ACPI: INT_SRC_OVR (bus 0 bus_irq 0 global_irq 2 dfl dfl)
[    0.186947] ACPI: INT_SRC_OVR (bus 0 bus_irq 5 global_irq 5 high level)
[    0.186948] ACPI: INT_SRC_OVR (bus 0 bus_irq 9 global_irq 9 high level)
[    0.186948] ACPI: INT_SRC_OVR (bus 0 bus_irq 10 global_irq 10 high level)
[    0.186949] ACPI: INT_SRC_OVR (bus 0 bus_irq 11 global_irq 11 high level)
[    0.186951] ACPI: Using ACPI (MADT) for SMP configuration information
[    0.186952] ACPI: HPET id: 0x8086a201 base: 0xfed00000
[    0.186955] TSC deadline timer available
[    0.186957] CPU topo: Max. logical packages:   1
[    0.186958] CPU topo: Max. logical dies:       1
[    0.186958] CPU topo: Max. dies per package:   1
[    0.186960] CPU topo: Max. threads per core:   1
[    0.186961] CPU topo: Num. cores per package:     2
[    0.186961] CPU topo: Num. threads per package:   2
[    0.186962] CPU topo: Allowing 2 present CPUs plus 0 hotplug CPUs
[    0.186975] kvm-guest: APIC: eoi() replaced with kvm_guest_apic_eoi_write()
[    0.186989] kvm-guest: KVM setup pv remote TLB flush
[    0.186991] kvm-guest: setup PV sched yield
[    0.186996] PM: hibernation: Registered nosave memory: [mem 0x00000000-0x00000fff]
[    0.186997] PM: hibernation: Registered nosave memory: [mem 0x0009f000-0x000fffff]
[    0.186998] [mem 0x80000000-0xfeffbfff] available for PCI devices
[    0.186999] Booting paravirtualized kernel on KVM
[    0.187001] clocksource: refined-jiffies: mask: 0xffffffff max_cycles: 0xffffffff, max_idle_ns: 1910969940391419 ns
[    0.195784] setup_percpu: NR_CPUS:64 nr_cpumask_bits:2 nr_cpu_ids:2 nr_node_ids:1
[    0.196589] percpu: Embedded 63 pages/cpu s220760 r8192 d29096 u1048576
[    0.196616] Kernel command line: console=ttyS0 oops=panic nokaslr rdinit=/init
[    0.196657] random: crng init done
[    0.196658] printk: log buffer data + meta data: 262144 + 917504 = 1179648 bytes
[    0.196719] Dentry cache hash table entries: 262144 (order: 9, 2097152 bytes, linear)
[    0.197443] Inode-cache hash table entries: 131072 (order: 8, 1048576 bytes, linear)
[    0.197479] Fallback order for Node 0: 0 
[    0.197482] Built 1 zonelists, mobility grouping on.  Total pages: 524158
[    0.197482] Policy zone: DMA32
[    0.197483] mem auto-init: stack:all(zero), heap alloc:off, heap free:off
[    0.197484] stackdepot: allocating hash table via alloc_large_system_hash
[    0.197485] stackdepot hash table entries: 1048576 (order: 12, 16777216 bytes, linear)
[    0.227370] SLUB: HWalign=64, Order=0-3, MinObjects=0, CPUs=2, Nodes=1
[    0.228353] Dynamic Preempt: voluntary
[    0.230086] rcu: Preemptible hierarchical RCU implementation.
[    0.230088] rcu: 	RCU event tracing is enabled.
[    0.230088] rcu: 	RCU restricting CPUs from NR_CPUS=64 to nr_cpu_ids=2.
[    0.230090] 	Trampoline variant of Tasks RCU enabled.
[    0.230090] 	Tracing variant of Tasks RCU enabled.
[    0.230091] rcu: RCU calculated value of scheduler-enlistment delay is 100 jiffies.
[    0.230091] rcu: Adjusting geometry for rcu_fanout_leaf=16, nr_cpu_ids=2
[    0.230109] RCU Tasks: Setting shift to 1 and lim to 1 rcu_task_cb_adjust=1 rcu_task_cpu_ids=2.
[    0.230111] RCU Tasks Trace: Setting shift to 1 and lim to 1 rcu_task_cb_adjust=1 rcu_task_cpu_ids=2.
[    0.238382] NR_IRQS: 4352, nr_irqs: 440, preallocated irqs: 16
[    0.238615] rcu: srcu_init: Setting srcu_struct sizes based on contention.
[    0.240857] Console: colour VGA+ 80x25
[    0.240888] printk: legacy console [ttyS0] enabled
[    0.279235] ACPI: Core revision 20240827
[    0.279573] clocksource: hpet: mask: 0xffffffff max_cycles: 0xffffffff, max_idle_ns: 19112604467 ns
[    0.280135] APIC: Switch to symmetric I/O mode setup
[    0.280516] x2apic enabled
[    0.280820] APIC: Switched APIC routing to: physical x2apic
[    0.281143] kvm-guest: APIC: send_IPI_mask() replaced with kvm_send_ipi_mask()
[    0.281547] kvm-guest: APIC: send_IPI_mask_allbutself() replaced with kvm_send_ipi_mask_allbutself()
[    0.282053] kvm-guest: setup PV IPIs
[    0.282876] ..TIMER: vector=0x30 apic1=0 pin1=2 apic2=-1 pin2=-1
[    0.283237] clocksource: tsc-early: mask: 0xffffffffffffffff max_cycles: 0x2df10e7656b, max_idle_ns: 440795364873 ns
[    0.283822] Calibrating delay loop (skipped) preset value.. 6374.40 BogoMIPS (lpj=3187200)
[    0.284895] x86/cpu: User Mode Instruction Prevention (UMIP) activated
[    0.285307] Last level iTLB entries: 4KB 0, 2MB 0, 4MB 0
[    0.285602] Last level dTLB entries: 4KB 0, 2MB 0, 4MB 0, 1GB 0
[    0.285825] Spectre V1 : Mitigation: usercopy/swapgs barriers and __user pointer sanitization
[    0.286311] Spectre V2 : Spectre BHI mitigation: SW BHB clearing on syscall and VM exit
[    0.286819] Spectre V2 : Mitigation: Enhanced / Automatic IBRS
[    0.287148] Spectre V2 : Spectre v2 / PBRSB-eIBRS: Retire a single CALL on VMEXIT
[    0.287821] Spectre V2 : mitigation: Enabling conditional Indirect Branch Prediction Barrier
[    0.288291] Speculative Store Bypass: Mitigation: Speculative Store Bypass disabled via prctl
[    0.288766] MMIO Stale Data: Unknown: No mitigations
[    0.288820] ITS: Mitigation: Aligned branch/return thunks
[    0.289135] x86/fpu: Supporting XSAVE feature 0x001: 'x87 floating point registers'
[    0.289819] x86/fpu: Supporting XSAVE feature 0x002: 'SSE registers'
[    0.290184] x86/fpu: Supporting XSAVE feature 0x004: 'AVX registers'
[    0.290551] x86/fpu: Supporting XSAVE feature 0x200: 'Protection Keys User registers'
[    0.290820] x86/fpu: xstate_offset[2]:  576, xstate_sizes[2]:  256
[    0.291176] x86/fpu: xstate_offset[9]:  832, xstate_sizes[9]:    8
[    0.291531] x86/fpu: Enabled xstate features 0x207, context size is 840 bytes, using 'compacted' format.
[    0.309608] Freeing SMP alternatives memory: 52K
[    0.309822] pid_max: default: 32768 minimum: 301
[    0.310134] LSM: initializing lsm=capability,selinux
[    0.310445] SELinux:  Initializing.
[    0.310914] Mount-cache hash table entries: 4096 (order: 3, 32768 bytes, linear)
[    0.311348] Mountpoint-cache hash table entries: 4096 (order: 3, 32768 bytes, linear)
[    0.312209] smpboot: CPU0: Intel(R) Core(TM) i9-14900K (family: 0x6, model: 0xb7, stepping: 0x1)
[    0.312819] Performance Events: unsupported CPU family 6 model 183 no PMU driver, software events only.
[    0.312843] signal: max sigframe size: 3632
[    0.313116] rcu: Hierarchical SRCU implementation.
[    0.313395] rcu: 	Max phase no-delay instances is 400.
[    0.313749] Timer migration: 1 hierarchy levels; 8 children per group; 1 crossnode level
[    0.315713] smp: Bringing up secondary CPUs ...
[    0.315949] smpboot: x86: Booting SMP configuration:
[    0.316239] .... node  #0, CPUs:      #1
[    0.316326] smp: Brought up 1 node, 2 CPUs
[    0.317062] smpboot: Total of 2 processors activated (12748.80 BogoMIPS)
[    0.317534] Memory: 1670548K/2096632K available (51822K kernel code, 8748K rwdata, 11356K rodata, 6100K init, 1172K bss, 418456K reserved, 0K cma-reserved)
[    0.320881] devtmpfs: initialized
[    0.323247] clocksource: jiffies: mask: 0xffffffff max_cycles: 0xffffffff, max_idle_ns: 1911260446275000 ns
[    0.323823] posixtimers hash table entries: 1024 (order: 2, 16384 bytes, linear)
[    0.324259] futex hash table entries: 512 (order: 3, 32768 bytes, linear)
[    0.324775] PM: RTC time: 16:49:14, date: 2026-05-05
[    0.324934] NET: Registered PF_NETLINK/PF_ROUTE protocol family
[    0.325482] audit: initializing netlink subsys (disabled)
[    0.325831] audit: type=2000 audit(1777999755.482:1): state=initialized audit_enabled=0 res=1
[    0.325923] thermal_sys: Registered thermal governor 'step_wise'
[    0.326315] cpuidle: using governor menu
[    0.326659] PCI: Using configuration type 1 for base access
[    0.327866] kprobes: kprobe jump-optimization is enabled. All kprobes are optimized if possible.
[    0.328434] HugeTLB: allocation took 0ms with hugepage_allocation_threads=1
[    0.328824] HugeTLB: registered 2.00 MiB page size, pre-allocated 0 pages
[    0.329217] HugeTLB: 28 KiB vmemmap can be freed for a 2.00 MiB page
[    0.329819] ACPI: Added _OSI(Module Device)
[    0.329821] ACPI: Added _OSI(Processor Device)
[    0.330080] ACPI: Added _OSI(3.0 _SCP Extensions)
[    0.330355] ACPI: Added _OSI(Processor Aggregator Device)
[    0.336591] ACPI: 1 ACPI AML tables successfully acquired and loaded
[    0.341523] ACPI: Interpreter enabled
[    0.341849] ACPI: PM: (supports S0 S3 S4 S5)
[    0.342103] ACPI: Using IOAPIC for interrupt routing
[    0.342425] PCI: Using host bridge windows from ACPI; if necessary, use "pci=nocrs" and report a bug
[    0.342820] PCI: Using E820 reservations for host bridge windows
[    0.343505] ACPI: Enabled 2 GPEs in block 00 to 0F
[    0.356488] ACPI: PCI Root Bridge [PCI0] (domain 0000 [bus 00-ff])
[    0.356828] acpi PNP0A03:00: _OSC: OS supports [ASPM ClockPM Segments MSI HPX-Type3]
[    0.357274] acpi PNP0A03:00: _OSC: not requesting OS control; OS requires [ExtendedConfig ASPM ClockPM MSI]
[    0.357870] acpi PNP0A03:00: fail to add MMCONFIG information, can't access extended configuration space under this bridge
[    0.358659] PCI host bridge to bus 0000:00
[    0.358843] pci_bus 0000:00: root bus resource [io  0x0000-0x0cf7 window]
[    0.359237] pci_bus 0000:00: root bus resource [io  0x0d00-0xffff window]
[    0.359631] pci_bus 0000:00: root bus resource [mem 0x000a0000-0x000bffff window]
[    0.359821] pci_bus 0000:00: root bus resource [mem 0x80000000-0xfebfffff window]
[    0.360254] pci_bus 0000:00: root bus resource [mem 0x100000000-0x17fffffff window]
[    0.360698] pci_bus 0000:00: root bus resource [bus 00-ff]
[    0.360849] pci 0000:00:00.0: [8086:1237] type 00 class 0x060000 conventional PCI endpoint
[    0.365362] pci 0000:00:01.0: [8086:7000] type 00 class 0x060100 conventional PCI endpoint
[    0.369778] pci 0000:00:01.1: [8086:7010] type 00 class 0x010180 conventional PCI endpoint
[    0.371163] pci 0000:00:01.1: BAR 4 [io  0xc040-0xc04f]
[    0.371486] pci 0000:00:01.1: BAR 0 [io  0x01f0-0x01f7]: legacy IDE quirk
[    0.371820] pci 0000:00:01.1: BAR 1 [io  0x03f6]: legacy IDE quirk
[    0.372178] pci 0000:00:01.1: BAR 2 [io  0x0170-0x0177]: legacy IDE quirk
[    0.372570] pci 0000:00:01.1: BAR 3 [io  0x0376]: legacy IDE quirk
[    0.372957] pci 0000:00:01.3: [8086:7113] type 00 class 0x068000 conventional PCI endpoint
[    0.373621] pci 0000:00:01.3: quirk: [io  0x0600-0x063f] claimed by PIIX4 ACPI
[    0.373824] pci 0000:00:01.3: quirk: [io  0x0700-0x070f] claimed by PIIX4 SMB
[    0.374390] pci 0000:00:02.0: [1234:1111] type 00 class 0x030000 conventional PCI endpoint
[    0.375426] pci 0000:00:02.0: BAR 0 [mem 0xfd000000-0xfdffffff pref]
[    0.375804] pci 0000:00:02.0: BAR 2 [mem 0xfebf0000-0xfebf0fff]
[    0.375836] pci 0000:00:02.0: ROM [mem 0xfebe0000-0xfebeffff pref]
[    0.376242] pci 0000:00:02.0: Video device with shadowed ROM at [mem 0x000c0000-0x000dffff]
[    0.380577] pci 0000:00:03.0: [8086:100e] type 00 class 0x020000 conventional PCI endpoint
[    0.382384] pci 0000:00:03.0: BAR 0 [mem 0xfebc0000-0xfebdffff]
[    0.382732] pci 0000:00:03.0: BAR 1 [io  0xc000-0xc03f]
[    0.382839] pci 0000:00:03.0: ROM [mem 0xfeb80000-0xfebbffff pref]
[    0.388566] ACPI: PCI: Interrupt link LNKA configured for IRQ 10
[    0.389189] ACPI: PCI: Interrupt link LNKB configured for IRQ 10
[    0.389901] ACPI: PCI: Interrupt link LNKC configured for IRQ 11
[    0.390608] ACPI: PCI: Interrupt link LNKD configured for IRQ 11
[    0.390962] ACPI: PCI: Interrupt link LNKS configured for IRQ 9
[    0.392238] iommu: Default domain type: Translated
[    0.392521] iommu: DMA domain TLB invalidation policy: lazy mode
[    0.392991] SCSI subsystem initialized
[    0.393332] ACPI: bus type USB registered
[    0.393616] usbcore: registered new interface driver usbfs
[    0.393841] usbcore: registered new interface driver hub
[    0.394788] usbcore: registered new device driver usb
[    0.394788] pps_core: LinuxPPS API ver. 1 registered
[    0.394788] pps_core: Software ver. 5.3.6 - Copyright 2005-2007 Rodolfo Giometti <giometti@linux.it>
[    0.395826] PTP clock support registered
[    0.396093] Advanced Linux Sound Architecture Driver Initialized.
[    0.396881] NetLabel: Initializing
[    0.397082] NetLabel:  domain hash size = 128
[    0.397335] NetLabel:  protocols = UNLABELED CIPSOv4 CALIPSO
[    0.397698] NetLabel:  unlabeled traffic allowed by default
[    0.397850] PCI: Using ACPI for IRQ routing
[    0.398167] pci 0000:00:02.0: vgaarb: setting as boot VGA device
[    0.398181] pci 0000:00:02.0: vgaarb: bridge control possible
[    0.398514] pci 0000:00:02.0: vgaarb: VGA device added: decodes=io+mem,owns=io+mem,locks=none
[    0.398821] vgaarb: loaded
[    0.399031] hpet0: at MMIO 0xfed00000, IRQs 2, 8, 0
[    0.399317] hpet0: 3 comparators, 64-bit 100.000000 MHz counter
[    0.402877] clocksource: Switched to clocksource kvm-clock
[    0.404236] VFS: Disk quotas dquot_6.6.0
[    0.404479] VFS: Dquot-cache hash table entries: 512 (order 0, 4096 bytes)
[    0.405176] pnp: PnP ACPI init
[    0.406400] pnp: PnP ACPI: found 6 devices
[    0.414022] clocksource: acpi_pm: mask: 0xffffff max_cycles: 0xffffff, max_idle_ns: 2085701024 ns
[    0.414571] NET: Registered PF_INET protocol family
[    0.415654] IP idents hash table entries: 32768 (order: 6, 262144 bytes, linear)
[    0.416521] tcp_listen_portaddr_hash hash table entries: 1024 (order: 2, 16384 bytes, linear)
[    0.417019] Table-perturb hash table entries: 65536 (order: 6, 262144 bytes, linear)
[    0.417473] TCP established hash table entries: 16384 (order: 5, 131072 bytes, linear)
[    0.417944] TCP bind hash table entries: 16384 (order: 7, 524288 bytes, linear)
[    0.418387] TCP: Hash tables configured (established 16384 bind 16384)
[    0.418789] UDP hash table entries: 1024 (order: 4, 65536 bytes, linear)
[    0.419183] UDP-Lite hash table entries: 1024 (order: 4, 65536 bytes, linear)
[    0.419651] NET: Registered PF_UNIX/PF_LOCAL protocol family
[    0.420160] RPC: Registered named UNIX socket transport module.
[    0.420507] RPC: Registered udp transport module.
[    0.420780] RPC: Registered tcp transport module.
[    0.421055] RPC: Registered tcp-with-tls transport module.
[    0.421373] RPC: Registered tcp NFSv4.1 backchannel transport module.
[    0.422065] pci_bus 0000:00: resource 4 [io  0x0000-0x0cf7 window]
[    0.422427] pci_bus 0000:00: resource 5 [io  0x0d00-0xffff window]
[    0.422784] pci_bus 0000:00: resource 6 [mem 0x000a0000-0x000bffff window]
[    0.423182] pci_bus 0000:00: resource 7 [mem 0x80000000-0xfebfffff window]
[    0.423578] pci_bus 0000:00: resource 8 [mem 0x100000000-0x17fffffff window]
[    0.424067] pci 0000:00:01.0: PIIX3: Enabling Passive Release
[    0.424407] pci 0000:00:00.0: Limiting direct PCI/PCI transfers
[    0.424778] PCI: CLS 0 bytes, default 64
[    0.425064] RAPL PMU: API unit is 2^-32 Joules, 0 fixed counters, 10737418240 ms ovfl timer
[    0.425146] Unpacking initramfs...
[    0.425554] clocksource: tsc: mask: 0xffffffffffffffff max_cycles: 0x2df10e7656b, max_idle_ns: 440795364873 ns
[    0.430728] Initialise system trusted keyrings
[    0.431071] workingset: timestamp_bits=56 max_order=19 bucket_order=0
[    0.431939] NFS: Registering the id_resolver key type
[    0.432272] Key type id_resolver registered
[    0.432517] Key type id_legacy registered
[    0.432815] 9p: Installing v9fs 9p2000 file system support
[    0.439515] Key type asymmetric registered
[    0.439800] Asymmetric key parser 'x509' registered
[    0.439825] Freeing initrd memory: 1348K
[    0.440112] Block layer SCSI generic (bsg) driver version 0.4 loaded (major 251)
[    0.440770] io scheduler mq-deadline registered
[    0.441035] io scheduler kyber registered
[    0.441454] input: Power Button as /devices/LNXSYSTM:00/LNXPWRBN:00/input/input0
[    0.441980] ACPI: button: Power Button [PWRF]
[    0.443352] Serial: 8250/16550 driver, 4 ports, IRQ sharing enabled
[    0.443887] 00:04: ttyS0 at I/O 0x3f8 (irq = 4, base_baud = 115200) is a 16550A
[    0.445097] Non-volatile memory driver v1.3
[    0.445364] Linux agpgart interface v0.103
[    0.445700] ACPI: bus type drm_connector registered
[    0.448493] loop: module loaded
[    0.450642] scsi host0: ata_piix
[    0.451052] scsi host1: ata_piix
[    0.451352] ata1: PATA max MWDMA2 cmd 0x1f0 ctl 0x3f6 bmdma 0xc040 irq 14 lpm-pol 0
[    0.451794] ata2: PATA max MWDMA2 cmd 0x170 ctl 0x376 bmdma 0xc048 irq 15 lpm-pol 0
[    0.452801] e100: Intel(R) PRO/100 Network Driver
[    0.453091] e100: Copyright(c) 1999-2006 Intel Corporation
[    0.453432] e1000: Intel(R) PRO/1000 Network Driver
[    0.453716] e1000: Copyright (c) 1999-2006 Intel Corporation.
[    0.609492] ata2: found unknown device (class 0)
[    0.610723] ata2.00: ATAPI: QEMU DVD-ROM, 2.5+, max UDMA/100
[    0.611689] scsi 1:0:0:0: CD-ROM            QEMU     QEMU DVD-ROM     2.5+ PQ: 0 ANSI: 5
[    0.634479] sr 1:0:0:0: [sr0] scsi3-mmc drive: 4x/4x cd/rw xa/form2 tray
[    0.634880] cdrom: Uniform CD-ROM driver Revision: 3.20
[    0.642170] sr 1:0:0:0: Attached scsi generic sg0 type 5
[    0.770816] ACPI: \_SB_.LNKC: Enabled at IRQ 11
[    1.056490] e1000 0000:00:03.0 eth0: (PCI:33MHz:32-bit) 52:54:00:12:34:56
[    1.056930] e1000 0000:00:03.0 eth0: Intel(R) PRO/1000 Network Connection
[    1.057399] e1000e: Intel(R) PRO/1000 Network Driver
[    1.057686] e1000e: Copyright(c) 1999 - 2015 Intel Corporation.
[    1.058060] sky2: driver version 1.30
[    1.058690] usbcore: registered new interface driver usblp
[    1.059049] usbcore: registered new interface driver usb-storage
[    1.059454] i8042: PNP: PS/2 Controller [PNP0303:KBD,PNP0f13:MOU] at 0x60,0x64 irq 1,12
[    1.060388] serio: i8042 KBD port at 0x60,0x64 irq 1
[    1.060682] serio: i8042 AUX port at 0x60,0x64 irq 12
[    1.061354] rtc_cmos 00:05: RTC can wake from S4
[    1.061690] input: AT Translated Set 2 keyboard as /devices/platform/i8042/serio0/input/input1
[    1.062828] rtc_cmos 00:05: registered as rtc0
[    1.063158] rtc_cmos 00:05: alarms up to one day, y3k, 242 bytes nvram, hpet irqs
[    1.064868] device-mapper: ioctl: 4.49.0-ioctl (2025-01-17) initialised: dm-devel@lists.linux.dev
[    1.065388] intel_pstate: CPU model not supported
[    1.065690] hid: raw HID events driver (C) Jiri Kosina
[    1.066403] usbcore: registered new interface driver usbhid
[    1.066731] usbhid: USB HID core driver
[    1.067249] netem: version 1.3
[    1.067431] u32 classifier
[    1.067593]     input device check on
[    1.067809]     Actions configured
[    1.069351] Initializing XFRM netlink socket
[    1.069641] NET: Registered PF_INET6 protocol family
[    1.070476] Segment Routing with IPv6
[    1.070717] In-situ OAM (IOAM) with IPv6
[    1.070983] sit: IPv6, IPv4 and MPLS over IPv4 tunneling driver
[    1.071552] NET: Registered PF_PACKET protocol family
[    1.071870] 9pnet: Installing 9P2000 support
[    1.072132] Key type dns_resolver registered
[    1.072651] IPI shorthand broadcast: enabled
[    1.083731] sched_clock: Marking stable (1041001168, 42193306)->(1086933271, -3738797)
[    1.084395] registered taskstats version 1
[    1.084625] Loading compiled-in X.509 certificates
[    1.093498] Demotion targets for Node 0: null
[    1.093867] PM:   Magic number: 10:852:842
[    1.094148] printk: legacy console [netcon0] enabled
[    1.094458] netconsole: network logging started
[    1.095363] cfg80211: Loading compiled-in X.509 certificates for regulatory database
[    1.096842] kworker/u8:1 (57) used greatest stack depth: 29648 bytes left
[    1.097460] Loaded X.509 cert 'sforshee: 00b28ddf47aef9cea7'
[    1.097934] Loaded X.509 cert 'wens: 61c038651aabdcf94bd0ac7ff06c7248db18c600'
[    1.098411] platform regulatory.0: Direct firmware load for regulatory.db failed with error -2
[    1.098919] cfg80211: failed to load regulatory.db
[    1.099222] ALSA device list:
[    1.099414]   No soundcards found.
[    1.100481] Freeing unused kernel image (initmem) memory: 6100K
[    1.100730] Write protecting the kernel read-only data: 65536k
[    1.101349] Freeing unused kernel image (text/rodata gap) memory: 1424K
[    1.101758] Freeing unused kernel image (rodata/data gap) memory: 932K
[    1.110148] x86/mm: Checked W+X mappings: passed, no W+X pages found.
[    1.110445] Run /init as init process
[    1.111154] mkdir (60) used greatest stack depth: 28896 bytes left
[    1.114364] mount (61) used greatest stack depth: 28216 bytes left
[    1.114894] mount (62) used greatest stack depth: 28200 bytes left

secb: rootfs ready
---- poc begin ----
poc: starting CVE-2025-38001 trigger
poc: userns ready (CAP_NET_ADMIN in new netns)
poc: lo up
[    1.131300] sch_tbf: burst 100 is lower than device lo mtu (65550) !
poc: tbf root installed (rate=1 B/s, burst=100)
poc: hfsc 2:0 installed under tbf
poc: hfsc classes 2:1, 2:2 and netem 3:0 (dup=100%) set up
poc: sending to class 2:1 to double-insert into eltree
poc: deletin[    1.132502] poc (67) used greatest stack depth: 27016 bytes left
g class 2:1 (freed but still in eltree)
poc: sending to class 2:2 -> UAF on freed 2:1 el_node
poc: done (if we got here without a KASAN splat the kernel is patched)
---- poc end rc=0 ----
secb: poc exited without crashing the kernel
[    1.475917] input: ImExPS/2 Generic Explorer Mouse as /devices/platform/i8042/serio1/input/input3
[    2.410764] ACPI: PM: Preparing to enter system sleep state S5
[    2.411100] reboot: Power down
NO_CRASH_DETECTED
