bash: warning: setlocale: LC_ALL: cannot change locale (en_US.UTF-8)
c[?7l[2J[0mSeaBIOS (version 1.16.2-debian-1.16.2-1)


iPXE (http://ipxe.org) 00:03.0 CA00 PCI2.10 PnP PMM+BEFCEF00+BEF0EF00 CA00
Press Ctrl-B to configure iPXE (PCI 00:03.0)...                                                                               


Booting from ROM..c[?7l[2JNo EFI environment detected.
early console in extract_kernel
input_data: 0x0000000004bc73a8
input_len: 0x00000000019d028d
output: 0x0000000001000000
output_len: 0x0000000005521208
kernel_total_size: 0x0000000005230000
needed_size: 0x0000000005600000
trampoline_32bit: 0x000000000009d000


KASLR disabled: 'nokaslr' on cmdline.


Decompressing Linux... Parsing ELF... No relocation needed... done.
Booting the kernel (entry_offset: 0x0000000000000000).
[    0.000000] Linux version 6.4.0-04323-g11b2f9b4ff09-dirty (root@buildkitsandbox) (gcc (Debian 12.2.0-14+deb12u1) 12.2.0, GNU ld (GNU Binutils for Debian) 2.40) #2 SMP PREEMPT_DYNAMIC Thu May  7 08:02:23 UTC 2026
[    0.000000] Command line: console=ttyS0 oops=panic panic=-1 nokaslr earlyprintk=serial
[    0.000000] BIOS-provided physical RAM map:
[    0.000000] BIOS-e820: [mem 0x0000000000000000-0x000000000009fbff] usable
[    0.000000] BIOS-e820: [mem 0x000000000009fc00-0x000000000009ffff] reserved
[    0.000000] BIOS-e820: [mem 0x00000000000f0000-0x00000000000fffff] reserved
[    0.000000] BIOS-e820: [mem 0x0000000000100000-0x00000000bffdffff] usable
[    0.000000] BIOS-e820: [mem 0x00000000bffe0000-0x00000000bfffffff] reserved
[    0.000000] BIOS-e820: [mem 0x00000000feffc000-0x00000000feffffff] reserved
[    0.000000] BIOS-e820: [mem 0x00000000fffc0000-0x00000000ffffffff] reserved
[    0.000000] BIOS-e820: [mem 0x0000000100000000-0x000000013fffffff] usable
[    0.000000] printk: bootconsole [earlyser0] enabled
[    0.000000] NX (Execute Disable) protection: active
[    0.000000] SMBIOS 2.8 present.
[    0.000000] DMI: QEMU Standard PC (i440FX + PIIX, 1996), BIOS 1.16.2-debian-1.16.2-1 04/01/2014
[    0.000000] Hypervisor detected: KVM
[    0.000000] kvm-clock: Using msrs 4b564d01 and 4b564d00
[    0.000002] kvm-clock: using sched offset of 496491905 cycles
[    0.001331] clocksource: kvm-clock: mask: 0xffffffffffffffff max_cycles: 0x1cd42e4dffb, max_idle_ns: 881590591483 ns
[    0.005599] tsc: Detected 2995.198 MHz processor
[    0.007367] last_pfn = 0x140000 max_arch_pfn = 0x400000000
[    0.009027] MTRR map: 4 entries (3 fixed + 1 variable; max 19), built from 8 variable MTRRs
[    0.011422] x86/PAT: Configuration [0-7]: WB  WC  UC- UC  WB  WP  UC- WT  
[    0.013380] last_pfn = 0xbffe0 max_arch_pfn = 0x400000000
[    0.020253] found SMP MP-table at [mem 0x000f5ba0-0x000f5baf]
[    0.021898] Using GB pages for direct mapping
[    0.022948] Incomplete global flushes, disabling PCID
[    0.023731] RAMDISK: [mem 0xbfe4f000-0xbffdffff]
[    0.026331] ACPI: Early table checksum verification disabled
[    0.027825] ACPI: RSDP 0x00000000000F59B0 000014 (v00 BOCHS )
[    0.029260] ACPI: RSDT 0x00000000BFFE1B33 000034 (v01 BOCHS  BXPC     00000001 BXPC 00000001)
[    0.031931] ACPI: FACP 0x00000000BFFE19DF 000074 (v01 BOCHS  BXPC     00000001 BXPC 00000001)
[    0.034283] ACPI: DSDT 0x00000000BFFE0040 00199F (v01 BOCHS  BXPC     00000001 BXPC 00000001)
[    0.036532] ACPI: FACS 0x00000000BFFE0000 000040
[    0.037818] ACPI: APIC 0x00000000BFFE1A53 000080 (v01 BOCHS  BXPC     00000001 BXPC 00000001)
[    0.039944] ACPI: HPET 0x00000000BFFE1AD3 000038 (v01 BOCHS  BXPC     00000001 BXPC 00000001)
[    0.042157] ACPI: WAET 0x00000000BFFE1B0B 000028 (v01 BOCHS  BXPC     00000001 BXPC 00000001)
[    0.044287] ACPI: Reserving FACP table memory at [mem 0xbffe19df-0xbffe1a52]
[    0.045996] ACPI: Reserving DSDT table memory at [mem 0xbffe0040-0xbffe19de]
[    0.048078] ACPI: Reserving FACS table memory at [mem 0xbffe0000-0xbffe003f]
[    0.049918] ACPI: Reserving APIC table memory at [mem 0xbffe1a53-0xbffe1ad2]
[    0.051791] ACPI: Reserving HPET table memory at [mem 0xbffe1ad3-0xbffe1b0a]
[    0.053673] ACPI: Reserving WAET table memory at [mem 0xbffe1b0b-0xbffe1b32]
[    0.056753] No NUMA configuration found
[    0.057721] Faking a node at [mem 0x0000000000000000-0x000000013fffffff]
[    0.059587] NODE_DATA(0) allocated [mem 0x13fffa000-0x13fffdfff]
[    0.061108] Zone ranges:
[    0.061715]   DMA      [mem 0x0000000000001000-0x0000000000ffffff]
[    0.063268]   DMA32    [mem 0x0000000001000000-0x00000000ffffffff]
[    0.064809]   Normal   [mem 0x0000000100000000-0x000000013fffffff]
[    0.066403] Movable zone start for each node
[    0.067485] Early memory node ranges
[    0.068409]   node   0: [mem 0x0000000000001000-0x000000000009efff]
[    0.070136]   node   0: [mem 0x0000000000100000-0x00000000bffdffff]
[    0.071836]   node   0: [mem 0x0000000100000000-0x000000013fffffff]
[    0.073739] Initmem setup node 0 [mem 0x0000000000001000-0x000000013fffffff]
[    0.076106] On node 0, zone DMA: 1 pages in unavailable ranges
[    0.076150] On node 0, zone DMA: 97 pages in unavailable ranges
[    0.106654] On node 0, zone Normal: 32 pages in unavailable ranges
[    0.296099] kasan: KernelAddressSanitizer initialized
[    0.301246] ACPI: PM-Timer IO Port: 0x608
[    0.302739] ACPI: LAPIC_NMI (acpi_id[0xff] dfl dfl lint[0x1])
[    0.304356] IOAPIC[0]: apic_id 0, version 17, address 0xfec00000, GSI 0-23
[    0.306062] ACPI: INT_SRC_OVR (bus 0 bus_irq 0 global_irq 2 dfl dfl)
[    0.307773] ACPI: INT_SRC_OVR (bus 0 bus_irq 5 global_irq 5 high level)
[    0.309740] ACPI: INT_SRC_OVR (bus 0 bus_irq 9 global_irq 9 high level)
[    0.311698] ACPI: INT_SRC_OVR (bus 0 bus_irq 10 global_irq 10 high level)
[    0.314391] ACPI: INT_SRC_OVR (bus 0 bus_irq 11 global_irq 11 high level)
[    0.317359] ACPI: Using ACPI (MADT) for SMP configuration information
[    0.319813] ACPI: HPET id: 0x8086a201 base: 0xfed00000
[    0.321869] TSC deadline timer available
[    0.323424] smpboot: Allowing 2 CPUs, 0 hotplug CPUs
[    0.325068] kvm-guest: KVM setup pv remote TLB flush
[    0.326376] kvm-guest: setup PV sched yield
[    0.327446] PM: hibernation: Registered nosave memory: [mem 0x00000000-0x00000fff]
[    0.329495] PM: hibernation: Registered nosave memory: [mem 0x0009f000-0x0009ffff]
[    0.331959] PM: hibernation: Registered nosave memory: [mem 0x000a0000-0x000effff]
[    0.334632] PM: hibernation: Registered nosave memory: [mem 0x000f0000-0x000fffff]
[    0.337196] PM: hibernation: Registered nosave memory: [mem 0xbffe0000-0xbfffffff]
[    0.339770] PM: hibernation: Registered nosave memory: [mem 0xc0000000-0xfeffbfff]
[    0.342557] PM: hibernation: Registered nosave memory: [mem 0xfeffc000-0xfeffffff]
[    0.344773] PM: hibernation: Registered nosave memory: [mem 0xff000000-0xfffbffff]
[    0.347053] PM: hibernation: Registered nosave memory: [mem 0xfffc0000-0xffffffff]
[    0.349381] [mem 0xc0000000-0xfeffbfff] available for PCI devices
[    0.351796] Booting paravirtualized kernel on KVM
[    0.353837] clocksource: refined-jiffies: mask: 0xffffffff max_cycles: 0xffffffff, max_idle_ns: 1910969940391419 ns
[    0.370396] setup_percpu: NR_CPUS:64 nr_cpumask_bits:2 nr_cpu_ids:2 nr_node_ids:1
[    0.374184] percpu: Embedded 66 pages/cpu s232168 r8192 d29976 u1048576
[    0.377611] Kernel command line: console=ttyS0 oops=panic panic=-1 nokaslr earlyprintk=serial
[    0.381456] Unknown kernel command line parameters "nokaslr", will be passed to user space.
[    0.383862] random: crng init done
[    0.386642] Dentry cache hash table entries: 524288 (order: 10, 4194304 bytes, linear)
[    0.390445] Inode-cache hash table entries: 262144 (order: 9, 2097152 bytes, linear)
[    0.394145] Fallback order for Node 0: 0 
[    0.394338] Built 1 zonelists, mobility grouping on.  Total pages: 1031904
[    0.397918] Policy zone: Normal
[    0.399000] mem auto-init: stack:all(zero), heap alloc:off, heap free:off
[    0.401291] stackdepot: allocating hash table via alloc_large_system_hash
[    0.406669] stackdepot hash table entries: 1048576 (order: 11, 8388608 bytes, linear)
[    0.408824] software IO TLB: area num 2.
[    0.572550] Memory: 3425548K/4193784K available (49152K kernel code, 7946K rwdata, 10072K rodata, 5644K init, 2948K bss, 767980K reserved, 0K cma-reserved)
[    0.576323] SLUB: HWalign=64, Order=0-3, MinObjects=0, CPUs=2, Nodes=1
Poking KASLR using RDRAND RDTSC...
[    0.580192] Dynamic Preempt: voluntary
[    0.583323] rcu: Preemptible hierarchical RCU implementation.
[    0.584683] rcu: 	RCU event tracing is enabled.
[    0.585871] rcu: 	RCU restricting CPUs from NR_CPUS=64 to nr_cpu_ids=2.
[    0.587880] 	Trampoline variant of Tasks RCU enabled.
[    0.589226] rcu: RCU calculated value of scheduler-enlistment delay is 100 jiffies.
[    0.591431] rcu: Adjusting geometry for rcu_fanout_leaf=16, nr_cpu_ids=2
[    0.606542] NR_IRQS: 4352, nr_irqs: 440, preallocated irqs: 16
[    0.610418] rcu: srcu_init: Setting srcu_struct sizes based on contention.
[    0.625712] Console: colour VGA+ 80x25
[    0.627052] printk: console [ttyS0] enabled
[    0.627052] printk: console [ttyS0] enabled
[    0.630159] printk: bootconsole [earlyser0] disabled
[    0.630159] printk: bootconsole [earlyser0] disabled
[    0.634129] ACPI: Core revision 20230331
[    0.641271] clocksource: hpet: mask: 0xffffffff max_cycles: 0xffffffff, max_idle_ns: 19112604467 ns
[    0.644991] APIC: Switch to symmetric I/O mode setup
[    0.646731] kvm-guest: setup PV IPIs
[    0.651645] ..TIMER: vector=0x30 apic1=0 pin1=2 apic2=-1 pin2=-1
[    0.653710] clocksource: tsc-early: mask: 0xffffffffffffffff max_cycles: 0x2b2c8d6afc8, max_idle_ns: 440795331172 ns
[    0.658548] Calibrating delay loop (skipped) preset value.. 5990.39 BogoMIPS (lpj=2995198)
[    0.660846] x86/cpu: User Mode Instruction Prevention (UMIP) activated
[    0.663808] Last level iTLB entries: 4KB 0, 2MB 0, 4MB 0
[    0.664547] Last level dTLB entries: 4KB 0, 2MB 0, 4MB 0, 1GB 0
[    0.665559] Spectre V1 : Mitigation: usercopy/swapgs barriers and __user pointer sanitization
[    0.666571] Spectre V2 : Mitigation: Enhanced / Automatic IBRS
[    0.667607] Spectre V2 : Spectre v2 / SpectreRSB mitigation: Filling RSB on context switch
[    0.669547] Spectre V2 : Spectre v2 / PBRSB-eIBRS: Retire a single CALL on VMEXIT
[    0.670569] RETBleed: Mitigation: Enhanced IBRS
[    0.671589] Spectre V2 : mitigation: Enabling conditional Indirect Branch Prediction Barrier
[    0.673567] Speculative Store Bypass: Mitigation: Speculative Store Bypass disabled via prctl
[    0.675728] MMIO Stale Data: Unknown: No mitigations
[    0.676873] x86/fpu: Supporting XSAVE feature 0x001: 'x87 floating point registers'
[    0.677614] x86/fpu: Supporting XSAVE feature 0x002: 'SSE registers'
[    0.680615] x86/fpu: Supporting XSAVE feature 0x004: 'AVX registers'
[    0.681595] x86/fpu: xstate_offset[2]:  576, xstate_sizes[2]:  256
[    0.683597] x86/fpu: Enabled xstate features 0x7, context size is 832 bytes, using 'compacted' format.
[    0.738068] Freeing SMP alternatives memory: 44K
[    0.738657] pid_max: default: 32768 minimum: 301
[    0.740899] LSM: initializing lsm=capability,selinux,integrity
[    0.741820] SELinux:  Initializing.
[    0.744732] Mount-cache hash table entries: 8192 (order: 4, 65536 bytes, linear)
[    0.746600] Mountpoint-cache hash table entries: 8192 (order: 4, 65536 bytes, linear)
[    0.754675] smpboot: CPU0: 13th Gen Intel(R) Core(TM) i9-13900H (family: 0x6, model: 0xba, stepping: 0x2)
[    0.767643] RCU Tasks: Setting shift to 1 and lim to 1 rcu_task_cb_adjust=1.
[    0.768615] Performance Events: unsupported p6 CPU model 186 no PMU driver, software events only.
[    0.769777] signal: max sigframe size: 1776
[    0.770895] rcu: Hierarchical SRCU implementation.
[    0.771541] rcu: 	Max phase no-delay instances is 400.
[    0.773265] smp: Bringing up secondary CPUs ...
[    0.779690] smpboot: x86: Booting SMP configuration:
[    0.780580] .... node  #0, CPUs:      #1
[    0.781632] smp: Brought up 1 node, 2 CPUs
[    0.783687] smpboot: Max logical packages: 1
[    0.784575] smpboot: Total of 2 processors activated (11980.79 BogoMIPS)
[    0.795534] devtmpfs: initialized
[    0.800658] clocksource: jiffies: mask: 0xffffffff max_cycles: 0xffffffff, max_idle_ns: 1911260446275000 ns
[    0.801840] futex hash table entries: 512 (order: 3, 32768 bytes, linear)
[    0.809531] PM: RTC time: 08:03:02, date: 2026-05-07
[    0.813743] NET: Registered PF_NETLINK/PF_ROUTE protocol family
[    0.822131] audit: initializing netlink subsys (disabled)
[    0.827769] audit: type=2000 audit(1778140983.155:1): state=initialized audit_enabled=0 res=1
[    0.829353] thermal_sys: Registered thermal governor 'step_wise'
[    0.829358] thermal_sys: Registered thermal governor 'user_space'
[    0.831629] cpuidle: using governor menu
[    0.843527] PCI: Using configuration type 1 for base access
[    0.843982] kprobes: kprobe jump-optimization is enabled. All kprobes are optimized if possible.
[    0.845304] HugeTLB: registered 2.00 MiB page size, pre-allocated 0 pages
[    0.845714] HugeTLB: 28 KiB vmemmap can be freed for a 2.00 MiB page
[    0.848729] ACPI: Added _OSI(Module Device)
[    0.849540] ACPI: Added _OSI(Processor Device)
[    0.850554] ACPI: Added _OSI(3.0 _SCP Extensions)
[    0.851655] ACPI: Added _OSI(Processor Aggregator Device)
[    0.876084] ACPI: 1 ACPI AML tables successfully acquired and loaded
[    0.878783] ACPI: Interpreter enabled
[    0.879584] ACPI: PM: (supports S0 S3 S4 S5)
[    0.880542] ACPI: Using IOAPIC for interrupt routing
[    0.881696] PCI: Using host bridge windows from ACPI; if necessary, use "pci=nocrs" and report a bug
[    0.882542] PCI: Using E820 reservations for host bridge windows
[    0.887693] ACPI: Enabled 2 GPEs in block 00 to 0F
[    0.953059] ACPI: PCI Root Bridge [PCI0] (domain 0000 [bus 00-ff])
[    0.953763] acpi PNP0A03:00: _OSC: OS supports [ASPM ClockPM Segments MSI HPX-Type3]
[    0.954601] acpi PNP0A03:00: _OSC: not requesting OS control; OS requires [ExtendedConfig ASPM ClockPM MSI]
[    0.955931] acpi PNP0A03:00: fail to add MMCONFIG information, can't access extended configuration space under this bridge
[    0.957021] PCI host bridge to bus 0000:00
[    0.957549] pci_bus 0000:00: root bus resource [io  0x0000-0x0cf7 window]
[    0.958554] pci_bus 0000:00: root bus resource [io  0x0d00-0xffff window]
[    0.959546] pci_bus 0000:00: root bus resource [mem 0x000a0000-0x000bffff window]
[    0.960554] pci_bus 0000:00: root bus resource [mem 0xc0000000-0xfebfffff window]
[    0.961551] pci_bus 0000:00: root bus resource [mem 0x140000000-0x1bfffffff window]
[    0.962553] pci_bus 0000:00: root bus resource [bus 00-ff]
[    0.963993] pci 0000:00:00.0: [8086:1237] type 00 class 0x060000
[    0.971229] pci 0000:00:01.0: [8086:7000] type 00 class 0x060100
[    0.978444] pci 0000:00:01.1: [8086:7010] type 00 class 0x010180
[    0.980808] pci 0000:00:01.1: reg 0x20: [io  0xc040-0xc04f]
[    0.982556] pci 0000:00:01.1: legacy IDE quirk: reg 0x10: [io  0x01f0-0x01f7]
[    0.983554] pci 0000:00:01.1: legacy IDE quirk: reg 0x14: [io  0x03f6]
[    0.984573] pci 0000:00:01.1: legacy IDE quirk: reg 0x18: [io  0x0170-0x0177]
[    0.985668] pci 0000:00:01.1: legacy IDE quirk: reg 0x1c: [io  0x0376]
[    0.987506] pci 0000:00:01.3: [8086:7113] type 00 class 0x068000
[    0.989514] pci 0000:00:01.3: quirk: [io  0x0600-0x063f] claimed by PIIX4 ACPI
[    0.989578] pci 0000:00:01.3: quirk: [io  0x0700-0x070f] claimed by PIIX4 SMB
[    0.991544] pci 0000:00:02.0: [1234:1111] type 00 class 0x030000
[    0.994437] pci 0000:00:02.0: reg 0x10: [mem 0xfd000000-0xfdffffff pref]
[    0.998255] pci 0000:00:02.0: reg 0x18: [mem 0xfebf0000-0xfebf0fff]
[    1.003593] pci 0000:00:02.0: reg 0x30: [mem 0xfebe0000-0xfebeffff pref]
[    1.005531] pci 0000:00:02.0: Video device with shadowed ROM at [mem 0x000c0000-0x000dffff]
[    1.056371] pci 0000:00:03.0: [8086:100e] type 00 class 0x020000
[    1.058597] pci 0000:00:03.0: reg 0x10: [mem 0xfebc0000-0xfebdffff]
[    1.060656] pci 0000:00:03.0: reg 0x14: [io  0xc000-0xc03f]
[    1.067249] pci 0000:00:03.0: reg 0x30: [mem 0xfeb80000-0xfebbffff pref]
[    1.093953] ACPI: PCI: Interrupt link LNKA configured for IRQ 10
[    1.098531] ACPI: PCI: Interrupt link LNKB configured for IRQ 10
[    1.100167] ACPI: PCI: Interrupt link LNKC configured for IRQ 11
[    1.103199] ACPI: PCI: Interrupt link LNKD configured for IRQ 11
[    1.107090] ACPI: PCI: Interrupt link LNKS configured for IRQ 9
[    1.123556] iommu: Default domain type: Translated 
[    1.124567] iommu: DMA domain TLB invalidation policy: lazy mode 
[    1.129481] SCSI subsystem initialized
[    1.133630] ACPI: bus type USB registered
[    1.136327] usbcore: registered new interface driver usbfs
[    1.139062] usbcore: registered new interface driver hub
[    1.144475] usbcore: registered new device driver usb
[    1.145974] pps_core: LinuxPPS API ver. 1 registered
[    1.147559] pps_core: Software ver. 5.3.6 - Copyright 2005-2007 Rodolfo Giometti <giometti@linux.it>
[    1.150451] PTP clock support registered
[    1.154771] Advanced Linux Sound Architecture Driver Initialized.
[    1.157627] NetLabel: Initializing
[    1.158480] NetLabel:  domain hash size = 128
[    1.159585] NetLabel:  protocols = UNLABELED CIPSOv4 CALIPSO
[    1.161857] NetLabel:  unlabeled traffic allowed by default
[    1.163654] PCI: Using ACPI for IRQ routing
[    1.167014] pci 0000:00:02.0: vgaarb: setting as boot VGA device
[    1.167531] pci 0000:00:02.0: vgaarb: bridge control possible
[    1.167531] pci 0000:00:02.0: vgaarb: VGA device added: decodes=io+mem,owns=io+mem,locks=none
[    1.174609] vgaarb: loaded
[    1.176692] hpet0: at MMIO 0xfed00000, IRQs 2, 8, 0
[    1.177531] hpet0: 3 comparators, 64-bit 100.000000 MHz counter
[    1.188548] clocksource: Switched to clocksource kvm-clock
[    1.204241] VFS: Disk quotas dquot_6.6.0
[    1.207836] VFS: Dquot-cache hash table entries: 512 (order 0, 4096 bytes)
[    1.220618] pnp: PnP ACPI init
[    1.244823] pnp: PnP ACPI: found 6 devices
[    1.286551] clocksource: acpi_pm: mask: 0xffffff max_cycles: 0xffffff, max_idle_ns: 2085701024 ns
[    1.290384] NET: Registered PF_INET protocol family
[    1.294758] IP idents hash table entries: 65536 (order: 7, 524288 bytes, linear)
[    1.306043] tcp_listen_portaddr_hash hash table entries: 2048 (order: 3, 32768 bytes, linear)
[    1.309266] Table-perturb hash table entries: 65536 (order: 6, 262144 bytes, linear)
[    1.311816] TCP established hash table entries: 32768 (order: 6, 262144 bytes, linear)
[    1.315764] TCP bind hash table entries: 32768 (order: 8, 1048576 bytes, linear)
[    1.320828] TCP: Hash tables configured (established 32768 bind 32768)
[    1.327100] UDP hash table entries: 2048 (order: 4, 65536 bytes, linear)
[    1.330281] UDP-Lite hash table entries: 2048 (order: 4, 65536 bytes, linear)
[    1.340534] NET: Registered PF_UNIX/PF_LOCAL protocol family
[    1.354015] RPC: Registered named UNIX socket transport module.
[    1.355886] RPC: Registered udp transport module.
[    1.357958] RPC: Registered tcp transport module.
[    1.359968] RPC: Registered tcp NFSv4.1 backchannel transport module.
[    1.367362] pci_bus 0000:00: resource 4 [io  0x0000-0x0cf7 window]
[    1.370142] pci_bus 0000:00: resource 5 [io  0x0d00-0xffff window]
[    1.374721] pci_bus 0000:00: resource 6 [mem 0x000a0000-0x000bffff window]
[    1.378206] pci_bus 0000:00: resource 7 [mem 0xc0000000-0xfebfffff window]
[    1.380473] pci_bus 0000:00: resource 8 [mem 0x140000000-0x1bfffffff window]
[    1.387367] pci 0000:00:01.0: PIIX3: Enabling Passive Release
[    1.390429] pci 0000:00:00.0: Limiting direct PCI/PCI transfers
[    1.394292] PCI: CLS 0 bytes, default 64
[    1.399774] PCI-DMA: Using software bounce buffering for IO (SWIOTLB)
[    1.403405] software IO TLB: mapped [mem 0x00000000bbe4f000-0x00000000bfe4f000] (64MB)
[    1.414212] Unpacking initramfs...
[    1.421831] RAPL PMU: API unit is 2^-32 Joules, 0 fixed counters, 10737418240 ms ovfl timer
[    1.436253] clocksource: tsc: mask: 0xffffffffffffffff max_cycles: 0x2b2c8d6afc8, max_idle_ns: 440795331172 ns
[    1.557636] Freeing initrd memory: 1604K
[    1.572599] Initialise system trusted keyrings
[    1.581061] workingset: timestamp_bits=56 max_order=20 bucket_order=0
[    1.587848] NFS: Registering the id_resolver key type
[    1.591265] Key type id_resolver registered
[    1.594063] Key type id_legacy registered
[    1.602811] 9p: Installing v9fs 9p2000 file system support
[    1.631093] Key type asymmetric registered
[    1.633525] Asymmetric key parser 'x509' registered
[    1.637308] Block layer SCSI generic (bsg) driver version 0.4 loaded (major 251)
[    1.640599] io scheduler mq-deadline registered
[    1.642616] io scheduler kyber registered
[    1.645673] input: Power Button as /devices/LNXSYSTM:00/LNXPWRBN:00/input/input0
[    1.651189] ACPI: button: Power Button [PWRF]
[    1.684786] Serial: 8250/16550 driver, 4 ports, IRQ sharing enabled
[    1.691488] 00:04: ttyS0 at I/O 0x3f8 (irq = 4, base_baud = 115200) is a 16550A
[    1.722520] Non-volatile memory driver v1.3
[    1.727763] Linux agpgart interface v0.103
[    1.737699] ACPI: bus type drm_connector registered
[    1.921168] loop: module loaded
[    1.958489] scsi host0: ata_piix
[    1.960077] scsi host1: ata_piix
[    1.968714] ata1: PATA max MWDMA2 cmd 0x1f0 ctl 0x3f6 bmdma 0xc040 irq 14
[    1.972387] ata2: PATA max MWDMA2 cmd 0x170 ctl 0x376 bmdma 0xc048 irq 15
[    2.010766] e100: Intel(R) PRO/100 Network Driver
[    2.013735] e100: Copyright(c) 1999-2006 Intel Corporation
[    2.017586] e1000: Intel(R) PRO/1000 Network Driver
[    2.019612] e1000: Copyright (c) 1999-2006 Intel Corporation.
[    2.133597] ata2: found unknown device (class 0)
[    2.140123] ata2.00: ATAPI: QEMU DVD-ROM, 2.5+, max UDMA/100
[    2.149764] scsi 1:0:0:0: CD-ROM            QEMU     QEMU DVD-ROM     2.5+ PQ: 0 ANSI: 5
[    2.184497] sr 1:0:0:0: [sr0] scsi3-mmc drive: 4x/4x cd/rw xa/form2 tray
[    2.188684] cdrom: Uniform CD-ROM driver Revision: 3.20
[    2.628594] hrtimer: interrupt took 5664935 ns
[    3.878446] ACPI: \_SB_.LNKC: Enabled at IRQ 11
[    4.471346] e1000 0000:00:03.0 eth0: (PCI:33MHz:32-bit) 52:54:00:12:34:56
[    4.472948] e1000 0000:00:03.0 eth0: Intel(R) PRO/1000 Network Connection
[    4.476003] e1000e: Intel(R) PRO/1000 Network Driver
[    4.478428] e1000e: Copyright(c) 1999 - 2015 Intel Corporation.
[    4.483310] sky2: driver version 1.30
[    4.541737] usbcore: registered new interface driver usblp
[    4.543705] usbcore: registered new interface driver usb-storage
[    4.549356] i8042: PNP: PS/2 Controller [PNP0303:KBD,PNP0f13:MOU] at 0x60,0x64 irq 1,12
[    4.576679] serio: i8042 KBD port at 0x60,0x64 irq 1
[    4.584509] serio: i8042 AUX port at 0x60,0x64 irq 12
[    4.602273] rtc_cmos 00:05: RTC can wake from S4
[    4.602448] input: AT Translated Set 2 keyboard as /devices/platform/i8042/serio0/input/input1
[    4.620435] rtc_cmos 00:05: registered as rtc0
[    4.623276] rtc_cmos 00:05: alarms up to one day, y3k, 242 bytes nvram, hpet irqs
[    4.630561] device-mapper: ioctl: 4.48.0-ioctl (2023-03-01) initialised: dm-devel@redhat.com
[    4.634851] intel_pstate: CPU model not supported
[    4.639318] hid: raw HID events driver (C) Jiri Kosina
[    4.651810] usbcore: registered new interface driver usbhid
[    4.653958] usbhid: USB HID core driver
[    4.692730] Initializing XFRM netlink socket
[    4.697572] NET: Registered PF_INET6 protocol family
[    4.707504] Segment Routing with IPv6
[    4.708436] In-situ OAM (IOAM) with IPv6
[    4.712899] sit: IPv6, IPv4 and MPLS over IPv4 tunneling driver
[    4.718216] NET: Registered PF_PACKET protocol family
[    4.722749] 9pnet: Installing 9P2000 support
[    4.724261] Key type dns_resolver registered
[    4.750677] IPI shorthand broadcast: enabled
[    4.831775] sched_clock: Marking stable (4792005238, 38864177)->(5062122827, -231253412)
[    4.834570] registered taskstats version 1
[    4.835649] Loading compiled-in X.509 certificates
[    4.846424] PM:   Magic number: 10:877:67
[    4.847507] printk: console [netcon0] enabled
[    4.848545] netconsole: network logging started
[    4.849824] cfg80211: Loading compiled-in X.509 certificates for regulatory database
[    4.852239] kworker/u4:1 (50) used greatest stack depth: 29536 bytes left
[    4.854389] Loaded X.509 cert 'sforshee: 00b28ddf47aef9cea7'
[    4.855820] ALSA device list:
[    4.857614]   No soundcards found.
[    4.859700] Freeing unused kernel image (initmem) memory: 5644K
[    4.860622] platform regulatory.0: Direct firmware load for regulatory.db failed with error -2
[    4.861975] cfg80211: failed to load regulatory.db
[    4.868181] Write protecting the kernel read-only data: 59392k
[    4.869339] Freeing unused kernel image (rodata/data gap) memory: 168K
[    4.880271] x86/mm: Checked W+X mappings: passed, no W+X pages found.
[    4.881298] Run /init as init process
[    4.885685] mount (54) used greatest stack depth: 28760 bytes left
[    4.887090] mount (55) used greatest stack depth: 28544 bytes left

secb: rootfs ready
---- poc begin ----
[*] batch 1: NEWTABLE t1
[*] batch 2: NEWOBJ victim_obj + NEWSET s_ref + 16 x NEWSETELEM (victim_obj->use = 16)
[*] primitive 1/16: tmp_0..15 NEWSET+CATCHALL committed, then flush+DELSET (net -1 on victim_obj->use per primitive)
[*] DELOBJ victim_obj (victim_obj->use==0 -> allowed; kfree on commit)
    [!] del ack seq=137 err=16 (Device or resource busy)
[    5.266522] input: ImExPS/2 Generic Explorer Mouse as /devices/platform/i8042/serio1/input/input3
[*] GETSETELEM s_ref dump (each elem reads (*nft_set_ext_obj(ext))->key.name)
[+] poc finished
[    5.415524] poc (60) used greatest stack depth: 27472 bytes left
---- poc end rc=0 ----
secb: poc exited without crashing the kernel
[    6.785201] ACPI: PM: Preparing to enter system sleep state S5
[    6.786407] reboot: Power down
NO_CRASH_DETECTED
