bash: warning: setlocale: LC_ALL: cannot change locale (en_US.UTF-8)
c[?7l[2J[0mSeaBIOS (version 1.16.2-debian-1.16.2-1)


iPXE (http://ipxe.org) 00:03.0 CA00 PCI2.10 PnP PMM+7EFCEF00+7EF0EF00 CA00
Press Ctrl-B to configure iPXE (PCI 00:03.0)...                                                                               


Booting from ROM..c[?7l[2J[    0.000000] Linux version 6.11.0-rc5-00188-gbab8eb0dd4cb-dirty (root@buildkitsandbox) (gcc (Debian 12.2.0-14+deb12u1) 12.2.0, GNU ld (GNU Binutils for Debian) 2.40) #1 SMP PREEMPT_DYNAMIC Tue May  5 14:33:24 UTC 2026
[    0.000000] Command line: console=ttyS0 oops=panic nokaslr rdinit=/init
[    0.000000] BIOS-provided physical RAM map:
[    0.000000] BIOS-e820: [mem 0x0000000000000000-0x000000000009fbff] usable
[    0.000000] BIOS-e820: [mem 0x000000000009fc00-0x000000000009ffff] reserved
[    0.000000] BIOS-e820: [mem 0x00000000000f0000-0x00000000000fffff] reserved
[    0.000000] BIOS-e820: [mem 0x0000000000100000-0x000000007ffdffff] usable
[    0.000000] BIOS-e820: [mem 0x000000007ffe0000-0x000000007fffffff] reserved
[    0.000000] BIOS-e820: [mem 0x00000000feffc000-0x00000000feffffff] reserved
[    0.000000] BIOS-e820: [mem 0x00000000fffc0000-0x00000000ffffffff] reserved
[    0.000000] NX (Execute Disable) protection: active
[    0.000000] APIC: Static calls initialized
[    0.000000] SMBIOS 2.8 present.
[    0.000000] DMI: QEMU Standard PC (i440FX + PIIX, 1996), BIOS 1.16.2-debian-1.16.2-1 04/01/2014
[    0.000000] DMI: Memory slots populated: 1/1
[    0.000000] Hypervisor detected: KVM
[    0.000000] kvm-clock: Using msrs 4b564d01 and 4b564d00
[    0.000000] kvm-clock: using sched offset of 288613383 cycles
[    0.000002] clocksource: kvm-clock: mask: 0xffffffffffffffff max_cycles: 0x1cd42e4dffb, max_idle_ns: 881590591483 ns
[    0.000004] tsc: Detected 3187.200 MHz processor
[    0.000333] last_pfn = 0x7ffe0 max_arch_pfn = 0x400000000
[    0.000351] MTRR map: 4 entries (3 fixed + 1 variable; max 19), built from 8 variable MTRRs
[    0.000353] x86/PAT: Configuration [0-7]: WB  WC  UC- UC  WB  WP  UC- WT  
[    0.002135] found SMP MP-table at [mem 0x000f5ba0-0x000f5baf]
[    0.002140] Using GB pages for direct mapping
[    0.002141] Incomplete global flushes, disabling PCID
[    0.002251] RAMDISK: [mem 0x7fe90000-0x7ffdffff]
[    0.002255] ACPI: Early table checksum verification disabled
[    0.002257] ACPI: RSDP 0x00000000000F59D0 000014 (v00 BOCHS )
[    0.002260] ACPI: RSDT 0x000000007FFE1B33 000034 (v01 BOCHS  BXPC     00000001 BXPC 00000001)
[    0.002264] ACPI: FACP 0x000000007FFE19DF 000074 (v01 BOCHS  BXPC     00000001 BXPC 00000001)
[    0.002268] ACPI: DSDT 0x000000007FFE0040 00199F (v01 BOCHS  BXPC     00000001 BXPC 00000001)
[    0.002270] ACPI: FACS 0x000000007FFE0000 000040
[    0.002271] ACPI: APIC 0x000000007FFE1A53 000080 (v01 BOCHS  BXPC     00000001 BXPC 00000001)
[    0.002273] ACPI: HPET 0x000000007FFE1AD3 000038 (v01 BOCHS  BXPC     00000001 BXPC 00000001)
[    0.002275] ACPI: WAET 0x000000007FFE1B0B 000028 (v01 BOCHS  BXPC     00000001 BXPC 00000001)
[    0.002276] ACPI: Reserving FACP table memory at [mem 0x7ffe19df-0x7ffe1a52]
[    0.002277] ACPI: Reserving DSDT table memory at [mem 0x7ffe0040-0x7ffe19de]
[    0.002278] ACPI: Reserving FACS table memory at [mem 0x7ffe0000-0x7ffe003f]
[    0.002278] ACPI: Reserving APIC table memory at [mem 0x7ffe1a53-0x7ffe1ad2]
[    0.002279] ACPI: Reserving HPET table memory at [mem 0x7ffe1ad3-0x7ffe1b0a]
[    0.002279] ACPI: Reserving WAET table memory at [mem 0x7ffe1b0b-0x7ffe1b32]
[    0.002463] No NUMA configuration found
[    0.002464] Faking a node at [mem 0x0000000000000000-0x000000007ffdffff]
[    0.002465] NODE_DATA(0) allocated [mem 0x7fe8c000-0x7fe8ffff]
[    0.002473] Zone ranges:
[    0.002474]   DMA      [mem 0x0000000000001000-0x0000000000ffffff]
[    0.002475]   DMA32    [mem 0x0000000001000000-0x000000007ffdffff]
[    0.002476]   Normal   empty
[    0.002477] Movable zone start for each node
[    0.002477] Early memory node ranges
[    0.002477]   node   0: [mem 0x0000000000001000-0x000000000009efff]
[    0.002478]   node   0: [mem 0x0000000000100000-0x000000007ffdffff]
[    0.002479] Initmem setup node 0 [mem 0x0000000000001000-0x000000007ffdffff]
[    0.003117] On node 0, zone DMA: 1 pages in unavailable ranges
[    0.003155] On node 0, zone DMA: 97 pages in unavailable ranges
[    0.023049] On node 0, zone DMA32: 32 pages in unavailable ranges
[    0.145370] kasan: KernelAddressSanitizer initialized
[    0.145575] ACPI: PM-Timer IO Port: 0x608
[    0.145585] ACPI: LAPIC_NMI (acpi_id[0xff] dfl dfl lint[0x1])
[    0.145612] IOAPIC[0]: apic_id 0, version 17, address 0xfec00000, GSI 0-23
[    0.145614] ACPI: INT_SRC_OVR (bus 0 bus_irq 0 global_irq 2 dfl dfl)
[    0.145615] ACPI: INT_SRC_OVR (bus 0 bus_irq 5 global_irq 5 high level)
[    0.145616] ACPI: INT_SRC_OVR (bus 0 bus_irq 9 global_irq 9 high level)
[    0.145617] ACPI: INT_SRC_OVR (bus 0 bus_irq 10 global_irq 10 high level)
[    0.145618] ACPI: INT_SRC_OVR (bus 0 bus_irq 11 global_irq 11 high level)
[    0.145620] ACPI: Using ACPI (MADT) for SMP configuration information
[    0.145621] ACPI: HPET id: 0x8086a201 base: 0xfed00000
[    0.145623] TSC deadline timer available
[    0.145625] CPU topo: Max. logical packages:   1
[    0.145626] CPU topo: Max. logical dies:       1
[    0.145626] CPU topo: Max. dies per package:   1
[    0.145628] CPU topo: Max. threads per core:   1
[    0.145629] CPU topo: Num. cores per package:     2
[    0.145629] CPU topo: Num. threads per package:   2
[    0.145630] CPU topo: Allowing 2 present CPUs plus 0 hotplug CPUs
[    0.145643] kvm-guest: APIC: eoi() replaced with kvm_guest_apic_eoi_write()
[    0.145655] kvm-guest: KVM setup pv remote TLB flush
[    0.145657] kvm-guest: setup PV sched yield
[    0.145662] PM: hibernation: Registered nosave memory: [mem 0x00000000-0x00000fff]
[    0.145663] PM: hibernation: Registered nosave memory: [mem 0x0009f000-0x0009ffff]
[    0.145663] PM: hibernation: Registered nosave memory: [mem 0x000a0000-0x000effff]
[    0.145664] PM: hibernation: Registered nosave memory: [mem 0x000f0000-0x000fffff]
[    0.145665] [mem 0x80000000-0xfeffbfff] available for PCI devices
[    0.145666] Booting paravirtualized kernel on KVM
[    0.145668] clocksource: refined-jiffies: mask: 0xffffffff max_cycles: 0xffffffff, max_idle_ns: 1910969940391419 ns
[    0.154348] setup_percpu: NR_CPUS:64 nr_cpumask_bits:2 nr_cpu_ids:2 nr_node_ids:1
[    0.155772] percpu: Embedded 68 pages/cpu s241176 r8192 d29160 u1048576
[    0.155801] Kernel command line: console=ttyS0 oops=panic nokaslr rdinit=/init
[    0.155842] random: crng init done
[    0.155940] Dentry cache hash table entries: 262144 (order: 9, 2097152 bytes, linear)
[    0.157437] Inode-cache hash table entries: 131072 (order: 8, 1048576 bytes, linear)
[    0.157470] Fallback order for Node 0: 0 
[    0.157473] Built 1 zonelists, mobility grouping on.  Total pages: 524158
[    0.157474] Policy zone: DMA32
[    0.157475] mem auto-init: stack:all(zero), heap alloc:off, heap free:off
[    0.157476] stackdepot: allocating hash table via alloc_large_system_hash
[    0.157477] stackdepot hash table entries: 1048576 (order: 12, 16777216 bytes, linear)
[    0.189349] SLUB: HWalign=64, Order=0-3, MinObjects=0, CPUs=2, Nodes=1
[    0.190443] Dynamic Preempt: voluntary
[    0.192062] rcu: Preemptible hierarchical RCU implementation.
[    0.192063] rcu: 	RCU event tracing is enabled.
[    0.192064] rcu: 	RCU restricting CPUs from NR_CPUS=64 to nr_cpu_ids=2.
[    0.192066] 	Trampoline variant of Tasks RCU enabled.
[    0.192066] rcu: RCU calculated value of scheduler-enlistment delay is 100 jiffies.
[    0.192067] rcu: Adjusting geometry for rcu_fanout_leaf=16, nr_cpu_ids=2
[    0.192079] RCU Tasks: Setting shift to 1 and lim to 1 rcu_task_cb_adjust=1.
[    0.198464] NR_IRQS: 4352, nr_irqs: 440, preallocated irqs: 16
[    0.198695] rcu: srcu_init: Setting srcu_struct sizes based on contention.
[    0.200937] Console: colour VGA+ 80x25
[    0.200969] printk: legacy console [ttyS0] enabled
[    0.238436] ACPI: Core revision 20240322
[    0.238777] clocksource: hpet: mask: 0xffffffff max_cycles: 0xffffffff, max_idle_ns: 19112604467 ns
[    0.239336] APIC: Switch to symmetric I/O mode setup
[    0.239612] kvm-guest: APIC: send_IPI_mask() replaced with kvm_send_ipi_mask()
[    0.240018] kvm-guest: APIC: send_IPI_mask_allbutself() replaced with kvm_send_ipi_mask_allbutself()
[    0.240539] kvm-guest: setup PV IPIs
[    0.241358] ..TIMER: vector=0x30 apic1=0 pin1=2 apic2=-1 pin2=-1
[    0.241701] clocksource: tsc-early: mask: 0xffffffffffffffff max_cycles: 0x2df10e7656b, max_idle_ns: 440795364873 ns
[    0.242293] Calibrating delay loop (skipped) preset value.. 6374.40 BogoMIPS (lpj=3187200)
[    0.243367] x86/cpu: User Mode Instruction Prevention (UMIP) activated
[    0.243774] Last level iTLB entries: 4KB 0, 2MB 0, 4MB 0
[    0.244289] Last level dTLB entries: 4KB 0, 2MB 0, 4MB 0, 1GB 0
[    0.244621] Spectre V1 : Mitigation: usercopy/swapgs barriers and __user pointer sanitization
[    0.245291] Spectre V2 : Spectre BHI mitigation: SW BHB clearing on syscall and VM exit
[    0.245730] Spectre V2 : Mitigation: Enhanced / Automatic IBRS
[    0.246050] Spectre V2 : Spectre v2 / SpectreRSB mitigation: Filling RSB on context switch
[    0.246289] Spectre V2 : Spectre v2 / PBRSB-eIBRS: Retire a single CALL on VMEXIT
[    0.246705] Spectre V2 : mitigation: Enabling conditional Indirect Branch Prediction Barrier
[    0.247290] Speculative Store Bypass: Mitigation: Speculative Store Bypass disabled via prctl
[    0.247765] MMIO Stale Data: Unknown: No mitigations
[    0.248053] Register File Data Sampling: Vulnerable: No microcode
[    0.248301] x86/fpu: Supporting XSAVE feature 0x001: 'x87 floating point registers'
[    0.248733] x86/fpu: Supporting XSAVE feature 0x002: 'SSE registers'
[    0.249289] x86/fpu: Supporting XSAVE feature 0x004: 'AVX registers'
[    0.249649] x86/fpu: Supporting XSAVE feature 0x200: 'Protection Keys User registers'
[    0.250087] x86/fpu: xstate_offset[2]:  576, xstate_sizes[2]:  256
[    0.250289] x86/fpu: xstate_offset[9]:  832, xstate_sizes[9]:    8
[    0.250640] x86/fpu: Enabled xstate features 0x207, context size is 840 bytes, using 'compacted' format.
[    0.267024] Freeing SMP alternatives memory: 48K
[    0.267291] pid_max: default: 32768 minimum: 301
[    0.267606] LSM: initializing lsm=capability,selinux
[    0.267909] SELinux:  Initializing.
[    0.268172] Mount-cache hash table entries: 4096 (order: 3, 32768 bytes, linear)
[    0.268292] Mountpoint-cache hash table entries: 4096 (order: 3, 32768 bytes, linear)
[    0.269455] smpboot: CPU0: Intel(R) Core(TM) i9-14900K (family: 0x6, model: 0xb7, stepping: 0x1)
[    0.270164] Performance Events: unsupported p6 CPU model 183 no PMU driver, software events only.
[    0.270313] signal: max sigframe size: 3632
[    0.270583] rcu: Hierarchical SRCU implementation.
[    0.270855] rcu: 	Max phase no-delay instances is 400.
[    0.271204] Timer migration: 1 hierarchy levels; 8 children per group; 1 crossnode level
[    0.271631] smp: Bringing up secondary CPUs ...
[    0.272012] smpboot: x86: Booting SMP configuration:
[    0.272292] .... node  #0, CPUs:      #1
[    0.272367] smp: Brought up 1 node, 2 CPUs
[    0.272780] smpboot: Total of 2 processors activated (12748.80 BogoMIPS)
[    0.273457] Memory: 1675412K/2096632K available (51200K kernel code, 8456K rwdata, 10952K rodata, 5924K init, 1808K bss, 416192K reserved, 0K cma-reserved)
[    0.276293] devtmpfs: initialized
[    0.278398] clocksource: jiffies: mask: 0xffffffff max_cycles: 0xffffffff, max_idle_ns: 1911260446275000 ns
[    0.279049] futex hash table entries: 512 (order: 3, 32768 bytes, linear)
[    0.279403] PM: RTC time: 14:35:48, date: 2026-05-05
[    0.279814] NET: Registered PF_NETLINK/PF_ROUTE protocol family
[    0.280353] audit: initializing netlink subsys (disabled)
[    0.280676] audit: type=2000 audit(1777991749.386:1): state=initialized audit_enabled=0 res=1
[    0.280676] thermal_sys: Registered thermal governor 'step_wise'
[    0.281291] thermal_sys: Registered thermal governor 'user_space'
[    0.281651] cpuidle: using governor menu
[    0.282434] PCI: Using configuration type 1 for base access
[    0.282801] kprobes: kprobe jump-optimization is enabled. All kprobes are optimized if possible.
[    0.284358] HugeTLB: registered 2.00 MiB page size, pre-allocated 0 pages
[    0.284692] HugeTLB: 28 KiB vmemmap can be freed for a 2.00 MiB page
[    0.285327] ACPI: Added _OSI(Module Device)
[    0.285570] ACPI: Added _OSI(Processor Device)
[    0.285822] ACPI: Added _OSI(3.0 _SCP Extensions)
[    0.286089] ACPI: Added _OSI(Processor Aggregator Device)
[    0.293643] ACPI: 1 ACPI AML tables successfully acquired and loaded
[    0.295385] ACPI: Interpreter enabled
[    0.295634] ACPI: PM: (supports S0 S3 S4 S5)
[    0.295887] ACPI: Using IOAPIC for interrupt routing
[    0.296213] PCI: Using host bridge windows from ACPI; if necessary, use "pci=nocrs" and report a bug
[    0.296290] PCI: Using E820 reservations for host bridge windows
[    0.296966] ACPI: Enabled 2 GPEs in block 00 to 0F
[    0.307828] ACPI: PCI Root Bridge [PCI0] (domain 0000 [bus 00-ff])
[    0.308219] acpi PNP0A03:00: _OSC: OS supports [ASPM ClockPM Segments MSI HPX-Type3]
[    0.308293] acpi PNP0A03:00: _OSC: not requesting OS control; OS requires [ExtendedConfig ASPM ClockPM MSI]
[    0.308931] acpi PNP0A03:00: fail to add MMCONFIG information, can't access extended configuration space under this bridge
[    0.309469] PCI host bridge to bus 0000:00
[    0.309749] pci_bus 0000:00: root bus resource [io  0x0000-0x0cf7 window]
[    0.310162] pci_bus 0000:00: root bus resource [io  0x0d00-0xffff window]
[    0.310294] pci_bus 0000:00: root bus resource [mem 0x000a0000-0x000bffff window]
[    0.310751] pci_bus 0000:00: root bus resource [mem 0x80000000-0xfebfffff window]
[    0.311206] pci_bus 0000:00: root bus resource [mem 0x100000000-0x17fffffff window]
[    0.311293] pci_bus 0000:00: root bus resource [bus 00-ff]
[    0.311654] pci 0000:00:00.0: [8086:1237] type 00 class 0x060000 conventional PCI endpoint
[    0.316040] pci 0000:00:01.0: [8086:7000] type 00 class 0x060100 conventional PCI endpoint
[    0.320138] pci 0000:00:01.1: [8086:7010] type 00 class 0x010180 conventional PCI endpoint
[    0.321261] pci 0000:00:01.1: BAR 4 [io  0xc040-0xc04f]
[    0.321654] pci 0000:00:01.1: BAR 0 [io  0x01f0-0x01f7]: legacy IDE quirk
[    0.322151] pci 0000:00:01.1: BAR 1 [io  0x03f6]: legacy IDE quirk
[    0.322290] pci 0000:00:01.1: BAR 2 [io  0x0170-0x0177]: legacy IDE quirk
[    0.322687] pci 0000:00:01.1: BAR 3 [io  0x0376]: legacy IDE quirk
[    0.323214] pci 0000:00:01.3: [8086:7113] type 00 class 0x068000 conventional PCI endpoint
[    0.323518] pci 0000:00:01.3: quirk: [io  0x0600-0x063f] claimed by PIIX4 ACPI
[    0.323936] pci 0000:00:01.3: quirk: [io  0x0700-0x070f] claimed by PIIX4 SMB
[    0.324436] pci 0000:00:02.0: [1234:1111] type 00 class 0x030000 conventional PCI endpoint
[    0.325298] pci 0000:00:02.0: BAR 0 [mem 0xfd000000-0xfdffffff pref]
[    0.326295] pci 0000:00:02.0: BAR 2 [mem 0xfebf0000-0xfebf0fff]
[    0.328295] pci 0000:00:02.0: ROM [mem 0xfebe0000-0xfebeffff pref]
[    0.328720] pci 0000:00:02.0: Video device with shadowed ROM at [mem 0x000c0000-0x000dffff]
[    0.332935] pci 0000:00:03.0: [8086:100e] type 00 class 0x020000 conventional PCI endpoint
[    0.333630] pci 0000:00:03.0: BAR 0 [mem 0xfebc0000-0xfebdffff]
[    0.334213] pci 0000:00:03.0: BAR 1 [io  0xc000-0xc03f]
[    0.335594] pci 0000:00:03.0: ROM [mem 0xfeb80000-0xfebbffff pref]
[    0.340491] ACPI: PCI: Interrupt link LNKA configured for IRQ 10
[    0.341422] ACPI: PCI: Interrupt link LNKB configured for IRQ 10
[    0.342144] ACPI: PCI: Interrupt link LNKC configured for IRQ 11
[    0.342637] ACPI: PCI: Interrupt link LNKD configured for IRQ 11
[    0.343124] ACPI: PCI: Interrupt link LNKS configured for IRQ 9
[    0.344986] iommu: Default domain type: Translated
[    0.345270] iommu: DMA domain TLB invalidation policy: lazy mode
[    0.345468] SCSI subsystem initialized
[    0.345745] ACPI: bus type USB registered
[    0.345745] usbcore: registered new interface driver usbfs
[    0.346305] usbcore: registered new interface driver hub
[    0.346623] usbcore: registered new device driver usb
[    0.346950] pps_core: LinuxPPS API ver. 1 registered
[    0.347233] pps_core: Software ver. 5.3.6 - Copyright 2005-2007 Rodolfo Giometti <giometti@linux.it>
[    0.347296] PTP clock support registered
[    0.347563] Advanced Linux Sound Architecture Driver Initialized.
[    0.348355] NetLabel: Initializing
[    0.348558] NetLabel:  domain hash size = 128
[    0.348810] NetLabel:  protocols = UNLABELED CIPSOv4 CALIPSO
[    0.349185] NetLabel:  unlabeled traffic allowed by default
[    0.349326] PCI: Using ACPI for IRQ routing
[    0.349626] pci 0000:00:02.0: vgaarb: setting as boot VGA device
[    0.349645] pci 0000:00:02.0: vgaarb: bridge control possible
[    0.349970] pci 0000:00:02.0: vgaarb: VGA device added: decodes=io+mem,owns=io+mem,locks=none
[    0.350290] vgaarb: loaded
[    0.350508] hpet0: at MMIO 0xfed00000, IRQs 2, 8, 0
[    0.350788] hpet0: 3 comparators, 64-bit 100.000000 MHz counter
[    0.353330] clocksource: Switched to clocksource kvm-clock
[    0.353997] VFS: Disk quotas dquot_6.6.0
[    0.354549] VFS: Dquot-cache hash table entries: 512 (order 0, 4096 bytes)
[    0.355463] pnp: PnP ACPI init
[    0.356692] pnp: PnP ACPI: found 6 devices
[    0.365065] clocksource: acpi_pm: mask: 0xffffff max_cycles: 0xffffff, max_idle_ns: 2085701024 ns
[    0.365638] NET: Registered PF_INET protocol family
[    0.365985] IP idents hash table entries: 32768 (order: 6, 262144 bytes, linear)
[    0.366855] tcp_listen_portaddr_hash hash table entries: 1024 (order: 2, 16384 bytes, linear)
[    0.367373] Table-perturb hash table entries: 65536 (order: 6, 262144 bytes, linear)
[    0.367860] TCP established hash table entries: 16384 (order: 5, 131072 bytes, linear)
[    0.368350] TCP bind hash table entries: 16384 (order: 7, 524288 bytes, linear)
[    0.370290] TCP: Hash tables configured (established 16384 bind 16384)
[    0.370713] UDP hash table entries: 1024 (order: 3, 32768 bytes, linear)
[    0.371122] UDP-Lite hash table entries: 1024 (order: 3, 32768 bytes, linear)
[    0.371618] NET: Registered PF_UNIX/PF_LOCAL protocol family
[    0.372127] RPC: Registered named UNIX socket transport module.
[    0.372477] RPC: Registered udp transport module.
[    0.372757] RPC: Registered tcp transport module.
[    0.373032] RPC: Registered tcp-with-tls transport module.
[    0.373354] RPC: Registered tcp NFSv4.1 backchannel transport module.
[    0.374038] pci_bus 0000:00: resource 4 [io  0x0000-0x0cf7 window]
[    0.374403] pci_bus 0000:00: resource 5 [io  0x0d00-0xffff window]
[    0.374768] pci_bus 0000:00: resource 6 [mem 0x000a0000-0x000bffff window]
[    0.375174] pci_bus 0000:00: resource 7 [mem 0x80000000-0xfebfffff window]
[    0.375585] pci_bus 0000:00: resource 8 [mem 0x100000000-0x17fffffff window]
[    0.376083] pci 0000:00:01.0: PIIX3: Enabling Passive Release
[    0.376430] pci 0000:00:00.0: Limiting direct PCI/PCI transfers
[    0.376808] PCI: CLS 0 bytes, default 64
[    0.377111] RAPL PMU: API unit is 2^-32 Joules, 0 fixed counters, 10737418240 ms ovfl timer
[    0.377180] Unpacking initramfs...
[    0.377671] clocksource: tsc: mask: 0xffffffffffffffff max_cycles: 0x2df10e7656b, max_idle_ns: 440795364873 ns
[    0.381365] Initialise system trusted keyrings
[    0.381688] workingset: timestamp_bits=56 max_order=19 bucket_order=0
[    0.383932] NFS: Registering the id_resolver key type
[    0.384250] Key type id_resolver registered
[    0.384495] Key type id_legacy registered
[    0.384780] 9p: Installing v9fs 9p2000 file system support
[    0.391501] Key type asymmetric registered
[    0.391798] Asymmetric key parser 'x509' registered
[    0.392107] Block layer SCSI generic (bsg) driver version 0.4 loaded (major 251)
[    0.392562] Freeing initrd memory: 1344K
[    0.392563] io scheduler mq-deadline registered
[    0.392564] io scheduler kyber registered
[    0.393490] input: Power Button as /devices/LNXSYSTM:00/LNXPWRBN:00/input/input0
[    0.394011] ACPI: button: Power Button [PWRF]
[    0.394598] Serial: 8250/16550 driver, 4 ports, IRQ sharing enabled
[    0.395117] 00:04: ttyS0 at I/O 0x3f8 (irq = 4, base_baud = 115200) is a 16550A
[    0.396250] Non-volatile memory driver v1.3
[    0.396498] Linux agpgart interface v0.103
[    0.396835] ACPI: bus type drm_connector registered
[    0.399704] loop: module loaded
[    0.400916] scsi host0: ata_piix
[    0.401324] scsi host1: ata_piix
[    0.401601] ata1: PATA max MWDMA2 cmd 0x1f0 ctl 0x3f6 bmdma 0xc040 irq 14 lpm-pol 0
[    0.402047] ata2: PATA max MWDMA2 cmd 0x170 ctl 0x376 bmdma 0xc048 irq 15 lpm-pol 0
[    0.403720] e100: Intel(R) PRO/100 Network Driver
[    0.404003] e100: Copyright(c) 1999-2006 Intel Corporation
[    0.404340] e1000: Intel(R) PRO/1000 Network Driver
[    0.404629] e1000: Copyright (c) 1999-2006 Intel Corporation.
[    0.559767] ata2: found unknown device (class 0)
[    0.560480] ata2.00: ATAPI: QEMU DVD-ROM, 2.5+, max UDMA/100
[    0.561434] scsi 1:0:0:0: CD-ROM            QEMU     QEMU DVD-ROM     2.5+ PQ: 0 ANSI: 5
[    0.574871] sr 1:0:0:0: [sr0] scsi3-mmc drive: 4x/4x cd/rw xa/form2 tray
[    0.575272] cdrom: Uniform CD-ROM driver Revision: 3.20
[    0.582719] sr 1:0:0:0: Attached scsi generic sg0 type 5
[    0.691826] ACPI: \_SB_.LNKC: Enabled at IRQ 11
[    0.980133] e1000 0000:00:03.0 eth0: (PCI:33MHz:32-bit) 52:54:00:12:34:56
[    0.980596] e1000 0000:00:03.0 eth0: Intel(R) PRO/1000 Network Connection
[    0.981042] e1000e: Intel(R) PRO/1000 Network Driver
[    0.981336] e1000e: Copyright(c) 1999 - 2015 Intel Corporation.
[    0.981714] sky2: driver version 1.30
[    0.982170] usbcore: registered new interface driver usblp
[    0.982508] usbcore: registered new interface driver usb-storage
[    0.982910] i8042: PNP: PS/2 Controller [PNP0303:KBD,PNP0f13:MOU] at 0x60,0x64 irq 1,12
[    0.983823] serio: i8042 KBD port at 0x60,0x64 irq 1
[    0.984118] serio: i8042 AUX port at 0x60,0x64 irq 12
[    0.984630] rtc_cmos 00:05: RTC can wake from S4
[    0.986063] rtc_cmos 00:05: registered as rtc0
[    0.986385] rtc_cmos 00:05: alarms up to one day, y3k, 242 bytes nvram, hpet irqs
[    0.987070] device-mapper: ioctl: 4.48.0-ioctl (2023-03-01) initialised: dm-devel@lists.linux.dev
[    0.987604] intel_pstate: CPU model not supported
[    0.987906] hid: raw HID events driver (C) Jiri Kosina
[    0.988423] usbcore: registered new interface driver usbhid
[    0.988751] usbhid: USB HID core driver
[    0.989247] Mirror/redirect action on
[    0.989467] netem: version 1.3
[    0.990719] Initializing XFRM netlink socket
[    0.991008] NET: Registered PF_INET6 protocol family
[    0.992551] Segment Routing with IPv6
[    0.992827] In-situ OAM (IOAM) with IPv6
[    0.993104] sit: IPv6, IPv4 and MPLS over IPv4 tunneling driver
[    0.993665] NET: Registered PF_PACKET protocol family
[    0.993995] 9pnet: Installing 9P2000 support
[    0.994269] Key type dns_resolver registered
[    0.994776] IPI shorthand broadcast: enabled
[    1.004485] sched_clock: Marking stable (962289905, 41588898)->(1014372970, -10494167)
[    1.005204] registered taskstats version 1
[    1.005450] Loading compiled-in X.509 certificates
[    1.011773] Demotion targets for Node 0: null
[    1.012133] PM:   Magic number: 10:881:585
[    1.012413] printk: legacy console [netcon0] enabled
[    1.012723] netconsole: network logging started
[    1.013322] cfg80211: Loading compiled-in X.509 certificates for regulatory database
[    1.013896] kworker/u8:1 (55) used greatest stack depth: 29664 bytes left
[    1.014576] Loaded X.509 cert 'sforshee: 00b28ddf47aef9cea7'
[    1.015107] Loaded X.509 cert 'wens: 61c038651aabdcf94bd0ac7ff06c7248db18c600'
[    1.015575] platform regulatory.0: Direct firmware load for regulatory.db failed with error -2
[    1.016295] cfg80211: failed to load regulatory.db
[    1.016723] ALSA device list:
[    1.016975]   No soundcards found.
[    1.018109] Freeing unused kernel image (initmem) memory: 5924K
[    1.018356] Write protecting the kernel read-only data: 63488k
[    1.018915] Freeing unused kernel image (rodata/data gap) memory: 1336K
[    1.026585] x86/mm: Checked W+X mappings: passed, no W+X pages found.
[    1.026873] Run /init as init process
[    1.027551] mkdir (58) used greatest stack depth: 28416 bytes left
[    1.032850] busybox (64) used greatest stack depth: 28016 bytes left

secb: rootfs ready
---- poc begin ----
dummy0=3 lo=1
icmp=4
[    1.035780] drr_dequeue: netem qdisc 2: is non-work-conserving?
[    1.056233] ==================================================================
[    1.056684] BUG: KASAN: slab-use-after-free in drr_enqueue+0x974/0x9a0
[    1.057095] Write of size 8 at addr ffff8880093d0a50 by task poc/65
[    1.057484] 
[    1.057590] CPU: 0 UID: 0 PID: 65 Comm: poc Not tainted 6.11.0-rc5-00188-gbab8eb0dd4cb-dirty #1
[    1.058125] Hardware name: QEMU Standard PC (i440FX + PIIX, 1996), BIOS 1.16.2-debian-1.16.2-1 04/01/2014
[    1.058740] Call Trace:
[    1.058918]  <TASK>
[    1.059071]  dump_stack_lvl+0x53/0x70
[    1.059330]  print_report+0xce/0x660
[    1.059585]  ? drr_enqueue+0x974/0x9a0
[    1.059844]  kasan_report+0xc6/0x100
[    1.060097]  ? drr_enqueue+0x974/0x9a0
[    1.060359]  drr_enqueue+0x974/0x9a0
[    1.060611]  ? __pfx_stack_trace_save+0x10/0x10
[    1.060929]  ? __pfx_drr_enqueue+0x10/0x10
[    1.061212]  ? __pfx_stack_trace_save+0x10/0x10
[    1.061522]  ? _raw_spin_lock+0x80/0xe0
[    1.061790]  dev_qdisc_enqueue+0x3b/0x140
[    1.062066]  __dev_queue_xmit+0xde5/0x3200
[    1.062351]  ? selinux_parse_skb.constprop.0+0x116/0x1b0
[    1.062711]  ? __pfx___dev_queue_xmit+0x10/0x10
[    1.063019]  ? selinux_ip_postroute_compat+0x331/0x3e0
[    1.063369]  ? __pfx_selinux_ip_postroute_compat+0x10/0x10
[    1.063740]  ? kasan_save_track+0x14/0x30
[    1.064014]  ? __pfx_csum_and_copy_from_iter_full+0x10/0x10
[    1.064562]  ? selinux_ip_postroute+0x2a7/0xaf0
[    1.065031]  ip_finish_output2+0x75d/0x1ad0
[    1.065470]  ? __pfx_ip_finish_output2+0x10/0x10
[    1.065947]  __ip_finish_output.part.0+0x4cd/0x930
[    1.066443]  ? __pfx___ip_finish_output.part.0+0x10/0x10
[    1.066985]  ? nf_hook_slow+0xa2/0x1c0
[    1.067379]  ip_output+0x25d/0x5d0
[    1.067737]  ? __ip_local_out+0x311/0x400
[    1.068152]  ? __pfx_ip_output+0x10/0x10
[    1.068563]  ? __ip_make_skb+0xf50/0x29e0
[    1.068976]  ? __pfx_ip_finish_output+0x10/0x10
[    1.069448]  ? __pfx_raw_getfrag+0x10/0x10
[    1.069827]  ? ip_append_data+0xc6/0x170
[    1.070085]  ip_push_pending_frames+0x152/0x1a0
[    1.070386]  raw_sendmsg+0xedb/0x2780
[    1.070630]  ? __skb_recv_datagram+0xe0/0x1b0
[    1.070919]  ? __pfx_raw_sendmsg+0x10/0x10
[    1.071191]  ? __pfx__raw_spin_lock_irqsave+0x10/0x10
[    1.071521]  ? __wake_up+0x3f/0x60
[    1.071750]  ? netlink_recvmsg+0x78b/0xbf0
[    1.072020]  ? __pfx_selinux_socket_sendmsg+0x10/0x10
[    1.072353]  ? __pfx____sys_sendmsg+0x10/0x10
[    1.072643]  ? __sys_sendto+0x358/0x410
[    1.072897]  __sys_sendto+0x358/0x410
[    1.073141]  ? __pfx___sys_sendto+0x10/0x10
[    1.073420]  ? __sys_sendmsg+0xe6/0x190
[    1.073675]  __x64_sys_sendto+0xdb/0x1b0
[    1.073935]  ? clear_bhb_loop+0x55/0xb0
[    1.074193]  ? clear_bhb_loop+0x55/0xb0
[    1.074447]  ? clear_bhb_loop+0x55/0xb0
[    1.074702]  do_syscall_64+0xa6/0x1a0
[    1.074946]  entry_SYSCALL_64_after_hwframe+0x77/0x7f
[    1.075279] RIP: 0033:0x43b283
[    1.075473] Code: c7 c2 b8 ff ff ff f7 d8 64 89 02 48 c7 c0 ff ff ff ff eb b8 0f 1f 00 80 3d 01 0e 07 00 00 41 89 ca 74 14 b8 2c 00 00 00 0f 05 <48> 3d 00 f0 ff ff 77 75 c3 0f 1f 40 00 55 48 83 ec 30 44 89 4c 24
[    1.076258] RSP: 002b:00007ffc2edadbf8 EFLAGS: 00000202 ORIG_RAX: 000000000000002c
[    1.076583] RAX: ffffffffffffffda RBX: 0000000000000001 RCX: 000000000043b283
[    1.076888] RDX: 0000000000000020 RSI: 00007ffc2edadc10 RDI: 0000000000000004
[    1.077196] RBP: 0000000000000004 R08: 00007ffc2edadc00 R09: 0000000000000010
[    1.077501] R10: 0000000000000000 R11: 0000000000000202 R12: 000000000047f085
[    1.077806] R13: 0000000000000001 R14: 0000000000000001 R15: 0000000000000001
[    1.078112]  </TASK>
[    1.078214] 
[    1.078287] Allocated by task 65:
[    1.078435]  kasan_save_stack+0x33/0x60
[    1.078604]  kasan_save_track+0x14/0x30
[    1.078773]  __kasan_kmalloc+0x8f/0xa0
[    1.078939]  drr_change_class+0x36f/0xae0
[    1.079115]  tc_ctl_tclass+0x3d6/0x12a0
[    1.079286]  rtnetlink_rcv_msg+0x365/0xa40
[    1.079466]  netlink_rcv_skb+0x12f/0x370
[    1.079638]  netlink_unicast+0x5c2/0x830
[    1.079810]  netlink_sendmsg+0x75c/0xc00
[    1.079982]  ____sys_sendmsg+0x822/0xa00
[    1.080154]  ___sys_sendmsg+0x100/0x180
[    1.080325]  __sys_sendmsg+0xe6/0x190
[    1.080487]  do_syscall_64+0xa6/0x1a0
[    1.080649]  entry_SYSCALL_64_after_hwframe+0x77/0x7f
[    1.080868] 
[    1.080941] Freed by task 65:
[    1.081075]  kasan_save_stack+0x33/0x60
[    1.081249]  kasan_save_track+0x14/0x30
[    1.081413]  kasan_save_free_info+0x3b/0x60
[    1.081577]  poison_slab_object+0x109/0x170
[    1.081743]  __kasan_slab_free+0x14/0x30
[    1.081898]  kfree+0x9c/0x220
[    1.082019]  drr_delete_class+0x2c4/0x470
[    1.082179]  tc_ctl_tclass+0xe7d/0x12a0
[    1.082332]  rtnetlink_rcv_msg+0x365/0xa40
[    1.082493]  netlink_rcv_skb+0x12f/0x370
[    1.082648]  netlink_unicast+0x5c2/0x830
[    1.082803]  netlink_sendmsg+0x75c/0xc00
[    1.082958]  ____sys_sendmsg+0x822/0xa00
[    1.083113]  ___sys_sendmsg+0x100/0x180
[    1.083267]  __sys_sendmsg+0xe6/0x190
[    1.083413]  do_syscall_64+0xa6/0x1a0
[    1.083559]  entry_SYSCALL_64_after_hwframe+0x77/0x7f
[    1.083757] 
[    1.083822] The buggy address belongs to the object at ffff8880093d0a00
[    1.083822]  which belongs to the cache kmalloc-128 of size 128
[    1.084297] The buggy address is located 80 bytes inside of
[    1.084297]  freed 128-byte region [ffff8880093d0a00, ffff8880093d0a80)
[    1.084758] 
[    1.084824] The buggy address belongs to the physical page:
[    1.085039] page: refcount:1 mapcount:0 mapping:0000000000000000 index:0x0 pfn:0x93d0
[    1.085342] flags: 0x100000000000000(node=0|zone=1)
[    1.085533] page_type: 0xfdffffff(slab)
[    1.085686] raw: 0100000000000000 ffff888006841a00 dead000000000122 0000000000000000
[    1.085983] raw: 0000000000000000 0000000080100010 00000001fdffffff 0000000000000000
[    1.086281] page dumped because: kasan: bad access detected
[    1.086497] 
[    1.086562] Memory state around the buggy address:
[    1.086750]  ffff8880093d0900: 00 00 00 00 00 00 00 00 00 00 00 00 00 fc fc fc
[    1.087028]  ffff8880093d0980: fc fc fc fc fc fc fc fc fc fc fc fc fc fc fc fc
[    1.087308] >ffff8880093d0a00: fa fb fb fb fb fb fb fb fb fb fb fb fb fb fb fb
[    1.087585]                                                  ^
[    1.087812]  ffff8880093d0a80: fc fc fc fc fc fc fc fc fc fc fc fc fc fc fc fc
[    1.088090]  ffff8880093d0b00: 00 00 00 00 00 00 00 00 00 00 00 00 00 00 fc fc
[    1.088369] ==================================================================
[    1.088653] Disabling lock debugging due to kernel taint
done
[    1.139821] poc (65) used greatest stack depth: 25144 bytes left
---- poc end rc=0 ----
secb: poc exited without crashing the kernel
[    2.026232] input: ImExPS/2 Generic Explorer Mouse as /devices/platform/i8042/serio1/input/input2
[    2.030044] input: AT Translated Set 2 keyboard as /devices/platform/i8042/serio0/input/input3
[    2.381166] ACPI: PM: Preparing to enter system sleep state S5
[    2.381447] reboot: Power down
CONFIRMED: KASAN_UAF
