bash: warning: setlocale: LC_ALL: cannot change locale (en_US.UTF-8)
c[?7l[2J[0mSeaBIOS (version 1.16.2-debian-1.16.2-1)


iPXE (http://ipxe.org) 00:03.0 CA00 PCI2.10 PnP PMM+7EFCEF00+7EF0EF00 CA00
Press Ctrl-B to configure iPXE (PCI 00:03.0)...                                                                               


Booting from ROM..c[?7l[2J[    0.000000] Linux version 6.8.0-rc1-00004-g69fba378edca-dirty (root@buildkitsandbox) (gcc (Debian 12.2.0-14+deb12u1) 12.2.0, GNU ld (GNU Binutils for Debian) 2.40) #1 SMP PREEMPT_DYNAMIC Tue May  5 13:23:53 UTC 2026
[    0.000000] Command line: console=ttyS0 oops=panic nokaslr rdinit=/init
[    0.000000] BIOS-provided physical RAM map:
[    0.000000] BIOS-e820: [mem 0x0000000000000000-0x000000000009fbff] usable
[    0.000000] BIOS-e820: [mem 0x000000000009fc00-0x000000000009ffff] reserved
[    0.000000] BIOS-e820: [mem 0x00000000000f0000-0x00000000000fffff] reserved
[    0.000000] BIOS-e820: [mem 0x0000000000100000-0x000000007ffdffff] usable
[    0.000000] BIOS-e820: [mem 0x000000007ffe0000-0x000000007fffffff] reserved
[    0.000000] BIOS-e820: [mem 0x00000000feffc000-0x00000000feffffff] reserved
[    0.000000] BIOS-e820: [mem 0x00000000fffc0000-0x00000000ffffffff] reserved
[    0.000000] NX (Execute Disable) protection: active
[    0.000000] APIC: Static calls initialized
[    0.000000] SMBIOS 2.8 present.
[    0.000000] DMI: QEMU Standard PC (i440FX + PIIX, 1996), BIOS 1.16.2-debian-1.16.2-1 04/01/2014
[    0.000000] Hypervisor detected: KVM
[    0.000000] kvm-clock: Using msrs 4b564d01 and 4b564d00
[    0.000000] kvm-clock: using sched offset of 240375156 cycles
[    0.000001] clocksource: kvm-clock: mask: 0xffffffffffffffff max_cycles: 0x1cd42e4dffb, max_idle_ns: 881590591483 ns
[    0.000003] tsc: Detected 3187.200 MHz processor
[    0.000313] last_pfn = 0x7ffe0 max_arch_pfn = 0x400000000
[    0.000332] MTRR map: 4 entries (3 fixed + 1 variable; max 19), built from 8 variable MTRRs
[    0.000334] x86/PAT: Configuration [0-7]: WB  WC  UC- UC  WB  WP  UC- WT  
[    0.002103] found SMP MP-table at [mem 0x000f5ba0-0x000f5baf]
[    0.002108] Using GB pages for direct mapping
[    0.002109] Incomplete global flushes, disabling PCID
[    0.002199] RAMDISK: [mem 0x7fe89000-0x7ffdffff]
[    0.002203] ACPI: Early table checksum verification disabled
[    0.002205] ACPI: RSDP 0x00000000000F59D0 000014 (v00 BOCHS )
[    0.002208] ACPI: RSDT 0x000000007FFE1B33 000034 (v01 BOCHS  BXPC     00000001 BXPC 00000001)
[    0.002212] ACPI: FACP 0x000000007FFE19DF 000074 (v01 BOCHS  BXPC     00000001 BXPC 00000001)
[    0.002216] ACPI: DSDT 0x000000007FFE0040 00199F (v01 BOCHS  BXPC     00000001 BXPC 00000001)
[    0.002218] ACPI: FACS 0x000000007FFE0000 000040
[    0.002220] ACPI: APIC 0x000000007FFE1A53 000080 (v01 BOCHS  BXPC     00000001 BXPC 00000001)
[    0.002221] ACPI: HPET 0x000000007FFE1AD3 000038 (v01 BOCHS  BXPC     00000001 BXPC 00000001)
[    0.002223] ACPI: WAET 0x000000007FFE1B0B 000028 (v01 BOCHS  BXPC     00000001 BXPC 00000001)
[    0.002225] ACPI: Reserving FACP table memory at [mem 0x7ffe19df-0x7ffe1a52]
[    0.002226] ACPI: Reserving DSDT table memory at [mem 0x7ffe0040-0x7ffe19de]
[    0.002227] ACPI: Reserving FACS table memory at [mem 0x7ffe0000-0x7ffe003f]
[    0.002227] ACPI: Reserving APIC table memory at [mem 0x7ffe1a53-0x7ffe1ad2]
[    0.002228] ACPI: Reserving HPET table memory at [mem 0x7ffe1ad3-0x7ffe1b0a]
[    0.002228] ACPI: Reserving WAET table memory at [mem 0x7ffe1b0b-0x7ffe1b32]
[    0.002441] No NUMA configuration found
[    0.002442] Faking a node at [mem 0x0000000000000000-0x000000007ffdffff]
[    0.002443] NODE_DATA(0) allocated [mem 0x7fe85000-0x7fe88fff]
[    0.002451] Zone ranges:
[    0.002452]   DMA      [mem 0x0000000000001000-0x0000000000ffffff]
[    0.002453]   DMA32    [mem 0x0000000001000000-0x000000007ffdffff]
[    0.002454]   Normal   empty
[    0.002454] Movable zone start for each node
[    0.002455] Early memory node ranges
[    0.002455]   node   0: [mem 0x0000000000001000-0x000000000009efff]
[    0.002456]   node   0: [mem 0x0000000000100000-0x000000007ffdffff]
[    0.002456] Initmem setup node 0 [mem 0x0000000000001000-0x000000007ffdffff]
[    0.003341] On node 0, zone DMA: 1 pages in unavailable ranges
[    0.003377] On node 0, zone DMA: 97 pages in unavailable ranges
[    0.026552] On node 0, zone DMA32: 32 pages in unavailable ranges
[    0.252727] kasan: KernelAddressSanitizer initialized
[    0.252941] ACPI: PM-Timer IO Port: 0x608
[    0.252947] ACPI: LAPIC_NMI (acpi_id[0xff] dfl dfl lint[0x1])
[    0.252974] IOAPIC[0]: apic_id 0, version 17, address 0xfec00000, GSI 0-23
[    0.252977] ACPI: INT_SRC_OVR (bus 0 bus_irq 0 global_irq 2 dfl dfl)
[    0.252978] ACPI: INT_SRC_OVR (bus 0 bus_irq 5 global_irq 5 high level)
[    0.252979] ACPI: INT_SRC_OVR (bus 0 bus_irq 9 global_irq 9 high level)
[    0.252980] ACPI: INT_SRC_OVR (bus 0 bus_irq 10 global_irq 10 high level)
[    0.252980] ACPI: INT_SRC_OVR (bus 0 bus_irq 11 global_irq 11 high level)
[    0.252982] ACPI: Using ACPI (MADT) for SMP configuration information
[    0.252983] ACPI: HPET id: 0x8086a201 base: 0xfed00000
[    0.252986] TSC deadline timer available
[    0.252986] smpboot: Allowing 2 CPUs, 0 hotplug CPUs
[    0.253000] kvm-guest: APIC: eoi() replaced with kvm_guest_apic_eoi_write()
[    0.253012] kvm-guest: KVM setup pv remote TLB flush
[    0.253015] kvm-guest: setup PV sched yield
[    0.253020] PM: hibernation: Registered nosave memory: [mem 0x00000000-0x00000fff]
[    0.253021] PM: hibernation: Registered nosave memory: [mem 0x0009f000-0x0009ffff]
[    0.253021] PM: hibernation: Registered nosave memory: [mem 0x000a0000-0x000effff]
[    0.253022] PM: hibernation: Registered nosave memory: [mem 0x000f0000-0x000fffff]
[    0.253023] [mem 0x80000000-0xfeffbfff] available for PCI devices
[    0.253024] Booting paravirtualized kernel on KVM
[    0.253026] clocksource: refined-jiffies: mask: 0xffffffff max_cycles: 0xffffffff, max_idle_ns: 1910969940391419 ns
[    0.261688] setup_percpu: NR_CPUS:64 nr_cpumask_bits:2 nr_cpu_ids:2 nr_node_ids:1
[    0.263271] percpu: Embedded 67 pages/cpu s234280 r8192 d31960 u1048576
[    0.263299] Kernel command line: console=ttyS0 oops=panic nokaslr rdinit=/init
[    0.263350] random: crng init done
[    0.263466] Dentry cache hash table entries: 262144 (order: 9, 2097152 bytes, linear)
[    0.264482] Inode-cache hash table entries: 131072 (order: 8, 1048576 bytes, linear)
[    0.264517] Fallback order for Node 0: 0 
[    0.264520] Built 1 zonelists, mobility grouping on.  Total pages: 515808
[    0.264520] Policy zone: DMA32
[    0.264521] mem auto-init: stack:all(zero), heap alloc:off, heap free:off
[    0.264522] stackdepot: allocating hash table via alloc_large_system_hash
[    0.264523] stackdepot hash table entries: 1048576 (order: 12, 16777216 bytes, linear)
[    0.296330] Memory: 1680116K/2096632K available (51200K kernel code, 8121K rwdata, 10484K rodata, 5796K init, 2340K bss, 416260K reserved, 0K cma-reserved)
[    0.296459] SLUB: HWalign=64, Order=0-3, MinObjects=0, CPUs=2, Nodes=1
[    0.297436] Dynamic Preempt: voluntary
[    0.299585] rcu: Preemptible hierarchical RCU implementation.
[    0.299586] rcu: 	RCU event tracing is enabled.
[    0.299587] rcu: 	RCU restricting CPUs from NR_CPUS=64 to nr_cpu_ids=2.
[    0.299589] 	Trampoline variant of Tasks RCU enabled.
[    0.299589] rcu: RCU calculated value of scheduler-enlistment delay is 100 jiffies.
[    0.299590] rcu: Adjusting geometry for rcu_fanout_leaf=16, nr_cpu_ids=2
[    0.305573] NR_IRQS: 4352, nr_irqs: 440, preallocated irqs: 16
[    0.305810] rcu: srcu_init: Setting srcu_struct sizes based on contention.
[    0.307994] Console: colour VGA+ 80x25
[    0.308018] printk: legacy console [ttyS0] enabled
[    0.344172] ACPI: Core revision 20230628
[    0.344521] clocksource: hpet: mask: 0xffffffff max_cycles: 0xffffffff, max_idle_ns: 19112604467 ns
[    0.345081] APIC: Switch to symmetric I/O mode setup
[    0.345486] kvm-guest: APIC: send_IPI_mask() replaced with kvm_send_ipi_mask()
[    0.345890] kvm-guest: APIC: send_IPI_mask_allbutself() replaced with kvm_send_ipi_mask_allbutself()
[    0.346425] kvm-guest: setup PV IPIs
[    0.347279] ..TIMER: vector=0x30 apic1=0 pin1=2 apic2=-1 pin2=-1
[    0.347632] clocksource: tsc-early: mask: 0xffffffffffffffff max_cycles: 0x2df10e7656b, max_idle_ns: 440795364873 ns
[    0.348233] Calibrating delay loop (skipped) preset value.. 6374.40 BogoMIPS (lpj=3187200)
[    0.348774] x86/cpu: User Mode Instruction Prevention (UMIP) activated
[    0.349281] Last level iTLB entries: 4KB 0, 2MB 0, 4MB 0
[    0.349583] Last level dTLB entries: 4KB 0, 2MB 0, 4MB 0, 1GB 0
[    0.349921] Spectre V1 : Mitigation: usercopy/swapgs barriers and __user pointer sanitization
[    0.350231] Spectre V2 : Mitigation: Enhanced / Automatic IBRS
[    0.350564] Spectre V2 : Spectre v2 / SpectreRSB mitigation: Filling RSB on context switch
[    0.351229] Spectre V2 : Spectre v2 / PBRSB-eIBRS: Retire a single CALL on VMEXIT
[    0.351650] Spectre V2 : mitigation: Enabling conditional Indirect Branch Prediction Barrier
[    0.352122] Speculative Store Bypass: Mitigation: Speculative Store Bypass disabled via prctl
[    0.352230] MMIO Stale Data: Unknown: No mitigations
[    0.352525] x86/fpu: Supporting XSAVE feature 0x001: 'x87 floating point registers'
[    0.353229] x86/fpu: Supporting XSAVE feature 0x002: 'SSE registers'
[    0.353598] x86/fpu: Supporting XSAVE feature 0x004: 'AVX registers'
[    0.353970] x86/fpu: Supporting XSAVE feature 0x200: 'Protection Keys User registers'
[    0.354229] x86/fpu: xstate_offset[2]:  576, xstate_sizes[2]:  256
[    0.354585] x86/fpu: xstate_offset[9]:  832, xstate_sizes[9]:    8
[    0.355229] x86/fpu: Enabled xstate features 0x207, context size is 840 bytes, using 'compacted' format.
[    0.372702] Freeing SMP alternatives memory: 48K
[    0.373017] pid_max: default: 32768 minimum: 301
[    0.373272] LSM: initializing lsm=capability,selinux,integrity
[    0.373613] SELinux:  Initializing.
[    0.373880] Mount-cache hash table entries: 4096 (order: 3, 32768 bytes, linear)
[    0.374232] Mountpoint-cache hash table entries: 4096 (order: 3, 32768 bytes, linear)
[    0.375050] smpboot: CPU0: Intel(R) Core(TM) i9-14900K (family: 0x6, model: 0xb7, stepping: 0x1)
[    0.375229] RCU Tasks: Setting shift to 1 and lim to 1 rcu_task_cb_adjust=1.
[    0.375249] Performance Events: unsupported p6 CPU model 183 no PMU driver, software events only.
[    0.375776] signal: max sigframe size: 3632
[    0.376048] rcu: Hierarchical SRCU implementation.
[    0.376230] rcu: 	Max phase no-delay instances is 400.
[    0.376898] smp: Bringing up secondary CPUs ...
[    0.377297] smpboot: x86: Booting SMP configuration:
[    0.377579] .... node  #0, CPUs:      #1
[    0.377694] smp: Brought up 1 node, 2 CPUs
[    0.378231] smpboot: Max logical packages: 1
[    0.378477] smpboot: Total of 2 processors activated (12748.80 BogoMIPS)
[    0.380298] devtmpfs: initialized
[    0.382787] clocksource: jiffies: mask: 0xffffffff max_cycles: 0xffffffff, max_idle_ns: 1911260446275000 ns
[    0.383232] futex hash table entries: 512 (order: 3, 32768 bytes, linear)
[    0.383731] PM: RTC time: 13:26:39, date: 2026-05-05
[    0.384135] NET: Registered PF_NETLINK/PF_ROUTE protocol family
[    0.384421] audit: initializing netlink subsys (disabled)
[    0.384759] audit: type=2000 audit(1777987600.380:1): state=initialized audit_enabled=0 res=1
[    0.384759] thermal_sys: Registered thermal governor 'step_wise'
[    0.385230] thermal_sys: Registered thermal governor 'user_space'
[    0.385588] cpuidle: using governor menu
[    0.386381] PCI: Using configuration type 1 for base access
[    0.386775] kprobes: kprobe jump-optimization is enabled. All kprobes are optimized if possible.
[    0.390476] HugeTLB: registered 2.00 MiB page size, pre-allocated 0 pages
[    0.390876] HugeTLB: 28 KiB vmemmap can be freed for a 2.00 MiB page
[    0.391526] ACPI: Added _OSI(Module Device)
[    0.391772] ACPI: Added _OSI(Processor Device)
[    0.392028] ACPI: Added _OSI(3.0 _SCP Extensions)
[    0.392231] ACPI: Added _OSI(Processor Aggregator Device)
[    0.398694] ACPI: 1 ACPI AML tables successfully acquired and loaded
[    0.399993] ACPI: _OSC evaluation for CPUs failed, trying _PDC
[    0.400829] ACPI: Interpreter enabled
[    0.401074] ACPI: PM: (supports S0 S3 S4 S5)
[    0.401231] ACPI: Using IOAPIC for interrupt routing
[    0.401559] PCI: Using host bridge windows from ACPI; if necessary, use "pci=nocrs" and report a bug
[    0.402096] PCI: Using E820 reservations for host bridge windows
[    0.402566] ACPI: Enabled 2 GPEs in block 00 to 0F
[    0.413669] ACPI: PCI Root Bridge [PCI0] (domain 0000 [bus 00-ff])
[    0.414038] acpi PNP0A03:00: _OSC: OS supports [ASPM ClockPM Segments MSI HPX-Type3]
[    0.414231] acpi PNP0A03:00: _OSC: not requesting OS control; OS requires [ExtendedConfig ASPM ClockPM MSI]
[    0.414834] acpi PNP0A03:00: fail to add MMCONFIG information, can't access extended configuration space under this bridge
[    0.415389] PCI host bridge to bus 0000:00
[    0.415627] pci_bus 0000:00: root bus resource [io  0x0000-0x0cf7 window]
[    0.416016] pci_bus 0000:00: root bus resource [io  0x0d00-0xffff window]
[    0.416231] pci_bus 0000:00: root bus resource [mem 0x000a0000-0x000bffff window]
[    0.416661] pci_bus 0000:00: root bus resource [mem 0x80000000-0xfebfffff window]
[    0.417092] pci_bus 0000:00: root bus resource [mem 0x100000000-0x17fffffff window]
[    0.417232] pci_bus 0000:00: root bus resource [bus 00-ff]
[    0.417596] pci 0000:00:00.0: [8086:1237] type 00 class 0x060000 conventional PCI endpoint
[    0.422632] pci 0000:00:01.0: [8086:7000] type 00 class 0x060100 conventional PCI endpoint
[    0.426888] pci 0000:00:01.1: [8086:7010] type 00 class 0x010180 conventional PCI endpoint
[    0.428231] pci 0000:00:01.1: BAR 4 [io  0xc040-0xc04f]
[    0.428963] pci 0000:00:01.1: BAR 0 [io  0x01f0-0x01f7]: legacy IDE quirk
[    0.429230] pci 0000:00:01.1: BAR 1 [io  0x03f6]: legacy IDE quirk
[    0.429583] pci 0000:00:01.1: BAR 2 [io  0x0170-0x0177]: legacy IDE quirk
[    0.429969] pci 0000:00:01.1: BAR 3 [io  0x0376]: legacy IDE quirk
[    0.430383] pci 0000:00:01.3: [8086:7113] type 00 class 0x068000 conventional PCI endpoint
[    0.431075] pci 0000:00:01.3: quirk: [io  0x0600-0x063f] claimed by PIIX4 ACPI
[    0.431234] pci 0000:00:01.3: quirk: [io  0x0700-0x070f] claimed by PIIX4 SMB
[    0.431786] pci 0000:00:02.0: [1234:1111] type 00 class 0x030000 conventional PCI endpoint
[    0.432950] pci 0000:00:02.0: BAR 0 [mem 0xfd000000-0xfdffffff pref]
[    0.434238] pci 0000:00:02.0: BAR 2 [mem 0xfebf0000-0xfebf0fff]
[    0.436867] pci 0000:00:02.0: ROM [mem 0xfebe0000-0xfebeffff pref]
[    0.437294] pci 0000:00:02.0: Video device with shadowed ROM at [mem 0x000c0000-0x000dffff]
[    0.441514] pci 0000:00:03.0: [8086:100e] type 00 class 0x020000 conventional PCI endpoint
[    0.442382] pci 0000:00:03.0: BAR 0 [mem 0xfebc0000-0xfebdffff]
[    0.443015] pci 0000:00:03.0: BAR 1 [io  0xc000-0xc03f]
[    0.445396] pci 0000:00:03.0: ROM [mem 0xfeb80000-0xfebbffff pref]
[    0.450457] ACPI: PCI: Interrupt link LNKA configured for IRQ 10
[    0.451167] ACPI: PCI: Interrupt link LNKB configured for IRQ 10
[    0.451577] ACPI: PCI: Interrupt link LNKC configured for IRQ 11
[    0.452270] ACPI: PCI: Interrupt link LNKD configured for IRQ 11
[    0.452753] ACPI: PCI: Interrupt link LNKS configured for IRQ 9
[    0.454056] iommu: Default domain type: Translated
[    0.454230] iommu: DMA domain TLB invalidation policy: lazy mode
[    0.454760] SCSI subsystem initialized
[    0.455041] ACPI: bus type USB registered
[    0.455267] usbcore: registered new interface driver usbfs
[    0.455596] usbcore: registered new interface driver hub
[    0.455914] usbcore: registered new device driver usb
[    0.456249] pps_core: LinuxPPS API ver. 1 registered
[    0.456536] pps_core: Software ver. 5.3.6 - Copyright 2005-2007 Rodolfo Giometti <giometti@linux.it>
[    0.457069] PTP clock support registered
[    0.457292] Advanced Linux Sound Architecture Driver Initialized.
[    0.457989] NetLabel: Initializing
[    0.458231] NetLabel:  domain hash size = 128
[    0.458483] NetLabel:  protocols = UNLABELED CIPSOv4 CALIPSO
[    0.458846] NetLabel:  unlabeled traffic allowed by default
[    0.459240] PCI: Using ACPI for IRQ routing
[    0.459566] pci 0000:00:02.0: vgaarb: setting as boot VGA device
[    0.459587] pci 0000:00:02.0: vgaarb: bridge control possible
[    0.459918] pci 0000:00:02.0: vgaarb: VGA device added: decodes=io+mem,owns=io+mem,locks=none
[    0.460230] vgaarb: loaded
[    0.460451] hpet0: at MMIO 0xfed00000, IRQs 2, 8, 0
[    0.460734] hpet0: 3 comparators, 64-bit 100.000000 MHz counter
[    0.463278] clocksource: Switched to clocksource kvm-clock
[    0.463807] VFS: Disk quotas dquot_6.6.0
[    0.464077] VFS: Dquot-cache hash table entries: 512 (order 0, 4096 bytes)
[    0.464973] pnp: PnP ACPI init
[    0.466237] pnp: PnP ACPI: found 6 devices
[    0.476703] clocksource: acpi_pm: mask: 0xffffff max_cycles: 0xffffff, max_idle_ns: 2085701024 ns
[    0.477258] NET: Registered PF_INET protocol family
[    0.477583] IP idents hash table entries: 32768 (order: 6, 262144 bytes, linear)
[    0.478375] tcp_listen_portaddr_hash hash table entries: 1024 (order: 2, 16384 bytes, linear)
[    0.478864] Table-perturb hash table entries: 65536 (order: 6, 262144 bytes, linear)
[    0.479311] TCP established hash table entries: 16384 (order: 5, 131072 bytes, linear)
[    0.479775] TCP bind hash table entries: 16384 (order: 7, 524288 bytes, linear)
[    0.481684] TCP: Hash tables configured (established 16384 bind 16384)
[    0.482161] UDP hash table entries: 1024 (order: 3, 32768 bytes, linear)
[    0.483355] UDP-Lite hash table entries: 1024 (order: 3, 32768 bytes, linear)
[    0.484724] NET: Registered PF_UNIX/PF_LOCAL protocol family
[    0.485984] RPC: Registered named UNIX socket transport module.
[    0.486320] RPC: Registered udp transport module.
[    0.486592] RPC: Registered tcp transport module.
[    0.486859] RPC: Registered tcp-with-tls transport module.
[    0.487171] RPC: Registered tcp NFSv4.1 backchannel transport module.
[    0.487863] pci_bus 0000:00: resource 4 [io  0x0000-0x0cf7 window]
[    0.488219] pci_bus 0000:00: resource 5 [io  0x0d00-0xffff window]
[    0.488573] pci_bus 0000:00: resource 6 [mem 0x000a0000-0x000bffff window]
[    0.488961] pci_bus 0000:00: resource 7 [mem 0x80000000-0xfebfffff window]
[    0.489352] pci_bus 0000:00: resource 8 [mem 0x100000000-0x17fffffff window]
[    0.489836] pci 0000:00:01.0: PIIX3: Enabling Passive Release
[    0.490173] pci 0000:00:00.0: Limiting direct PCI/PCI transfers
[    0.490542] PCI: CLS 0 bytes, default 64
[    0.490821] RAPL PMU: API unit is 2^-32 Joules, 0 fixed counters, 10737418240 ms ovfl timer
[    0.490931] Unpacking initramfs...
[    0.491301] clocksource: tsc: mask: 0xffffffffffffffff max_cycles: 0x2df10e7656b, max_idle_ns: 440795364873 ns
[    0.495607] Initialise system trusted keyrings
[    0.495919] workingset: timestamp_bits=56 max_order=19 bucket_order=0
[    0.498514] NFS: Registering the id_resolver key type
[    0.498818] Key type id_resolver registered
[    0.499061] Key type id_legacy registered
[    0.499345] 9p: Installing v9fs 9p2000 file system support
[    0.509296] NET: Registered PF_ALG protocol family
[    0.509625] Key type asymmetric registered
[    0.509861] Asymmetric key parser 'x509' registered
[    0.510173] Block layer SCSI generic (bsg) driver version 0.4 loaded (major 251)
[    0.510610] io scheduler mq-deadline registered
[    0.510869] io scheduler kyber registered
[    0.511322] input: Power Button as /devices/LNXSYSTM:00/LNXPWRBN:00/input/input0
[    0.511847] ACPI: button: Power Button [PWRF]
[    0.512034] Freeing initrd memory: 1372K
[    0.512408] Serial: 8250/16550 driver, 4 ports, IRQ sharing enabled
[    0.512928] 00:04: ttyS0 at I/O 0x3f8 (irq = 4, base_baud = 115200) is a 16550A
[    0.514243] Non-volatile memory driver v1.3
[    0.514494] Linux agpgart interface v0.103
[    0.514810] ACPI: bus type drm_connector registered
[    0.517318] loop: module loaded
[    0.518742] scsi host0: ata_piix
[    0.519133] scsi host1: ata_piix
[    0.519402] ata1: PATA max MWDMA2 cmd 0x1f0 ctl 0x3f6 bmdma 0xc040 irq 14 lpm-pol 0
[    0.519842] ata2: PATA max MWDMA2 cmd 0x170 ctl 0x376 bmdma 0xc048 irq 15 lpm-pol 0
[    0.520871] e100: Intel(R) PRO/100 Network Driver
[    0.521145] e100: Copyright(c) 1999-2006 Intel Corporation
[    0.521471] e1000: Intel(R) PRO/1000 Network Driver
[    0.521749] e1000: Copyright (c) 1999-2006 Intel Corporation.
[    0.672549] ata2: found unknown device (class 0)
[    0.673291] ata2.00: ATAPI: QEMU DVD-ROM, 2.5+, max UDMA/100
[    0.674275] scsi 1:0:0:0: CD-ROM            QEMU     QEMU DVD-ROM     2.5+ PQ: 0 ANSI: 5
[    0.687726] sr 1:0:0:0: [sr0] scsi3-mmc drive: 4x/4x cd/rw xa/form2 tray
[    0.688126] cdrom: Uniform CD-ROM driver Revision: 3.20
[    0.701464] sr 1:0:0:0: Attached scsi generic sg0 type 5
[    0.816207] ACPI: \_SB_.LNKC: Enabled at IRQ 11
[    1.105880] e1000 0000:00:03.0 eth0: (PCI:33MHz:32-bit) 52:54:00:12:34:56
[    1.106286] e1000 0000:00:03.0 eth0: Intel(R) PRO/1000 Network Connection
[    1.106708] e1000e: Intel(R) PRO/1000 Network Driver
[    1.106995] e1000e: Copyright(c) 1999 - 2015 Intel Corporation.
[    1.107352] sky2: driver version 1.30
[    1.108160] usbcore: registered new interface driver usblp
[    1.108506] usbcore: registered new interface driver usb-storage
[    1.108904] i8042: PNP: PS/2 Controller [PNP0303:KBD,PNP0f13:MOU] at 0x60,0x64 irq 1,12
[    1.109829] serio: i8042 KBD port at 0x60,0x64 irq 1
[    1.110123] serio: i8042 AUX port at 0x60,0x64 irq 12
[    1.110801] rtc_cmos 00:05: RTC can wake from S4
[    1.111160] input: AT Translated Set 2 keyboard as /devices/platform/i8042/serio0/input/input1
[    1.112224] rtc_cmos 00:05: registered as rtc0
[    1.112544] rtc_cmos 00:05: alarms up to one day, y3k, 242 bytes nvram, hpet irqs
[    1.113172] device-mapper: ioctl: 4.48.0-ioctl (2023-03-01) initialised: dm-devel@redhat.com
[    1.113805] intel_pstate: CPU model not supported
[    1.114175] hid: raw HID events driver (C) Jiri Kosina
[    1.114702] usbcore: registered new interface driver usbhid
[    1.115031] usbhid: USB HID core driver
[    1.115942] Initializing XFRM netlink socket
[    1.116240] NET: Registered PF_INET6 protocol family
[    1.116884] Segment Routing with IPv6
[    1.117117] In-situ OAM (IOAM) with IPv6
[    1.117390] sit: IPv6, IPv4 and MPLS over IPv4 tunneling driver
[    1.117962] NET: Registered PF_PACKET protocol family
[    1.118293] 9pnet: Installing 9P2000 support
[    1.118573] Key type dns_resolver registered
[    1.119063] IPI shorthand broadcast: enabled
[    1.126971] sched_clock: Marking stable (1087000894, 39414037)->(1136949440, -10534509)
[    1.127585] registered taskstats version 1
[    1.127844] Loading compiled-in X.509 certificates
[    1.134156] PM:   Magic number: 10:122:432
[    1.134439] printk: legacy console [netcon0] enabled
[    1.134729] netconsole: network logging started
[    1.135073] cfg80211: Loading compiled-in X.509 certificates for regulatory database
[    1.135656] kworker/u4:0 (53) used greatest stack depth: 29632 bytes left
[    1.138386] Loaded X.509 cert 'sforshee: 00b28ddf47aef9cea7'
[    1.138850] Loaded X.509 cert 'wens: 61c038651aabdcf94bd0ac7ff06c7248db18c600'
[    1.139284] ALSA device list:
[    1.139469]   No soundcards found.
[    1.140472] Freeing unused kernel image (initmem) memory: 5796K
[    1.140749] platform regulatory.0: Direct firmware load for regulatory.db failed with error -2
[    1.141087] cfg80211: failed to load regulatory.db
[    1.149468] Write protecting the kernel read-only data: 63488k
[    1.150032] Freeing unused kernel image (rodata/data gap) memory: 1804K
[    1.157508] x86/mm: Checked W+X mappings: passed, no W+X pages found.
[    1.157807] Run /init as init process
[    1.158481] mkdir (56) used greatest stack depth: 29520 bytes left
[    1.158897] mount (57) used greatest stack depth: 28776 bytes left
[    1.159876] mount (59) used greatest stack depth: 28608 bytes left

secb: rootfs ready
---- poc begin ----
[poc] probing H
[poc] H=802
[poc] starting 8 spray threads
[poc] triggering[    1.373542] ==================================================================
 H=802 C=128 M=9[    1.373848] BUG: KASAN: use-after-free in af_alg_free_sg+0x1b9/0x1f0
31 ds=16
[    1.374165] Read of size 8 at addr ffff88800b304000 by task poc/63
[    1.374446] 
[    1.374512] CPU: 0 PID: 63 Comm: poc Not tainted 6.8.0-rc1-00004-g69fba378edca-dirty #1
[    1.374822] Hardware name: QEMU Standard PC (i440FX + PIIX, 1996), BIOS 1.16.2-debian-1.16.2-1 04/01/2014
[    1.375192] Call Trace:
[    1.375293]  <TASK>
[    1.375381]  dump_stack_lvl+0x36/0x50
[    1.375532]  print_report+0xcf/0x660
[    1.375677]  ? __virt_addr_valid+0x1ba/0x280
[    1.375849]  ? af_alg_free_sg+0x1b9/0x1f0
[    1.376011]  kasan_report+0xc7/0x100
[    1.376154]  ? af_alg_free_sg+0x1b9/0x1f0
[    1.376314]  af_alg_free_sg+0x1b9/0x1f0
[    1.376467]  hash_sendmsg+0x5f1/0x1160
[    1.376617]  ? __kmalloc+0x177/0x350
[    1.376761]  ? sock_kmalloc+0xda/0x120
[    1.376912]  ____sys_sendmsg+0x822/0xa00
[    1.377070]  ? __pfx_____sys_sendmsg+0x10/0x10
[    1.377247]  ? __pfx_copy_msghdr_from_user+0x10/0x10
[    1.377444]  ___sys_sendmsg+0x100/0x180
[    1.377598]  ? __pfx____sys_sendmsg+0x10/0x10
[    1.377773]  ? hash_accept+0x1ef/0x480
[    1.377924]  ? __kasan_slab_free+0x37/0x60
[    1.378088]  __sys_sendmsg+0xe6/0x190
[    1.378238]  ? __pfx___sys_sendmsg+0x10/0x10
[    1.378410]  ? __sys_accept4+0x8e/0xc0
[    1.378563]  ? fpregs_assert_state_consistent+0x1c/0xa0
[    1.378772]  do_syscall_64+0xb0/0x1b0
[    1.378924]  entry_SYSCALL_64_after_hwframe+0x6f/0x77
[    1.379136] RIP: 0033:0x43ea2d
[    1.379266] Code: 28 89 54 24 1c 48 89 74 24 10 89 7c 24 08 e8 9a 2a 02 00 8b 54 24 1c 48 8b 74 24 10 41 89 c0 8b 7c 24 08 b8 2e 00 00 00 0f 05 <48> 3d 00 f0 ff ff 77 33 44 89 c7 48 89 44 24 08 e8 ee 2a 02 00 48
[    1.379991] RSP: 002b:00007ffd61b24c90 EFLAGS: 00000293 ORIG_RAX: 000000000000002e
[    1.380291] RAX: ffffffffffffffda RBX: 00007ffd61b24d40 RCX: 000000000043ea2d
[    1.380573] RDX: 0000000000000000 RSI: 00007ffd61b24d00 RDI: 0000000000000015
[    1.380855] RBP: 0000000000000013 R08: 0000000000000000 R09: 0000000000000000
[    1.381134] R10: 0000000000008000 R11: 0000000000000293 R12: 0000000000000014
[    1.381411] R13: 00007ffd61b24d80 R14: 0000000100000001 R15: 0000000000000015
[    1.381688]  </TASK>
[    1.381780] 
[    1.381846] The buggy address belongs to the physical page:
[    1.382066] page:00000000bee7617d refcount:1 mapcount:0 mapping:0000000000000000 index:0x0 pfn:0xb300
[    1.382422] head:00000000bee7617d order:3 entire_mapcount:0 nr_pages_mapped:0 pincount:0
[    1.382734] flags: 0x100000000000840(slab|head|node=0|zone=1)
[    1.382960] page_type: 0xffffffff()
[    1.383102] raw: 0100000000000840 ffff888006842000 dead000000000122 0000000000000000
[    1.383401] raw: 0000000000000000 0000000000080008 00000001ffffffff 0000000000000000
[    1.383701] page dumped because: kasan: bad access detected
[    1.383917] 
[    1.383983] Memory state around the buggy address:
[    1.384174]  ffff88800b303f00: fc fc fc fc fc fc fc fc fc fc fc fc fc fc fc fc
[    1.384455]  ffff88800b303f80: fc fc fc fc fc fc fc fc fc fc fc fc fc fc fc fc
[    1.384734] >ffff88800b304000: fa fb fb fb fb fb fb fb fb fb fb fb fb fb fb fb
[    1.385016]                    ^
[    1.385146]  ffff88800b304080: fb fb fb fb fb fb fb fb fb fb fb fb fb fb fb fb
[    1.385426]  ffff88800b304100: fb fb fb fb fb fb fb fb fb fb fb fb fb fb fb fb
[    1.385706] ==================================================================
[    1.385991] Disabling lock debugging due to kernel taint
[    1.386207] general protection fault, probably for non-canonical address 0xe05d7c2760000008: 0000 [#1] PREEMPT SMP KASAN NOPTI
[    1.386644] KASAN: maybe wild-memory-access in range [0x02ec013b00000040-0x02ec013b00000047]
[    1.386970] CPU: 0 PID: 63 Comm: poc Tainted: G    B              6.8.0-rc1-00004-g69fba378edca-dirty #1
[    1.387336] Hardware name: QEMU Standard PC (i440FX + PIIX, 1996), BIOS 1.16.2-debian-1.16.2-1 04/01/2014
[    1.387703] RIP: 0010:gup_put_folio+0x86/0x1a0
[    1.387880] Code: 3c 10 00 0f 85 de 00 00 00 4c 3b 25 1c 8b 00 04 0f 84 a0 00 00 00 48 b8 00 00 00 00 00 fc ff df 48 89 d9 48 63 d5 48 c1 e9 03 <80> 3c 01 00 0f 85 d5 00 00 00 48 b8 00 00 00 00 00 fc ff df 4c 8b
[    1.388593] RSP: 0018:ffffc9000041fa00 EFLAGS: 00010203
[    1.388798] RAX: dffffc0000000000 RBX: 02ec013b00000044 RCX: 005d802760000008
[    1.389077] RDX: 0000000000000001 RSI: 0000000000000001 RDI: 02ec013b00000044
[    1.389354] RBP: 0000000000000001 R08: 0000000000000001 R09: fffffbfff0c7b3b0
[    1.389631] R10: ffffffff863d9d87 R11: 6e696c6261736944 R12: 000bb05cec000001
[    1.389922] R13: ffffed1000eb0600 R14: 0000000000000001 R15: ffff888007583000
[    1.390230] FS:  0000000000c703c0(0000) GS:ffff88806d000000(0000) knlGS:0000000000000000
[    1.390559] CS:  0010 DS: 0000 ES: 0000 CR0: 0000000080050033
[    1.390796] CR2: 0000000000c72008 CR3: 00000000070c6000 CR4: 0000000000750ef0
[    1.391091] PKRU: 55555554
[    1.391202] Call Trace:
[    1.391303]  <TASK>
[    1.391391]  ? die_addr+0x3b/0xa0
[    1.391527]  ? exc_general_protection+0x151/0x220
[    1.391714]  ? asm_exc_general_protection+0x26/0x30
[    1.391908]  ? gup_put_folio+0x86/0x1a0
[    1.392063]  af_alg_free_sg+0x102/0x1f0
[    1.392224]  hash_sendmsg+0x5f1/0x1160
[    1.392383]  ? __kmalloc+0x177/0x350
[    1.392534]  ? sock_kmalloc+0xda/0x120
[    1.392692]  ____sys_sendmsg+0x822/0xa00
[    1.392856]  ? __pfx_____sys_sendmsg+0x10/0x10
[    1.393043]  ? __pfx_copy_msghdr_from_user+0x10/0x10
[    1.393250]  ___sys_sendmsg+0x100/0x180
[    1.393411]  ? __pfx____sys_sendmsg+0x10/0x10
[    1.393594]  ? hash_accept+0x1ef/0x480
[    1.393750]  ? __kasan_slab_free+0x37/0x60
[    1.393922]  __sys_sendmsg+0xe6/0x190
[    1.394074]  ? __pfx___sys_sendmsg+0x10/0x10
[    1.394254]  ? __sys_accept4+0x8e/0xc0
[    1.394410]  ? fpregs_assert_state_consistent+0x1c/0xa0
[    1.394626]  do_syscall_64+0xb0/0x1b0
[    1.394780]  entry_SYSCALL_64_after_hwframe+0x6f/0x77
[    1.394988] RIP: 0033:0x43ea2d
[    1.395115] Code: 28 89 54 24 1c 48 89 74 24 10 89 7c 24 08 e8 9a 2a 02 00 8b 54 24 1c 48 8b 74 24 10 41 89 c0 8b 7c 24 08 b8 2e 00 00 00 0f 05 <48> 3d 00 f0 ff ff 77 33 44 89 c7 48 89 44 24 08 e8 ee 2a 02 00 48
[    1.395864] RSP: 002b:00007ffd61b24c90 EFLAGS: 00000293 ORIG_RAX: 000000000000002e
[    1.396160] RAX: ffffffffffffffda RBX: 00007ffd61b24d40 RCX: 000000000043ea2d
[    1.396435] RDX: 0000000000000000 RSI: 00007ffd61b24d00 RDI: 0000000000000015
[    1.396711] RBP: 0000000000000013 R08: 0000000000000000 R09: 0000000000000000
[    1.396989] R10: 0000000000008000 R11: 0000000000000293 R12: 0000000000000014
[    1.397275] R13: 00007ffd61b24d80 R14: 0000000100000001 R15: 0000000000000015
[    1.397567]  </TASK>
[    1.397663] Modules linked in:
[    1.397797] ---[ end trace 0000000000000000 ]---
[    1.397990] RIP: 0010:gup_put_folio+0x86/0x1a0
[    1.398179] Code: 3c 10 00 0f 85 de 00 00 00 4c 3b 25 1c 8b 00 04 0f 84 a0 00 00 00 48 b8 00 00 00 00 00 fc ff df 48 89 d9 48 63 d5 48 c1 e9 03 <80> 3c 01 00 0f 85 d5 00 00 00 48 b8 00 00 00 00 00 fc ff df 4c 8b
[    1.398927] RSP: 0018:ffffc9000041fa00 EFLAGS: 00010203
[    1.399136] RAX: dffffc0000000000 RBX: 02ec013b00000044 RCX: 005d802760000008
[    1.399431] RDX: 0000000000000001 RSI: 0000000000000001 RDI: 02ec013b00000044
[    1.399721] RBP: 0000000000000001 R08: 0000000000000001 R09: fffffbfff0c7b3b0
[    1.400007] R10: ffffffff863d9d87 R11: 6e696c6261736944 R12: 000bb05cec000001
[    1.400297] R13: ffffed1000eb0600 R14: 0000000000000001 R15: ffff888007583000
[    1.400594] FS:  0000000000c703c0(0000) GS:ffff88806d000000(0000) knlGS:0000000000000000
[    1.400921] CS:  0010 DS: 0000 ES: 0000 CR0: 0000000080050033
[    1.401160] CR2: 0000000000c72008 CR3: 00000000070c6000 CR4: 0000000000750ef0
[    1.401454] PKRU: 55555554
[    1.401569] Kernel panic - not syncing: Fatal exception
[    1.401986] Kernel Offset: disabled
CONFIRMED: KASAN_UAF
