c[?7l[2J[0mSeaBIOS (version 1.16.2-debian-1.16.2-1)


iPXE (http://ipxe.org) 00:03.0 CA00 PCI2.10 PnP PMM+7EFCEF00+7EF0EF00 CA00
Press Ctrl-B to configure iPXE (PCI 00:03.0)...                                                                               


Booting from ROM..c[?7l[2J[    0.000000] Linux version 6.6.0-dirty (root@buildkitsandbox) (gcc (Debian 12.2.0-14+deb12u1) 12.2.0, GNU ld (GNU Binutils for Debian) 2.40) #1 SMP PREEMPT_DYNAMIC Sun May  3 13:57:28 UTC 2026
[    0.000000] Command line: console=ttyS0 oops=panic panic_on_warn=1 nokaslr rdinit=/init
[    0.000000] BIOS-provided physical RAM map:
[    0.000000] BIOS-e820: [mem 0x0000000000000000-0x000000000009fbff] usable
[    0.000000] BIOS-e820: [mem 0x000000000009fc00-0x000000000009ffff] reserved
[    0.000000] BIOS-e820: [mem 0x00000000000f0000-0x00000000000fffff] reserved
[    0.000000] BIOS-e820: [mem 0x0000000000100000-0x000000007ffdffff] usable
[    0.000000] BIOS-e820: [mem 0x000000007ffe0000-0x000000007fffffff] reserved
[    0.000000] BIOS-e820: [mem 0x00000000feffc000-0x00000000feffffff] reserved
[    0.000000] BIOS-e820: [mem 0x00000000fffc0000-0x00000000ffffffff] reserved
[    0.000000] NX (Execute Disable) protection: active
[    0.000000] APIC: Static calls initialized
[    0.000000] SMBIOS 2.8 present.
[    0.000000] DMI: QEMU Standard PC (i440FX + PIIX, 1996), BIOS 1.16.2-debian-1.16.2-1 04/01/2014
[    0.000000] Hypervisor detected: KVM
[    0.000000] kvm-clock: Using msrs 4b564d01 and 4b564d00
[    0.000002] kvm-clock: using sched offset of 355565127 cycles
[    0.000005] clocksource: kvm-clock: mask: 0xffffffffffffffff max_cycles: 0x1cd42e4dffb, max_idle_ns: 881590591483 ns
[    0.000009] tsc: Detected 3187.200 MHz processor
[    0.000638] last_pfn = 0x7ffe0 max_arch_pfn = 0x400000000
[    0.000665] MTRR map: 4 entries (3 fixed + 1 variable; max 19), built from 8 variable MTRRs
[    0.000669] x86/PAT: Configuration [0-7]: WB  WC  UC- UC  WB  WP  UC- WT  
[    0.002704] found SMP MP-table at [mem 0x000f5ba0-0x000f5baf]
[    0.002746] Using GB pages for direct mapping
[    0.002747] Incomplete global flushes, disabling PCID
[    0.003345] RAMDISK: [mem 0x7fe92000-0x7ffdffff]
[    0.003360] ACPI: Early table checksum verification disabled
[    0.003366] ACPI: RSDP 0x00000000000F59D0 000014 (v00 BOCHS )
[    0.003371] ACPI: RSDT 0x000000007FFE1B33 000034 (v01 BOCHS  BXPC     00000001 BXPC 00000001)
[    0.003378] ACPI: FACP 0x000000007FFE19DF 000074 (v01 BOCHS  BXPC     00000001 BXPC 00000001)
[    0.003384] ACPI: DSDT 0x000000007FFE0040 00199F (v01 BOCHS  BXPC     00000001 BXPC 00000001)
[    0.003387] ACPI: FACS 0x000000007FFE0000 000040
[    0.003390] ACPI: APIC 0x000000007FFE1A53 000080 (v01 BOCHS  BXPC     00000001 BXPC 00000001)
[    0.003392] ACPI: HPET 0x000000007FFE1AD3 000038 (v01 BOCHS  BXPC     00000001 BXPC 00000001)
[    0.003394] ACPI: WAET 0x000000007FFE1B0B 000028 (v01 BOCHS  BXPC     00000001 BXPC 00000001)
[    0.003396] ACPI: Reserving FACP table memory at [mem 0x7ffe19df-0x7ffe1a52]
[    0.003398] ACPI: Reserving DSDT table memory at [mem 0x7ffe0040-0x7ffe19de]
[    0.003399] ACPI: Reserving FACS table memory at [mem 0x7ffe0000-0x7ffe003f]
[    0.003400] ACPI: Reserving APIC table memory at [mem 0x7ffe1a53-0x7ffe1ad2]
[    0.003401] ACPI: Reserving HPET table memory at [mem 0x7ffe1ad3-0x7ffe1b0a]
[    0.003401] ACPI: Reserving WAET table memory at [mem 0x7ffe1b0b-0x7ffe1b32]
[    0.003886] No NUMA configuration found
[    0.003889] Faking a node at [mem 0x0000000000000000-0x000000007ffdffff]
[    0.003894] NODE_DATA(0) allocated [mem 0x7fe8e000-0x7fe91fff]
[    0.003914] Zone ranges:
[    0.003915]   DMA      [mem 0x0000000000001000-0x0000000000ffffff]
[    0.003918]   DMA32    [mem 0x0000000001000000-0x000000007ffdffff]
[    0.003919]   Normal   empty
[    0.003920] Movable zone start for each node
[    0.003921] Early memory node ranges
[    0.003921]   node   0: [mem 0x0000000000001000-0x000000000009efff]
[    0.003923]   node   0: [mem 0x0000000000100000-0x000000007ffdffff]
[    0.003925] Initmem setup node 0 [mem 0x0000000000001000-0x000000007ffdffff]
[    0.004333] On node 0, zone DMA: 1 pages in unavailable ranges
[    0.004405] On node 0, zone DMA: 97 pages in unavailable ranges
[    0.019198] On node 0, zone DMA32: 32 pages in unavailable ranges
[    0.840250] kasan: KernelAddressSanitizer initialized
[    0.840786] ACPI: PM-Timer IO Port: 0x608
[    0.840800] ACPI: LAPIC_NMI (acpi_id[0xff] dfl dfl lint[0x1])
[    0.840845] IOAPIC[0]: apic_id 0, version 17, address 0xfec00000, GSI 0-23
[    0.840848] ACPI: INT_SRC_OVR (bus 0 bus_irq 0 global_irq 2 dfl dfl)
[    0.840851] ACPI: INT_SRC_OVR (bus 0 bus_irq 5 global_irq 5 high level)
[    0.840852] ACPI: INT_SRC_OVR (bus 0 bus_irq 9 global_irq 9 high level)
[    0.840854] ACPI: INT_SRC_OVR (bus 0 bus_irq 10 global_irq 10 high level)
[    0.840855] ACPI: INT_SRC_OVR (bus 0 bus_irq 11 global_irq 11 high level)
[    0.840857] ACPI: Using ACPI (MADT) for SMP configuration information
[    0.840859] ACPI: HPET id: 0x8086a201 base: 0xfed00000
[    0.840864] TSC deadline timer available
[    0.840865] smpboot: Allowing 2 CPUs, 0 hotplug CPUs
[    0.840884] kvm-guest: APIC: eoi() replaced with kvm_guest_apic_eoi_write()
[    0.840906] kvm-guest: KVM setup pv remote TLB flush
[    0.840909] kvm-guest: setup PV sched yield
[    0.840918] PM: hibernation: Registered nosave memory: [mem 0x00000000-0x00000fff]
[    0.840920] PM: hibernation: Registered nosave memory: [mem 0x0009f000-0x0009ffff]
[    0.840921] PM: hibernation: Registered nosave memory: [mem 0x000a0000-0x000effff]
[    0.840922] PM: hibernation: Registered nosave memory: [mem 0x000f0000-0x000fffff]
[    0.840923] [mem 0x80000000-0xfeffbfff] available for PCI devices
[    0.840925] Booting paravirtualized kernel on KVM
[    0.840927] clocksource: refined-jiffies: mask: 0xffffffff max_cycles: 0xffffffff, max_idle_ns: 1910969940391419 ns
[    0.854259] setup_percpu: NR_CPUS:64 nr_cpumask_bits:2 nr_cpu_ids:2 nr_node_ids:1
[    0.868734] percpu: Embedded 66 pages/cpu s232680 r8192 d29464 u1048576
[    0.868801] Kernel command line: console=ttyS0 oops=panic panic_on_warn=1 nokaslr rdinit=/init
[    0.868897] random: crng init done
[    0.869340] Dentry cache hash table entries: 262144 (order: 9, 2097152 bytes, linear)
[    0.887934] Inode-cache hash table entries: 131072 (order: 8, 1048576 bytes, linear)
[    0.888007] Fallback order for Node 0: 0 
[    0.888013] Built 1 zonelists, mobility grouping on.  Total pages: 515808
[    0.888014] Policy zone: DMA32
[    0.888017] mem auto-init: stack:all(zero), heap alloc:off, heap free:off
[    0.888018] stackdepot: allocating hash table via alloc_large_system_hash
[    0.926745] stackdepot hash table entries: 1048576 (order: 11, 8388608 bytes, linear)
[    0.981406] Memory: 1690656K/2096632K available (49152K kernel code, 8016K rwdata, 10252K rodata, 5668K init, 2812K bss, 405720K reserved, 0K cma-reserved)
[    0.981586] SLUB: HWalign=64, Order=0-3, MinObjects=0, CPUs=2, Nodes=1
[    0.982788] Dynamic Preempt: voluntary
[    1.009291] rcu: Preemptible hierarchical RCU implementation.
[    1.009296] rcu: 	RCU event tracing is enabled.
[    1.009297] rcu: 	RCU restricting CPUs from NR_CPUS=64 to nr_cpu_ids=2.
[    1.009300] 	Trampoline variant of Tasks RCU enabled.
[    1.009301] rcu: RCU calculated value of scheduler-enlistment delay is 100 jiffies.
[    1.009303] rcu: Adjusting geometry for rcu_fanout_leaf=16, nr_cpu_ids=2
[    1.018956] NR_IRQS: 4352, nr_irqs: 440, preallocated irqs: 16
[    1.019287] rcu: srcu_init: Setting srcu_struct sizes based on contention.
[    1.025929] Console: colour VGA+ 80x25
[    1.026002] printk: console [ttyS0] enabled
[    1.273831] ACPI: Core revision 20230628
[    1.275294] clocksource: hpet: mask: 0xffffffff max_cycles: 0xffffffff, max_idle_ns: 19112604467 ns
[    1.279392] APIC: Switch to symmetric I/O mode setup
[    1.280212] kvm-guest: APIC: send_IPI_mask() replaced with kvm_send_ipi_mask()
[    1.283551] kvm-guest: APIC: send_IPI_mask_allbutself() replaced with kvm_send_ipi_mask_allbutself()
[    1.286043] kvm-guest: setup PV IPIs
[    1.288719] ..TIMER: vector=0x30 apic1=0 pin1=2 apic2=-1 pin2=-1
[    1.290801] clocksource: tsc-early: mask: 0xffffffffffffffff max_cycles: 0x2df10e7656b, max_idle_ns: 440795364873 ns
[    1.295542] Calibrating delay loop (skipped) preset value.. 6374.40 BogoMIPS (lpj=3187200)
[    1.296658] x86/cpu: User Mode Instruction Prevention (UMIP) activated
[    1.297661] Last level iTLB entries: 4KB 0, 2MB 0, 4MB 0
[    1.298543] Last level dTLB entries: 4KB 0, 2MB 0, 4MB 0, 1GB 0
[    1.299561] Spectre V1 : Mitigation: usercopy/swapgs barriers and __user pointer sanitization
[    1.300545] Spectre V2 : Mitigation: Enhanced / Automatic IBRS
[    1.301538] Spectre V2 : Spectre v2 / SpectreRSB mitigation: Filling RSB on context switch
[    1.302543] Spectre V2 : Spectre v2 / PBRSB-eIBRS: Retire a single CALL on VMEXIT
[    1.304553] Spectre V2 : mitigation: Enabling conditional Indirect Branch Prediction Barrier
[    1.305543] Speculative Store Bypass: Mitigation: Speculative Store Bypass disabled via prctl
[    1.306545] MMIO Stale Data: Unknown: No mitigations
[    1.307572] x86/fpu: Supporting XSAVE feature 0x001: 'x87 floating point registers'
[    1.308541] x86/fpu: Supporting XSAVE feature 0x002: 'SSE registers'
[    1.310536] x86/fpu: Supporting XSAVE feature 0x004: 'AVX registers'
[    1.311538] x86/fpu: Supporting XSAVE feature 0x200: 'Protection Keys User registers'
[    1.312541] x86/fpu: xstate_offset[2]:  576, xstate_sizes[2]:  256
[    1.313543] x86/fpu: xstate_offset[9]:  832, xstate_sizes[9]:    8
[    1.314541] x86/fpu: Enabled xstate features 0x207, context size is 840 bytes, using 'compacted' format.
[    1.344660] Freeing SMP alternatives memory: 44K
[    1.345539] pid_max: default: 32768 minimum: 301
[    1.346444] LSM: initializing lsm=capability,selinux,integrity
[    1.346575] SELinux:  Initializing.
[    1.348645] Mount-cache hash table entries: 4096 (order: 3, 32768 bytes, linear)
[    1.350544] Mountpoint-cache hash table entries: 4096 (order: 3, 32768 bytes, linear)
[    1.352746] smpboot: CPU0: Intel(R) Core(TM) i9-14900K (family: 0x6, model: 0xb7, stepping: 0x1)
[    1.354052] RCU Tasks: Setting shift to 1 and lim to 1 rcu_task_cb_adjust=1.
[    1.354727] Performance Events: unsupported p6 CPU model 183 no PMU driver, software events only.
[    1.355631] signal: max sigframe size: 3632
[    1.356711] rcu: Hierarchical SRCU implementation.
[    1.357548] rcu: 	Max phase no-delay instances is 400.
[    1.359411] smp: Bringing up secondary CPUs ...
[    1.359931] smpboot: x86: Booting SMP configuration:
[    1.360556] .... node  #0, CPUs:      #1
[    1.360788] smp: Brought up 1 node, 2 CPUs
[    1.362295] smpboot: Max logical packages: 1
[    1.362545] smpboot: Total of 2 processors activated (12748.80 BogoMIPS)
[    1.381666] devtmpfs: initialized
[    1.385156] clocksource: jiffies: mask: 0xffffffff max_cycles: 0xffffffff, max_idle_ns: 1911260446275000 ns
[    1.385566] futex hash table entries: 512 (order: 3, 32768 bytes, linear)
[    1.386874] PM: RTC time: 14:01:11, date: 2026-05-03
[    1.387837] NET: Registered PF_NETLINK/PF_ROUTE protocol family
[    1.389008] audit: initializing netlink subsys (disabled)
[    1.389703] audit: type=2000 audit(1777816871.565:1): state=initialized audit_enabled=0 res=1
[    1.389967] thermal_sys: Registered thermal governor 'step_wise'
[    1.390560] thermal_sys: Registered thermal governor 'user_space'
[    1.391628] cpuidle: using governor menu
[    1.394155] PCI: Using configuration type 1 for base access
[    1.394871] kprobes: kprobe jump-optimization is enabled. All kprobes are optimized if possible.
[    1.397916] HugeTLB: registered 2.00 MiB page size, pre-allocated 0 pages
[    1.398538] HugeTLB: 28 KiB vmemmap can be freed for a 2.00 MiB page
[    1.402144] ACPI: Added _OSI(Module Device)
[    1.402540] ACPI: Added _OSI(Processor Device)
[    1.403559] ACPI: Added _OSI(3.0 _SCP Extensions)
[    1.404537] ACPI: Added _OSI(Processor Aggregator Device)
[    1.416236] ACPI: 1 ACPI AML tables successfully acquired and loaded
[    1.418164] ACPI: _OSC evaluation for CPUs failed, trying _PDC
[    1.419589] ACPI: Interpreter enabled
[    1.420601] ACPI: PM: (supports S0 S3 S4 S5)
[    1.421538] ACPI: Using IOAPIC for interrupt routing
[    1.422633] PCI: Using host bridge windows from ACPI; if necessary, use "pci=nocrs" and report a bug
[    1.423540] PCI: Using E820 reservations for host bridge windows
[    1.425206] ACPI: Enabled 2 GPEs in block 00 to 0F
[    1.444036] ACPI: PCI Root Bridge [PCI0] (domain 0000 [bus 00-ff])
[    1.444580] acpi PNP0A03:00: _OSC: OS supports [ASPM ClockPM Segments MSI HPX-Type3]
[    1.445548] acpi PNP0A03:00: _OSC: not requesting OS control; OS requires [ExtendedConfig ASPM ClockPM MSI]
[    1.446675] acpi PNP0A03:00: fail to add MMCONFIG information, can't access extended configuration space under this bridge
[    1.447936] PCI host bridge to bus 0000:00
[    1.448558] pci_bus 0000:00: root bus resource [io  0x0000-0x0cf7 window]
[    1.449555] pci_bus 0000:00: root bus resource [io  0x0d00-0xffff window]
[    1.450564] pci_bus 0000:00: root bus resource [mem 0x000a0000-0x000bffff window]
[    1.451557] pci_bus 0000:00: root bus resource [mem 0x80000000-0xfebfffff window]
[    1.452560] pci_bus 0000:00: root bus resource [mem 0x100000000-0x17fffffff window]
[    1.453576] pci_bus 0000:00: root bus resource [bus 00-ff]
[    1.454745] pci 0000:00:00.0: [8086:1237] type 00 class 0x060000
[    1.463405] pci 0000:00:01.0: [8086:7000] type 00 class 0x060100
[    1.471516] pci 0000:00:01.1: [8086:7010] type 00 class 0x010180
[    1.473453] pci 0000:00:01.1: reg 0x20: [io  0xc040-0xc04f]
[    1.474580] pci 0000:00:01.1: legacy IDE quirk: reg 0x10: [io  0x01f0-0x01f7]
[    1.475546] pci 0000:00:01.1: legacy IDE quirk: reg 0x14: [io  0x03f6]
[    1.476541] pci 0000:00:01.1: legacy IDE quirk: reg 0x18: [io  0x0170-0x0177]
[    1.477548] pci 0000:00:01.1: legacy IDE quirk: reg 0x1c: [io  0x0376]
[    1.479001] pci 0000:00:01.3: [8086:7113] type 00 class 0x068000
[    1.480309] pci 0000:00:01.3: quirk: [io  0x0600-0x063f] claimed by PIIX4 ACPI
[    1.480577] pci 0000:00:01.3: quirk: [io  0x0700-0x070f] claimed by PIIX4 SMB
[    1.482041] pci 0000:00:02.0: [1234:1111] type 00 class 0x030000
[    1.483892] pci 0000:00:02.0: reg 0x10: [mem 0xfd000000-0xfdffffff pref]
[    1.485917] pci 0000:00:02.0: reg 0x18: [mem 0xfebf0000-0xfebf0fff]
[    1.489988] pci 0000:00:02.0: reg 0x30: [mem 0xfebe0000-0xfebeffff pref]
[    1.490700] pci 0000:00:02.0: Video device with shadowed ROM at [mem 0x000c0000-0x000dffff]
[    1.500183] pci 0000:00:03.0: [8086:100e] type 00 class 0x020000
[    1.501273] pci 0000:00:03.0: reg 0x10: [mem 0xfebc0000-0xfebdffff]
[    1.502158] pci 0000:00:03.0: reg 0x14: [io  0xc000-0xc03f]
[    1.505298] pci 0000:00:03.0: reg 0x30: [mem 0xfeb80000-0xfebbffff pref]
[    1.515289] ACPI: PCI: Interrupt link LNKA configured for IRQ 10
[    1.516501] ACPI: PCI: Interrupt link LNKB configured for IRQ 10
[    1.517340] ACPI: PCI: Interrupt link LNKC configured for IRQ 11
[    1.518284] ACPI: PCI: Interrupt link LNKD configured for IRQ 11
[    1.518913] ACPI: PCI: Interrupt link LNKS configured for IRQ 9
[    1.521441] iommu: Default domain type: Translated
[    1.521541] iommu: DMA domain TLB invalidation policy: lazy mode
[    1.522939] SCSI subsystem initialized
[    1.523720] ACPI: bus type USB registered
[    1.524609] usbcore: registered new interface driver usbfs
[    1.525584] usbcore: registered new interface driver hub
[    1.526529] usbcore: registered new device driver usb
[    1.527651] pps_core: LinuxPPS API ver. 1 registered
[    1.528540] pps_core: Software ver. 5.3.6 - Copyright 2005-2007 Rodolfo Giometti <giometti@linux.it>
[    1.529604] PTP clock support registered
[    1.530743] Advanced Linux Sound Architecture Driver Initialized.
[    1.532334] NetLabel: Initializing
[    1.532539] NetLabel:  domain hash size = 128
[    1.533538] NetLabel:  protocols = UNLABELED CIPSOv4 CALIPSO
[    1.534632] NetLabel:  unlabeled traffic allowed by default
[    1.535680] PCI: Using ACPI for IRQ routing
[    1.536815] pci 0000:00:02.0: vgaarb: setting as boot VGA device
[    1.537529] pci 0000:00:02.0: vgaarb: bridge control possible
[    1.537529] pci 0000:00:02.0: vgaarb: VGA device added: decodes=io+mem,owns=io+mem,locks=none
[    1.537549] vgaarb: loaded
[    1.538702] hpet0: at MMIO 0xfed00000, IRQs 2, 8, 0
[    1.539541] hpet0: 3 comparators, 64-bit 100.000000 MHz counter
[    1.546674] clocksource: Switched to clocksource kvm-clock
[    1.549177] VFS: Disk quotas dquot_6.6.0
[    1.550515] VFS: Dquot-cache hash table entries: 512 (order 0, 4096 bytes)
[    1.553120] pnp: PnP ACPI init
[    1.556296] pnp: PnP ACPI: found 6 devices
[    1.593595] clocksource: acpi_pm: mask: 0xffffff max_cycles: 0xffffff, max_idle_ns: 2085701024 ns
[    1.596799] NET: Registered PF_INET protocol family
[    1.598567] IP idents hash table entries: 32768 (order: 6, 262144 bytes, linear)
[    1.601886] tcp_listen_portaddr_hash hash table entries: 1024 (order: 2, 16384 bytes, linear)
[    1.604736] Table-perturb hash table entries: 65536 (order: 6, 262144 bytes, linear)
[    1.607432] TCP established hash table entries: 16384 (order: 5, 131072 bytes, linear)
[    1.610792] TCP bind hash table entries: 16384 (order: 7, 524288 bytes, linear)
[    1.612253] TCP: Hash tables configured (established 16384 bind 16384)
[    1.613601] UDP hash table entries: 1024 (order: 3, 32768 bytes, linear)
[    1.615821] UDP-Lite hash table entries: 1024 (order: 3, 32768 bytes, linear)
[    1.618442] NET: Registered PF_UNIX/PF_LOCAL protocol family
[    1.620909] RPC: Registered named UNIX socket transport module.
[    1.622971] RPC: Registered udp transport module.
[    1.624511] RPC: Registered tcp transport module.
[    1.626028] RPC: Registered tcp-with-tls transport module.
[    1.627774] RPC: Registered tcp NFSv4.1 backchannel transport module.
[    1.630699] pci_bus 0000:00: resource 4 [io  0x0000-0x0cf7 window]
[    1.632702] pci_bus 0000:00: resource 5 [io  0x0d00-0xffff window]
[    1.634663] pci_bus 0000:00: resource 6 [mem 0x000a0000-0x000bffff window]
[    1.636854] pci_bus 0000:00: resource 7 [mem 0x80000000-0xfebfffff window]
[    1.639046] pci_bus 0000:00: resource 8 [mem 0x100000000-0x17fffffff window]
[    1.641555] pci 0000:00:01.0: PIIX3: Enabling Passive Release
[    1.643531] pci 0000:00:00.0: Limiting direct PCI/PCI transfers
[    1.645631] PCI: CLS 0 bytes, default 64
[    1.647294] Unpacking initramfs...
[    1.650502] RAPL PMU: API unit is 2^-32 Joules, 0 fixed counters, 10737418240 ms ovfl timer
[    1.652063] clocksource: tsc: mask: 0xffffffffffffffff max_cycles: 0x2df10e7656b, max_idle_ns: 440795364873 ns
[    1.680668] Initialise system trusted keyrings
[    1.682471] workingset: timestamp_bits=56 max_order=19 bucket_order=0
[    1.685277] NFS: Registering the id_resolver key type
[    1.687083] Key type id_resolver registered
[    1.688531] Key type id_legacy registered
[    1.690070] 9p: Installing v9fs 9p2000 file system support
[    1.695116] Freeing initrd memory: 1336K
[    1.699846] Key type asymmetric registered
[    1.701291] Asymmetric key parser 'x509' registered
[    1.703023] Block layer SCSI generic (bsg) driver version 0.4 loaded (major 251)
[    1.704628] io scheduler mq-deadline registered
[    1.706145] io scheduler kyber registered
[    1.707954] input: Power Button as /devices/LNXSYSTM:00/LNXPWRBN:00/input/input0
[    1.710226] ACPI: button: Power Button [PWRF]
[    1.712533] Serial: 8250/16550 driver, 4 ports, IRQ sharing enabled
[    1.715200] 00:04: ttyS0 at I/O 0x3f8 (irq = 4, base_baud = 115200) is a 16550A
[    1.719436] Non-volatile memory driver v1.3
[    1.720869] Linux agpgart interface v0.103
[    1.722487] ACPI: bus type drm_connector registered
[    1.746051] loop: module loaded
[    1.749266] scsi host0: ata_piix
[    1.750409] scsi host1: ata_piix
[    1.751751] ata1: PATA max MWDMA2 cmd 0x1f0 ctl 0x3f6 bmdma 0xc040 irq 14
[    1.753718] ata2: PATA max MWDMA2 cmd 0x170 ctl 0x376 bmdma 0xc048 irq 15
[    1.772971] e100: Intel(R) PRO/100 Network Driver
[    1.774660] e100: Copyright(c) 1999-2006 Intel Corporation
[    1.776031] e1000: Intel(R) PRO/1000 Network Driver
[    1.777471] e1000: Copyright (c) 1999-2006 Intel Corporation.
[    1.915559] ata2: found unknown device (class 0)
[    1.917430] ata2.00: ATAPI: QEMU DVD-ROM, 2.5+, max UDMA/100
[    1.923304] scsi 1:0:0:0: CD-ROM            QEMU     QEMU DVD-ROM     2.5+ PQ: 0 ANSI: 5
[    1.982129] sr 1:0:0:0: [sr0] scsi3-mmc drive: 4x/4x cd/rw xa/form2 tray
[    1.984310] cdrom: Uniform CD-ROM driver Revision: 3.20
[    1.995631] sr 1:0:0:0: Attached scsi generic sg0 type 5
[    2.580830] ACPI: \_SB_.LNKC: Enabled at IRQ 11
[    2.931005] e1000 0000:00:03.0 eth0: (PCI:33MHz:32-bit) 52:54:00:12:34:56
[    2.932768] e1000 0000:00:03.0 eth0: Intel(R) PRO/1000 Network Connection
[    2.934727] e1000e: Intel(R) PRO/1000 Network Driver
[    2.936423] e1000e: Copyright(c) 1999 - 2015 Intel Corporation.
[    2.937934] sky2: driver version 1.30
[    2.939488] usbcore: registered new interface driver usblp
[    2.941418] usbcore: registered new interface driver usb-storage
[    2.943541] i8042: PNP: PS/2 Controller [PNP0303:KBD,PNP0f13:MOU] at 0x60,0x64 irq 1,12
[    2.946669] serio: i8042 KBD port at 0x60,0x64 irq 1
[    2.948425] serio: i8042 AUX port at 0x60,0x64 irq 12
[    2.950647] rtc_cmos 00:05: RTC can wake from S4
[    2.952570] input: AT Translated Set 2 keyboard as /devices/platform/i8042/serio0/input/input1
[    2.955398] rtc_cmos 00:05: registered as rtc0
[    2.957213] rtc_cmos 00:05: alarms up to one day, y3k, 242 bytes nvram, hpet irqs
[    2.960778] device-mapper: ioctl: 4.48.0-ioctl (2023-03-01) initialised: dm-devel@redhat.com
[    2.962995] intel_pstate: CPU model not supported
[    2.964410] hid: raw HID events driver (C) Jiri Kosina
[    3.059490] usbcore: registered new interface driver usbhid
[    3.061450] usbhid: USB HID core driver
[    3.064058] Initializing XFRM netlink socket
[    3.065498] NET: Registered PF_INET6 protocol family
[    3.068329] Segment Routing with IPv6
[    3.069674] In-situ OAM (IOAM) with IPv6
[    3.071158] sit: IPv6, IPv4 and MPLS over IPv4 tunneling driver
[    3.100106] NET: Registered PF_PACKET protocol family
[    3.102055] 9pnet: Installing 9P2000 support
[    3.103520] Key type dns_resolver registered
[    3.104956] IPI shorthand broadcast: enabled
[    3.170595] sched_clock: Marking stable (2899005827, 271230260)->(3368253359, -198017272)
[    3.173791] registered taskstats version 1
[    3.174549] Loading compiled-in X.509 certificates
[    3.185616] PM:   Magic number: 10:663:29
[    3.187256] printk: console [netcon0] enabled
[    3.188781] netconsole: network logging started
[    3.190513] cfg80211: Loading compiled-in X.509 certificates for regulatory database
[    3.193540] kworker/u4:1 (52) used greatest stack depth: 29536 bytes left
[    3.196333] Loaded X.509 cert 'sforshee: 00b28ddf47aef9cea7'
[    3.197976] ALSA device list:
[    3.198818]   No soundcards found.
[    3.200148] platform regulatory.0: Direct firmware load for regulatory.db failed with error -2
[    3.204911] Freeing unused kernel image (initmem) memory: 5668K
[    3.205704] cfg80211: failed to load regulatory.db
[    3.211371] Write protecting the kernel read-only data: 61440k
[    3.213015] Freeing unused kernel image (rodata/data gap) memory: 2036K
[    3.228128] x86/mm: Checked W+X mappings: passed, no W+X pages found.
[    3.229267] Run /init as init process
[    3.252816] mount (56) used greatest stack depth: 28784 bytes left

secb: rootfs ready
---- poc begin ----
poc: ring_fd=3 features=0x3fff
poc: PBUF_RING registered, tail=1
poc: submitted=2 (errno=0)
poc: PBUF_RING unregistered -- bl kfree'd
[    3.580693] input: ImExPS/2 Generic Explorer Mouse as /devices/platform/i8042/serio1/input/input3
poc: ~3s elapsed; releasing pipe
[    6.300710] ==================================================================
[    6.301581] BUG: KASAN: slab-use-after-free in __io_put_kbuf+0x502/0x5f0
[    6.302417] Read of size 2 at addr ffff8880097ea510 by task iou-wrk-63/64
[    6.303208] 
[    6.303425] CPU: 1 PID: 64 Comm: iou-wrk-63 Not tainted 6.6.0-dirty #1
[    6.304241] Hardware name: QEMU Standard PC (i440FX + PIIX, 1996), BIOS 1.16.2-debian-1.16.2-1 04/01/2014
[    6.305384] Call Trace:
[    6.305703]  <TASK>
[    6.305962]  dump_stack_lvl+0x36/0x50
[    6.306428]  print_report+0xcf/0x660
[    6.306851]  ? __io_put_kbuf+0x502/0x5f0
[    6.307336]  kasan_report+0xc7/0x100
[    6.307752]  ? __io_put_kbuf+0x502/0x5f0
[    6.308193]  __io_put_kbuf+0x502/0x5f0
[    6.308658]  kiocb_done+0x2d4/0x510
[    6.309125]  ? fsnotify_perm.part.0+0x14d/0x4f0
[    6.309685]  io_read+0x3f3/0x12f0
[    6.310088]  ? __pfx_io_read+0x10/0x10
[    6.310569]  ? task_work_add+0x1aa/0x200
[    6.311037]  ? __pfx_task_work_add+0x10/0x10
[    6.311565]  io_issue_sqe+0x14e/0xe00
[    6.312004]  io_wq_submit_work+0x21a/0xbe0
[    6.312539]  ? io_wq_free_work+0x11b/0x330
[    6.313024]  io_worker_handle_work+0x5e9/0x13c0
[    6.313552]  io_wq_worker+0x2ab/0xa90
[    6.313975]  ? __pfx_io_wq_worker+0x10/0x10
[    6.314488]  ? _raw_spin_lock_irq+0x81/0xe0
[    6.314989]  ? __pfx_io_wq_worker+0x10/0x10
[    6.315492]  ret_from_fork+0x2c/0x70
[    6.315933]  ? __pfx_io_wq_worker+0x10/0x10
[    6.316436]  ret_from_fork_asm+0x1b/0x30
[    6.316891]  </TASK>
[    6.317146] 
[    6.317584] Allocated by task 63:
[    6.318400]  kasan_save_stack+0x33/0x60
[    6.319253]  kasan_set_track+0x25/0x30
[    6.319669]  __kasan_kmalloc+0x8f/0xa0
[    6.320088]  io_register_pbuf_ring+0x528/0x710
[    6.321210]  __do_sys_io_uring_register+0x156f/0x1c30
[    6.322507]  do_syscall_64+0x3b/0x90
[    6.323427]  entry_SYSCALL_64_after_hwframe+0x6e/0xd8
[    6.324710] 
[    6.325134] Freed by task 63:
[    6.325910]  kasan_save_stack+0x33/0x60
[    6.326502]  kasan_set_track+0x25/0x30
[    6.326943]  kasan_save_free_info+0x2b/0x50
[    6.327776]  __kasan_slab_free+0x10a/0x180
[    6.328812]  __kmem_cache_free+0x82/0x1c0
[    6.329821]  io_unregister_pbuf_ring+0x1f7/0x240
[    6.330956]  __do_sys_io_uring_register+0xef2/0x1c30
[    6.332190]  do_syscall_64+0x3b/0x90
[    6.332635]  entry_SYSCALL_64_after_hwframe+0x6e/0xd8
[    6.333274] 
[    6.333670] The buggy address belongs to the object at ffff8880097ea500
[    6.333670]  which belongs to the cache kmalloc-32 of size 32
[    6.336777] The buggy address is located 16 bytes inside of
[    6.336777]  freed 32-byte region [ffff8880097ea500, ffff8880097ea520)
[    6.338593] 
[    6.338999] The buggy address belongs to the physical page:
[    6.340441] page:00000000b99afff0 refcount:1 mapcount:0 mapping:0000000000000000 index:0x0 pfn:0x97ea
[    6.341867] flags: 0x100000000000800(slab|node=0|zone=1)
[    6.342889] page_type: 0xffffffff()
[    6.343838] raw: 0100000000000800 ffff888006841500 dead000000000122 0000000000000000
[    6.345798] raw: 0000000000000000 0000000000400040 00000001ffffffff 0000000000000000
[    6.346859] page dumped because: kasan: bad access detected
[    6.348037] 
[    6.348491] Memory state around the buggy address:
[    6.349781]  ffff8880097ea400: 00 00 00 fc fc fc fc fc 00 00 00 fc fc fc fc fc
[    6.351627]  ffff8880097ea480: 00 00 00 00 fc fc fc fc 00 00 00 00 fc fc fc fc
[    6.352742] >ffff8880097ea500: fa fb fb fb fc fc fc fc fa fb fb fb fc fc fc fc
[    6.354152]                          ^
[    6.355187]  ffff8880097ea580: fa fb fb fb fc fc fc fc fa fb fb fb fc fc fc fc
[    6.356550]  ffff8880097ea600: fa fb fb fb fc fc fc fc fa fb fb fb fc fc fc fc
[    6.357615] ==================================================================
[    6.359518] Kernel panic - not syncing: KASAN: panic_on_warn set ...
[    6.361107] CPU: 1 PID: 64 Comm: iou-wrk-63 Not tainted 6.6.0-dirty #1
[    6.362455] Hardware name: QEMU Standard PC (i440FX + PIIX, 1996), BIOS 1.16.2-debian-1.16.2-1 04/01/2014
[    6.364055] Call Trace:
[    6.364709]  <TASK>
[    6.365263]  dump_stack_lvl+0x36/0x50
[    6.366225]  panic+0x48d/0x510
[    6.367009]  ? __pfx_panic+0x10/0x10
[    6.367502]  ? __io_put_kbuf+0x502/0x5f0
[    6.367957]  ? __io_put_kbuf+0x502/0x5f0
[    6.368729]  check_panic_on_warn+0x5c/0x80
[    6.369786]  end_report+0xbd/0xe0
[    6.370633]  kasan_report+0xd7/0x100
[    6.371548]  ? __io_put_kbuf+0x502/0x5f0
[    6.372132]  __io_put_kbuf+0x502/0x5f0
[    6.373205]  kiocb_done+0x2d4/0x510
[    6.374150]  ? fsnotify_perm.part.0+0x14d/0x4f0
[    6.374693]  io_read+0x3f3/0x12f0
[    6.375075]  ? __pfx_io_read+0x10/0x10
[    6.376046]  ? task_work_add+0x1aa/0x200
[    6.377135]  ? __pfx_task_work_add+0x10/0x10
[    6.378063]  io_issue_sqe+0x14e/0xe00
[    6.378966]  io_wq_submit_work+0x21a/0xbe0
[    6.379866]  ? io_wq_free_work+0x11b/0x330
[    6.380503]  io_worker_handle_work+0x5e9/0x13c0
[    6.381018]  io_wq_worker+0x2ab/0xa90
[    6.381855]  ? __pfx_io_wq_worker+0x10/0x10
[    6.382988]  ? _raw_spin_lock_irq+0x81/0xe0
[    6.384129]  ? __pfx_io_wq_worker+0x10/0x10
[    6.384625]  ret_from_fork+0x2c/0x70
[    6.385047]  ? __pfx_io_wq_worker+0x10/0x10
[    6.386096]  ret_from_fork_asm+0x1b/0x30
[    6.387163]  </TASK>
[    6.387909] Kernel Offset: disabled
secb: serial log at /tmp/serial.log (470 lines)
CONFIRMED: KASAN_UAF
