c[?7l[2J[0mSeaBIOS (version 1.16.2-debian-1.16.2-1)


iPXE (http://ipxe.org) 00:03.0 CA00 PCI2.10 PnP PMM+7EFCEF00+7EF0EF00 CA00
Press Ctrl-B to configure iPXE (PCI 00:03.0)...                                                                               


Booting from ROM..c[?7l[2J[    0.000000] Linux version 6.6.0-dirty (root@buildkitsandbox) (gcc (Debian 12.2.0-14+deb12u1) 12.2.0, GNU ld (GNU Binutils for Debian) 2.40) #2 SMP PREEMPT_DYNAMIC Sun May  3 14:01:52 UTC 2026
[    0.000000] Command line: console=ttyS0 oops=panic panic_on_warn=1 nokaslr rdinit=/init
[    0.000000] BIOS-provided physical RAM map:
[    0.000000] BIOS-e820: [mem 0x0000000000000000-0x000000000009fbff] usable
[    0.000000] BIOS-e820: [mem 0x000000000009fc00-0x000000000009ffff] reserved
[    0.000000] BIOS-e820: [mem 0x00000000000f0000-0x00000000000fffff] reserved
[    0.000000] BIOS-e820: [mem 0x0000000000100000-0x000000007ffdffff] usable
[    0.000000] BIOS-e820: [mem 0x000000007ffe0000-0x000000007fffffff] reserved
[    0.000000] BIOS-e820: [mem 0x00000000feffc000-0x00000000feffffff] reserved
[    0.000000] BIOS-e820: [mem 0x00000000fffc0000-0x00000000ffffffff] reserved
[    0.000000] NX (Execute Disable) protection: active
[    0.000000] APIC: Static calls initialized
[    0.000000] SMBIOS 2.8 present.
[    0.000000] DMI: QEMU Standard PC (i440FX + PIIX, 1996), BIOS 1.16.2-debian-1.16.2-1 04/01/2014
[    0.000000] Hypervisor detected: KVM
[    0.000000] kvm-clock: Using msrs 4b564d01 and 4b564d00
[    0.000000] kvm-clock: using sched offset of 237140504 cycles
[    0.000001] clocksource: kvm-clock: mask: 0xffffffffffffffff max_cycles: 0x1cd42e4dffb, max_idle_ns: 881590591483 ns
[    0.000003] tsc: Detected 3187.200 MHz processor
[    0.000296] last_pfn = 0x7ffe0 max_arch_pfn = 0x400000000
[    0.000314] MTRR map: 4 entries (3 fixed + 1 variable; max 19), built from 8 variable MTRRs
[    0.000316] x86/PAT: Configuration [0-7]: WB  WC  UC- UC  WB  WP  UC- WT  
[    0.002089] found SMP MP-table at [mem 0x000f5ba0-0x000f5baf]
[    0.002097] Using GB pages for direct mapping
[    0.002097] Incomplete global flushes, disabling PCID
[    0.002380] RAMDISK: [mem 0x7fe92000-0x7ffdffff]
[    0.002384] ACPI: Early table checksum verification disabled
[    0.002386] ACPI: RSDP 0x00000000000F59D0 000014 (v00 BOCHS )
[    0.002388] ACPI: RSDT 0x000000007FFE1B33 000034 (v01 BOCHS  BXPC     00000001 BXPC 00000001)
[    0.002392] ACPI: FACP 0x000000007FFE19DF 000074 (v01 BOCHS  BXPC     00000001 BXPC 00000001)
[    0.002396] ACPI: DSDT 0x000000007FFE0040 00199F (v01 BOCHS  BXPC     00000001 BXPC 00000001)
[    0.002398] ACPI: FACS 0x000000007FFE0000 000040
[    0.002400] ACPI: APIC 0x000000007FFE1A53 000080 (v01 BOCHS  BXPC     00000001 BXPC 00000001)
[    0.002401] ACPI: HPET 0x000000007FFE1AD3 000038 (v01 BOCHS  BXPC     00000001 BXPC 00000001)
[    0.002403] ACPI: WAET 0x000000007FFE1B0B 000028 (v01 BOCHS  BXPC     00000001 BXPC 00000001)
[    0.002404] ACPI: Reserving FACP table memory at [mem 0x7ffe19df-0x7ffe1a52]
[    0.002405] ACPI: Reserving DSDT table memory at [mem 0x7ffe0040-0x7ffe19de]
[    0.002406] ACPI: Reserving FACS table memory at [mem 0x7ffe0000-0x7ffe003f]
[    0.002406] ACPI: Reserving APIC table memory at [mem 0x7ffe1a53-0x7ffe1ad2]
[    0.002407] ACPI: Reserving HPET table memory at [mem 0x7ffe1ad3-0x7ffe1b0a]
[    0.002407] ACPI: Reserving WAET table memory at [mem 0x7ffe1b0b-0x7ffe1b32]
[    0.002581] No NUMA configuration found
[    0.002581] Faking a node at [mem 0x0000000000000000-0x000000007ffdffff]
[    0.002583] NODE_DATA(0) allocated [mem 0x7fe8e000-0x7fe91fff]
[    0.002590] Zone ranges:
[    0.002591]   DMA      [mem 0x0000000000001000-0x0000000000ffffff]
[    0.002592]   DMA32    [mem 0x0000000001000000-0x000000007ffdffff]
[    0.002593]   Normal   empty
[    0.002593] Movable zone start for each node
[    0.002594] Early memory node ranges
[    0.002594]   node   0: [mem 0x0000000000001000-0x000000000009efff]
[    0.002595]   node   0: [mem 0x0000000000100000-0x000000007ffdffff]
[    0.002596] Initmem setup node 0 [mem 0x0000000000001000-0x000000007ffdffff]
[    0.002799] On node 0, zone DMA: 1 pages in unavailable ranges
[    0.002838] On node 0, zone DMA: 97 pages in unavailable ranges
[    0.009841] On node 0, zone DMA32: 32 pages in unavailable ranges
[    0.039039] kasan: KernelAddressSanitizer initialized
[    0.039249] ACPI: PM-Timer IO Port: 0x608
[    0.039255] ACPI: LAPIC_NMI (acpi_id[0xff] dfl dfl lint[0x1])
[    0.039281] IOAPIC[0]: apic_id 0, version 17, address 0xfec00000, GSI 0-23
[    0.039283] ACPI: INT_SRC_OVR (bus 0 bus_irq 0 global_irq 2 dfl dfl)
[    0.039284] ACPI: INT_SRC_OVR (bus 0 bus_irq 5 global_irq 5 high level)
[    0.039285] ACPI: INT_SRC_OVR (bus 0 bus_irq 9 global_irq 9 high level)
[    0.039286] ACPI: INT_SRC_OVR (bus 0 bus_irq 10 global_irq 10 high level)
[    0.039286] ACPI: INT_SRC_OVR (bus 0 bus_irq 11 global_irq 11 high level)
[    0.039288] ACPI: Using ACPI (MADT) for SMP configuration information
[    0.039289] ACPI: HPET id: 0x8086a201 base: 0xfed00000
[    0.039291] TSC deadline timer available
[    0.039292] smpboot: Allowing 2 CPUs, 0 hotplug CPUs
[    0.039304] kvm-guest: APIC: eoi() replaced with kvm_guest_apic_eoi_write()
[    0.039317] kvm-guest: KVM setup pv remote TLB flush
[    0.039319] kvm-guest: setup PV sched yield
[    0.039324] PM: hibernation: Registered nosave memory: [mem 0x00000000-0x00000fff]
[    0.039325] PM: hibernation: Registered nosave memory: [mem 0x0009f000-0x0009ffff]
[    0.039326] PM: hibernation: Registered nosave memory: [mem 0x000a0000-0x000effff]
[    0.039326] PM: hibernation: Registered nosave memory: [mem 0x000f0000-0x000fffff]
[    0.039328] [mem 0x80000000-0xfeffbfff] available for PCI devices
[    0.039328] Booting paravirtualized kernel on KVM
[    0.039330] clocksource: refined-jiffies: mask: 0xffffffff max_cycles: 0xffffffff, max_idle_ns: 1910969940391419 ns
[    0.047658] setup_percpu: NR_CPUS:64 nr_cpumask_bits:2 nr_cpu_ids:2 nr_node_ids:1
[    0.047906] percpu: Embedded 66 pages/cpu s232680 r8192 d29464 u1048576
[    0.047933] Kernel command line: console=ttyS0 oops=panic panic_on_warn=1 nokaslr rdinit=/init
[    0.047984] random: crng init done
[    0.048109] Dentry cache hash table entries: 262144 (order: 9, 2097152 bytes, linear)
[    0.048291] Inode-cache hash table entries: 131072 (order: 8, 1048576 bytes, linear)
[    0.048324] Fallback order for Node 0: 0 
[    0.048327] Built 1 zonelists, mobility grouping on.  Total pages: 515808
[    0.048328] Policy zone: DMA32
[    0.048328] mem auto-init: stack:all(zero), heap alloc:off, heap free:off
[    0.048329] stackdepot: allocating hash table via alloc_large_system_hash
[    0.049233] stackdepot hash table entries: 1048576 (order: 11, 8388608 bytes, linear)
[    0.069922] Memory: 1690656K/2096632K available (49152K kernel code, 8016K rwdata, 10252K rodata, 5668K init, 2812K bss, 405720K reserved, 0K cma-reserved)
[    0.070047] SLUB: HWalign=64, Order=0-3, MinObjects=0, CPUs=2, Nodes=1
[    0.070997] Dynamic Preempt: voluntary
[    0.071226] rcu: Preemptible hierarchical RCU implementation.
[    0.071227] rcu: 	RCU event tracing is enabled.
[    0.071227] rcu: 	RCU restricting CPUs from NR_CPUS=64 to nr_cpu_ids=2.
[    0.071228] 	Trampoline variant of Tasks RCU enabled.
[    0.071229] rcu: RCU calculated value of scheduler-enlistment delay is 100 jiffies.
[    0.071230] rcu: Adjusting geometry for rcu_fanout_leaf=16, nr_cpu_ids=2
[    0.077412] NR_IRQS: 4352, nr_irqs: 440, preallocated irqs: 16
[    0.077634] rcu: srcu_init: Setting srcu_struct sizes based on contention.
[    0.079899] Console: colour VGA+ 80x25
[    0.079925] printk: console [ttyS0] enabled
[    0.120258] ACPI: Core revision 20230628
[    0.120600] clocksource: hpet: mask: 0xffffffff max_cycles: 0xffffffff, max_idle_ns: 19112604467 ns
[    0.121160] APIC: Switch to symmetric I/O mode setup
[    0.121437] kvm-guest: APIC: send_IPI_mask() replaced with kvm_send_ipi_mask()
[    0.121840] kvm-guest: APIC: send_IPI_mask_allbutself() replaced with kvm_send_ipi_mask_allbutself()
[    0.122370] kvm-guest: setup PV IPIs
[    0.123192] ..TIMER: vector=0x30 apic1=0 pin1=2 apic2=-1 pin2=-1
[    0.123532] clocksource: tsc-early: mask: 0xffffffffffffffff max_cycles: 0x2df10e7656b, max_idle_ns: 440795364873 ns
[    0.124111] Calibrating delay loop (skipped) preset value.. 6374.40 BogoMIPS (lpj=3187200)
[    0.125179] x86/cpu: User Mode Instruction Prevention (UMIP) activated
[    0.125588] Last level iTLB entries: 4KB 0, 2MB 0, 4MB 0
[    0.126110] Last level dTLB entries: 4KB 0, 2MB 0, 4MB 0, 1GB 0
[    0.126451] Spectre V1 : Mitigation: usercopy/swapgs barriers and __user pointer sanitization
[    0.127110] Spectre V2 : Mitigation: Enhanced / Automatic IBRS
[    0.127431] Spectre V2 : Spectre v2 / SpectreRSB mitigation: Filling RSB on context switch
[    0.127887] Spectre V2 : Spectre v2 / PBRSB-eIBRS: Retire a single CALL on VMEXIT
[    0.128109] Spectre V2 : mitigation: Enabling conditional Indirect Branch Prediction Barrier
[    0.128577] Speculative Store Bypass: Mitigation: Speculative Store Bypass disabled via prctl
[    0.129108] MMIO Stale Data: Unknown: No mitigations
[    0.129394] x86/fpu: Supporting XSAVE feature 0x001: 'x87 floating point registers'
[    0.130108] x86/fpu: Supporting XSAVE feature 0x002: 'SSE registers'
[    0.130467] x86/fpu: Supporting XSAVE feature 0x004: 'AVX registers'
[    0.130831] x86/fpu: Supporting XSAVE feature 0x200: 'Protection Keys User registers'
[    0.131108] x86/fpu: xstate_offset[2]:  576, xstate_sizes[2]:  256
[    0.131458] x86/fpu: xstate_offset[9]:  832, xstate_sizes[9]:    8
[    0.131814] x86/fpu: Enabled xstate features 0x207, context size is 840 bytes, using 'compacted' format.
[    0.147541] Freeing SMP alternatives memory: 44K
[    0.147829] pid_max: default: 32768 minimum: 301
[    0.148149] LSM: initializing lsm=capability,selinux,integrity
[    0.148496] SELinux:  Initializing.
[    0.148766] Mount-cache hash table entries: 4096 (order: 3, 32768 bytes, linear)
[    0.149285] Mountpoint-cache hash table entries: 4096 (order: 3, 32768 bytes, linear)
[    0.150190] smpboot: CPU0: Intel(R) Core(TM) i9-14900K (family: 0x6, model: 0xb7, stepping: 0x1)
[    0.150875] RCU Tasks: Setting shift to 1 and lim to 1 rcu_task_cb_adjust=1.
[    0.151124] Performance Events: unsupported p6 CPU model 183 no PMU driver, software events only.
[    0.151653] signal: max sigframe size: 3632
[    0.151924] rcu: Hierarchical SRCU implementation.
[    0.152109] rcu: 	Max phase no-delay instances is 400.
[    0.152751] smp: Bringing up secondary CPUs ...
[    0.153142] smpboot: x86: Booting SMP configuration:
[    0.153432] .... node  #0, CPUs:      #1
[    0.153500] smp: Brought up 1 node, 2 CPUs
[    0.154109] smpboot: Max logical packages: 1
[    0.154357] smpboot: Total of 2 processors activated (12748.80 BogoMIPS)
[    0.155109] devtmpfs: initialized
[    0.157152] clocksource: jiffies: mask: 0xffffffff max_cycles: 0xffffffff, max_idle_ns: 1911260446275000 ns
[    0.157723] futex hash table entries: 512 (order: 3, 32768 bytes, linear)
[    0.158213] PM: RTC time: 14:04:31, date: 2026-05-03
[    0.158637] NET: Registered PF_NETLINK/PF_ROUTE protocol family
[    0.159166] audit: initializing netlink subsys (disabled)
[    0.159509] audit: type=2000 audit(1777817071.456:1): state=initialized audit_enabled=0 res=1
[    0.159509] thermal_sys: Registered thermal governor 'step_wise'
[    0.159615] thermal_sys: Registered thermal governor 'user_space'
[    0.160122] cpuidle: using governor menu
[    0.160895] PCI: Using configuration type 1 for base access
[    0.161239] kprobes: kprobe jump-optimization is enabled. All kprobes are optimized if possible.
[    0.164202] HugeTLB: registered 2.00 MiB page size, pre-allocated 0 pages
[    0.164595] HugeTLB: 28 KiB vmemmap can be freed for a 2.00 MiB page
[    0.165102] ACPI: Added _OSI(Module Device)
[    0.165102] ACPI: Added _OSI(Processor Device)
[    0.165109] ACPI: Added _OSI(3.0 _SCP Extensions)
[    0.165378] ACPI: Added _OSI(Processor Aggregator Device)
[    0.171405] ACPI: 1 ACPI AML tables successfully acquired and loaded
[    0.176044] ACPI: _OSC evaluation for CPUs failed, trying _PDC
[    0.176274] ACPI: Interpreter enabled
[    0.176514] ACPI: PM: (supports S0 S3 S4 S5)
[    0.176760] ACPI: Using IOAPIC for interrupt routing
[    0.177068] PCI: Using host bridge windows from ACPI; if necessary, use "pci=nocrs" and report a bug
[    0.178109] PCI: Using E820 reservations for host bridge windows
[    0.178767] ACPI: Enabled 2 GPEs in block 00 to 0F
[    0.188604] ACPI: PCI Root Bridge [PCI0] (domain 0000 [bus 00-ff])
[    0.188972] acpi PNP0A03:00: _OSC: OS supports [ASPM ClockPM Segments MSI HPX-Type3]
[    0.189109] acpi PNP0A03:00: _OSC: not requesting OS control; OS requires [ExtendedConfig ASPM ClockPM MSI]
[    0.189709] acpi PNP0A03:00: fail to add MMCONFIG information, can't access extended configuration space under this bridge
[    0.190263] PCI host bridge to bus 0000:00
[    0.190501] pci_bus 0000:00: root bus resource [io  0x0000-0x0cf7 window]
[    0.190887] pci_bus 0000:00: root bus resource [io  0x0d00-0xffff window]
[    0.191110] pci_bus 0000:00: root bus resource [mem 0x000a0000-0x000bffff window]
[    0.191535] pci_bus 0000:00: root bus resource [mem 0x80000000-0xfebfffff window]
[    0.191960] pci_bus 0000:00: root bus resource [mem 0x100000000-0x17fffffff window]
[    0.193111] pci_bus 0000:00: root bus resource [bus 00-ff]
[    0.193472] pci 0000:00:00.0: [8086:1237] type 00 class 0x060000
[    0.197529] pci 0000:00:01.0: [8086:7000] type 00 class 0x060100
[    0.201576] pci 0000:00:01.1: [8086:7010] type 00 class 0x010180
[    0.202936] pci 0000:00:01.1: reg 0x20: [io  0xc040-0xc04f]
[    0.203351] pci 0000:00:01.1: legacy IDE quirk: reg 0x10: [io  0x01f0-0x01f7]
[    0.203760] pci 0000:00:01.1: legacy IDE quirk: reg 0x14: [io  0x03f6]
[    0.204109] pci 0000:00:01.1: legacy IDE quirk: reg 0x18: [io  0x0170-0x0177]
[    0.204515] pci 0000:00:01.1: legacy IDE quirk: reg 0x1c: [io  0x0376]
[    0.205036] pci 0000:00:01.3: [8086:7113] type 00 class 0x068000
[    0.205331] pci 0000:00:01.3: quirk: [io  0x0600-0x063f] claimed by PIIX4 ACPI
[    0.205742] pci 0000:00:01.3: quirk: [io  0x0700-0x070f] claimed by PIIX4 SMB
[    0.206439] pci 0000:00:02.0: [1234:1111] type 00 class 0x030000
[    0.207113] pci 0000:00:02.0: reg 0x10: [mem 0xfd000000-0xfdffffff pref]
[    0.208283] pci 0000:00:02.0: reg 0x18: [mem 0xfebf0000-0xfebf0fff]
[    0.211099] pci 0000:00:02.0: reg 0x30: [mem 0xfebe0000-0xfebeffff pref]
[    0.211158] pci 0000:00:02.0: Video device with shadowed ROM at [mem 0x000c0000-0x000dffff]
[    0.215230] pci 0000:00:03.0: [8086:100e] type 00 class 0x020000
[    0.215889] pci 0000:00:03.0: reg 0x10: [mem 0xfebc0000-0xfebdffff]
[    0.216358] pci 0000:00:03.0: reg 0x14: [io  0xc000-0xc03f]
[    0.218110] pci 0000:00:03.0: reg 0x30: [mem 0xfeb80000-0xfebbffff pref]
[    0.223099] ACPI: PCI: Interrupt link LNKA configured for IRQ 10
[    0.223459] ACPI: PCI: Interrupt link LNKB configured for IRQ 10
[    0.224142] ACPI: PCI: Interrupt link LNKC configured for IRQ 11
[    0.224817] ACPI: PCI: Interrupt link LNKD configured for IRQ 11
[    0.226244] ACPI: PCI: Interrupt link LNKS configured for IRQ 9
[    0.227532] iommu: Default domain type: Translated
[    0.227815] iommu: DMA domain TLB invalidation policy: lazy mode
[    0.228281] SCSI subsystem initialized
[    0.228511] ACPI: bus type USB registered
[    0.228553] usbcore: registered new interface driver usbfs
[    0.229122] usbcore: registered new interface driver hub
[    0.229443] usbcore: registered new device driver usb
[    0.229774] pps_core: LinuxPPS API ver. 1 registered
[    0.230063] pps_core: Software ver. 5.3.6 - Copyright 2005-2007 Rodolfo Giometti <giometti@linux.it>
[    0.230116] PTP clock support registered
[    0.230366] Advanced Linux Sound Architecture Driver Initialized.
[    0.231212] NetLabel: Initializing
[    0.231413] NetLabel:  domain hash size = 128
[    0.231666] NetLabel:  protocols = UNLABELED CIPSOv4 CALIPSO
[    0.232027] NetLabel:  unlabeled traffic allowed by default
[    0.232153] PCI: Using ACPI for IRQ routing
[    0.232446] pci 0000:00:02.0: vgaarb: setting as boot VGA device
[    0.232479] pci 0000:00:02.0: vgaarb: bridge control possible
[    0.232817] pci 0000:00:02.0: vgaarb: VGA device added: decodes=io+mem,owns=io+mem,locks=none
[    0.233109] vgaarb: loaded
[    0.233326] hpet0: at MMIO 0xfed00000, IRQs 2, 8, 0
[    0.233611] hpet0: 3 comparators, 64-bit 100.000000 MHz counter
[    0.237145] clocksource: Switched to clocksource kvm-clock
[    0.237702] VFS: Disk quotas dquot_6.6.0
[    0.237940] VFS: Dquot-cache hash table entries: 512 (order 0, 4096 bytes)
[    0.238558] pnp: PnP ACPI init
[    0.239719] pnp: PnP ACPI: found 6 devices
[    0.246878] clocksource: acpi_pm: mask: 0xffffff max_cycles: 0xffffff, max_idle_ns: 2085701024 ns
[    0.247430] NET: Registered PF_INET protocol family
[    0.247752] IP idents hash table entries: 32768 (order: 6, 262144 bytes, linear)
[    0.248555] tcp_listen_portaddr_hash hash table entries: 1024 (order: 2, 16384 bytes, linear)
[    0.249048] Table-perturb hash table entries: 65536 (order: 6, 262144 bytes, linear)
[    0.249509] TCP established hash table entries: 16384 (order: 5, 131072 bytes, linear)
[    0.249979] TCP bind hash table entries: 16384 (order: 7, 524288 bytes, linear)
[    0.250423] TCP: Hash tables configured (established 16384 bind 16384)
[    0.250833] UDP hash table entries: 1024 (order: 3, 32768 bytes, linear)
[    0.251225] UDP-Lite hash table entries: 1024 (order: 3, 32768 bytes, linear)
[    0.251696] NET: Registered PF_UNIX/PF_LOCAL protocol family
[    0.252186] RPC: Registered named UNIX socket transport module.
[    0.252535] RPC: Registered udp transport module.
[    0.252808] RPC: Registered tcp transport module.
[    0.253080] RPC: Registered tcp-with-tls transport module.
[    0.253400] RPC: Registered tcp NFSv4.1 backchannel transport module.
[    0.254107] pci_bus 0000:00: resource 4 [io  0x0000-0x0cf7 window]
[    0.254466] pci_bus 0000:00: resource 5 [io  0x0d00-0xffff window]
[    0.254825] pci_bus 0000:00: resource 6 [mem 0x000a0000-0x000bffff window]
[    0.255224] pci_bus 0000:00: resource 7 [mem 0x80000000-0xfebfffff window]
[    0.255623] pci_bus 0000:00: resource 8 [mem 0x100000000-0x17fffffff window]
[    0.256108] pci 0000:00:01.0: PIIX3: Enabling Passive Release
[    0.256448] pci 0000:00:00.0: Limiting direct PCI/PCI transfers
[    0.256822] PCI: CLS 0 bytes, default 64
[    0.257151] Unpacking initramfs...
[    0.259534] RAPL PMU: API unit is 2^-32 Joules, 0 fixed counters, 10737418240 ms ovfl timer
[    0.260032] clocksource: tsc: mask: 0xffffffffffffffff max_cycles: 0x2df10e7656b, max_idle_ns: 440795364873 ns
[    0.261532] Initialise system trusted keyrings
[    0.261844] workingset: timestamp_bits=56 max_order=19 bucket_order=0
[    0.262495] NFS: Registering the id_resolver key type
[    0.262796] Key type id_resolver registered
[    0.263041] Key type id_legacy registered
[    0.263320] 9p: Installing v9fs 9p2000 file system support
[    0.268356] Key type asymmetric registered
[    0.268637] Asymmetric key parser 'x509' registered
[    0.268938] Block layer SCSI generic (bsg) driver version 0.4 loaded (major 251)
[    0.269381] io scheduler mq-deadline registered
[    0.269647] io scheduler kyber registered
[    0.270030] input: Power Button as /devices/LNXSYSTM:00/LNXPWRBN:00/input/input0
[    0.270257] Freeing initrd memory: 1336K
[    0.270564] ACPI: button: Power Button [PWRF]
[    0.271244] Serial: 8250/16550 driver, 4 ports, IRQ sharing enabled
[    0.271763] 00:04: ttyS0 at I/O 0x3f8 (irq = 4, base_baud = 115200) is a 16550A
[    0.273021] Non-volatile memory driver v1.3
[    0.273269] Linux agpgart interface v0.103
[    0.273578] ACPI: bus type drm_connector registered
[    0.276090] loop: module loaded
[    0.277239] scsi host0: ata_piix
[    0.277824] scsi host1: ata_piix
[    0.278104] ata1: PATA max MWDMA2 cmd 0x1f0 ctl 0x3f6 bmdma 0xc040 irq 14
[    0.278503] ata2: PATA max MWDMA2 cmd 0x170 ctl 0x376 bmdma 0xc048 irq 15
[    0.279291] e100: Intel(R) PRO/100 Network Driver
[    0.279593] e100: Copyright(c) 1999-2006 Intel Corporation
[    0.279924] e1000: Intel(R) PRO/1000 Network Driver
[    0.280209] e1000: Copyright (c) 1999-2006 Intel Corporation.
[    0.433794] ata2: found unknown device (class 0)
[    0.435411] ata2.00: ATAPI: QEMU DVD-ROM, 2.5+, max UDMA/100
[    0.437646] scsi 1:0:0:0: CD-ROM            QEMU     QEMU DVD-ROM     2.5+ PQ: 0 ANSI: 5
[    0.447777] sr 1:0:0:0: [sr0] scsi3-mmc drive: 4x/4x cd/rw xa/form2 tray
[    0.448172] cdrom: Uniform CD-ROM driver Revision: 3.20
[    0.456293] sr 1:0:0:0: Attached scsi generic sg0 type 5
[    0.579658] ACPI: \_SB_.LNKC: Enabled at IRQ 11
[    0.869006] e1000 0000:00:03.0 eth0: (PCI:33MHz:32-bit) 52:54:00:12:34:56
[    0.869431] e1000 0000:00:03.0 eth0: Intel(R) PRO/1000 Network Connection
[    0.869862] e1000e: Intel(R) PRO/1000 Network Driver
[    0.870153] e1000e: Copyright(c) 1999 - 2015 Intel Corporation.
[    0.870505] sky2: driver version 1.30
[    0.871092] usbcore: registered new interface driver usblp
[    0.871438] usbcore: registered new interface driver usb-storage
[    0.871847] i8042: PNP: PS/2 Controller [PNP0303:KBD,PNP0f13:MOU] at 0x60,0x64 irq 1,12
[    0.872765] serio: i8042 KBD port at 0x60,0x64 irq 1
[    0.873058] serio: i8042 AUX port at 0x60,0x64 irq 12
[    0.873767] rtc_cmos 00:05: RTC can wake from S4
[    0.874134] input: AT Translated Set 2 keyboard as /devices/platform/i8042/serio0/input/input1
[    0.875972] rtc_cmos 00:05: registered as rtc0
[    0.876372] rtc_cmos 00:05: alarms up to one day, y3k, 242 bytes nvram, hpet irqs
[    0.877181] device-mapper: ioctl: 4.48.0-ioctl (2023-03-01) initialised: dm-devel@redhat.com
[    0.877821] intel_pstate: CPU model not supported
[    0.878199] hid: raw HID events driver (C) Jiri Kosina
[    0.878986] usbcore: registered new interface driver usbhid
[    0.879406] usbhid: USB HID core driver
[    0.880118] Initializing XFRM netlink socket
[    0.880424] NET: Registered PF_INET6 protocol family
[    0.881096] Segment Routing with IPv6
[    0.881330] In-situ OAM (IOAM) with IPv6
[    0.881608] sit: IPv6, IPv4 and MPLS over IPv4 tunneling driver
[    0.882175] NET: Registered PF_PACKET protocol family
[    0.882505] 9pnet: Installing 9P2000 support
[    0.882776] Key type dns_resolver registered
[    0.883559] IPI shorthand broadcast: enabled
[    0.891492] sched_clock: Marking stable (847001037, 44468902)->(894041099, -2571160)
[    0.892145] registered taskstats version 1
[    0.892387] Loading compiled-in X.509 certificates
[    0.898344] PM:   Magic number: 10:216:80
[    0.899140] printk: console [netcon0] enabled
[    0.899906] netconsole: network logging started
[    0.901116] cfg80211: Loading compiled-in X.509 certificates for regulatory database
[    0.901840] kworker/u4:1 (52) used greatest stack depth: 29536 bytes left
[    0.902573] Loaded X.509 cert 'sforshee: 00b28ddf47aef9cea7'
[    0.902921] ALSA device list:
[    0.903098]   No soundcards found.
[    0.904030] Freeing unused kernel image (initmem) memory: 5668K
[    0.904316] platform regulatory.0: Direct firmware load for regulatory.db failed with error -2
[    0.904659] cfg80211: failed to load regulatory.db
[    0.907478] Write protecting the kernel read-only data: 61440k
[    0.908044] Freeing unused kernel image (rodata/data gap) memory: 2036K
[    0.915714] x86/mm: Checked W+X mappings: passed, no W+X pages found.
[    0.915994] Run /init as init process
[    0.917143] mount (56) used greatest stack depth: 28784 bytes left
[    0.917523] mount (57) used greatest stack depth: 28736 bytes left

secb: rootfs ready
---- poc begin ----
poc: ring_fd=3 features=0x3fff
poc: PBUF_RING registered, tail=1
poc: submitted=2 (errno=0)
poc: PBUF_RING unregistered -- bl kfree'd
[    1.497961] input: ImExPS/2 Generic Explorer Mouse as /devices/platform/i8042/serio1/input/input3
poc: ~3s elapsed; releasing pipe
poc: CQE ud=0xdead0000 res=1 flags=0x0
poc: CQE ud=0xdead0001 res=-105 flags=0x0
poc: done (no crash observed)
[    3.933307] iou-wrk-63 (64) used greatest stack depth: 27880 bytes left
[    3.933715] poc (63) used greatest stack depth: 27848 bytes left
---- poc end rc=0 ----
secb: poc exited without crashing the kernel
[    5.178204] ACPI: PM: Preparing to enter system sleep state S5
[    5.178520] reboot: Power down
secb: serial log at /tmp/serial.log (372 lines)
NO_CRASH_DETECTED
