bash: warning: setlocale: LC_ALL: cannot change locale (en_US.UTF-8)
c[?7l[2J[0mSeaBIOS (version 1.16.2-debian-1.16.2-1)
Booting from ROM...
c[?7l[2Jearly console in extract_kernel
input_data: 0x000000000c09d2bf
input_len: 0x000000000476360a
output: 0x0000000001000000
output_len: 0x000000000e477ad8
kernel_total_size: 0x000000000f826000
needed_size: 0x000000000fa00000
trampoline_32bit: 0x000000000009d000

Decompressing Linux... Parsing ELF... done.
Booting the kernel.
[    0.000000][    T0] Linux version 5.15.0-rc4-next-20211011+ (root@buildkitsandbox) (gcc (Debian 12.2.0-14+deb12u1) 12.2.0, GNU ld (GNU Binutils for Debian) 2.40) #1 SMP PREEMPT Mon May 25 04:48:11 UTC 2026
[    0.000000][    T0] Command line: console=ttyS0 oops=panic panic=86400 nokaslr earlyprintk=serial rdinit=/init
[    0.000000][    T0] KERNEL supported cpus:
[    0.000000][    T0]   Intel GenuineIntel
[    0.000000][    T0]   AMD AuthenticAMD
[    0.000000][    T0] x86/fpu: Supporting XSAVE feature 0x001: 'x87 floating point registers'
[    0.000000][    T0] x86/fpu: Supporting XSAVE feature 0x002: 'SSE registers'
[    0.000000][    T0] x86/fpu: Supporting XSAVE feature 0x004: 'AVX registers'
[    0.000000][    T0] x86/fpu: xstate_offset[2]:  576, xstate_sizes[2]:  256
[    0.000000][    T0] x86/fpu: Enabled xstate features 0x7, context size is 832 bytes, using 'compacted' format.
[    0.000000][    T0] signal: max sigframe size: 1776
[    0.000000][    T0] BIOS-provided physical RAM map:
[    0.000000][    T0] BIOS-e820: [mem 0x0000000000000000-0x000000000009fbff] usable
[    0.000000][    T0] BIOS-e820: [mem 0x000000000009fc00-0x000000000009ffff] reserved
[    0.000000][    T0] BIOS-e820: [mem 0x00000000000f0000-0x00000000000fffff] reserved
[    0.000000][    T0] BIOS-e820: [mem 0x0000000000100000-0x000000007ffdffff] usable
[    0.000000][    T0] BIOS-e820: [mem 0x000000007ffe0000-0x000000007fffffff] reserved
[    0.000000][    T0] BIOS-e820: [mem 0x00000000feffc000-0x00000000feffffff] reserved
[    0.000000][    T0] BIOS-e820: [mem 0x00000000fffc0000-0x00000000ffffffff] reserved
[    0.000000][    T0] BIOS-e820: [mem 0x000000fd00000000-0x000000ffffffffff] reserved
[    0.000000][    T0] printk: bootconsole [earlyser0] enabled
[    0.000000][    T0] NX (Execute Disable) protection: active
[    0.000000][    T0] SMBIOS 2.8 present.
[    0.000000][    T0] DMI: QEMU Standard PC (i440FX + PIIX, 1996), BIOS 1.16.2-debian-1.16.2-1 04/01/2014
[    0.000000][    T0] Hypervisor detected: KVM
[    0.000000][    T0] kvm-clock: Using msrs 4b564d01 and 4b564d00
[    0.000000][    T0] kvm-clock: cpu 0, msr f0a1001, primary cpu clock
[    0.000003][    T0] kvm-clock: using sched offset of 887831643 cycles
[    0.000727][    T0] clocksource: kvm-clock: mask: 0xffffffffffffffff max_cycles: 0x1cd42e4dffb, max_idle_ns: 881590591483 ns
[    0.002833][    T0] tsc: Detected 3493.436 MHz processor
[    0.008114][    T0] last_pfn = 0x7ffe0 max_arch_pfn = 0x400000000
[    0.008867][    T0] x86/PAT: Configuration [0-7]: WB  WC  UC- UC  WB  WP  UC- WT  
[    0.012761][    T0] found SMP MP-table at [mem 0x000f5ba0-0x000f5baf]
[    0.013517][    T0] Using GB pages for direct mapping
[    0.014775][    T0] RAMDISK: [mem 0x7fe90000-0x7ffdffff]
[    0.015405][    T0] ACPI: Early table checksum verification disabled
[    0.016136][    T0] ACPI: RSDP 0x00000000000F59D0 000014 (v00 BOCHS )
[    0.016891][    T0] ACPI: RSDT 0x000000007FFE1B33 000034 (v01 BOCHS  BXPC     00000001 BXPC 00000001)
[    0.017993][    T0] ACPI: FACP 0x000000007FFE19DF 000074 (v01 BOCHS  BXPC     00000001 BXPC 00000001)
[    0.019107][    T0] ACPI: DSDT 0x000000007FFE0040 00199F (v01 BOCHS  BXPC     00000001 BXPC 00000001)
[    0.020171][    T0] ACPI: FACS 0x000000007FFE0000 000040
[    0.020787][    T0] ACPI: APIC 0x000000007FFE1A53 000080 (v01 BOCHS  BXPC     00000001 BXPC 00000001)
[    0.021846][    T0] ACPI: HPET 0x000000007FFE1AD3 000038 (v01 BOCHS  BXPC     00000001 BXPC 00000001)
[    0.022906][    T0] ACPI: WAET 0x000000007FFE1B0B 000028 (v01 BOCHS  BXPC     00000001 BXPC 00000001)
[    0.023975][    T0] ACPI: Reserving FACP table memory at [mem 0x7ffe19df-0x7ffe1a52]
[    0.024861][    T0] ACPI: Reserving DSDT table memory at [mem 0x7ffe0040-0x7ffe19de]
[    0.025744][    T0] ACPI: Reserving FACS table memory at [mem 0x7ffe0000-0x7ffe003f]
[    0.026626][    T0] ACPI: Reserving APIC table memory at [mem 0x7ffe1a53-0x7ffe1ad2]
[    0.027509][    T0] ACPI: Reserving HPET table memory at [mem 0x7ffe1ad3-0x7ffe1b0a]
[    0.028395][    T0] ACPI: Reserving WAET table memory at [mem 0x7ffe1b0b-0x7ffe1b32]
[    0.030017][    T0] No NUMA configuration found
[    0.030535][    T0] Faking a node at [mem 0x0000000000000000-0x000000007ffdffff]
[    0.031388][    T0] NODE_DATA(0) allocated [mem 0x7fe8b000-0x7fe8ffff]
[    0.035703][    T0] Zone ranges:
[    0.036144][    T0]   DMA      [mem 0x0000000000001000-0x0000000000ffffff]
[    0.037007][    T0]   DMA32    [mem 0x0000000001000000-0x000000007ffdffff]
[    0.037898][    T0]   Normal   empty
[    0.038318][    T0]   Device   empty
[    0.038784][    T0] Movable zone start for each node
[    0.039423][    T0] Early memory node ranges
[    0.039911][    T0]   node   0: [mem 0x0000000000001000-0x000000000009efff]
[    0.040704][    T0]   node   0: [mem 0x0000000000100000-0x000000007ffdffff]
[    0.041499][    T0] Initmem setup node 0 [mem 0x0000000000001000-0x000000007ffdffff]
[    0.042395][    T0] On node 0, zone DMA: 1 pages in unavailable ranges
[    0.042490][    T0] On node 0, zone DMA: 97 pages in unavailable ranges
[    0.054630][    T0] On node 0, zone DMA32: 32 pages in unavailable ranges
[    0.089012][    T0] kasan: KernelAddressSanitizer initialized
[    0.090754][    T0] ACPI: PM-Timer IO Port: 0x608
[    0.091318][    T0] ACPI: LAPIC_NMI (acpi_id[0xff] dfl dfl lint[0x1])
[    0.092095][    T0] IOAPIC[0]: apic_id 0, version 17, address 0xfec00000, GSI 0-23
[    0.092968][    T0] ACPI: INT_SRC_OVR (bus 0 bus_irq 0 global_irq 2 dfl dfl)
[    0.093775][    T0] ACPI: INT_SRC_OVR (bus 0 bus_irq 5 global_irq 5 high level)
[    0.094610][    T0] ACPI: INT_SRC_OVR (bus 0 bus_irq 9 global_irq 9 high level)
[    0.095485][    T0] ACPI: INT_SRC_OVR (bus 0 bus_irq 10 global_irq 10 high level)
[    0.096339][    T0] ACPI: INT_SRC_OVR (bus 0 bus_irq 11 global_irq 11 high level)
[    0.097202][    T0] ACPI: Using ACPI (MADT) for SMP configuration information
[    0.098015][    T0] ACPI: HPET id: 0x8086a201 base: 0xfed00000
[    0.098687][    T0] TSC deadline timer available
[    0.099226][    T0] smpboot: Allowing 2 CPUs, 0 hotplug CPUs
[    0.099904][    T0] kvm-guest: KVM setup pv remote TLB flush
[    0.100553][    T0] kvm-guest: setup PV sched yield
[    0.101140][    T0] PM: hibernation: Registered nosave memory: [mem 0x00000000-0x00000fff]
[    0.102085][    T0] PM: hibernation: Registered nosave memory: [mem 0x0009f000-0x0009ffff]
[    0.103053][    T0] PM: hibernation: Registered nosave memory: [mem 0x000a0000-0x000effff]
[    0.103991][    T0] PM: hibernation: Registered nosave memory: [mem 0x000f0000-0x000fffff]
[    0.104931][    T0] [mem 0x80000000-0xfeffbfff] available for PCI devices
[    0.105705][    T0] Booting paravirtualized kernel on KVM
[    0.106325][    T0] clocksource: refined-jiffies: mask: 0xffffffff max_cycles: 0xffffffff, max_idle_ns: 19112604462750000 ns
[    0.144784][    T0] setup_percpu: NR_CPUS:8 nr_cpumask_bits:8 nr_cpu_ids:2 nr_node_ids:1
[    0.146034][    T0] percpu: Embedded 69 pages/cpu s242376 r8192 d32056 u1048576
[    0.147015][    T0] kvm-guest: setup async PF for cpu 0
[    0.147639][    T0] kvm-guest: stealtime: cpu 0, msr 6bc27480
[    0.148323][    T0] kvm-guest: PV spinlocks enabled
[    0.148912][    T0] PV qspinlock hash table entries: 256 (order: 0, 4096 bytes, linear)
[    0.149882][    T0] Fallback order for Node 0: 0 
[    0.150465][    T0] Built 1 zonelists, mobility grouping on.  Total pages: 515808
[    0.151373][    T0] Policy zone: DMA32
[    0.151825][    T0] Kernel command line: console=ttyS0 oops=panic panic=86400 nokaslr earlyprintk=serial rdinit=/init
[    0.153968][    T0] Dentry cache hash table entries: 262144 (order: 9, 2097152 bytes, linear)
[    0.155076][    T0] Inode-cache hash table entries: 131072 (order: 8, 1048576 bytes, linear)
[    0.156420][    T0] mem auto-init: stack:off, heap alloc:on, heap free:off
[    0.251882][    T0] Memory: 1499452K/2096632K available (139297K kernel code, 33929K rwdata, 29360K rodata, 4000K init, 24100K bss, 596924K reserved, 0K cma-reserved)
[    0.254025][    T0] SLUB: HWalign=64, Order=0-3, MinObjects=0, CPUs=2, Nodes=1
[    0.262333][    T0] Dynamic Preempt: none
[    0.263145][    T0] Running RCU self tests
[    0.263649][    T0] rcu: Preemptible hierarchical RCU implementation.
[    0.264410][    T0] rcu: 	RCU lockdep checking is enabled.
[    0.265060][    T0] rcu: 	RCU restricting CPUs from NR_CPUS=8 to nr_cpu_ids=2.
[    0.265915][    T0] rcu: 	RCU callback double-/use-after-free debug enabled.
[    0.266751][    T0] rcu: 	RCU debug extended QS entry/exit.
[    0.267417][    T0] 	Trampoline variant of Tasks RCU enabled.
[    0.268101][    T0] 	Tracing variant of Tasks RCU enabled.
[    0.268756][    T0] rcu: RCU calculated value of scheduler-enlistment delay is 10 jiffies.
[    0.269737][    T0] rcu: Adjusting geometry for rcu_fanout_leaf=16, nr_cpu_ids=2
[    0.292763][    T0] NR_IRQS: 4352, nr_irqs: 440, preallocated irqs: 16
[    0.294036][    T0] kfence: initialized - using 2097152 bytes for 255 objects at 0x(____ptrval____)-0x(____ptrval____)
[    0.295496][    T0] random: crng done (trusting CPU's manufacturer)
[    0.303972][    T0] Console: colour VGA+ 80x25
[    0.304545][    T0] printk: console [ttyS0] enabled
[    0.304545][    T0] printk: console [ttyS0] enabled
[    0.305701][    T0] printk: bootconsole [earlyser0] disabled
[    0.305701][    T0] printk: bootconsole [earlyser0] disabled
[    0.307142][    T0] Lock dependency validator: Copyright (c) 2006 Red Hat, Inc., Ingo Molnar
[    0.308151][    T0] ... MAX_LOCKDEP_SUBCLASSES:  8
[    0.308728][    T0] ... MAX_LOCK_DEPTH:          48
[    0.309315][    T0] ... MAX_LOCKDEP_KEYS:        8192
[    0.309922][    T0] ... CLASSHASH_SIZE:          4096
[    0.310529][    T0] ... MAX_LOCKDEP_ENTRIES:     65536
[    0.311153][    T0] ... MAX_LOCKDEP_CHAINS:      131072
[    0.311785][    T0] ... CHAINHASH_SIZE:          65536
[    0.312399][    T0]  memory used by lock dependency info: 11129 kB
[    0.313139][    T0]  memory used for stack traces: 8320 kB
[    0.313792][    T0]  per task-struct memory footprint: 1920 bytes
[    0.314580][    T0] ACPI: Core revision 20210930
[    0.315453][    T0] clocksource: hpet: mask: 0xffffffff max_cycles: 0xffffffff, max_idle_ns: 19112604467 ns
[    0.316774][    T0] APIC: Switch to symmetric I/O mode setup
[    0.317457][    T0] kvm-guest: setup PV IPIs
[    0.319160][    T0] ..TIMER: vector=0x30 apic1=0 pin1=2 apic2=-1 pin2=-1
[    0.319971][    T0] tsc: Marking TSC unstable due to TSCs unsynchronized
[    0.320771][    T0] Calibrating delay loop (skipped) preset value.. 6986.87 BogoMIPS (lpj=34934360)
[    0.321819][    T0] pid_max: default: 32768 minimum: 301
[    0.322780][    T0] LSM: Security Framework initializing
[    0.323453][    T0] landlock: Up and running.
[    0.323970][    T0] Yama: becoming mindful.
[    0.324503][    T0] TOMOYO Linux initialized
[    0.325136][    T0] AppArmor: AppArmor initialized
[    0.325710][    T0] LSM support for eBPF active
[    0.326284][    T0] Mount-cache hash table entries: 4096 (order: 3, 32768 bytes, linear)
[    0.330761][    T0] Mountpoint-cache hash table entries: 4096 (order: 3, 32768 bytes, linear)
[    0.333133][    T0] x86/cpu: User Mode Instruction Prevention (UMIP) activated
[    0.334100][    T0] Last level iTLB entries: 4KB 512, 2MB 255, 4MB 127
[    0.334868][    T0] Last level dTLB entries: 4KB 512, 2MB 255, 4MB 127, 1GB 0
[    0.335706][    T0] Spectre V1 : Mitigation: usercopy/swapgs barriers and __user pointer sanitization
[    0.336771][    T0] Spectre V2 : Spectre mitigation: kernel not compiled with retpoline; no mitigation available!
[    0.336780][    T0] Speculative Store Bypass: Mitigation: Speculative Store Bypass disabled via prctl
[    0.340938][    T0] Freeing SMP alternatives memory: 108K
[    0.341952][    T1] smpboot: CPU0: AMD Ryzen Threadripper PRO 3975WX 32-Cores (family: 0x17, model: 0x31, stepping: 0x0)
[    0.344684][    T1] Running RCU-tasks wait API self tests
[    0.451074][    T1] Performance Events: Fam17h+ core perfctr, AMD PMU driver.
[    0.452760][    T1] ... version:                0
[    0.453860][    T1] ... bit width:              48
[    0.454960][    T1] ... generic registers:      6
[    0.456040][    T1] ... value mask:             0000ffffffffffff
[    0.457416][    T1] ... max period:             00007fffffffffff
[    0.458796][    T1] ... fixed-purpose events:   0
[    0.459879][    T1] ... event mask:             000000000000003f
[    0.461591][    T1] rcu: Hierarchical SRCU implementation.
[    0.467675][    T1] smp: Bringing up secondary CPUs ...
[    0.470439][    T1] x86: Booting SMP configuration:
[    0.470803][    T1] .... node  #0, CPUs:      #1
[    0.026864][    T0] kvm-clock: cpu 1, msr f0a1041, secondary cpu clock
[    0.474321][   T17] kvm-guest: setup async PF for cpu 1
[    0.474321][   T17] kvm-guest: stealtime: cpu 1, msr 6bd27480
[    0.474321][    T1] smp: Brought up 1 node, 2 CPUs
[    0.474321][    T1] smpboot: Max logical packages: 1
[    0.474321][    T1] smpboot: Total of 2 processors activated (13973.74 BogoMIPS)
[    0.482329][    T1] devtmpfs: initialized
[    0.482595][    T1] x86/mm: Memory block size: 128MB
[    0.500802][   T12] Callback from call_rcu_tasks_trace() invoked.
[    0.512165][    T1] clocksource: jiffies: mask: 0xffffffff max_cycles: 0xffffffff, max_idle_ns: 19112604462750000 ns
[    0.513297][    T1] futex hash table entries: 512 (order: 4, 65536 bytes, linear)
[    0.522114][    T1] PM: RTC time: 04:52:44, date: 2026-05-25
[    0.525735][    T1] NET: Registered PF_NETLINK/PF_ROUTE protocol family
[    0.529645][    T1] audit: initializing netlink subsys (disabled)
[    0.530940][   T26] audit: type=2000 audit(1779684765.158:1): state=initialized audit_enabled=0 res=1
[    0.531882][    T1] thermal_sys: Registered thermal governor 'step_wise'
[    0.531900][    T1] thermal_sys: Registered thermal governor 'user_space'
[    0.533790][    T1] cpuidle: using governor menu
[    0.536628][    T1] NET: Registered PF_QIPCRTR protocol family
[    0.541340][    T1] PCI: Using configuration type 1 for base access
[    0.542858][    T1] PCI: Using configuration type 1 for extended access
[    0.654594][    T1] HugeTLB registered 1.00 GiB page size, pre-allocated 0 pages
[    0.654594][    T1] HugeTLB registered 2.00 MiB page size, pre-allocated 0 pages
[    0.664551][    T1] cryptd: max_cpu_qlen set to 1000
[    0.664551][    T1] raid6: skip pq benchmark and using algorithm avx2x4
[    0.664551][    T1] raid6: using avx2x2 recovery algorithm
[    0.664551][    T1] ACPI: Added _OSI(Module Device)
[    0.664551][    T1] ACPI: Added _OSI(Processor Device)
[    0.670769][    T1] ACPI: Added _OSI(3.0 _SCP Extensions)
[    0.671400][    T1] ACPI: Added _OSI(Processor Aggregator Device)
[    0.672121][    T1] ACPI: Added _OSI(Linux-Dell-Video)
[    0.672727][    T1] ACPI: Added _OSI(Linux-Lenovo-NV-HDMI-Audio)
[    0.673434][    T1] ACPI: Added _OSI(Linux-HPI-Hybrid-Graphics)
[    0.681098][   T11] Callback from call_rcu_tasks() invoked.
[    0.694188][    T1] ACPI: 1 ACPI AML tables successfully acquired and loaded
[    0.705958][    T1] ACPI: Interpreter enabled
[    0.707251][    T1] ACPI: PM: (supports S0 S3 S4 S5)
[    0.710799][    T1] ACPI: Using IOAPIC for interrupt routing
[    0.712310][    T1] PCI: Using host bridge windows from ACPI; if necessary, use "pci=nocrs" and report a bug
[    0.717340][    T1] ACPI: Enabled 2 GPEs in block 00 to 0F
[    0.770115][    T1] ACPI: PCI Root Bridge [PCI0] (domain 0000 [bus 00-ff])
[    0.770787][    T1] acpi PNP0A03:00: _OSC: OS supports [ExtendedConfig ASPM ClockPM Segments MSI HPX-Type3]
[    0.772763][    T1] PCI host bridge to bus 0000:00
[    0.773347][    T1] pci_bus 0000:00: root bus resource [io  0x0000-0x0cf7 window]
[    0.774231][    T1] pci_bus 0000:00: root bus resource [io  0x0d00-0xffff window]
[    0.775106][    T1] pci_bus 0000:00: root bus resource [mem 0x000a0000-0x000bffff window]
[    0.776064][    T1] pci_bus 0000:00: root bus resource [mem 0x80000000-0xfebfffff window]
[    0.777024][    T1] pci_bus 0000:00: root bus resource [mem 0x100000000-0x17fffffff window]
[    0.778007][    T1] pci_bus 0000:00: root bus resource [bus 00-ff]
[    0.780830][    T1] pci 0000:00:00.0: [8086:1237] type 00 class 0x060000
[    0.795436][    T1] pci 0000:00:01.0: [8086:7000] type 00 class 0x060100
[    0.808799][    T1] pci 0000:00:01.1: [8086:7010] type 00 class 0x010180
[    0.810929][    T1] pci 0000:00:01.1: reg 0x20: [io  0xc000-0xc00f]
[    0.812325][    T1] pci 0000:00:01.1: legacy IDE quirk: reg 0x10: [io  0x01f0-0x01f7]
[    0.813256][    T1] pci 0000:00:01.1: legacy IDE quirk: reg 0x14: [io  0x03f6]
[    0.814101][    T1] pci 0000:00:01.1: legacy IDE quirk: reg 0x18: [io  0x0170-0x0177]
[    0.815019][    T1] pci 0000:00:01.1: legacy IDE quirk: reg 0x1c: [io  0x0376]
[    0.817217][    T1] pci 0000:00:01.3: [8086:7113] type 00 class 0x068000
[    0.818419][    T1] pci 0000:00:01.3: quirk: [io  0x0600-0x063f] claimed by PIIX4 ACPI
[    0.819352][    T1] pci 0000:00:01.3: quirk: [io  0x0700-0x070f] claimed by PIIX4 SMB
[    0.822638][    T1] pci 0000:00:02.0: [1234:1111] type 00 class 0x030000
[    0.824452][    T1] pci 0000:00:02.0: reg 0x10: [mem 0xfd000000-0xfdffffff pref]
[    0.826621][    T1] pci 0000:00:02.0: reg 0x18: [mem 0xfebf0000-0xfebf0fff]
[    0.830657][    T1] pci 0000:00:02.0: reg 0x30: [mem 0xfebe0000-0xfebeffff pref]
[    0.845471][    T1] ACPI: PCI: Interrupt link LNKA configured for IRQ 10
[    0.847464][    T1] ACPI: PCI: Interrupt link LNKB configured for IRQ 10
[    0.849498][    T1] ACPI: PCI: Interrupt link LNKC configured for IRQ 11
[    0.851499][    T1] ACPI: PCI: Interrupt link LNKD configured for IRQ 11
[    0.852788][    T1] ACPI: PCI: Interrupt link LNKS configured for IRQ 9
[    0.856934][    T1] iommu: Default domain type: Translated 
[    0.856934][    T1] iommu: DMA domain TLB invalidation policy: lazy mode 
[    0.860951][    T1] pci 0000:00:02.0: vgaarb: setting as boot VGA device
[    0.862637][    T1] pci 0000:00:02.0: vgaarb: VGA device added: decodes=io+mem,owns=io+mem,locks=none
[    0.864766][    T1] pci 0000:00:02.0: vgaarb: bridge control possible
[    0.866235][    T1] vgaarb: loaded
[    0.869942][    T1] SCSI subsystem initialized
[    0.871251][    T1] ACPI: bus type USB registered
[    0.871990][    T1] usbcore: registered new interface driver usbfs
[    0.872805][    T1] usbcore: registered new interface driver hub
[    0.873567][    T1] usbcore: registered new device driver usb
[    0.874680][    T1] mc: Linux media interface: v0.10
[    0.875331][    T1] videodev: Linux video capture interface: v2.00
[    0.876440][    T1] pps_core: LinuxPPS API ver. 1 registered
[    0.877104][    T1] pps_core: Software ver. 5.3.6 - Copyright 2005-2007 Rodolfo Giometti <giometti@linux.it>
[    0.878276][    T1] PTP clock support registered
[    0.878950][    T1] EDAC MC: Ver: 3.0.0
[    0.881491][    T1] Advanced Linux Sound Architecture Driver Initialized.
[    0.883791][    T1] Bluetooth: Core ver 2.22
[    0.884406][    T1] NET: Registered PF_BLUETOOTH protocol family
[    0.885113][    T1] Bluetooth: HCI device and connection manager initialized
[    0.885950][    T1] Bluetooth: HCI socket layer initialized
[    0.886616][    T1] Bluetooth: L2CAP socket layer initialized
[    0.887321][    T1] Bluetooth: SCO socket layer initialized
[    0.888006][    T1] NET: Registered PF_ATMPVC protocol family
[    0.888683][    T1] NET: Registered PF_ATMSVC protocol family
[    0.889465][    T1] NetLabel: Initializing
[    0.890765][    T1] NetLabel:  domain hash size = 128
[    0.891371][    T1] NetLabel:  protocols = UNLABELED CIPSOv4 CALIPSO
[    0.892250][    T1] NetLabel:  unlabeled traffic allowed by default
[    0.893143][    T1] nfc: nfc_init: NFC Core ver 0.1
[    0.893143][    T1] NET: Registered PF_NFC protocol family
[    0.893143][    T1] PCI: Using ACPI for IRQ routing
[    0.893674][    T1] hpet0: at MMIO 0xfed00000, IRQs 2, 8, 0
[    0.894340][    T1] hpet0: 3 comparators, 64-bit 100.000000 MHz counter
[    0.902177][    T1] clocksource: Switched to clocksource kvm-clock
[    1.233115][    T1] VFS: Disk quotas dquot_6.6.0
[    1.233777][    T1] VFS: Dquot-cache hash table entries: 512 (order 0, 4096 bytes)
[    1.234942][    T1] FS-Cache: Loaded
[    1.235985][    T1] CacheFiles: Loaded
[    1.236655][    T1] TOMOYO: 2.6.0
[    1.237065][    T1] Mandatory Access Control activated.
[    1.238855][    T1] AppArmor: AppArmor Filesystem Enabled
[    1.239727][    T1] pnp: PnP ACPI init
[    1.244279][    T1] pnp: PnP ACPI: found 6 devices
[    1.262831][    T1] clocksource: acpi_pm: mask: 0xffffff max_cycles: 0xffffff, max_idle_ns: 2085701024 ns
[    1.264247][    T1] NET: Registered PF_INET protocol family
[    1.265034][    T1] IP idents hash table entries: 32768 (order: 6, 262144 bytes, linear)
[    1.267022][    T1] tcp_listen_portaddr_hash hash table entries: 1024 (order: 4, 81920 bytes, linear)
[    1.268173][    T1] TCP established hash table entries: 16384 (order: 5, 131072 bytes, linear)
[    1.269704][    T1] TCP bind hash table entries: 16384 (order: 8, 1179648 bytes, linear)
[    1.271190][    T1] TCP: Hash tables configured (established 16384 bind 16384)
[    1.272510][    T1] MPTCP token hash table entries: 2048 (order: 5, 180224 bytes, linear)
[    1.273609][    T1] UDP hash table entries: 1024 (order: 5, 163840 bytes, linear)
[    1.274598][    T1] UDP-Lite hash table entries: 1024 (order: 5, 163840 bytes, linear)
[    1.275866][    T1] NET: Registered PF_UNIX/PF_LOCAL protocol family
[    1.277576][    T1] RPC: Registered named UNIX socket transport module.
[    1.278383][    T1] RPC: Registered udp transport module.
[    1.279022][    T1] RPC: Registered tcp transport module.
[    1.279664][    T1] RPC: Registered tcp NFSv4.1 backchannel transport module.
[    1.281417][    T1] NET: Registered PF_XDP protocol family
[    1.282106][    T1] pci_bus 0000:00: resource 4 [io  0x0000-0x0cf7 window]
[    1.282930][    T1] pci_bus 0000:00: resource 5 [io  0x0d00-0xffff window]
[    1.283749][    T1] pci_bus 0000:00: resource 6 [mem 0x000a0000-0x000bffff window]
[    1.284651][    T1] pci_bus 0000:00: resource 7 [mem 0x80000000-0xfebfffff window]
[    1.285554][    T1] pci_bus 0000:00: resource 8 [mem 0x100000000-0x17fffffff window]
[    1.286889][    T1] pci 0000:00:01.0: PIIX3: Enabling Passive Release
[    1.287675][    T1] pci 0000:00:00.0: Limiting direct PCI/PCI transfers
[    1.288483][    T1] pci 0000:00:01.0: Activating ISA DMA hang workarounds
[    1.289368][    T1] pci 0000:00:02.0: Video device with shadowed ROM at [mem 0x000c0000-0x000dffff]
[    1.290467][    T1] PCI: CLS 0 bytes, default 64
[    1.291176][    T1] ACPI: bus type thunderbolt registered
[    1.292552][    T1] kvm: no hardware support
[    1.295616][   T10] Trying to unpack rootfs image as initramfs...
[    1.399602][   T10] Freeing initrd memory: 1344K
[    1.401399][   T54] kworker/u4:1 (54) used greatest stack depth: 28208 bytes left
[    3.243879][    T1] kvm: Nested Virtualization enabled
[    3.245104][    T1] SVM: kvm: Nested Paging enabled
[    3.274696][   T85] kworker/u4:3 (85) used greatest stack depth: 28176 bytes left
[    3.275536][    T1] Initialise system trusted keyrings
[    3.278230][    T1] workingset: timestamp_bits=40 max_order=19 bucket_order=0
[    3.278886][   T92] kworker/u4:0 (92) used greatest stack depth: 27728 bytes left
[    3.303107][    T1] zbud: loaded
[    3.307882][    T1] DLM installed
[    3.316751][    T1] squashfs: version 4.0 (2009/01/31) Phillip Lougher
[    3.325462][    T1] FS-Cache: Netfs 'nfs' registered for caching
[    3.328636][    T1] NFS: Registering the id_resolver key type
[    3.330044][    T1] Key type id_resolver registered
[    3.331279][    T1] Key type id_legacy registered
[    3.332731][    T1] nfs4filelayout_init: NFSv4 File Layout Driver Registering...
[    3.334491][    T1] nfs4flexfilelayout_init: NFSv4 Flexfile Layout Driver Registering...
[    3.336339][    T1] Installing knfsd (copyright (C) 1996 okir@monad.swb.de).
[    3.344245][    T1] FS-Cache: Netfs 'cifs' registered for caching
[    3.345929][    T1] Key type cifs.spnego registered
[    3.346569][    T1] Key type cifs.idmap registered
[    3.347459][    T1] ntfs: driver 2.1.32 [Flags: R/W].
[    3.348966][    T1] efs: 1.0a - http://aeschi.ch.eu.org/efs/
[    3.349781][    T1] jffs2: version 2.2. (NAND) (SUMMARY)  © 2001-2006 Red Hat, Inc.
[    3.352907][    T1] romfs: ROMFS MTD (C) 2007 Red Hat, Inc.
[    3.353880][    T1] QNX4 filesystem 0.2.3 registered.
[    3.354632][    T1] qnx6: QNX6 filesystem 1.0.0 registered.
[    3.355707][    T1] fuse: init (API version 7.34)
[    3.357780][    T1] orangefs_debugfs_init: called with debug mask: :none: :0:
[    3.358902][    T1] orangefs_init: module version upstream loaded
[    3.360167][    T1] JFS: nTxBlock = 8192, nTxLock = 65536
[    3.366747][    T1] SGI XFS with ACLs, security attributes, realtime, quota, fatal assert, debug enabled
[    3.376273][    T1] 9p: Installing v9fs 9p2000 file system support
[    3.377184][    T1] FS-Cache: Netfs '9p' registered for caching
[    3.378576][    T1] NILFS version 2 loaded
[    3.379066][    T1] befs: version: 0.9.3
[    3.380428][    T1] ocfs2: Registered cluster interface o2cb
[    3.381464][    T1] ocfs2: Registered cluster interface user
[    3.382520][    T1] OCFS2 User DLM kernel interface loaded
[    3.394934][    T1] gfs2: GFS2 installed
[    3.401426][    T1] FS-Cache: Netfs 'ceph' registered for caching
[    3.402162][    T1] ceph: loaded (mds proto 32)
[    3.412965][    T1] NET: Registered PF_ALG protocol family
[    3.413672][    T1] xor: automatically using best checksumming function   avx       
[    3.414605][    T1] async_tx: api initialized (async)
[    3.415205][    T1] Key type asymmetric registered
[    3.415787][    T1] Asymmetric key parser 'x509' registered
[    3.416464][    T1] Asymmetric key parser 'pkcs8' registered
[    3.417137][    T1] Key type pkcs7_test registered
[    3.417708][    T1] Asymmetric key parser 'tpm_parser' registered
[    3.418705][    T1] Block layer SCSI generic (bsg) driver version 0.4 loaded (major 240)
[    3.420062][    T1] io scheduler mq-deadline registered
[    3.421400][    T1] io scheduler kyber registered
[    3.423131][    T1] io scheduler bfq registered
[    3.439300][    T1] usbcore: registered new interface driver udlfb
[    3.441001][    T1] usbcore: registered new interface driver smscufx
[    3.444333][    T1] uvesafb: failed to execute /sbin/v86d
[    3.444990][    T1] uvesafb: make sure that the v86d helper is installed and executable
[    3.445932][    T1] uvesafb: Getting VBE info block failed (eax=0x4f00, err=-2)
[    3.446795][    T1] uvesafb: vbe_init() failed with -22
[    3.447413][    T1] uvesafb: probe of uvesafb.0 failed with error -22
[    3.448483][    T1] vga16fb: mapped to 0x00000000cbec4318
[    4.032866][    T1] Console: switching to colour frame buffer device 80x30
[    4.358403][    T1] fb0: VGA16 VGA frame buffer device
[    4.359588][    T1] input: Power Button as /devices/LNXSYSTM:00/LNXPWRBN:00/input/input0
[    4.362966][    T1] ACPI: button: Power Button [PWRF]
[    4.378910][  T229] kworker/u4:3 (229) used greatest stack depth: 27456 bytes left
[    4.515601][    T1] N_HDLC line discipline registered with maxframe=4096
[    4.516450][    T1] Serial: 8250/16550 driver, 4 ports, IRQ sharing enabled
[    4.517638][    T1] 00:04: ttyS0 at I/O 0x3f8 (irq = 4, base_baud = 115200) is a 16550A
[    4.530046][    T1] Non-volatile memory driver v1.3
[    4.530941][    T1] Linux agpgart interface v0.103
[    4.532229][    T1] ACPI: bus type drm_connector registered
[    4.537711][    T1] [drm] Initialized vgem 1.0.0 20120112 for vgem on minor 0
[    4.542106][    T1] [drm] Initialized vkms 1.0.0 20180514 for vkms on minor 1
[    4.551909][    T1] platform vkms: [drm] fb1: vkms frame buffer device
[    4.552977][    T1] usbcore: registered new interface driver udl
[    4.553973][    T1] fb0: switching to bochs-drm from VGA16 VGA
[    4.746678][    T1] Console: switching to colour VGA+ 80x25
[    4.748598][    T1] bochs-drm 0000:00:02.0: vgaarb: deactivate vga console
[    4.751978][    T1] Console: switching to colour dummy device 80x25
[    4.754251][    T1] [drm] Found bochs VGA, ID 0xb0c5.
[    4.754258][    T1] [drm] Framebuffer size 16384 kB @ 0xfd000000, mmio @ 0xfebf0000.
[    4.755671][    T1] [drm] Found EDID data blob.
[    4.757282][    T1] [drm] Initialized bochs-drm 1.0.0 20130925 for 0000:00:02.0 on minor 2
[    4.767784][    T1] fbcon: bochs-drm (fb0) is primary device
[    4.833527][    T1] Console: switching to colour frame buffer device 160x50
[    4.863125][    T1] bochs-drm 0000:00:02.0: [drm] fb0: bochs-drm frame buffer device
[    4.976263][    T8] Floppy drive(s): fd0 is 2.88M AMI BIOS
[    5.001652][    T8] FDC 0 is a S82078B
[    5.014669][    T1] brd: module loaded
[    5.054228][    T1] loop: module loaded
[    5.076262][    T1] the cryptoloop driver has been deprecated and will be removed in in Linux 5.16
[    5.079249][    T1] zram: Added device: zram0
[    5.083009][    T1] null_blk: module loaded
[    5.083725][    T1] Guest personality initialized and is inactive
[    5.084808][    T1] VMCI host device registered (name=vmci, major=10, minor=120)
[    5.085851][    T1] Initialized host personality
[    5.086612][    T1] usbcore: registered new interface driver rtsx_usb
[    5.087757][    T1] usbcore: registered new interface driver viperboard
[    5.088802][    T1] usbcore: registered new interface driver dln2
[    5.089786][    T1] usbcore: registered new interface driver pn533_usb
[    5.092043][    T1] nfcsim 0.2 initialized
[    5.092719][    T1] usbcore: registered new interface driver port100
[    5.093681][    T1] usbcore: registered new interface driver nfcmrvl
[    5.095901][    T1] Loading iSCSI transport class v2.0-870.
[    5.100441][    T1] st: Version 20160209, fixed bufsize 32768, s/g segs 256
[    5.114157][    T1] scsi host0: ata_piix
[    5.116105][    T1] scsi host1: ata_piix
[    5.116978][    T1] ata1: PATA max MWDMA2 cmd 0x1f0 ctl 0x3f6 bmdma 0xc000 irq 14
[    5.117877][    T1] ata2: PATA max MWDMA2 cmd 0x170 ctl 0x376 bmdma 0xc008 irq 15
[    5.123194][    T1] Rounding down aligned max_sectors from 4294967295 to 4294967288
[    5.124382][    T1] db_root: cannot open: /etc/target
[    5.125410][    T1] slram: not enough parameters.
[    5.128008][    T1] ftl_cs: FTL header not found.
[    5.138563][    T1] wireguard: WireGuard 1.0.0 loaded. See www.wireguard.com for information.
[    5.139574][    T1] wireguard: Copyright (C) 2015-2019 Jason A. Donenfeld <Jason@zx2c4.com>. All Rights Reserved.
[    5.140884][    T1] eql: Equalizer2002: Simon Janes (simon@ncm.com) and David S. Miller (davem@redhat.com)
[    5.146019][    T1] MACsec IEEE 802.1AE
[    5.147623][    T1] libphy: Fixed MDIO Bus: probed
[    5.149249][    T1] tun: Universal TUN/TAP device driver, 1.6
[    5.151244][    T1] vcan: Virtual CAN interface driver
[    5.151861][    T1] vxcan: Virtual CAN Tunnel driver
[    5.152449][    T1] slcan: serial line CAN interface driver
[    5.153111][    T1] slcan: 10 dynamic interface channels.
[    5.153758][    T1] CAN device driver interface
[    5.154393][    T1] usbcore: registered new interface driver usb_8dev
[    5.155222][    T1] usbcore: registered new interface driver ems_usb
[    5.156046][    T1] usbcore: registered new interface driver esd_usb2
[    5.156873][    T1] usbcore: registered new interface driver gs_usb
[    5.157673][    T1] usbcore: registered new interface driver kvaser_usb
[    5.158519][    T1] usbcore: registered new interface driver mcba_usb
[    5.159370][    T1] usbcore: registered new interface driver peak_usb
[    5.160283][    T1] e100: Intel(R) PRO/100 Network Driver
[    5.161131][    T1] e100: Copyright(c) 1999-2006 Intel Corporation
[    5.161953][    T1] e1000: Intel(R) PRO/1000 Network Driver
[    5.162610][    T1] e1000: Copyright (c) 1999-2006 Intel Corporation.
[    5.163498][    T1] e1000e: Intel(R) PRO/1000 Network Driver
[    5.164167][    T1] e1000e: Copyright(c) 1999 - 2015 Intel Corporation.
[    5.165908][    T1] mkiss: AX.25 Multikiss, Hans Albas PE1AYX
[    5.166590][    T1] AX.25: 6pack driver, Revision: 0.3.0
[    5.167245][    T1] AX.25: bpqether driver version 004
[    5.167856][    T1] PPP generic driver version 2.4.2
[    5.168755][    T1] PPP BSD Compression module registered
[    5.169403][    T1] PPP Deflate Compression module registered
[    5.170128][    T1] PPP MPPE Compression module registered
[    5.170806][    T1] NET: Registered PF_PPPOX protocol family
[    5.171512][    T1] PPTP driver version 0.8.5
[    5.172316][    T1] SLIP: version 0.8.4-NET3.019-NEWTTY (dynamic channels, max=256) (6 bit encapsulation enabled).
[    5.173526][    T1] CSLIP: code copyright 1989 Regents of the University of California.
[    5.174466][    T1] SLIP linefill/keepalive option.
[    5.175052][    T1] hdlc: HDLC support module revision 1.22
[    5.175717][    T1] LAPB Ethernet driver version 0.02
[    5.176569][    T1] usbcore: registered new interface driver ath9k_htc
[    5.177432][    T1] usbcore: registered new interface driver carl9170
[    5.178257][    T1] usbcore: registered new interface driver ath6kl_usb
[    5.179104][    T1] usbcore: registered new interface driver ar5523
[    5.180000][    T1] usbcore: registered new interface driver ath10k_usb
[    5.180891][    T1] usbcore: registered new interface driver rndis_wlan
[    5.181771][    T1] mac80211_hwsim: initializing netlink
[    5.191229][    T1] usbcore: registered new interface driver atusb
[    5.195209][    T1] mac802154_hwsim mac802154_hwsim: Added 2 mac802154 hwsim hardware radios
[    5.196638][    T1] VMware vmxnet3 virtual NIC driver - version 1.6.0.0-k-NAPI
[    5.197862][    T1] usbcore: registered new interface driver catc
[    5.198807][    T1] usbcore: registered new interface driver kaweth
[    5.199698][    T1] pegasus: Pegasus/Pegasus II USB Ethernet driver
[    5.201057][    T1] usbcore: registered new interface driver pegasus
[    5.202049][    T1] usbcore: registered new interface driver rtl8150
[    5.203041][    T1] usbcore: registered new interface driver r8152
[    5.203920][    T1] hso: drivers/net/usb/hso.c: Option Wireless
[    5.204882][    T1] usbcore: registered new interface driver hso
[    5.205849][    T1] usbcore: registered new interface driver lan78xx
[    5.206847][    T1] usbcore: registered new interface driver asix
[    5.207778][    T1] usbcore: registered new interface driver ax88179_178a
[    5.208804][    T1] usbcore: registered new interface driver cdc_ether
[    5.209810][    T1] usbcore: registered new interface driver cdc_eem
[    5.210906][    T1] usbcore: registered new interface driver dm9601
[    5.211866][    T1] usbcore: registered new interface driver sr9700
[    5.212846][    T1] usbcore: registered new interface driver CoreChips
[    5.213876][    T1] usbcore: registered new interface driver smsc75xx
[    5.214888][    T1] usbcore: registered new interface driver smsc95xx
[    5.215879][    T1] usbcore: registered new interface driver gl620a
[    5.216839][    T1] usbcore: registered new interface driver net1080
[    5.217818][    T1] usbcore: registered new interface driver plusb
[    5.218768][    T1] usbcore: registered new interface driver rndis_host
[    5.219770][    T1] usbcore: registered new interface driver cdc_subset
[    5.220800][    T1] usbcore: registered new interface driver zaurus
[    5.221762][    T1] usbcore: registered new interface driver MOSCHIP usb-ethernet driver
[    5.222977][    T1] usbcore: registered new interface driver int51x1
[    5.223942][    T1] usbcore: registered new interface driver cdc_phonet
[    5.224947][    T1] usbcore: registered new interface driver kalmia
[    5.225914][    T1] usbcore: registered new interface driver ipheth
[    5.226872][    T1] usbcore: registered new interface driver sierra_net
[    5.227876][    T1] usbcore: registered new interface driver cx82310_eth
[    5.228914][    T1] usbcore: registered new interface driver cdc_ncm
[    5.229896][    T1] usbcore: registered new interface driver huawei_cdc_ncm
[    5.230975][    T1] usbcore: registered new interface driver lg-vl600
[    5.231970][    T1] usbcore: registered new interface driver qmi_wwan
[    5.232979][    T1] usbcore: registered new interface driver cdc_mbim
[    5.233967][    T1] usbcore: registered new interface driver ch9200
[    5.237389][    T1] VFIO - User Level meta-driver version: 0.3
[    5.241172][    T1] aoe: AoE v85 initialised.
[    5.243528][    T1] ehci_hcd: USB 2.0 'Enhanced' Host Controller (EHCI) Driver
[    5.244580][    T1] ehci-pci: EHCI PCI platform driver
[    5.245403][    T1] ehci-platform: EHCI generic platform driver
[    5.246430][    T1] ohci_hcd: USB 1.1 'Open' Host Controller (OHCI) Driver
[    5.247443][    T1] ohci-pci: OHCI PCI platform driver
[    5.248301][    T1] ohci-platform: OHCI generic platform driver
[    5.249226][    T1] uhci_hcd: USB Universal Host Controller Interface driver
[    5.250860][    T1] driver u132_hcd
[    5.252544][    T1] fotg210_hcd: FOTG210 Host Controller (EHCI) Driver
[    5.253330][    T1] Warning! fotg210_hcd should always be loaded before uhci_hcd and ohci_hcd, not after
[    5.254541][    T1] SPI driver max3421-hcd has no spi_device_id for maxim,max3421
[    5.255644][    T1] usbcore: registered new interface driver cdc_acm
[    5.256397][    T1] cdc_acm: USB Abstract Control Model driver for USB modems and ISDN adapters
[    5.257500][    T1] usbcore: registered new interface driver usblp
[    5.258308][    T1] usbcore: registered new interface driver cdc_wdm
[    5.259126][    T1] usbcore: registered new interface driver usbtmc
[    5.260123][    T1] usbcore: registered new interface driver uas
[    5.261763][    T1] usbcore: registered new interface driver usb-storage
[    5.263232][    T1] usbcore: registered new interface driver ums-alauda
[    5.264222][    T1] usbcore: registered new interface driver ums-cypress
[    5.265224][    T1] usbcore: registered new interface driver ums-datafab
[    5.266182][    T1] usbcore: registered new interface driver ums_eneub6250
[    5.267042][    T1] usbcore: registered new interface driver ums-freecom
[    5.267883][    T1] usbcore: registered new interface driver ums-isd200
[    5.268715][    T1] usbcore: registered new interface driver ums-jumpshot
[    5.269569][    T1] usbcore: registered new interface driver ums-karma
[    5.270407][    T1] usbcore: registered new interface driver ums-onetouch
[    5.271311][    T1] usbcore: registered new interface driver ums-realtek
[    5.272163][    T1] usbcore: registered new interface driver ums-sddr09
[    5.273002][    T1] usbcore: registered new interface driver ums-sddr55
[    5.273840][    T1] usbcore: registered new interface driver ums-usbat
[    5.274696][    T1] usbcore: registered new interface driver mdc800
[    5.275433][    T1] mdc800: v0.7.5 (30/10/2000):USB Driver for Mustek MDC800 Digital Camera
[    5.276463][    T1] usbcore: registered new interface driver microtekX6
[    5.277397][    T1] usbcore: registered new interface driver usbserial_generic
[    5.278447][    T1] usbserial: USB Serial support registered for generic
[    5.279326][    T1] usbcore: registered new interface driver aircable
[    5.280137][    T1] usbserial: USB Serial support registered for aircable
[    5.281011][    T1] usbcore: registered new interface driver ark3116
[    5.281810][    T1] usbserial: USB Serial support registered for ark3116
[    5.282652][    T1] usbcore: registered new interface driver belkin_sa
[    5.283463][    T1] usbserial: USB Serial support registered for Belkin / Peracom / GoHubs USB Serial Adapter
[    5.284673][    T1] usbcore: registered new interface driver ch341
[    5.285452][    T1] usbserial: USB Serial support registered for ch341-uart
[    5.286331][    T1] usbcore: registered new interface driver cp210x
[    5.287112][    T1] usbserial: USB Serial support registered for cp210x
[    5.287950][    T1] usbcore: registered new interface driver cyberjack
[    5.288765][    T1] usbserial: USB Serial support registered for Reiner SCT Cyberjack USB card reader
[    5.289898][    T1] usbcore: registered new interface driver cypress_m8
[    5.290718][    T1] usbserial: USB Serial support registered for DeLorme Earthmate USB
[    5.291724][    T1] usbserial: USB Serial support registered for HID->COM RS232 Adapter
[    5.292721][    T1] usbserial: USB Serial support registered for Nokia CA-42 V2 Adapter
[    5.293758][    T1] usbcore: registered new interface driver usb_debug
[    5.294583][    T1] usbserial: USB Serial support registered for debug
[    5.295398][    T1] usbserial: USB Serial support registered for xhci_dbc
[    5.296253][    T1] usbcore: registered new interface driver digi_acceleport
[    5.297128][    T1] usbserial: USB Serial support registered for Digi 2 port USB adapter
[    5.298133][    T1] usbserial: USB Serial support registered for Digi 4 port USB adapter
[    5.299134][    T1] usbcore: registered new interface driver io_edgeport
[    5.299966][    T1] usbserial: USB Serial support registered for Edgeport 2 port adapter
[    5.300974][    T1] usbserial: USB Serial support registered for Edgeport 4 port adapter
[    5.301968][    T1] usbserial: USB Serial support registered for Edgeport 8 port adapter
[    5.302958][    T1] usbserial: USB Serial support registered for EPiC device
[    5.303848][    T1] usbcore: registered new interface driver io_ti
[    5.304617][    T1] usbserial: USB Serial support registered for Edgeport TI 1 port adapter
[    5.305646][    T1] usbserial: USB Serial support registered for Edgeport TI 2 port adapter
[    5.306720][    T1] usbcore: registered new interface driver empeg
[    5.307521][    T1] usbserial: USB Serial support registered for empeg
[    5.308383][    T1] usbcore: registered new interface driver f81534a_ctrl
[    5.309273][    T1] usbcore: registered new interface driver f81232
[    5.310083][    T1] usbserial: USB Serial support registered for f81232
[    5.310940][    T1] usbserial: USB Serial support registered for f81534a
[    5.311848][    T1] usbcore: registered new interface driver f81534
[    5.312654][    T1] usbserial: USB Serial support registered for Fintek F81532/F81534
[    5.313653][    T1] usbcore: registered new interface driver ftdi_sio
[    5.314482][    T1] usbserial: USB Serial support registered for FTDI USB Serial Device
[    5.315501][    T1] usbcore: registered new interface driver garmin_gps
[    5.316344][    T1] usbserial: USB Serial support registered for Garmin GPS usb/tty
[    5.317856][    T1] usbcore: registered new interface driver ipaq
[    5.318642][    T1] usbserial: USB Serial support registered for PocketPC PDA
[    5.319567][    T1] usbcore: registered new interface driver ipw
[    5.320346][    T1] usbserial: USB Serial support registered for IPWireless converter
[    5.321373][    T1] usbcore: registered new interface driver ir_usb
[    5.322205][    T1] usbserial: USB Serial support registered for IR Dongle
[    5.323103][    T1] usbcore: registered new interface driver iuu_phoenix
[    5.323960][    T1] usbserial: USB Serial support registered for iuu_phoenix
[    5.324882][    T1] usbcore: registered new interface driver keyspan
[    5.325700][    T1] usbserial: USB Serial support registered for Keyspan - (without firmware)
[    5.326775][    T1] usbserial: USB Serial support registered for Keyspan 1 port adapter
[    5.327793][    T1] usbserial: USB Serial support registered for Keyspan 2 port adapter
[    5.328803][    T1] usbserial: USB Serial support registered for Keyspan 4 port adapter
[    5.329836][    T1] usbcore: registered new interface driver keyspan_pda
[    5.330694][    T1] usbserial: USB Serial support registered for Keyspan PDA
[    5.331607][    T1] usbserial: USB Serial support registered for Keyspan PDA - (prerenumeration)
[    5.332733][    T1] usbcore: registered new interface driver kl5kusb105
[    5.333584][    T1] usbserial: USB Serial support registered for KL5KUSB105D / PalmConnect
[    5.334645][    T1] usbcore: registered new interface driver kobil_sct
[    5.335481][    T1] usbserial: USB Serial support registered for KOBIL USB smart card terminal
[    5.336594][    T1] usbcore: registered new interface driver mct_u232
[    5.337419][    T1] usbserial: USB Serial support registered for MCT U232
[    5.338311][    T1] usbcore: registered new interface driver metro_usb
[    5.339158][    T1] usbserial: USB Serial support registered for Metrologic USB to Serial
[    5.340212][    T1] usbcore: registered new interface driver mos7720
[    5.341089][    T1] usbserial: USB Serial support registered for Moschip 2 port adapter
[    5.342124][    T1] usbcore: registered new interface driver mos7840
[    5.342942][    T1] usbserial: USB Serial support registered for Moschip 7840/7820 USB Serial Driver
[    5.344114][    T1] usbcore: registered new interface driver mxuport
[    5.344931][    T1] usbserial: USB Serial support registered for MOXA UPort
[    5.345842][    T1] usbcore: registered new interface driver navman
[    5.346648][    T1] usbserial: USB Serial support registered for navman
[    5.347519][    T1] usbcore: registered new interface driver omninet
[    5.348337][    T1] usbserial: USB Serial support registered for ZyXEL - omni.net usb
[    5.349339][    T1] usbcore: registered new interface driver opticon
[    5.350186][    T1] usbserial: USB Serial support registered for opticon
[    5.351082][    T1] usbcore: registered new interface driver option
[    5.351880][    T1] usbserial: USB Serial support registered for GSM modem (1-port)
[    5.352870][    T1] usbcore: registered new interface driver oti6858
[    5.353685][    T1] usbserial: USB Serial support registered for oti6858
[    5.354566][    T1] usbcore: registered new interface driver pl2303
[    5.355373][    T1] usbserial: USB Serial support registered for pl2303
[    5.356265][    T1] usbcore: registered new interface driver qcaux
[    5.357060][    T1] usbserial: USB Serial support registered for qcaux
[    5.357922][    T1] usbcore: registered new interface driver qcserial
[    5.358730][    T1] usbserial: USB Serial support registered for Qualcomm USB modem
[    5.359702][    T1] usbcore: registered new interface driver quatech2
[    5.360538][    T1] usbserial: USB Serial support registered for Quatech 2nd gen USB to Serial Driver
[    5.361736][    T1] usbcore: registered new interface driver safe_serial
[    5.362603][    T1] usbserial: USB Serial support registered for safe_serial
[    5.363520][    T1] usbcore: registered new interface driver sierra
[    5.364328][    T1] usbserial: USB Serial support registered for Sierra USB modem
[    5.365293][    T1] usbcore: registered new interface driver usb_serial_simple
[    5.366209][    T1] usbserial: USB Serial support registered for carelink
[    5.367073][    T1] usbserial: USB Serial support registered for zio
[    5.367883][    T1] usbserial: USB Serial support registered for funsoft
[    5.368740][    T1] usbserial: USB Serial support registered for flashloader
[    5.369633][    T1] usbserial: USB Serial support registered for google
[    5.370483][    T1] usbserial: USB Serial support registered for libtransistor
[    5.371416][    T1] usbserial: USB Serial support registered for vivopay
[    5.372516][    T1] usbserial: USB Serial support registered for moto_modem
[    5.373395][    T1] usbserial: USB Serial support registered for motorola_tetra
[    5.374360][    T1] usbserial: USB Serial support registered for novatel_gps
[    5.375260][    T1] usbserial: USB Serial support registered for hp4x
[    5.376097][    T1] usbserial: USB Serial support registered for suunto
[    5.376946][    T1] usbserial: USB Serial support registered for siemens_mpi
[    5.377860][    T1] usbcore: registered new interface driver spcp8x5
[    5.378674][    T1] usbserial: USB Serial support registered for SPCP8x5
[    5.379548][    T1] usbcore: registered new interface driver ssu100
[    5.380358][    T1] usbserial: USB Serial support registered for Quatech SSU-100 USB to Serial Driver
[    5.381550][    T1] usbcore: registered new interface driver symbolserial
[    5.382421][    T1] usbserial: USB Serial support registered for symbol
[    5.383283][    T1] usbcore: registered new interface driver ti_usb_3410_5052
[    5.384196][    T1] usbserial: USB Serial support registered for TI USB 3410 1 port adapter
[    5.385251][    T1] usbserial: USB Serial support registered for TI USB 5052 2 port adapter
[    5.386326][    T1] usbcore: registered new interface driver upd78f0730
[    5.387172][    T1] usbserial: USB Serial support registered for upd78f0730
[    5.388072][    T1] usbcore: registered new interface driver visor
[    5.388872][    T1] usbserial: USB Serial support registered for Handspring Visor / Palm OS
[    5.389928][    T1] usbserial: USB Serial support registered for Sony Clie 5.0
[    5.390883][    T1] usbserial: USB Serial support registered for Sony Clie 3.5
[    5.391820][    T1] usbcore: registered new interface driver wishbone_serial
[    5.392712][    T1] usbserial: USB Serial support registered for wishbone_serial
[    5.393675][    T1] usbcore: registered new interface driver whiteheat
[    5.394527][    T1] usbserial: USB Serial support registered for Connect Tech - WhiteHEAT - (prerenumeration)
[    5.395766][    T1] usbserial: USB Serial support registered for Connect Tech - WhiteHEAT
[    5.396809][    T1] usbcore: registered new interface driver xr_serial
[    5.397651][    T1] usbserial: USB Serial support registered for xr_serial
[    5.398543][    T1] usbcore: registered new interface driver xsens_mt
[    5.399370][    T1] usbserial: USB Serial support registered for xsens_mt
[    5.400271][    T1] usbcore: registered new interface driver adutux
[    5.401122][    T1] usbcore: registered new interface driver appledisplay
[    5.402013][    T1] usbcore: registered new interface driver cypress_cy7c63
[    5.402925][    T1] usbcore: registered new interface driver cytherm
[    5.403758][    T1] usbcore: registered new interface driver emi26 - firmware loader
[    5.404757][    T1] usbcore: registered new interface driver emi62 - firmware loader
[    5.405684][    T1] ftdi_elan: driver ftdi-elan
[    5.406315][    T1] usbcore: registered new interface driver ftdi-elan
[    5.407175][    T1] usbcore: registered new interface driver idmouse
[    5.408004][    T1] usbcore: registered new interface driver iowarrior
[    5.408854][    T1] usbcore: registered new interface driver isight_firmware
[    5.409778][    T1] usbcore: registered new interface driver usblcd
[    5.410602][    T1] usbcore: registered new interface driver ldusb
[    5.411432][    T1] usbcore: registered new interface driver legousbtower
[    5.412337][    T1] usbcore: registered new interface driver usbtest
[    5.413177][    T1] usbcore: registered new interface driver usb_ehset_test
[    5.414086][    T1] usbcore: registered new interface driver trancevibrator
[    5.415000][    T1] usbcore: registered new interface driver uss720
[    5.415754][    T1] uss720: USB Parport Cable driver for Cables using the Lucent Technologies USS720 Chip
[    5.416902][    T1] uss720: NOTE: this is a special purpose driver to allow nonstandard
[    5.417873][    T1] uss720: protocols (eg. bitbang) over USS720 usb to parallel cables
[    5.418819][    T1] uss720: If you just want to connect to a printer, use usblp instead
[    5.419839][    T1] usbcore: registered new interface driver usbsevseg
[    5.420698][    T1] usbcore: registered new interface driver yurex
[    5.421791][    T1] usbcore: registered new interface driver chaoskey
[    5.422646][    T1] usbcore: registered new interface driver sisusb
[    5.423484][    T1] usbcore: registered new interface driver lvs
[    5.424284][    T1] usbcore: registered new interface driver cxacru
[    5.425140][    T1] usbcore: registered new interface driver speedtch
[    5.426023][    T1] usbcore: registered new interface driver ueagle-atm
[    5.426829][    T1] xusbatm: malformed module parameters
[    5.428247][    T1] dummy_hcd dummy_hcd.0: USB Host+Gadget Emulator, driver 02 May 2005
[    5.429237][    T1] dummy_hcd dummy_hcd.0: Dummy host controller
[    5.431765][    T1] dummy_hcd dummy_hcd.0: new USB bus registered, assigned bus number 1
[    5.433041][  T962] ata2.00: ATAPI: QEMU DVD-ROM, 2.5+, max UDMA/100
[    5.433499][    T1] usb usb1: New USB device found, idVendor=1d6b, idProduct=0002, bcdDevice= 5.15
[    5.435146][    T1] usb usb1: New USB device strings: Mfr=3, Product=2, SerialNumber=1
[    5.436144][    T1] usb usb1: Product: Dummy host controller
[    5.436441][    T8] scsi 1:0:0:0: CD-ROM            QEMU     QEMU DVD-ROM     2.5+ PQ: 0 ANSI: 5
[    5.436874][    T1] usb usb1: Manufacturer: Linux 5.15.0-rc4-next-20211011+ dummy_hcd
[    5.439025][    T1] usb usb1: SerialNumber: dummy_hcd.0
[    5.441971][    T1] hub 1-0:1.0: USB hub found
[    5.442768][    T1] hub 1-0:1.0: 1 port detected
[    5.446609][    T1] gadgetfs: USB Gadget filesystem, version 24 Aug 2004
[    5.448972][    T1] vhci_hcd vhci_hcd.0: USB/IP Virtual Host Controller
[    5.450658][    T1] vhci_hcd vhci_hcd.0: new USB bus registered, assigned bus number 2
[    5.451807][    T1] vhci_hcd: created sysfs vhci_hcd.0
[    5.453009][    T1] usb usb2: New USB device found, idVendor=1d6b, idProduct=0002, bcdDevice= 5.15
[    5.454095][    T1] usb usb2: New USB device strings: Mfr=3, Product=2, SerialNumber=1
[    5.455040][    T1] usb usb2: Product: USB/IP Virtual Host Controller
[    5.455831][    T1] usb usb2: Manufacturer: Linux 5.15.0-rc4-next-20211011+ vhci_hcd
[    5.456775][    T1] usb usb2: SerialNumber: vhci_hcd.0
[    5.458496][    T1] hub 2-0:1.0: USB hub found
[    5.459151][    T1] hub 2-0:1.0: 8 ports detected
[    5.463867][    T1] vhci_hcd vhci_hcd.0: USB/IP Virtual Host Controller
[    5.465344][    T1] vhci_hcd vhci_hcd.0: new USB bus registered, assigned bus number 3
[    5.466492][    T1] usb usb3: We don't know the algorithms for LPM for this host, disabling LPM.
[    5.467892][    T1] usb usb3: New USB device found, idVendor=1d6b, idProduct=0003, bcdDevice= 5.15
[    5.468970][    T1] usb usb3: New USB device strings: Mfr=3, Product=2, SerialNumber=1
[    5.469926][    T1] usb usb3: Product: USB/IP Virtual Host Controller
[    5.470713][    T1] usb usb3: Manufacturer: Linux 5.15.0-rc4-next-20211011+ vhci_hcd
[    5.471693][    T1] usb usb3: SerialNumber: vhci_hcd.0
[    5.473336][    T1] hub 3-0:1.0: USB hub found
[    5.474019][    T1] hub 3-0:1.0: 8 ports detected
[    5.477339][    T1] vhci_hcd vhci_hcd.1: USB/IP Virtual Host Controller
[    5.479114][    T1] vhci_hcd vhci_hcd.1: new USB bus registered, assigned bus number 4
[    5.480454][    T1] usb usb4: New USB device found, idVendor=1d6b, idProduct=0002, bcdDevice= 5.15
[    5.482673][    T1] usb usb4: New USB device strings: Mfr=3, Product=2, SerialNumber=1
[    5.483633][    T1] usb usb4: Product: USB/IP Virtual Host Controller
[    5.484410][    T1] usb usb4: Manufacturer: Linux 5.15.0-rc4-next-20211011+ vhci_hcd
[    5.485342][    T1] usb usb4: SerialNumber: vhci_hcd.1
[    5.487298][    T1] hub 4-0:1.0: USB hub found
[    5.488020][    T1] hub 4-0:1.0: 8 ports detected
[    5.491200][    T1] vhci_hcd vhci_hcd.1: USB/IP Virtual Host Controller
[    5.492933][    T1] vhci_hcd vhci_hcd.1: new USB bus registered, assigned bus number 5
[    5.494429][    T1] usb usb5: We don't know the algorithms for LPM for this host, disabling LPM.
[    5.496131][    T8] sr 1:0:0:0: [sr0] scsi3-mmc drive: 4x/4x cd/rw xa/form2 tray
[    5.496388][    T1] usb usb5: New USB device found, idVendor=1d6b, idProduct=0003, bcdDevice= 5.15
[    5.497074][    T8] cdrom: Uniform CD-ROM driver Revision: 3.20
[    5.498145][    T1] usb usb5: New USB device strings: Mfr=3, Product=2, SerialNumber=1
[    5.499920][    T1] usb usb5: Product: USB/IP Virtual Host Controller
[    5.500699][    T1] usb usb5: Manufacturer: Linux 5.15.0-rc4-next-20211011+ vhci_hcd
[    5.501763][    T1] usb usb5: SerialNumber: vhci_hcd.1
[    5.503428][    T1] hub 5-0:1.0: USB hub found
[    5.504060][    T1] hub 5-0:1.0: 8 ports detected
[    5.507269][    T1] vhci_hcd vhci_hcd.2: USB/IP Virtual Host Controller
[    5.508988][    T1] vhci_hcd vhci_hcd.2: new USB bus registered, assigned bus number 6
[    5.510323][    T1] usb usb6: New USB device found, idVendor=1d6b, idProduct=0002, bcdDevice= 5.15
[    5.512307][    T1] usb usb6: New USB device strings: Mfr=3, Product=2, SerialNumber=1
[    5.513271][    T1] usb usb6: Product: USB/IP Virtual Host Controller
[    5.514062][    T1] usb usb6: Manufacturer: Linux 5.15.0-rc4-next-20211011+ vhci_hcd
[    5.514995][    T1] usb usb6: SerialNumber: vhci_hcd.2
[    5.516701][    T1] hub 6-0:1.0: USB hub found
[    5.517367][    T1] hub 6-0:1.0: 8 ports detected
[    5.520173][    T1] vhci_hcd vhci_hcd.2: USB/IP Virtual Host Controller
[    5.521595][    T1] vhci_hcd vhci_hcd.2: new USB bus registered, assigned bus number 7
[    5.522714][    T1] usb usb7: We don't know the algorithms for LPM for this host, disabling LPM.
[    5.524093][    T1] usb usb7: New USB device found, idVendor=1d6b, idProduct=0003, bcdDevice= 5.15
[    5.525177][    T1] usb usb7: New USB device strings: Mfr=3, Product=2, SerialNumber=1
[    5.526180][    T1] usb usb7: Product: USB/IP Virtual Host Controller
[    5.526962][    T1] usb usb7: Manufacturer: Linux 5.15.0-rc4-next-20211011+ vhci_hcd
[    5.527897][    T1] usb usb7: SerialNumber: vhci_hcd.2
[    5.529471][    T1] hub 7-0:1.0: USB hub found
[    5.530482][    T1] hub 7-0:1.0: 8 ports detected
[    5.535782][    T1] vhci_hcd vhci_hcd.3: USB/IP Virtual Host Controller
[    5.537505][    T1] vhci_hcd vhci_hcd.3: new USB bus registered, assigned bus number 8
[    5.538856][    T1] usb usb8: New USB device found, idVendor=1d6b, idProduct=0002, bcdDevice= 5.15
[    5.539935][    T1] usb usb8: New USB device strings: Mfr=3, Product=2, SerialNumber=1
[    5.540911][    T1] usb usb8: Product: USB/IP Virtual Host Controller
[    5.541689][    T1] usb usb8: Manufacturer: Linux 5.15.0-rc4-next-20211011+ vhci_hcd
[    5.542620][    T1] usb usb8: SerialNumber: vhci_hcd.3
[    5.544372][    T1] hub 8-0:1.0: USB hub found
[    5.544999][    T1] hub 8-0:1.0: 8 ports detected
[    5.547755][    T1] vhci_hcd vhci_hcd.3: USB/IP Virtual Host Controller
[    5.548853][    T1] vhci_hcd vhci_hcd.3: new USB bus registered, assigned bus number 9
[    5.550023][    T1] usb usb9: We don't know the algorithms for LPM for this host, disabling LPM.
[    5.551857][    T1] usb usb9: New USB device found, idVendor=1d6b, idProduct=0003, bcdDevice= 5.15
[    5.552947][    T1] usb usb9: New USB device strings: Mfr=3, Product=2, SerialNumber=1
[    5.553915][    T1] usb usb9: Product: USB/IP Virtual Host Controller
[    5.554699][    T1] usb usb9: Manufacturer: Linux 5.15.0-rc4-next-20211011+ vhci_hcd
[    5.555640][    T1] usb usb9: SerialNumber: vhci_hcd.3
[    5.557251][    T1] hub 9-0:1.0: USB hub found
[    5.557899][    T1] hub 9-0:1.0: 8 ports detected
[    5.561219][    T1] vhci_hcd vhci_hcd.4: USB/IP Virtual Host Controller
[    5.562254][    T8] sr 1:0:0:0: Attached scsi generic sg0 type 5
[    5.563473][    T1] vhci_hcd vhci_hcd.4: new USB bus registered, assigned bus number 10
[    5.564847][    T1] usb usb10: New USB device found, idVendor=1d6b, idProduct=0002, bcdDevice= 5.15
[    5.565950][    T1] usb usb10: New USB device strings: Mfr=3, Product=2, SerialNumber=1
[    5.566918][    T1] usb usb10: Product: USB/IP Virtual Host Controller
[    5.567708][    T1] usb usb10: Manufacturer: Linux 5.15.0-rc4-next-20211011+ vhci_hcd
[    5.568654][    T1] usb usb10: SerialNumber: vhci_hcd.4
[    5.570245][    T1] hub 10-0:1.0: USB hub found
[    5.571248][    T1] hub 10-0:1.0: 8 ports detected
[    5.574012][    T1] vhci_hcd vhci_hcd.4: USB/IP Virtual Host Controller
[    5.575105][    T1] vhci_hcd vhci_hcd.4: new USB bus registered, assigned bus number 11
[    5.576244][    T1] usb usb11: We don't know the algorithms for LPM for this host, disabling LPM.
[    5.577624][    T1] usb usb11: New USB device found, idVendor=1d6b, idProduct=0003, bcdDevice= 5.15
[    5.578717][    T1] usb usb11: New USB device strings: Mfr=3, Product=2, SerialNumber=1
[    5.579678][    T1] usb usb11: Product: USB/IP Virtual Host Controller
[    5.580464][    T1] usb usb11: Manufacturer: Linux 5.15.0-rc4-next-20211011+ vhci_hcd
[    5.581450][    T1] usb usb11: SerialNumber: vhci_hcd.4
[    5.583038][    T1] hub 11-0:1.0: USB hub found
[    5.583672][    T1] hub 11-0:1.0: 8 ports detected
[    5.586910][    T1] vhci_hcd vhci_hcd.5: USB/IP Virtual Host Controller
[    5.588590][    T1] vhci_hcd vhci_hcd.5: new USB bus registered, assigned bus number 12
[    5.589944][    T1] usb usb12: New USB device found, idVendor=1d6b, idProduct=0002, bcdDevice= 5.15
[    5.591091][    T1] usb usb12: New USB device strings: Mfr=3, Product=2, SerialNumber=1
[    5.592070][    T1] usb usb12: Product: USB/IP Virtual Host Controller
[    5.592866][    T1] usb usb12: Manufacturer: Linux 5.15.0-rc4-next-20211011+ vhci_hcd
[    5.593818][    T1] usb usb12: SerialNumber: vhci_hcd.5
[    5.595479][    T1] hub 12-0:1.0: USB hub found
[    5.596192][    T1] hub 12-0:1.0: 8 ports detected
[    5.598983][    T1] vhci_hcd vhci_hcd.5: USB/IP Virtual Host Controller
[    5.600074][    T1] vhci_hcd vhci_hcd.5: new USB bus registered, assigned bus number 13
[    5.602002][    T1] usb usb13: We don't know the algorithms for LPM for this host, disabling LPM.
[    5.603387][    T1] usb usb13: New USB device found, idVendor=1d6b, idProduct=0003, bcdDevice= 5.15
[    5.604486][    T1] usb usb13: New USB device strings: Mfr=3, Product=2, SerialNumber=1
[    5.605462][    T1] usb usb13: Product: USB/IP Virtual Host Controller
[    5.606262][    T1] usb usb13: Manufacturer: Linux 5.15.0-rc4-next-20211011+ vhci_hcd
[    5.607206][    T1] usb usb13: SerialNumber: vhci_hcd.5
[    5.608767][    T1] hub 13-0:1.0: USB hub found
[    5.609405][    T1] hub 13-0:1.0: 8 ports detected
[    5.612741][    T1] vhci_hcd vhci_hcd.6: USB/IP Virtual Host Controller
[    5.614427][    T1] vhci_hcd vhci_hcd.6: new USB bus registered, assigned bus number 14
[    5.615765][    T1] usb usb14: New USB device found, idVendor=1d6b, idProduct=0002, bcdDevice= 5.15
[    5.616864][    T1] usb usb14: New USB device strings: Mfr=3, Product=2, SerialNumber=1
[    5.617861][    T1] usb usb14: Product: USB/IP Virtual Host Controller
[    5.618662][    T1] usb usb14: Manufacturer: Linux 5.15.0-rc4-next-20211011+ vhci_hcd
[    5.619615][    T1] usb usb14: SerialNumber: vhci_hcd.6
[    5.621444][    T1] hub 14-0:1.0: USB hub found
[    5.622101][    T1] hub 14-0:1.0: 8 ports detected
[    5.624858][    T1] vhci_hcd vhci_hcd.6: USB/IP Virtual Host Controller
[    5.625950][    T1] vhci_hcd vhci_hcd.6: new USB bus registered, assigned bus number 15
[    5.627096][    T1] usb usb15: We don't know the algorithms for LPM for this host, disabling LPM.
[    5.628480][    T1] usb usb15: New USB device found, idVendor=1d6b, idProduct=0003, bcdDevice= 5.15
[    5.629571][    T1] usb usb15: New USB device strings: Mfr=3, Product=2, SerialNumber=1
[    5.630538][    T1] usb usb15: Product: USB/IP Virtual Host Controller
[    5.631453][    T1] usb usb15: Manufacturer: Linux 5.15.0-rc4-next-20211011+ vhci_hcd
[    5.632398][    T1] usb usb15: SerialNumber: vhci_hcd.6
[    5.633989][    T1] hub 15-0:1.0: USB hub found
[    5.634631][    T1] hub 15-0:1.0: 8 ports detected
[    5.637852][    T1] vhci_hcd vhci_hcd.7: USB/IP Virtual Host Controller
[    5.639545][    T1] vhci_hcd vhci_hcd.7: new USB bus registered, assigned bus number 16
[    5.640917][    T1] usb usb16: New USB device found, idVendor=1d6b, idProduct=0002, bcdDevice= 5.15
[    5.642014][    T1] usb usb16: New USB device strings: Mfr=3, Product=2, SerialNumber=1
[    5.642989][    T1] usb usb16: Product: USB/IP Virtual Host Controller
[    5.643782][    T1] usb usb16: Manufacturer: Linux 5.15.0-rc4-next-20211011+ vhci_hcd
[    5.644735][    T1] usb usb16: SerialNumber: vhci_hcd.7
[    5.646339][    T1] hub 16-0:1.0: USB hub found
[    5.646984][    T1] hub 16-0:1.0: 8 ports detected
[    5.649748][    T1] vhci_hcd vhci_hcd.7: USB/IP Virtual Host Controller
[    5.651195][    T1] vhci_hcd vhci_hcd.7: new USB bus registered, assigned bus number 17
[    5.652350][    T1] usb usb17: We don't know the algorithms for LPM for this host, disabling LPM.
[    5.653727][    T1] usb usb17: New USB device found, idVendor=1d6b, idProduct=0003, bcdDevice= 5.15
[    5.654826][    T1] usb usb17: New USB device strings: Mfr=3, Product=2, SerialNumber=1
[    5.655795][    T1] usb usb17: Product: USB/IP Virtual Host Controller
[    5.656583][    T1] usb usb17: Manufacturer: Linux 5.15.0-rc4-next-20211011+ vhci_hcd
[    5.657531][    T1] usb usb17: SerialNumber: vhci_hcd.7
[    5.659113][    T1] hub 17-0:1.0: USB hub found
[    5.659749][    T1] hub 17-0:1.0: 8 ports detected
[    5.663012][    T1] vhci_hcd vhci_hcd.8: USB/IP Virtual Host Controller
[    5.664696][    T1] vhci_hcd vhci_hcd.8: new USB bus registered, assigned bus number 18
[    5.666046][    T1] usb usb18: New USB device found, idVendor=1d6b, idProduct=0002, bcdDevice= 5.15
[    5.667128][    T1] usb usb18: New USB device strings: Mfr=3, Product=2, SerialNumber=1
[    5.668082][    T1] usb usb18: Product: USB/IP Virtual Host Controller
[    5.668873][    T1] usb usb18: Manufacturer: Linux 5.15.0-rc4-next-20211011+ vhci_hcd
[    5.669821][    T1] usb usb18: SerialNumber: vhci_hcd.8
[    5.672533][    T1] hub 18-0:1.0: USB hub found
[    5.673171][    T1] hub 18-0:1.0: 8 ports detected
[    5.675925][    T1] vhci_hcd vhci_hcd.8: USB/IP Virtual Host Controller
[    5.677014][    T1] vhci_hcd vhci_hcd.8: new USB bus registered, assigned bus number 19
[    5.678164][    T1] usb usb19: We don't know the algorithms for LPM for this host, disabling LPM.
[    5.679540][    T1] usb usb19: New USB device found, idVendor=1d6b, idProduct=0003, bcdDevice= 5.15
[    5.680629][    T1] usb usb19: New USB device strings: Mfr=3, Product=2, SerialNumber=1
[    5.682167][    T1] usb usb19: Product: USB/IP Virtual Host Controller
[    5.682959][    T1] usb usb19: Manufacturer: Linux 5.15.0-rc4-next-20211011+ vhci_hcd
[    5.683896][    T1] usb usb19: SerialNumber: vhci_hcd.8
[    5.685471][    T1] hub 19-0:1.0: USB hub found
[    5.686127][    T1] hub 19-0:1.0: 8 ports detected
[    5.689355][    T1] vhci_hcd vhci_hcd.9: USB/IP Virtual Host Controller
[    5.690865][    T1] vhci_hcd vhci_hcd.9: new USB bus registered, assigned bus number 20
[    5.692255][    T1] usb usb20: New USB device found, idVendor=1d6b, idProduct=0002, bcdDevice= 5.15
[    5.693350][    T1] usb usb20: New USB device strings: Mfr=3, Product=2, SerialNumber=1
[    5.694328][    T1] usb usb20: Product: USB/IP Virtual Host Controller
[    5.695121][    T1] usb usb20: Manufacturer: Linux 5.15.0-rc4-next-20211011+ vhci_hcd
[    5.696069][    T1] usb usb20: SerialNumber: vhci_hcd.9
[    5.697744][    T1] hub 20-0:1.0: USB hub found
[    5.698405][    T1] hub 20-0:1.0: 8 ports detected
[    5.701427][    T1] vhci_hcd vhci_hcd.9: USB/IP Virtual Host Controller
[    5.702819][    T1] vhci_hcd vhci_hcd.9: new USB bus registered, assigned bus number 21
[    5.703976][    T1] usb usb21: We don't know the algorithms for LPM for this host, disabling LPM.
[    5.705356][    T1] usb usb21: New USB device found, idVendor=1d6b, idProduct=0003, bcdDevice= 5.15
[    5.706449][    T1] usb usb21: New USB device strings: Mfr=3, Product=2, SerialNumber=1
[    5.707420][    T1] usb usb21: Product: USB/IP Virtual Host Controller
[    5.708212][    T1] usb usb21: Manufacturer: Linux 5.15.0-rc4-next-20211011+ vhci_hcd
[    5.709162][    T1] usb usb21: SerialNumber: vhci_hcd.9
[    5.710870][    T1] hub 21-0:1.0: USB hub found
[    5.711582][    T1] hub 21-0:1.0: 8 ports detected
[    5.714838][    T1] vhci_hcd vhci_hcd.10: USB/IP Virtual Host Controller
[    5.716549][    T1] vhci_hcd vhci_hcd.10: new USB bus registered, assigned bus number 22
[    5.717914][    T1] usb usb22: New USB device found, idVendor=1d6b, idProduct=0002, bcdDevice= 5.15
[    5.719015][    T1] usb usb22: New USB device strings: Mfr=3, Product=2, SerialNumber=1
[    5.719986][    T1] usb usb22: Product: USB/IP Virtual Host Controller
[    5.721208][    T1] usb usb22: Manufacturer: Linux 5.15.0-rc4-next-20211011+ vhci_hcd
[    5.722164][    T1] usb usb22: SerialNumber: vhci_hcd.10
[    5.723748][    T1] hub 22-0:1.0: USB hub found
[    5.724394][    T1] hub 22-0:1.0: 8 ports detected
[    5.727169][    T1] vhci_hcd vhci_hcd.10: USB/IP Virtual Host Controller
[    5.728269][    T1] vhci_hcd vhci_hcd.10: new USB bus registered, assigned bus number 23
[    5.729431][    T1] usb usb23: We don't know the algorithms for LPM for this host, disabling LPM.
[    5.730852][    T1] usb usb23: New USB device found, idVendor=1d6b, idProduct=0003, bcdDevice= 5.15
[    5.731946][    T1] usb usb23: New USB device strings: Mfr=3, Product=2, SerialNumber=1
[    5.732912][    T1] usb usb23: Product: USB/IP Virtual Host Controller
[    5.733703][    T1] usb usb23: Manufacturer: Linux 5.15.0-rc4-next-20211011+ vhci_hcd
[    5.734654][    T1] usb usb23: SerialNumber: vhci_hcd.10
[    5.736261][    T1] hub 23-0:1.0: USB hub found
[    5.736904][    T1] hub 23-0:1.0: 8 ports detected
[    5.740137][    T1] vhci_hcd vhci_hcd.11: USB/IP Virtual Host Controller
[    5.742113][    T1] vhci_hcd vhci_hcd.11: new USB bus registered, assigned bus number 24
[    5.743470][    T1] usb usb24: New USB device found, idVendor=1d6b, idProduct=0002, bcdDevice= 5.15
[    5.744566][    T1] usb usb24: New USB device strings: Mfr=3, Product=2, SerialNumber=1
[    5.745532][    T1] usb usb24: Product: USB/IP Virtual Host Controller
[    5.746338][    T1] usb usb24: Manufacturer: Linux 5.15.0-rc4-next-20211011+ vhci_hcd
[    5.747288][    T1] usb usb24: SerialNumber: vhci_hcd.11
[    5.748889][    T1] hub 24-0:1.0: USB hub found
[    5.749530][    T1] hub 24-0:1.0: 8 ports detected
[    5.752756][    T1] vhci_hcd vhci_hcd.11: USB/IP Virtual Host Controller
[    5.753880][    T1] vhci_hcd vhci_hcd.11: new USB bus registered, assigned bus number 25
[    5.755038][    T1] usb usb25: We don't know the algorithms for LPM for this host, disabling LPM.
[    5.756425][    T1] usb usb25: New USB device found, idVendor=1d6b, idProduct=0003, bcdDevice= 5.15
[    5.757520][    T1] usb usb25: New USB device strings: Mfr=3, Product=2, SerialNumber=1
[    5.758493][    T1] usb usb25: Product: USB/IP Virtual Host Controller
[    5.759285][    T1] usb usb25: Manufacturer: Linux 5.15.0-rc4-next-20211011+ vhci_hcd
[    5.760228][    T1] usb usb25: SerialNumber: vhci_hcd.11
[    5.762210][    T1] hub 25-0:1.0: USB hub found
[    5.762852][    T1] hub 25-0:1.0: 8 ports detected
[    5.766119][    T1] vhci_hcd vhci_hcd.12: USB/IP Virtual Host Controller
[    5.767848][    T1] vhci_hcd vhci_hcd.12: new USB bus registered, assigned bus number 26
[    5.769226][    T1] usb usb26: New USB device found, idVendor=1d6b, idProduct=0002, bcdDevice= 5.15
[    5.770329][    T1] usb usb26: New USB device strings: Mfr=3, Product=2, SerialNumber=1
[    5.771492][    T1] usb usb26: Product: USB/IP Virtual Host Controller
[    5.772290][    T1] usb usb26: Manufacturer: Linux 5.15.0-rc4-next-20211011+ vhci_hcd
[    5.773240][    T1] usb usb26: SerialNumber: vhci_hcd.12
[    5.774871][    T1] hub 26-0:1.0: USB hub found
[    5.775513][    T1] hub 26-0:1.0: 8 ports detected
[    5.778296][    T1] vhci_hcd vhci_hcd.12: USB/IP Virtual Host Controller
[    5.779407][    T1] vhci_hcd vhci_hcd.12: new USB bus registered, assigned bus number 27
[    5.780587][    T1] usb usb27: We don't know the algorithms for LPM for this host, disabling LPM.
[    5.782597][    T1] usb usb27: New USB device found, idVendor=1d6b, idProduct=0003, bcdDevice= 5.15
[    5.783696][    T1] usb usb27: New USB device strings: Mfr=3, Product=2, SerialNumber=1
[    5.784664][    T1] usb usb27: Product: USB/IP Virtual Host Controller
[    5.785456][    T1] usb usb27: Manufacturer: Linux 5.15.0-rc4-next-20211011+ vhci_hcd
[    5.786408][    T1] usb usb27: SerialNumber: vhci_hcd.12
[    5.788020][    T1] hub 27-0:1.0: USB hub found
[    5.788663][    T1] hub 27-0:1.0: 8 ports detected
[    5.791931][    T1] vhci_hcd vhci_hcd.13: USB/IP Virtual Host Controller
[    5.793639][    T1] vhci_hcd vhci_hcd.13: new USB bus registered, assigned bus number 28
[    5.794997][    T1] usb usb28: New USB device found, idVendor=1d6b, idProduct=0002, bcdDevice= 5.15
[    5.796094][    T1] usb usb28: New USB device strings: Mfr=3, Product=2, SerialNumber=1
[    5.797065][    T1] usb usb28: Product: USB/IP Virtual Host Controller
[    5.797859][    T1] usb usb28: Manufacturer: Linux 5.15.0-rc4-next-20211011+ vhci_hcd
[    5.798799][    T1] usb usb28: SerialNumber: vhci_hcd.13
[    5.800368][    T1] hub 28-0:1.0: USB hub found
[    5.801035][    T1] hub 28-0:1.0: 8 ports detected
[    5.803806][    T1] vhci_hcd vhci_hcd.13: USB/IP Virtual Host Controller
[    5.805013][    T1] vhci_hcd vhci_hcd.13: new USB bus registered, assigned bus number 29
[    5.806162][    T1] usb usb29: We don't know the algorithms for LPM for this host, disabling LPM.
[    5.807544][    T1] usb usb29: New USB device found, idVendor=1d6b, idProduct=0003, bcdDevice= 5.15
[    5.808646][    T1] usb usb29: New USB device strings: Mfr=3, Product=2, SerialNumber=1
[    5.809614][    T1] usb usb29: Product: USB/IP Virtual Host Controller
[    5.810411][    T1] usb usb29: Manufacturer: Linux 5.15.0-rc4-next-20211011+ vhci_hcd
[    5.811505][    T1] usb usb29: SerialNumber: vhci_hcd.13
[    5.813191][    T1] hub 29-0:1.0: USB hub found
[    5.813865][    T1] hub 29-0:1.0: 8 ports detected
[    5.817074][    T1] vhci_hcd vhci_hcd.14: USB/IP Virtual Host Controller
[    5.818780][    T1] vhci_hcd vhci_hcd.14: new USB bus registered, assigned bus number 30
[    5.820151][    T1] usb usb30: New USB device found, idVendor=1d6b, idProduct=0002, bcdDevice= 5.15
[    5.821305][    T1] usb usb30: New USB device strings: Mfr=3, Product=2, SerialNumber=1
[    5.822278][    T1] usb usb30: Product: USB/IP Virtual Host Controller
[    5.823071][    T1] usb usb30: Manufacturer: Linux 5.15.0-rc4-next-20211011+ vhci_hcd
[    5.824018][    T1] usb usb30: SerialNumber: vhci_hcd.14
[    5.825594][    T1] hub 30-0:1.0: USB hub found
[    5.826240][    T1] hub 30-0:1.0: 8 ports detected
[    5.829092][    T1] vhci_hcd vhci_hcd.14: USB/IP Virtual Host Controller
[    5.830208][    T1] vhci_hcd vhci_hcd.14: new USB bus registered, assigned bus number 31
[    5.831471][    T1] usb usb31: We don't know the algorithms for LPM for this host, disabling LPM.
[    5.832877][    T1] usb usb31: New USB device found, idVendor=1d6b, idProduct=0003, bcdDevice= 5.15
[    5.833985][    T1] usb usb31: New USB device strings: Mfr=3, Product=2, SerialNumber=1
[    5.834956][    T1] usb usb31: Product: USB/IP Virtual Host Controller
[    5.835748][    T1] usb usb31: Manufacturer: Linux 5.15.0-rc4-next-20211011+ vhci_hcd
[    5.836695][    T1] usb usb31: SerialNumber: vhci_hcd.14
[    5.838592][    T1] hub 31-0:1.0: USB hub found
[    5.839242][    T1] hub 31-0:1.0: 8 ports detected
[    5.842522][    T1] vhci_hcd vhci_hcd.15: USB/IP Virtual Host Controller
[    5.844258][    T1] vhci_hcd vhci_hcd.15: new USB bus registered, assigned bus number 32
[    5.845635][    T1] usb usb32: New USB device found, idVendor=1d6b, idProduct=0002, bcdDevice= 5.15
[    5.846741][    T1] usb usb32: New USB device strings: Mfr=3, Product=2, SerialNumber=1
[    5.847712][    T1] usb usb32: Product: USB/IP Virtual Host Controller
[    5.848508][    T1] usb usb32: Manufacturer: Linux 5.15.0-rc4-next-20211011+ vhci_hcd
[    5.849456][    T1] usb usb32: SerialNumber: vhci_hcd.15
[    5.851642][    T1] hub 32-0:1.0: USB hub found
[    5.852288][    T1] hub 32-0:1.0: 8 ports detected
[    5.855086][    T1] vhci_hcd vhci_hcd.15: USB/IP Virtual Host Controller
[    5.856211][    T1] vhci_hcd vhci_hcd.15: new USB bus registered, assigned bus number 33
[    5.857376][    T1] usb usb33: We don't know the algorithms for LPM for this host, disabling LPM.
[    5.858781][    T1] usb usb33: New USB device found, idVendor=1d6b, idProduct=0003, bcdDevice= 5.15
[    5.859877][    T1] usb usb33: New USB device strings: Mfr=3, Product=2, SerialNumber=1
[    5.861147][    T1] usb usb33: Product: USB/IP Virtual Host Controller
[    5.861953][    T1] usb usb33: Manufacturer: Linux 5.15.0-rc4-next-20211011+ vhci_hcd
[    5.863007][    T1] usb usb33: SerialNumber: vhci_hcd.15
[    5.864716][    T1] hub 33-0:1.0: USB hub found
[    5.865356][    T1] hub 33-0:1.0: 8 ports detected
[    5.868755][    T1] usbcore: registered new device driver usbip-host
[    5.870646][    T1] i8042: PNP: PS/2 Controller [PNP0303:KBD,PNP0f13:MOU] at 0x60,0x64 irq 1,12
[    5.872749][    T1] serio: i8042 KBD port at 0x60,0x64 irq 1
[    5.873509][    T1] serio: i8042 AUX port at 0x60,0x64 irq 12
[    5.875560][    T1] mousedev: PS/2 mouse device common for all mice
[    5.877325][    T1] usbcore: registered new interface driver appletouch
[    5.878317][    T1] usbcore: registered new interface driver bcm5974
[    5.879399][    T1] usbcore: registered new interface driver synaptics_usb
[    5.880383][    T1] usbcore: registered new interface driver iforce
[    5.881564][    T1] usbcore: registered new interface driver xpad
[    5.882428][    T1] usbcore: registered new interface driver usb_acecad
[    5.883352][    T1] usbcore: registered new interface driver aiptek
[    5.884221][    T1] usbcore: registered new interface driver hanwang
[    5.885102][    T1] usbcore: registered new interface driver kbtab
[    5.885978][    T1] usbcore: registered new interface driver pegasus_notetaker
[    5.887024][    T1] usbcore: registered new interface driver usbtouchscreen
[    5.887996][    T1] usbcore: registered new interface driver sur40
[    5.888872][    T1] usbcore: registered new interface driver ati_remote2
[    5.889683][    T1] cm109: Keymap for Komunikate KIP1000 phone loaded
[    5.890608][    T1] usbcore: registered new interface driver cm109
[    5.891384][    T1] cm109: CM109 phone driver: 20080805 (C) Alfred E. Heggestad
[    5.892380][    T1] usbcore: registered new interface driver ims_pcu
[    5.893311][    T1] usbcore: registered new interface driver keyspan_remote
[    5.894265][    T1] usbcore: registered new interface driver powermate
[    5.895419][    T1] usbcore: registered new interface driver yealink
[    5.896408][    T7] input: AT Translated Set 2 keyboard as /devices/platform/i8042/serio0/input/input1
[    5.896935][    T1] rtc_cmos 00:05: RTC can wake from S4
[    5.901814][    T1] rtc_cmos 00:05: registered as rtc0
[    5.902553][    T1] rtc_cmos 00:05: alarms up to one day, y3k, 242 bytes nvram, hpet irqs
[    5.903801][    T1] i2c_dev: i2c /dev entries driver
[    5.904773][    T1] usbcore: registered new interface driver i2c-diolan-u2c
[    5.905893][    T1] usbcore: registered new interface driver RobotFuzz Open Source InterFace, OSIF
[    5.907146][    T1] usbcore: registered new interface driver i2c-tiny-usb
[    5.908772][    T1] usbcore: registered new interface driver ati_remote
[    5.909865][    T1] usbcore: registered new interface driver imon
[    5.910898][    T1] usbcore: registered new interface driver mceusb
[    5.911899][    T1] usbcore: registered new interface driver redrat3
[    5.912905][    T1] usbcore: registered new interface driver streamzap
[    5.913897][    T1] usbcore: registered new interface driver igorplugusb
[    5.915008][    T1] usbcore: registered new interface driver iguanair
[    5.915972][    T1] usbcore: registered new interface driver ttusbir
[    5.917022][    T1] b2c2-flexcop: B2C2 FlexcopII/II(b)/III digital TV receiver chip loaded successfully
[    5.918495][    T1] usbcore: registered new interface driver ttusb-dec
[    5.919434][    T1] usbcore: registered new interface driver ttusb
[    5.920325][    T1] usbcore: registered new interface driver dvb_usb_vp7045
[    5.921321][    T1] usbcore: registered new interface driver dvb_usb_vp702x
[    5.922306][    T1] usbcore: registered new interface driver dvb_usb_gp8psk
[    5.923291][    T1] usbcore: registered new interface driver dvb_usb_dtt200u
[    5.924275][    T1] usbcore: registered new interface driver dvb_usb_a800
[    5.925260][    T1] usbcore: registered new interface driver dvb_usb_dibusb_mb
[    5.926294][    T1] usbcore: registered new interface driver dvb_usb_dibusb_mc
[    5.927300][    T1] usbcore: registered new interface driver dvb_usb_nova_t_usb2
[    5.928329][    T1] usbcore: registered new interface driver dvb_usb_umt_010
[    5.929330][    T1] usbcore: registered new interface driver dvb_usb_m920x
[    5.930325][    T1] usbcore: registered new interface driver dvb_usb_digitv
[    5.931346][    T1] usbcore: registered new interface driver dvb_usb_cxusb
[    5.932321][    T1] usbcore: registered new interface driver dvb_usb_ttusb2
[    5.933400][    T1] usbcore: registered new interface driver dvb_usb_dib0700
[    5.934397][    T1] usbcore: registered new interface driver opera1
[    5.935308][    T1] usbcore: registered new interface driver dvb_usb_af9005
[    5.936295][    T1] usbcore: registered new interface driver pctv452e
[    5.937239][    T1] usbcore: registered new interface driver dw2102
[    5.938140][    T1] usbcore: registered new interface driver dvb_usb_dtv5100
[    5.939129][    T1] usbcore: registered new interface driver cinergyT2
[    5.940086][    T1] usbcore: registered new interface driver dvb_usb_az6027
[    5.941081][    T1] usbcore: registered new interface driver dvb_usb_technisat_usb2
[    5.942193][    T1] usbcore: registered new interface driver dvb_usb_af9015
[    5.943220][    T1] usbcore: registered new interface driver dvb_usb_af9035
[    5.944194][    T1] usbcore: registered new interface driver dvb_usb_anysee
[    5.945163][    T1] usbcore: registered new interface driver dvb_usb_au6610
[    5.946143][    T1] usbcore: registered new interface driver dvb_usb_az6007
[    5.947118][    T1] usbcore: registered new interface driver dvb_usb_ce6230
[    5.948091][    T1] usbcore: registered new interface driver dvb_usb_ec168
[    5.949051][    T1] usbcore: registered new interface driver dvb_usb_lmedm04
[    5.950033][    T1] usbcore: registered new interface driver dvb_usb_gl861
[    5.951062][    T1] usbcore: registered new interface driver dvb_usb_mxl111sf
[    5.952098][    T1] usbcore: registered new interface driver dvb_usb_rtl28xxu
[    5.953111][    T1] usbcore: registered new interface driver dvb_usb_dvbsky
[    5.954096][    T1] usbcore: registered new interface driver zd1301
[    5.955027][    T1] usbcore: registered new interface driver smsusb
[    5.955925][    T1] usbcore: registered new interface driver b2c2_flexcop_usb
[    5.956960][    T1] usbcore: registered new interface driver zr364xx
[    5.957882][    T1] usbcore: registered new interface driver stkwebcam
[    5.958814][    T1] usbcore: registered new interface driver s2255
[    5.959817][    T1] usbcore: registered new interface driver uvcvideo
[    5.960605][    T1] gspca_main: v2.14.0 registered
[    5.961325][    T1] usbcore: registered new interface driver benq
[    5.962190][    T1] usbcore: registered new interface driver conex
[    5.963059][    T1] usbcore: registered new interface driver cpia1
[    5.963922][    T1] usbcore: registered new interface driver dtcs033
[    5.965072][    T1] usbcore: registered new interface driver etoms
[    5.965974][    T1] usbcore: registered new interface driver finepix
[    5.966862][    T1] usbcore: registered new interface driver jeilinj
[    5.967748][    T1] usbcore: registered new interface driver jl2005bcd
[    5.968673][    T1] usbcore: registered new interface driver kinect
[    5.969557][    T1] usbcore: registered new interface driver konica
[    5.970452][    T1] usbcore: registered new interface driver mars
[    5.971351][    T1] usbcore: registered new interface driver mr97310a
[    5.972283][    T1] usbcore: registered new interface driver nw80x
[    5.973195][    T1] usbcore: registered new interface driver ov519
[    5.974072][    T1] usbcore: registered new interface driver ov534
[    5.974938][    T1] usbcore: registered new interface driver ov534_9
[    5.975879][    T1] usbcore: registered new interface driver pac207
[    5.976777][    T1] usbcore: registered new interface driver gspca_pac7302
[    5.977729][    T1] usbcore: registered new interface driver pac7311
[    5.978627][    T1] usbcore: registered new interface driver se401
[    5.979498][    T1] usbcore: registered new interface driver sn9c2028
[    5.980457][    T1] usbcore: registered new interface driver gspca_sn9c20x
[    5.981456][    T1] usbcore: registered new interface driver sonixb
[    5.982381][    T1] usbcore: registered new interface driver sonixj
[    5.983275][    T1] usbcore: registered new interface driver spca500
[    5.984167][    T1] usbcore: registered new interface driver spca501
[    5.985051][    T1] usbcore: registered new interface driver spca505
[    5.985956][    T1] usbcore: registered new interface driver spca506
[    5.986845][    T1] usbcore: registered new interface driver spca508
[    5.987747][    T1] usbcore: registered new interface driver spca561
[    5.988637][    T1] usbcore: registered new interface driver spca1528
[    5.989536][    T1] usbcore: registered new interface driver sq905
[    5.990419][    T1] usbcore: registered new interface driver sq905c
[    5.991331][    T1] usbcore: registered new interface driver sq930x
[    5.992285][    T1] usbcore: registered new interface driver sunplus
[    5.993174][    T1] usbcore: registered new interface driver stk014
[    5.994060][    T1] usbcore: registered new interface driver stk1135
[    5.994949][    T1] usbcore: registered new interface driver stv0680
[    5.995844][    T1] usbcore: registered new interface driver t613
[    5.996724][    T1] usbcore: registered new interface driver gspca_topro
[    5.997692][    T1] usbcore: registered new interface driver touptek
[    5.998593][    T1] usbcore: registered new interface driver tv8532
[    5.999487][    T1] usbcore: registered new interface driver vc032x
[    6.000363][    T1] usbcore: registered new interface driver vicam
[    6.001281][    T1] usbcore: registered new interface driver xirlink-cit
[    6.002316][    T1] usbcore: registered new interface driver gspca_zc3xx
[    6.003274][    T1] usbcore: registered new interface driver ALi m5602
[    6.004213][    T1] usbcore: registered new interface driver STV06xx
[    6.005123][    T1] usbcore: registered new interface driver gspca_gl860
[    6.006140][    T1] usbcore: registered new interface driver Philips webcam
[    6.007107][    T1] usbcore: registered new interface driver airspy
[    6.008003][    T1] usbcore: registered new interface driver hackrf
[    6.008902][    T1] usbcore: registered new interface driver msi2500
[    6.009682][    T1] cpia2: V4L-Driver for Vision CPiA2 based cameras v3.0.1
[    6.010667][    T1] usbcore: registered new interface driver cpia2
[    6.011452][    T1] au0828: au0828 driver loaded
[    6.012247][    T1] usbcore: registered new interface driver au0828
[    6.013149][    T1] usbcore: registered new interface driver hdpvr
[    6.014558][    T1] usbcore: registered new interface driver pvrusb2
[    6.015376][    T1] pvrusb2: V4L in-tree version:Hauppauge WinTV-PVR-USB2 MPEG2 Encoder/Tuner
[    6.016415][    T1] pvrusb2: Debug mask is 31 (0x1f)
[    6.017179][    T1] usbcore: registered new interface driver stk1160
[    6.018142][    T1] usbcore: registered new interface driver cx231xx
[    6.019120][    T1] usbcore: registered new interface driver tm6000
[    6.020166][    T1] usbcore: registered new interface driver em28xx
[    6.021076][    T1] em28xx: Registered (Em28xx v4l2 Extension) extension
[    6.021901][    T1] em28xx: Registered (Em28xx Audio Extension) extension
[    6.022727][    T1] em28xx: Registered (Em28xx dvb Extension) extension
[    6.023534][    T1] em28xx: Registered (Em28xx Input Extension) extension
[    6.024486][    T1] usbcore: registered new interface driver usbtv
[    6.025392][    T1] usbcore: registered new interface driver go7007
[    6.026283][    T1] usbcore: registered new interface driver go7007-loader
[    6.027341][    T1] usbcore: registered new interface driver Abilis Systems as10x usb driver
[    6.037459][    T1] vivid-000: using single planar format API
[    6.045507][    T1] vivid-000: CEC adapter cec0 registered for HDMI input 0
[    6.046653][    T1] vivid-000: V4L2 capture device registered as video3
[    6.047715][    T1] vivid-000: CEC adapter cec1 registered for HDMI output 0
[    6.048848][    T1] vivid-000: V4L2 output device registered as video4
[    6.049913][    T1] vivid-000: V4L2 capture device registered as vbi0, supports raw and sliced VBI
[    6.052961][    T1] vivid-000: V4L2 output device registered as vbi1, supports raw and sliced VBI
[    6.054284][    T1] vivid-000: V4L2 capture device registered as swradio0
[    6.055350][    T1] vivid-000: V4L2 receiver device registered as radio0
[    6.056423][    T1] vivid-000: V4L2 transmitter device registered as radio1
[    6.057526][    T1] vivid-000: V4L2 metadata capture device registered as video5
[    6.058760][    T1] vivid-000: V4L2 metadata output device registered as video6
[    6.059898][    T1] vivid-000: V4L2 touch capture device registered as v4l-touch0
[    6.061396][    T1] vim2m vim2m.0: Device registered as /dev/video0
[    6.063254][    T1] vicodec vicodec.0: Device 'stateful-encoder' registered as /dev/video8
[    6.064508][    T1] vicodec vicodec.0: Device 'stateful-decoder' registered as /dev/video9
[    6.065873][    T1] vicodec vicodec.0: Device 'stateless-decoder' registered as /dev/video10
[    6.068876][    T1] dvbdev: DVB: registering new adapter (dvb_vidtv_bridge)
[    6.071945][    T1] i2c i2c-0: DVB: registering adapter 0 frontend 0 (Dummy demod for DVB-T/T2/C/S/S2)...
[    6.073228][    T1] dvbdev: dvb_create_media_entity: media entity 'Dummy demod for DVB-T/T2/C/S/S2' registered.
[    6.077316][    T1] dvbdev: dvb_create_media_entity: media entity 'dvb-demux' registered.
[    6.080065][    T1] vidtv vidtv.0: Successfully initialized vidtv!
[    6.081433][    T1] usbcore: registered new interface driver radioshark
[    6.082360][    T1] usbcore: registered new interface driver radioshark2
[    6.083305][    T1] usbcore: registered new interface driver dsbr100
[    6.084203][    T1] usbcore: registered new interface driver radio-si470x
[    6.085197][    T1] usbcore: registered new interface driver radio-usb-si4713
[    6.086195][    T1] usbcore: registered new interface driver radio-mr800
[    6.087130][    T1] usbcore: registered new interface driver radio-keene
[    6.088074][    T1] usbcore: registered new interface driver radio-ma901
[    6.089007][    T1] usbcore: registered new interface driver radio-raremono
[    6.090392][    T1] usbcore: registered new interface driver pcwd_usb
[    6.092356][    T1] device-mapper: core: CONFIG_IMA_DISABLE_HTABLE is disabled. Duplicate IMA measurements will not be recorded in the IMA log.
[    6.094100][    T1] device-mapper: uevent: version 1.0.3
[    6.095432][    T1] device-mapper: ioctl: 4.45.0-ioctl (2021-03-22) initialised: dm-devel@redhat.com
[    6.097416][    T1] device-mapper: multipath round-robin: version 1.2.0 loaded
[    6.098319][    T1] device-mapper: multipath queue-length: version 0.2.0 loaded
[    6.099208][    T1] device-mapper: multipath service-time: version 0.3.0 loaded
[    6.100457][    T1] device-mapper: raid: Loading target version 1.15.1
[    6.102526][    T1] Bluetooth: HCI UART driver ver 2.3
[    6.103181][    T1] Bluetooth: HCI UART protocol H4 registered
[    6.103893][    T1] Bluetooth: HCI UART protocol BCSP registered
[    6.104680][    T1] Bluetooth: HCI UART protocol LL registered
[    6.105454][    T1] Bluetooth: HCI UART protocol Three-wire (H5) registered
[    6.106366][    T1] Bluetooth: HCI UART protocol QCA registered
[    6.107092][    T1] Bluetooth: HCI UART protocol AG6XX registered
[    6.107892][    T1] Bluetooth: HCI UART protocol Marvell registered
[    6.108794][    T1] usbcore: registered new interface driver bcm203x
[    6.109701][    T1] usbcore: registered new interface driver bpa10x
[    6.110604][    T1] usbcore: registered new interface driver bfusb
[    6.111650][    T1] usbcore: registered new interface driver btusb
[    6.112608][    T1] usbcore: registered new interface driver ath3k
[    6.113856][    T1] CAPI 2.0 started up with major 68 (middleware)
[    6.114621][    T1] Modular ISDN core version 1.1.29
[    6.115498][    T1] NET: Registered PF_ISDN protocol family
[    6.116189][    T1] DSP module 2.0
[    6.116611][    T1] mISDN_dsp: DSP clocks every 80 samples. This equals 1 jiffies.
[    6.125501][    T1] mISDN: Layer-1-over-IP driver Rev. 2.00
[    6.126644][    T1] 0 virtual devices registered
[    6.127362][    T1] usbcore: registered new interface driver HFC-S_USB
[    6.128157][    T1] VUB300 Driver rom wait states = 1C irqpoll timeout = 0400
[    6.128878][    T1] usbcore: registered new interface driver vub300
[    6.130633][    T1] usbcore: registered new interface driver ushc
[    6.134629][    T1] iscsi: registered transport (iser)
[    6.135812][    T1] SoftiWARP attached
[    6.136549][    T1] Driver 'framebuffer' was unable to register with bus_type 'coreboot' because the bus was not initialized.
[    6.137916][    T1] Driver 'memconsole' was unable to register with bus_type 'coreboot' because the bus was not initialized.
[    6.139264][    T1] Driver 'vpd' was unable to register with bus_type 'coreboot' because the bus was not initialized.
[    6.145477][    T1] hid: raw HID events driver (C) Jiri Kosina
[    6.154111][    T1] usbcore: registered new interface driver usbhid
[    6.154880][    T1] usbhid: USB HID core driver
[    6.169869][    T1] usbcore: registered new interface driver es2_ap_driver
[    6.170710][    T1] comedi: version 0.7.76 - http://www.comedi.org
[    6.171692][    T1] usbcore: registered new interface driver dt9812
[    6.172575][    T1] usbcore: registered new interface driver ni6501
[    6.173466][    T1] usbcore: registered new interface driver usbdux
[    6.174345][    T1] usbcore: registered new interface driver usbduxfast
[    6.175260][    T1] usbcore: registered new interface driver usbduxsigma
[    6.176195][    T1] usbcore: registered new interface driver vmk80xx
[    6.177166][    T1] usbcore: registered new interface driver prism2_usb
[    6.178193][    T1] usbcore: registered new interface driver r8712u
[    6.179457][    T1] ashmem: initialized
[    6.179994][    T1] greybus: registered new driver hid
[    6.181164][    T1] greybus: registered new driver gbphy
[    6.181882][    T1] gb_gbphy: registered new driver usb
[    6.182515][    T1] asus_wmi: ASUS WMI generic driver loaded
[    6.217805][    T1] usbcore: registered new interface driver snd-usb-audio
[    6.218805][    T1] usbcore: registered new interface driver snd-ua101
[    6.219730][    T1] usbcore: registered new interface driver snd-usb-usx2y
[    6.220693][    T1] usbcore: registered new interface driver snd-usb-us122l
[    6.221842][    T1] usbcore: registered new interface driver snd-usb-caiaq
[    6.222806][    T1] usbcore: registered new interface driver snd-usb-6fire
[    6.223794][    T1] usbcore: registered new interface driver snd-usb-hiface
[    6.224746][    T1] usbcore: registered new interface driver snd-bcd2000
[    6.225676][    T1] usbcore: registered new interface driver snd_usb_pod
[    6.226613][    T1] usbcore: registered new interface driver snd_usb_podhd
[    6.227563][    T1] usbcore: registered new interface driver snd_usb_toneport
[    6.228533][    T1] usbcore: registered new interface driver snd_usb_variax
[    6.229490][    T1] drop_monitor: Initializing network drop monitor service
[    6.230520][    T1] NET: Registered PF_LLC protocol family
[    6.231269][    T1] GACT probability on
[    6.231756][    T1] Mirror/redirect action on
[    6.232375][    T1] Simple TC action Loaded
[    6.233907][    T1] netem: version 1.3
[    6.234576][    T1] u32 classifier
[    6.234996][    T1]     Performance counters on
[    6.235543][    T1]     input device check on
[    6.236068][    T1]     Actions configured
[    6.239553][    T1] xt_time: kernel timezone is -0000
[    6.240235][    T1] IPVS: Registered protocols (TCP, UDP, SCTP, AH, ESP)
[    6.242423][    T1] IPVS: Connection hash table configured (size=4096, memory=64Kbytes)
[    6.243603][    T1] IPVS: ipvs loaded.
[    6.244086][    T1] IPVS: [rr] scheduler registered.
[    6.244686][    T1] IPVS: [wrr] scheduler registered.
[    6.245292][    T1] IPVS: [lc] scheduler registered.
[    6.245901][    T1] IPVS: [wlc] scheduler registered.
[    6.246508][    T1] IPVS: [fo] scheduler registered.
[    6.247111][    T1] IPVS: [ovf] scheduler registered.
[    6.247725][    T1] IPVS: [lblc] scheduler registered.
[    6.248354][    T1] IPVS: [lblcr] scheduler registered.
[    6.248985][    T1] IPVS: [dh] scheduler registered.
[    6.249583][    T1] IPVS: [sh] scheduler registered.
[    6.250185][    T1] IPVS: [mh] scheduler registered.
[    6.250899][    T1] IPVS: [sed] scheduler registered.
[    6.251516][    T1] IPVS: [nq] scheduler registered.
[    6.252115][    T1] IPVS: [twos] scheduler registered.
[    6.252794][    T1] IPVS: [sip] pe registered.
[    6.253420][    T1] ipip: IPv4 and MPLS over IPv4 tunneling driver
[    6.255035][    T1] gre: GRE over IPv4 demultiplexor driver
[    6.255716][    T1] ip_gre: GRE over IPv4 tunneling driver
[    6.258707][    T1] IPv4 over IPsec tunneling driver
[    6.260466][    T1] ipt_CLUSTERIP: ClusterIP Version 0.8 loaded successfully
[    6.261403][    T1] Initializing XFRM netlink socket
[    6.262064][    T1] IPsec XFRM device driver
[    6.263777][    T1] NET: Registered PF_INET6 protocol family
[    6.272619][    T1] Segment Routing with IPv6
[    6.273201][    T1] RPL Segment Routing with IPv6
[    6.273829][    T1] In-situ OAM (IOAM) with IPv6
[    6.274653][    T1] mip6: Mobile IPv6
[    6.276482][    T1] sit: IPv6, IPv4 and MPLS over IPv4 tunneling driver
[    6.279107][    T1] ip6_gre: GRE over IPv6 tunneling driver
[    6.280700][    T1] NET: Registered PF_PACKET protocol family
[    6.281506][    T1] NET: Registered PF_KEY protocol family
[    6.282488][    T1] Bridge firewalling registered
