bash: warning: setlocale: LC_ALL: cannot change locale (en_US.UTF-8)
c[?7l[2J[0mSeaBIOS (version 1.16.2-debian-1.16.2-1)
Booting from ROM..c[?7l[2J[0m.early console in extract_kernel
input_data: 0x000000000c09d2bf
input_len: 0x0000000004762fdb
output: 0x0000000001000000
output_len: 0x000000000e477ad8
kernel_total_size: 0x000000000f826000
needed_size: 0x000000000fa00000
trampoline_32bit: 0x000000000009d000

Decompressing Linux... Parsing ELF... done.
Booting the kernel.
[    0.000000][    T0] Linux version 5.15.0-rc4-next-20211011+ (root@buildkitsandbox) (gcc (Debian 12.2.0-14+deb12u1) 12.2.0, GNU ld (GNU Binutils for Debian) 2.40) #2 SMP PREEMPT Mon May 25 04:57:09 UTC 2026
[    0.000000][    T0] Command line: console=ttyS0 oops=panic panic=86400 nokaslr earlyprintk=serial rdinit=/init
[    0.000000][    T0] KERNEL supported cpus:
[    0.000000][    T0]   Intel GenuineIntel
[    0.000000][    T0]   AMD AuthenticAMD
[    0.000000][    T0] x86/fpu: Supporting XSAVE feature 0x001: 'x87 floating point registers'
[    0.000000][    T0] x86/fpu: Supporting XSAVE feature 0x002: 'SSE registers'
[    0.000000][    T0] x86/fpu: Supporting XSAVE feature 0x004: 'AVX registers'
[    0.000000][    T0] x86/fpu: xstate_offset[2]:  576, xstate_sizes[2]:  256
[    0.000000][    T0] x86/fpu: Enabled xstate features 0x7, context size is 832 bytes, using 'compacted' format.
[    0.000000][    T0] signal: max sigframe size: 1776
[    0.000000][    T0] BIOS-provided physical RAM map:
[    0.000000][    T0] BIOS-e820: [mem 0x0000000000000000-0x000000000009fbff] usable
[    0.000000][    T0] BIOS-e820: [mem 0x000000000009fc00-0x000000000009ffff] reserved
[    0.000000][    T0] BIOS-e820: [mem 0x00000000000f0000-0x00000000000fffff] reserved
[    0.000000][    T0] BIOS-e820: [mem 0x0000000000100000-0x000000007ffdffff] usable
[    0.000000][    T0] BIOS-e820: [mem 0x000000007ffe0000-0x000000007fffffff] reserved
[    0.000000][    T0] BIOS-e820: [mem 0x00000000feffc000-0x00000000feffffff] reserved
[    0.000000][    T0] BIOS-e820: [mem 0x00000000fffc0000-0x00000000ffffffff] reserved
[    0.000000][    T0] BIOS-e820: [mem 0x000000fd00000000-0x000000ffffffffff] reserved
[    0.000000][    T0] printk: bootconsole [earlyser0] enabled
[    0.000000][    T0] NX (Execute Disable) protection: active
[    0.000000][    T0] SMBIOS 2.8 present.
[    0.000000][    T0] DMI: QEMU Standard PC (i440FX + PIIX, 1996), BIOS 1.16.2-debian-1.16.2-1 04/01/2014
[    0.000000][    T0] Hypervisor detected: KVM
[    0.000000][    T0] kvm-clock: Using msrs 4b564d01 and 4b564d00
[    0.000000][    T0] kvm-clock: cpu 0, msr f0a1001, primary cpu clock
[    0.000004][    T0] kvm-clock: using sched offset of 862697857 cycles
[    0.000736][    T0] clocksource: kvm-clock: mask: 0xffffffffffffffff max_cycles: 0x1cd42e4dffb, max_idle_ns: 881590591483 ns
[    0.002766][    T0] tsc: Detected 3493.436 MHz processor
[    0.008149][    T0] last_pfn = 0x7ffe0 max_arch_pfn = 0x400000000
[    0.008903][    T0] x86/PAT: Configuration [0-7]: WB  WC  UC- UC  WB  WP  UC- WT  
[    0.012791][    T0] found SMP MP-table at [mem 0x000f5ba0-0x000f5baf]
[    0.013552][    T0] Using GB pages for direct mapping
[    0.014812][    T0] RAMDISK: [mem 0x7fe90000-0x7ffdffff]
[    0.015436][    T0] ACPI: Early table checksum verification disabled
[    0.016177][    T0] ACPI: RSDP 0x00000000000F59D0 000014 (v00 BOCHS )
[    0.016927][    T0] ACPI: RSDT 0x000000007FFE1B33 000034 (v01 BOCHS  BXPC     00000001 BXPC 00000001)
[    0.017997][    T0] ACPI: FACP 0x000000007FFE19DF 000074 (v01 BOCHS  BXPC     00000001 BXPC 00000001)
[    0.019081][    T0] ACPI: DSDT 0x000000007FFE0040 00199F (v01 BOCHS  BXPC     00000001 BXPC 00000001)
[    0.020149][    T0] ACPI: FACS 0x000000007FFE0000 000040
[    0.020836][    T0] ACPI: APIC 0x000000007FFE1A53 000080 (v01 BOCHS  BXPC     00000001 BXPC 00000001)
[    0.021907][    T0] ACPI: HPET 0x000000007FFE1AD3 000038 (v01 BOCHS  BXPC     00000001 BXPC 00000001)
[    0.022986][    T0] ACPI: WAET 0x000000007FFE1B0B 000028 (v01 BOCHS  BXPC     00000001 BXPC 00000001)
[    0.024049][    T0] ACPI: Reserving FACP table memory at [mem 0x7ffe19df-0x7ffe1a52]
[    0.024934][    T0] ACPI: Reserving DSDT table memory at [mem 0x7ffe0040-0x7ffe19de]
[    0.025829][    T0] ACPI: Reserving FACS table memory at [mem 0x7ffe0000-0x7ffe003f]
[    0.026717][    T0] ACPI: Reserving APIC table memory at [mem 0x7ffe1a53-0x7ffe1ad2]
[    0.027613][    T0] ACPI: Reserving HPET table memory at [mem 0x7ffe1ad3-0x7ffe1b0a]
[    0.028504][    T0] ACPI: Reserving WAET table memory at [mem 0x7ffe1b0b-0x7ffe1b32]
[    0.030227][    T0] No NUMA configuration found
[    0.030751][    T0] Faking a node at [mem 0x0000000000000000-0x000000007ffdffff]
[    0.031615][    T0] NODE_DATA(0) allocated [mem 0x7fe8b000-0x7fe8ffff]
[    0.035810][    T0] Zone ranges:
[    0.036226][    T0]   DMA      [mem 0x0000000000001000-0x0000000000ffffff]
[    0.037026][    T0]   DMA32    [mem 0x0000000001000000-0x000000007ffdffff]
[    0.037832][    T0]   Normal   empty
[    0.038248][    T0]   Device   empty
[    0.038666][    T0] Movable zone start for each node
[    0.039254][    T0] Early memory node ranges
[    0.039752][    T0]   node   0: [mem 0x0000000000001000-0x000000000009efff]
[    0.040559][    T0]   node   0: [mem 0x0000000000100000-0x000000007ffdffff]
[    0.041369][    T0] Initmem setup node 0 [mem 0x0000000000001000-0x000000007ffdffff]
[    0.042276][    T0] On node 0, zone DMA: 1 pages in unavailable ranges
[    0.042371][    T0] On node 0, zone DMA: 97 pages in unavailable ranges
[    0.054516][    T0] On node 0, zone DMA32: 32 pages in unavailable ranges
[    0.088865][    T0] kasan: KernelAddressSanitizer initialized
[    0.090624][    T0] ACPI: PM-Timer IO Port: 0x608
[    0.091222][    T0] ACPI: LAPIC_NMI (acpi_id[0xff] dfl dfl lint[0x1])
[    0.092015][    T0] IOAPIC[0]: apic_id 0, version 17, address 0xfec00000, GSI 0-23
[    0.092923][    T0] ACPI: INT_SRC_OVR (bus 0 bus_irq 0 global_irq 2 dfl dfl)
[    0.093763][    T0] ACPI: INT_SRC_OVR (bus 0 bus_irq 5 global_irq 5 high level)
[    0.094643][    T0] ACPI: INT_SRC_OVR (bus 0 bus_irq 9 global_irq 9 high level)
[    0.095498][    T0] ACPI: INT_SRC_OVR (bus 0 bus_irq 10 global_irq 10 high level)
[    0.096365][    T0] ACPI: INT_SRC_OVR (bus 0 bus_irq 11 global_irq 11 high level)
[    0.097241][    T0] ACPI: Using ACPI (MADT) for SMP configuration information
[    0.098060][    T0] ACPI: HPET id: 0x8086a201 base: 0xfed00000
[    0.098737][    T0] TSC deadline timer available
[    0.099275][    T0] smpboot: Allowing 2 CPUs, 0 hotplug CPUs
[    0.099957][    T0] kvm-guest: KVM setup pv remote TLB flush
[    0.100610][    T0] kvm-guest: setup PV sched yield
[    0.101201][    T0] PM: hibernation: Registered nosave memory: [mem 0x00000000-0x00000fff]
[    0.102161][    T0] PM: hibernation: Registered nosave memory: [mem 0x0009f000-0x0009ffff]
[    0.103118][    T0] PM: hibernation: Registered nosave memory: [mem 0x000a0000-0x000effff]
[    0.104069][    T0] PM: hibernation: Registered nosave memory: [mem 0x000f0000-0x000fffff]
[    0.105027][    T0] [mem 0x80000000-0xfeffbfff] available for PCI devices
[    0.105808][    T0] Booting paravirtualized kernel on KVM
[    0.106439][    T0] clocksource: refined-jiffies: mask: 0xffffffff max_cycles: 0xffffffff, max_idle_ns: 19112604462750000 ns
[    0.145097][    T0] setup_percpu: NR_CPUS:8 nr_cpumask_bits:8 nr_cpu_ids:2 nr_node_ids:1
[    0.146396][    T0] percpu: Embedded 69 pages/cpu s242376 r8192 d32056 u1048576
[    0.147380][    T0] kvm-guest: setup async PF for cpu 0
[    0.148005][    T0] kvm-guest: stealtime: cpu 0, msr 6bc27480
[    0.148695][    T0] kvm-guest: PV spinlocks enabled
[    0.149290][    T0] PV qspinlock hash table entries: 256 (order: 0, 4096 bytes, linear)
[    0.150272][    T0] Fallback order for Node 0: 0 
[    0.150857][    T0] Built 1 zonelists, mobility grouping on.  Total pages: 515808
[    0.151755][    T0] Policy zone: DMA32
[    0.152211][    T0] Kernel command line: console=ttyS0 oops=panic panic=86400 nokaslr earlyprintk=serial rdinit=/init
[    0.154265][    T0] Dentry cache hash table entries: 262144 (order: 9, 2097152 bytes, linear)
[    0.155377][    T0] Inode-cache hash table entries: 131072 (order: 8, 1048576 bytes, linear)
[    0.156685][    T0] mem auto-init: stack:off, heap alloc:on, heap free:off
[    0.253423][    T0] Memory: 1499452K/2096632K available (139297K kernel code, 33929K rwdata, 29360K rodata, 4000K init, 24100K bss, 596924K reserved, 0K cma-reserved)
[    0.255595][    T0] SLUB: HWalign=64, Order=0-3, MinObjects=0, CPUs=2, Nodes=1
[    0.263938][    T0] Dynamic Preempt: none
[    0.264762][    T0] Running RCU self tests
[    0.265274][    T0] rcu: Preemptible hierarchical RCU implementation.
[    0.266045][    T0] rcu: 	RCU lockdep checking is enabled.
[    0.266711][    T0] rcu: 	RCU restricting CPUs from NR_CPUS=8 to nr_cpu_ids=2.
[    0.267586][    T0] rcu: 	RCU callback double-/use-after-free debug enabled.
[    0.268437][    T0] rcu: 	RCU debug extended QS entry/exit.
[    0.269111][    T0] 	Trampoline variant of Tasks RCU enabled.
[    0.269806][    T0] 	Tracing variant of Tasks RCU enabled.
[    0.270473][    T0] rcu: RCU calculated value of scheduler-enlistment delay is 10 jiffies.
[    0.271483][    T0] rcu: Adjusting geometry for rcu_fanout_leaf=16, nr_cpu_ids=2
[    0.294532][    T0] NR_IRQS: 4352, nr_irqs: 440, preallocated irqs: 16
[    0.295826][    T0] kfence: initialized - using 2097152 bytes for 255 objects at 0x(____ptrval____)-0x(____ptrval____)
[    0.297275][    T0] random: crng done (trusting CPU's manufacturer)
[    0.305752][    T0] Console: colour VGA+ 80x25
[    0.306334][    T0] printk: console [ttyS0] enabled
[    0.306334][    T0] printk: console [ttyS0] enabled
[    0.307503][    T0] printk: bootconsole [earlyser0] disabled
[    0.307503][    T0] printk: bootconsole [earlyser0] disabled
[    0.308845][    T0] Lock dependency validator: Copyright (c) 2006 Red Hat, Inc., Ingo Molnar
[    0.309862][    T0] ... MAX_LOCKDEP_SUBCLASSES:  8
[    0.310445][    T0] ... MAX_LOCK_DEPTH:          48
[    0.311044][    T0] ... MAX_LOCKDEP_KEYS:        8192
[    0.311663][    T0] ... CLASSHASH_SIZE:          4096
[    0.312279][    T0] ... MAX_LOCKDEP_ENTRIES:     65536
[    0.312899][    T0] ... MAX_LOCKDEP_CHAINS:      131072
[    0.313541][    T0] ... CHAINHASH_SIZE:          65536
[    0.314163][    T0]  memory used by lock dependency info: 11129 kB
[    0.314911][    T0]  memory used for stack traces: 8320 kB
[    0.315586][    T0]  per task-struct memory footprint: 1920 bytes
[    0.316385][    T0] ACPI: Core revision 20210930
[    0.317260][    T0] clocksource: hpet: mask: 0xffffffff max_cycles: 0xffffffff, max_idle_ns: 19112604467 ns
[    0.318597][    T0] APIC: Switch to symmetric I/O mode setup
[    0.319302][    T0] kvm-guest: setup PV IPIs
[    0.321024][    T0] ..TIMER: vector=0x30 apic1=0 pin1=2 apic2=-1 pin2=-1
[    0.321848][    T0] tsc: Marking TSC unstable due to TSCs unsynchronized
[    0.322658][    T0] Calibrating delay loop (skipped) preset value.. 6986.87 BogoMIPS (lpj=34934360)
[    0.323735][    T0] pid_max: default: 32768 minimum: 301
[    0.324640][    T0] LSM: Security Framework initializing
[    0.325321][    T0] landlock: Up and running.
[    0.325842][    T0] Yama: becoming mindful.
[    0.326385][    T0] TOMOYO Linux initialized
[    0.327057][    T0] AppArmor: AppArmor initialized
[    0.327651][    T0] LSM support for eBPF active
[    0.328234][    T0] Mount-cache hash table entries: 4096 (order: 3, 32768 bytes, linear)
[    0.332651][    T0] Mountpoint-cache hash table entries: 4096 (order: 3, 32768 bytes, linear)
[    0.335067][    T0] x86/cpu: User Mode Instruction Prevention (UMIP) activated
[    0.336030][    T0] Last level iTLB entries: 4KB 512, 2MB 255, 4MB 127
[    0.336799][    T0] Last level dTLB entries: 4KB 512, 2MB 255, 4MB 127, 1GB 0
[    0.337646][    T0] Spectre V1 : Mitigation: usercopy/swapgs barriers and __user pointer sanitization
[    0.338739][    T0] Spectre V2 : Spectre mitigation: kernel not compiled with retpoline; no mitigation available!
[    0.338749][    T0] Speculative Store Bypass: Mitigation: Speculative Store Bypass disabled via prctl
[    0.343067][    T0] Freeing SMP alternatives memory: 108K
[    0.344100][    T1] smpboot: CPU0: AMD Ryzen Threadripper PRO 3975WX 32-Cores (family: 0x17, model: 0x31, stepping: 0x0)
[    0.346795][    T1] Running RCU-tasks wait API self tests
[    0.453020][    T1] Performance Events: Fam17h+ core perfctr, AMD PMU driver.
[    0.454751][    T1] ... version:                0
[    0.455847][    T1] ... bit width:              48
[    0.456941][    T1] ... generic registers:      6
[    0.458037][    T1] ... value mask:             0000ffffffffffff
[    0.459401][    T1] ... max period:             00007fffffffffff
[    0.460777][    T1] ... fixed-purpose events:   0
[    0.461859][    T1] ... event mask:             000000000000003f
[    0.463515][    T1] rcu: Hierarchical SRCU implementation.
[    0.469968][    T1] smp: Bringing up secondary CPUs ...
[    0.472799][    T1] x86: Booting SMP configuration:
[    0.473951][    T1] .... node  #0, CPUs:      #1
[    0.026963][    T0] kvm-clock: cpu 1, msr f0a1041, secondary cpu clock
[    0.477378][   T17] kvm-guest: setup async PF for cpu 1
[    0.477378][   T17] kvm-guest: stealtime: cpu 1, msr 6bd27480
[    0.477378][    T1] smp: Brought up 1 node, 2 CPUs
[    0.477378][    T1] smpboot: Max logical packages: 1
[    0.482702][    T1] smpboot: Total of 2 processors activated (13973.74 BogoMIPS)
[    0.485973][    T1] devtmpfs: initialized
[    0.485973][    T1] x86/mm: Memory block size: 128MB
[    0.502692][   T12] Callback from call_rcu_tasks_trace() invoked.
[    0.513968][    T1] clocksource: jiffies: mask: 0xffffffff max_cycles: 0xffffffff, max_idle_ns: 19112604462750000 ns
[    0.515215][    T1] futex hash table entries: 512 (order: 4, 65536 bytes, linear)
[    0.525647][    T1] PM: RTC time: 04:58:49, date: 2026-05-25
[    0.529301][    T1] NET: Registered PF_NETLINK/PF_ROUTE protocol family
[    0.533165][    T1] audit: initializing netlink subsys (disabled)
[    0.534674][   T26] audit: type=2000 audit(1779685130.148:1): state=initialized audit_enabled=0 res=1
[    0.534674][    T1] thermal_sys: Registered thermal governor 'step_wise'
[    0.534674][    T1] thermal_sys: Registered thermal governor 'user_space'
[    0.535380][    T1] cpuidle: using governor menu
[    0.538032][    T1] NET: Registered PF_QIPCRTR protocol family
[    0.544681][    T1] PCI: Using configuration type 1 for base access
[    0.544681][    T1] PCI: Using configuration type 1 for extended access
[    0.663045][    T1] HugeTLB registered 1.00 GiB page size, pre-allocated 0 pages
[    0.663607][    T1] HugeTLB registered 2.00 MiB page size, pre-allocated 0 pages
[    0.665654][    T1] cryptd: max_cpu_qlen set to 1000
[    0.672792][   T11] Callback from call_rcu_tasks() invoked.
[    0.673070][    T1] raid6: skip pq benchmark and using algorithm avx2x4
[    0.674783][    T1] raid6: using avx2x2 recovery algorithm
[    0.675830][    T1] ACPI: Added _OSI(Module Device)
[    0.676414][    T1] ACPI: Added _OSI(Processor Device)
[    0.677021][    T1] ACPI: Added _OSI(3.0 _SCP Extensions)
[    0.677658][    T1] ACPI: Added _OSI(Processor Aggregator Device)
[    0.677658][    T1] ACPI: Added _OSI(Linux-Dell-Video)
[    0.677658][    T1] ACPI: Added _OSI(Linux-Lenovo-NV-HDMI-Audio)
[    0.677658][    T1] ACPI: Added _OSI(Linux-HPI-Hybrid-Graphics)
[    0.695685][    T1] ACPI: 1 ACPI AML tables successfully acquired and loaded
[    0.704550][    T1] ACPI: Interpreter enabled
[    0.705210][    T1] ACPI: PM: (supports S0 S3 S4 S5)
[    0.705822][    T1] ACPI: Using IOAPIC for interrupt routing
[    0.706588][    T1] PCI: Using host bridge windows from ACPI; if necessary, use "pci=nocrs" and report a bug
[    0.709143][    T1] ACPI: Enabled 2 GPEs in block 00 to 0F
[    0.750607][    T1] ACPI: PCI Root Bridge [PCI0] (domain 0000 [bus 00-ff])
[    0.751470][    T1] acpi PNP0A03:00: _OSC: OS supports [ExtendedConfig ASPM ClockPM Segments MSI HPX-Type3]
[    0.753261][    T1] PCI host bridge to bus 0000:00
[    0.753851][    T1] pci_bus 0000:00: root bus resource [io  0x0000-0x0cf7 window]
[    0.754732][    T1] pci_bus 0000:00: root bus resource [io  0x0d00-0xffff window]
[    0.755617][    T1] pci_bus 0000:00: root bus resource [mem 0x000a0000-0x000bffff window]
[    0.756579][    T1] pci_bus 0000:00: root bus resource [mem 0x80000000-0xfebfffff window]
[    0.757543][    T1] pci_bus 0000:00: root bus resource [mem 0x100000000-0x17fffffff window]
[    0.758532][    T1] pci_bus 0000:00: root bus resource [bus 00-ff]
[    0.761345][    T1] pci 0000:00:00.0: [8086:1237] type 00 class 0x060000
[    0.776073][    T1] pci 0000:00:01.0: [8086:7000] type 00 class 0x060100
[    0.789510][    T1] pci 0000:00:01.1: [8086:7010] type 00 class 0x010180
[    0.791877][    T1] pci 0000:00:01.1: reg 0x20: [io  0xc000-0xc00f]
[    0.793132][    T1] pci 0000:00:01.1: legacy IDE quirk: reg 0x10: [io  0x01f0-0x01f7]
[    0.794063][    T1] pci 0000:00:01.1: legacy IDE quirk: reg 0x14: [io  0x03f6]
[    0.794914][    T1] pci 0000:00:01.1: legacy IDE quirk: reg 0x18: [io  0x0170-0x0177]
[    0.795837][    T1] pci 0000:00:01.1: legacy IDE quirk: reg 0x1c: [io  0x0376]
[    0.798014][    T1] pci 0000:00:01.3: [8086:7113] type 00 class 0x068000
[    0.799216][    T1] pci 0000:00:01.3: quirk: [io  0x0600-0x063f] claimed by PIIX4 ACPI
[    0.800157][    T1] pci 0000:00:01.3: quirk: [io  0x0700-0x070f] claimed by PIIX4 SMB
[    0.803646][    T1] pci 0000:00:02.0: [1234:1111] type 00 class 0x030000
[    0.805531][    T1] pci 0000:00:02.0: reg 0x10: [mem 0xfd000000-0xfdffffff pref]
[    0.807750][    T1] pci 0000:00:02.0: reg 0x18: [mem 0xfebf0000-0xfebf0fff]
[    0.811959][    T1] pci 0000:00:02.0: reg 0x30: [mem 0xfebe0000-0xfebeffff pref]
[    0.827352][    T1] ACPI: PCI: Interrupt link LNKA configured for IRQ 10
[    0.829342][    T1] ACPI: PCI: Interrupt link LNKB configured for IRQ 10
[    0.831287][    T1] ACPI: PCI: Interrupt link LNKC configured for IRQ 11
[    0.833250][    T1] ACPI: PCI: Interrupt link LNKD configured for IRQ 11
[    0.834541][    T1] ACPI: PCI: Interrupt link LNKS configured for IRQ 9
[    0.842830][    T1] iommu: Default domain type: Translated 
[    0.843983][    T1] iommu: DMA domain TLB invalidation policy: lazy mode 
[    0.845978][    T1] pci 0000:00:02.0: vgaarb: setting as boot VGA device
[    0.845978][    T1] pci 0000:00:02.0: vgaarb: VGA device added: decodes=io+mem,owns=io+mem,locks=none
[    0.846504][    T1] pci 0000:00:02.0: vgaarb: bridge control possible
[    0.852664][    T1] vgaarb: loaded
[    0.856279][    T1] SCSI subsystem initialized
[    0.857404][    T1] ACPI: bus type USB registered
[    0.857404][    T1] usbcore: registered new interface driver usbfs
[    0.857404][    T1] usbcore: registered new interface driver hub
[    0.857404][    T1] usbcore: registered new device driver usb
[    0.857404][    T1] mc: Linux media interface: v0.10
[    0.857440][    T1] videodev: Linux video capture interface: v2.00
[    0.858391][    T1] pps_core: LinuxPPS API ver. 1 registered
[    0.859070][    T1] pps_core: Software ver. 5.3.6 - Copyright 2005-2007 Rodolfo Giometti <giometti@linux.it>
[    0.860247][    T1] PTP clock support registered
[    0.862841][    T1] EDAC MC: Ver: 3.0.0
[    0.864435][    T1] Advanced Linux Sound Architecture Driver Initialized.
[    0.865653][    T1] Bluetooth: Core ver 2.22
[    0.866237][    T1] NET: Registered PF_BLUETOOTH protocol family
[    0.866953][    T1] Bluetooth: HCI device and connection manager initialized
[    0.867801][    T1] Bluetooth: HCI socket layer initialized
[    0.868472][    T1] Bluetooth: L2CAP socket layer initialized
[    0.869209][    T1] Bluetooth: SCO socket layer initialized
[    0.869898][    T1] NET: Registered PF_ATMPVC protocol family
[    0.870594][    T1] NET: Registered PF_ATMSVC protocol family
[    0.871386][    T1] NetLabel: Initializing
[    0.871894][    T1] NetLabel:  domain hash size = 128
[    0.872654][    T1] NetLabel:  protocols = UNLABELED CIPSOv4 CALIPSO
[    0.873546][    T1] NetLabel:  unlabeled traffic allowed by default
[    0.874431][    T1] nfc: nfc_init: NFC Core ver 0.1
[    0.874431][    T1] NET: Registered PF_NFC protocol family
[    0.874431][    T1] PCI: Using ACPI for IRQ routing
[    0.882658][    T1] hpet0: at MMIO 0xfed00000, IRQs 2, 8, 0
[    0.882658][    T1] hpet0: 3 comparators, 64-bit 100.000000 MHz counter
[    0.883992][    T1] clocksource: Switched to clocksource kvm-clock
[    1.213701][    T1] VFS: Disk quotas dquot_6.6.0
[    1.214354][    T1] VFS: Dquot-cache hash table entries: 512 (order 0, 4096 bytes)
[    1.215515][    T1] FS-Cache: Loaded
[    1.216453][    T1] CacheFiles: Loaded
[    1.217117][    T1] TOMOYO: 2.6.0
[    1.217523][    T1] Mandatory Access Control activated.
[    1.219302][    T1] AppArmor: AppArmor Filesystem Enabled
[    1.220175][    T1] pnp: PnP ACPI init
[    1.224696][    T1] pnp: PnP ACPI: found 6 devices
[    1.243404][    T1] clocksource: acpi_pm: mask: 0xffffff max_cycles: 0xffffff, max_idle_ns: 2085701024 ns
[    1.244816][    T1] NET: Registered PF_INET protocol family
[    1.245586][    T1] IP idents hash table entries: 32768 (order: 6, 262144 bytes, linear)
[    1.247551][    T1] tcp_listen_portaddr_hash hash table entries: 1024 (order: 4, 81920 bytes, linear)
[    1.248852][    T1] TCP established hash table entries: 16384 (order: 5, 131072 bytes, linear)
[    1.250368][    T1] TCP bind hash table entries: 16384 (order: 8, 1179648 bytes, linear)
[    1.251819][    T1] TCP: Hash tables configured (established 16384 bind 16384)
[    1.252989][    T1] MPTCP token hash table entries: 2048 (order: 5, 180224 bytes, linear)
[    1.254082][    T1] UDP hash table entries: 1024 (order: 5, 163840 bytes, linear)
[    1.255067][    T1] UDP-Lite hash table entries: 1024 (order: 5, 163840 bytes, linear)
[    1.256327][    T1] NET: Registered PF_UNIX/PF_LOCAL protocol family
[    1.258020][    T1] RPC: Registered named UNIX socket transport module.
[    1.258827][    T1] RPC: Registered udp transport module.
[    1.259471][    T1] RPC: Registered tcp transport module.
[    1.260109][    T1] RPC: Registered tcp NFSv4.1 backchannel transport module.
[    1.261826][    T1] NET: Registered PF_XDP protocol family
[    1.262497][    T1] pci_bus 0000:00: resource 4 [io  0x0000-0x0cf7 window]
[    1.263347][    T1] pci_bus 0000:00: resource 5 [io  0x0d00-0xffff window]
[    1.264166][    T1] pci_bus 0000:00: resource 6 [mem 0x000a0000-0x000bffff window]
[    1.265058][    T1] pci_bus 0000:00: resource 7 [mem 0x80000000-0xfebfffff window]
[    1.265950][    T1] pci_bus 0000:00: resource 8 [mem 0x100000000-0x17fffffff window]
[    1.267270][    T1] pci 0000:00:01.0: PIIX3: Enabling Passive Release
[    1.268045][    T1] pci 0000:00:00.0: Limiting direct PCI/PCI transfers
[    1.268845][    T1] pci 0000:00:01.0: Activating ISA DMA hang workarounds
[    1.269722][    T1] pci 0000:00:02.0: Video device with shadowed ROM at [mem 0x000c0000-0x000dffff]
[    1.270781][    T1] PCI: CLS 0 bytes, default 64
[    1.271436][    T1] ACPI: bus type thunderbolt registered
[    1.272840][    T1] kvm: no hardware support
[    1.275714][   T10] Trying to unpack rootfs image as initramfs...
[    1.378956][   T10] Freeing initrd memory: 1344K
[    1.380650][   T54] kworker/u4:1 (54) used greatest stack depth: 28208 bytes left
[    3.214119][    T1] kvm: Nested Virtualization enabled
[    3.215366][    T1] SVM: kvm: Nested Paging enabled
[    3.238748][   T64] cryptomgr_test (64) used greatest stack depth: 27968 bytes left
[    3.251895][    T1] Initialise system trusted keyrings
[    3.254751][   T96] kworker/u4:3 (96) used greatest stack depth: 27760 bytes left
[    3.254981][    T1] workingset: timestamp_bits=40 max_order=19 bucket_order=0
[    3.288447][    T1] zbud: loaded
[    3.292469][    T1] DLM installed
[    3.296552][    T1] squashfs: version 4.0 (2009/01/31) Phillip Lougher
[    3.301474][    T1] FS-Cache: Netfs 'nfs' registered for caching
[    3.303639][    T1] NFS: Registering the id_resolver key type
[    3.304368][    T1] Key type id_resolver registered
[    3.304974][    T1] Key type id_legacy registered
[    3.305731][    T1] nfs4filelayout_init: NFSv4 File Layout Driver Registering...
[    3.306647][    T1] nfs4flexfilelayout_init: NFSv4 Flexfile Layout Driver Registering...
[    3.307600][    T1] Installing knfsd (copyright (C) 1996 okir@monad.swb.de).
[    3.312128][    T1] FS-Cache: Netfs 'cifs' registered for caching
[    3.315889][    T1] Key type cifs.spnego registered
[    3.317029][    T1] Key type cifs.idmap registered
[    3.318569][    T1] ntfs: driver 2.1.32 [Flags: R/W].
[    3.321324][    T1] efs: 1.0a - http://aeschi.ch.eu.org/efs/
[    3.322808][    T1] jffs2: version 2.2. (NAND) (SUMMARY)  © 2001-2006 Red Hat, Inc.
[    3.326900][    T1] romfs: ROMFS MTD (C) 2007 Red Hat, Inc.
[    3.327888][    T1] QNX4 filesystem 0.2.3 registered.
[    3.328646][    T1] qnx6: QNX6 filesystem 1.0.0 registered.
[    3.329670][    T1] fuse: init (API version 7.34)
[    3.331702][    T1] orangefs_debugfs_init: called with debug mask: :none: :0:
[    3.332849][    T1] orangefs_init: module version upstream loaded
[    3.334126][    T1] JFS: nTxBlock = 8192, nTxLock = 65536
[    3.340267][    T1] SGI XFS with ACLs, security attributes, realtime, quota, fatal assert, debug enabled
[    3.346202][    T1] 9p: Installing v9fs 9p2000 file system support
[    3.347094][    T1] FS-Cache: Netfs '9p' registered for caching
[    3.348469][    T1] NILFS version 2 loaded
[    3.348984][    T1] befs: version: 0.9.3
[    3.350367][    T1] ocfs2: Registered cluster interface o2cb
[    3.351298][    T1] ocfs2: Registered cluster interface user
[    3.352331][    T1] OCFS2 User DLM kernel interface loaded
[    3.358852][    T1] gfs2: GFS2 installed
[    3.365408][    T1] FS-Cache: Netfs 'ceph' registered for caching
[    3.366145][    T1] ceph: loaded (mds proto 32)
[    3.376585][    T1] NET: Registered PF_ALG protocol family
[    3.377292][    T1] xor: automatically using best checksumming function   avx       
[    3.378219][    T1] async_tx: api initialized (async)
[    3.378824][    T1] Key type asymmetric registered
[    3.379410][    T1] Asymmetric key parser 'x509' registered
[    3.380094][    T1] Asymmetric key parser 'pkcs8' registered
[    3.380768][    T1] Key type pkcs7_test registered
[    3.381364][    T1] Asymmetric key parser 'tpm_parser' registered
[    3.382382][    T1] Block layer SCSI generic (bsg) driver version 0.4 loaded (major 240)
[    3.383724][    T1] io scheduler mq-deadline registered
[    3.384362][    T1] io scheduler kyber registered
[    3.385253][    T1] io scheduler bfq registered
[    3.396195][    T1] usbcore: registered new interface driver udlfb
[    3.397044][    T1] usbcore: registered new interface driver smscufx
[    3.400710][    T1] uvesafb: failed to execute /sbin/v86d
[    3.401384][    T1] uvesafb: make sure that the v86d helper is installed and executable
[    3.402358][    T1] uvesafb: Getting VBE info block failed (eax=0x4f00, err=-2)
[    3.403385][    T1] uvesafb: vbe_init() failed with -22
[    3.404030][    T1] uvesafb: probe of uvesafb.0 failed with error -22
[    3.405122][    T1] vga16fb: mapped to 0x000000004c4fcc3b
[    3.990787][    T1] Console: switching to colour frame buffer device 80x30
[    4.319764][    T1] fb0: VGA16 VGA frame buffer device
[    4.322210][    T1] input: Power Button as /devices/LNXSYSTM:00/LNXPWRBN:00/input/input0
[    4.325384][    T1] ACPI: button: Power Button [PWRF]
[    4.341869][  T230] kworker/u4:3 (230) used greatest stack depth: 27728 bytes left
[    4.482350][    T1] N_HDLC line discipline registered with maxframe=4096
[    4.483887][    T1] Serial: 8250/16550 driver, 4 ports, IRQ sharing enabled
[    4.485096][    T1] 00:04: ttyS0 at I/O 0x3f8 (irq = 4, base_baud = 115200) is a 16550A
[    4.495791][    T1] Non-volatile memory driver v1.3
[    4.496714][    T1] Linux agpgart interface v0.103
[    4.497945][    T1] ACPI: bus type drm_connector registered
[    4.504657][    T1] [drm] Initialized vgem 1.0.0 20120112 for vgem on minor 0
[    4.507383][    T1] [drm] Initialized vkms 1.0.0 20180514 for vkms on minor 1
[    4.516590][    T1] platform vkms: [drm] fb1: vkms frame buffer device
[    4.517507][    T1] usbcore: registered new interface driver udl
[    4.518358][    T1] fb0: switching to bochs-drm from VGA16 VGA
[    4.715856][    T1] Console: switching to colour VGA+ 80x25
[    4.719335][    T1] bochs-drm 0000:00:02.0: vgaarb: deactivate vga console
[    4.724949][    T1] Console: switching to colour dummy device 80x25
[    4.729209][    T1] [drm] Found bochs VGA, ID 0xb0c5.
[    4.729222][    T1] [drm] Framebuffer size 16384 kB @ 0xfd000000, mmio @ 0xfebf0000.
[    4.731966][    T1] [drm] Found EDID data blob.
[    4.733432][    T1] [drm] Initialized bochs-drm 1.0.0 20130925 for 0000:00:02.0 on minor 2
[    4.740055][    T1] fbcon: bochs-drm (fb0) is primary device
[    4.797336][    T1] Console: switching to colour frame buffer device 160x50
[    4.817547][    T1] bochs-drm 0000:00:02.0: [drm] fb0: bochs-drm frame buffer device
[    4.945286][   T44] Floppy drive(s): fd0 is 2.88M AMI BIOS
[    4.965241][  T794] kworker/u4:0 (794) used greatest stack depth: 27456 bytes left
[    4.973134][   T44] FDC 0 is a S82078B
[    4.980574][    T1] brd: module loaded
[    5.021012][    T1] loop: module loaded
[    5.042328][    T1] the cryptoloop driver has been deprecated and will be removed in in Linux 5.16
[    5.045373][    T1] zram: Added device: zram0
[    5.048816][    T1] null_blk: module loaded
[    5.049431][    T1] Guest personality initialized and is inactive
[    5.050371][    T1] VMCI host device registered (name=vmci, major=10, minor=120)
[    5.051254][    T1] Initialized host personality
[    5.051897][    T1] usbcore: registered new interface driver rtsx_usb
[    5.052921][    T1] usbcore: registered new interface driver viperboard
[    5.053817][    T1] usbcore: registered new interface driver dln2
[    5.054658][    T1] usbcore: registered new interface driver pn533_usb
[    5.056571][    T1] nfcsim 0.2 initialized
[    5.057146][    T1] usbcore: registered new interface driver port100
[    5.057966][    T1] usbcore: registered new interface driver nfcmrvl
[    5.059930][    T1] Loading iSCSI transport class v2.0-870.
[    5.066010][    T1] st: Version 20160209, fixed bufsize 32768, s/g segs 256
[    5.078718][    T1] scsi host0: ata_piix
[    5.080611][    T1] scsi host1: ata_piix
[    5.081569][    T1] ata1: PATA max MWDMA2 cmd 0x1f0 ctl 0x3f6 bmdma 0xc000 irq 14
[    5.082477][    T1] ata2: PATA max MWDMA2 cmd 0x170 ctl 0x376 bmdma 0xc008 irq 15
[    5.087464][    T1] Rounding down aligned max_sectors from 4294967295 to 4294967288
[    5.088657][    T1] db_root: cannot open: /etc/target
[    5.089612][    T1] slram: not enough parameters.
[    5.092121][    T1] ftl_cs: FTL header not found.
[    5.102074][    T1] wireguard: WireGuard 1.0.0 loaded. See www.wireguard.com for information.
[    5.103212][    T1] wireguard: Copyright (C) 2015-2019 Jason A. Donenfeld <Jason@zx2c4.com>. All Rights Reserved.
[    5.104418][    T1] eql: Equalizer2002: Simon Janes (simon@ncm.com) and David S. Miller (davem@redhat.com)
[    5.114820][    T1] MACsec IEEE 802.1AE
[    5.116463][    T1] libphy: Fixed MDIO Bus: probed
[    5.118071][    T1] tun: Universal TUN/TAP device driver, 1.6
[    5.120522][    T1] vcan: Virtual CAN interface driver
[    5.121139][    T1] vxcan: Virtual CAN Tunnel driver
[    5.121723][    T1] slcan: serial line CAN interface driver
[    5.122385][    T1] slcan: 10 dynamic interface channels.
[    5.123222][    T1] CAN device driver interface
[    5.123941][    T1] usbcore: registered new interface driver usb_8dev
[    5.124898][    T1] usbcore: registered new interface driver ems_usb
[    5.125876][    T1] usbcore: registered new interface driver esd_usb2
[    5.126833][    T1] usbcore: registered new interface driver gs_usb
[    5.127726][    T1] usbcore: registered new interface driver kvaser_usb
[    5.128600][    T1] usbcore: registered new interface driver mcba_usb
[    5.129519][    T1] usbcore: registered new interface driver peak_usb
[    5.130503][    T1] e100: Intel(R) PRO/100 Network Driver
[    5.131214][    T1] e100: Copyright(c) 1999-2006 Intel Corporation
[    5.132124][    T1] e1000: Intel(R) PRO/1000 Network Driver
[    5.132893][    T1] e1000: Copyright (c) 1999-2006 Intel Corporation.
[    5.133861][    T1] e1000e: Intel(R) PRO/1000 Network Driver
[    5.134581][    T1] e1000e: Copyright(c) 1999 - 2015 Intel Corporation.
[    5.136116][    T1] mkiss: AX.25 Multikiss, Hans Albas PE1AYX
[    5.136857][    T1] AX.25: 6pack driver, Revision: 0.3.0
[    5.137539][    T1] AX.25: bpqether driver version 004
[    5.138168][    T1] PPP generic driver version 2.4.2
[    5.139142][    T1] PPP BSD Compression module registered
[    5.139822][    T1] PPP Deflate Compression module registered
[    5.140572][    T1] PPP MPPE Compression module registered
[    5.141243][    T1] NET: Registered PF_PPPOX protocol family
[    5.141969][    T1] PPTP driver version 0.8.5
[    5.144789][    T1] SLIP: version 0.8.4-NET3.019-NEWTTY (dynamic channels, max=256) (6 bit encapsulation enabled).
[    5.146033][    T1] CSLIP: code copyright 1989 Regents of the University of California.
[    5.146980][    T1] SLIP linefill/keepalive option.
[    5.147874][    T1] hdlc: HDLC support module revision 1.22
[    5.148554][    T1] LAPB Ethernet driver version 0.02
[    5.149444][    T1] usbcore: registered new interface driver ath9k_htc
[    5.150316][    T1] usbcore: registered new interface driver carl9170
[    5.151194][    T1] usbcore: registered new interface driver ath6kl_usb
[    5.152051][    T1] usbcore: registered new interface driver ar5523
[    5.153081][    T1] usbcore: registered new interface driver ath10k_usb
[    5.154029][    T1] usbcore: registered new interface driver rndis_wlan
[    5.154950][    T1] mac80211_hwsim: initializing netlink
[    5.164911][    T1] usbcore: registered new interface driver atusb
[    5.170536][    T1] mac802154_hwsim mac802154_hwsim: Added 2 mac802154 hwsim hardware radios
[    5.171780][    T1] VMware vmxnet3 virtual NIC driver - version 1.6.0.0-k-NAPI
[    5.172864][    T1] usbcore: registered new interface driver catc
[    5.173698][    T1] usbcore: registered new interface driver kaweth
[    5.174474][    T1] pegasus: Pegasus/Pegasus II USB Ethernet driver
[    5.175335][    T1] usbcore: registered new interface driver pegasus
[    5.176200][    T1] usbcore: registered new interface driver rtl8150
[    5.177078][    T1] usbcore: registered new interface driver r8152
[    5.177839][    T1] hso: drivers/net/usb/hso.c: Option Wireless
[    5.178710][    T1] usbcore: registered new interface driver hso
[    5.179528][    T1] usbcore: registered new interface driver lan78xx
[    5.180407][    T1] usbcore: registered new interface driver asix
[    5.181239][    T1] usbcore: registered new interface driver ax88179_178a
[    5.182137][    T1] usbcore: registered new interface driver cdc_ether
[    5.183046][    T1] usbcore: registered new interface driver cdc_eem
[    5.183892][    T1] usbcore: registered new interface driver dm9601
[    5.184748][    T1] usbcore: registered new interface driver sr9700
[    5.185613][    T1] usbcore: registered new interface driver CoreChips
[    5.186513][    T1] usbcore: registered new interface driver smsc75xx
[    5.187398][    T1] usbcore: registered new interface driver smsc95xx
[    5.188233][    T1] usbcore: registered new interface driver gl620a
[    5.189047][    T1] usbcore: registered new interface driver net1080
[    5.189868][    T1] usbcore: registered new interface driver plusb
[    5.190665][    T1] usbcore: registered new interface driver rndis_host
[    5.191523][    T1] usbcore: registered new interface driver cdc_subset
[    5.192383][    T1] usbcore: registered new interface driver zaurus
[    5.193221][    T1] usbcore: registered new interface driver MOSCHIP usb-ethernet driver
[    5.194250][    T1] usbcore: registered new interface driver int51x1
[    5.195081][    T1] usbcore: registered new interface driver cdc_phonet
[    5.195932][    T1] usbcore: registered new interface driver kalmia
[    5.196763][    T1] usbcore: registered new interface driver ipheth
[    5.197578][    T1] usbcore: registered new interface driver sierra_net
[    5.198432][    T1] usbcore: registered new interface driver cx82310_eth
[    5.199316][    T1] usbcore: registered new interface driver cdc_ncm
[    5.200137][    T1] usbcore: registered new interface driver huawei_cdc_ncm
[    5.201028][    T1] usbcore: registered new interface driver lg-vl600
[    5.201868][    T1] usbcore: registered new interface driver qmi_wwan
[    5.202966][    T1] usbcore: registered new interface driver cdc_mbim
[    5.203808][    T1] usbcore: registered new interface driver ch9200
[    5.206257][    T1] VFIO - User Level meta-driver version: 0.3
[    5.209117][    T1] aoe: AoE v85 initialised.
[    5.211234][    T1] ehci_hcd: USB 2.0 'Enhanced' Host Controller (EHCI) Driver
[    5.212140][    T1] ehci-pci: EHCI PCI platform driver
[    5.212992][    T1] ehci-platform: EHCI generic platform driver
[    5.213940][    T1] ohci_hcd: USB 1.1 'Open' Host Controller (OHCI) Driver
[    5.214830][    T1] ohci-pci: OHCI PCI platform driver
[    5.215585][    T1] ohci-platform: OHCI generic platform driver
[    5.216429][    T1] uhci_hcd: USB Universal Host Controller Interface driver
[    5.218045][    T1] driver u132_hcd
[    5.219956][    T1] fotg210_hcd: FOTG210 Host Controller (EHCI) Driver
[    5.220765][    T1] Warning! fotg210_hcd should always be loaded before uhci_hcd and ohci_hcd, not after
[    5.222009][    T1] SPI driver max3421-hcd has no spi_device_id for maxim,max3421
[    5.223165][    T1] usbcore: registered new interface driver cdc_acm
[    5.223958][    T1] cdc_acm: USB Abstract Control Model driver for USB modems and ISDN adapters
[    5.225108][    T1] usbcore: registered new interface driver usblp
[    5.225942][    T1] usbcore: registered new interface driver cdc_wdm
[    5.226792][    T1] usbcore: registered new interface driver usbtmc
[    5.227841][    T1] usbcore: registered new interface driver uas
[    5.228686][    T1] usbcore: registered new interface driver usb-storage
[    5.229575][    T1] usbcore: registered new interface driver ums-alauda
[    5.230448][    T1] usbcore: registered new interface driver ums-cypress
[    5.231339][    T1] usbcore: registered new interface driver ums-datafab
[    5.232224][    T1] usbcore: registered new interface driver ums_eneub6250
[    5.233244][    T1] usbcore: registered new interface driver ums-freecom
[    5.234417][    T1] usbcore: registered new interface driver ums-isd200
[    5.235309][    T1] usbcore: registered new interface driver ums-jumpshot
[    5.236202][    T1] usbcore: registered new interface driver ums-karma
[    5.237070][    T1] usbcore: registered new interface driver ums-onetouch
[    5.237984][    T1] usbcore: registered new interface driver ums-realtek
[    5.238867][    T1] usbcore: registered new interface driver ums-sddr09
[    5.239748][    T1] usbcore: registered new interface driver ums-sddr55
[    5.240629][    T1] usbcore: registered new interface driver ums-usbat
[    5.241524][    T1] usbcore: registered new interface driver mdc800
[    5.242293][    T1] mdc800: v0.7.5 (30/10/2000):USB Driver for Mustek MDC800 Digital Camera
[    5.243409][    T1] usbcore: registered new interface driver microtekX6
[    5.244396][    T1] usbcore: registered new interface driver usbserial_generic
[    5.245489][    T1] usbserial: USB Serial support registered for generic
[    5.246409][    T1] usbcore: registered new interface driver aircable
[    5.247262][    T1] usbserial: USB Serial support registered for aircable
[    5.248168][    T1] usbcore: registered new interface driver ark3116
[    5.249006][    T1] usbserial: USB Serial support registered for ark3116
[    5.249894][    T1] usbcore: registered new interface driver belkin_sa
[    5.250745][    T1] usbserial: USB Serial support registered for Belkin / Peracom / GoHubs USB Serial Adapter
[    5.252042][    T1] usbcore: registered new interface driver ch341
[    5.252883][    T1] usbserial: USB Serial support registered for ch341-uart
[    5.253814][    T1] usbcore: registered new interface driver cp210x
[    5.254645][    T1] usbserial: USB Serial support registered for cp210x
[    5.255550][    T1] usbcore: registered new interface driver cyberjack
[    5.256404][    T1] usbserial: USB Serial support registered for Reiner SCT Cyberjack USB card reader
[    5.257587][    T1] usbcore: registered new interface driver cypress_m8
[    5.258460][    T1] usbserial: USB Serial support registered for DeLorme Earthmate USB
[    5.259488][    T1] usbserial: USB Serial support registered for HID->COM RS232 Adapter
[    5.260513][    T1] usbserial: USB Serial support registered for Nokia CA-42 V2 Adapter
[    5.261534][    T1] usbcore: registered new interface driver usb_debug
[    5.262383][    T1] usbserial: USB Serial support registered for debug
[    5.263342][    T1] usbserial: USB Serial support registered for xhci_dbc
[    5.264251][    T1] usbcore: registered new interface driver digi_acceleport
[    5.265162][    T1] usbserial: USB Serial support registered for Digi 2 port USB adapter
[    5.266249][    T1] usbserial: USB Serial support registered for Digi 4 port USB adapter
[    5.267310][    T1] usbcore: registered new interface driver io_edgeport
[    5.268185][    T1] usbserial: USB Serial support registered for Edgeport 2 port adapter
[    5.269238][    T1] usbserial: USB Serial support registered for Edgeport 4 port adapter
[    5.270284][    T1] usbserial: USB Serial support registered for Edgeport 8 port adapter
[    5.271329][    T1] usbserial: USB Serial support registered for EPiC device
[    5.272265][    T1] usbcore: registered new interface driver io_ti
[    5.273171][    T1] usbserial: USB Serial support registered for Edgeport TI 1 port adapter
[    5.274248][    T1] usbserial: USB Serial support registered for Edgeport TI 2 port adapter
[    5.275358][    T1] usbcore: registered new interface driver empeg
[    5.276837][    T1] usbserial: USB Serial support registered for empeg
[    5.277741][    T1] usbcore: registered new interface driver f81534a_ctrl
[    5.278665][    T1] usbcore: registered new interface driver f81232
[    5.279525][    T1] usbserial: USB Serial support registered for f81232
[    5.280419][    T1] usbserial: USB Serial support registered for f81534a
[    5.281327][    T1] usbcore: registered new interface driver f81534
[    5.282172][    T1] usbserial: USB Serial support registered for Fintek F81532/F81534
[    5.283259][    T1] usbcore: registered new interface driver ftdi_sio
[    5.284130][    T1] usbserial: USB Serial support registered for FTDI USB Serial Device
[    5.285206][    T1] usbcore: registered new interface driver garmin_gps
[    5.286093][    T1] usbserial: USB Serial support registered for Garmin GPS usb/tty
[    5.287135][    T1] usbcore: registered new interface driver ipaq
[    5.287962][    T1] usbserial: USB Serial support registered for PocketPC PDA
[    5.288936][    T1] usbcore: registered new interface driver ipw
[    5.289754][    T1] usbserial: USB Serial support registered for IPWireless converter
[    5.290803][    T1] usbcore: registered new interface driver ir_usb
[    5.291672][    T1] usbserial: USB Serial support registered for IR Dongle
[    5.292609][    T1] usbcore: registered new interface driver iuu_phoenix
[    5.293538][    T1] usbserial: USB Serial support registered for iuu_phoenix
[    5.294497][    T1] usbcore: registered new interface driver keyspan
[    5.295378][    T1] usbserial: USB Serial support registered for Keyspan - (without firmware)
[    5.296504][    T1] usbserial: USB Serial support registered for Keyspan 1 port adapter
[    5.297592][    T1] usbserial: USB Serial support registered for Keyspan 2 port adapter
[    5.298650][    T1] usbserial: USB Serial support registered for Keyspan 4 port adapter
[    5.299739][    T1] usbcore: registered new interface driver keyspan_pda
[    5.300640][    T1] usbserial: USB Serial support registered for Keyspan PDA
[    5.301576][    T1] usbserial: USB Serial support registered for Keyspan PDA - (prerenumeration)
[    5.302773][    T1] usbcore: registered new interface driver kl5kusb105
[    5.303672][    T1] usbserial: USB Serial support registered for KL5KUSB105D / PalmConnect
[    5.304782][    T1] usbcore: registered new interface driver kobil_sct
[    5.305660][    T1] usbserial: USB Serial support registered for KOBIL USB smart card terminal
[    5.306817][    T1] usbcore: registered new interface driver mct_u232
[    5.307675][    T1] usbserial: USB Serial support registered for MCT U232
[    5.308583][    T1] usbcore: registered new interface driver metro_usb
[    5.309452][    T1] usbserial: USB Serial support registered for Metrologic USB to Serial
[    5.310527][    T1] usbcore: registered new interface driver mos7720
[    5.311388][    T1] usbserial: USB Serial support registered for Moschip 2 port adapter
[    5.312445][    T1] usbcore: registered new interface driver mos7840
[    5.313316][    T1] usbserial: USB Serial support registered for Moschip 7840/7820 USB Serial Driver
[    5.314556][    T1] usbcore: registered new interface driver mxuport
[    5.315418][    T1] usbserial: USB Serial support registered for MOXA UPort
[    5.316360][    T1] usbcore: registered new interface driver navman
[    5.317204][    T1] usbserial: USB Serial support registered for navman
[    5.318086][    T1] usbcore: registered new interface driver omninet
[    5.318925][    T1] usbserial: USB Serial support registered for ZyXEL - omni.net usb
[    5.319942][    T1] usbcore: registered new interface driver opticon
[    5.320783][    T1] usbserial: USB Serial support registered for opticon
[    5.321675][    T1] usbcore: registered new interface driver option
[    5.322505][    T1] usbserial: USB Serial support registered for GSM modem (1-port)
[    5.323551][    T1] usbcore: registered new interface driver oti6858
[    5.324400][    T1] usbserial: USB Serial support registered for oti6858
[    5.325297][    T1] usbcore: registered new interface driver pl2303
[    5.326134][    T1] usbserial: USB Serial support registered for pl2303
[    5.327036][    T1] usbcore: registered new interface driver qcaux
[    5.327862][    T1] usbserial: USB Serial support registered for qcaux
[    5.328736][    T1] usbcore: registered new interface driver qcserial
[    5.329622][    T1] usbserial: USB Serial support registered for Qualcomm USB modem
[    5.330652][    T1] usbcore: registered new interface driver quatech2
[    5.331523][    T1] usbserial: USB Serial support registered for Quatech 2nd gen USB to Serial Driver
[    5.332742][    T1] usbcore: registered new interface driver safe_serial
[    5.333639][    T1] usbserial: USB Serial support registered for safe_serial
[    5.334889][    T1] usbcore: registered new interface driver sierra
[    5.335730][    T1] usbserial: USB Serial support registered for Sierra USB modem
[    5.336726][    T1] usbcore: registered new interface driver usb_serial_simple
[    5.337670][    T1] usbserial: USB Serial support registered for carelink
[    5.338572][    T1] usbserial: USB Serial support registered for zio
[    5.339436][    T1] usbserial: USB Serial support registered for funsoft
[    5.340332][    T1] usbserial: USB Serial support registered for flashloader
[    5.341274][    T1] usbserial: USB Serial support registered for google
[    5.342157][    T1] usbserial: USB Serial support registered for libtransistor
[    5.343142][    T1] usbserial: USB Serial support registered for vivopay
[    5.344033][    T1] usbserial: USB Serial support registered for moto_modem
[    5.344950][    T1] usbserial: USB Serial support registered for motorola_tetra
[    5.345936][    T1] usbserial: USB Serial support registered for novatel_gps
[    5.346867][    T1] usbserial: USB Serial support registered for hp4x
[    5.347718][    T1] usbserial: USB Serial support registered for suunto
[    5.348588][    T1] usbserial: USB Serial support registered for siemens_mpi
[    5.349530][    T1] usbcore: registered new interface driver spcp8x5
[    5.350381][    T1] usbserial: USB Serial support registered for SPCP8x5
[    5.351291][    T1] usbcore: registered new interface driver ssu100
[    5.352130][    T1] usbserial: USB Serial support registered for Quatech SSU-100 USB to Serial Driver
[    5.353357][    T1] usbcore: registered new interface driver symbolserial
[    5.354246][    T1] usbserial: USB Serial support registered for symbol
[    5.355135][    T1] usbcore: registered new interface driver ti_usb_3410_5052
[    5.356082][    T1] usbserial: USB Serial support registered for TI USB 3410 1 port adapter
[    5.357168][    T1] usbserial: USB Serial support registered for TI USB 5052 2 port adapter
[    5.358281][    T1] usbcore: registered new interface driver upd78f0730
[    5.359162][    T1] usbserial: USB Serial support registered for upd78f0730
[    5.360092][    T1] usbcore: registered new interface driver visor
[    5.360915][    T1] usbserial: USB Serial support registered for Handspring Visor / Palm OS
[    5.362022][    T1] usbserial: USB Serial support registered for Sony Clie 5.0
[    5.363148][    T1] usbserial: USB Serial support registered for Sony Clie 3.5
[    5.364248][    T1] usbcore: registered new interface driver wishbone_serial
[    5.365160][    T1] usbserial: USB Serial support registered for wishbone_serial
[    5.366132][    T1] usbcore: registered new interface driver whiteheat
[    5.366982][    T1] usbserial: USB Serial support registered for Connect Tech - WhiteHEAT - (prerenumeration)
[    5.368241][    T1] usbserial: USB Serial support registered for Connect Tech - WhiteHEAT
[    5.369285][    T1] usbcore: registered new interface driver xr_serial
[    5.370120][    T1] usbserial: USB Serial support registered for xr_serial
[    5.371022][    T1] usbcore: registered new interface driver xsens_mt
[    5.371846][    T1] usbserial: USB Serial support registered for xsens_mt
[    5.372762][    T1] usbcore: registered new interface driver adutux
[    5.373591][    T1] usbcore: registered new interface driver appledisplay
[    5.374491][    T1] usbcore: registered new interface driver cypress_cy7c63
[    5.375444][    T1] usbcore: registered new interface driver cytherm
[    5.376286][    T1] usbcore: registered new interface driver emi26 - firmware loader
[    5.377286][    T1] usbcore: registered new interface driver emi62 - firmware loader
[    5.378213][    T1] ftdi_elan: driver ftdi-elan
[    5.378863][    T1] usbcore: registered new interface driver ftdi-elan
[    5.379739][    T1] usbcore: registered new interface driver idmouse
[    5.380577][    T1] usbcore: registered new interface driver iowarrior
[    5.381441][    T1] usbcore: registered new interface driver isight_firmware
[    5.382374][    T1] usbcore: registered new interface driver usblcd
[    5.383237][    T1] usbcore: registered new interface driver ldusb
[    5.384057][    T1] usbcore: registered new interface driver legousbtower
[    5.384964][    T1] usbcore: registered new interface driver usbtest
[    5.385811][    T1] usbcore: registered new interface driver usb_ehset_test
[    5.386723][    T1] usbcore: registered new interface driver trancevibrator
[    5.387650][    T1] usbcore: registered new interface driver uss720
[    5.388410][    T1] uss720: USB Parport Cable driver for Cables using the Lucent Technologies USS720 Chip
[    5.389555][    T1] uss720: NOTE: this is a special purpose driver to allow nonstandard
[    5.390507][    T1] uss720: protocols (eg. bitbang) over USS720 usb to parallel cables
[    5.391465][    T1] uss720: If you just want to connect to a printer, use usblp instead
[    5.392491][    T1] usbcore: registered new interface driver usbsevseg
[    5.393438][    T1] usbcore: registered new interface driver yurex
[    5.394479][    T1] usbcore: registered new interface driver chaoskey
[    5.395344][    T1] usbcore: registered new interface driver sisusb
[    5.396188][    T1] usbcore: registered new interface driver lvs
[    5.396991][    T1] usbcore: registered new interface driver cxacru
[    5.397855][    T1] usbcore: registered new interface driver speedtch
[    5.398729][    T1] usbcore: registered new interface driver ueagle-atm
[    5.399540][    T1] xusbatm: malformed module parameters
[    5.400964][    T1] dummy_hcd dummy_hcd.0: USB Host+Gadget Emulator, driver 02 May 2005
[    5.401956][    T1] dummy_hcd dummy_hcd.0: Dummy host controller
[    5.404697][    T1] dummy_hcd dummy_hcd.0: new USB bus registered, assigned bus number 1
[    5.406286][  T962] ata2.00: ATAPI: QEMU DVD-ROM, 2.5+, max UDMA/100
[    5.407009][    T1] usb usb1: New USB device found, idVendor=1d6b, idProduct=0002, bcdDevice= 5.15
[    5.408678][    T1] usb usb1: New USB device strings: Mfr=3, Product=2, SerialNumber=1
[    5.409738][    T1] usb usb1: Product: Dummy host controller
[    5.410231][   T53] scsi 1:0:0:0: CD-ROM            QEMU     QEMU DVD-ROM     2.5+ PQ: 0 ANSI: 5
[    5.410482][    T1] usb usb1: Manufacturer: Linux 5.15.0-rc4-next-20211011+ dummy_hcd
[    5.412994][    T1] usb usb1: SerialNumber: dummy_hcd.0
[    5.416965][    T1] hub 1-0:1.0: USB hub found
[    5.417752][    T1] hub 1-0:1.0: 1 port detected
[    5.421664][    T1] gadgetfs: USB Gadget filesystem, version 24 Aug 2004
[    5.424596][    T1] vhci_hcd vhci_hcd.0: USB/IP Virtual Host Controller
[    5.425851][    T1] vhci_hcd vhci_hcd.0: new USB bus registered, assigned bus number 2
[    5.427061][    T1] vhci_hcd: created sysfs vhci_hcd.0
[    5.428117][    T1] usb usb2: New USB device found, idVendor=1d6b, idProduct=0002, bcdDevice= 5.15
[    5.429188][    T1] usb usb2: New USB device strings: Mfr=3, Product=2, SerialNumber=1
[    5.430123][    T1] usb usb2: Product: USB/IP Virtual Host Controller
[    5.430886][    T1] usb usb2: Manufacturer: Linux 5.15.0-rc4-next-20211011+ vhci_hcd
[    5.431839][    T1] usb usb2: SerialNumber: vhci_hcd.0
[    5.433760][    T1] hub 2-0:1.0: USB hub found
[    5.434510][    T1] hub 2-0:1.0: 8 ports detected
[    5.437935][    T1] vhci_hcd vhci_hcd.0: USB/IP Virtual Host Controller
[    5.439219][    T1] vhci_hcd vhci_hcd.0: new USB bus registered, assigned bus number 3
[    5.440400][    T1] usb usb3: We don't know the algorithms for LPM for this host, disabling LPM.
[    5.441862][    T1] usb usb3: New USB device found, idVendor=1d6b, idProduct=0003, bcdDevice= 5.15
[    5.443081][    T1] usb usb3: New USB device strings: Mfr=3, Product=2, SerialNumber=1
[    5.444055][    T1] usb usb3: Product: USB/IP Virtual Host Controller
[    5.444836][    T1] usb usb3: Manufacturer: Linux 5.15.0-rc4-next-20211011+ vhci_hcd
[    5.445805][    T1] usb usb3: SerialNumber: vhci_hcd.0
[    5.447761][    T1] hub 3-0:1.0: USB hub found
[    5.448709][    T1] hub 3-0:1.0: 8 ports detected
[    5.452307][    T1] vhci_hcd vhci_hcd.1: USB/IP Virtual Host Controller
[    5.454768][    T1] vhci_hcd vhci_hcd.1: new USB bus registered, assigned bus number 4
[    5.456212][   T53] sr 1:0:0:0: [sr0] scsi3-mmc drive: 4x/4x cd/rw xa/form2 tray
[    5.456342][    T1] usb usb4: New USB device found, idVendor=1d6b, idProduct=0002, bcdDevice= 5.15
[    5.457141][   T53] cdrom: Uniform CD-ROM driver Revision: 3.20
[    5.458222][    T1] usb usb4: New USB device strings: Mfr=3, Product=2, SerialNumber=1
[    5.460049][    T1] usb usb4: Product: USB/IP Virtual Host Controller
[    5.460849][    T1] usb usb4: Manufacturer: Linux 5.15.0-rc4-next-20211011+ vhci_hcd
[    5.461825][    T1] usb usb4: SerialNumber: vhci_hcd.1
[    5.463603][    T1] hub 4-0:1.0: USB hub found
[    5.464373][    T1] hub 4-0:1.0: 8 ports detected
[    5.467536][    T1] vhci_hcd vhci_hcd.1: USB/IP Virtual Host Controller
[    5.468683][    T1] vhci_hcd vhci_hcd.1: new USB bus registered, assigned bus number 5
[    5.469811][    T1] usb usb5: We don't know the algorithms for LPM for this host, disabling LPM.
[    5.471331][    T1] usb usb5: New USB device found, idVendor=1d6b, idProduct=0003, bcdDevice= 5.15
[    5.472513][    T1] usb usb5: New USB device strings: Mfr=3, Product=2, SerialNumber=1
[    5.473662][    T1] usb usb5: Product: USB/IP Virtual Host Controller
[    5.474529][    T1] usb usb5: Manufacturer: Linux 5.15.0-rc4-next-20211011+ vhci_hcd
[    5.475493][    T1] usb usb5: SerialNumber: vhci_hcd.1
[    5.477313][    T1] hub 5-0:1.0: USB hub found
[    5.478024][    T1] hub 5-0:1.0: 8 ports detected
[    5.481538][    T1] vhci_hcd vhci_hcd.2: USB/IP Virtual Host Controller
[    5.483488][    T1] vhci_hcd vhci_hcd.2: new USB bus registered, assigned bus number 6
[    5.484995][    T1] usb usb6: New USB device found, idVendor=1d6b, idProduct=0002, bcdDevice= 5.15
[    5.486211][    T1] usb usb6: New USB device strings: Mfr=3, Product=2, SerialNumber=1
[    5.487290][    T1] usb usb6: Product: USB/IP Virtual Host Controller
[    5.488132][    T1] usb usb6: Manufacturer: Linux 5.15.0-rc4-next-20211011+ vhci_hcd
[    5.489190][    T1] usb usb6: SerialNumber: vhci_hcd.2
[    5.490791][    T1] hub 6-0:1.0: USB hub found
[    5.491491][    T1] hub 6-0:1.0: 8 ports detected
[    5.494435][    T1] vhci_hcd vhci_hcd.2: USB/IP Virtual Host Controller
[    5.495658][    T1] vhci_hcd vhci_hcd.2: new USB bus registered, assigned bus number 7
[    5.496793][    T1] usb usb7: We don't know the algorithms for LPM for this host, disabling LPM.
[    5.498226][    T1] usb usb7: New USB device found, idVendor=1d6b, idProduct=0003, bcdDevice= 5.15
[    5.499336][    T1] usb usb7: New USB device strings: Mfr=3, Product=2, SerialNumber=1
[    5.500343][    T1] usb usb7: Product: USB/IP Virtual Host Controller
[    5.501141][    T1] usb usb7: Manufacturer: Linux 5.15.0-rc4-next-20211011+ vhci_hcd
[    5.502117][    T1] usb usb7: SerialNumber: vhci_hcd.2
[    5.503826][    T1] hub 7-0:1.0: USB hub found
[    5.504484][    T1] hub 7-0:1.0: 8 ports detected
[    5.507884][    T1] vhci_hcd vhci_hcd.3: USB/IP Virtual Host Controller
[    5.509580][    T1] vhci_hcd vhci_hcd.3: new USB bus registered, assigned bus number 8
[    5.511024][    T1] usb usb8: New USB device found, idVendor=1d6b, idProduct=0002, bcdDevice= 5.15
[    5.512154][    T1] usb usb8: New USB device strings: Mfr=3, Product=2, SerialNumber=1
[    5.513204][    T1] usb usb8: Product: USB/IP Virtual Host Controller
[    5.514011][    T1] usb usb8: Manufacturer: Linux 5.15.0-rc4-next-20211011+ vhci_hcd
[    5.515003][    T1] usb usb8: SerialNumber: vhci_hcd.3
[    5.516733][    T1] hub 8-0:1.0: USB hub found
[    5.517401][    T1] hub 8-0:1.0: 8 ports detected
[    5.520291][    T1] vhci_hcd vhci_hcd.3: USB/IP Virtual Host Controller
[    5.521446][    T1] vhci_hcd vhci_hcd.3: new USB bus registered, assigned bus number 9
[    5.523028][    T1] usb usb9: We don't know the algorithms for LPM for this host, disabling LPM.
[    5.524800][    T1] usb usb9: New USB device found, idVendor=1d6b, idProduct=0003, bcdDevice= 5.15
[    5.526048][    T1] usb usb9: New USB device strings: Mfr=3, Product=2, SerialNumber=1
[    5.527110][    T1] usb usb9: Product: USB/IP Virtual Host Controller
[    5.527908][    T1] usb usb9: Manufacturer: Linux 5.15.0-rc4-next-20211011+ vhci_hcd
[    5.528910][    T1] usb usb9: SerialNumber: vhci_hcd.3
[    5.529926][   T53] sr 1:0:0:0: Attached scsi generic sg0 type 5
[    5.531764][    T1] hub 9-0:1.0: USB hub found
[    5.532391][    T1] hub 9-0:1.0: 8 ports detected
[    5.536787][    T1] vhci_hcd vhci_hcd.4: USB/IP Virtual Host Controller
[    5.537943][    T1] vhci_hcd vhci_hcd.4: new USB bus registered, assigned bus number 10
[    5.539311][    T1] usb usb10: New USB device found, idVendor=1d6b, idProduct=0002, bcdDevice= 5.15
[    5.540398][    T1] usb usb10: New USB device strings: Mfr=3, Product=2, SerialNumber=1
[    5.541356][    T1] usb usb10: Product: USB/IP Virtual Host Controller
[    5.542142][    T1] usb usb10: Manufacturer: Linux 5.15.0-rc4-next-20211011+ vhci_hcd
[    5.543113][    T1] usb usb10: SerialNumber: vhci_hcd.4
[    5.544696][    T1] hub 10-0:1.0: USB hub found
[    5.545333][    T1] hub 10-0:1.0: 8 ports detected
[    5.548109][    T1] vhci_hcd vhci_hcd.4: USB/IP Virtual Host Controller
[    5.549194][    T1] vhci_hcd vhci_hcd.4: new USB bus registered, assigned bus number 11
[    5.550380][    T1] usb usb11: We don't know the algorithms for LPM for this host, disabling LPM.
[    5.551828][    T1] usb usb11: New USB device found, idVendor=1d6b, idProduct=0003, bcdDevice= 5.15
[    5.553111][    T1] usb usb11: New USB device strings: Mfr=3, Product=2, SerialNumber=1
[    5.554133][    T1] usb usb11: Product: USB/IP Virtual Host Controller
[    5.554959][    T1] usb usb11: Manufacturer: Linux 5.15.0-rc4-next-20211011+ vhci_hcd
[    5.555941][    T1] usb usb11: SerialNumber: vhci_hcd.4
[    5.557641][    T1] hub 11-0:1.0: USB hub found
[    5.558343][    T1] hub 11-0:1.0: 8 ports detected
[    5.561579][    T1] vhci_hcd vhci_hcd.5: USB/IP Virtual Host Controller
[    5.563399][    T1] vhci_hcd vhci_hcd.5: new USB bus registered, assigned bus number 12
[    5.564983][    T1] usb usb12: New USB device found, idVendor=1d6b, idProduct=0002, bcdDevice= 5.15
[    5.566175][    T1] usb usb12: New USB device strings: Mfr=3, Product=2, SerialNumber=1
[    5.567206][    T1] usb usb12: Product: USB/IP Virtual Host Controller
[    5.567997][    T1] usb usb12: Manufacturer: Linux 5.15.0-rc4-next-20211011+ vhci_hcd
[    5.569016][    T1] usb usb12: SerialNumber: vhci_hcd.5
[    5.570698][    T1] hub 12-0:1.0: USB hub found
[    5.571353][    T1] hub 12-0:1.0: 8 ports detected
[    5.575148][    T1] vhci_hcd vhci_hcd.5: USB/IP Virtual Host Controller
[    5.576232][    T1] vhci_hcd vhci_hcd.5: new USB bus registered, assigned bus number 13
[    5.577408][    T1] usb usb13: We don't know the algorithms for LPM for this host, disabling LPM.
[    5.578825][    T1] usb usb13: New USB device found, idVendor=1d6b, idProduct=0003, bcdDevice= 5.15
[    5.579963][    T1] usb usb13: New USB device strings: Mfr=3, Product=2, SerialNumber=1
[    5.580979][    T1] usb usb13: Product: USB/IP Virtual Host Controller
[    5.581803][    T1] usb usb13: Manufacturer: Linux 5.15.0-rc4-next-20211011+ vhci_hcd
[    5.582908][    T1] usb usb13: SerialNumber: vhci_hcd.5
[    5.584612][    T1] hub 13-0:1.0: USB hub found
[    5.585331][    T1] hub 13-0:1.0: 8 ports detected
[    5.588670][    T1] vhci_hcd vhci_hcd.6: USB/IP Virtual Host Controller
[    5.590655][    T1] vhci_hcd vhci_hcd.6: new USB bus registered, assigned bus number 14
[    5.592217][    T1] usb usb14: New USB device found, idVendor=1d6b, idProduct=0002, bcdDevice= 5.15
[    5.593543][    T1] usb usb14: New USB device strings: Mfr=3, Product=2, SerialNumber=1
[    5.594626][    T1] usb usb14: Product: USB/IP Virtual Host Controller
[    5.595526][    T1] usb usb14: Manufacturer: Linux 5.15.0-rc4-next-20211011+ vhci_hcd
[    5.596574][    T1] usb usb14: SerialNumber: vhci_hcd.6
[    5.598195][    T1] hub 14-0:1.0: USB hub found
[    5.599013][    T1] hub 14-0:1.0: 8 ports detected
[    5.602024][    T1] vhci_hcd vhci_hcd.6: USB/IP Virtual Host Controller
[    5.603744][    T1] vhci_hcd vhci_hcd.6: new USB bus registered, assigned bus number 15
[    5.604856][    T1] usb usb15: We don't know the algorithms for LPM for this host, disabling LPM.
[    5.606342][    T1] usb usb15: New USB device found, idVendor=1d6b, idProduct=0003, bcdDevice= 5.15
[    5.607575][    T1] usb usb15: New USB device strings: Mfr=3, Product=2, SerialNumber=1
[    5.608666][    T1] usb usb15: Product: USB/IP Virtual Host Controller
[    5.609521][    T1] usb usb15: Manufacturer: Linux 5.15.0-rc4-next-20211011+ vhci_hcd
[    5.610538][    T1] usb usb15: SerialNumber: vhci_hcd.6
[    5.612221][    T1] hub 15-0:1.0: USB hub found
[    5.613032][    T1] hub 15-0:1.0: 8 ports detected
[    5.616580][    T1] vhci_hcd vhci_hcd.7: USB/IP Virtual Host Controller
[    5.618365][    T1] vhci_hcd vhci_hcd.7: new USB bus registered, assigned bus number 16
[    5.619849][    T1] usb usb16: New USB device found, idVendor=1d6b, idProduct=0002, bcdDevice= 5.15
[    5.621075][    T1] usb usb16: New USB device strings: Mfr=3, Product=2, SerialNumber=1
[    5.622162][    T1] usb usb16: Product: USB/IP Virtual Host Controller
[    5.623126][    T1] usb usb16: Manufacturer: Linux 5.15.0-rc4-next-20211011+ vhci_hcd
[    5.624163][    T1] usb usb16: SerialNumber: vhci_hcd.7
[    5.626114][    T1] hub 16-0:1.0: USB hub found
[    5.626858][    T1] hub 16-0:1.0: 8 ports detected
[    5.629943][    T1] vhci_hcd vhci_hcd.7: USB/IP Virtual Host Controller
[    5.631180][    T1] vhci_hcd vhci_hcd.7: new USB bus registered, assigned bus number 17
[    5.633896][    T1] usb usb17: We don't know the algorithms for LPM for this host, disabling LPM.
[    5.636539][    T1] usb usb17: New USB device found, idVendor=1d6b, idProduct=0003, bcdDevice= 5.15
[    5.638528][    T1] usb usb17: New USB device strings: Mfr=3, Product=2, SerialNumber=1
[    5.639886][    T1] usb usb17: Product: USB/IP Virtual Host Controller
[    5.640680][    T1] usb usb17: Manufacturer: Linux 5.15.0-rc4-next-20211011+ vhci_hcd
[    5.641633][    T1] usb usb17: SerialNumber: vhci_hcd.7
[    5.643324][    T1] hub 17-0:1.0: USB hub found
[    5.644003][    T1] hub 17-0:1.0: 8 ports detected
[    5.647423][    T1] vhci_hcd vhci_hcd.8: USB/IP Virtual Host Controller
[    5.649221][    T1] vhci_hcd vhci_hcd.8: new USB bus registered, assigned bus number 18
[    5.650602][    T1] usb usb18: New USB device found, idVendor=1d6b, idProduct=0002, bcdDevice= 5.15
[    5.651743][    T1] usb usb18: New USB device strings: Mfr=3, Product=2, SerialNumber=1
[    5.653248][    T1] usb usb18: Product: USB/IP Virtual Host Controller
[    5.654068][    T1] usb usb18: Manufacturer: Linux 5.15.0-rc4-next-20211011+ vhci_hcd
[    5.655037][    T1] usb usb18: SerialNumber: vhci_hcd.8
[    5.656620][    T1] hub 18-0:1.0: USB hub found
[    5.657257][    T1] hub 18-0:1.0: 8 ports detected
[    5.660162][    T1] vhci_hcd vhci_hcd.8: USB/IP Virtual Host Controller
[    5.661297][    T1] vhci_hcd vhci_hcd.8: new USB bus registered, assigned bus number 19
[    5.662522][    T1] usb usb19: We don't know the algorithms for LPM for this host, disabling LPM.
[    5.664151][    T1] usb usb19: New USB device found, idVendor=1d6b, idProduct=0003, bcdDevice= 5.15
[    5.665268][    T1] usb usb19: New USB device strings: Mfr=3, Product=2, SerialNumber=1
[    5.666318][    T1] usb usb19: Product: USB/IP Virtual Host Controller
[    5.667197][    T1] usb usb19: Manufacturer: Linux 5.15.0-rc4-next-20211011+ vhci_hcd
[    5.668155][    T1] usb usb19: SerialNumber: vhci_hcd.8
[    5.669770][    T1] hub 19-0:1.0: USB hub found
[    5.670511][    T1] hub 19-0:1.0: 8 ports detected
[    5.674344][    T1] vhci_hcd vhci_hcd.9: USB/IP Virtual Host Controller
[    5.676210][    T1] vhci_hcd vhci_hcd.9: new USB bus registered, assigned bus number 20
[    5.677742][    T1] usb usb20: New USB device found, idVendor=1d6b, idProduct=0002, bcdDevice= 5.15
[    5.679006][    T1] usb usb20: New USB device strings: Mfr=3, Product=2, SerialNumber=1
[    5.680069][    T1] usb usb20: Product: USB/IP Virtual Host Controller
[    5.680958][    T1] usb usb20: Manufacturer: Linux 5.15.0-rc4-next-20211011+ vhci_hcd
[    5.681952][    T1] usb usb20: SerialNumber: vhci_hcd.9
[    5.683738][    T1] hub 20-0:1.0: USB hub found
[    5.684473][    T1] hub 20-0:1.0: 8 ports detected
[    5.687638][    T1] vhci_hcd vhci_hcd.9: USB/IP Virtual Host Controller
[    5.688920][    T1] vhci_hcd vhci_hcd.9: new USB bus registered, assigned bus number 21
[    5.690130][    T1] usb usb21: We don't know the algorithms for LPM for this host, disabling LPM.
[    5.691586][    T1] usb usb21: New USB device found, idVendor=1d6b, idProduct=0003, bcdDevice= 5.15
[    5.692929][    T1] usb usb21: New USB device strings: Mfr=3, Product=2, SerialNumber=1
[    5.693925][    T1] usb usb21: Product: USB/IP Virtual Host Controller
[    5.694727][    T1] usb usb21: Manufacturer: Linux 5.15.0-rc4-next-20211011+ vhci_hcd
[    5.695693][    T1] usb usb21: SerialNumber: vhci_hcd.9
[    5.697369][    T1] hub 21-0:1.0: USB hub found
[    5.698041][    T1] hub 21-0:1.0: 8 ports detected
[    5.701468][    T1] vhci_hcd vhci_hcd.10: USB/IP Virtual Host Controller
[    5.702726][    T1] vhci_hcd vhci_hcd.10: new USB bus registered, assigned bus number 22
[    5.704290][    T1] usb usb22: New USB device found, idVendor=1d6b, idProduct=0002, bcdDevice= 5.15
[    5.705489][    T1] usb usb22: New USB device strings: Mfr=3, Product=2, SerialNumber=1
[    5.706584][    T1] usb usb22: Product: USB/IP Virtual Host Controller
[    5.707463][    T1] usb usb22: Manufacturer: Linux 5.15.0-rc4-next-20211011+ vhci_hcd
[    5.708513][    T1] usb usb22: SerialNumber: vhci_hcd.10
[    5.710331][    T1] hub 22-0:1.0: USB hub found
[    5.711304][    T1] hub 22-0:1.0: 8 ports detected
[    5.714646][    T1] vhci_hcd vhci_hcd.10: USB/IP Virtual Host Controller
[    5.715888][    T1] vhci_hcd vhci_hcd.10: new USB bus registered, assigned bus number 23
[    5.717084][    T1] usb usb23: We don't know the algorithms for LPM for this host, disabling LPM.
[    5.718529][    T1] usb usb23: New USB device found, idVendor=1d6b, idProduct=0003, bcdDevice= 5.15
[    5.719647][    T1] usb usb23: New USB device strings: Mfr=3, Product=2, SerialNumber=1
[    5.720645][    T1] usb usb23: Product: USB/IP Virtual Host Controller
[    5.721453][    T1] usb usb23: Manufacturer: Linux 5.15.0-rc4-next-20211011+ vhci_hcd
[    5.722404][    T1] usb usb23: SerialNumber: vhci_hcd.10
[    5.724209][    T1] hub 23-0:1.0: USB hub found
[    5.724881][    T1] hub 23-0:1.0: 8 ports detected
[    5.728324][    T1] vhci_hcd vhci_hcd.11: USB/IP Virtual Host Controller
[    5.730119][    T1] vhci_hcd vhci_hcd.11: new USB bus registered, assigned bus number 24
[    5.731536][    T1] usb usb24: New USB device found, idVendor=1d6b, idProduct=0002, bcdDevice= 5.15
[    5.732710][    T1] usb usb24: New USB device strings: Mfr=3, Product=2, SerialNumber=1
[    5.733712][    T1] usb usb24: Product: USB/IP Virtual Host Controller
[    5.734540][    T1] usb usb24: Manufacturer: Linux 5.15.0-rc4-next-20211011+ vhci_hcd
[    5.735506][    T1] usb usb24: SerialNumber: vhci_hcd.11
[    5.737155][    T1] hub 24-0:1.0: USB hub found
[    5.737821][    T1] hub 24-0:1.0: 8 ports detected
[    5.740717][    T1] vhci_hcd vhci_hcd.11: USB/IP Virtual Host Controller
[    5.741863][    T1] vhci_hcd vhci_hcd.11: new USB bus registered, assigned bus number 25
[    5.743186][    T1] usb usb25: We don't know the algorithms for LPM for this host, disabling LPM.
[    5.744839][    T1] usb usb25: New USB device found, idVendor=1d6b, idProduct=0003, bcdDevice= 5.15
[    5.746072][    T1] usb usb25: New USB device strings: Mfr=3, Product=2, SerialNumber=1
[    5.747187][    T1] usb usb25: Product: USB/IP Virtual Host Controller
[    5.748057][    T1] usb usb25: Manufacturer: Linux 5.15.0-rc4-next-20211011+ vhci_hcd
[    5.749127][    T1] usb usb25: SerialNumber: vhci_hcd.11
[    5.750827][    T1] hub 25-0:1.0: USB hub found
[    5.751474][    T1] hub 25-0:1.0: 8 ports detected
[    5.755348][    T1] vhci_hcd vhci_hcd.12: USB/IP Virtual Host Controller
[    5.756566][    T1] vhci_hcd vhci_hcd.12: new USB bus registered, assigned bus number 26
[    5.757987][    T1] usb usb26: New USB device found, idVendor=1d6b, idProduct=0002, bcdDevice= 5.15
[    5.759095][    T1] usb usb26: New USB device strings: Mfr=3, Product=2, SerialNumber=1
[    5.760098][    T1] usb usb26: Product: USB/IP Virtual Host Controller
[    5.760903][    T1] usb usb26: Manufacturer: Linux 5.15.0-rc4-next-20211011+ vhci_hcd
[    5.761847][    T1] usb usb26: SerialNumber: vhci_hcd.12
[    5.763972][    T1] hub 26-0:1.0: USB hub found
[    5.764628][    T1] hub 26-0:1.0: 8 ports detected
[    5.767596][    T1] vhci_hcd vhci_hcd.12: USB/IP Virtual Host Controller
[    5.768753][    T1] vhci_hcd vhci_hcd.12: new USB bus registered, assigned bus number 27
[    5.769899][    T1] usb usb27: We don't know the algorithms for LPM for this host, disabling LPM.
[    5.771410][    T1] usb usb27: New USB device found, idVendor=1d6b, idProduct=0003, bcdDevice= 5.15
[    5.772636][    T1] usb usb27: New USB device strings: Mfr=3, Product=2, SerialNumber=1
[    5.773748][    T1] usb usb27: Product: USB/IP Virtual Host Controller
[    5.774654][    T1] usb usb27: Manufacturer: Linux 5.15.0-rc4-next-20211011+ vhci_hcd
[    5.775660][    T1] usb usb27: SerialNumber: vhci_hcd.12
[    5.777465][    T1] hub 27-0:1.0: USB hub found
[    5.778139][    T1] hub 27-0:1.0: 8 ports detected
[    5.781392][    T1] vhci_hcd vhci_hcd.13: USB/IP Virtual Host Controller
[    5.782889][    T1] vhci_hcd vhci_hcd.13: new USB bus registered, assigned bus number 28
[    5.784301][    T1] usb usb28: New USB device found, idVendor=1d6b, idProduct=0002, bcdDevice= 5.15
[    5.785401][    T1] usb usb28: New USB device strings: Mfr=3, Product=2, SerialNumber=1
[    5.786439][    T1] usb usb28: Product: USB/IP Virtual Host Controller
[    5.787382][    T1] usb usb28: Manufacturer: Linux 5.15.0-rc4-next-20211011+ vhci_hcd
[    5.788334][    T1] usb usb28: SerialNumber: vhci_hcd.13
[    5.789976][    T1] hub 28-0:1.0: USB hub found
[    5.790637][    T1] hub 28-0:1.0: 8 ports detected
[    5.793545][    T1] vhci_hcd vhci_hcd.13: USB/IP Virtual Host Controller
[    5.794682][    T1] vhci_hcd vhci_hcd.13: new USB bus registered, assigned bus number 29
[    5.795837][    T1] usb usb29: We don't know the algorithms for LPM for this host, disabling LPM.
[    5.797202][    T1] usb usb29: New USB device found, idVendor=1d6b, idProduct=0003, bcdDevice= 5.15
[    5.798280][    T1] usb usb29: New USB device strings: Mfr=3, Product=2, SerialNumber=1
[    5.799236][    T1] usb usb29: Product: USB/IP Virtual Host Controller
[    5.800015][    T1] usb usb29: Manufacturer: Linux 5.15.0-rc4-next-20211011+ vhci_hcd
[    5.800942][    T1] usb usb29: SerialNumber: vhci_hcd.13
[    5.802558][    T1] hub 29-0:1.0: USB hub found
[    5.803497][    T1] hub 29-0:1.0: 8 ports detected
[    5.806696][    T1] vhci_hcd vhci_hcd.14: USB/IP Virtual Host Controller
[    5.808388][    T1] vhci_hcd vhci_hcd.14: new USB bus registered, assigned bus number 30
[    5.809734][    T1] usb usb30: New USB device found, idVendor=1d6b, idProduct=0002, bcdDevice= 5.15
[    5.810816][    T1] usb usb30: New USB device strings: Mfr=3, Product=2, SerialNumber=1
[    5.811772][    T1] usb usb30: Product: USB/IP Virtual Host Controller
[    5.812552][    T1] usb usb30: Manufacturer: Linux 5.15.0-rc4-next-20211011+ vhci_hcd
[    5.813611][    T1] usb usb30: SerialNumber: vhci_hcd.14
[    5.815356][    T1] hub 30-0:1.0: USB hub found
[    5.816014][    T1] hub 30-0:1.0: 8 ports detected
[    5.818835][    T1] vhci_hcd vhci_hcd.14: USB/IP Virtual Host Controller
[    5.820004][    T1] vhci_hcd vhci_hcd.14: new USB bus registered, assigned bus number 31
[    5.821288][    T1] usb usb31: We don't know the algorithms for LPM for this host, disabling LPM.
[    5.822860][    T1] usb usb31: New USB device found, idVendor=1d6b, idProduct=0003, bcdDevice= 5.15
[    5.824094][    T1] usb usb31: New USB device strings: Mfr=3, Product=2, SerialNumber=1
[    5.825147][    T1] usb usb31: Product: USB/IP Virtual Host Controller
[    5.826062][    T1] usb usb31: Manufacturer: Linux 5.15.0-rc4-next-20211011+ vhci_hcd
[    5.827093][    T1] usb usb31: SerialNumber: vhci_hcd.14
[    5.829192][    T1] hub 31-0:1.0: USB hub found
[    5.829864][    T1] hub 31-0:1.0: 8 ports detected
[    5.833650][    T1] vhci_hcd vhci_hcd.15: USB/IP Virtual Host Controller
[    5.834934][    T1] vhci_hcd vhci_hcd.15: new USB bus registered, assigned bus number 32
[    5.836323][    T1] usb usb32: New USB device found, idVendor=1d6b, idProduct=0002, bcdDevice= 5.15
[    5.837432][    T1] usb usb32: New USB device strings: Mfr=3, Product=2, SerialNumber=1
[    5.838403][    T1] usb usb32: Product: USB/IP Virtual Host Controller
[    5.839205][    T1] usb usb32: Manufacturer: Linux 5.15.0-rc4-next-20211011+ vhci_hcd
[    5.840152][    T1] usb usb32: SerialNumber: vhci_hcd.15
[    5.841779][    T1] hub 32-0:1.0: USB hub found
[    5.842421][    T1] hub 32-0:1.0: 8 ports detected
[    5.845364][    T1] vhci_hcd vhci_hcd.15: USB/IP Virtual Host Controller
[    5.846494][    T1] vhci_hcd vhci_hcd.15: new USB bus registered, assigned bus number 33
[    5.847750][    T1] usb usb33: We don't know the algorithms for LPM for this host, disabling LPM.
[    5.849130][    T1] usb usb33: New USB device found, idVendor=1d6b, idProduct=0003, bcdDevice= 5.15
[    5.850267][    T1] usb usb33: New USB device strings: Mfr=3, Product=2, SerialNumber=1
[    5.851325][    T1] usb usb33: Product: USB/IP Virtual Host Controller
[    5.852111][    T1] usb usb33: Manufacturer: Linux 5.15.0-rc4-next-20211011+ vhci_hcd
[    5.853239][    T1] usb usb33: SerialNumber: vhci_hcd.15
[    5.854903][    T1] hub 33-0:1.0: USB hub found
[    5.855555][    T1] hub 33-0:1.0: 8 ports detected
[    5.858942][    T1] usbcore: registered new device driver usbip-host
[    5.860774][    T1] i8042: PNP: PS/2 Controller [PNP0303:KBD,PNP0f13:MOU] at 0x60,0x64 irq 1,12
[    5.863154][    T1] serio: i8042 KBD port at 0x60,0x64 irq 1
[    5.863983][    T1] serio: i8042 AUX port at 0x60,0x64 irq 12
[    5.866047][    T1] mousedev: PS/2 mouse device common for all mice
[    5.867933][    T1] usbcore: registered new interface driver appletouch
[    5.868962][    T1] usbcore: registered new interface driver bcm5974
[    5.870007][    T1] usbcore: registered new interface driver synaptics_usb
[    5.870967][    T1] usbcore: registered new interface driver iforce
[    5.871958][    T1] usbcore: registered new interface driver xpad
[    5.872927][    T1] usbcore: registered new interface driver usb_acecad
[    5.874091][    T1] usbcore: registered new interface driver aiptek
[    5.874968][    T1] usbcore: registered new interface driver hanwang
[    5.875857][    T1] usbcore: registered new interface driver kbtab
[    5.876728][    T1] usbcore: registered new interface driver pegasus_notetaker
[    5.877787][    T1] usbcore: registered new interface driver usbtouchscreen
[    5.878756][    T1] usbcore: registered new interface driver sur40
[    5.879651][    T1] usbcore: registered new interface driver ati_remote2
[    5.880467][    T1] cm109: Keymap for Komunikate KIP1000 phone loaded
[    5.881392][    T1] usbcore: registered new interface driver cm109
[    5.882160][    T1] cm109: CM109 phone driver: 20080805 (C) Alfred E. Heggestad
[    5.883201][    T1] usbcore: registered new interface driver ims_pcu
[    5.884119][    T1] usbcore: registered new interface driver keyspan_remote
[    5.885083][    T1] usbcore: registered new interface driver powermate
[    5.886231][    T1] usbcore: registered new interface driver yealink
[    5.887204][  T134] input: AT Translated Set 2 keyboard as /devices/platform/i8042/serio0/input/input1
[    5.887730][    T1] rtc_cmos 00:05: RTC can wake from S4
[    5.892224][    T1] rtc_cmos 00:05: registered as rtc0
[    5.893201][    T1] rtc_cmos 00:05: alarms up to one day, y3k, 242 bytes nvram, hpet irqs
[    5.894717][    T1] i2c_dev: i2c /dev entries driver
[    5.896139][    T1] usbcore: registered new interface driver i2c-diolan-u2c
[    5.897382][    T1] usbcore: registered new interface driver RobotFuzz Open Source InterFace, OSIF
[    5.898813][    T1] usbcore: registered new interface driver i2c-tiny-usb
[    5.900696][    T1] usbcore: registered new interface driver ati_remote
[    5.901862][    T1] usbcore: registered new interface driver imon
[    5.903148][    T1] usbcore: registered new interface driver mceusb
[    5.904317][    T1] usbcore: registered new interface driver redrat3
[    5.905377][    T1] usbcore: registered new interface driver streamzap
[    5.906413][    T1] usbcore: registered new interface driver igorplugusb
[    5.907608][    T1] usbcore: registered new interface driver iguanair
[    5.908613][    T1] usbcore: registered new interface driver ttusbir
[    5.909699][    T1] b2c2-flexcop: B2C2 FlexcopII/II(b)/III digital TV receiver chip loaded successfully
[    5.911113][    T1] usbcore: registered new interface driver ttusb-dec
[    5.912031][    T1] usbcore: registered new interface driver ttusb
[    5.912928][    T1] usbcore: registered new interface driver dvb_usb_vp7045
[    5.913895][    T1] usbcore: registered new interface driver dvb_usb_vp702x
[    5.914952][    T1] usbcore: registered new interface driver dvb_usb_gp8psk
[    5.916054][    T1] usbcore: registered new interface driver dvb_usb_dtt200u
[    5.917094][    T1] usbcore: registered new interface driver dvb_usb_a800
[    5.918200][    T1] usbcore: registered new interface driver dvb_usb_dibusb_mb
[    5.919312][    T1] usbcore: registered new interface driver dvb_usb_dibusb_mc
[    5.920409][    T1] usbcore: registered new interface driver dvb_usb_nova_t_usb2
[    5.921544][    T1] usbcore: registered new interface driver dvb_usb_umt_010
[    5.922603][    T1] usbcore: registered new interface driver dvb_usb_m920x
[    5.923809][    T1] usbcore: registered new interface driver dvb_usb_digitv
[    5.924828][    T1] usbcore: registered new interface driver dvb_usb_cxusb
[    5.925841][    T1] usbcore: registered new interface driver dvb_usb_ttusb2
[    5.926940][    T1] usbcore: registered new interface driver dvb_usb_dib0700
[    5.927912][    T1] usbcore: registered new interface driver opera1
[    5.928857][    T1] usbcore: registered new interface driver dvb_usb_af9005
[    5.929923][    T1] usbcore: registered new interface driver pctv452e
[    5.930924][    T1] usbcore: registered new interface driver dw2102
[    5.931970][    T1] usbcore: registered new interface driver dvb_usb_dtv5100
[    5.933085][    T1] usbcore: registered new interface driver cinergyT2
[    5.934161][    T1] usbcore: registered new interface driver dvb_usb_az6027
[    5.935204][    T1] usbcore: registered new interface driver dvb_usb_technisat_usb2
[    5.936381][    T1] usbcore: registered new interface driver dvb_usb_af9015
[    5.937466][    T1] usbcore: registered new interface driver dvb_usb_af9035
[    5.938547][    T1] usbcore: registered new interface driver dvb_usb_anysee
[    5.939606][    T1] usbcore: registered new interface driver dvb_usb_au6610
[    5.940679][    T1] usbcore: registered new interface driver dvb_usb_az6007
[    5.941704][    T1] usbcore: registered new interface driver dvb_usb_ce6230
[    5.942751][    T1] usbcore: registered new interface driver dvb_usb_ec168
[    5.943810][    T1] usbcore: registered new interface driver dvb_usb_lmedm04
[    5.944963][    T1] usbcore: registered new interface driver dvb_usb_gl861
[    5.946055][    T1] usbcore: registered new interface driver dvb_usb_mxl111sf
[    5.947174][    T1] usbcore: registered new interface driver dvb_usb_rtl28xxu
[    5.948351][    T1] usbcore: registered new interface driver dvb_usb_dvbsky
[    5.949396][    T1] usbcore: registered new interface driver zd1301
[    5.950425][    T1] usbcore: registered new interface driver smsusb
[    5.951362][    T1] usbcore: registered new interface driver b2c2_flexcop_usb
[    5.952444][    T1] usbcore: registered new interface driver zr364xx
[    5.953454][    T1] usbcore: registered new interface driver stkwebcam
[    5.954494][    T1] usbcore: registered new interface driver s2255
[    5.955598][    T1] usbcore: registered new interface driver uvcvideo
[    5.956473][    T1] gspca_main: v2.14.0 registered
[    5.957234][    T1] usbcore: registered new interface driver benq
[    5.958126][    T1] usbcore: registered new interface driver conex
[    5.959072][    T1] usbcore: registered new interface driver cpia1
[    5.959999][    T1] usbcore: registered new interface driver dtcs033
[    5.960978][    T1] usbcore: registered new interface driver etoms
[    5.961926][    T1] usbcore: registered new interface driver finepix
[    5.963013][    T1] usbcore: registered new interface driver jeilinj
[    5.964002][    T1] usbcore: registered new interface driver jl2005bcd
[    5.965011][    T1] usbcore: registered new interface driver kinect
[    5.966014][    T1] usbcore: registered new interface driver konica
[    5.966963][    T1] usbcore: registered new interface driver mars
[    5.967918][    T1] usbcore: registered new interface driver mr97310a
[    5.968947][    T1] usbcore: registered new interface driver nw80x
[    5.969916][    T1] usbcore: registered new interface driver ov519
[    5.970909][    T1] usbcore: registered new interface driver ov534
[    5.971859][    T1] usbcore: registered new interface driver ov534_9
[    5.972938][    T1] usbcore: registered new interface driver pac207
[    5.973878][    T1] usbcore: registered new interface driver gspca_pac7302
[    5.974816][    T1] usbcore: registered new interface driver pac7311
[    5.975810][    T1] usbcore: registered new interface driver se401
[    5.976800][    T1] usbcore: registered new interface driver sn9c2028
[    5.977817][    T1] usbcore: registered new interface driver gspca_sn9c20x
[    5.978881][    T1] usbcore: registered new interface driver sonixb
[    5.979889][    T1] usbcore: registered new interface driver sonixj
[    5.980831][    T1] usbcore: registered new interface driver spca500
[    5.981713][    T1] usbcore: registered new interface driver spca501
[    5.982677][    T1] usbcore: registered new interface driver spca505
[    5.983571][    T1] usbcore: registered new interface driver spca506
[    5.984610][    T1] usbcore: registered new interface driver spca508
[    5.985645][    T1] usbcore: registered new interface driver spca561
[    5.986888][    T1] usbcore: registered new interface driver spca1528
[    5.987894][    T1] usbcore: registered new interface driver sq905
[    5.988823][    T1] usbcore: registered new interface driver sq905c
[    5.989819][    T1] usbcore: registered new interface driver sq930x
[    5.990845][    T1] usbcore: registered new interface driver sunplus
[    5.991749][    T1] usbcore: registered new interface driver stk014
[    5.992624][    T1] usbcore: registered new interface driver stk1135
[    5.993616][    T1] usbcore: registered new interface driver stv0680
[    5.994571][    T1] usbcore: registered new interface driver t613
[    5.995482][    T1] usbcore: registered new interface driver gspca_topro
[    5.996401][    T1] usbcore: registered new interface driver touptek
[    5.997278][    T1] usbcore: registered new interface driver tv8532
[    5.998157][    T1] usbcore: registered new interface driver vc032x
[    5.999089][    T1] usbcore: registered new interface driver vicam
[    6.000080][    T1] usbcore: registered new interface driver xirlink-cit
[    6.001233][    T1] usbcore: registered new interface driver gspca_zc3xx
[    6.002293][    T1] usbcore: registered new interface driver ALi m5602
[    6.003381][    T1] usbcore: registered new interface driver STV06xx
[    6.004440][    T1] usbcore: registered new interface driver gspca_gl860
[    6.005471][    T1] usbcore: registered new interface driver Philips webcam
[    6.006490][    T1] usbcore: registered new interface driver airspy
[    6.007505][    T1] usbcore: registered new interface driver hackrf
[    6.008535][    T1] usbcore: registered new interface driver msi2500
[    6.009397][    T1] cpia2: V4L-Driver for Vision CPiA2 based cameras v3.0.1
[    6.010487][    T1] usbcore: registered new interface driver cpia2
[    6.011310][    T1] au0828: au0828 driver loaded
[    6.012039][    T1] usbcore: registered new interface driver au0828
[    6.013056][    T1] usbcore: registered new interface driver hdpvr
[    6.014519][    T1] usbcore: registered new interface driver pvrusb2
[    6.016148][    T1] pvrusb2: V4L in-tree version:Hauppauge WinTV-PVR-USB2 MPEG2 Encoder/Tuner
[    6.018244][    T1] pvrusb2: Debug mask is 31 (0x1f)
[    6.019832][    T1] usbcore: registered new interface driver stk1160
[    6.021735][    T1] usbcore: registered new interface driver cx231xx
[    6.023889][    T1] usbcore: registered new interface driver tm6000
[    6.025758][    T1] usbcore: registered new interface driver em28xx
[    6.027151][    T1] em28xx: Registered (Em28xx v4l2 Extension) extension
[    6.028380][    T1] em28xx: Registered (Em28xx Audio Extension) extension
[    6.029208][    T1] em28xx: Registered (Em28xx dvb Extension) extension
[    6.030018][    T1] em28xx: Registered (Em28xx Input Extension) extension
[    6.030985][    T1] usbcore: registered new interface driver usbtv
[    6.031898][    T1] usbcore: registered new interface driver go7007
[    6.032822][    T1] usbcore: registered new interface driver go7007-loader
[    6.033865][    T1] usbcore: registered new interface driver Abilis Systems as10x usb driver
[    6.042165][    T1] vivid-000: using single planar format API
[    6.050230][    T1] vivid-000: CEC adapter cec0 registered for HDMI input 0
[    6.051339][    T1] vivid-000: V4L2 capture device registered as video3
[    6.052408][    T1] vivid-000: CEC adapter cec1 registered for HDMI output 0
[    6.059031][    T1] vivid-000: V4L2 output device registered as video4
[    6.060068][    T1] vivid-000: V4L2 capture device registered as vbi0, supports raw and sliced VBI
[    6.061530][    T1] vivid-000: V4L2 output device registered as vbi1, supports raw and sliced VBI
[    6.062945][    T1] vivid-000: V4L2 capture device registered as swradio0
[    6.064081][    T1] vivid-000: V4L2 receiver device registered as radio0
[    6.065286][    T1] vivid-000: V4L2 transmitter device registered as radio1
[    6.066437][    T1] vivid-000: V4L2 metadata capture device registered as video5
[    6.067713][    T1] vivid-000: V4L2 metadata output device registered as video6
[    6.068918][    T1] vivid-000: V4L2 touch capture device registered as v4l-touch0
[    6.070450][    T1] vim2m vim2m.0: Device registered as /dev/video0
[    6.073514][    T1] vicodec vicodec.0: Device 'stateful-encoder' registered as /dev/video8
[    6.074924][    T1] vicodec vicodec.0: Device 'stateful-decoder' registered as /dev/video9
[    6.076435][    T1] vicodec vicodec.0: Device 'stateless-decoder' registered as /dev/video10
[    6.080027][    T1] dvbdev: DVB: registering new adapter (dvb_vidtv_bridge)
[    6.082777][    T1] i2c i2c-0: DVB: registering adapter 0 frontend 0 (Dummy demod for DVB-T/T2/C/S/S2)...
[    6.084217][    T1] dvbdev: dvb_create_media_entity: media entity 'Dummy demod for DVB-T/T2/C/S/S2' registered.
[    6.088979][    T1] dvbdev: dvb_create_media_entity: media entity 'dvb-demux' registered.
[    6.092081][    T1] vidtv vidtv.0: Successfully initialized vidtv!
[    6.093624][    T1] usbcore: registered new interface driver radioshark
[    6.094619][    T1] usbcore: registered new interface driver radioshark2
[    6.095678][    T1] usbcore: registered new interface driver dsbr100
[    6.096676][    T1] usbcore: registered new interface driver radio-si470x
[    6.097777][    T1] usbcore: registered new interface driver radio-usb-si4713
[    6.098855][    T1] usbcore: registered new interface driver radio-mr800
[    6.099856][    T1] usbcore: registered new interface driver radio-keene
[    6.100846][    T1] usbcore: registered new interface driver radio-ma901
[    6.101891][    T1] usbcore: registered new interface driver radio-raremono
[    6.103749][    T1] usbcore: registered new interface driver pcwd_usb
[    6.105914][    T1] device-mapper: core: CONFIG_IMA_DISABLE_HTABLE is disabled. Duplicate IMA measurements will not be recorded in the IMA log.
[    6.107656][    T1] device-mapper: uevent: version 1.0.3
[    6.108999][    T1] device-mapper: ioctl: 4.45.0-ioctl (2021-03-22) initialised: dm-devel@redhat.com
[    6.111080][    T1] device-mapper: multipath round-robin: version 1.2.0 loaded
[    6.112053][    T1] device-mapper: multipath queue-length: version 0.2.0 loaded
[    6.113055][    T1] device-mapper: multipath service-time: version 0.3.0 loaded
[    6.114444][    T1] device-mapper: raid: Loading target version 1.15.1
[    6.116947][    T1] Bluetooth: HCI UART driver ver 2.3
[    6.117627][    T1] Bluetooth: HCI UART protocol H4 registered
[    6.118410][    T1] Bluetooth: HCI UART protocol BCSP registered
[    6.119268][    T1] Bluetooth: HCI UART protocol LL registered
[    6.120030][    T1] Bluetooth: HCI UART protocol Three-wire (H5) registered
[    6.121197][    T1] Bluetooth: HCI UART protocol QCA registered
[    6.121969][    T1] Bluetooth: HCI UART protocol AG6XX registered
[    6.122880][    T1] Bluetooth: HCI UART protocol Marvell registered
[    6.123860][    T1] usbcore: registered new interface driver bcm203x
[    6.124774][    T1] usbcore: registered new interface driver bpa10x
[    6.125655][    T1] usbcore: registered new interface driver bfusb
[    6.126597][    T1] usbcore: registered new interface driver btusb
[    6.127575][    T1] usbcore: registered new interface driver ath3k
[    6.128777][    T1] CAPI 2.0 started up with major 68 (middleware)
[    6.129581][    T1] Modular ISDN core version 1.1.29
[    6.130536][    T1] NET: Registered PF_ISDN protocol family
[    6.131278][    T1] DSP module 2.0
[    6.131747][    T1] mISDN_dsp: DSP clocks every 80 samples. This equals 1 jiffies.
[    6.140954][    T1] mISDN: Layer-1-over-IP driver Rev. 2.00
[    6.142129][    T1] 0 virtual devices registered
[    6.142917][    T1] usbcore: registered new interface driver HFC-S_USB
[    6.143811][    T1] VUB300 Driver rom wait states = 1C irqpoll timeout = 0400
[    6.144825][    T1] usbcore: registered new interface driver vub300
[    6.147944][    T1] usbcore: registered new interface driver ushc
[    6.152628][    T1] iscsi: registered transport (iser)
[    6.154244][    T1] SoftiWARP attached
[    6.154976][    T1] Driver 'framebuffer' was unable to register with bus_type 'coreboot' because the bus was not initialized.
[    6.156323][    T1] Driver 'memconsole' was unable to register with bus_type 'coreboot' because the bus was not initialized.
[    6.157652][    T1] Driver 'vpd' was unable to register with bus_type 'coreboot' because the bus was not initialized.
[    6.164315][    T1] hid: raw HID events driver (C) Jiri Kosina
[    6.172929][    T1] usbcore: registered new interface driver usbhid
[    6.173705][    T1] usbhid: USB HID core driver
[    6.175389][    T1] usbcore: registered new interface driver es2_ap_driver
[    6.176230][    T1] comedi: version 0.7.76 - http://www.comedi.org
[    6.177156][    T1] usbcore: registered new interface driver dt9812
[    6.178040][    T1] usbcore: registered new interface driver ni6501
[    6.178915][    T1] usbcore: registered new interface driver usbdux
[    6.179805][    T1] usbcore: registered new interface driver usbduxfast
[    6.180734][    T1] usbcore: registered new interface driver usbduxsigma
[    6.181674][    T1] usbcore: registered new interface driver vmk80xx
[    6.182621][    T1] usbcore: registered new interface driver prism2_usb
[    6.183762][    T1] usbcore: registered new interface driver r8712u
[    6.195491][    T1] ashmem: initialized
[    6.196077][    T1] greybus: registered new driver hid
[    6.196831][    T1] greybus: registered new driver gbphy
[    6.197535][    T1] gb_gbphy: registered new driver usb
[    6.198176][    T1] asus_wmi: ASUS WMI generic driver loaded
[    6.236490][    T1] usbcore: registered new interface driver snd-usb-audio
[    6.237481][    T1] usbcore: registered new interface driver snd-ua101
[    6.238406][    T1] usbcore: registered new interface driver snd-usb-usx2y
[    6.239370][    T1] usbcore: registered new interface driver snd-usb-us122l
[    6.240361][    T1] usbcore: registered new interface driver snd-usb-caiaq
[    6.241328][    T1] usbcore: registered new interface driver snd-usb-6fire
[    6.242310][    T1] usbcore: registered new interface driver snd-usb-hiface
[    6.243455][    T1] usbcore: registered new interface driver snd-bcd2000
[    6.244388][    T1] usbcore: registered new interface driver snd_usb_pod
[    6.245320][    T1] usbcore: registered new interface driver snd_usb_podhd
[    6.246268][    T1] usbcore: registered new interface driver snd_usb_toneport
[    6.247247][    T1] usbcore: registered new interface driver snd_usb_variax
[    6.248200][    T1] drop_monitor: Initializing network drop monitor service
[    6.249228][    T1] NET: Registered PF_LLC protocol family
[    6.249952][    T1] GACT probability on
[    6.250434][    T1] Mirror/redirect action on
[    6.251062][    T1] Simple TC action Loaded
[    6.252574][    T1] netem: version 1.3
[    6.253271][    T1] u32 classifier
[    6.253694][    T1]     Performance counters on
[    6.254242][    T1]     input device check on
[    6.254770][    T1]     Actions configured
[    6.258509][    T1] xt_time: kernel timezone is -0000
[    6.259198][    T1] IPVS: Registered protocols (TCP, UDP, SCTP, AH, ESP)
[    6.260774][    T1] IPVS: Connection hash table configured (size=4096, memory=64Kbytes)
[    6.261955][    T1] IPVS: ipvs loaded.
[    6.262430][    T1] IPVS: [rr] scheduler registered.
[    6.263124][    T1] IPVS: [wrr] scheduler registered.
[    6.263736][    T1] IPVS: [lc] scheduler registered.
[    6.264336][    T1] IPVS: [wlc] scheduler registered.
[    6.264947][    T1] IPVS: [fo] scheduler registered.
[    6.265551][    T1] IPVS: [ovf] scheduler registered.
[    6.266172][    T1] IPVS: [lblc] scheduler registered.
[    6.266804][    T1] IPVS: [lblcr] scheduler registered.
[    6.267584][    T1] IPVS: [dh] scheduler registered.
[    6.268193][    T1] IPVS: [sh] scheduler registered.
[    6.268797][    T1] IPVS: [mh] scheduler registered.
[    6.269393][    T1] IPVS: [sed] scheduler registered.
[    6.270008][    T1] IPVS: [nq] scheduler registered.
[    6.270608][    T1] IPVS: [twos] scheduler registered.
[    6.271386][    T1] IPVS: [sip] pe registered.
[    6.272022][    T1] ipip: IPv4 and MPLS over IPv4 tunneling driver
[    6.273776][    T1] gre: GRE over IPv4 demultiplexor driver
[    6.274453][    T1] ip_gre: GRE over IPv4 tunneling driver
[    6.277404][    T1] IPv4 over IPsec tunneling driver
[    6.279114][    T1] ipt_CLUSTERIP: ClusterIP Version 0.8 loaded successfully
[    6.280054][    T1] Initializing XFRM netlink socket
[    6.280729][    T1] IPsec XFRM device driver
[    6.282494][    T1] NET: Registered PF_INET6 protocol family
[    6.289703][    T1] Segment Routing with IPv6
[    6.290273][    T1] RPL Segment Routing with IPv6
[    6.290894][    T1] In-situ OAM (IOAM) with IPv6
[    6.291714][    T1] mip6: Mobile IPv6
[    6.293601][    T1] sit: IPv6, IPv4 and MPLS over IPv4 tunneling driver
[    6.296241][    T1] ip6_gre: GRE over IPv6 tunneling driver
[    6.297848][    T1] NET: Registered PF_PACKET protocol family
[    6.298576][    T1] NET: Registered PF_KEY protocol family
