bash: warning: setlocale: LC_ALL: cannot change locale (en_US.UTF-8)
c[?7l[2J[0mSeaBIOS (version 1.16.2-debian-1.16.2-1)


iPXE (http://ipxe.org) 00:03.0 CA00 PCI2.10 PnP PMM+7EFCEF00+7EF0EF00 CA00
Press Ctrl-B to configure iPXE (PCI 00:03.0)...                                                                               


Booting from ROM...
c[?7l[2J[    0.000000] Linux version 5.12.0-rc4+ (root@buildkitsandbox) (gcc (Debian 12.2.0-14+deb12u1) 12.2.0, GNU ld (GNU Binutils for Debian) 2.40) #1 SMP Sun May 17 07:40:00 UTC 2026
[    0.000000] Command line: console=ttyS0 oops=panic nokaslr rdinit=/init
[    0.000000] x86/fpu: Supporting XSAVE feature 0x001: 'x87 floating point registers'
[    0.000000] x86/fpu: Supporting XSAVE feature 0x002: 'SSE registers'
[    0.000000] x86/fpu: Supporting XSAVE feature 0x004: 'AVX registers'
[    0.000000] x86/fpu: xstate_offset[2]:  576, xstate_sizes[2]:  256
[    0.000000] x86/fpu: Enabled xstate features 0x7, context size is 832 bytes, using 'compacted' format.
[    0.000000] BIOS-provided physical RAM map:
[    0.000000] BIOS-e820: [mem 0x0000000000000000-0x000000000009fbff] usable
[    0.000000] BIOS-e820: [mem 0x000000000009fc00-0x000000000009ffff] reserved
[    0.000000] BIOS-e820: [mem 0x00000000000f0000-0x00000000000fffff] reserved
[    0.000000] BIOS-e820: [mem 0x0000000000100000-0x000000007ffdffff] usable
[    0.000000] BIOS-e820: [mem 0x000000007ffe0000-0x000000007fffffff] reserved
[    0.000000] BIOS-e820: [mem 0x00000000feffc000-0x00000000feffffff] reserved
[    0.000000] BIOS-e820: [mem 0x00000000fffc0000-0x00000000ffffffff] reserved
[    0.000000] NX (Execute Disable) protection: active
[    0.000000] SMBIOS 2.8 present.
[    0.000000] DMI: QEMU Standard PC (i440FX + PIIX, 1996), BIOS 1.16.2-debian-1.16.2-1 04/01/2014
[    0.000000] last_pfn = 0x7ffe0 max_arch_pfn = 0x400000000
[    0.000000] x86/PAT: Configuration [0-7]: WB  WC  UC- UC  WB  WP  UC- WT  
[    0.000000] found SMP MP-table at [mem 0x000f5ba0-0x000f5baf]
[    0.000000] check: Scanning 1 areas for low memory corruption
[    0.000000] Using GB pages for direct mapping
[    0.000000] RAMDISK: [mem 0x7fe91000-0x7ffdffff]
[    0.000000] ACPI: Early table checksum verification disabled
[    0.000000] ACPI: RSDP 0x00000000000F59D0 000014 (v00 BOCHS )
[    0.000000] ACPI: RSDT 0x000000007FFE1B33 000034 (v01 BOCHS  BXPC     00000001 BXPC 00000001)
[    0.000000] ACPI: FACP 0x000000007FFE19DF 000074 (v01 BOCHS  BXPC     00000001 BXPC 00000001)
[    0.000000] ACPI: DSDT 0x000000007FFE0040 00199F (v01 BOCHS  BXPC     00000001 BXPC 00000001)
[    0.000000] ACPI: FACS 0x000000007FFE0000 000040
[    0.000000] ACPI: APIC 0x000000007FFE1A53 000080 (v01 BOCHS  BXPC     00000001 BXPC 00000001)
[    0.000000] ACPI: HPET 0x000000007FFE1AD3 000038 (v01 BOCHS  BXPC     00000001 BXPC 00000001)
[    0.000000] ACPI: WAET 0x000000007FFE1B0B 000028 (v01 BOCHS  BXPC     00000001 BXPC 00000001)
[    0.000000] No NUMA configuration found
[    0.000000] Faking a node at [mem 0x0000000000000000-0x000000007ffdffff]
[    0.000000] NODE_DATA(0) allocated [mem 0x7fe8d000-0x7fe90fff]
[    0.000000] Zone ranges:
[    0.000000]   DMA      [mem 0x0000000000001000-0x0000000000ffffff]
[    0.000000]   DMA32    [mem 0x0000000001000000-0x000000007ffdffff]
[    0.000000]   Normal   empty
[    0.000000] Movable zone start for each node
[    0.000000] Early memory node ranges
[    0.000000]   node   0: [mem 0x0000000000001000-0x000000000009efff]
[    0.000000]   node   0: [mem 0x0000000000100000-0x000000007ffdffff]
[    0.000000] Initmem setup node 0 [mem 0x0000000000001000-0x000000007ffdffff]
[    0.000000]   DMA zone: 28770 pages in unavailable ranges
[    0.000000]   DMA32 zone: 32 pages in unavailable ranges
[    0.000000] kasan: KernelAddressSanitizer initialized
[    0.000000] ACPI: PM-Timer IO Port: 0x608
[    0.000000] ACPI: LAPIC_NMI (acpi_id[0xff] dfl dfl lint[0x1])
[    0.000000] IOAPIC[0]: apic_id 0, version 17, address 0xfec00000, GSI 0-23
[    0.000000] ACPI: INT_SRC_OVR (bus 0 bus_irq 0 global_irq 2 dfl dfl)
[    0.000000] ACPI: INT_SRC_OVR (bus 0 bus_irq 5 global_irq 5 high level)
[    0.000000] ACPI: INT_SRC_OVR (bus 0 bus_irq 9 global_irq 9 high level)
[    0.000000] ACPI: INT_SRC_OVR (bus 0 bus_irq 10 global_irq 10 high level)
[    0.000000] ACPI: INT_SRC_OVR (bus 0 bus_irq 11 global_irq 11 high level)
[    0.000000] Using ACPI (MADT) for SMP configuration information
[    0.000000] ACPI: HPET id: 0x8086a201 base: 0xfed00000
[    0.000000] TSC deadline timer available
[    0.000000] smpboot: Allowing 2 CPUs, 0 hotplug CPUs
[    0.000000] PM: hibernation: Registered nosave memory: [mem 0x00000000-0x00000fff]
[    0.000000] PM: hibernation: Registered nosave memory: [mem 0x0009f000-0x0009ffff]
[    0.000000] PM: hibernation: Registered nosave memory: [mem 0x000a0000-0x000effff]
[    0.000000] PM: hibernation: Registered nosave memory: [mem 0x000f0000-0x000fffff]
[    0.000000] [mem 0x80000000-0xfeffbfff] available for PCI devices
[    0.000000] clocksource: refined-jiffies: mask: 0xffffffff max_cycles: 0xffffffff, max_idle_ns: 1910969940391419 ns
[    0.000000] setup_percpu: NR_CPUS:64 nr_cpumask_bits:64 nr_cpu_ids:2 nr_node_ids:1
[    0.000000] percpu: Embedded 60 pages/cpu s207192 r8192 d30376 u1048576
[    0.000000] Built 1 zonelists, mobility grouping on.  Total pages: 515945
[    0.000000] Policy zone: DMA32
[    0.000000] Kernel command line: console=ttyS0 oops=panic nokaslr rdinit=/init
[    0.000000] Dentry cache hash table entries: 262144 (order: 9, 2097152 bytes, linear)
[    0.000000] Inode-cache hash table entries: 131072 (order: 8, 1048576 bytes, linear)
[    0.000000] mem auto-init: stack:off, heap alloc:off, heap free:off
[    0.000000] Memory: 1705556K/2096632K available (43022K kernel code, 7255K rwdata, 6700K rodata, 1720K init, 2272K bss, 390820K reserved, 0K cma-reserved)
[    0.000000] SLUB: HWalign=64, Order=0-3, MinObjects=0, CPUs=2, Nodes=1
[    0.000000] rcu: Hierarchical RCU implementation.
[    0.000000] rcu: 	RCU event tracing is enabled.
[    0.000000] rcu: 	RCU restricting CPUs from NR_CPUS=64 to nr_cpu_ids=2.
[    0.000000] rcu: RCU calculated value of scheduler-enlistment delay is 100 jiffies.
[    0.000000] rcu: Adjusting geometry for rcu_fanout_leaf=16, nr_cpu_ids=2
[    0.000000] NR_IRQS: 4352, nr_irqs: 440, preallocated irqs: 16
[    0.000000] random: get_random_bytes called from start_kernel+0x1c7/0x36f with crng_init=0
[    0.000000] Console: colour VGA+ 80x25
[    0.000000] printk: console [ttyS0] enabled
[    0.000000] ACPI: Core revision 20210105
[    0.000000] clocksource: hpet: mask: 0xffffffff max_cycles: 0xffffffff, max_idle_ns: 19112604467 ns
[    0.001000] APIC: Switch to symmetric I/O mode setup
[    0.002000] ..TIMER: vector=0x30 apic1=0 pin1=2 apic2=-1 pin2=-1
[    0.008000] tsc: PIT calibration matches HPET. 1 loops
[    0.009000] tsc: Detected 2995.153 MHz processor
[    0.000048] clocksource: tsc-early: mask: 0xffffffffffffffff max_cycles: 0x2b2c62a42b4, max_idle_ns: 440795210092 ns
[    0.002803] Calibrating delay loop (skipped), value calculated using timer frequency.. 5990.30 BogoMIPS (lpj=2995153)
[    0.003803] pid_max: default: 32768 minimum: 301
[    0.004859] LSM: Security Framework initializing
[    0.005837] SELinux:  Initializing.
[    0.006866] Mount-cache hash table entries: 4096 (order: 3, 32768 bytes, linear)
[    0.007805] Mountpoint-cache hash table entries: 4096 (order: 3, 32768 bytes, linear)
[    0.010472] x86/cpu: User Mode Instruction Prevention (UMIP) activated
[    0.011920] Last level iTLB entries: 4KB 0, 2MB 0, 4MB 0
[    0.012802] Last level dTLB entries: 4KB 0, 2MB 0, 4MB 0, 1GB 0
[    0.013852] Spectre V1 : Mitigation: usercopy/swapgs barriers and __user pointer sanitization
[    0.014811] Spectre V2 : Mitigation: Enhanced IBRS
[    0.015801] Spectre V2 : Spectre v2 / SpectreRSB mitigation: Filling RSB on context switch
[    0.016803] Spectre V2 : mitigation: Enabling conditional Indirect Branch Prediction Barrier
[    0.017802] Speculative Store Bypass: Mitigation: Speculative Store Bypass disabled via prctl and seccomp
[    0.020101] Freeing SMP alternatives memory: 40K
[    0.021951] smpboot: CPU0: 13th Gen Intel(R) Core(TM) i9-13900H (family: 0x6, model: 0xba, stepping: 0x2)
[    0.022998] Performance Events: unsupported p6 CPU model 186 no PMU driver, software events only.
[    0.023937] rcu: Hierarchical SRCU implementation.
[    0.025235] smp: Bringing up secondary CPUs ...
[    0.026517] x86: Booting SMP configuration:
[    0.026807] .... node  #0, CPUs:      #1
[    0.028899] smp: Brought up 1 node, 2 CPUs
[    0.030809] smpboot: Max logical packages: 1
[    0.031811] smpboot: Total of 2 processors activated (11980.61 BogoMIPS)
[    0.034928] devtmpfs: initialized
[    0.038181] clocksource: jiffies: mask: 0xffffffff max_cycles: 0xffffffff, max_idle_ns: 1911260446275000 ns
[    0.038815] futex hash table entries: 512 (order: 3, 32768 bytes, linear)
[    0.040212] PM: RTC time: 07:44:50, date: 2026-05-17
[    0.041340] NET: Registered protocol family 16
[    0.042162] audit: initializing netlink subsys (disabled)
[    0.042955] audit: type=2000 audit(1779003890.051:1): state=initialized audit_enabled=0 res=1
[    0.043193] thermal_sys: Registered thermal governor 'step_wise'
[    0.043799] thermal_sys: Registered thermal governor 'user_space'
[    0.045808] cpuidle: using governor menu
[    0.047886] ACPI: bus type PCI registered
[    0.049238] PCI: Using configuration type 1 for base access
[    0.065924] Kprobes globally optimized
[    0.067957] HugeTLB registered 2.00 MiB page size, pre-allocated 0 pages
[    0.069945] cryptomgr_test (27) used greatest stack depth: 30800 bytes left
[    0.074806] ACPI: Added _OSI(Module Device)
[    0.075810] ACPI: Added _OSI(Processor Device)
[    0.076807] ACPI: Added _OSI(3.0 _SCP Extensions)
[    0.078867] ACPI: Added _OSI(Processor Aggregator Device)
[    0.079811] ACPI: Added _OSI(Linux-Dell-Video)
[    0.080808] ACPI: Added _OSI(Linux-Lenovo-NV-HDMI-Audio)
[    0.082808] ACPI: Added _OSI(Linux-HPI-Hybrid-Graphics)
[    0.092386] ACPI: 1 ACPI AML tables successfully acquired and loaded
[    0.096480] ACPI: Interpreter enabled
[    0.097907] ACPI: (supports S0 S3 S4 S5)
[    0.098809] ACPI: Using IOAPIC for interrupt routing
[    0.100876] PCI: Using host bridge windows from ACPI; if necessary, use "pci=nocrs" and report a bug
[    0.103277] ACPI: Enabled 2 GPEs in block 00 to 0F
[    0.119627] ACPI: PCI Root Bridge [PCI0] (domain 0000 [bus 00-ff])
[    0.120825] acpi PNP0A03:00: _OSC: OS supports [ASPM ClockPM Segments MSI HPX-Type3]
[    0.122920] acpi PNP0A03:00: fail to add MMCONFIG information, can't access extended PCI configuration space under this bridge.
[    0.127101] PCI host bridge to bus 0000:00
[    0.127813] pci_bus 0000:00: root bus resource [io  0x0000-0x0cf7 window]
[    0.129808] pci_bus 0000:00: root bus resource [io  0x0d00-0xffff window]
[    0.131807] pci_bus 0000:00: root bus resource [mem 0x000a0000-0x000bffff window]
[    0.133810] pci_bus 0000:00: root bus resource [mem 0x80000000-0xfebfffff window]
[    0.135807] pci_bus 0000:00: root bus resource [mem 0x100000000-0x17fffffff window]
[    0.137808] pci_bus 0000:00: root bus resource [bus 00-ff]
[    0.139948] pci 0000:00:00.0: [8086:1237] type 00 class 0x060000
[    0.147101] pci 0000:00:01.0: [8086:7000] type 00 class 0x060100
[    0.151027] pci 0000:00:01.1: [8086:7010] type 00 class 0x010180
[    0.154810] pci 0000:00:01.1: reg 0x20: [io  0xc040-0xc04f]
[    0.156517] pci 0000:00:01.1: legacy IDE quirk: reg 0x10: [io  0x01f0-0x01f7]
[    0.158810] pci 0000:00:01.1: legacy IDE quirk: reg 0x14: [io  0x03f6]
[    0.160809] pci 0000:00:01.1: legacy IDE quirk: reg 0x18: [io  0x0170-0x0177]
[    0.163933] pci 0000:00:01.1: legacy IDE quirk: reg 0x1c: [io  0x0376]
[    0.166385] pci 0000:00:01.3: [8086:7113] type 00 class 0x068000
[    0.168859] pci 0000:00:01.3: quirk: [io  0x0600-0x063f] claimed by PIIX4 ACPI
[    0.170825] pci 0000:00:01.3: quirk: [io  0x0700-0x070f] claimed by PIIX4 SMB
[    0.173678] pci 0000:00:02.0: [1234:1111] type 00 class 0x030000
[    0.178604] pci 0000:00:02.0: reg 0x10: [mem 0xfd000000-0xfdffffff pref]
[    0.183054] pci 0000:00:02.0: reg 0x18: [mem 0xfebf0000-0xfebf0fff]
[    0.189442] pci 0000:00:02.0: reg 0x30: [mem 0xfebe0000-0xfebeffff pref]
[    0.196048] pci 0000:00:03.0: [8086:100e] type 00 class 0x020000
[    0.198809] pci 0000:00:03.0: reg 0x10: [mem 0xfebc0000-0xfebdffff]
[    0.200636] pci 0000:00:03.0: reg 0x14: [io  0xc000-0xc03f]
[    0.206720] pci 0000:00:03.0: reg 0x30: [mem 0xfeb80000-0xfebbffff pref]
[    0.214281] ACPI: PCI Interrupt Link [LNKA] (IRQs 5 *10 11)
[    0.216569] ACPI: PCI Interrupt Link [LNKB] (IRQs 5 *10 11)
[    0.218340] ACPI: PCI Interrupt Link [LNKC] (IRQs 5 10 *11)
[    0.220331] ACPI: PCI Interrupt Link [LNKD] (IRQs 5 10 *11)
[    0.222110] ACPI: PCI Interrupt Link [LNKS] (IRQs *9)
[    0.227459] iommu: Default domain type: Translated 
[    0.229236] pci 0000:00:02.0: vgaarb: setting as boot VGA device
[    0.229799] pci 0000:00:02.0: vgaarb: VGA device added: decodes=io+mem,owns=io+mem,locks=none
[    0.232963] pci 0000:00:02.0: vgaarb: bridge control possible
[    0.234813] vgaarb: loaded
[    0.237156] SCSI subsystem initialized
[    0.240999] ACPI: bus type USB registered
[    0.242253] usbcore: registered new interface driver usbfs
[    0.243018] usbcore: registered new interface driver hub
[    0.243860] usbcore: registered new device driver usb
[    0.245227] pps_core: LinuxPPS API ver. 1 registered
[    0.245806] pps_core: Software ver. 5.3.6 - Copyright 2005-2007 Rodolfo Giometti <giometti@linux.it>
[    0.246884] PTP clock support registered
[    0.248486] Advanced Linux Sound Architecture Driver Initialized.
[    0.251812] NetLabel: Initializing
[    0.252788] NetLabel:  domain hash size = 128
[    0.253806] NetLabel:  protocols = UNLABELED CIPSOv4 CALIPSO
[    0.256098] NetLabel:  unlabeled traffic allowed by default
[    0.257967] PCI: Using ACPI for IRQ routing
[    0.260202] hpet0: at MMIO 0xfed00000, IRQs 2, 8, 0
[    0.261808] hpet0: 3 comparators, 64-bit 100.000000 MHz counter
[    0.266118] clocksource: Switched to clocksource tsc-early
[    0.322189] VFS: Disk quotas dquot_6.6.0
[    0.325090] VFS: Dquot-cache hash table entries: 512 (order 0, 4096 bytes)
[    0.327963] pnp: PnP ACPI init
[    0.332676] pnp: PnP ACPI: found 6 devices
[    0.346749] clocksource: acpi_pm: mask: 0xffffff max_cycles: 0xffffff, max_idle_ns: 2085701024 ns
[    0.349310] NET: Registered protocol family 2
[    0.390975] tcp_listen_portaddr_hash hash table entries: 1024 (order: 2, 16384 bytes, linear)
[    0.393496] TCP established hash table entries: 16384 (order: 5, 131072 bytes, linear)
[    0.395959] TCP bind hash table entries: 16384 (order: 6, 262144 bytes, linear)
[    0.398190] TCP: Hash tables configured (established 16384 bind 16384)
[    0.401220] UDP hash table entries: 1024 (order: 3, 32768 bytes, linear)
[    0.403284] UDP-Lite hash table entries: 1024 (order: 3, 32768 bytes, linear)
[    0.406383] NET: Registered protocol family 1
[    0.409104] RPC: Registered named UNIX socket transport module.
[    0.410589] RPC: Registered udp transport module.
[    0.411797] RPC: Registered tcp transport module.
[    0.413055] RPC: Registered tcp NFSv4.1 backchannel transport module.
[    0.415667] pci_bus 0000:00: resource 4 [io  0x0000-0x0cf7 window]
[    0.417378] pci_bus 0000:00: resource 5 [io  0x0d00-0xffff window]
[    0.419064] pci_bus 0000:00: resource 6 [mem 0x000a0000-0x000bffff window]
[    0.420929] pci_bus 0000:00: resource 7 [mem 0x80000000-0xfebfffff window]
[    0.422713] pci_bus 0000:00: resource 8 [mem 0x100000000-0x17fffffff window]
[    0.424790] pci 0000:00:01.0: PIIX3: Enabling Passive Release
[    0.426366] pci 0000:00:00.0: Limiting direct PCI/PCI transfers
[    0.428114] pci 0000:00:01.0: Activating ISA DMA hang workarounds
[    0.429955] pci 0000:00:02.0: Video device with shadowed ROM at [mem 0x000c0000-0x000dffff]
[    0.432510] PCI: CLS 0 bytes, default 64
[    0.434524] Unpacking initramfs...
[    0.459974] Freeing initrd memory: 1340K
[    0.462887] check: Scanning for low memory corruption every 60 seconds
[    0.468369] Initialise system trusted keyrings
[    0.470283] workingset: timestamp_bits=56 max_order=19 bucket_order=0
[    0.482194] NFS: Registering the id_resolver key type
[    0.483877] Key type id_resolver registered
[    0.485050] Key type id_legacy registered
[    0.494454] Key type asymmetric registered
[    0.496314] Asymmetric key parser 'x509' registered
[    0.498016] Block layer SCSI generic (bsg) driver version 0.4 loaded (major 251)
[    0.500278] io scheduler mq-deadline registered
[    0.501618] io scheduler kyber registered
[    0.504539] input: Power Button as /devices/LNXSYSTM:00/LNXPWRBN:00/input/input0
[    0.506788] ACPI: button: Power Button [PWRF]
[    0.509495] Serial: 8250/16550 driver, 4 ports, IRQ sharing enabled
[    0.511474] 00:04: ttyS0 at I/O 0x3f8 (irq = 4, base_baud = 115200) is a 16550A
[    0.516508] Non-volatile memory driver v1.3
[    0.519015] Linux agpgart interface v0.103
[    0.535931] loop: module loaded
[    0.540520] scsi host0: ata_piix
[    0.542491] scsi host1: ata_piix
[    0.543709] ata1: PATA max MWDMA2 cmd 0x1f0 ctl 0x3f6 bmdma 0xc040 irq 14
[    0.545589] ata2: PATA max MWDMA2 cmd 0x170 ctl 0x376 bmdma 0xc048 irq 15
[    0.548871] e100: Intel(R) PRO/100 Network Driver
[    0.550148] e100: Copyright(c) 1999-2006 Intel Corporation
[    0.551725] e1000: Intel(R) PRO/1000 Network Driver
[    0.553183] e1000: Copyright (c) 1999-2006 Intel Corporation.
[    0.708545] ata2.00: ATAPI: QEMU DVD-ROM, 2.5+, max UDMA/100
[    0.712198] scsi 1:0:0:0: CD-ROM            QEMU     QEMU DVD-ROM     2.5+ PQ: 0 ANSI: 5
[    0.832930] sr 1:0:0:0: [sr0] scsi3-mmc drive: 4x/4x cd/rw xa/form2 tray
[    0.834517] cdrom: Uniform CD-ROM driver Revision: 3.20
[    0.956322] sr 1:0:0:0: Attached scsi generic sg0 type 5
[    0.990888] PCI Interrupt Link [LNKC] enabled at IRQ 11
[    1.358568] e1000 0000:00:03.0 eth0: (PCI:33MHz:32-bit) 52:54:00:12:34:56
[    1.360901] e1000 0000:00:03.0 eth0: Intel(R) PRO/1000 Network Connection
[    1.362870] e1000e: Intel(R) PRO/1000 Network Driver
[    1.364403] e1000e: Copyright(c) 1999 - 2015 Intel Corporation.
[    1.365959] sky2: driver version 1.30
[    1.369128] ehci_hcd: USB 2.0 'Enhanced' Host Controller (EHCI) Driver
[    1.370775] ehci-pci: EHCI PCI platform driver
[    1.372038] ohci_hcd: USB 1.1 'Open' Host Controller (OHCI) Driver
[    1.373536] ohci-pci: OHCI PCI platform driver
[    1.375950] uhci_hcd: USB Universal Host Controller Interface driver
[    1.378633] usbcore: registered new interface driver usblp
[    1.380230] usbcore: registered new interface driver usb-storage
[    1.382589] i8042: PNP: PS/2 Controller [PNP0303:KBD,PNP0f13:MOU] at 0x60,0x64 irq 1,12
[    1.387014] serio: i8042 KBD port at 0x60,0x64 irq 1
[    1.388362] serio: i8042 AUX port at 0x60,0x64 irq 12
[    1.391719] input: AT Translated Set 2 keyboard as /devices/platform/i8042/serio0/input/input1
[    1.392267] rtc_cmos 00:05: RTC can wake from S4
[    1.397341] rtc_cmos 00:05: registered as rtc0
[    1.398761] rtc_cmos 00:05: alarms up to one day, y3k, 242 bytes nvram, hpet irqs
[    1.402689] device-mapper: ioctl: 4.44.0-ioctl (2021-02-01) initialised: dm-devel@redhat.com
[    1.406060] intel_pstate: CPU model not supported
[    1.408257] hid: raw HID events driver (C) Jiri Kosina
[    1.411578] usbcore: registered new interface driver usbhid
[    1.413136] usbhid: USB HID core driver
[    1.417276] Initializing XFRM netlink socket
[    1.418874] NET: Registered protocol family 10
[    1.421993] Segment Routing with IPv6
[    1.423511] sit: IPv6, IPv4 and MPLS over IPv4 tunneling driver
[    1.425693] NET: Registered protocol family 17
[    1.427052] Key type dns_resolver registered
[    1.430120] IPI shorthand broadcast: enabled
[    1.431433] sched_clock: Marking stable (1439477778, -8200456)->(1509551504, -78274182)
[    1.434386] registered taskstats version 1
[    1.435523] Loading compiled-in X.509 certificates
[    1.444464] PM:   Magic number: 10:695:723
[    1.445833] block loop3: hash matches
[    1.447154] printk: console [netcon0] enabled
[    1.448526] netconsole: network logging started
[    1.450764] cfg80211: Loading compiled-in X.509 certificates for regulatory database
[    1.454262] kworker/u4:1 (67) used greatest stack depth: 29392 bytes left
[    1.458079] cfg80211: Loaded X.509 cert 'sforshee: 00b28ddf47aef9cea7'
[    1.460046] platform regulatory.0: Direct firmware load for regulatory.db failed with error -2
[    1.462414] cfg80211: failed to load regulatory.db
[    1.462481] ALSA device list:
[    1.464577]   No soundcards found.
[    1.468266] Freeing unused kernel image (initmem) memory: 1720K
[    1.473867] Write protecting the kernel read-only data: 53248k
[    1.479096] Freeing unused kernel image (text/rodata gap) memory: 2032K
[    1.483419] Freeing unused kernel image (rodata/data gap) memory: 1492K
[    1.485624] Run /init as init process
[    1.493653] mount (72) used greatest stack depth: 28760 bytes left
[    1.496920] tsc: Refined TSC clocksource calibration: 2995.201 MHz
[    1.498620] clocksource: tsc: mask: 0xffffffffffffffff max_cycles: 0x2b2c8fb17c7, max_idle_ns: 440795243548 ns
[    1.501568] clocksource: Switched to clocksource tsc

secb: rootfs ready
---- poc begin ----
poc: userns ready
poc: raw socket fd=3
poc: IP[    1.519071] ==================================================================
T_SO_GET_INFO(filter) = 0 errno=[    1.521144] BUG: KASAN: slab-out-of-bounds in xt_compat_target_from_user+0x1ed/0x3f0
11 (ok)
poc: si[    1.524488] Write of size 4 at addr ffff888009081002 by task poc/78
zes replace=92 e[    1.526416] 
ntry=112 match=3[    1.527120] CPU: 0 PID: 78 Comm: poc Not tainted 5.12.0-rc4+ #1
2 target=32 tota[    1.528919] Hardware name: QEMU Standard PC (i440FX + PIIX, 1996), BIOS 1.16.2-debian-1.16.2-1 04/01/2014
l=4118
[    1.531762] Call Trace:
[    1.532575]  dump_stack+0x8a/0xb5
[    1.533555]  ? xt_compat_target_from_user+0x1ed/0x3f0
[    1.534919]  print_address_description.constprop.0+0x18/0x1e0
[    1.536481]  ? xt_compat_target_from_user+0x1ed/0x3f0
[    1.537817]  ? xt_compat_target_from_user+0x1ed/0x3f0
[    1.539207]  kasan_report.cold+0x7f/0x103
[    1.540294]  ? xt_compat_target_from_user+0x1ed/0x3f0
[    1.541714]  kasan_check_range+0x153/0x1b0
[    1.543236]  memset+0x1f/0x40
[    1.544330]  xt_compat_target_from_user+0x1ed/0x3f0
[    1.545774]  ? xt_compat_match_from_user+0x3f0/0x3f0
[    1.547213]  ? __kasan_slab_alloc+0x25/0x80
[    1.548426]  ? __kasan_kmalloc+0x7d/0xa0
[    1.549559]  translate_compat_table+0xdd7/0x1700
[    1.550900]  ? translate_table+0x18a0/0x18a0
[    1.552072]  ? avc_has_perm_noaudit+0x114/0x1d0
[    1.553376]  ? avc_has_extended_perms+0xf80/0xf80
[    1.554677]  ? do_ipt_get_ctl+0x11f/0x6f0
[    1.555849]  ? nf_getsockopt+0x60/0xb0
[    1.556902]  ? kasan_unpoison+0x21/0x50
[    1.558022]  ? __kasan_slab_alloc+0x25/0x80
[    1.559303]  compat_do_replace.constprop.0+0x208/0x380
[    1.560726]  ? do_ipt_get_ctl+0x6f0/0x6f0
[    1.561873]  ? check_nnp_nosuid.isra.0+0x1f0/0x1f0
[    1.563292]  ? free_vmap_area_noflush+0x24c/0xd50
[    1.564689]  ? _raw_spin_lock+0x75/0xd0
[    1.565849]  ? security_capable+0x6b/0xa0
[    1.566986]  do_ipt_set_ctl+0x42f/0xa00
[    1.568084]  ? mutex_unlock+0x18/0x40
[    1.569134]  ? compat_do_replace.constprop.0+0x380/0x380
[    1.572999]  ? _raw_spin_lock_irqsave+0x7b/0xd0
[    1.576227]  ? _raw_write_lock_irqsave+0xd0/0xd0
[    1.577728]  ? ip4_datagram_release_cb+0x149/0x7b0
[    1.579119]  ? _raw_spin_lock_irqsave+0x7b/0xd0
[    1.580771]  ? mutex_lock+0x89/0xd0
[    1.582476]  ? __mutex_lock_slowpath+0x10/0x10
[    1.583804]  ? up_read+0x68/0x180
[    1.584824]  ? mutex_unlock+0x18/0x40
[    1.585884]  nf_setsockopt+0x70/0xd0
[    1.586894]  ip_setsockopt+0xe89/0x28d0
[    1.588056]  ? ip_ra_control+0x530/0x530
[    1.589353]  ? __wake_up_common_lock+0xde/0x130
[    1.590731]  ? __wake_up_common+0x3f0/0x3f0
[    1.591923]  ? copyin+0x40/0x60
[    1.592922]  ? selinux_secmark_relabel_packet+0xe0/0xe0
[    1.594491]  ? selinux_netlbl_sock_rcv_skb+0x390/0x390
[    1.596004]  raw_setsockopt+0x166/0x1f0
[    1.597107]  ? raw_getsockopt+0xf0/0xf0
[    1.598232]  ? security_socket_setsockopt+0x63/0x90
[    1.599701]  __sys_setsockopt+0x123/0x210
[    1.600991]  ? __ia32_sys_recv+0xf0/0xf0
[    1.602237]  ? __cond_resched+0x12/0x70
[    1.603426]  __ia32_compat_sys_socketcall+0x3cc/0x560
[    1.604994]  ? __ia32_compat_sys_recvmmsg_time32+0x150/0x150
[    1.606656]  ? vfs_write+0x3aa/0x720
[    1.607740]  ? ksys_write+0xec/0x1c0
[    1.608848]  ? __ia32_sys_read+0xa0/0xa0
[    1.610003]  ? trace_page_fault_user+0x90/0x90
[    1.611625]  ? fpregs_assert_state_consistent+0x18/0x90
[    1.613596]  __do_fast_syscall_32+0x5c/0x90
[    1.614977]  do_fast_syscall_32+0x2f/0x70
[    1.616277]  entry_SYSENTER_compat_after_hwframe+0x4d/0x5f
[    1.618005] RIP: 0023:0xf7ffb549
[    1.619663] Code: 03 74 c0 01 10 05 03 74 b8 01 10 06 03 74 b4 01 10 07 03 74 b0 01 10 08 03 74 d8 01 00 00 00 00 00 51 52 55 89 e5 0f 34 cd 80 <5d> 5a 59 c3 90 90 90 90 8d b4 26 00 00 00 00 8d b4 26 00 00 00 00
[    1.625490] RSP: 002b:00000000fff18eb0 EFLAGS: 00000286 ORIG_RAX: 0000000000000066
[    1.628523] RAX: ffffffffffffffda RBX: 000000000000000e RCX: 00000000fff18ed8
[    1.631534] RDX: 00000000fff18f48 RSI: 00000000080ecff4 RDI: 0000000000000066
[    1.633759] RBP: 00000000fff18ed8 R08: 0000000000000000 R09: 0000000000000000
[    1.636081] R10: 0000000000000000 R11: 0000000000000000 R12: 0000000000000000
[    1.638287] R13: 0000000000000000 R14: 0000000000000000 R15: 0000000000000000
[    1.640566] 
[    1.641091] Allocated by task 78:
[    1.642212]  kasan_save_stack+0x19/0x40
[    1.643481]  __kasan_kmalloc+0x7d/0xa0
[    1.644976]  kvmalloc_node+0x3c/0x80
[    1.646430]  xt_alloc_table_info+0x22/0x80
[    1.647766]  translate_compat_table+0xa81/0x1700
[    1.649267]  compat_do_replace.constprop.0+0x208/0x380
[    1.650918]  do_ipt_set_ctl+0x42f/0xa00
[    1.652102]  nf_setsockopt+0x70/0xd0
[    1.653236]  ip_setsockopt+0xe89/0x28d0
[    1.654450]  raw_setsockopt+0x166/0x1f0
[    1.655625]  __sys_setsockopt+0x123/0x210
[    1.656873]  __ia32_compat_sys_socketcall+0x3cc/0x560
[    1.658468]  __do_fast_syscall_32+0x5c/0x90
[    1.659824]  do_fast_syscall_32+0x2f/0x70
[    1.661041]  entry_SYSENTER_compat_after_hwframe+0x4d/0x5f
[    1.662794] 
[    1.663328] The buggy address belongs to the object at ffff888009080000
[    1.663328]  which belongs to the cache kmalloc-8k of size 8192
[    1.667386] The buggy address is located 4098 bytes inside of
[    1.667386]  8192-byte region [ffff888009080000, ffff888009082000)
[    1.672168] The buggy address belongs to the page:
[    1.674040] page:000000008e08419d refcount:1 mapcount:0 mapping:0000000000000000 index:0x0 pfn:0x9080
[    1.677050] head:000000008e08419d order:3 compound_mapcount:0 compound_pincount:0
[    1.679577] flags: 0x100000000010200(slab|head)
[    1.681378] raw: 0100000000010200 dead000000000100 dead000000000122 ffff888005842280
[    1.684024] raw: 0000000000000000 0000000080020002 00000001ffffffff 0000000000000000
[    1.686413] page dumped because: kasan: bad access detected
[    1.688177] 
[    1.688677] Memory state around the buggy address:
[    1.690182]  ffff888009080f00: 00 00 00 00 00 00 00 00 00 00 00 00 00 00 00 00
[    1.692688]  ffff888009080f80: 00 00 00 00 00 00 00 00 00 00 00 00 00 00 00 00
[    1.694944] >ffff888009081000: 02 fc fc fc fc fc fc fc fc fc fc fc fc fc fc fc
[    1.697050]                    ^
[    1.697960]  ffff888009081080: fc fc fc fc fc fc fc fc fc fc fc fc fc fc fc fc
[    1.701096]  ffff888009081100: fc fc fc fc fc fc fc fc fc fc fc fc fc fc fc fc
[    1.703390] ==================================================================
[    1.705708] Disabling lock debugging due to kernel taint
[    1.707941] x_tables: ip_tables: icmp.0 match: invalid size 8 (kernel) != (user) 3854
poc: setsockopt returned -1 errn[    1.711379] poc (78) used greatest stack depth: 26880 bytes left
o=22 (Invalid argument)
poc: done (no crash observed)
---- poc end rc=0 ----
secb: poc exited without crashing the kernel
[    2.132999] input: ImExPS/2 Generic Explorer Mouse as /devices/platform/i8042/serio1/input/input3
[    3.073521] ACPI: Preparing to enter system sleep state S5
[    3.075910] reboot: Power down
CONFIRMED: KASAN_OOB
