bash: warning: setlocale: LC_ALL: cannot change locale (en_US.UTF-8)
c[?7l[2J[0mSeaBIOS (version 1.16.2-debian-1.16.2-1)


iPXE (http://ipxe.org) 00:03.0 CA00 PCI2.10 PnP PMM+7EFCEF00+7EF0EF00 CA00
Press Ctrl-B to configure iPXE (PCI 00:03.0)...                                                                               


Booting from ROM..c[?7l[2J[    0.000000] Linux version 5.12.0-rc4+ (root@buildkitsandbox) (gcc (Debian 12.2.0-14+deb12u1) 12.2.0, GNU ld (GNU Binutils for Debian) 2.40) #2 SMP Tue May 5 08:59:12 UTC 2026
[    0.000000] Command line: console=ttyS0 oops=panic nokaslr rdinit=/init
[    0.000000] x86/fpu: Supporting XSAVE feature 0x001: 'x87 floating point registers'
[    0.000000] x86/fpu: Supporting XSAVE feature 0x002: 'SSE registers'
[    0.000000] x86/fpu: Supporting XSAVE feature 0x004: 'AVX registers'
[    0.000000] x86/fpu: Supporting XSAVE feature 0x200: 'Protection Keys User registers'
[    0.000000] x86/fpu: xstate_offset[2]:  576, xstate_sizes[2]:  256
[    0.000000] x86/fpu: xstate_offset[9]:  832, xstate_sizes[9]:    8
[    0.000000] x86/fpu: Enabled xstate features 0x207, context size is 840 bytes, using 'compacted' format.
[    0.000000] BIOS-provided physical RAM map:
[    0.000000] BIOS-e820: [mem 0x0000000000000000-0x000000000009fbff] usable
[    0.000000] BIOS-e820: [mem 0x000000000009fc00-0x000000000009ffff] reserved
[    0.000000] BIOS-e820: [mem 0x00000000000f0000-0x00000000000fffff] reserved
[    0.000000] BIOS-e820: [mem 0x0000000000100000-0x000000007ffdffff] usable
[    0.000000] BIOS-e820: [mem 0x000000007ffe0000-0x000000007fffffff] reserved
[    0.000000] BIOS-e820: [mem 0x00000000feffc000-0x00000000feffffff] reserved
[    0.000000] BIOS-e820: [mem 0x00000000fffc0000-0x00000000ffffffff] reserved
[    0.000000] NX (Execute Disable) protection: active
[    0.000000] SMBIOS 2.8 present.
[    0.000000] DMI: QEMU Standard PC (i440FX + PIIX, 1996), BIOS 1.16.2-debian-1.16.2-1 04/01/2014
[    0.000000] tsc: Fast TSC calibration using PIT
[    0.000000] tsc: Detected 3186.845 MHz processor
[    0.000277] last_pfn = 0x7ffe0 max_arch_pfn = 0x400000000
[    0.000306] x86/PAT: Configuration [0-7]: WB  WC  UC- UC  WB  WP  UC- WT  
[    0.002196] found SMP MP-table at [mem 0x000f5ba0-0x000f5baf]
[    0.002217] check: Scanning 1 areas for low memory corruption
[    0.002232] Using GB pages for direct mapping
[    0.002341] RAMDISK: [mem 0x7fe91000-0x7ffdffff]
[    0.002351] ACPI: Early table checksum verification disabled
[    0.002355] ACPI: RSDP 0x00000000000F59D0 000014 (v00 BOCHS )
[    0.002358] ACPI: RSDT 0x000000007FFE1B33 000034 (v01 BOCHS  BXPC     00000001 BXPC 00000001)
[    0.002364] ACPI: FACP 0x000000007FFE19DF 000074 (v01 BOCHS  BXPC     00000001 BXPC 00000001)
[    0.002369] ACPI: DSDT 0x000000007FFE0040 00199F (v01 BOCHS  BXPC     00000001 BXPC 00000001)
[    0.002372] ACPI: FACS 0x000000007FFE0000 000040
[    0.002374] ACPI: APIC 0x000000007FFE1A53 000080 (v01 BOCHS  BXPC     00000001 BXPC 00000001)
[    0.002377] ACPI: HPET 0x000000007FFE1AD3 000038 (v01 BOCHS  BXPC     00000001 BXPC 00000001)
[    0.002379] ACPI: WAET 0x000000007FFE1B0B 000028 (v01 BOCHS  BXPC     00000001 BXPC 00000001)
[    0.002557] No NUMA configuration found
[    0.002558] Faking a node at [mem 0x0000000000000000-0x000000007ffdffff]
[    0.002562] NODE_DATA(0) allocated [mem 0x7fe8d000-0x7fe90fff]
[    0.002573] Zone ranges:
[    0.002574]   DMA      [mem 0x0000000000001000-0x0000000000ffffff]
[    0.002576]   DMA32    [mem 0x0000000001000000-0x000000007ffdffff]
[    0.002578]   Normal   empty
[    0.002579] Movable zone start for each node
[    0.002580] Early memory node ranges
[    0.002580]   node   0: [mem 0x0000000000001000-0x000000000009efff]
[    0.002582]   node   0: [mem 0x0000000000100000-0x000000007ffdffff]
[    0.002583] Initmem setup node 0 [mem 0x0000000000001000-0x000000007ffdffff]
[    0.004649]   DMA zone: 28770 pages in unavailable ranges
[    0.026232]   DMA32 zone: 32 pages in unavailable ranges
[    0.225399] kasan: KernelAddressSanitizer initialized
[    0.225610] ACPI: PM-Timer IO Port: 0x608
[    0.225621] ACPI: LAPIC_NMI (acpi_id[0xff] dfl dfl lint[0x1])
[    0.225650] IOAPIC[0]: apic_id 0, version 17, address 0xfec00000, GSI 0-23
[    0.225652] ACPI: INT_SRC_OVR (bus 0 bus_irq 0 global_irq 2 dfl dfl)
[    0.225654] ACPI: INT_SRC_OVR (bus 0 bus_irq 5 global_irq 5 high level)
[    0.225655] ACPI: INT_SRC_OVR (bus 0 bus_irq 9 global_irq 9 high level)
[    0.225657] ACPI: INT_SRC_OVR (bus 0 bus_irq 10 global_irq 10 high level)
[    0.225658] ACPI: INT_SRC_OVR (bus 0 bus_irq 11 global_irq 11 high level)
[    0.225663] Using ACPI (MADT) for SMP configuration information
[    0.225664] ACPI: HPET id: 0x8086a201 base: 0xfed00000
[    0.225667] TSC deadline timer available
[    0.225669] smpboot: Allowing 2 CPUs, 0 hotplug CPUs
[    0.225678] PM: hibernation: Registered nosave memory: [mem 0x00000000-0x00000fff]
[    0.225680] PM: hibernation: Registered nosave memory: [mem 0x0009f000-0x0009ffff]
[    0.225682] PM: hibernation: Registered nosave memory: [mem 0x000a0000-0x000effff]
[    0.225682] PM: hibernation: Registered nosave memory: [mem 0x000f0000-0x000fffff]
[    0.225684] [mem 0x80000000-0xfeffbfff] available for PCI devices
[    0.225687] clocksource: refined-jiffies: mask: 0xffffffff max_cycles: 0xffffffff, max_idle_ns: 1910969940391419 ns
[    0.232820] setup_percpu: NR_CPUS:64 nr_cpumask_bits:64 nr_cpu_ids:2 nr_node_ids:1
[    0.233614] percpu: Embedded 60 pages/cpu s207192 r8192 d30376 u1048576
[    0.233639] Built 1 zonelists, mobility grouping on.  Total pages: 515945
[    0.233641] Policy zone: DMA32
[    0.233643] Kernel command line: console=ttyS0 oops=panic nokaslr rdinit=/init
[    0.233789] Dentry cache hash table entries: 262144 (order: 9, 2097152 bytes, linear)
[    0.234575] Inode-cache hash table entries: 131072 (order: 8, 1048576 bytes, linear)
[    0.234606] mem auto-init: stack:off, heap alloc:off, heap free:off
[    0.260615] Memory: 1705556K/2096632K available (43022K kernel code, 7255K rwdata, 6700K rodata, 1720K init, 2272K bss, 390820K reserved, 0K cma-reserved)
[    0.260706] SLUB: HWalign=64, Order=0-3, MinObjects=0, CPUs=2, Nodes=1
[    0.261932] rcu: Hierarchical RCU implementation.
[    0.261934] rcu: 	RCU event tracing is enabled.
[    0.261935] rcu: 	RCU restricting CPUs from NR_CPUS=64 to nr_cpu_ids=2.
[    0.261937] rcu: RCU calculated value of scheduler-enlistment delay is 100 jiffies.
[    0.261938] rcu: Adjusting geometry for rcu_fanout_leaf=16, nr_cpu_ids=2
[    0.264304] NR_IRQS: 4352, nr_irqs: 440, preallocated irqs: 16
[    0.264535] random: get_random_bytes called from start_kernel+0x1c7/0x36f with crng_init=0
[    0.267228] Console: colour VGA+ 80x25
[    0.300771] printk: console [ttyS0] enabled
[    0.301033] ACPI: Core revision 20210105
[    0.301379] clocksource: hpet: mask: 0xffffffff max_cycles: 0xffffffff, max_idle_ns: 19112604467 ns
[    0.301965] APIC: Switch to symmetric I/O mode setup
[    0.303012] ..TIMER: vector=0x30 apic1=0 pin1=2 apic2=-1 pin2=-1
[    0.307950] clocksource: tsc-early: mask: 0xffffffffffffffff max_cycles: 0x2defbf0b85a, max_idle_ns: 440795273320 ns
[    0.308590] Calibrating delay loop (skipped), value calculated using timer frequency.. 6373.69 BogoMIPS (lpj=3186845)
[    0.309589] pid_max: default: 32768 minimum: 301
[    0.309894] LSM: Security Framework initializing
[    0.310182] SELinux:  Initializing.
[    0.310622] Mount-cache hash table entries: 4096 (order: 3, 32768 bytes, linear)
[    0.311063] Mountpoint-cache hash table entries: 4096 (order: 3, 32768 bytes, linear)
[    0.311893] x86/cpu: User Mode Instruction Prevention (UMIP) activated
[    0.312337] Last level iTLB entries: 4KB 0, 2MB 0, 4MB 0
[    0.312591] Last level dTLB entries: 4KB 0, 2MB 0, 4MB 0, 1GB 0
[    0.312945] Spectre V1 : Mitigation: usercopy/swapgs barriers and __user pointer sanitization
[    0.313449] Spectre V2 : Mitigation: Enhanced IBRS
[    0.313588] Spectre V2 : Spectre v2 / SpectreRSB mitigation: Filling RSB on context switch
[    0.314080] Spectre V2 : mitigation: Enabling conditional Indirect Branch Prediction Barrier
[    0.314589] Speculative Store Bypass: Mitigation: Speculative Store Bypass disabled via prctl and seccomp
[    0.315682] Freeing SMP alternatives memory: 40K
[    0.316063] smpboot: CPU0: Intel(R) Core(TM) i9-14900K (family: 0x6, model: 0xb7, stepping: 0x1)
[    0.316588] Performance Events: unsupported p6 CPU model 183 no PMU driver, software events only.
[    0.316626] rcu: Hierarchical SRCU implementation.
[    0.317181] smp: Bringing up secondary CPUs ...
[    0.317565] x86: Booting SMP configuration:
[    0.317591] .... node  #0, CPUs:      #1
[    0.317777] smp: Brought up 1 node, 2 CPUs
[    0.318105] smpboot: Max logical packages: 1
[    0.318590] smpboot: Total of 2 processors activated (12747.38 BogoMIPS)
[    0.319200] devtmpfs: initialized
[    0.320164] clocksource: jiffies: mask: 0xffffffff max_cycles: 0xffffffff, max_idle_ns: 1911260446275000 ns
[    0.320593] futex hash table entries: 512 (order: 3, 32768 bytes, linear)
[    0.321074] PM: RTC time: 09:02:25, date: 2026-05-05
[    0.321471] NET: Registered protocol family 16
[    0.321731] audit: initializing netlink subsys (disabled)
[    0.322611] audit: type=2000 audit(1777971745.020:1): state=initialized audit_enabled=0 res=1
[    0.322796] thermal_sys: Registered thermal governor 'step_wise'
[    0.323109] thermal_sys: Registered thermal governor 'user_space'
[    0.323607] cpuidle: using governor menu
[    0.323620] ACPI: bus type PCI registered
[    0.323982] PCI: Using configuration type 1 for base access
[    0.331078] Kprobes globally optimized
[    0.331629] HugeTLB registered 2.00 MiB page size, pre-allocated 0 pages
[    0.331629] cryptomgr_test (27) used greatest stack depth: 30800 bytes left
[    0.333658] ACPI: Added _OSI(Module Device)
[    0.333912] ACPI: Added _OSI(Processor Device)
[    0.334178] ACPI: Added _OSI(3.0 _SCP Extensions)
[    0.334590] ACPI: Added _OSI(Processor Aggregator Device)
[    0.334913] ACPI: Added _OSI(Linux-Dell-Video)
[    0.335174] ACPI: Added _OSI(Linux-Lenovo-NV-HDMI-Audio)
[    0.335490] ACPI: Added _OSI(Linux-HPI-Hybrid-Graphics)
[    0.340746] ACPI: 1 ACPI AML tables successfully acquired and loaded
[    0.342438] ACPI: Interpreter enabled
[    0.342620] ACPI: (supports S0 S3 S4 S5)
[    0.342857] ACPI: Using IOAPIC for interrupt routing
[    0.343182] PCI: Using host bridge windows from ACPI; if necessary, use "pci=nocrs" and report a bug
[    0.343883] ACPI: Enabled 2 GPEs in block 00 to 0F
[    0.352703] ACPI: PCI Root Bridge [PCI0] (domain 0000 [bus 00-ff])
[    0.353076] acpi PNP0A03:00: _OSC: OS supports [ASPM ClockPM Segments MSI HPX-Type3]
[    0.353560] acpi PNP0A03:00: fail to add MMCONFIG information, can't access extended PCI configuration space under this bridge.
[    0.353680] PCI host bridge to bus 0000:00
[    0.353918] pci_bus 0000:00: root bus resource [io  0x0000-0x0cf7 window]
[    0.354307] pci_bus 0000:00: root bus resource [io  0x0d00-0xffff window]
[    0.354591] pci_bus 0000:00: root bus resource [mem 0x000a0000-0x000bffff window]
[    0.355025] pci_bus 0000:00: root bus resource [mem 0x80000000-0xfebfffff window]
[    0.355466] pci_bus 0000:00: root bus resource [mem 0x100000000-0x17fffffff window]
[    0.355590] pci_bus 0000:00: root bus resource [bus 00-ff]
[    0.355944] pci 0000:00:00.0: [8086:1237] type 00 class 0x060000
[    0.357745] pci 0000:00:01.0: [8086:7000] type 00 class 0x060100
[    0.358884] pci 0000:00:01.1: [8086:7010] type 00 class 0x010180
[    0.360224] pci 0000:00:01.1: reg 0x20: [io  0xc040-0xc04f]
[    0.360864] pci 0000:00:01.1: legacy IDE quirk: reg 0x10: [io  0x01f0-0x01f7]
[    0.361275] pci 0000:00:01.1: legacy IDE quirk: reg 0x14: [io  0x03f6]
[    0.361589] pci 0000:00:01.1: legacy IDE quirk: reg 0x18: [io  0x0170-0x0177]
[    0.362005] pci 0000:00:01.1: legacy IDE quirk: reg 0x1c: [io  0x0376]
[    0.362724] pci 0000:00:01.3: [8086:7113] type 00 class 0x068000
[    0.363296] pci 0000:00:01.3: quirk: [io  0x0600-0x063f] claimed by PIIX4 ACPI
[    0.363596] pci 0000:00:01.3: quirk: [io  0x0700-0x070f] claimed by PIIX4 SMB
[    0.364346] pci 0000:00:02.0: [1234:1111] type 00 class 0x030000
[    0.365019] pci 0000:00:02.0: reg 0x10: [mem 0xfd000000-0xfdffffff pref]
[    0.366236] pci 0000:00:02.0: reg 0x18: [mem 0xfebf0000-0xfebf0fff]
[    0.368190] pci 0000:00:02.0: reg 0x30: [mem 0xfebe0000-0xfebeffff pref]
[    0.369212] pci 0000:00:03.0: [8086:100e] type 00 class 0x020000
[    0.370181] pci 0000:00:03.0: reg 0x10: [mem 0xfebc0000-0xfebdffff]
[    0.370717] pci 0000:00:03.0: reg 0x14: [io  0xc000-0xc03f]
[    0.372539] pci 0000:00:03.0: reg 0x30: [mem 0xfeb80000-0xfebbffff pref]
[    0.373944] ACPI: PCI Interrupt Link [LNKA] (IRQs 5 *10 11)
[    0.374574] ACPI: PCI Interrupt Link [LNKB] (IRQs 5 *10 11)
[    0.374872] ACPI: PCI Interrupt Link [LNKC] (IRQs 5 10 *11)
[    0.375482] ACPI: PCI Interrupt Link [LNKD] (IRQs 5 10 *11)
[    0.375708] ACPI: PCI Interrupt Link [LNKS] (IRQs *9)
[    0.376760] iommu: Default domain type: Translated 
[    0.377073] pci 0000:00:02.0: vgaarb: setting as boot VGA device
[    0.377073] pci 0000:00:02.0: vgaarb: VGA device added: decodes=io+mem,owns=io+mem,locks=none
[    0.377594] pci 0000:00:02.0: vgaarb: bridge control possible
[    0.377929] vgaarb: loaded
[    0.378241] SCSI subsystem initialized
[    0.378468] ACPI: bus type USB registered
[    0.378650] usbcore: registered new interface driver usbfs
[    0.379657] usbcore: registered new interface driver hub
[    0.380608] usbcore: registered new device driver usb
[    0.381547] pps_core: LinuxPPS API ver. 1 registered
[    0.382592] pps_core: Software ver. 5.3.6 - Copyright 2005-2007 Rodolfo Giometti <giometti@linux.it>
[    0.383462] PTP clock support registered
[    0.383658] Advanced Linux Sound Architecture Driver Initialized.
[    0.384824] NetLabel: Initializing
[    0.385028] NetLabel:  domain hash size = 128
[    0.385286] NetLabel:  protocols = UNLABELED CIPSOv4 CALIPSO
[    0.385627] NetLabel:  unlabeled traffic allowed by default
[    0.386001] PCI: Using ACPI for IRQ routing
[    0.386001] hpet0: at MMIO 0xfed00000, IRQs 2, 8, 0
[    0.386590] hpet0: 3 comparators, 64-bit 100.000000 MHz counter
[    0.388624] clocksource: Switched to clocksource tsc-early
[    0.414540] VFS: Disk quotas dquot_6.6.0
[    0.414923] VFS: Dquot-cache hash table entries: 512 (order 0, 4096 bytes)
[    0.415639] pnp: PnP ACPI init
[    0.416903] pnp: PnP ACPI: found 6 devices
[    0.424392] clocksource: acpi_pm: mask: 0xffffff max_cycles: 0xffffff, max_idle_ns: 2085701024 ns
[    0.424977] NET: Registered protocol family 2
[    0.463237] tcp_listen_portaddr_hash hash table entries: 1024 (order: 2, 16384 bytes, linear)
[    0.463815] TCP established hash table entries: 16384 (order: 5, 131072 bytes, linear)
[    0.464311] TCP bind hash table entries: 16384 (order: 6, 262144 bytes, linear)
[    0.464762] TCP: Hash tables configured (established 16384 bind 16384)
[    0.465196] UDP hash table entries: 1024 (order: 3, 32768 bytes, linear)
[    0.465599] UDP-Lite hash table entries: 1024 (order: 3, 32768 bytes, linear)
[    0.466086] NET: Registered protocol family 1
[    0.466551] RPC: Registered named UNIX socket transport module.
[    0.466920] RPC: Registered udp transport module.
[    0.467199] RPC: Registered tcp transport module.
[    0.467478] RPC: Registered tcp NFSv4.1 backchannel transport module.
[    0.468056] pci_bus 0000:00: resource 4 [io  0x0000-0x0cf7 window]
[    0.468425] pci_bus 0000:00: resource 5 [io  0x0d00-0xffff window]
[    0.468793] pci_bus 0000:00: resource 6 [mem 0x000a0000-0x000bffff window]
[    0.469205] pci_bus 0000:00: resource 7 [mem 0x80000000-0xfebfffff window]
[    0.469614] pci_bus 0000:00: resource 8 [mem 0x100000000-0x17fffffff window]
[    0.470116] pci 0000:00:01.0: PIIX3: Enabling Passive Release
[    0.470461] pci 0000:00:00.0: Limiting direct PCI/PCI transfers
[    0.470818] pci 0000:00:01.0: Activating ISA DMA hang workarounds
[    0.471215] pci 0000:00:02.0: Video device with shadowed ROM at [mem 0x000c0000-0x000dffff]
[    0.471716] PCI: CLS 0 bytes, default 64
[    0.472042] Unpacking initramfs...
[    0.485707] Freeing initrd memory: 1340K
[    0.486357] check: Scanning for low memory corruption every 60 seconds
[    0.487149] Initialise system trusted keyrings
[    0.487510] workingset: timestamp_bits=56 max_order=19 bucket_order=0
[    0.495388] NFS: Registering the id_resolver key type
[    0.495700] Key type id_resolver registered
[    0.495956] Key type id_legacy registered
[    0.500399] Key type asymmetric registered
[    0.500660] Asymmetric key parser 'x509' registered
[    0.500968] Block layer SCSI generic (bsg) driver version 0.4 loaded (major 251)
[    0.501404] io scheduler mq-deadline registered
[    0.501678] io scheduler kyber registered
[    0.502224] input: Power Button as /devices/LNXSYSTM:00/LNXPWRBN:00/input/input0
[    0.502740] ACPI: button: Power Button [PWRF]
[    0.503287] Serial: 8250/16550 driver, 4 ports, IRQ sharing enabled
[    0.503749] 00:04: ttyS0 at I/O 0x3f8 (irq = 4, base_baud = 115200) is a 16550A
[    0.504725] Non-volatile memory driver v1.3
[    0.505027] Linux agpgart interface v0.103
[    0.509899] loop: module loaded
[    0.511020] scsi host0: ata_piix
[    0.511459] scsi host1: ata_piix
[    0.511723] ata1: PATA max MWDMA2 cmd 0x1f0 ctl 0x3f6 bmdma 0xc040 irq 14
[    0.512130] ata2: PATA max MWDMA2 cmd 0x170 ctl 0x376 bmdma 0xc048 irq 15
[    0.513024] e100: Intel(R) PRO/100 Network Driver
[    0.513304] e100: Copyright(c) 1999-2006 Intel Corporation
[    0.513642] e1000: Intel(R) PRO/1000 Network Driver
[    0.513938] e1000: Copyright (c) 1999-2006 Intel Corporation.
[    0.671430] ata2.00: ATAPI: QEMU DVD-ROM, 2.5+, max UDMA/100
[    0.673607] scsi 1:0:0:0: CD-ROM            QEMU     QEMU DVD-ROM     2.5+ PQ: 0 ANSI: 5
[    0.791264] sr 1:0:0:0: [sr0] scsi3-mmc drive: 4x/4x cd/rw xa/form2 tray
[    0.792291] cdrom: Uniform CD-ROM driver Revision: 3.20
[    0.803954] PCI Interrupt Link [LNKC] enabled at IRQ 11
[    0.808357] sr 1:0:0:0: Attached scsi generic sg0 type 5
[    1.093026] e1000 0000:00:03.0 eth0: (PCI:33MHz:32-bit) 52:54:00:12:34:56
[    1.093451] e1000 0000:00:03.0 eth0: Intel(R) PRO/1000 Network Connection
[    1.093891] e1000e: Intel(R) PRO/1000 Network Driver
[    1.094184] e1000e: Copyright(c) 1999 - 2015 Intel Corporation.
[    1.094554] sky2: driver version 1.30
[    1.094935] ehci_hcd: USB 2.0 'Enhanced' Host Controller (EHCI) Driver
[    1.095320] ehci-pci: EHCI PCI platform driver
[    1.096189] ohci_hcd: USB 1.1 'Open' Host Controller (OHCI) Driver
[    1.096567] ohci-pci: OHCI PCI platform driver
[    1.096860] uhci_hcd: USB Universal Host Controller Interface driver
[    1.097321] usbcore: registered new interface driver usblp
[    1.097659] usbcore: registered new interface driver usb-storage
[    1.098049] i8042: PNP: PS/2 Controller [PNP0303:KBD,PNP0f13:MOU] at 0x60,0x64 irq 1,12
[    1.098970] serio: i8042 KBD port at 0x60,0x64 irq 1
[    1.099269] serio: i8042 AUX port at 0x60,0x64 irq 12
[    1.099799] rtc_cmos 00:05: RTC can wake from S4
[    1.100210] input: AT Translated Set 2 keyboard as /devices/platform/i8042/serio0/input/input1
[    1.101931] rtc_cmos 00:05: registered as rtc0
[    1.102220] rtc_cmos 00:05: alarms up to one day, y3k, 242 bytes nvram, hpet irqs
[    1.102821] device-mapper: ioctl: 4.44.0-ioctl (2021-02-01) initialised: dm-devel@redhat.com
[    1.103317] intel_pstate: CPU model not supported
[    1.103619] hid: raw HID events driver (C) Jiri Kosina
[    1.104130] usbcore: registered new interface driver usbhid
[    1.104457] usbhid: USB HID core driver
[    1.105131] Initializing XFRM netlink socket
[    1.105599] NET: Registered protocol family 10
[    1.106235] Segment Routing with IPv6
[    1.106573] sit: IPv6, IPv4 and MPLS over IPv4 tunneling driver
[    1.107113] NET: Registered protocol family 17
[    1.107402] Key type dns_resolver registered
[    1.107805] IPI shorthand broadcast: enabled
[    1.108082] sched_clock: Marking stable (1069632924, 38109330)->(1113031324, -5289070)
[    1.108659] registered taskstats version 1
[    1.108905] Loading compiled-in X.509 certificates
[    1.112176] PM:   Magic number: 10:283:19
[    1.112460] printk: console [netcon0] enabled
[    1.112724] netconsole: network logging started
[    1.113127] cfg80211: Loading compiled-in X.509 certificates for regulatory database
[    1.113739] kworker/u4:1 (67) used greatest stack depth: 29392 bytes left
[    1.114397] cfg80211: Loaded X.509 cert 'sforshee: 00b28ddf47aef9cea7'
[    1.114798] ALSA device list:
[    1.114980]   No soundcards found.
[    1.115560] Freeing unused kernel image (initmem) memory: 1720K
[    1.115954] platform regulatory.0: Direct firmware load for regulatory.db failed with error -2
[    1.116449] cfg80211: failed to load regulatory.db
[    1.117687] Write protecting the kernel read-only data: 53248k
[    1.118381] Freeing unused kernel image (text/rodata gap) memory: 2032K
[    1.118953] Freeing unused kernel image (rodata/data gap) memory: 1492K
[    1.119339] Run /init as init process
[    1.120371] mount (72) used greatest stack depth: 28760 bytes left

secb: rootfs ready
---- poc begin ----
poc: userns ready
poc: raw socket fd=3
poc: IPT_SO_GET_INFO(filter) = 0 errno=11 (ok)
poc: sizes replace=92 entry=112 match=32 target=32 total=4114
[    1.126240] x_tables: ip_tables: icmp.0 match: invalid size 8 (kernel) != (user) 3850
poc: setsockopt returned -1 errno=22 (Invalid argument)
poc: done (no crash observed)
[    1.127183] poc (78) used greatest stack depth: 27528 bytes left
---- poc end rc=0 ----
secb: poc exited without crashing the kernel
[    1.486786] tsc: Refined TSC clocksource calibration: 3186.916 MHz
[    1.487213] clocksource: tsc: mask: 0xffffffffffffffff max_cycles: 0x2df00204fa0, max_idle_ns: 440795295358 ns
[    1.487882] clocksource: Switched to clocksource tsc
[    1.719119] input: ImExPS/2 Generic Explorer Mouse as /devices/platform/i8042/serio1/input/input3
[    2.351829] ACPI: Preparing to enter system sleep state S5
[    2.352221] reboot: Power down
NO_CRASH_DETECTED
