bash: warning: setlocale: LC_ALL: cannot change locale (en_US.UTF-8)
c[?7l[2J[0mSeaBIOS (version 1.16.2-debian-1.16.2-1)


iPXE (http://ipxe.org) 00:03.0 CA00 PCI2.10 PnP PMM+7EFCEF00+7EF0EF00 CA00
Press Ctrl-B to configure iPXE (PCI 00:03.0)...                                                                               


Booting from ROM...
c[?7l[2J[    0.000000] Linux version 6.4.0-04328-gcd0de1f7aa6c (root@buildkitsandbox) (gcc (Debian 12.2.0-14+deb12u1) 12.2.0, GNU ld (GNU Binutils for Debian) 2.40) #2 SMP PREEMPT_DYNAMIC Wed May 13 18:23:21 UTC 2026
[    0.000000] Command line: console=ttyS0 oops=panic nokaslr rdinit=/init
[    0.000000] BIOS-provided physical RAM map:
[    0.000000] BIOS-e820: [mem 0x0000000000000000-0x000000000009fbff] usable
[    0.000000] BIOS-e820: [mem 0x000000000009fc00-0x000000000009ffff] reserved
[    0.000000] BIOS-e820: [mem 0x00000000000f0000-0x00000000000fffff] reserved
[    0.000000] BIOS-e820: [mem 0x0000000000100000-0x000000007ffdffff] usable
[    0.000000] BIOS-e820: [mem 0x000000007ffe0000-0x000000007fffffff] reserved
[    0.000000] BIOS-e820: [mem 0x00000000feffc000-0x00000000feffffff] reserved
[    0.000000] BIOS-e820: [mem 0x00000000fffc0000-0x00000000ffffffff] reserved
[    0.000000] NX (Execute Disable) protection: active
[    0.000000] SMBIOS 2.8 present.
[    0.000000] DMI: QEMU Standard PC (i440FX + PIIX, 1996), BIOS 1.16.2-debian-1.16.2-1 04/01/2014
[    0.000000] Hypervisor detected: KVM
[    0.000000] kvm-clock: Using msrs 4b564d01 and 4b564d00
[    0.000001] kvm-clock: using sched offset of 413265669 cycles
[    0.000002] clocksource: kvm-clock: mask: 0xffffffffffffffff max_cycles: 0x1cd42e4dffb, max_idle_ns: 881590591483 ns
[    0.000005] tsc: Detected 2995.198 MHz processor
[    0.000455] last_pfn = 0x7ffe0 max_arch_pfn = 0x400000000
[    0.000547] MTRR map: 4 entries (3 fixed + 1 variable; max 19), built from 8 variable MTRRs
[    0.000552] x86/PAT: Configuration [0-7]: WB  WC  UC- UC  WB  WP  UC- WT  
[    0.006019] found SMP MP-table at [mem 0x000f5ba0-0x000f5baf]
[    0.006135] Using GB pages for direct mapping
[    0.006153] Incomplete global flushes, disabling PCID
[    0.006303] RAMDISK: [mem 0x7fe91000-0x7ffdffff]
[    0.006329] ACPI: Early table checksum verification disabled
[    0.006358] ACPI: RSDP 0x00000000000F59D0 000014 (v00 BOCHS )
[    0.006362] ACPI: RSDT 0x000000007FFE1B33 000034 (v01 BOCHS  BXPC     00000001 BXPC 00000001)
[    0.006368] ACPI: FACP 0x000000007FFE19DF 000074 (v01 BOCHS  BXPC     00000001 BXPC 00000001)
[    0.006373] ACPI: DSDT 0x000000007FFE0040 00199F (v01 BOCHS  BXPC     00000001 BXPC 00000001)
[    0.006376] ACPI: FACS 0x000000007FFE0000 000040
[    0.006379] ACPI: APIC 0x000000007FFE1A53 000080 (v01 BOCHS  BXPC     00000001 BXPC 00000001)
[    0.006381] ACPI: HPET 0x000000007FFE1AD3 000038 (v01 BOCHS  BXPC     00000001 BXPC 00000001)
[    0.006384] ACPI: WAET 0x000000007FFE1B0B 000028 (v01 BOCHS  BXPC     00000001 BXPC 00000001)
[    0.006386] ACPI: Reserving FACP table memory at [mem 0x7ffe19df-0x7ffe1a52]
[    0.006388] ACPI: Reserving DSDT table memory at [mem 0x7ffe0040-0x7ffe19de]
[    0.006389] ACPI: Reserving FACS table memory at [mem 0x7ffe0000-0x7ffe003f]
[    0.006390] ACPI: Reserving APIC table memory at [mem 0x7ffe1a53-0x7ffe1ad2]
[    0.006391] ACPI: Reserving HPET table memory at [mem 0x7ffe1ad3-0x7ffe1b0a]
[    0.006392] ACPI: Reserving WAET table memory at [mem 0x7ffe1b0b-0x7ffe1b32]
[    0.007051] No NUMA configuration found
[    0.007053] Faking a node at [mem 0x0000000000000000-0x000000007ffdffff]
[    0.007056] NODE_DATA(0) allocated [mem 0x7fe8d000-0x7fe90fff]
[    0.007078] Zone ranges:
[    0.007078]   DMA      [mem 0x0000000000001000-0x0000000000ffffff]
[    0.007080]   DMA32    [mem 0x0000000001000000-0x000000007ffdffff]
[    0.007081]   Normal   empty
[    0.007082] Movable zone start for each node
[    0.007082] Early memory node ranges
[    0.007082]   node   0: [mem 0x0000000000001000-0x000000000009efff]
[    0.007084]   node   0: [mem 0x0000000000100000-0x000000007ffdffff]
[    0.007085] Initmem setup node 0 [mem 0x0000000000001000-0x000000007ffdffff]
[    0.007806] On node 0, zone DMA: 1 pages in unavailable ranges
[    0.007851] On node 0, zone DMA: 97 pages in unavailable ranges
[    0.024010] On node 0, zone DMA32: 32 pages in unavailable ranges
[    0.120944] kasan: KernelAddressSanitizer initialized
[    0.121721] ACPI: PM-Timer IO Port: 0x608
[    0.121729] ACPI: LAPIC_NMI (acpi_id[0xff] dfl dfl lint[0x1])
[    0.121784] IOAPIC[0]: apic_id 0, version 17, address 0xfec00000, GSI 0-23
[    0.121787] ACPI: INT_SRC_OVR (bus 0 bus_irq 0 global_irq 2 dfl dfl)
[    0.121789] ACPI: INT_SRC_OVR (bus 0 bus_irq 5 global_irq 5 high level)
[    0.121789] ACPI: INT_SRC_OVR (bus 0 bus_irq 9 global_irq 9 high level)
[    0.121791] ACPI: INT_SRC_OVR (bus 0 bus_irq 10 global_irq 10 high level)
[    0.121791] ACPI: INT_SRC_OVR (bus 0 bus_irq 11 global_irq 11 high level)
[    0.121795] ACPI: Using ACPI (MADT) for SMP configuration information
[    0.121796] ACPI: HPET id: 0x8086a201 base: 0xfed00000
[    0.121799] TSC deadline timer available
[    0.121805] smpboot: Allowing 2 CPUs, 0 hotplug CPUs
[    0.121837] kvm-guest: KVM setup pv remote TLB flush
[    0.121847] kvm-guest: setup PV sched yield
[    0.121870] PM: hibernation: Registered nosave memory: [mem 0x00000000-0x00000fff]
[    0.121871] PM: hibernation: Registered nosave memory: [mem 0x0009f000-0x0009ffff]
[    0.121872] PM: hibernation: Registered nosave memory: [mem 0x000a0000-0x000effff]
[    0.121873] PM: hibernation: Registered nosave memory: [mem 0x000f0000-0x000fffff]
[    0.121874] [mem 0x80000000-0xfeffbfff] available for PCI devices
[    0.121875] Booting paravirtualized kernel on KVM
[    0.121877] clocksource: refined-jiffies: mask: 0xffffffff max_cycles: 0xffffffff, max_idle_ns: 1910969940391419 ns
[    0.132348] setup_percpu: NR_CPUS:64 nr_cpumask_bits:2 nr_cpu_ids:2 nr_node_ids:1
[    0.133330] percpu: Embedded 66 pages/cpu s232168 r8192 d29976 u1048576
[    0.133396] Kernel command line: console=ttyS0 oops=panic nokaslr rdinit=/init
[    0.133464] random: crng init done
[    0.134200] Dentry cache hash table entries: 262144 (order: 9, 2097152 bytes, linear)
[    0.134925] Inode-cache hash table entries: 131072 (order: 8, 1048576 bytes, linear)
[    0.134996] Fallback order for Node 0: 0 
[    0.134999] Built 1 zonelists, mobility grouping on.  Total pages: 515808
[    0.135000] Policy zone: DMA32
[    0.135001] mem auto-init: stack:all(zero), heap alloc:off, heap free:off
[    0.135002] stackdepot: allocating hash table via alloc_large_system_hash
[    0.138126] stackdepot hash table entries: 1048576 (order: 11, 8388608 bytes, linear)
[    0.157839] Memory: 1692956K/2096632K available (49152K kernel code, 7947K rwdata, 10072K rodata, 5648K init, 2944K bss, 403420K reserved, 0K cma-reserved)
[    0.157972] SLUB: HWalign=64, Order=0-3, MinObjects=0, CPUs=2, Nodes=1
[    0.159023] Dynamic Preempt: voluntary
[    0.159838] rcu: Preemptible hierarchical RCU implementation.
[    0.159839] rcu: 	RCU event tracing is enabled.
[    0.159840] rcu: 	RCU restricting CPUs from NR_CPUS=64 to nr_cpu_ids=2.
[    0.159841] 	Trampoline variant of Tasks RCU enabled.
[    0.159842] rcu: RCU calculated value of scheduler-enlistment delay is 100 jiffies.
[    0.159843] rcu: Adjusting geometry for rcu_fanout_leaf=16, nr_cpu_ids=2
[    0.167641] NR_IRQS: 4352, nr_irqs: 440, preallocated irqs: 16
[    0.167908] rcu: srcu_init: Setting srcu_struct sizes based on contention.
[    0.176232] Console: colour VGA+ 80x25
[    0.176293] printk: console [ttyS0] enabled
[    0.324615] ACPI: Core revision 20230331
[    0.325711] clocksource: hpet: mask: 0xffffffff max_cycles: 0xffffffff, max_idle_ns: 19112604467 ns
[    0.327895] APIC: Switch to symmetric I/O mode setup
[    0.329190] kvm-guest: setup PV IPIs
[    0.332194] ..TIMER: vector=0x30 apic1=0 pin1=2 apic2=-1 pin2=-1
[    0.333761] clocksource: tsc-early: mask: 0xffffffffffffffff max_cycles: 0x2b2c8d6afc8, max_idle_ns: 440795331172 ns
[    0.336373] Calibrating delay loop (skipped) preset value.. 5990.39 BogoMIPS (lpj=2995198)
[    0.338534] x86/cpu: User Mode Instruction Prevention (UMIP) activated
[    0.339663] Last level iTLB entries: 4KB 0, 2MB 0, 4MB 0
[    0.340371] Last level dTLB entries: 4KB 0, 2MB 0, 4MB 0, 1GB 0
[    0.341394] Spectre V1 : Mitigation: usercopy/swapgs barriers and __user pointer sanitization
[    0.342378] Spectre V2 : Mitigation: Enhanced / Automatic IBRS
[    0.344370] Spectre V2 : Spectre v2 / SpectreRSB mitigation: Filling RSB on context switch
[    0.345369] Spectre V2 : Spectre v2 / PBRSB-eIBRS: Retire a single CALL on VMEXIT
[    0.346372] RETBleed: Mitigation: Enhanced IBRS
[    0.347376] Spectre V2 : mitigation: Enabling conditional Indirect Branch Prediction Barrier
[    0.348373] Speculative Store Bypass: Mitigation: Speculative Store Bypass disabled via prctl
[    0.349374] MMIO Stale Data: Unknown: No mitigations
[    0.350423] x86/fpu: Supporting XSAVE feature 0x001: 'x87 floating point registers'
[    0.351371] x86/fpu: Supporting XSAVE feature 0x002: 'SSE registers'
[    0.352371] x86/fpu: Supporting XSAVE feature 0x004: 'AVX registers'
[    0.353372] x86/fpu: xstate_offset[2]:  576, xstate_sizes[2]:  256
[    0.354372] x86/fpu: Enabled xstate features 0x7, context size is 832 bytes, using 'compacted' format.
[    0.373833] Freeing SMP alternatives memory: 44K
[    0.374372] pid_max: default: 32768 minimum: 301
[    0.375447] LSM: initializing lsm=capability,selinux,integrity
[    0.376381] SELinux:  Initializing.
[    0.377455] Mount-cache hash table entries: 4096 (order: 3, 32768 bytes, linear)
[    0.378373] Mountpoint-cache hash table entries: 4096 (order: 3, 32768 bytes, linear)
[    0.380889] smpboot: CPU0: 13th Gen Intel(R) Core(TM) i9-13900H (family: 0x6, model: 0xba, stepping: 0x2)
[    0.381592] RCU Tasks: Setting shift to 1 and lim to 1 rcu_task_cb_adjust=1.
[    0.382421] Performance Events: unsupported p6 CPU model 186 no PMU driver, software events only.
[    0.383432] signal: max sigframe size: 1776
[    0.384432] rcu: Hierarchical SRCU implementation.
[    0.385377] rcu: 	Max phase no-delay instances is 400.
[    0.386910] smp: Bringing up secondary CPUs ...
[    0.387621] smpboot: x86: Booting SMP configuration:
[    0.388378] .... node  #0, CPUs:      #1
[    0.389450] smp: Brought up 1 node, 2 CPUs
[    0.391294] smpboot: Max logical packages: 1
[    0.391377] smpboot: Total of 2 processors activated (11980.79 BogoMIPS)
[    0.394437] devtmpfs: initialized
[    0.397513] clocksource: jiffies: mask: 0xffffffff max_cycles: 0xffffffff, max_idle_ns: 1911260446275000 ns
[    0.398382] futex hash table entries: 512 (order: 3, 32768 bytes, linear)
[    0.399658] PM: RTC time: 18:24:32, date: 2026-05-13
[    0.400585] NET: Registered PF_NETLINK/PF_ROUTE protocol family
[    0.401630] audit: initializing netlink subsys (disabled)
[    0.402447] audit: type=2000 audit(1778696672.799:1): state=initialized audit_enabled=0 res=1
[    0.402605] thermal_sys: Registered thermal governor 'step_wise'
[    0.403379] thermal_sys: Registered thermal governor 'user_space'
[    0.404400] cpuidle: using governor menu
[    0.406743] PCI: Using configuration type 1 for base access
[    0.407583] kprobes: kprobe jump-optimization is enabled. All kprobes are optimized if possible.
[    0.409639] HugeTLB: registered 2.00 MiB page size, pre-allocated 0 pages
[    0.411377] HugeTLB: 28 KiB vmemmap can be freed for a 2.00 MiB page
[    0.413893] ACPI: Added _OSI(Module Device)
[    0.414377] ACPI: Added _OSI(Processor Device)
[    0.415374] ACPI: Added _OSI(3.0 _SCP Extensions)
[    0.417374] ACPI: Added _OSI(Processor Aggregator Device)
[    0.426685] ACPI: 1 ACPI AML tables successfully acquired and loaded
[    0.485447] ACPI: Interpreter enabled
[    0.486407] ACPI: PM: (supports S0 S3 S4 S5)
[    0.487374] ACPI: Using IOAPIC for interrupt routing
[    0.488412] PCI: Using host bridge windows from ACPI; if necessary, use "pci=nocrs" and report a bug
[    0.489414] PCI: Using E820 reservations for host bridge windows
[    0.491180] ACPI: Enabled 2 GPEs in block 00 to 0F
[    0.504485] ACPI: PCI Root Bridge [PCI0] (domain 0000 [bus 00-ff])
[    0.505407] acpi PNP0A03:00: _OSC: OS supports [ASPM ClockPM Segments MSI HPX-Type3]
[    0.506439] acpi PNP0A03:00: _OSC: not requesting OS control; OS requires [ExtendedConfig ASPM ClockPM MSI]
[    0.507645] acpi PNP0A03:00: fail to add MMCONFIG information, can't access extended configuration space under this bridge
[    0.509018] PCI host bridge to bus 0000:00
[    0.509381] pci_bus 0000:00: root bus resource [io  0x0000-0x0cf7 window]
[    0.510376] pci_bus 0000:00: root bus resource [io  0x0d00-0xffff window]
[    0.511376] pci_bus 0000:00: root bus resource [mem 0x000a0000-0x000bffff window]
[    0.512396] pci_bus 0000:00: root bus resource [mem 0x80000000-0xfebfffff window]
[    0.513385] pci_bus 0000:00: root bus resource [mem 0x100000000-0x17fffffff window]
[    0.514518] pci_bus 0000:00: root bus resource [bus 00-ff]
[    0.515618] pci 0000:00:00.0: [8086:1237] type 00 class 0x060000
[    0.521895] pci 0000:00:01.0: [8086:7000] type 00 class 0x060100
[    0.528838] pci 0000:00:01.1: [8086:7010] type 00 class 0x010180
[    0.530791] pci 0000:00:01.1: reg 0x20: [io  0xc040-0xc04f]
[    0.531995] pci 0000:00:01.1: legacy IDE quirk: reg 0x10: [io  0x01f0-0x01f7]
[    0.532378] pci 0000:00:01.1: legacy IDE quirk: reg 0x14: [io  0x03f6]
[    0.533375] pci 0000:00:01.1: legacy IDE quirk: reg 0x18: [io  0x0170-0x0177]
[    0.534375] pci 0000:00:01.1: legacy IDE quirk: reg 0x1c: [io  0x0376]
[    0.535894] pci 0000:00:01.3: [8086:7113] type 00 class 0x068000
[    0.537193] pci 0000:00:01.3: quirk: [io  0x0600-0x063f] claimed by PIIX4 ACPI
[    0.537393] pci 0000:00:01.3: quirk: [io  0x0700-0x070f] claimed by PIIX4 SMB
[    0.538805] pci 0000:00:02.0: [1234:1111] type 00 class 0x030000
[    0.540449] pci 0000:00:02.0: reg 0x10: [mem 0xfd000000-0xfdffffff pref]
[    0.542766] pci 0000:00:02.0: reg 0x18: [mem 0xfebf0000-0xfebf0fff]
[    0.546432] pci 0000:00:02.0: reg 0x30: [mem 0xfebe0000-0xfebeffff pref]
[    0.547722] pci 0000:00:02.0: Video device with shadowed ROM at [mem 0x000c0000-0x000dffff]
[    0.553869] pci 0000:00:03.0: [8086:100e] type 00 class 0x020000
[    0.555396] pci 0000:00:03.0: reg 0x10: [mem 0xfebc0000-0xfebdffff]
[    0.557295] pci 0000:00:03.0: reg 0x14: [io  0xc000-0xc03f]
[    0.560818] pci 0000:00:03.0: reg 0x30: [mem 0xfeb80000-0xfebbffff pref]
[    0.568408] ACPI: PCI: Interrupt link LNKA configured for IRQ 10
[    0.570228] ACPI: PCI: Interrupt link LNKB configured for IRQ 10
[    0.571015] ACPI: PCI: Interrupt link LNKC configured for IRQ 11
[    0.571925] ACPI: PCI: Interrupt link LNKD configured for IRQ 11
[    0.572587] ACPI: PCI: Interrupt link LNKS configured for IRQ 9
[    0.574890] iommu: Default domain type: Translated 
[    0.575377] iommu: DMA domain TLB invalidation policy: lazy mode 
[    0.576677] SCSI subsystem initialized
[    0.577469] ACPI: bus type USB registered
[    0.578416] usbcore: registered new interface driver usbfs
[    0.579395] usbcore: registered new interface driver hub
[    0.580392] usbcore: registered new device driver usb
[    0.582424] pps_core: LinuxPPS API ver. 1 registered
[    0.583377] pps_core: Software ver. 5.3.6 - Copyright 2005-2007 Rodolfo Giometti <giometti@linux.it>
[    0.585394] PTP clock support registered
[    0.587476] Advanced Linux Sound Architecture Driver Initialized.
[    0.589935] NetLabel: Initializing
[    0.590378] NetLabel:  domain hash size = 128
[    0.592377] NetLabel:  protocols = UNLABELED CIPSOv4 CALIPSO
[    0.593440] NetLabel:  unlabeled traffic allowed by default
[    0.595453] PCI: Using ACPI for IRQ routing
[    0.596645] pci 0000:00:02.0: vgaarb: setting as boot VGA device
[    0.597368] pci 0000:00:02.0: vgaarb: bridge control possible
[    0.597368] pci 0000:00:02.0: vgaarb: VGA device added: decodes=io+mem,owns=io+mem,locks=none
[    0.602379] vgaarb: loaded
[    0.603296] hpet0: at MMIO 0xfed00000, IRQs 2, 8, 0
[    0.604377] hpet0: 3 comparators, 64-bit 100.000000 MHz counter
[    0.608459] clocksource: Switched to clocksource kvm-clock
[    0.643973] VFS: Disk quotas dquot_6.6.0
[    0.645673] VFS: Dquot-cache hash table entries: 512 (order 0, 4096 bytes)
[    0.648087] pnp: PnP ACPI init
[    0.650721] pnp: PnP ACPI: found 6 devices
[    0.665636] clocksource: acpi_pm: mask: 0xffffff max_cycles: 0xffffff, max_idle_ns: 2085701024 ns
[    0.667771] NET: Registered PF_INET protocol family
[    0.669030] IP idents hash table entries: 32768 (order: 6, 262144 bytes, linear)
[    0.672094] tcp_listen_portaddr_hash hash table entries: 1024 (order: 2, 16384 bytes, linear)
[    0.675380] Table-perturb hash table entries: 65536 (order: 6, 262144 bytes, linear)
[    0.677468] TCP established hash table entries: 16384 (order: 5, 131072 bytes, linear)
[    0.679500] TCP bind hash table entries: 16384 (order: 7, 524288 bytes, linear)
[    0.681599] TCP: Hash tables configured (established 16384 bind 16384)
[    0.683903] UDP hash table entries: 1024 (order: 3, 32768 bytes, linear)
[    0.685502] UDP-Lite hash table entries: 1024 (order: 3, 32768 bytes, linear)
[    0.687247] NET: Registered PF_UNIX/PF_LOCAL protocol family
[    0.689265] RPC: Registered named UNIX socket transport module.
[    0.690829] RPC: Registered udp transport module.
[    0.691991] RPC: Registered tcp transport module.
[    0.693091] RPC: Registered tcp NFSv4.1 backchannel transport module.
[    0.695570] pci_bus 0000:00: resource 4 [io  0x0000-0x0cf7 window]
[    0.697414] pci_bus 0000:00: resource 5 [io  0x0d00-0xffff window]
[    0.698954] pci_bus 0000:00: resource 6 [mem 0x000a0000-0x000bffff window]
[    0.701275] pci_bus 0000:00: resource 7 [mem 0x80000000-0xfebfffff window]
[    0.703070] pci_bus 0000:00: resource 8 [mem 0x100000000-0x17fffffff window]
[    0.705034] pci 0000:00:01.0: PIIX3: Enabling Passive Release
[    0.706553] pci 0000:00:00.0: Limiting direct PCI/PCI transfers
[    0.708796] PCI: CLS 0 bytes, default 64
[    0.710435] Unpacking initramfs...
[    0.713592] RAPL PMU: API unit is 2^-32 Joules, 0 fixed counters, 10737418240 ms ovfl timer
[    0.716566] clocksource: tsc: mask: 0xffffffffffffffff max_cycles: 0x2b2c8d6afc8, max_idle_ns: 440795331172 ns
[    0.723997] Initialise system trusted keyrings
[    0.725279] workingset: timestamp_bits=56 max_order=19 bucket_order=0
[    0.727548] NFS: Registering the id_resolver key type
[    0.729679] Key type id_resolver registered
[    0.731107] Key type id_legacy registered
[    0.732551] Freeing initrd memory: 1340K
[    0.732779] 9p: Installing v9fs 9p2000 file system support
[    0.742527] Key type asymmetric registered
[    0.743718] Asymmetric key parser 'x509' registered
[    0.745200] Block layer SCSI generic (bsg) driver version 0.4 loaded (major 251)
[    0.747634] io scheduler mq-deadline registered
[    0.749233] io scheduler kyber registered
[    0.751154] input: Power Button as /devices/LNXSYSTM:00/LNXPWRBN:00/input/input0
[    0.754709] ACPI: button: Power Button [PWRF]
[    0.757088] Serial: 8250/16550 driver, 4 ports, IRQ sharing enabled
[    0.759027] 00:04: ttyS0 at I/O 0x3f8 (irq = 4, base_baud = 115200) is a 16550A
[    0.762092] Non-volatile memory driver v1.3
[    0.763152] Linux agpgart interface v0.103
[    0.764318] ACPI: bus type drm_connector registered
[    0.772633] loop: module loaded
[    0.775864] scsi host0: ata_piix
[    0.777553] scsi host1: ata_piix
[    0.778651] ata1: PATA max MWDMA2 cmd 0x1f0 ctl 0x3f6 bmdma 0xc040 irq 14
[    0.780495] ata2: PATA max MWDMA2 cmd 0x170 ctl 0x376 bmdma 0xc048 irq 15
[    0.783388] e100: Intel(R) PRO/100 Network Driver
[    0.784747] e100: Copyright(c) 1999-2006 Intel Corporation
[    0.786322] e1000: Intel(R) PRO/1000 Network Driver
[    0.787826] e1000: Copyright (c) 1999-2006 Intel Corporation.
[    0.941129] ata2: found unknown device (class 0)
[    0.943255] ata2.00: ATAPI: QEMU DVD-ROM, 2.5+, max UDMA/100
[    0.945945] scsi 1:0:0:0: CD-ROM            QEMU     QEMU DVD-ROM     2.5+ PQ: 0 ANSI: 5
[    0.962350] sr 1:0:0:0: [sr0] scsi3-mmc drive: 4x/4x cd/rw xa/form2 tray
[    0.963915] cdrom: Uniform CD-ROM driver Revision: 3.20
[    1.203467] ACPI: \_SB_.LNKC: Enabled at IRQ 11
[    1.563031] e1000 0000:00:03.0 eth0: (PCI:33MHz:32-bit) 52:54:00:12:34:56
[    1.566438] e1000 0000:00:03.0 eth0: Intel(R) PRO/1000 Network Connection
[    1.569481] e1000e: Intel(R) PRO/1000 Network Driver
[    1.570804] e1000e: Copyright(c) 1999 - 2015 Intel Corporation.
[    1.572400] sky2: driver version 1.30
[    1.574072] usbcore: registered new interface driver usblp
[    1.575319] usbcore: registered new interface driver usb-storage
[    1.576883] i8042: PNP: PS/2 Controller [PNP0303:KBD,PNP0f13:MOU] at 0x60,0x64 irq 1,12
[    1.579784] serio: i8042 KBD port at 0x60,0x64 irq 1
[    1.580880] serio: i8042 AUX port at 0x60,0x64 irq 12
[    1.582535] rtc_cmos 00:05: RTC can wake from S4
[    1.584654] input: AT Translated Set 2 keyboard as /devices/platform/i8042/serio0/input/input1
[    1.586163] rtc_cmos 00:05: registered as rtc0
[    1.589940] rtc_cmos 00:05: alarms up to one day, y3k, 242 bytes nvram, hpet irqs
[    1.592504] device-mapper: ioctl: 4.48.0-ioctl (2023-03-01) initialised: dm-devel@redhat.com
[    1.596576] intel_pstate: CPU model not supported
[    1.598241] hid: raw HID events driver (C) Jiri Kosina
[    1.600420] usbcore: registered new interface driver usbhid
[    1.602171] usbhid: USB HID core driver
[    1.604510] Initializing XFRM netlink socket
[    1.605591] NET: Registered PF_INET6 protocol family
[    1.607543] Segment Routing with IPv6
[    1.608526] In-situ OAM (IOAM) with IPv6
[    1.609543] sit: IPv6, IPv4 and MPLS over IPv4 tunneling driver
[    1.611188] NET: Registered PF_PACKET protocol family
[    1.613222] 9pnet: Installing 9P2000 support
[    1.614586] Key type dns_resolver registered
[    1.616544] IPI shorthand broadcast: enabled
[    1.627627] sched_clock: Marking stable (1463008446, 164450698)->(1722164006, -94704862)
[    1.629786] registered taskstats version 1
[    1.631110] Loading compiled-in X.509 certificates
[    1.641166] PM:   Magic number: 10:255:443
[    1.642412] printk: console [netcon0] enabled
[    1.643482] netconsole: network logging started
[    1.644739] cfg80211: Loading compiled-in X.509 certificates for regulatory database
[    1.646790] kworker/u4:1 (50) used greatest stack depth: 29536 bytes left
[    1.648742] Loaded X.509 cert 'sforshee: 00b28ddf47aef9cea7'
[    1.650159] ALSA device list:
[    1.650912]   No soundcards found.
[    1.652963] Freeing unused kernel image (initmem) memory: 5648K
[    1.653891] platform regulatory.0: Direct firmware load for regulatory.db failed with error -2
[    1.655138] cfg80211: failed to load regulatory.db
[    1.661568] Write protecting the kernel read-only data: 59392k
[    1.662637] Freeing unused kernel image (rodata/data gap) memory: 168K
[    1.673156] x86/mm: Checked W+X mappings: passed, no W+X pages found.
[    1.674761] Run /init as init process
[    1.677597] mount (54) used greatest stack depth: 28760 bytes left

secb: rootfs ready
---- poc begin ----
poc: userns+netns ready
poc: newlink-AB: oks=2 errs=0
poc: nft-trigger-batch: oks=3 errs=1 first=File exists
poc: dellink-B: oks=1 errs=0
poc: getchain: oks=0 errs=1 first=No such file or directory
poc: getchain: oks=0 errs=1 first=No such file or directory
poc: getchain: oks=0 errs=1 first=No such file or directory
poc: getchain: oks=0 errs=1 first=No such file or directory
poc: getchain: oks=0 errs=1 first=No such file or directory
poc: getchain: oks=0 errs=1 first=No such file or directory
poc: getchain: oks=0 errs=1 first=No such file or directory
poc: getchain: oks=0 errs=1 first=No such file or directory
poc: nft-cleanup: oks=0 errs=1 first=No such file or directory
poc: newlink-AB: oks=2 errs=0
poc: nft-trigger-batch: oks=3 errs=1 first=File exists
poc: dellink-B: oks=1 errs=0
poc: getchain: oks=0 errs=1 first=No such file or directory
poc: getchain: oks=0 errs=1 first=No such file or directory
poc: getchain: oks=0 errs=1 first=No such file or directory
poc: getchain: oks=0 errs=1 first=No such file or directory
poc: getchain: oks=0 errs=1 first=No such file or directory
poc: getchain: oks=0 errs=1 first=No such file or directory
poc: getchain: oks=0 errs=1 first=No such file or directory
poc: getchain: oks=0 errs=1 first=No such file or directory
poc: nft-cleanup: oks=0 errs=1 first=No such file or directory
poc: newlink-AB: oks=2 errs=0
poc: nft-trigger-batch: oks=3 errs=1 first=File exists
poc: dellink-B: oks=1 errs=0
poc: getchain: oks=0 errs=1 first=No such file or directory
poc: getchain: oks=0 errs=1 first=No such file or directory
poc: getchain: oks=0 errs=1 first=No such file or directory
poc: getchain: oks=0 errs=1 first=No such file or directory
poc: getchain: o[    2.216486] input: ImExPS/2 Generic Explorer Mouse as /devices/platform/i8042/serio1/input/input3
ks=0 errs=1 first=No such file or directory
poc: getchain: oks=0 errs=1 first=No such file or directory
poc: getchain: oks=0 errs=1 first=No such file or directory
poc: getchain: oks=0 errs=1 first=No such file or directory
poc: nft-cleanup: oks=0 errs=1 first=No such file or directory
poc: newlink-AB: oks=2 errs=0
poc: nft-trigger-batch: oks=3 errs=1 first=File exists
poc: dellink-B: oks=1 errs=0
poc: getchain: oks=0 errs=1 first=No such file or directory
poc: getchain: oks=0 errs=1 first=No such file or directory
poc: getchain: oks=0 errs=1 first=No such file or directory
poc: getchain: oks=0 errs=1 first=No such file or directory
poc: getchain: oks=0 errs=1 first=No such file or directory
poc: getchain: oks=0 errs=1 first=No such file or directory
poc: getchain: oks=0 errs=1 first=No such file or directory
poc: getchain: oks=0 errs=1 first=No such file or directory
poc: nft-cleanup: oks=0 errs=1 first=No such file or directory
poc: newlink-AB: oks=2 errs=0
poc: nft-trigger-batch: oks=3 errs=1 first=File exists
poc: dellink-B: oks=1 errs=0
poc: getchain: oks=0 errs=1 first=No such file or directory
poc: getchain: oks=0 errs=1 first=No such file or directory
poc: getchain: oks=0 errs=1 first=No such file or directory
poc: getchain: oks=0 errs=1 first=No such file or directory
poc: getchain: oks=0 errs=1 first=No such file or directory
poc: getchain: oks=0 errs=1 first=No such file or directory
poc: getchain: oks=0 errs=1 first=No such file or directory
poc: getchain: oks=0 errs=1 first=No such file or directory
poc: nft-cleanup: oks=0 errs=1 first=No such file or directory
poc: newlink-AB: oks=2 errs=0
poc: nft-trigger-batch: oks=3 errs=1 first=File exists
poc: dellink-B: oks=1 errs=0
poc: getchain: oks=0 errs=1 first=No such file or directory
poc: getchain: oks=0 errs=1 first=No such file or directory
poc: getchain: oks=0 errs=1 first=No such file or directory
poc: getchain: oks=0 errs=1 first=No such file or directory
poc: getchain: oks=0 errs=1 first=No such file or directory
poc: getchain: oks=0 errs=1 first=No such file or directory
poc: getchain: oks=0 errs=1 first=No such file or directory
poc: getchain: oks=0 errs=1 first=No such file or directory
poc: nft-cleanup: oks=0 errs=1 first=No such file or directory
poc: newlink-AB: oks=2 errs=0
poc: nft-trigger-batch: oks=3 errs=1 first=File exists
poc: dellink-B: oks=1 errs=0
poc: getchain: oks=0 errs=1 first=No such file or directory
poc: getchain: oks=0 errs=1 first=No such file or directory
poc: getchain: oks=0 errs=1 first=No such file or directory
poc: getchain: oks=0 errs=1 first=No such file or directory
poc: getchain: oks=0 errs=1 first=No such file or directory
poc: getchain: oks=0 errs=1 first=No such file or directory
poc: getchain: oks=0 errs=1 first=No such file or directory
poc: getchain: oks=0 errs=1 first=No such file or directory
poc: nft-cleanup: oks=0 errs=1 first=No such file or directory
poc: newlink-AB: oks=2 errs=0
poc: nft-trigger-batch: oks=3 errs=1 first=File exists
poc: dellink-B: oks=1 errs=0
poc: getchain: oks=0 errs=1 first=No such file or directory
poc: getchain: oks=0 errs=1 first=No such file or directory
poc: getchain: oks=0 errs=1 first=No such file or directory
poc: getchain: oks=0 errs=1 first=No such file or directory
poc: getchain: oks=0 errs=1 first=No such file or directory
poc: getchain: oks=0 errs=1 first=No such file or directory
poc: getchain: oks=0 errs=1 first=No such file or directory
poc: getchain: oks=0 errs=1 first=No such file or directory
poc: nft-cleanup: oks=0 errs=1 first=No such file or directory
poc: done
[    4.288798] poc (60) used greatest stack depth: 25488 bytes left
---- poc end rc=0 ----
secb: poc exited without crashing the kernel
[    5.640405] ACPI: PM: Preparing to enter system sleep state S5
[    5.641378] reboot: Power down
NO_CRASH_DETECTED
