bash: warning: setlocale: LC_ALL: cannot change locale (en_US.UTF-8)
c[?7l[2J[0mSeaBIOS (version 1.16.2-debian-1.16.2-1)


iPXE (http://ipxe.org) 00:03.0 CA00 PCI2.10 PnP PMM+7EFCEF00+7EF0EF00 CA00
Press Ctrl-B to configure iPXE (PCI 00:03.0)...                                                                               


Booting from ROM...
c[?7l[2J[    0.000000] Linux version 6.4.0-04326-geaf9e7192ec9-dirty (root@buildkitsandbox) (gcc (Debian 12.2.0-14+deb12u1) 12.2.0, GNU ld (GNU Binutils for Debian) 2.40) #1 SMP PREEMPT_DYNAMIC Wed May 13 18:21:31 UTC 2026
[    0.000000] Command line: console=ttyS0 oops=panic nokaslr rdinit=/init
[    0.000000] BIOS-provided physical RAM map:
[    0.000000] BIOS-e820: [mem 0x0000000000000000-0x000000000009fbff] usable
[    0.000000] BIOS-e820: [mem 0x000000000009fc00-0x000000000009ffff] reserved
[    0.000000] BIOS-e820: [mem 0x00000000000f0000-0x00000000000fffff] reserved
[    0.000000] BIOS-e820: [mem 0x0000000000100000-0x000000007ffdffff] usable
[    0.000000] BIOS-e820: [mem 0x000000007ffe0000-0x000000007fffffff] reserved
[    0.000000] BIOS-e820: [mem 0x00000000feffc000-0x00000000feffffff] reserved
[    0.000000] BIOS-e820: [mem 0x00000000fffc0000-0x00000000ffffffff] reserved
[    0.000000] NX (Execute Disable) protection: active
[    0.000000] SMBIOS 2.8 present.
[    0.000000] DMI: QEMU Standard PC (i440FX + PIIX, 1996), BIOS 1.16.2-debian-1.16.2-1 04/01/2014
[    0.000000] Hypervisor detected: KVM
[    0.000000] kvm-clock: Using msrs 4b564d01 and 4b564d00
[    0.000001] kvm-clock: using sched offset of 404411330 cycles
[    0.000002] clocksource: kvm-clock: mask: 0xffffffffffffffff max_cycles: 0x1cd42e4dffb, max_idle_ns: 881590591483 ns
[    0.000005] tsc: Detected 2995.198 MHz processor
[    0.000468] last_pfn = 0x7ffe0 max_arch_pfn = 0x400000000
[    0.000562] MTRR map: 4 entries (3 fixed + 1 variable; max 19), built from 8 variable MTRRs
[    0.000566] x86/PAT: Configuration [0-7]: WB  WC  UC- UC  WB  WP  UC- WT  
[    0.005970] found SMP MP-table at [mem 0x000f5ba0-0x000f5baf]
[    0.006081] Using GB pages for direct mapping
[    0.006099] Incomplete global flushes, disabling PCID
[    0.006255] RAMDISK: [mem 0x7fe91000-0x7ffdffff]
[    0.006280] ACPI: Early table checksum verification disabled
[    0.006308] ACPI: RSDP 0x00000000000F59D0 000014 (v00 BOCHS )
[    0.006313] ACPI: RSDT 0x000000007FFE1B33 000034 (v01 BOCHS  BXPC     00000001 BXPC 00000001)
[    0.006318] ACPI: FACP 0x000000007FFE19DF 000074 (v01 BOCHS  BXPC     00000001 BXPC 00000001)
[    0.006323] ACPI: DSDT 0x000000007FFE0040 00199F (v01 BOCHS  BXPC     00000001 BXPC 00000001)
[    0.006327] ACPI: FACS 0x000000007FFE0000 000040
[    0.006329] ACPI: APIC 0x000000007FFE1A53 000080 (v01 BOCHS  BXPC     00000001 BXPC 00000001)
[    0.006332] ACPI: HPET 0x000000007FFE1AD3 000038 (v01 BOCHS  BXPC     00000001 BXPC 00000001)
[    0.006335] ACPI: WAET 0x000000007FFE1B0B 000028 (v01 BOCHS  BXPC     00000001 BXPC 00000001)
[    0.006337] ACPI: Reserving FACP table memory at [mem 0x7ffe19df-0x7ffe1a52]
[    0.006338] ACPI: Reserving DSDT table memory at [mem 0x7ffe0040-0x7ffe19de]
[    0.006339] ACPI: Reserving FACS table memory at [mem 0x7ffe0000-0x7ffe003f]
[    0.006340] ACPI: Reserving APIC table memory at [mem 0x7ffe1a53-0x7ffe1ad2]
[    0.006341] ACPI: Reserving HPET table memory at [mem 0x7ffe1ad3-0x7ffe1b0a]
[    0.006342] ACPI: Reserving WAET table memory at [mem 0x7ffe1b0b-0x7ffe1b32]
[    0.006960] No NUMA configuration found
[    0.006961] Faking a node at [mem 0x0000000000000000-0x000000007ffdffff]
[    0.006965] NODE_DATA(0) allocated [mem 0x7fe8d000-0x7fe90fff]
[    0.006987] Zone ranges:
[    0.006987]   DMA      [mem 0x0000000000001000-0x0000000000ffffff]
[    0.006989]   DMA32    [mem 0x0000000001000000-0x000000007ffdffff]
[    0.006990]   Normal   empty
[    0.006991] Movable zone start for each node
[    0.006991] Early memory node ranges
[    0.006992]   node   0: [mem 0x0000000000001000-0x000000000009efff]
[    0.006993]   node   0: [mem 0x0000000000100000-0x000000007ffdffff]
[    0.006994] Initmem setup node 0 [mem 0x0000000000001000-0x000000007ffdffff]
[    0.007587] On node 0, zone DMA: 1 pages in unavailable ranges
[    0.007631] On node 0, zone DMA: 97 pages in unavailable ranges
[    0.021077] On node 0, zone DMA32: 32 pages in unavailable ranges
[    0.105282] kasan: KernelAddressSanitizer initialized
[    0.106058] ACPI: PM-Timer IO Port: 0x608
[    0.106066] ACPI: LAPIC_NMI (acpi_id[0xff] dfl dfl lint[0x1])
[    0.106119] IOAPIC[0]: apic_id 0, version 17, address 0xfec00000, GSI 0-23
[    0.106122] ACPI: INT_SRC_OVR (bus 0 bus_irq 0 global_irq 2 dfl dfl)
[    0.106124] ACPI: INT_SRC_OVR (bus 0 bus_irq 5 global_irq 5 high level)
[    0.106125] ACPI: INT_SRC_OVR (bus 0 bus_irq 9 global_irq 9 high level)
[    0.106126] ACPI: INT_SRC_OVR (bus 0 bus_irq 10 global_irq 10 high level)
[    0.106127] ACPI: INT_SRC_OVR (bus 0 bus_irq 11 global_irq 11 high level)
[    0.106130] ACPI: Using ACPI (MADT) for SMP configuration information
[    0.106132] ACPI: HPET id: 0x8086a201 base: 0xfed00000
[    0.106135] TSC deadline timer available
[    0.106141] smpboot: Allowing 2 CPUs, 0 hotplug CPUs
[    0.106184] kvm-guest: KVM setup pv remote TLB flush
[    0.106194] kvm-guest: setup PV sched yield
[    0.106218] PM: hibernation: Registered nosave memory: [mem 0x00000000-0x00000fff]
[    0.106220] PM: hibernation: Registered nosave memory: [mem 0x0009f000-0x0009ffff]
[    0.106221] PM: hibernation: Registered nosave memory: [mem 0x000a0000-0x000effff]
[    0.106221] PM: hibernation: Registered nosave memory: [mem 0x000f0000-0x000fffff]
[    0.106222] [mem 0x80000000-0xfeffbfff] available for PCI devices
[    0.106223] Booting paravirtualized kernel on KVM
[    0.106225] clocksource: refined-jiffies: mask: 0xffffffff max_cycles: 0xffffffff, max_idle_ns: 1910969940391419 ns
[    0.116532] setup_percpu: NR_CPUS:64 nr_cpumask_bits:2 nr_cpu_ids:2 nr_node_ids:1
[    0.117527] percpu: Embedded 66 pages/cpu s232168 r8192 d29976 u1048576
[    0.117591] Kernel command line: console=ttyS0 oops=panic nokaslr rdinit=/init
[    0.117688] random: crng init done
[    0.118315] Dentry cache hash table entries: 262144 (order: 9, 2097152 bytes, linear)
[    0.118891] Inode-cache hash table entries: 131072 (order: 8, 1048576 bytes, linear)
[    0.118965] Fallback order for Node 0: 0 
[    0.118969] Built 1 zonelists, mobility grouping on.  Total pages: 515808
[    0.118970] Policy zone: DMA32
[    0.118971] mem auto-init: stack:all(zero), heap alloc:off, heap free:off
[    0.118972] stackdepot: allocating hash table via alloc_large_system_hash
[    0.121453] stackdepot hash table entries: 1048576 (order: 11, 8388608 bytes, linear)
[    0.140076] Memory: 1692956K/2096632K available (49152K kernel code, 7947K rwdata, 10072K rodata, 5648K init, 2944K bss, 403420K reserved, 0K cma-reserved)
[    0.140218] SLUB: HWalign=64, Order=0-3, MinObjects=0, CPUs=2, Nodes=1
[    0.141217] Dynamic Preempt: voluntary
[    0.141872] rcu: Preemptible hierarchical RCU implementation.
[    0.141873] rcu: 	RCU event tracing is enabled.
[    0.141873] rcu: 	RCU restricting CPUs from NR_CPUS=64 to nr_cpu_ids=2.
[    0.141875] 	Trampoline variant of Tasks RCU enabled.
[    0.141875] rcu: RCU calculated value of scheduler-enlistment delay is 100 jiffies.
[    0.141876] rcu: Adjusting geometry for rcu_fanout_leaf=16, nr_cpu_ids=2
[    0.150387] NR_IRQS: 4352, nr_irqs: 440, preallocated irqs: 16
[    0.150662] rcu: srcu_init: Setting srcu_struct sizes based on contention.
[    0.158001] Console: colour VGA+ 80x25
[    0.158061] printk: console [ttyS0] enabled
[    0.326204] ACPI: Core revision 20230331
[    0.327461] clocksource: hpet: mask: 0xffffffff max_cycles: 0xffffffff, max_idle_ns: 19112604467 ns
[    0.330108] APIC: Switch to symmetric I/O mode setup
[    0.331914] kvm-guest: setup PV IPIs
[    0.335255] ..TIMER: vector=0x30 apic1=0 pin1=2 apic2=-1 pin2=-1
[    0.337326] clocksource: tsc-early: mask: 0xffffffffffffffff max_cycles: 0x2b2c8d6afc8, max_idle_ns: 440795331172 ns
[    0.340632] Calibrating delay loop (skipped) preset value.. 5990.39 BogoMIPS (lpj=2995198)
[    0.343084] x86/cpu: User Mode Instruction Prevention (UMIP) activated
[    0.343944] Last level iTLB entries: 4KB 0, 2MB 0, 4MB 0
[    0.344629] Last level dTLB entries: 4KB 0, 2MB 0, 4MB 0, 1GB 0
[    0.345653] Spectre V1 : Mitigation: usercopy/swapgs barriers and __user pointer sanitization
[    0.346638] Spectre V2 : Mitigation: Enhanced / Automatic IBRS
[    0.347630] Spectre V2 : Spectre v2 / SpectreRSB mitigation: Filling RSB on context switch
[    0.348629] Spectre V2 : Spectre v2 / PBRSB-eIBRS: Retire a single CALL on VMEXIT
[    0.349630] RETBleed: Mitigation: Enhanced IBRS
[    0.350634] Spectre V2 : mitigation: Enabling conditional Indirect Branch Prediction Barrier
[    0.351630] Speculative Store Bypass: Mitigation: Speculative Store Bypass disabled via prctl
[    0.352629] MMIO Stale Data: Unknown: No mitigations
[    0.353682] x86/fpu: Supporting XSAVE feature 0x001: 'x87 floating point registers'
[    0.354629] x86/fpu: Supporting XSAVE feature 0x002: 'SSE registers'
[    0.355629] x86/fpu: Supporting XSAVE feature 0x004: 'AVX registers'
[    0.356629] x86/fpu: xstate_offset[2]:  576, xstate_sizes[2]:  256
[    0.357629] x86/fpu: Enabled xstate features 0x7, context size is 832 bytes, using 'compacted' format.
[    0.376952] Freeing SMP alternatives memory: 44K
[    0.377630] pid_max: default: 32768 minimum: 301
[    0.378707] LSM: initializing lsm=capability,selinux,integrity
[    0.379650] SELinux:  Initializing.
[    0.380731] Mount-cache hash table entries: 4096 (order: 3, 32768 bytes, linear)
[    0.381632] Mountpoint-cache hash table entries: 4096 (order: 3, 32768 bytes, linear)
[    0.384179] smpboot: CPU0: 13th Gen Intel(R) Core(TM) i9-13900H (family: 0x6, model: 0xba, stepping: 0x2)
[    0.384854] RCU Tasks: Setting shift to 1 and lim to 1 rcu_task_cb_adjust=1.
[    0.385672] Performance Events: unsupported p6 CPU model 186 no PMU driver, software events only.
[    0.386690] signal: max sigframe size: 1776
[    0.387690] rcu: Hierarchical SRCU implementation.
[    0.388633] rcu: 	Max phase no-delay instances is 400.
[    0.390114] smp: Bringing up secondary CPUs ...
[    0.390833] smpboot: x86: Booting SMP configuration:
[    0.391633] .... node  #0, CPUs:      #1
[    0.392706] smp: Brought up 1 node, 2 CPUs
[    0.394646] smpboot: Max logical packages: 1
[    0.395663] smpboot: Total of 2 processors activated (11980.79 BogoMIPS)
[    0.398639] devtmpfs: initialized
[    0.401787] clocksource: jiffies: mask: 0xffffffff max_cycles: 0xffffffff, max_idle_ns: 1911260446275000 ns
[    0.402712] futex hash table entries: 512 (order: 3, 32768 bytes, linear)
[    0.404163] PM: RTC time: 18:22:39, date: 2026-05-13
[    0.405333] NET: Registered PF_NETLINK/PF_ROUTE protocol family
[    0.406016] audit: initializing netlink subsys (disabled)
[    0.407074] audit: type=2000 audit(1778696559.688:1): state=initialized audit_enabled=0 res=1
[    0.407122] thermal_sys: Registered thermal governor 'step_wise'
[    0.407638] thermal_sys: Registered thermal governor 'user_space'
[    0.408669] cpuidle: using governor menu
[    0.411571] PCI: Using configuration type 1 for base access
[    0.411862] kprobes: kprobe jump-optimization is enabled. All kprobes are optimized if possible.
[    0.415626] HugeTLB: registered 2.00 MiB page size, pre-allocated 0 pages
[    0.417635] HugeTLB: 28 KiB vmemmap can be freed for a 2.00 MiB page
[    0.419473] ACPI: Added _OSI(Module Device)
[    0.420637] ACPI: Added _OSI(Processor Device)
[    0.421634] ACPI: Added _OSI(3.0 _SCP Extensions)
[    0.422635] ACPI: Added _OSI(Processor Aggregator Device)
[    0.432985] ACPI: 1 ACPI AML tables successfully acquired and loaded
[    0.489919] ACPI: Interpreter enabled
[    0.490891] ACPI: PM: (supports S0 S3 S4 S5)
[    0.491639] ACPI: Using IOAPIC for interrupt routing
[    0.492815] PCI: Using host bridge windows from ACPI; if necessary, use "pci=nocrs" and report a bug
[    0.493635] PCI: Using E820 reservations for host bridge windows
[    0.495134] ACPI: Enabled 2 GPEs in block 00 to 0F
[    0.510464] ACPI: PCI Root Bridge [PCI0] (domain 0000 [bus 00-ff])
[    0.510846] acpi PNP0A03:00: _OSC: OS supports [ASPM ClockPM Segments MSI HPX-Type3]
[    0.511637] acpi PNP0A03:00: _OSC: not requesting OS control; OS requires [ExtendedConfig ASPM ClockPM MSI]
[    0.512828] acpi PNP0A03:00: fail to add MMCONFIG information, can't access extended configuration space under this bridge
[    0.514341] PCI host bridge to bus 0000:00
[    0.514661] pci_bus 0000:00: root bus resource [io  0x0000-0x0cf7 window]
[    0.515649] pci_bus 0000:00: root bus resource [io  0x0d00-0xffff window]
[    0.516636] pci_bus 0000:00: root bus resource [mem 0x000a0000-0x000bffff window]
[    0.517640] pci_bus 0000:00: root bus resource [mem 0x80000000-0xfebfffff window]
[    0.518635] pci_bus 0000:00: root bus resource [mem 0x100000000-0x17fffffff window]
[    0.519636] pci_bus 0000:00: root bus resource [bus 00-ff]
[    0.521068] pci 0000:00:00.0: [8086:1237] type 00 class 0x060000
[    0.527950] pci 0000:00:01.0: [8086:7000] type 00 class 0x060100
[    0.537264] pci 0000:00:01.1: [8086:7010] type 00 class 0x010180
[    0.539571] pci 0000:00:01.1: reg 0x20: [io  0xc040-0xc04f]
[    0.540512] pci 0000:00:01.1: legacy IDE quirk: reg 0x10: [io  0x01f0-0x01f7]
[    0.540639] pci 0000:00:01.1: legacy IDE quirk: reg 0x14: [io  0x03f6]
[    0.541634] pci 0000:00:01.1: legacy IDE quirk: reg 0x18: [io  0x0170-0x0177]
[    0.542636] pci 0000:00:01.1: legacy IDE quirk: reg 0x1c: [io  0x0376]
[    0.544422] pci 0000:00:01.3: [8086:7113] type 00 class 0x068000
[    0.545632] pci 0000:00:01.3: quirk: [io  0x0600-0x063f] claimed by PIIX4 ACPI
[    0.546665] pci 0000:00:01.3: quirk: [io  0x0700-0x070f] claimed by PIIX4 SMB
[    0.548186] pci 0000:00:02.0: [1234:1111] type 00 class 0x030000
[    0.550265] pci 0000:00:02.0: reg 0x10: [mem 0xfd000000-0xfdffffff pref]
[    0.552712] pci 0000:00:02.0: reg 0x18: [mem 0xfebf0000-0xfebf0fff]
[    0.557618] pci 0000:00:02.0: reg 0x30: [mem 0xfebe0000-0xfebeffff pref]
[    0.559103] pci 0000:00:02.0: Video device with shadowed ROM at [mem 0x000c0000-0x000dffff]
[    0.566091] pci 0000:00:03.0: [8086:100e] type 00 class 0x020000
[    0.567637] pci 0000:00:03.0: reg 0x10: [mem 0xfebc0000-0xfebdffff]
[    0.569637] pci 0000:00:03.0: reg 0x14: [io  0xc000-0xc03f]
[    0.575636] pci 0000:00:03.0: reg 0x30: [mem 0xfeb80000-0xfebbffff pref]
[    0.584916] ACPI: PCI: Interrupt link LNKA configured for IRQ 10
[    0.586251] ACPI: PCI: Interrupt link LNKB configured for IRQ 10
[    0.587256] ACPI: PCI: Interrupt link LNKC configured for IRQ 11
[    0.588232] ACPI: PCI: Interrupt link LNKD configured for IRQ 11
[    0.588886] ACPI: PCI: Interrupt link LNKS configured for IRQ 9
[    0.591188] iommu: Default domain type: Translated 
[    0.591635] iommu: DMA domain TLB invalidation policy: lazy mode 
[    0.592966] SCSI subsystem initialized
[    0.593825] ACPI: bus type USB registered
[    0.594626] usbcore: registered new interface driver usbfs
[    0.596664] usbcore: registered new interface driver hub
[    0.597661] usbcore: registered new device driver usb
[    0.599691] pps_core: LinuxPPS API ver. 1 registered
[    0.600633] pps_core: Software ver. 5.3.6 - Copyright 2005-2007 Rodolfo Giometti <giometti@linux.it>
[    0.602669] PTP clock support registered
[    0.604767] Advanced Linux Sound Architecture Driver Initialized.
[    0.607246] NetLabel: Initializing
[    0.607635] NetLabel:  domain hash size = 128
[    0.608632] NetLabel:  protocols = UNLABELED CIPSOv4 CALIPSO
[    0.610688] NetLabel:  unlabeled traffic allowed by default
[    0.612702] PCI: Using ACPI for IRQ routing
[    0.613905] pci 0000:00:02.0: vgaarb: setting as boot VGA device
[    0.614626] pci 0000:00:02.0: vgaarb: bridge control possible
[    0.614626] pci 0000:00:02.0: vgaarb: VGA device added: decodes=io+mem,owns=io+mem,locks=none
[    0.619637] vgaarb: loaded
[    0.620615] hpet0: at MMIO 0xfed00000, IRQs 2, 8, 0
[    0.621637] hpet0: 3 comparators, 64-bit 100.000000 MHz counter
[    0.626720] clocksource: Switched to clocksource kvm-clock
[    0.663505] VFS: Disk quotas dquot_6.6.0
[    0.664607] VFS: Dquot-cache hash table entries: 512 (order 0, 4096 bytes)
[    0.666545] pnp: PnP ACPI init
[    0.668752] pnp: PnP ACPI: found 6 devices
[    0.683341] clocksource: acpi_pm: mask: 0xffffff max_cycles: 0xffffff, max_idle_ns: 2085701024 ns
[    0.685429] NET: Registered PF_INET protocol family
[    0.686559] IP idents hash table entries: 32768 (order: 6, 262144 bytes, linear)
[    0.688719] tcp_listen_portaddr_hash hash table entries: 1024 (order: 2, 16384 bytes, linear)
[    0.690796] Table-perturb hash table entries: 65536 (order: 6, 262144 bytes, linear)
[    0.692344] TCP established hash table entries: 16384 (order: 5, 131072 bytes, linear)
[    0.694150] TCP bind hash table entries: 16384 (order: 7, 524288 bytes, linear)
[    0.695971] TCP: Hash tables configured (established 16384 bind 16384)
[    0.698225] UDP hash table entries: 1024 (order: 3, 32768 bytes, linear)
[    0.699816] UDP-Lite hash table entries: 1024 (order: 3, 32768 bytes, linear)
[    0.701632] NET: Registered PF_UNIX/PF_LOCAL protocol family
[    0.703346] RPC: Registered named UNIX socket transport module.
[    0.704887] RPC: Registered udp transport module.
[    0.706063] RPC: Registered tcp transport module.
[    0.707183] RPC: Registered tcp NFSv4.1 backchannel transport module.
[    0.709701] pci_bus 0000:00: resource 4 [io  0x0000-0x0cf7 window]
[    0.711424] pci_bus 0000:00: resource 5 [io  0x0d00-0xffff window]
[    0.712859] pci_bus 0000:00: resource 6 [mem 0x000a0000-0x000bffff window]
[    0.714434] pci_bus 0000:00: resource 7 [mem 0x80000000-0xfebfffff window]
[    0.716211] pci_bus 0000:00: resource 8 [mem 0x100000000-0x17fffffff window]
[    0.718345] pci 0000:00:01.0: PIIX3: Enabling Passive Release
[    0.719997] pci 0000:00:00.0: Limiting direct PCI/PCI transfers
[    0.721704] PCI: CLS 0 bytes, default 64
[    0.722928] Unpacking initramfs...
[    0.725848] RAPL PMU: API unit is 2^-32 Joules, 0 fixed counters, 10737418240 ms ovfl timer
[    0.727835] clocksource: tsc: mask: 0xffffffffffffffff max_cycles: 0x2b2c8d6afc8, max_idle_ns: 440795331172 ns
[    0.731446] Initialise system trusted keyrings
[    0.733584] workingset: timestamp_bits=56 max_order=19 bucket_order=0
[    0.735866] NFS: Registering the id_resolver key type
[    0.737780] Key type id_resolver registered
[    0.738984] Key type id_legacy registered
[    0.740317] 9p: Installing v9fs 9p2000 file system support
[    0.744426] Freeing initrd memory: 1340K
[    0.748608] Key type asymmetric registered
[    0.749727] Asymmetric key parser 'x509' registered
[    0.751083] Block layer SCSI generic (bsg) driver version 0.4 loaded (major 251)
[    0.753414] io scheduler mq-deadline registered
[    0.754765] io scheduler kyber registered
[    0.756241] input: Power Button as /devices/LNXSYSTM:00/LNXPWRBN:00/input/input0
[    0.758596] ACPI: button: Power Button [PWRF]
[    0.760446] Serial: 8250/16550 driver, 4 ports, IRQ sharing enabled
[    0.762468] 00:04: ttyS0 at I/O 0x3f8 (irq = 4, base_baud = 115200) is a 16550A
[    0.765378] Non-volatile memory driver v1.3
[    0.766558] Linux agpgart interface v0.103
[    0.767785] ACPI: bus type drm_connector registered
[    0.774719] loop: module loaded
[    0.777819] scsi host0: ata_piix
[    0.779322] scsi host1: ata_piix
[    0.780365] ata1: PATA max MWDMA2 cmd 0x1f0 ctl 0x3f6 bmdma 0xc040 irq 14
[    0.782034] ata2: PATA max MWDMA2 cmd 0x170 ctl 0x376 bmdma 0xc048 irq 15
[    0.784752] e100: Intel(R) PRO/100 Network Driver
[    0.785975] e100: Copyright(c) 1999-2006 Intel Corporation
[    0.787235] e1000: Intel(R) PRO/1000 Network Driver
[    0.788875] e1000: Copyright (c) 1999-2006 Intel Corporation.
[    0.938002] ata2: found unknown device (class 0)
[    0.939733] ata2.00: ATAPI: QEMU DVD-ROM, 2.5+, max UDMA/100
[    0.942553] scsi 1:0:0:0: CD-ROM            QEMU     QEMU DVD-ROM     2.5+ PQ: 0 ANSI: 5
[    0.959874] sr 1:0:0:0: [sr0] scsi3-mmc drive: 4x/4x cd/rw xa/form2 tray
[    0.961288] cdrom: Uniform CD-ROM driver Revision: 3.20
[    1.212422] ACPI: \_SB_.LNKC: Enabled at IRQ 11
[    1.572274] e1000 0000:00:03.0 eth0: (PCI:33MHz:32-bit) 52:54:00:12:34:56
[    1.573764] e1000 0000:00:03.0 eth0: Intel(R) PRO/1000 Network Connection
[    1.575316] e1000e: Intel(R) PRO/1000 Network Driver
[    1.576404] e1000e: Copyright(c) 1999 - 2015 Intel Corporation.
[    1.577709] sky2: driver version 1.30
[    1.578951] usbcore: registered new interface driver usblp
[    1.580140] usbcore: registered new interface driver usb-storage
[    1.581394] i8042: PNP: PS/2 Controller [PNP0303:KBD,PNP0f13:MOU] at 0x60,0x64 irq 1,12
[    1.584596] serio: i8042 KBD port at 0x60,0x64 irq 1
[    1.586279] serio: i8042 AUX port at 0x60,0x64 irq 12
[    1.588441] input: AT Translated Set 2 keyboard as /devices/platform/i8042/serio0/input/input1
[    1.589065] rtc_cmos 00:05: RTC can wake from S4
[    1.594098] rtc_cmos 00:05: registered as rtc0
[    1.595348] rtc_cmos 00:05: alarms up to one day, y3k, 242 bytes nvram, hpet irqs
[    1.597488] device-mapper: ioctl: 4.48.0-ioctl (2023-03-01) initialised: dm-devel@redhat.com
[    1.600456] intel_pstate: CPU model not supported
[    1.601778] hid: raw HID events driver (C) Jiri Kosina
[    1.603397] usbcore: registered new interface driver usbhid
[    1.604447] usbhid: USB HID core driver
[    1.607106] Initializing XFRM netlink socket
[    1.608626] NET: Registered PF_INET6 protocol family
[    1.610503] Segment Routing with IPv6
[    1.611456] In-situ OAM (IOAM) with IPv6
[    1.612487] sit: IPv6, IPv4 and MPLS over IPv4 tunneling driver
[    1.614191] NET: Registered PF_PACKET protocol family
[    1.615420] 9pnet: Installing 9P2000 support
[    1.617031] Key type dns_resolver registered
[    1.619007] IPI shorthand broadcast: enabled
[    1.646861] sched_clock: Marking stable (1460052755, 185954994)->(1772959733, -126951984)
[    1.653488] registered taskstats version 1
[    1.655365] Loading compiled-in X.509 certificates
[    1.684301] PM:   Magic number: 10:702:392
[    1.685590] printk: console [netcon0] enabled
[    1.686654] netconsole: network logging started
[    1.687850] cfg80211: Loading compiled-in X.509 certificates for regulatory database
[    1.691273] kworker/u4:1 (51) used greatest stack depth: 29536 bytes left
[    1.694105] Loaded X.509 cert 'sforshee: 00b28ddf47aef9cea7'
[    1.695302] ALSA device list:
[    1.695937]   No soundcards found.
[    1.698250] Freeing unused kernel image (initmem) memory: 5648K
[    1.699408] platform regulatory.0: Direct firmware load for regulatory.db failed with error -2
[    1.701053] cfg80211: failed to load regulatory.db
[    1.703791] Write protecting the kernel read-only data: 59392k
[    1.708090] Freeing unused kernel image (rodata/data gap) memory: 168K
[    1.729498] x86/mm: Checked W+X mappings: passed, no W+X pages found.
[    1.730685] Run /init as init process
[    1.746053] mount (55) used greatest stack depth: 28760 bytes left
[    1.759753] mount (56) used greatest stack depth: 28728 bytes left

secb: rootfs ready
---- poc begin ----
poc: userns+netns ready
poc: newlink-AB: oks=2 errs=0
poc: nft-trigger-batch: oks=4 errs=0
poc: dellink-B: oks=1 errs=0
[    1.873458] ==================================================================
[    1.875048] BUG: KASAN: slab-use-after-free in strlen+0x85/0xa0
[    1.876576] Read of size 1 at addr ffff88800997e000 by task poc/61
[    1.877669] 
[    1.877943] CPU: 0 PID: 61 Comm: poc Not tainted 6.4.0-04326-geaf9e7192ec9-dirty #1
[    1.879499] Hardware name: QEMU Standard PC (i440FX + PIIX, 1996), BIOS 1.16.2-debian-1.16.2-1 04/01/2014
[    1.881592] Call Trace:
[    1.882157]  <TASK>
[    1.882567]  dump_stack_lvl+0x36/0x50
[    1.883313]  print_report+0xcf/0x660
[    1.884031]  ? strlen+0x85/0xa0
[    1.884727]  kasan_report+0xc7/0x100
[    1.885360]  ? strlen+0x85/0xa0
[    1.885860]  strlen+0x85/0xa0
[    1.886548]  nf_tables_fill_chain_info+0x892/0x11e0
[    1.887473]  ? __pfx_nf_tables_fill_chain_info+0x10/0x10
[    1.888990]  ? __alloc_skb+0x10d/0x280
[    1.889546]  ? __pfx___alloc_skb+0x10/0x10
[    1.890049]  ? nla_strcmp+0x20/0xf0
[    1.890526]  nf_tables_getchain+0x309/0x6a0
[    1.891094]  ? __pfx_nf_tables_getchain+0x10/0x10
[    1.891856]  ? unwind_next_frame+0xc3e/0x2440
[    1.892410]  ? arch_stack_walk+0x74/0x100
[    1.893000]  nfnetlink_rcv_msg+0x456/0x8b0
[    1.893909]  ? __pfx_stack_trace_consume_entry+0x10/0x10
[    1.896443]  ? __pfx_nfnetlink_rcv_msg+0x10/0x10
[    1.898493]  ? unwind_get_return_address+0x59/0xa0
[    1.899783]  ? kasan_save_stack+0x33/0x60
[    1.900738]  ? kasan_set_track+0x25/0x30
[    1.901651]  ? __kasan_slab_alloc+0x6e/0x70
[    1.902676]  ? kmem_cache_alloc_node+0x110/0x280
[    1.903484]  ? kmalloc_reserve+0x110/0x1e0
[    1.904535]  ? __alloc_skb+0xd4/0x280
[    1.905600]  ? netlink_sendmsg+0x83a/0xc60
[    1.906759]  ? sock_sendmsg+0x13d/0x180
[    1.907593]  ? ____sys_sendmsg+0x5c5/0x7f0
[    1.908249]  ? ___sys_sendmsg+0x100/0x180
[    1.908922]  ? __sys_sendmsg+0xe6/0x190
[    1.909523]  ? do_syscall_64+0x3b/0x90
[    1.910268]  netlink_rcv_skb+0x12f/0x370
[    1.911099]  ? __pfx_nfnetlink_rcv_msg+0x10/0x10
[    1.911927]  ? cred_has_capability.isra.0+0x13a/0x230
[    1.912993]  ? __pfx_netlink_rcv_skb+0x10/0x10
[    1.913786]  ? __pfx_cred_has_capability.isra.0+0x10/0x10
[    1.914718]  ? security_capable+0x6c/0xb0
[    1.915538]  nfnetlink_rcv+0x14b/0x360
[    1.916228]  ? __pfx_nfnetlink_rcv+0x10/0x10
[    1.917374]  ? __kasan_slab_alloc+0x6e/0x70
[    1.918155]  netlink_unicast+0x588/0x7f0
[    1.918864]  ? __pfx_netlink_unicast+0x10/0x10
[    1.919591]  netlink_sendmsg+0x7b7/0xc60
[    1.920324]  ? __pfx_netlink_sendmsg+0x10/0x10
[    1.921028]  ? __pfx_netlink_sendmsg+0x10/0x10
[    1.921720]  sock_sendmsg+0x13d/0x180
[    1.922362]  ____sys_sendmsg+0x5c5/0x7f0
[    1.924552]  ? __pfx_____sys_sendmsg+0x10/0x10
[    1.925510]  ? __pfx_copy_msghdr_from_user+0x10/0x10
[    1.926632]  ? timerqueue_add+0x163/0x320
[    1.927474]  ___sys_sendmsg+0x100/0x180
[    1.928243]  ? __pfx____sys_sendmsg+0x10/0x10
[    1.929059]  ? __pfx_n_tty_write+0x10/0x10
[    1.929904]  __sys_sendmsg+0xe6/0x190
[    1.930338]  ? __pfx___sys_sendmsg+0x10/0x10
[    1.930907]  ? switch_fpu_return+0xe9/0x1f0
[    1.931373]  do_syscall_64+0x3b/0x90
[    1.931778]  entry_SYSCALL_64_after_hwframe+0x6e/0xd8
[    1.932422] RIP: 0033:0x43b8f0
[    1.932778] Code: ff f7 d8 64 89 02 48 c7 c0 ff ff ff ff eb b7 66 2e 0f 1f 84 00 00 00 00 00 90 80 3d 71 b7 06 00 00 74 17 b8 2e 00 00 00 0f 05 <48> 3d 00 f0 ff ff 77 58 c3 0f 1f 80 00 00 00 00 48 83 ec 28 89 54
[    1.934830] RSP: 002b:00007ffffe7f1858 EFLAGS: 00000202 ORIG_RAX: 000000000000002e
[    1.936257] RAX: ffffffffffffffda RBX: 0000000000000040 RCX: 000000000043b8f0
[    1.937431] RDX: 0000000000000000 RSI: 00007ffffe7f1890 RDI: 0000000000000004
[    1.938283] RBP: 00007ffffe7f18d0 R08: 0000000000000001 R09: 00007ffffe7ef5c7
[    1.939307] R10: 0000000000000000 R11: 0000000000000202 R12: 0000000000000004
[    1.940043] R13: 0000000000000000 R14: 0000000000000000 R15: 0000000000000000
[    1.940931]  </TASK>
[    1.941201] 
[    1.941381] Allocated by task 61:
[    1.941743]  kasan_save_stack+0x33/0x60
[    1.942261]  kasan_set_track+0x25/0x30
[    1.942821]  __kasan_kmalloc+0x8f/0xa0
[    1.943255]  __kmalloc_node+0x5c/0x160
[    1.943662]  alloc_netdev_mqs+0x5f/0xff0
[    1.944187]  rtnl_create_link+0xac9/0xe50
[    1.944741]  __rtnl_newlink+0xd71/0x1520
[    1.945319]  rtnl_newlink+0x5d/0x90
[    1.946049]  rtnetlink_rcv_msg+0x35d/0x9d0
[    1.946762]  netlink_rcv_skb+0x12f/0x370
[    1.947494]  netlink_unicast+0x588/0x7f0
[    1.948213]  netlink_sendmsg+0x7b7/0xc60
[    1.949005]  sock_sendmsg+0x13d/0x180
[    1.949602]  ____sys_sendmsg+0x5c5/0x7f0
[    1.950198]  ___sys_sendmsg+0x100/0x180
[    1.950902]  __sys_sendmsg+0xe6/0x190
[    1.952110]  do_syscall_64+0x3b/0x90
[    1.952839]  entry_SYSCALL_64_after_hwframe+0x6e/0xd8
[    1.953813] 
[    1.954350] Freed by task 61:
[    1.955053]  kasan_save_stack+0x33/0x60
[    1.955733]  kasan_set_track+0x25/0x30
[    1.956394]  kasan_save_free_info+0x2b/0x50
[    1.957061]  __kasan_slab_free+0x10a/0x180
[    1.957780]  __kmem_cache_free+0x82/0x1c0
[    1.958711]  device_release+0x97/0x210
[    1.959772]  kobject_put+0x14e/0x280
[    1.960499]  netdev_run_todo+0x464/0xb50
[    1.961334]  rtnetlink_rcv_msg+0x368/0x9d0
[    1.962255]  netlink_rcv_skb+0x12f/0x370
[    1.962932]  netlink_unicast+0x588/0x7f0
[    1.963680]  netlink_sendmsg+0x7b7/0xc60
[    1.964252]  sock_sendmsg+0x13d/0x180
[    1.964703]  ____sys_sendmsg+0x5c5/0x7f0
[    1.965295]  ___sys_sendmsg+0x100/0x180
[    1.965887]  __sys_sendmsg+0xe6/0x190
[    1.966388]  do_syscall_64+0x3b/0x90
[    1.966963]  entry_SYSCALL_64_after_hwframe+0x6e/0xd8
[    1.967631] 
[    1.967862] The buggy address belongs to the object at ffff88800997e000
[    1.967862]  which belongs to the cache kmalloc-4k of size 4096
[    1.969834] The buggy address is located 0 bytes inside of
[    1.969834]  freed 4096-byte region [ffff88800997e000, ffff88800997f000)
[    1.973008] 
[    1.973346] The buggy address belongs to the physical page:
[    1.974518] page:00000000dc435369 refcount:1 mapcount:0 mapping:0000000000000000 index:0x0 pfn:0x9978
[    1.976113] head:00000000dc435369 order:3 entire_mapcount:0 nr_pages_mapped:0 pincount:0
[    1.977032] flags: 0x100000000010200(slab|head|node=0|zone=1)
[    1.977751] page_type: 0xffffffff()
[    1.978150] raw: 0100000000010200 ffff888006442140 dead000000000122 0000000000000000
[    1.978949] raw: 0000000000000000 0000000000040004 00000001ffffffff 0000000000000000
[    1.979738] page dumped because: kasan: bad access detected
[    1.980448] 
[    1.980649] Memory state around the buggy address:
[    1.981311]  ffff88800997df00: fc fc fc fc fc fc fc fc fc fc fc fc fc fc fc fc
[    1.982188]  ffff88800997df80: fc fc fc fc fc fc fc fc fc fc fc fc fc fc fc fc
[    1.983067] >ffff88800997e000: fa fb fb fb fb fb fb fb fb fb fb fb fb fb fb fb
[    1.983812]                    ^
[    1.984160]  ffff88800997e080: fb fb fb fb fb fb fb fb fb fb fb fb fb fb fb fb
[    1.985046]  ffff88800997e100: fb fb fb fb fb fb fb fb fb fb fb fb fb fb fb fb
[    1.985888] ==================================================================
[    1.987014] Disabling lock debugging due to kernel taint
poc: getchain: oks=1 errs=0
poc: getchain: oks=1 errs=0
poc: getchain: oks=1 errs=0
poc: getchain: oks=1 errs=0
poc: getchain: oks=1 errs=0
poc: getchain: oks=1 errs=0
poc: getchain: oks=1 errs=0
poc: getchain: oks=1 errs=0
poc: nft-cleanup: oks=1 errs=0
poc: newlink-AB: oks=2 errs=0
poc: nft-trigger-batch: oks=4 errs=0
poc: dellink-B: oks=1 errs=0
poc: getchain: oks=1 errs=0
poc: getchain: oks=1 errs=0
[    2.238592] input: ImExPS/2 Generic Explorer Mouse as /devices/platform/i8042/serio1/input/input3
poc: getchain: oks=1 errs=0
poc: getchain: oks=1 errs=0
poc: getchain: oks=1 errs=0
poc: getchain: oks=1 errs=0
poc: getchain: oks=1 errs=0
poc: getchain: oks=1 errs=0
poc: nft-cleanup: oks=1 errs=0
poc: newlink-AB: oks=2 errs=0
poc: nft-trigger-batch: oks=4 errs=0
poc: dellink-B: oks=1 errs=0
poc: getchain: oks=1 errs=0
poc: getchain: oks=1 errs=0
poc: getchain: oks=1 errs=0
poc: getchain: oks=1 errs=0
poc: getchain: oks=1 errs=0
poc: getchain: oks=1 errs=0
poc: getchain: oks=1 errs=0
poc: getchain: oks=1 errs=0
poc: nft-cleanup: oks=1 errs=0
poc: newlink-AB: oks=2 errs=0
poc: nft-trigger-batch: oks=4 errs=0
poc: dellink-B: oks=1 errs=0
poc: getchain: oks=1 errs=0
poc: getchain: oks=1 errs=0
poc: getchain: oks=1 errs=0
poc: getchain: oks=1 errs=0
poc: getchain: oks=1 errs=0
poc: getchain: oks=1 errs=0
poc: getchain: oks=1 errs=0
poc: getchain: oks=1 errs=0
poc: nft-cleanup: oks=1 errs=0
poc: newlink-AB: oks=2 errs=0
poc: nft-trigger-batch: oks=4 errs=0
poc: dellink-B: oks=1 errs=0
poc: getchain: oks=1 errs=0
poc: getchain: oks=1 errs=0
poc: getchain: oks=1 errs=0
poc: getchain: oks=1 errs=0
poc: getchain: oks=1 errs=0
poc: getchain: oks=1 errs=0
poc: getchain: oks=1 errs=0
poc: getchain: oks=1 errs=0
poc: nft-cleanup: oks=1 errs=0
poc: newlink-AB: oks=2 errs=0
poc: nft-trigger-batch: oks=4 errs=0
poc: dellink-B: oks=1 errs=0
poc: getchain: oks=1 errs=0
poc: getchain: oks=1 errs=0
poc: getchain: oks=1 errs=0
poc: getchain: oks=1 errs=0
poc: getchain: oks=1 errs=0
poc: getchain: oks=1 errs=0
poc: getchain: oks=1 errs=0
poc: getchain: oks=1 errs=0
poc: nft-cleanup: oks=1 errs=0
[    3.321322] hrtimer: interrupt took 3003698 ns
poc: newlink-AB: oks=2 errs=0
poc: nft-trigger-batch: oks=4 errs=0
poc: dellink-B: oks=1 errs=0
poc: getchain: oks=1 errs=0
poc: getchain: oks=1 errs=0
poc: getchain: oks=1 errs=0
poc: getchain: oks=1 errs=0
poc: getchain: oks=1 errs=0
poc: getchain: oks=1 errs=0
poc: getchain: oks=1 errs=0
poc: getchain: oks=1 errs=0
poc: nft-cleanup: oks=1 errs=0
poc: newlink-AB: oks=2 errs=0
poc: nft-trigger-batch: oks=4 errs=0
poc: dellink-B: oks=1 errs=0
poc: getchain: oks=1 errs=0
poc: getchain: oks=1 errs=0
poc: getchain: oks=1 errs=0
poc: getchain: oks=1 errs=0
poc: getchain: oks=1 errs=0
poc: getchain: oks=1 errs=0
poc: getchain: oks=1 errs=0
poc: getchain: oks=1 errs=0
poc: nft-cleanup: oks=1 errs=0
poc: done
[    4.817446] poc (61) used greatest stack depth: 25456 bytes left
---- poc end rc=0 ----
secb: poc exited without crashing the kernel
[    6.165790] ACPI: PM: Preparing to enter system sleep state S5
[    6.166912] reboot: Power down
CONFIRMED: KASAN_UAF
