bash: warning: setlocale: LC_ALL: cannot change locale (en_US.UTF-8)
c[?7l[2J[0mSeaBIOS (version 1.16.2-debian-1.16.2-1)


iPXE (http://ipxe.org) 00:03.0 CA00 PCI2.10 PnP PMM+7EFCEF00+7EF0EF00 CA00
Press Ctrl-B to configure iPXE (PCI 00:03.0)...                                                                               


Booting from ROM..c[?7l[2J[    0.000000] Linux version 6.4.0-12004-ge03c5f41a7be-dirty (root@buildkitsandbox) (gcc (Debian 12.2.0-14+deb12u1) 12.2.0, GNU ld (GNU Binutils for Debian) 2.40) #2 SMP PREEMPT_DYNAMIC Tue May  5 10:37:35 UTC 2026
[    0.000000] Command line: console=ttyS0 oops=panic nokaslr rdinit=/init
[    0.000000] BIOS-provided physical RAM map:
[    0.000000] BIOS-e820: [mem 0x0000000000000000-0x000000000009fbff] usable
[    0.000000] BIOS-e820: [mem 0x000000000009fc00-0x000000000009ffff] reserved
[    0.000000] BIOS-e820: [mem 0x00000000000f0000-0x00000000000fffff] reserved
[    0.000000] BIOS-e820: [mem 0x0000000000100000-0x000000007ffdffff] usable
[    0.000000] BIOS-e820: [mem 0x000000007ffe0000-0x000000007fffffff] reserved
[    0.000000] BIOS-e820: [mem 0x00000000feffc000-0x00000000feffffff] reserved
[    0.000000] BIOS-e820: [mem 0x00000000fffc0000-0x00000000ffffffff] reserved
[    0.000000] NX (Execute Disable) protection: active
[    0.000000] SMBIOS 2.8 present.
[    0.000000] DMI: QEMU Standard PC (i440FX + PIIX, 1996), BIOS 1.16.2-debian-1.16.2-1 04/01/2014
[    0.000000] Hypervisor detected: KVM
[    0.000000] kvm-clock: Using msrs 4b564d01 and 4b564d00
[    0.000001] kvm-clock: using sched offset of 380412917 cycles
[    0.000002] clocksource: kvm-clock: mask: 0xffffffffffffffff max_cycles: 0x1cd42e4dffb, max_idle_ns: 881590591483 ns
[    0.000004] tsc: Detected 3187.200 MHz processor
[    0.000295] last_pfn = 0x7ffe0 max_arch_pfn = 0x400000000
[    0.000314] MTRR map: 4 entries (3 fixed + 1 variable; max 19), built from 8 variable MTRRs
[    0.000316] x86/PAT: Configuration [0-7]: WB  WC  UC- UC  WB  WP  UC- WT  
[    0.002239] found SMP MP-table at [mem 0x000f5ba0-0x000f5baf]
[    0.002246] Using GB pages for direct mapping
[    0.002247] Incomplete global flushes, disabling PCID
[    0.002347] RAMDISK: [mem 0x7fe92000-0x7ffdffff]
[    0.002351] ACPI: Early table checksum verification disabled
[    0.002353] ACPI: RSDP 0x00000000000F59D0 000014 (v00 BOCHS )
[    0.002355] ACPI: RSDT 0x000000007FFE1B33 000034 (v01 BOCHS  BXPC     00000001 BXPC 00000001)
[    0.002360] ACPI: FACP 0x000000007FFE19DF 000074 (v01 BOCHS  BXPC     00000001 BXPC 00000001)
[    0.002365] ACPI: DSDT 0x000000007FFE0040 00199F (v01 BOCHS  BXPC     00000001 BXPC 00000001)
[    0.002367] ACPI: FACS 0x000000007FFE0000 000040
[    0.002369] ACPI: APIC 0x000000007FFE1A53 000080 (v01 BOCHS  BXPC     00000001 BXPC 00000001)
[    0.002370] ACPI: HPET 0x000000007FFE1AD3 000038 (v01 BOCHS  BXPC     00000001 BXPC 00000001)
[    0.002372] ACPI: WAET 0x000000007FFE1B0B 000028 (v01 BOCHS  BXPC     00000001 BXPC 00000001)
[    0.002374] ACPI: Reserving FACP table memory at [mem 0x7ffe19df-0x7ffe1a52]
[    0.002375] ACPI: Reserving DSDT table memory at [mem 0x7ffe0040-0x7ffe19de]
[    0.002376] ACPI: Reserving FACS table memory at [mem 0x7ffe0000-0x7ffe003f]
[    0.002376] ACPI: Reserving APIC table memory at [mem 0x7ffe1a53-0x7ffe1ad2]
[    0.002377] ACPI: Reserving HPET table memory at [mem 0x7ffe1ad3-0x7ffe1b0a]
[    0.002377] ACPI: Reserving WAET table memory at [mem 0x7ffe1b0b-0x7ffe1b32]
[    0.002567] No NUMA configuration found
[    0.002567] Faking a node at [mem 0x0000000000000000-0x000000007ffdffff]
[    0.002568] NODE_DATA(0) allocated [mem 0x7fe8e000-0x7fe91fff]
[    0.002575] Zone ranges:
[    0.002576]   DMA      [mem 0x0000000000001000-0x0000000000ffffff]
[    0.002577]   DMA32    [mem 0x0000000001000000-0x000000007ffdffff]
[    0.002578]   Normal   empty
[    0.002578] Movable zone start for each node
[    0.002578] Early memory node ranges
[    0.002579]   node   0: [mem 0x0000000000001000-0x000000000009efff]
[    0.002580]   node   0: [mem 0x0000000000100000-0x000000007ffdffff]
[    0.002580] Initmem setup node 0 [mem 0x0000000000001000-0x000000007ffdffff]
[    0.010577] On node 0, zone DMA: 1 pages in unavailable ranges
[    0.010704] On node 0, zone DMA: 97 pages in unavailable ranges
[    0.036179] On node 0, zone DMA32: 32 pages in unavailable ranges
[    0.493766] kasan: KernelAddressSanitizer initialized
[    0.493962] ACPI: PM-Timer IO Port: 0x608
[    0.493969] ACPI: LAPIC_NMI (acpi_id[0xff] dfl dfl lint[0x1])
[    0.493993] IOAPIC[0]: apic_id 0, version 17, address 0xfec00000, GSI 0-23
[    0.493995] ACPI: INT_SRC_OVR (bus 0 bus_irq 0 global_irq 2 dfl dfl)
[    0.493997] ACPI: INT_SRC_OVR (bus 0 bus_irq 5 global_irq 5 high level)
[    0.493998] ACPI: INT_SRC_OVR (bus 0 bus_irq 9 global_irq 9 high level)
[    0.493999] ACPI: INT_SRC_OVR (bus 0 bus_irq 10 global_irq 10 high level)
[    0.493999] ACPI: INT_SRC_OVR (bus 0 bus_irq 11 global_irq 11 high level)
[    0.494002] ACPI: Using ACPI (MADT) for SMP configuration information
[    0.494003] ACPI: HPET id: 0x8086a201 base: 0xfed00000
[    0.494005] TSC deadline timer available
[    0.494006] smpboot: Allowing 2 CPUs, 0 hotplug CPUs
[    0.494028] kvm-guest: KVM setup pv remote TLB flush
[    0.494030] kvm-guest: setup PV sched yield
[    0.494036] PM: hibernation: Registered nosave memory: [mem 0x00000000-0x00000fff]
[    0.494037] PM: hibernation: Registered nosave memory: [mem 0x0009f000-0x0009ffff]
[    0.494037] PM: hibernation: Registered nosave memory: [mem 0x000a0000-0x000effff]
[    0.494038] PM: hibernation: Registered nosave memory: [mem 0x000f0000-0x000fffff]
[    0.494039] [mem 0x80000000-0xfeffbfff] available for PCI devices
[    0.494040] Booting paravirtualized kernel on KVM
[    0.494042] clocksource: refined-jiffies: mask: 0xffffffff max_cycles: 0xffffffff, max_idle_ns: 1910969940391419 ns
[    0.502013] setup_percpu: NR_CPUS:64 nr_cpumask_bits:2 nr_cpu_ids:2 nr_node_ids:1
[    0.506828] percpu: Embedded 66 pages/cpu s232104 r8192 d30040 u1048576
[    0.506864] Kernel command line: console=ttyS0 oops=panic nokaslr rdinit=/init
[    0.506913] random: crng init done
[    0.512176] Dentry cache hash table entries: 262144 (order: 9, 2097152 bytes, linear)
[    0.515550] Inode-cache hash table entries: 131072 (order: 8, 1048576 bytes, linear)
[    0.515633] Fallback order for Node 0: 0 
[    0.515637] Built 1 zonelists, mobility grouping on.  Total pages: 515808
[    0.515637] Policy zone: DMA32
[    0.515639] mem auto-init: stack:all(zero), heap alloc:off, heap free:off
[    0.515640] stackdepot: allocating hash table via alloc_large_system_hash
[    0.525970] stackdepot hash table entries: 1048576 (order: 11, 8388608 bytes, linear)
[    0.549986] Memory: 1692960K/2096632K available (49152K kernel code, 7980K rwdata, 10184K rodata, 5648K init, 2900K bss, 403416K reserved, 0K cma-reserved)
[    0.550111] SLUB: HWalign=64, Order=0-3, MinObjects=0, CPUs=2, Nodes=1
[    0.551064] Dynamic Preempt: voluntary
[    0.552425] rcu: Preemptible hierarchical RCU implementation.
[    0.552427] rcu: 	RCU event tracing is enabled.
[    0.552427] rcu: 	RCU restricting CPUs from NR_CPUS=64 to nr_cpu_ids=2.
[    0.552428] 	Trampoline variant of Tasks RCU enabled.
[    0.552429] rcu: RCU calculated value of scheduler-enlistment delay is 100 jiffies.
[    0.552430] rcu: Adjusting geometry for rcu_fanout_leaf=16, nr_cpu_ids=2
[    0.558500] NR_IRQS: 4352, nr_irqs: 440, preallocated irqs: 16
[    0.558701] rcu: srcu_init: Setting srcu_struct sizes based on contention.
[    0.560945] Console: colour VGA+ 80x25
[    0.560967] printk: console [ttyS0] enabled
[    0.597995] ACPI: Core revision 20230331
[    0.598352] clocksource: hpet: mask: 0xffffffff max_cycles: 0xffffffff, max_idle_ns: 19112604467 ns
[    0.598938] APIC: Switch to symmetric I/O mode setup
[    0.599234] kvm-guest: setup PV IPIs
[    0.600079] ..TIMER: vector=0x30 apic1=0 pin1=2 apic2=-1 pin2=-1
[    0.600442] clocksource: tsc-early: mask: 0xffffffffffffffff max_cycles: 0x2df10e7656b, max_idle_ns: 440795364873 ns
[    0.601064] Calibrating delay loop (skipped) preset value.. 6374.40 BogoMIPS (lpj=3187200)
[    0.601613] x86/cpu: User Mode Instruction Prevention (UMIP) activated
[    0.602107] Last level iTLB entries: 4KB 0, 2MB 0, 4MB 0
[    0.602417] Last level dTLB entries: 4KB 0, 2MB 0, 4MB 0, 1GB 0
[    0.602762] Spectre V1 : Mitigation: usercopy/swapgs barriers and __user pointer sanitization
[    0.603061] Spectre V2 : Mitigation: Enhanced / Automatic IBRS
[    0.603400] Spectre V2 : Spectre v2 / SpectreRSB mitigation: Filling RSB on context switch
[    0.604059] Spectre V2 : Spectre v2 / PBRSB-eIBRS: Retire a single CALL on VMEXIT
[    0.604494] Spectre V2 : mitigation: Enabling conditional Indirect Branch Prediction Barrier
[    0.605060] Speculative Store Bypass: Mitigation: Speculative Store Bypass disabled via prctl
[    0.605552] MMIO Stale Data: Unknown: No mitigations
[    0.605849] x86/fpu: Supporting XSAVE feature 0x001: 'x87 floating point registers'
[    0.606059] x86/fpu: Supporting XSAVE feature 0x002: 'SSE registers'
[    0.606437] x86/fpu: Supporting XSAVE feature 0x004: 'AVX registers'
[    0.607059] x86/fpu: Supporting XSAVE feature 0x200: 'Protection Keys User registers'
[    0.607528] x86/fpu: xstate_offset[2]:  576, xstate_sizes[2]:  256
[    0.607896] x86/fpu: xstate_offset[9]:  832, xstate_sizes[9]:    8
[    0.608059] x86/fpu: Enabled xstate features 0x207, context size is 840 bytes, using 'compacted' format.
[    0.624664] Freeing SMP alternatives memory: 44K
[    0.625003] pid_max: default: 32768 minimum: 301
[    0.625110] LSM: initializing lsm=capability,selinux,integrity
[    0.625468] SELinux:  Initializing.
[    0.625746] Mount-cache hash table entries: 4096 (order: 3, 32768 bytes, linear)
[    0.626063] Mountpoint-cache hash table entries: 4096 (order: 3, 32768 bytes, linear)
[    0.627490] smpboot: CPU0: Intel(R) Core(TM) i9-14900K (family: 0x6, model: 0xb7, stepping: 0x1)
[    0.628059] RCU Tasks: Setting shift to 1 and lim to 1 rcu_task_cb_adjust=1.
[    0.628090] Performance Events: unsupported p6 CPU model 183 no PMU driver, software events only.
[    0.628615] signal: max sigframe size: 3632
[    0.628913] rcu: Hierarchical SRCU implementation.
[    0.629060] rcu: 	Max phase no-delay instances is 400.
[    0.629849] smp: Bringing up secondary CPUs ...
[    0.630285] smpboot: x86: Booting SMP configuration:
[    0.630590] .... node  #0, CPUs:      #1
[    0.630668] smp: Brought up 1 node, 2 CPUs
[    0.631305] smpboot: Max logical packages: 1
[    0.631565] smpboot: Total of 2 processors activated (12748.80 BogoMIPS)
[    0.635151] devtmpfs: initialized
[    0.637511] clocksource: jiffies: mask: 0xffffffff max_cycles: 0xffffffff, max_idle_ns: 1911260446275000 ns
[    0.638063] futex hash table entries: 512 (order: 3, 32768 bytes, linear)
[    0.638604] PM: RTC time: 10:40:51, date: 2026-05-05
[    0.639028] NET: Registered PF_NETLINK/PF_ROUTE protocol family
[    0.639267] audit: initializing netlink subsys (disabled)
[    0.639626] audit: type=2000 audit(1777977651.248:1): state=initialized audit_enabled=0 res=1
[    0.639626] thermal_sys: Registered thermal governor 'step_wise'
[    0.640061] thermal_sys: Registered thermal governor 'user_space'
[    0.640430] cpuidle: using governor menu
[    0.641224] PCI: Using configuration type 1 for base access
[    0.641694] kprobes: kprobe jump-optimization is enabled. All kprobes are optimized if possible.
[    0.644059] HugeTLB: registered 2.00 MiB page size, pre-allocated 0 pages
[    0.644059] HugeTLB: 28 KiB vmemmap can be freed for a 2.00 MiB page
[    0.645059] ACPI: Added _OSI(Module Device)
[    0.645059] ACPI: Added _OSI(Processor Device)
[    0.645059] ACPI: Added _OSI(3.0 _SCP Extensions)
[    0.645062] ACPI: Added _OSI(Processor Aggregator Device)
[    0.652000] ACPI: 1 ACPI AML tables successfully acquired and loaded
[    0.696651] ACPI: Interpreter enabled
[    0.696917] ACPI: PM: (supports S0 S3 S4 S5)
[    0.697061] ACPI: Using IOAPIC for interrupt routing
[    0.697379] PCI: Using host bridge windows from ACPI; if necessary, use "pci=nocrs" and report a bug
[    0.697902] PCI: Using E820 reservations for host bridge windows
[    0.698380] ACPI: Enabled 2 GPEs in block 00 to 0F
[    0.708271] ACPI: PCI Root Bridge [PCI0] (domain 0000 [bus 00-ff])
[    0.708657] acpi PNP0A03:00: _OSC: OS supports [ASPM ClockPM Segments MSI HPX-Type3]
[    0.709061] acpi PNP0A03:00: _OSC: not requesting OS control; OS requires [ExtendedConfig ASPM ClockPM MSI]
[    0.709677] acpi PNP0A03:00: fail to add MMCONFIG information, can't access extended configuration space under this bridge
[    0.710213] PCI host bridge to bus 0000:00
[    0.710461] pci_bus 0000:00: root bus resource [io  0x0000-0x0cf7 window]
[    0.710878] pci_bus 0000:00: root bus resource [io  0x0d00-0xffff window]
[    0.711061] pci_bus 0000:00: root bus resource [mem 0x000a0000-0x000bffff window]
[    0.711523] pci_bus 0000:00: root bus resource [mem 0x80000000-0xfebfffff window]
[    0.711981] pci_bus 0000:00: root bus resource [mem 0x100000000-0x17fffffff window]
[    0.712062] pci_bus 0000:00: root bus resource [bus 00-ff]
[    0.712448] pci 0000:00:00.0: [8086:1237] type 00 class 0x060000
[    0.716488] pci 0000:00:01.0: [8086:7000] type 00 class 0x060100
[    0.720604] pci 0000:00:01.1: [8086:7010] type 00 class 0x010180
[    0.721856] pci 0000:00:01.1: reg 0x20: [io  0xc040-0xc04f]
[    0.722482] pci 0000:00:01.1: legacy IDE quirk: reg 0x10: [io  0x01f0-0x01f7]
[    0.722917] pci 0000:00:01.1: legacy IDE quirk: reg 0x14: [io  0x03f6]
[    0.723060] pci 0000:00:01.1: legacy IDE quirk: reg 0x18: [io  0x0170-0x0177]
[    0.723499] pci 0000:00:01.1: legacy IDE quirk: reg 0x1c: [io  0x0376]
[    0.724065] pci 0000:00:01.3: [8086:7113] type 00 class 0x068000
[    0.724671] pci 0000:00:01.3: quirk: [io  0x0600-0x063f] claimed by PIIX4 ACPI
[    0.725067] pci 0000:00:01.3: quirk: [io  0x0700-0x070f] claimed by PIIX4 SMB
[    0.725653] pci 0000:00:02.0: [1234:1111] type 00 class 0x030000
[    0.726311] pci 0000:00:02.0: reg 0x10: [mem 0xfd000000-0xfdffffff pref]
[    0.727666] pci 0000:00:02.0: reg 0x18: [mem 0xfebf0000-0xfebf0fff]
[    0.729824] pci 0000:00:02.0: reg 0x30: [mem 0xfebe0000-0xfebeffff pref]
[    0.730137] pci 0000:00:02.0: Video device with shadowed ROM at [mem 0x000c0000-0x000dffff]
[    0.734389] pci 0000:00:03.0: [8086:100e] type 00 class 0x020000
[    0.735060] pci 0000:00:03.0: reg 0x10: [mem 0xfebc0000-0xfebdffff]
[    0.735745] pci 0000:00:03.0: reg 0x14: [io  0xc000-0xc03f]
[    0.737728] pci 0000:00:03.0: reg 0x30: [mem 0xfeb80000-0xfebbffff pref]
[    0.742729] ACPI: PCI: Interrupt link LNKA configured for IRQ 10
[    0.743422] ACPI: PCI: Interrupt link LNKB configured for IRQ 10
[    0.744142] ACPI: PCI: Interrupt link LNKC configured for IRQ 11
[    0.744843] ACPI: PCI: Interrupt link LNKD configured for IRQ 11
[    0.745228] ACPI: PCI: Interrupt link LNKS configured for IRQ 9
[    0.746588] iommu: Default domain type: Translated
[    0.746875] iommu: DMA domain TLB invalidation policy: lazy mode
[    0.747272] SCSI subsystem initialized
[    0.747527] ACPI: bus type USB registered
[    0.748126] usbcore: registered new interface driver usbfs
[    0.748491] usbcore: registered new interface driver hub
[    0.748830] usbcore: registered new device driver usb
[    0.749115] pps_core: LinuxPPS API ver. 1 registered
[    0.749410] pps_core: Software ver. 5.3.6 - Copyright 2005-2007 Rodolfo Giometti <giometti@linux.it>
[    0.749972] PTP clock support registered
[    0.750134] Advanced Linux Sound Architecture Driver Initialized.
[    0.750883] NetLabel: Initializing
[    0.751061] NetLabel:  domain hash size = 128
[    0.751329] NetLabel:  protocols = UNLABELED CIPSOv4 CALIPSO
[    0.751714] NetLabel:  unlabeled traffic allowed by default
[    0.752105] PCI: Using ACPI for IRQ routing
[    0.753073] pci 0000:00:02.0: vgaarb: setting as boot VGA device
[    0.753441] pci 0000:00:02.0: vgaarb: bridge control possible
[    0.753791] pci 0000:00:02.0: vgaarb: VGA device added: decodes=io+mem,owns=io+mem,locks=none
[    0.754061] vgaarb: loaded
[    0.754326] hpet0: at MMIO 0xfed00000, IRQs 2, 8, 0
[    0.754612] hpet0: 3 comparators, 64-bit 100.000000 MHz counter
[    0.760151] clocksource: Switched to clocksource kvm-clock
[    0.760711] VFS: Disk quotas dquot_6.6.0
[    0.760981] VFS: Dquot-cache hash table entries: 512 (order 0, 4096 bytes)
[    0.763916] pnp: PnP ACPI init
[    0.765156] pnp: PnP ACPI: found 6 devices
[    0.772253] clocksource: acpi_pm: mask: 0xffffff max_cycles: 0xffffff, max_idle_ns: 2085701024 ns
[    0.772812] NET: Registered PF_INET protocol family
[    0.779427] IP idents hash table entries: 32768 (order: 6, 262144 bytes, linear)
[    0.780409] tcp_listen_portaddr_hash hash table entries: 1024 (order: 2, 16384 bytes, linear)
[    0.780932] Table-perturb hash table entries: 65536 (order: 6, 262144 bytes, linear)
[    0.781405] TCP established hash table entries: 16384 (order: 5, 131072 bytes, linear)
[    0.781949] TCP bind hash table entries: 16384 (order: 7, 524288 bytes, linear)
[    0.782600] TCP: Hash tables configured (established 16384 bind 16384)
[    0.783064] UDP hash table entries: 1024 (order: 3, 32768 bytes, linear)
[    0.783483] UDP-Lite hash table entries: 1024 (order: 3, 32768 bytes, linear)
[    0.783995] NET: Registered PF_UNIX/PF_LOCAL protocol family
[    0.784543] RPC: Registered named UNIX socket transport module.
[    0.784897] RPC: Registered udp transport module.
[    0.785176] RPC: Registered tcp transport module.
[    0.785474] RPC: Registered tcp-with-tls transport module.
[    0.785815] RPC: Registered tcp NFSv4.1 backchannel transport module.
[    0.786587] pci_bus 0000:00: resource 4 [io  0x0000-0x0cf7 window]
[    0.786976] pci_bus 0000:00: resource 5 [io  0x0d00-0xffff window]
[    0.787358] pci_bus 0000:00: resource 6 [mem 0x000a0000-0x000bffff window]
[    0.787784] pci_bus 0000:00: resource 7 [mem 0x80000000-0xfebfffff window]
[    0.788203] pci_bus 0000:00: resource 8 [mem 0x100000000-0x17fffffff window]
[    0.789750] pci 0000:00:01.0: PIIX3: Enabling Passive Release
[    0.790114] pci 0000:00:00.0: Limiting direct PCI/PCI transfers
[    0.790514] PCI: CLS 0 bytes, default 64
[    0.790980] Unpacking initramfs...
[    0.794241] RAPL PMU: API unit is 2^-32 Joules, 0 fixed counters, 10737418240 ms ovfl timer
[    0.794799] clocksource: tsc: mask: 0xffffffffffffffff max_cycles: 0x2df10e7656b, max_idle_ns: 440795364873 ns
[    0.800708] Initialise system trusted keyrings
[    0.801240] workingset: timestamp_bits=56 max_order=19 bucket_order=0
[    0.801989] NFS: Registering the id_resolver key type
[    0.802311] Key type id_resolver registered
[    0.802577] Key type id_legacy registered
[    0.802876] 9p: Installing v9fs 9p2000 file system support
[    0.805535] Freeing initrd memory: 1336K
[    0.808337] Key type asymmetric registered
[    0.808598] Asymmetric key parser 'x509' registered
[    0.808916] Block layer SCSI generic (bsg) driver version 0.4 loaded (major 251)
[    0.809376] io scheduler mq-deadline registered
[    0.809650] io scheduler kyber registered
[    0.810081] input: Power Button as /devices/LNXSYSTM:00/LNXPWRBN:00/input/input0
[    0.810649] ACPI: button: Power Button [PWRF]
[    0.811225] Serial: 8250/16550 driver, 4 ports, IRQ sharing enabled
[    0.811773] 00:04: ttyS0 at I/O 0x3f8 (irq = 4, base_baud = 115200) is a 16550A
[    0.812900] Non-volatile memory driver v1.3
[    0.813149] Linux agpgart interface v0.103
[    0.813476] ACPI: bus type drm_connector registered
[    0.818327] loop: module loaded
[    0.819604] scsi host0: ata_piix
[    0.820161] scsi host1: ata_piix
[    0.820465] ata1: PATA max MWDMA2 cmd 0x1f0 ctl 0x3f6 bmdma 0xc040 irq 14
[    0.820874] ata2: PATA max MWDMA2 cmd 0x170 ctl 0x376 bmdma 0xc048 irq 15
[    0.821879] e100: Intel(R) PRO/100 Network Driver
[    0.822160] e100: Copyright(c) 1999-2006 Intel Corporation
[    0.822504] e1000: Intel(R) PRO/1000 Network Driver
[    0.822804] e1000: Copyright (c) 1999-2006 Intel Corporation.
[    0.975693] ata2: found unknown device (class 0)
[    0.977364] ata2.00: ATAPI: QEMU DVD-ROM, 2.5+, max UDMA/100
[    0.979007] scsi 1:0:0:0: CD-ROM            QEMU     QEMU DVD-ROM     2.5+ PQ: 0 ANSI: 5
[    1.025671] sr 1:0:0:0: [sr0] scsi3-mmc drive: 4x/4x cd/rw xa/form2 tray
[    1.026067] cdrom: Uniform CD-ROM driver Revision: 3.20
[    1.120966] ACPI: \_SB_.LNKC: Enabled at IRQ 11
[    1.410773] e1000 0000:00:03.0 eth0: (PCI:33MHz:32-bit) 52:54:00:12:34:56
[    1.411296] e1000 0000:00:03.0 eth0: Intel(R) PRO/1000 Network Connection
[    1.411754] e1000e: Intel(R) PRO/1000 Network Driver
[    1.412045] e1000e: Copyright(c) 1999 - 2015 Intel Corporation.
[    1.412411] sky2: driver version 1.30
[    1.412881] usbcore: registered new interface driver usblp
[    1.413213] usbcore: registered new interface driver usb-storage
[    1.413614] i8042: PNP: PS/2 Controller [PNP0303:KBD,PNP0f13:MOU] at 0x60,0x64 irq 1,12
[    1.414540] serio: i8042 KBD port at 0x60,0x64 irq 1
[    1.414837] serio: i8042 AUX port at 0x60,0x64 irq 12
[    1.415463] rtc_cmos 00:05: RTC can wake from S4
[    1.415835] input: AT Translated Set 2 keyboard as /devices/platform/i8042/serio0/input/input1
[    1.417639] rtc_cmos 00:05: registered as rtc0
[    1.417964] rtc_cmos 00:05: alarms up to one day, y3k, 242 bytes nvram, hpet irqs
[    1.418593] device-mapper: ioctl: 4.48.0-ioctl (2023-03-01) initialised: dm-devel@redhat.com
[    1.419092] intel_pstate: CPU model not supported
[    1.419406] hid: raw HID events driver (C) Jiri Kosina
[    1.419951] usbcore: registered new interface driver usbhid
[    1.420280] usbhid: USB HID core driver
[    1.421782] Initializing XFRM netlink socket
[    1.422077] NET: Registered PF_INET6 protocol family
[    1.422825] Segment Routing with IPv6
[    1.423058] In-situ OAM (IOAM) with IPv6
[    1.423334] sit: IPv6, IPv4 and MPLS over IPv4 tunneling driver
[    1.423938] NET: Registered PF_PACKET protocol family
[    1.424273] 9pnet: Installing 9P2000 support
[    1.424549] Key type dns_resolver registered
[    1.425085] IPI shorthand broadcast: enabled
[    1.440015] sched_clock: Marking stable (1399001984, 40353659)->(1455885500, -16529857)
[    1.440715] registered taskstats version 1
[    1.440956] Loading compiled-in X.509 certificates
[    1.447519] PM:   Magic number: 10:560:678
[    1.447805] printk: console [netcon0] enabled
[    1.448064] netconsole: network logging started
[    1.448483] cfg80211: Loading compiled-in X.509 certificates for regulatory database
[    1.449152] kworker/u4:0 (51) used greatest stack depth: 29568 bytes left
[    1.449901] Loaded X.509 cert 'sforshee: 00b28ddf47aef9cea7'
[    1.450252] ALSA device list:
[    1.450433]   No soundcards found.
[    1.451595] Freeing unused kernel image (initmem) memory: 5648K
[    1.451899] platform regulatory.0: Direct firmware load for regulatory.db failed with error -2
[    1.452237] cfg80211: failed to load regulatory.db
[    1.460377] Write protecting the kernel read-only data: 59392k
[    1.460705] Freeing unused kernel image (rodata/data gap) memory: 56K
[    1.468467] x86/mm: Checked W+X mappings: passed, no W+X pages found.
[    1.468725] Run /init as init process
[    1.470383] mount (55) used greatest stack depth: 28760 bytes left

secb: rootfs ready
---- poc begin ----
poc: start: CVE-2023-3776 cls_fw refcnt leak (tcf_change_indev failure)
poc: NEWQDISC drr 1:0 rc=0
poc: NEWTCLASS drr 1:10 rc=0
poc: NEWTFILTER fw add (handle=1, -> 1:10) rc=0
poc: CHANGE fw (indev=loo, classid=1:20) rc=-19 (expect != 0)
poc: DELTCLASS 1:10 rc=-16
[    2.040117] input: ImExPS/2 Generic Explorer Mouse as /devices/platform/i8042/serio1/input/input3
poc: done — KASAN should have fired by now
[    2.480165] poc (61) used greatest stack depth: 27384 bytes left
---- poc end rc=0 ----
secb: poc exited without crashing the kernel
[    3.732555] ACPI: PM: Preparing to enter system sleep state S5
[    3.733044] reboot: Power down
NO_CRASH_DETECTED
