c[?7l[2J[0mSeaBIOS (version 1.16.2-debian-1.16.2-1)


iPXE (http://ipxe.org) 00:03.0 CA00 PCI2.10 PnP PMM+7EFCEF00+7EF0EF00 CA00
Press Ctrl-B to configure iPXE (PCI 00:03.0)...                                                                               


Booting from ROM..c[?7l[2J[    0.000000] Linux version 6.19.0-rc7-00133-g18ea2cf7e08d-dirty (root@buildkitsandbox) (gcc (Debian 12.2.0-14+deb12u1) 12.2.0, GNU ld (GNU Binutils for Debian) 2.40) #2 SMP PREEMPT_DYNAMIC Tue May  5 10:22:11 UTC 2026
[    0.000000] Command line: console=ttyS0 oops=panic nokaslr rdinit=/init
[    0.000000] BIOS-provided physical RAM map:
[    0.000000] BIOS-e820: [mem 0x0000000000000000-0x000000000009fbff] usable
[    0.000000] BIOS-e820: [mem 0x000000000009fc00-0x000000000009ffff] reserved
[    0.000000] BIOS-e820: [mem 0x00000000000f0000-0x00000000000fffff] reserved
[    0.000000] BIOS-e820: [mem 0x0000000000100000-0x000000007ffdffff] usable
[    0.000000] BIOS-e820: [mem 0x000000007ffe0000-0x000000007fffffff] reserved
[    0.000000] BIOS-e820: [mem 0x00000000feffc000-0x00000000feffffff] reserved
[    0.000000] BIOS-e820: [mem 0x00000000fffc0000-0x00000000ffffffff] reserved
[    0.000000] NX (Execute Disable) protection: active
[    0.000000] APIC: Static calls initialized
[    0.000000] SMBIOS 2.8 present.
[    0.000000] DMI: QEMU Standard PC (i440FX + PIIX, 1996), BIOS 1.16.2-debian-1.16.2-1 04/01/2014
[    0.000000] DMI: Memory slots populated: 1/1
[    0.000000] Hypervisor detected: KVM
[    0.000000] last_pfn = 0x7ffe0 max_arch_pfn = 0x400000000
[    0.000000] kvm-clock: Using msrs 4b564d01 and 4b564d00
[    0.000000] kvm-clock: using sched offset of 287470606 cycles
[    0.000002] clocksource: kvm-clock: mask: 0xffffffffffffffff max_cycles: 0x1cd42e4dffb, max_idle_ns: 881590591483 ns
[    0.000004] tsc: Detected 3187.200 MHz processor
[    0.000318] last_pfn = 0x7ffe0 max_arch_pfn = 0x400000000
[    0.000336] MTRR map: 4 entries (3 fixed + 1 variable; max 19), built from 8 variable MTRRs
[    0.000339] x86/PAT: Configuration [0-7]: WB  WC  UC- UC  WB  WP  UC- WT  
[    0.004716] found SMP MP-table at [mem 0x000f5ba0-0x000f5baf]
[    0.004722] Using GB pages for direct mapping
[    0.004805] RAMDISK: [mem 0x7fe91000-0x7ffdffff]
[    0.004809] ACPI: Early table checksum verification disabled
[    0.004812] ACPI: RSDP 0x00000000000F59D0 000014 (v00 BOCHS )
[    0.004815] ACPI: RSDT 0x000000007FFE1B33 000034 (v01 BOCHS  BXPC     00000001 BXPC 00000001)
[    0.004820] ACPI: FACP 0x000000007FFE19DF 000074 (v01 BOCHS  BXPC     00000001 BXPC 00000001)
[    0.004826] ACPI: DSDT 0x000000007FFE0040 00199F (v01 BOCHS  BXPC     00000001 BXPC 00000001)
[    0.004829] ACPI: FACS 0x000000007FFE0000 000040
[    0.004831] ACPI: APIC 0x000000007FFE1A53 000080 (v01 BOCHS  BXPC     00000001 BXPC 00000001)
[    0.004834] ACPI: HPET 0x000000007FFE1AD3 000038 (v01 BOCHS  BXPC     00000001 BXPC 00000001)
[    0.004836] ACPI: WAET 0x000000007FFE1B0B 000028 (v01 BOCHS  BXPC     00000001 BXPC 00000001)
[    0.004838] ACPI: Reserving FACP table memory at [mem 0x7ffe19df-0x7ffe1a52]
[    0.004839] ACPI: Reserving DSDT table memory at [mem 0x7ffe0040-0x7ffe19de]
[    0.004840] ACPI: Reserving FACS table memory at [mem 0x7ffe0000-0x7ffe003f]
[    0.004841] ACPI: Reserving APIC table memory at [mem 0x7ffe1a53-0x7ffe1ad2]
[    0.004841] ACPI: Reserving HPET table memory at [mem 0x7ffe1ad3-0x7ffe1b0a]
[    0.004842] ACPI: Reserving WAET table memory at [mem 0x7ffe1b0b-0x7ffe1b32]
[    0.005035] No NUMA configuration found
[    0.005036] Faking a node at [mem 0x0000000000000000-0x000000007ffdffff]
[    0.005037] NODE_DATA(0) allocated [mem 0x7fe8d900-0x7fe90fff]
[    0.005046] Zone ranges:
[    0.005046]   DMA      [mem 0x0000000000001000-0x0000000000ffffff]
[    0.005047]   DMA32    [mem 0x0000000001000000-0x000000007ffdffff]
[    0.005048]   Normal   empty
[    0.005049] Movable zone start for each node
[    0.005049] Early memory node ranges
[    0.005050]   node   0: [mem 0x0000000000001000-0x000000000009efff]
[    0.005051]   node   0: [mem 0x0000000000100000-0x000000007ffdffff]
[    0.005051] Initmem setup node 0 [mem 0x0000000000001000-0x000000007ffdffff]
[    0.005651] On node 0, zone DMA: 1 pages in unavailable ranges
[    0.005780] On node 0, zone DMA: 97 pages in unavailable ranges
[    0.030631] On node 0, zone DMA32: 32 pages in unavailable ranges
[    0.250890] KernelAddressSanitizer initialized (generic)
[    0.251096] ACPI: PM-Timer IO Port: 0x608
[    0.251118] ACPI: LAPIC_NMI (acpi_id[0xff] dfl dfl lint[0x1])
[    0.251144] IOAPIC[0]: apic_id 0, version 17, address 0xfec00000, GSI 0-23
[    0.251147] ACPI: INT_SRC_OVR (bus 0 bus_irq 0 global_irq 2 dfl dfl)
[    0.251148] ACPI: INT_SRC_OVR (bus 0 bus_irq 5 global_irq 5 high level)
[    0.251149] ACPI: INT_SRC_OVR (bus 0 bus_irq 9 global_irq 9 high level)
[    0.251150] ACPI: INT_SRC_OVR (bus 0 bus_irq 10 global_irq 10 high level)
[    0.251151] ACPI: INT_SRC_OVR (bus 0 bus_irq 11 global_irq 11 high level)
[    0.251153] ACPI: Using ACPI (MADT) for SMP configuration information
[    0.251154] ACPI: HPET id: 0x8086a201 base: 0xfed00000
[    0.251157] TSC deadline timer available
[    0.251160] CPU topo: Max. logical packages:   1
[    0.251161] CPU topo: Max. logical dies:       1
[    0.251161] CPU topo: Max. dies per package:   1
[    0.251163] CPU topo: Max. threads per core:   1
[    0.251164] CPU topo: Num. cores per package:     2
[    0.251164] CPU topo: Num. threads per package:   2
[    0.251165] CPU topo: Allowing 2 present CPUs plus 0 hotplug CPUs
[    0.251180] kvm-guest: APIC: eoi() replaced with kvm_guest_apic_eoi_write()
[    0.251199] kvm-guest: KVM setup pv remote TLB flush
[    0.251201] kvm-guest: setup PV sched yield
[    0.251207] PM: hibernation: Registered nosave memory: [mem 0x00000000-0x00000fff]
[    0.251209] PM: hibernation: Registered nosave memory: [mem 0x0009f000-0x000fffff]
[    0.251210] [mem 0x80000000-0xfeffbfff] available for PCI devices
[    0.251212] Booting paravirtualized kernel on KVM
[    0.251214] clocksource: refined-jiffies: mask: 0xffffffff max_cycles: 0xffffffff, max_idle_ns: 1910969940391419 ns
[    0.258695] setup_percpu: NR_CPUS:64 nr_cpumask_bits:2 nr_cpu_ids:2 nr_node_ids:1
[    0.259213] percpu: Embedded 64 pages/cpu s223704 r8192 d30248 u1048576
[    0.259246] Kernel command line: console=ttyS0 oops=panic nokaslr rdinit=/init
[    0.259303] random: crng init done
[    0.259304] printk: log buffer data + meta data: 262144 + 917504 = 1179648 bytes
[    0.259891] Dentry cache hash table entries: 262144 (order: 9, 2097152 bytes, linear)
[    0.259938] Inode-cache hash table entries: 131072 (order: 8, 1048576 bytes, linear)
[    0.259987] Fallback order for Node 0: 0 
[    0.259990] Built 1 zonelists, mobility grouping on.  Total pages: 524158
[    0.259991] Policy zone: DMA32
[    0.259992] mem auto-init: stack:all(zero), heap alloc:off, heap free:off
[    0.259992] stackdepot: allocating hash table via alloc_large_system_hash
[    0.259995] stackdepot hash table entries: 1048576 (order: 12, 16777216 bytes, linear)
[    0.265542] stackdepot: allocating space for 8192 stack pools via memblock
[    0.288011] SLUB: HWalign=64, Order=0-3, MinObjects=0, CPUs=2, Nodes=1
[    0.289026] Dynamic Preempt: voluntary
[    0.289736] rcu: Preemptible hierarchical RCU implementation.
[    0.289739] rcu: 	RCU event tracing is enabled.
[    0.289739] rcu: 	RCU restricting CPUs from NR_CPUS=64 to nr_cpu_ids=2.
[    0.289742] 	Trampoline variant of Tasks RCU enabled.
[    0.289743] 	Tracing variant of Tasks RCU enabled.
[    0.289743] rcu: RCU calculated value of scheduler-enlistment delay is 100 jiffies.
[    0.289744] rcu: Adjusting geometry for rcu_fanout_leaf=16, nr_cpu_ids=2
[    0.289765] RCU Tasks: Setting shift to 1 and lim to 1 rcu_task_cb_adjust=1 rcu_task_cpu_ids=2.
[    0.289767] RCU Tasks Trace: Setting shift to 1 and lim to 1 rcu_task_cb_adjust=1 rcu_task_cpu_ids=2.
[    0.298213] NR_IRQS: 4352, nr_irqs: 440, preallocated irqs: 16
[    0.298437] rcu: srcu_init: Setting srcu_struct sizes based on contention.
[    0.300772] Console: colour VGA+ 80x25
[    0.300802] printk: legacy console [ttyS0] enabled
[    0.339314] ACPI: Core revision 20250807
[    0.339666] clocksource: hpet: mask: 0xffffffff max_cycles: 0xffffffff, max_idle_ns: 19112604467 ns
[    0.340230] APIC: Switch to symmetric I/O mode setup
[    0.341005] x2apic enabled
[    0.341691] APIC: Switched APIC routing to: physical x2apic
[    0.342630] kvm-guest: APIC: send_IPI_mask() replaced with kvm_send_ipi_mask()
[    0.343159] kvm-guest: APIC: send_IPI_mask_allbutself() replaced with kvm_send_ipi_mask_allbutself()
[    0.343705] kvm-guest: setup PV IPIs
[    0.344570] ..TIMER: vector=0x30 apic1=0 pin1=2 apic2=-1 pin2=-1
[    0.344938] clocksource: tsc-early: mask: 0xffffffffffffffff max_cycles: 0x2df10e7656b, max_idle_ns: 440795364873 ns
[    0.345557] Calibrating delay loop (skipped) preset value.. 6374.40 BogoMIPS (lpj=3187200)
[    0.346107] x86/cpu: User Mode Instruction Prevention (UMIP) activated
[    0.346606] Last level iTLB entries: 4KB 0, 2MB 0, 4MB 0
[    0.346920] Last level dTLB entries: 4KB 0, 2MB 0, 4MB 0, 1GB 0
[    0.347264] mitigations: Enabled attack vectors: user_kernel, user_user, SMT mitigations: auto
[    0.347555] Speculative Store Bypass: Mitigation: Speculative Store Bypass disabled via prctl
[    0.348035] Spectre V2 : Mitigation: Enhanced / Automatic IBRS
[    0.348554] ITS: Mitigation: Aligned branch/return thunks
[    0.348857] Spectre V1 : Mitigation: usercopy/swapgs barriers and __user pointer sanitization
[    0.349555] Spectre V2 : Spectre v2 / PBRSB-eIBRS: Retire a single CALL on VMEXIT
[    0.349982] Spectre V2 : mitigation: Enabling conditional Indirect Branch Prediction Barrier
[    0.350555] active return thunk: its_return_thunk
[    0.350844] x86/fpu: Supporting XSAVE feature 0x001: 'x87 floating point registers'
[    0.351285] x86/fpu: Supporting XSAVE feature 0x002: 'SSE registers'
[    0.351554] x86/fpu: Supporting XSAVE feature 0x004: 'AVX registers'
[    0.351922] x86/fpu: Supporting XSAVE feature 0x200: 'Protection Keys User registers'
[    0.352373] x86/fpu: xstate_offset[2]:  576, xstate_sizes[2]:  256
[    0.352554] x86/fpu: xstate_offset[9]:  832, xstate_sizes[9]:    8
[    0.352911] x86/fpu: Enabled xstate features 0x207, context size is 840 bytes, using 'compacted' format.
[    0.368772] Freeing SMP alternatives memory: 44K
[    0.369069] pid_max: default: 32768 minimum: 301
[    0.369423] SELinux:  Initializing.
[    0.369699] Mount-cache hash table entries: 4096 (order: 3, 32768 bytes, linear)
[    0.370130] Mountpoint-cache hash table entries: 4096 (order: 3, 32768 bytes, linear)
[    0.370981] smpboot: CPU0: Intel(R) Core(TM) i9-14900K (family: 0x6, model: 0xb7, stepping: 0x1)
[    0.371554] Performance Events: unsupported CPU family 6 model 183 no PMU driver, software events only.
[    0.371574] signal: max sigframe size: 3632
[    0.371856] rcu: Hierarchical SRCU implementation.
[    0.372135] rcu: 	Max phase no-delay instances is 400.
[    0.372495] Timer migration: 1 hierarchy levels; 8 children per group; 1 crossnode level
[    0.374673] smp: Bringing up secondary CPUs ...
[    0.375081] smpboot: x86: Booting SMP configuration:
[    0.375372] .... node  #0, CPUs:      #1
[    0.375578] smp: Brought up 1 node, 2 CPUs
[    0.376047] smpboot: Total of 2 processors activated (12748.80 BogoMIPS)
[    0.376654] Memory: 1682616K/2096632K available (45392K kernel code, 8149K rwdata, 10044K rodata, 5556K init, 1224K bss, 407008K reserved, 0K cma-reserved)
[    0.378588] devtmpfs: initialized
[    0.380256] clocksource: jiffies: mask: 0xffffffff max_cycles: 0xffffffff, max_idle_ns: 1911260446275000 ns
[    0.380570] posixtimers hash table entries: 1024 (order: 2, 16384 bytes, linear)
[    0.381005] futex hash table entries: 512 (32768 bytes on 1 NUMA nodes, total 32 KiB, linear).
[    0.381626] PM: RTC time: 10:25:20, date: 2026-05-05
[    0.382041] NET: Registered PF_NETLINK/PF_ROUTE protocol family
[    0.382587] audit: initializing netlink subsys (disabled)
[    0.382915] audit: type=2000 audit(1777976720.866:1): state=initialized audit_enabled=0 res=1
[    0.382915] thermal_sys: Registered thermal governor 'step_wise'
[    0.383051] cpuidle: using governor menu
[    0.385654] PCI: Using configuration type 1 for base access
[    0.386647] kprobes: kprobe jump-optimization is enabled. All kprobes are optimized if possible.
[    0.388727] HugeTLB: registered 2.00 MiB page size, pre-allocated 0 pages
[    0.390559] HugeTLB: 28 KiB vmemmap can be freed for a 2.00 MiB page
[    0.391618] ACPI: Added _OSI(Module Device)
[    0.391866] ACPI: Added _OSI(Processor Device)
[    0.392127] ACPI: Added _OSI(Processor Aggregator Device)
[    0.398868] ACPI: 1 ACPI AML tables successfully acquired and loaded
[    0.403275] ACPI: Interpreter enabled
[    0.403588] ACPI: PM: (supports S0 S3 S4 S5)
[    0.403842] ACPI: Using IOAPIC for interrupt routing
[    0.404160] PCI: Using host bridge windows from ACPI; if necessary, use "pci=nocrs" and report a bug
[    0.404555] PCI: Using E820 reservations for host bridge windows
[    0.405265] ACPI: Enabled 2 GPEs in block 00 to 0F
[    0.419523] ACPI: PCI Root Bridge [PCI0] (domain 0000 [bus 00-ff])
[    0.419563] acpi PNP0A03:00: _OSC: OS supports [ASPM ClockPM Segments MSI HPX-Type3]
[    0.420013] acpi PNP0A03:00: _OSC: not requesting OS control; OS requires [ExtendedConfig ASPM ClockPM MSI]
[    0.420607] acpi PNP0A03:00: fail to add MMCONFIG information, can't access extended configuration space under this bridge
[    0.421423] PCI host bridge to bus 0000:00
[    0.421579] pci_bus 0000:00: root bus resource [io  0x0000-0x0cf7 window]
[    0.421979] pci_bus 0000:00: root bus resource [io  0x0d00-0xffff window]
[    0.422563] pci_bus 0000:00: root bus resource [mem 0x000a0000-0x000bffff window]
[    0.423247] pci_bus 0000:00: root bus resource [mem 0x80000000-0xfebfffff window]
[    0.423558] pci_bus 0000:00: root bus resource [mem 0x100000000-0x17fffffff window]
[    0.424003] pci_bus 0000:00: root bus resource [bus 00-ff]
[    0.424359] pci 0000:00:00.0: [8086:1237] type 00 class 0x060000 conventional PCI endpoint
[    0.429793] pci 0000:00:01.0: [8086:7000] type 00 class 0x060100 conventional PCI endpoint
[    0.434406] pci 0000:00:01.1: [8086:7010] type 00 class 0x010180 conventional PCI endpoint
[    0.434893] pci 0000:00:01.1: BAR 4 [io  0xc040-0xc04f]
[    0.435217] pci 0000:00:01.1: BAR 0 [io  0x01f0-0x01f7]: legacy IDE quirk
[    0.435555] pci 0000:00:01.1: BAR 1 [io  0x03f6]: legacy IDE quirk
[    0.435913] pci 0000:00:01.1: BAR 2 [io  0x0170-0x0177]: legacy IDE quirk
[    0.436305] pci 0000:00:01.1: BAR 3 [io  0x0376]: legacy IDE quirk
[    0.436697] pci 0000:00:01.3: [8086:7113] type 00 class 0x068000 conventional PCI endpoint
[    0.437361] pci 0000:00:01.3: quirk: [io  0x0600-0x063f] claimed by PIIX4 ACPI
[    0.437559] pci 0000:00:01.3: quirk: [io  0x0700-0x070f] claimed by PIIX4 SMB
[    0.438130] pci 0000:00:02.0: [1234:1111] type 00 class 0x030000 conventional PCI endpoint
[    0.440853] pci 0000:00:02.0: BAR 0 [mem 0xfd000000-0xfdffffff pref]
[    0.441242] pci 0000:00:02.0: BAR 2 [mem 0xfebf0000-0xfebf0fff]
[    0.441570] pci 0000:00:02.0: ROM [mem 0xfebe0000-0xfebeffff pref]
[    0.442021] pci 0000:00:02.0: Video device with shadowed ROM at [mem 0x000c0000-0x000dffff]
[    0.446717] pci 0000:00:03.0: [8086:100e] type 00 class 0x020000 conventional PCI endpoint
[    0.449859] pci 0000:00:03.0: BAR 0 [mem 0xfebc0000-0xfebdffff]
[    0.450351] pci 0000:00:03.0: BAR 1 [io  0xc000-0xc03f]
[    0.450574] pci 0000:00:03.0: ROM [mem 0xfeb80000-0xfebbffff pref]
[    0.456469] ACPI: PCI: Interrupt link LNKA configured for IRQ 10
[    0.456947] ACPI: PCI: Interrupt link LNKB configured for IRQ 10
[    0.457673] ACPI: PCI: Interrupt link LNKC configured for IRQ 11
[    0.458402] ACPI: PCI: Interrupt link LNKD configured for IRQ 11
[    0.458704] ACPI: PCI: Interrupt link LNKS configured for IRQ 9
[    0.460182] iommu: Default domain type: Translated
[    0.460468] iommu: DMA domain TLB invalidation policy: lazy mode
[    0.464564] SCSI subsystem initialized
[    0.465731] ACPI: bus type USB registered
[    0.465936] usbcore: registered new interface driver usbfs
[    0.466280] usbcore: registered new interface driver hub
[    0.466567] usbcore: registered new device driver usb
[    0.466909] pps_core: LinuxPPS API ver. 1 registered
[    0.467197] pps_core: Software ver. 5.3.6 - Copyright 2005-2007 Rodolfo Giometti <giometti@linux.it>
[    0.467562] PTP clock support registered
[    0.467850] Advanced Linux Sound Architecture Driver Initialized.
[    0.468750] NetLabel: Initializing
[    0.468952] NetLabel:  domain hash size = 128
[    0.469207] NetLabel:  protocols = UNLABELED CIPSOv4 CALIPSO
[    0.469583] NetLabel:  unlabeled traffic allowed by default
[    0.469946] PCI: Using ACPI for IRQ routing
[    0.470567] pci 0000:00:02.0: vgaarb: setting as boot VGA device
[    0.470916] pci 0000:00:02.0: vgaarb: bridge control possible
[    0.471248] pci 0000:00:02.0: vgaarb: VGA device added: decodes=io+mem,owns=io+mem,locks=none
[    0.471555] vgaarb: loaded
[    0.471901] hpet0: at MMIO 0xfed00000, IRQs 2, 8, 0
[    0.472192] hpet0: 3 comparators, 64-bit 100.000000 MHz counter
[    0.475595] clocksource: Switched to clocksource kvm-clock
[    0.476208] VFS: Disk quotas dquot_6.6.0
[    0.476451] VFS: Dquot-cache hash table entries: 512 (order 0, 4096 bytes)
[    0.477193] pnp: PnP ACPI init
[    0.478513] pnp: PnP ACPI: found 6 devices
[    0.486775] clocksource: acpi_pm: mask: 0xffffff max_cycles: 0xffffff, max_idle_ns: 2085701024 ns
[    0.487346] NET: Registered PF_INET protocol family
[    0.487688] IP idents hash table entries: 32768 (order: 6, 262144 bytes, linear)
[    0.488593] tcp_listen_portaddr_hash hash table entries: 1024 (order: 2, 16384 bytes, linear)
[    0.489105] Table-perturb hash table entries: 65536 (order: 6, 262144 bytes, linear)
[    0.489566] TCP established hash table entries: 16384 (order: 5, 131072 bytes, linear)
[    0.490790] TCP bind hash table entries: 16384 (order: 7, 524288 bytes, linear)
[    0.491247] TCP: Hash tables configured (established 16384 bind 16384)
[    0.491675] UDP hash table entries: 1024 (order: 4, 65536 bytes, linear)
[    0.492071] UDP-Lite hash table entries: 1024 (order: 4, 65536 bytes, linear)
[    0.492558] NET: Registered PF_UNIX/PF_LOCAL protocol family
[    0.493140] RPC: Registered named UNIX socket transport module.
[    0.493485] RPC: Registered udp transport module.
[    0.493759] RPC: Registered tcp transport module.
[    0.494033] RPC: Registered tcp-with-tls transport module.
[    0.494355] RPC: Registered tcp NFSv4.1 backchannel transport module.
[    0.495063] pci_bus 0000:00: resource 4 [io  0x0000-0x0cf7 window]
[    0.495429] pci_bus 0000:00: resource 5 [io  0x0d00-0xffff window]
[    0.495787] pci_bus 0000:00: resource 6 [mem 0x000a0000-0x000bffff window]
[    0.496189] pci_bus 0000:00: resource 7 [mem 0x80000000-0xfebfffff window]
[    0.496588] pci_bus 0000:00: resource 8 [mem 0x100000000-0x17fffffff window]
[    0.497090] pci 0000:00:01.0: PIIX3: Enabling Passive Release
[    0.497439] pci 0000:00:00.0: Limiting direct PCI/PCI transfers
[    0.497818] PCI: CLS 0 bytes, default 64
[    0.498134] RAPL PMU: API unit is 2^-32 Joules, 0 fixed counters, 10737418240 ms ovfl timer
[    0.498205] Unpacking initramfs...
[    0.498628] clocksource: tsc: mask: 0xffffffffffffffff max_cycles: 0x2df10e7656b, max_idle_ns: 440795364873 ns
[    0.500950] Initialise system trusted keyrings
[    0.502146] workingset: timestamp_bits=56 max_order=19 bucket_order=0
[    0.502958] NFS: Registering the id_resolver key type
[    0.503272] Key type id_resolver registered
[    0.503519] Key type id_legacy registered
[    0.503831] 9p: Installing v9fs 9p2000 file system support
[    0.510829] Key type asymmetric registered
[    0.511117] Asymmetric key parser 'x509' registered
[    0.511438] Block layer SCSI generic (bsg) driver version 0.4 loaded (major 251)
[    0.511885] io scheduler mq-deadline registered
[    0.512157] io scheduler kyber registered
[    0.512179] Freeing initrd memory: 1340K
[    0.512830] input: Power Button as /devices/LNXSYSTM:00/LNXPWRBN:00/input/input0
[    0.513386] ACPI: button: Power Button [PWRF]
[    0.513999] Serial: 8250/16550 driver, 4 ports, IRQ sharing enabled
[    0.514580] 00:04: ttyS0 at I/O 0x3f8 (irq = 4, base_baud = 115200) is a 16550A
[    0.515825] Non-volatile memory driver v1.3
[    0.516071] Linux agpgart interface v0.103
[    0.520102] loop: module loaded
[    0.521432] scsi host0: ata_piix
[    0.521844] scsi host1: ata_piix
[    0.522135] ata1: PATA max MWDMA2 cmd 0x1f0 ctl 0x3f6 bmdma 0xc040 irq 14 lpm-pol 0
[    0.522577] ata2: PATA max MWDMA2 cmd 0x170 ctl 0x376 bmdma 0xc048 irq 15 lpm-pol 0
[    0.529039] e100: Intel(R) PRO/100 Network Driver
[    0.529331] e100: Copyright(c) 1999-2006 Intel Corporation
[    0.529670] e1000: Intel(R) PRO/1000 Network Driver
[    0.529955] e1000: Copyright (c) 1999-2006 Intel Corporation.
[    0.677341] ata2: found unknown device (class 0)
[    0.677968] ata2.00: ATAPI: QEMU DVD-ROM, 2.5+, max UDMA/100
[    0.679042] scsi 1:0:0:0: CD-ROM            QEMU     QEMU DVD-ROM     2.5+ PQ: 0 ANSI: 5
[    0.696542] sr 1:0:0:0: [sr0] scsi3-mmc drive: 4x/4x cd/rw xa/form2 tray
[    0.696942] cdrom: Uniform CD-ROM driver Revision: 3.20
[    0.719327] sr 1:0:0:0: Attached scsi generic sg0 type 5
[    0.881059] ACPI: \_SB_.LNKC: Enabled at IRQ 11
[    1.167231] e1000 0000:00:03.0 eth0: (PCI:33MHz:32-bit) 52:54:00:12:34:56
[    1.167633] e1000 0000:00:03.0 eth0: Intel(R) PRO/1000 Network Connection
[    1.168092] e1000e: Intel(R) PRO/1000 Network Driver
[    1.168388] e1000e: Copyright(c) 1999 - 2015 Intel Corporation.
[    1.168758] sky2: driver version 1.30
[    1.169455] usbcore: registered new interface driver usblp
[    1.169807] usbcore: registered new interface driver usb-storage
[    1.170388] i8042: PNP: PS/2 Controller [PNP0303:KBD,PNP0f13:MOU] at 0x60,0x64 irq 1,12
[    1.172059] serio: i8042 KBD port at 0x60,0x64 irq 1
[    1.172375] serio: i8042 AUX port at 0x60,0x64 irq 12
[    1.173082] input: AT Translated Set 2 keyboard as /devices/platform/i8042/serio0/input/input1
[    1.173715] rtc_cmos 00:05: RTC can wake from S4
[    1.174556] rtc_cmos 00:05: registered as rtc0
[    1.174899] rtc_cmos 00:05: alarms up to one day, y3k, 242 bytes nvram, hpet irqs
[    1.176096] device-mapper: ioctl: 4.50.0-ioctl (2025-04-28) initialised: dm-devel@lists.linux.dev
[    1.176637] intel_pstate: CPU model not supported
[    1.176998] hid: raw HID events driver (C) Jiri Kosina
[    1.178461] usbcore: registered new interface driver usbhid
[    1.178929] usbhid: USB HID core driver
[    1.180160] Initializing XFRM netlink socket
[    1.180455] NET: Registered PF_INET6 protocol family
[    1.181357] Segment Routing with IPv6
[    1.181596] In-situ OAM (IOAM) with IPv6
[    1.181890] sit: IPv6, IPv4 and MPLS over IPv4 tunneling driver
[    1.182542] NET: Registered PF_PACKET protocol family
[    1.182895] 9pnet: Installing 9P2000 support
[    1.183187] Key type dns_resolver registered
[    1.183722] IPI shorthand broadcast: enabled
[    1.194513] sched_clock: Marking stable (1152001184, 42110666)->(1196321370, -2209520)
[    1.195244] registered taskstats version 1
[    1.195486] Loading compiled-in X.509 certificates
[    1.212440] Demotion targets for Node 0: null
[    1.212887] PM:   Magic number: 10:801:425
[    1.213168] netconsole: network logging started
[    1.213520] cfg80211: Loading compiled-in X.509 certificates for regulatory database
[    1.214244] kworker/u8:1 (58) used greatest stack depth: 29584 bytes left
[    1.214919] Loaded X.509 cert 'sforshee: 00b28ddf47aef9cea7'
[    1.215407] Loaded X.509 cert 'wens: 61c038651aabdcf94bd0ac7ff06c7248db18c600'
[    1.215892] faux_driver regulatory: Direct firmware load for regulatory.db failed with error -2
[    1.216404] cfg80211: failed to load regulatory.db
[    1.216702] ALSA device list:
[    1.216878]   No soundcards found.
[    1.218182] Freeing unused kernel image (initmem) memory: 5556K
[    1.218456] Write protecting the kernel read-only data: 57344k
[    1.219698] Freeing unused kernel image (text/rodata gap) memory: 1708K
[    1.220074] Freeing unused kernel image (rodata/data gap) memory: 196K
[    1.230205] x86/mm: Checked W+X mappings: passed, no W+X pages found.
[    1.230491] Run /init as init process
[    1.231362] mkdir (61) used greatest stack depth: 28344 bytes left
[    1.241432] busybox (67) used greatest stack depth: 27152 bytes left

secb: rootfs ready
---- poc begin ----
poc: CVE-2026-23111 start
poc: setup errs=0
[nftnl] NLERR seq=12 err=2 (No such file or directory)
poc: abort cycle r=0
[nftnl] NLERR seq=17 err=2 (No such file or directory)
[nftnl] NLERR seq=22 err=2 (No such file or directory)
[nftnl] NLERR seq=27 err=2 (No such file or directory)
[nftnl] NLERR seq=32 err=2 (No such file or directory)
[nftnl] NLERR seq=37 err=2 (No such file or directory)
[nftnl] NLERR seq=42 err=2 (No such file or directory)
[nftnl] NLERR seq=47 err=2 (No such file or directory)
[nftnl] NLERR seq=52 err=2 (No such file or directory)
[nftnl] NLERR seq=57 err=2 (No such file or directory)
[nftnl] NLERR seq=62 err=2 (No such file or directory)
[nftnl] NLERR seq=67 err=2 (No such file or directory)
[nftnl] NLERR seq=72 err=2 (No such file or directory)
[nftnl] NLERR seq=77 err=2 (No such file or directory)
[nftnl] NLERR seq=82 err=2 (No such file or directory)
[nftnl] NLERR seq=87 err=2 (No such file or directory)
[nftnl] NLERR seq=92 err=2 (No such file or directory)
[nftnl] NLERR seq=97 err=2 (No such file or directory)
[nftnl] NLERR seq=102 err=2 (No such file or directory)
[nftnl] NLERR seq=107 err=2 (No such file or directory)
[nftnl] NLERR seq=112 err=2 (No such file or directory)
[nftnl] NLERR seq=117 err=2 (No such file or directory)
[nftnl] NLERR seq=122 err=2 (No such file or directory)
[nftnl] NLERR seq=127 err=2 (No such file or directory)
[nftnl] NLERR seq=132 err=2 (No such file or directory)
[nftnl] NLERR seq=137 err=2 (No such file or directory)
[nftnl] NLERR seq=142 err=2 (No such file or directory)
[nftnl] NLERR seq=147 err=2 (No such file or directory)
[nftnl] NLERR seq=152 err=2 (No such file or directory)
[nftnl] NLERR seq=157 err=2 (No such file or directory)
[nftnl] NLERR seq=162 err=2 (No such file or directory)
[nftnl] NLERR seq=167 err=2 (No such file or directory)
[nftnl] NLERR seq=172 err=2 (No such file or directory)
poc: abort cycle r=32
[nftnl] NLERR seq=177 err=2 (No such file or directory)
[nftnl] NLERR seq=182 err=2 (No such file or directory)
[nftnl] NLERR seq=187 err=2 (No such file or directory)
[nftnl] NLERR seq=192 err=2 (No such file or directory)
[nftnl] NLERR seq=197 err=2 (No such file or directory)
[nftnl] NLERR seq=202 err=2 (No such file or directory)
[nftnl] NLERR seq=207 err=2 (No such file or directory)
[nftnl] NLERR seq=212 err=2 (No such file or directory)
[nftnl] NLERR seq=217 err=2 (No such file or directory)
[nftnl] NLERR seq=222 err=2 (No such file or directory)
[nftnl] NLERR seq=227 err=2 (No such file or directory)
[nftnl] NLERR seq=232 err=2 (No such file or directory)
[nftnl] NLERR seq=237 err=2 (No such file or directory)
[nftnl] NLERR seq=242 err=2 (No such file or directory)
[nftnl] NLERR seq=247 err=2 (No such file or directory)
[nftnl] NLERR seq=252 err=2 (No such file or directory)
[nftnl] NLERR seq=257 err=2 (No such file or directory)
[nftnl] NLERR seq=262 err=2 (No such file or directory)
[nftnl] NLERR seq=267 err=2 (No such file or directory)
[nftnl] NLERR seq=272 err=2 (No such file or directory)
[nftnl] NLERR seq=277 err=2 (No such file or directory)
[nftnl] NLERR seq=282 err=2 (No such file or directory)
[nftnl] NLERR seq=287 err=2 (No such file or directory)
[nftnl] NLERR seq=292 err=2 (No such file or directory)
[nftnl] NLERR seq=297 err=2 (No such file or directory)
[nftnl] NLERR seq=302 err=2 (No such file or directory)
[nftnl] NLERR seq=307 err=2 (No such file or directory)
[nftnl] NLERR seq=312 err=2 (No such file or directory)
[nftnl] NLERR seq=317 err=2 (No such file or directory)
[nftnl] NLERR seq=322 err=2 (No such file or directory)
[nftnl] NLERR seq=327 err=2 (No such file or directory)
[nftnl] NLERR seq=332 err=2 (No such file or directory)
poc: abort cycle r=64
[nftnl] NLERR seq=337 err=2 (No such file or directory)
[nftnl] NLERR seq=342 err=2 (No such file or directory)
[nftnl] NLERR seq=347 err=2 (No such file or directory)
[nftnl] NLERR seq=352 err=2 (No such file or directory)
[nftnl] NLERR seq=357 err=2 (No such file or directory)
[nftnl] NLERR seq=362 err=2 (No such file or directory)
[nftnl] NLERR seq=367 err=2 (No such file or directory)
[nftnl] NLERR seq=372 err=2 (No such file or directory)
[nftnl] NLERR seq=377 err=2 (No such file or directory)
[nftnl] NLERR seq=382 err=2 (No such file or directory)
[nftnl] NLERR seq=387 err=2 (No such file or directory)
[nftnl] NLERR seq=392 err=2 (No such file or directory)
[nftnl] NLERR seq=397 err=2 (No such file or directory)
[    1.590328] input: ImExPS/2 Generic Explorer Mouse as /devices/platform/i8042/serio1/input/input3
[nftnl] NLERR seq=402 err=2 (No such file or directory)
[nftnl] NLERR seq=407 err=2 (No such file or directory)
[nftnl] NLERR seq=412 err=2 (No such file or directory)
[nftnl] NLERR seq=417 err=2 (No such file or directory)
[nftnl] NLERR seq=422 err=2 (No such file or directory)
[nftnl] NLERR seq=427 err=2 (No such file or directory)
[nftnl] NLERR seq=432 err=2 (No such file or directory)
[nftnl] NLERR seq=437 err=2 (No such file or directory)
[nftnl] NLERR seq=442 err=2 (No such file or directory)
[nftnl] NLERR seq=447 err=2 (No such file or directory)
[nftnl] NLERR seq=452 err=2 (No such file or directory)
[nftnl] NLERR seq=457 err=2 (No such file or directory)
[nftnl] NLERR seq=462 err=2 (No such file or directory)
[nftnl] NLERR seq=467 err=2 (No such file or directory)
[nftnl] NLERR seq=472 err=2 (No such file or directory)
[nftnl] NLERR seq=477 err=2 (No such file or directory)
[nftnl] NLERR seq=482 err=2 (No such file or directory)
[nftnl] NLERR seq=487 err=2 (No such file or directory)
[nftnl] NLERR seq=492 err=2 (No such file or directory)
poc: abort cycle r=96
[nftnl] NLERR seq=497 err=2 (No such file or directory)
[nftnl] NLERR seq=502 err=2 (No such file or directory)
[nftnl] NLERR seq=507 err=2 (No such file or directory)
[nftnl] NLERR seq=512 err=2 (No such file or directory)
[nftnl] NLERR seq=517 err=2 (No such file or directory)
[nftnl] NLERR seq=522 err=2 (No such file or directory)
[nftnl] NLERR seq=527 err=2 (No such file or directory)
[nftnl] NLERR seq=532 err=2 (No such file or directory)
[nftnl] NLERR seq=537 err=2 (No such file or directory)
[nftnl] NLERR seq=542 err=2 (No such file or directory)
[nftnl] NLERR seq=547 err=2 (No such file or directory)
[nftnl] NLERR seq=552 err=2 (No such file or directory)
[nftnl] NLERR seq=557 err=2 (No such file or directory)
[nftnl] NLERR seq=562 err=2 (No such file or directory)
[nftnl] NLERR seq=567 err=2 (No such file or directory)
[nftnl] NLERR seq=572 err=2 (No such file or directory)
[nftnl] NLERR seq=577 err=2 (No such file or directory)
[nftnl] NLERR seq=582 err=2 (No such file or directory)
[nftnl] NLERR seq=587 err=2 (No such file or directory)
[nftnl] NLERR seq=592 err=2 (No such file or directory)
[nftnl] NLERR seq=597 err=2 (No such file or directory)
[nftnl] NLERR seq=602 err=2 (No such file or directory)
[nftnl] NLERR seq=607 err=2 (No such file or directory)
[nftnl] NLERR seq=612 err=2 (No such file or directory)
[nftnl] NLERR seq=617 err=2 (No such file or directory)
[nftnl] NLERR seq=622 err=2 (No such file or directory)
[nftnl] NLERR seq=627 err=2 (No such file or directory)
[nftnl] NLERR seq=632 err=2 (No such file or directory)
[nftnl] NLERR seq=637 err=2 (No such file or directory)
[nftnl] NLERR seq=642 err=2 (No such file or directory)
[nftnl] NLERR seq=647 err=2 (No such file or directory)
[nftnl] NLERR seq=650 err=16 (Device or resource busy)
poc: DELCHAIN tg errs=1 (0=success means UAF live)
poc: done — expect KASAN UAF in nft_do_chain via catchall goto
[    1.797308] poc (68) used greatest stack depth: 27120 bytes left
---- poc end rc=0 ----
secb: poc exited without crashing the kernel
[    3.079283] ACPI: PM: Preparing to enter system sleep state S5
[    3.079628] reboot: Power down
NO_CRASH_DETECTED
