bash: warning: setlocale: LC_ALL: cannot change locale (en_US.UTF-8)
c[?7l[2J[0mSeaBIOS (version 1.16.2-debian-1.16.2-1)


iPXE (http://ipxe.org) 00:03.0 CA00 PCI2.10 PnP PMM+BEFCEF00+BEF0EF00 CA00
Press Ctrl-B to configure iPXE (PCI 00:03.0)...                                                                               


Booting from ROM..c[?7l[2J[    0.000000] Linux version 6.1.35-06936-ge84a4e368abe-dirty (root@buildkitsandbox) (gcc (Debian 12.2.0-14+deb12u1) 12.2.0, GNU ld (GNU Binutils for Debian) 2.40) #1 SMP PREEMPT_DYNAMIC Tue May  5 10:26:46 UTC 2026
[    0.000000] Command line: console=ttyS0 oops=panic nokaslr rdinit=/init
[    0.000000] x86/fpu: Supporting XSAVE feature 0x001: 'x87 floating point registers'
[    0.000000] x86/fpu: Supporting XSAVE feature 0x002: 'SSE registers'
[    0.000000] x86/fpu: Supporting XSAVE feature 0x004: 'AVX registers'
[    0.000000] x86/fpu: Supporting XSAVE feature 0x200: 'Protection Keys User registers'
[    0.000000] x86/fpu: xstate_offset[2]:  576, xstate_sizes[2]:  256
[    0.000000] x86/fpu: xstate_offset[9]:  832, xstate_sizes[9]:    8
[    0.000000] x86/fpu: Enabled xstate features 0x207, context size is 840 bytes, using 'compacted' format.
[    0.000000] signal: max sigframe size: 3632
[    0.000000] BIOS-provided physical RAM map:
[    0.000000] BIOS-e820: [mem 0x0000000000000000-0x000000000009fbff] usable
[    0.000000] BIOS-e820: [mem 0x000000000009fc00-0x000000000009ffff] reserved
[    0.000000] BIOS-e820: [mem 0x00000000000f0000-0x00000000000fffff] reserved
[    0.000000] BIOS-e820: [mem 0x0000000000100000-0x00000000bffdffff] usable
[    0.000000] BIOS-e820: [mem 0x00000000bffe0000-0x00000000bfffffff] reserved
[    0.000000] BIOS-e820: [mem 0x00000000feffc000-0x00000000feffffff] reserved
[    0.000000] BIOS-e820: [mem 0x00000000fffc0000-0x00000000ffffffff] reserved
[    0.000000] BIOS-e820: [mem 0x0000000100000000-0x000000023fffffff] usable
[    0.000000] NX (Execute Disable) protection: active
[    0.000000] SMBIOS 2.8 present.
[    0.000000] DMI: QEMU Standard PC (i440FX + PIIX, 1996), BIOS 1.16.2-debian-1.16.2-1 04/01/2014
[    0.000000] Hypervisor detected: KVM
[    0.000000] kvm-clock: Using msrs 4b564d01 and 4b564d00
[    0.000001] kvm-clock: using sched offset of 263125952 cycles
[    0.000003] clocksource: kvm-clock: mask: 0xffffffffffffffff max_cycles: 0x1cd42e4dffb, max_idle_ns: 881590591483 ns
[    0.000005] tsc: Detected 3187.200 MHz processor
[    0.000276] last_pfn = 0x240000 max_arch_pfn = 0x400000000
[    0.000304] x86/PAT: Configuration [0-7]: WB  WC  UC- UC  WB  WP  UC- WT  
[    0.000309] last_pfn = 0xbffe0 max_arch_pfn = 0x400000000
[    0.002257] found SMP MP-table at [mem 0x000f5ba0-0x000f5baf]
[    0.002267] Using GB pages for direct mapping
[    0.002267] Incomplete global flushes, disabling PCID
[    0.003653] RAMDISK: [mem 0xbfe92000-0xbffdffff]
[    0.003659] ACPI: Early table checksum verification disabled
[    0.003662] ACPI: RSDP 0x00000000000F59B0 000014 (v00 BOCHS )
[    0.003665] ACPI: RSDT 0x00000000BFFE1B33 000034 (v01 BOCHS  BXPC     00000001 BXPC 00000001)
[    0.003669] ACPI: FACP 0x00000000BFFE19DF 000074 (v01 BOCHS  BXPC     00000001 BXPC 00000001)
[    0.003673] ACPI: DSDT 0x00000000BFFE0040 00199F (v01 BOCHS  BXPC     00000001 BXPC 00000001)
[    0.003676] ACPI: FACS 0x00000000BFFE0000 000040
[    0.003677] ACPI: APIC 0x00000000BFFE1A53 000080 (v01 BOCHS  BXPC     00000001 BXPC 00000001)
[    0.003679] ACPI: HPET 0x00000000BFFE1AD3 000038 (v01 BOCHS  BXPC     00000001 BXPC 00000001)
[    0.003680] ACPI: WAET 0x00000000BFFE1B0B 000028 (v01 BOCHS  BXPC     00000001 BXPC 00000001)
[    0.003682] ACPI: Reserving FACP table memory at [mem 0xbffe19df-0xbffe1a52]
[    0.003683] ACPI: Reserving DSDT table memory at [mem 0xbffe0040-0xbffe19de]
[    0.003684] ACPI: Reserving FACS table memory at [mem 0xbffe0000-0xbffe003f]
[    0.003684] ACPI: Reserving APIC table memory at [mem 0xbffe1a53-0xbffe1ad2]
[    0.003685] ACPI: Reserving HPET table memory at [mem 0xbffe1ad3-0xbffe1b0a]
[    0.003685] ACPI: Reserving WAET table memory at [mem 0xbffe1b0b-0xbffe1b32]
[    0.003875] No NUMA configuration found
[    0.003875] Faking a node at [mem 0x0000000000000000-0x000000023fffffff]
[    0.003878] NODE_DATA(0) allocated [mem 0x23fffa000-0x23fffdfff]
[    0.003889] Zone ranges:
[    0.003890]   DMA      [mem 0x0000000000001000-0x0000000000ffffff]
[    0.003891]   DMA32    [mem 0x0000000001000000-0x00000000ffffffff]
[    0.003892]   Normal   [mem 0x0000000100000000-0x000000023fffffff]
[    0.003893] Movable zone start for each node
[    0.003893] Early memory node ranges
[    0.003893]   node   0: [mem 0x0000000000001000-0x000000000009efff]
[    0.003894]   node   0: [mem 0x0000000000100000-0x00000000bffdffff]
[    0.003895]   node   0: [mem 0x0000000100000000-0x000000023fffffff]
[    0.003896] Initmem setup node 0 [mem 0x0000000000001000-0x000000023fffffff]
[    0.004554] On node 0, zone DMA: 1 pages in unavailable ranges
[    0.004600] On node 0, zone DMA: 97 pages in unavailable ranges
[    0.085180] On node 0, zone Normal: 32 pages in unavailable ranges
[    0.739511] kasan: KernelAddressSanitizer initialized
[    0.739721] ACPI: PM-Timer IO Port: 0x608
[    0.739727] ACPI: LAPIC_NMI (acpi_id[0xff] dfl dfl lint[0x1])
[    0.739754] IOAPIC[0]: apic_id 0, version 17, address 0xfec00000, GSI 0-23
[    0.739756] ACPI: INT_SRC_OVR (bus 0 bus_irq 0 global_irq 2 dfl dfl)
[    0.739758] ACPI: INT_SRC_OVR (bus 0 bus_irq 5 global_irq 5 high level)
[    0.739759] ACPI: INT_SRC_OVR (bus 0 bus_irq 9 global_irq 9 high level)
[    0.739760] ACPI: INT_SRC_OVR (bus 0 bus_irq 10 global_irq 10 high level)
[    0.739761] ACPI: INT_SRC_OVR (bus 0 bus_irq 11 global_irq 11 high level)
[    0.739763] ACPI: Using ACPI (MADT) for SMP configuration information
[    0.739764] ACPI: HPET id: 0x8086a201 base: 0xfed00000
[    0.739766] TSC deadline timer available
[    0.739768] smpboot: Allowing 2 CPUs, 0 hotplug CPUs
[    0.739785] kvm-guest: KVM setup pv remote TLB flush
[    0.739788] kvm-guest: setup PV sched yield
[    0.739796] PM: hibernation: Registered nosave memory: [mem 0x00000000-0x00000fff]
[    0.739798] PM: hibernation: Registered nosave memory: [mem 0x0009f000-0x0009ffff]
[    0.739798] PM: hibernation: Registered nosave memory: [mem 0x000a0000-0x000effff]
[    0.739799] PM: hibernation: Registered nosave memory: [mem 0x000f0000-0x000fffff]
[    0.739800] PM: hibernation: Registered nosave memory: [mem 0xbffe0000-0xbfffffff]
[    0.739800] PM: hibernation: Registered nosave memory: [mem 0xc0000000-0xfeffbfff]
[    0.739801] PM: hibernation: Registered nosave memory: [mem 0xfeffc000-0xfeffffff]
[    0.739801] PM: hibernation: Registered nosave memory: [mem 0xff000000-0xfffbffff]
[    0.739802] PM: hibernation: Registered nosave memory: [mem 0xfffc0000-0xffffffff]
[    0.739803] [mem 0xc0000000-0xfeffbfff] available for PCI devices
[    0.739804] Booting paravirtualized kernel on KVM
[    0.739806] clocksource: refined-jiffies: mask: 0xffffffff max_cycles: 0xffffffff, max_idle_ns: 1910969940391419 ns
[    0.747420] setup_percpu: NR_CPUS:64 nr_cpumask_bits:2 nr_cpu_ids:2 nr_node_ids:1
[    0.748143] percpu: Embedded 65 pages/cpu s225896 r8192 d32152 u1048576
[    0.748176] Fallback order for Node 0: 0 
[    0.748178] Built 1 zonelists, mobility grouping on.  Total pages: 2064096
[    0.748179] Policy zone: Normal
[    0.748180] Kernel command line: console=ttyS0 oops=panic nokaslr rdinit=/init
[    0.748226] random: crng init done
[    0.752668] Dentry cache hash table entries: 1048576 (order: 11, 8388608 bytes, linear)
[    0.754852] Inode-cache hash table entries: 524288 (order: 10, 4194304 bytes, linear)
[    0.754887] mem auto-init: stack:all(zero), heap alloc:off, heap free:off
[    0.759909] stackdepot hash table entries: 1048576 (order: 11, 8388608 bytes, linear)
[    0.759916] software IO TLB: area num 2.
[    0.902404] Memory: 7026556K/8388088K available (47117K kernel code, 7851K rwdata, 8340K rodata, 2096K init, 2724K bss, 1361276K reserved, 0K cma-reserved)
[    0.902513] SLUB: HWalign=64, Order=0-3, MinObjects=0, CPUs=2, Nodes=1
[    0.903424] Dynamic Preempt: voluntary
[    0.905389] rcu: Preemptible hierarchical RCU implementation.
[    0.905390] rcu: 	RCU event tracing is enabled.
[    0.905391] rcu: 	RCU restricting CPUs from NR_CPUS=64 to nr_cpu_ids=2.
[    0.905393] 	Trampoline variant of Tasks RCU enabled.
[    0.905394] rcu: RCU calculated value of scheduler-enlistment delay is 100 jiffies.
[    0.905395] rcu: Adjusting geometry for rcu_fanout_leaf=16, nr_cpu_ids=2
[    0.910146] NR_IRQS: 4352, nr_irqs: 440, preallocated irqs: 16
[    0.910338] rcu: srcu_init: Setting srcu_struct sizes based on contention.
[    0.912730] Console: colour VGA+ 80x25
[    0.957050] printk: console [ttyS0] enabled
[    0.957318] ACPI: Core revision 20220331
[    0.957672] clocksource: hpet: mask: 0xffffffff max_cycles: 0xffffffff, max_idle_ns: 19112604467 ns
[    0.958260] APIC: Switch to symmetric I/O mode setup
[    0.958553] kvm-guest: setup PV IPIs
[    0.959452] ..TIMER: vector=0x30 apic1=0 pin1=2 apic2=-1 pin2=-1
[    0.959828] clocksource: tsc-early: mask: 0xffffffffffffffff max_cycles: 0x2df10e7656b, max_idle_ns: 440795364873 ns
[    0.960484] Calibrating delay loop (skipped) preset value.. 6374.40 BogoMIPS (lpj=3187200)
[    0.960983] pid_max: default: 32768 minimum: 301
[    0.961512] LSM: Security Framework initializing
[    0.961798] SELinux:  Initializing.
[    0.962076] Mount-cache hash table entries: 16384 (order: 5, 131072 bytes, linear)
[    0.963484] Mountpoint-cache hash table entries: 16384 (order: 5, 131072 bytes, linear)
[    0.964909] x86/cpu: User Mode Instruction Prevention (UMIP) activated
[    0.965368] Last level iTLB entries: 4KB 0, 2MB 0, 4MB 0
[    0.965480] Last level dTLB entries: 4KB 0, 2MB 0, 4MB 0, 1GB 0
[    0.965846] Spectre V1 : Mitigation: usercopy/swapgs barriers and __user pointer sanitization
[    0.966481] Spectre V2 : Mitigation: Enhanced IBRS
[    0.966768] Spectre V2 : Spectre v2 / SpectreRSB mitigation: Filling RSB on context switch
[    0.967248] Spectre V2 : Spectre v2 / PBRSB-eIBRS: Retire a single CALL on VMEXIT
[    0.967479] Spectre V2 : mitigation: Enabling conditional Indirect Branch Prediction Barrier
[    0.967969] Speculative Store Bypass: Mitigation: Speculative Store Bypass disabled via prctl
[    0.968479] MMIO Stale Data: Unknown: No mitigations
[    0.982621] Freeing SMP alternatives memory: 44K
[    0.983092] smpboot: CPU0: Intel(R) Core(TM) i9-14900K (family: 0x6, model: 0xb7, stepping: 0x1)
[    0.983505] cblist_init_generic: Setting adjustable number of callback queues.
[    0.983925] cblist_init_generic: Setting shift to 1 and lim to 1.
[    0.984501] Performance Events: unsupported p6 CPU model 183 no PMU driver, software events only.
[    0.985087] rcu: Hierarchical SRCU implementation.
[    0.985480] rcu: 	Max phase no-delay instances is 400.
[    0.986129] smp: Bringing up secondary CPUs ...
[    0.986609] x86: Booting SMP configuration:
[    0.986865] .... node  #0, CPUs:      #1
[    0.987485] smp: Brought up 1 node, 2 CPUs
[    0.987982] smpboot: Max logical packages: 1
[    0.988480] smpboot: Total of 2 processors activated (12748.80 BogoMIPS)
[    0.991560] devtmpfs: initialized
[    0.993704] clocksource: jiffies: mask: 0xffffffff max_cycles: 0xffffffff, max_idle_ns: 1911260446275000 ns
[    0.994483] futex hash table entries: 512 (order: 3, 32768 bytes, linear)
[    0.994992] PM: RTC time: 10:29:41, date: 2026-05-05
[    0.995604] NET: Registered PF_NETLINK/PF_ROUTE protocol family
[    0.996498] audit: initializing netlink subsys (disabled)
[    0.996854] audit: type=2000 audit(1777976981.932:1): state=initialized audit_enabled=0 res=1
[    0.996854] thermal_sys: Registered thermal governor 'step_wise'
[    0.997480] thermal_sys: Registered thermal governor 'user_space'
[    0.997868] cpuidle: using governor menu
[    0.998904] PCI: Using configuration type 1 for base access
[    1.010867] kprobes: kprobe jump-optimization is enabled. All kprobes are optimized if possible.
[    1.013702] HugeTLB: registered 2.00 MiB page size, pre-allocated 0 pages
[    1.015485] HugeTLB: 28 KiB vmemmap can be freed for a 2.00 MiB page
[    1.017478] ACPI: Added _OSI(Module Device)
[    1.017478] ACPI: Added _OSI(Processor Device)
[    1.017481] ACPI: Added _OSI(3.0 _SCP Extensions)
[    1.017764] ACPI: Added _OSI(Processor Aggregator Device)
[    1.030687] ACPI: 1 ACPI AML tables successfully acquired and loaded
[    1.098601] ACPI: Interpreter enabled
[    1.098888] ACPI: PM: (supports S0 S3 S4 S5)
[    1.099480] ACPI: Using IOAPIC for interrupt routing
[    1.099807] PCI: Using host bridge windows from ACPI; if necessary, use "pci=nocrs" and report a bug
[    1.100480] PCI: Using E820 reservations for host bridge windows
[    1.101511] ACPI: Enabled 2 GPEs in block 00 to 0F
[    1.117037] ACPI: PCI Root Bridge [PCI0] (domain 0000 [bus 00-ff])
[    1.117489] acpi PNP0A03:00: _OSC: OS supports [ASPM ClockPM Segments MSI HPX-Type3]
[    1.117938] acpi PNP0A03:00: _OSC: not requesting OS control; OS requires [ExtendedConfig ASPM ClockPM MSI]
[    1.118527] acpi PNP0A03:00: fail to add MMCONFIG information, can't access extended PCI configuration space under this bridge.
[    1.119643] PCI host bridge to bus 0000:00
[    1.119884] pci_bus 0000:00: root bus resource [io  0x0000-0x0cf7 window]
[    1.120481] pci_bus 0000:00: root bus resource [io  0x0d00-0xffff window]
[    1.120875] pci_bus 0000:00: root bus resource [mem 0x000a0000-0x000bffff window]
[    1.121480] pci_bus 0000:00: root bus resource [mem 0xc0000000-0xfebfffff window]
[    1.121915] pci_bus 0000:00: root bus resource [mem 0x240000000-0x2bfffffff window]
[    1.122481] pci_bus 0000:00: root bus resource [bus 00-ff]
[    1.122855] pci 0000:00:00.0: [8086:1237] type 00 class 0x060000
[    1.129639] pci 0000:00:01.0: [8086:7000] type 00 class 0x060100
[    1.135961] pci 0000:00:01.1: [8086:7010] type 00 class 0x010180
[    1.137611] pci 0000:00:01.1: reg 0x20: [io  0xc040-0xc04f]
[    1.138665] pci 0000:00:01.1: legacy IDE quirk: reg 0x10: [io  0x01f0-0x01f7]
[    1.139104] pci 0000:00:01.1: legacy IDE quirk: reg 0x14: [io  0x03f6]
[    1.139479] pci 0000:00:01.1: legacy IDE quirk: reg 0x18: [io  0x0170-0x0177]
[    1.139890] pci 0000:00:01.1: legacy IDE quirk: reg 0x1c: [io  0x0376]
[    1.140640] pci 0000:00:01.3: [8086:7113] type 00 class 0x068000
[    1.141561] pci 0000:00:01.3: quirk: [io  0x0600-0x063f] claimed by PIIX4 ACPI
[    1.141989] pci 0000:00:01.3: quirk: [io  0x0700-0x070f] claimed by PIIX4 SMB
[    1.142633] pci 0000:00:02.0: [1234:1111] type 00 class 0x030000
[    1.143706] pci 0000:00:02.0: reg 0x10: [mem 0xfd000000-0xfdffffff pref]
[    1.145107] pci 0000:00:02.0: reg 0x18: [mem 0xfebf0000-0xfebf0fff]
[    1.147909] pci 0000:00:02.0: reg 0x30: [mem 0xfebe0000-0xfebeffff pref]
[    1.148528] pci 0000:00:02.0: Video device with shadowed ROM at [mem 0x000c0000-0x000dffff]
[    1.154836] pci 0000:00:03.0: [8086:100e] type 00 class 0x020000
[    1.156682] pci 0000:00:03.0: reg 0x10: [mem 0xfebc0000-0xfebdffff]
[    1.157661] pci 0000:00:03.0: reg 0x14: [io  0xc000-0xc03f]
[    1.160033] pci 0000:00:03.0: reg 0x30: [mem 0xfeb80000-0xfebbffff pref]
[    1.167602] ACPI: PCI: Interrupt link LNKA configured for IRQ 10
[    1.168664] ACPI: PCI: Interrupt link LNKB configured for IRQ 10
[    1.169706] ACPI: PCI: Interrupt link LNKC configured for IRQ 11
[    1.170747] ACPI: PCI: Interrupt link LNKD configured for IRQ 11
[    1.171589] ACPI: PCI: Interrupt link LNKS configured for IRQ 9
[    1.173593] iommu: Default domain type: Translated 
[    1.173883] iommu: DMA domain TLB invalidation policy: lazy mode 
[    1.174662] SCSI subsystem initialized
[    1.174898] ACPI: bus type USB registered
[    1.174898] usbcore: registered new interface driver usbfs
[    1.175205] usbcore: registered new interface driver hub
[    1.175478] usbcore: registered new device driver usb
[    1.176538] pps_core: LinuxPPS API ver. 1 registered
[    1.176836] pps_core: Software ver. 5.3.6 - Copyright 2005-2007 Rodolfo Giometti <giometti@linux.it>
[    1.178488] PTP clock support registered
[    1.178753] Advanced Linux Sound Architecture Driver Initialized.
[    1.179759] NetLabel: Initializing
[    1.179965] NetLabel:  domain hash size = 128
[    1.180479] NetLabel:  protocols = UNLABELED CIPSOv4 CALIPSO
[    1.181512] NetLabel:  unlabeled traffic allowed by default
[    1.181883] PCI: Using ACPI for IRQ routing
[    1.182563] pci 0000:00:02.0: vgaarb: setting as boot VGA device
[    1.182839] pci 0000:00:02.0: vgaarb: bridge control possible
[    1.183176] pci 0000:00:02.0: vgaarb: VGA device added: decodes=io+mem,owns=io+mem,locks=none
[    1.183480] vgaarb: loaded
[    1.183709] hpet0: at MMIO 0xfed00000, IRQs 2, 8, 0
[    1.184007] hpet0: 3 comparators, 64-bit 100.000000 MHz counter
[    1.187520] clocksource: Switched to clocksource kvm-clock
[    1.188038] VFS: Disk quotas dquot_6.6.0
[    1.188259] VFS: Dquot-cache hash table entries: 512 (order 0, 4096 bytes)
[    1.188757] pnp: PnP ACPI init
[    1.190028] pnp: PnP ACPI: found 6 devices
[    1.199262] clocksource: acpi_pm: mask: 0xffffff max_cycles: 0xffffff, max_idle_ns: 2085701024 ns
[    1.199840] NET: Registered PF_INET protocol family
[    1.200238] IP idents hash table entries: 131072 (order: 8, 1048576 bytes, linear)
[    1.201834] tcp_listen_portaddr_hash hash table entries: 4096 (order: 4, 65536 bytes, linear)
[    1.202487] Table-perturb hash table entries: 65536 (order: 6, 262144 bytes, linear)
[    1.203861] TCP established hash table entries: 65536 (order: 7, 524288 bytes, linear)
[    1.206937] TCP bind hash table entries: 65536 (order: 9, 2097152 bytes, linear)
[    1.208925] TCP: Hash tables configured (established 65536 bind 65536)
[    1.209393] UDP hash table entries: 4096 (order: 5, 131072 bytes, linear)
[    1.209816] UDP-Lite hash table entries: 4096 (order: 5, 131072 bytes, linear)
[    1.210320] NET: Registered PF_UNIX/PF_LOCAL protocol family
[    1.210815] RPC: Registered named UNIX socket transport module.
[    1.211179] RPC: Registered udp transport module.
[    1.211467] RPC: Registered tcp transport module.
[    1.211751] RPC: Registered tcp NFSv4.1 backchannel transport module.
[    1.212400] pci_bus 0000:00: resource 4 [io  0x0000-0x0cf7 window]
[    1.212777] pci_bus 0000:00: resource 5 [io  0x0d00-0xffff window]
[    1.213153] pci_bus 0000:00: resource 6 [mem 0x000a0000-0x000bffff window]
[    1.213571] pci_bus 0000:00: resource 7 [mem 0xc0000000-0xfebfffff window]
[    1.213982] pci_bus 0000:00: resource 8 [mem 0x240000000-0x2bfffffff window]
[    1.214497] pci 0000:00:01.0: PIIX3: Enabling Passive Release
[    1.214845] pci 0000:00:00.0: Limiting direct PCI/PCI transfers
[    1.215229] PCI: CLS 0 bytes, default 64
[    1.215484] PCI-DMA: Using software bounce buffering for IO (SWIOTLB)
[    1.215883] software IO TLB: mapped [mem 0x00000000bbe92000-0x00000000bfe92000] (64MB)
[    1.216417] RAPL PMU: API unit is 2^-32 Joules, 0 fixed counters, 10737418240 ms ovfl timer
[    1.216510] Unpacking initramfs...
[    1.216952] clocksource: tsc: mask: 0xffffffffffffffff max_cycles: 0x2df10e7656b, max_idle_ns: 440795364873 ns
[    1.223049] Initialise system trusted keyrings
[    1.223399] workingset: timestamp_bits=56 max_order=21 bucket_order=0
[    1.231107] NFS: Registering the id_resolver key type
[    1.231422] Key type id_resolver registered
[    1.231670] Key type id_legacy registered
[    1.231992] 9p: Installing v9fs 9p2000 file system support
[    1.232550] Freeing initrd memory: 1336K
[    1.236429] Key type asymmetric registered
[    1.236715] Asymmetric key parser 'x509' registered
[    1.237037] Block layer SCSI generic (bsg) driver version 0.4 loaded (major 251)
[    1.237504] io scheduler mq-deadline registered
[    1.237780] io scheduler kyber registered
[    1.238280] input: Power Button as /devices/LNXSYSTM:00/LNXPWRBN:00/input/input0
[    1.238850] ACPI: button: Power Button [PWRF]
[    1.239498] Serial: 8250/16550 driver, 4 ports, IRQ sharing enabled
[    1.239957] 00:04: ttyS0 at I/O 0x3f8 (irq = 4, base_baud = 115200) is a 16550A
[    1.241163] Non-volatile memory driver v1.3
[    1.241419] Linux agpgart interface v0.103
[    1.241741] ACPI: bus type drm_connector registered
[    1.249232] loop: module loaded
[    1.250576] scsi host0: ata_piix
[    1.251039] scsi host1: ata_piix
[    1.251328] ata1: PATA max MWDMA2 cmd 0x1f0 ctl 0x3f6 bmdma 0xc040 irq 14
[    1.251746] ata2: PATA max MWDMA2 cmd 0x170 ctl 0x376 bmdma 0xc048 irq 15
[    1.252756] e100: Intel(R) PRO/100 Network Driver
[    1.253036] e100: Copyright(c) 1999-2006 Intel Corporation
[    1.253374] e1000: Intel(R) PRO/1000 Network Driver
[    1.253664] e1000: Copyright (c) 1999-2006 Intel Corporation.
[    1.406392] ata2: found unknown device (class 0)
[    1.408036] ata2.00: ATAPI: QEMU DVD-ROM, 2.5+, max UDMA/100
[    1.410953] scsi 1:0:0:0: CD-ROM            QEMU     QEMU DVD-ROM     2.5+ PQ: 0 ANSI: 5
[    1.444732] sr 1:0:0:0: [sr0] scsi3-mmc drive: 4x/4x cd/rw xa/form2 tray
[    1.445855] cdrom: Uniform CD-ROM driver Revision: 3.20
[    1.471080] sr 1:0:0:0: Attached scsi generic sg0 type 5
[    1.590612] ACPI: \_SB_.LNKC: Enabled at IRQ 11
[    1.880562] e1000 0000:00:03.0 eth0: (PCI:33MHz:32-bit) 52:54:00:12:34:56
[    1.880969] e1000 0000:00:03.0 eth0: Intel(R) PRO/1000 Network Connection
[    1.881413] e1000e: Intel(R) PRO/1000 Network Driver
[    1.881702] e1000e: Copyright(c) 1999 - 2015 Intel Corporation.
[    1.882153] sky2: driver version 1.30
[    1.882838] usbcore: registered new interface driver usblp
[    1.883191] usbcore: registered new interface driver usb-storage
[    1.883599] i8042: PNP: PS/2 Controller [PNP0303:KBD,PNP0f13:MOU] at 0x60,0x64 irq 1,12
[    1.884542] serio: i8042 KBD port at 0x60,0x64 irq 1
[    1.884838] serio: i8042 AUX port at 0x60,0x64 irq 12
[    1.885608] input: AT Translated Set 2 keyboard as /devices/platform/i8042/serio0/input/input1
[    1.886260] rtc_cmos 00:05: RTC can wake from S4
[    1.887144] rtc_cmos 00:05: registered as rtc0
[    1.887512] rtc_cmos 00:05: alarms up to one day, y3k, 242 bytes nvram, hpet irqs
[    1.888426] device-mapper: ioctl: 4.47.0-ioctl (2022-07-28) initialised: dm-devel@redhat.com
[    1.888928] intel_pstate: CPU model not supported
[    1.889238] hid: raw HID events driver (C) Jiri Kosina
[    1.889791] usbcore: registered new interface driver usbhid
[    1.890115] usbhid: USB HID core driver
[    1.893742] Initializing XFRM netlink socket
[    1.896306] NET: Registered PF_INET6 protocol family
[    1.897112] Segment Routing with IPv6
[    1.897346] In-situ OAM (IOAM) with IPv6
[    1.897654] sit: IPv6, IPv4 and MPLS over IPv4 tunneling driver
[    1.898241] NET: Registered PF_PACKET protocol family
[    1.898612] 9pnet: Installing 9P2000 support
[    1.898900] Key type dns_resolver registered
[    1.899384] IPI shorthand broadcast: enabled
[    1.899691] sched_clock: Marking stable (1851210325, 48132927)->(1845630692, 53712560)
[    1.900300] registered taskstats version 1
[    1.900550] Loading compiled-in X.509 certificates
[    1.900956] cryptomgr_test (51) used greatest stack depth: 30912 bytes left
[    1.901679] cryptomgr_test (64) used greatest stack depth: 30536 bytes left
[    1.902177] PM:   Magic number: 10:354:476
[    1.902501] printk: console [netcon0] enabled
[    1.902768] netconsole: network logging started
[    1.903213] cfg80211: Loading compiled-in X.509 certificates for regulatory database
[    1.903815] kworker/u4:2 (73) used greatest stack depth: 29512 bytes left
[    1.904421] cfg80211: Loaded X.509 cert 'sforshee: 00b28ddf47aef9cea7'
[    1.904813] ALSA device list:
[    1.904994]   No soundcards found.
[    1.905626] Freeing unused kernel image (initmem) memory: 2096K
[    1.905914] platform regulatory.0: Direct firmware load for regulatory.db failed with error -2
[    1.906304] cfg80211: failed to load regulatory.db
[    1.908157] Write protecting the kernel read-only data: 59392k
[    1.908782] Freeing unused kernel image (text/rodata gap) memory: 2032K
[    1.909264] Freeing unused kernel image (rodata/data gap) memory: 1900K
[    1.916763] x86/mm: Checked W+X mappings: passed, no W+X pages found.
[    1.917064] Run /init as init process
[    1.920183] mount (78) used greatest stack depth: 28360 bytes left

secb: rootfs ready
---- poc begin ----
poc: qdisc add r=0
poc: class add r=0
[    1.928517] ==================================================================
[    1.928804] BUG: KASAN: slab-out-of-bounds in qfq_activate_agg.constprop.0+0x31b/0x460
[    1.929115] Read of size 4 at addr ffff88810463eb98 by task poc/84
[    1.929361] 
[    1.929429] CPU: 1 PID: 84 Comm: poc Not tainted 6.1.35-06936-ge84a4e368abe-dirty #1
[    1.929732] Hardware name: QEMU Standard PC (i440FX + PIIX, 1996), BIOS 1.16.2-debian-1.16.2-1 04/01/2014
[    1.930110] Call Trace:
[    1.930226]  <TASK>
[    1.930315]  dump_stack_lvl+0x33/0x46
[    1.930469]  print_report+0x181/0x4a5
[    1.930634]  ? qfq_activate_agg.constprop.0+0x31b/0x460
[    1.930839]  kasan_report+0xc5/0x150
[    1.930985]  ? qfq_activate_agg.constprop.0+0x31b/0x460
[    1.931190]  qfq_activate_agg.constprop.0+0x31b/0x460
[    1.931391]  ? qfq_add_to_agg+0x6c/0x230
[    1.931549]  qfq_enqueue+0x94f/0x1950
[    1.931698]  ? qfq_change_class+0x1490/0x1490
[    1.931877]  ? _raw_spin_lock+0x82/0xe0
[    1.932032]  dev_qdisc_enqueue+0x3b/0x140
[    1.932193]  __dev_queue_xmit+0x1744/0x2c60
[    1.932362]  ? _copy_from_iter+0x392/0xe30
[    1.932526]  ? netdev_core_pick_tx+0x2a0/0x2a0
[    1.932702]  ? packet_parse_headers+0x3f2/0x900
[    1.932886]  ? sock_wmalloc+0xf0/0xf0
[    1.933036]  ? packet_release+0xbc0/0xbc0
[    1.933198]  ? skb_copy_datagram_from_iter+0xdd/0x690
[    1.933401]  ? alloc_file_pseudo+0x152/0x220
[    1.933573]  packet_sendmsg+0x1d35/0x56d0
[    1.933734]  ? check_nnp_nosuid.isra.0+0x1f0/0x1f0
[    1.933933]  ? selinux_inode_setattr+0x3a0/0x3a0
[    1.934117]  ? packet_lookup_frame.isra.0+0x1c0/0x1c0
[    1.934318]  ? packet_lookup_frame.isra.0+0x1c0/0x1c0
[    1.934517]  sock_sendmsg+0xdf/0x110
[    1.934660]  __sys_sendto+0x1dd/0x2a0
[    1.934811]  ? __ia32_sys_getpeername+0xb0/0xb0
[    1.934993]  ? __sys_socket_file+0x160/0x160
[    1.935164]  ? __ia32_sys_read+0xa0/0xa0
[    1.935320]  __x64_sys_sendto+0xd7/0x1b0
[    1.935476]  ? exit_to_user_mode_prepare+0x32/0x120
[    1.935671]  ? syscall_exit_to_user_mode+0x1d/0x40
[    1.935864]  do_syscall_64+0x37/0x90
[    1.936009]  entry_SYSCALL_64_after_hwframe+0x63/0xcd
[    1.936229] RIP: 0033:0x43b683
[    1.936516] Code: c7 c2 b8 ff ff ff f7 d8 64 89 02 48 c7 c0 ff ff ff ff eb b8 0f 1f 00 80 3d e1 b9 06 00 00 41 89 ca 74 14 b8 2c 00 00 00 0f 05 <48> 3d 00 f0 ff ff 77 75 c3 0f 1f 40 00 55 48 83 ec 30 44 89 4c 24
[    1.938594] RSP: 002b:00007ffe126e9c28 EFLAGS: 00000202 ORIG_RAX: 000000000000002c
[    1.939484] RAX: ffffffffffffffda RBX: 0000000000000004 RCX: 000000000043b683
[    1.940329] RDX: 0000000000000064 RSI: 00007ffe126e9c70 RDI: 0000000000000004
[    1.941155] RBP: 00007ffe126e9c70 R08: 00007ffe126e9c50 R09: 0000000000000014
[    1.941982] R10: 0000000000000000 R11: 0000000000000202 R12: 0000000000000040
[    1.942819] R13: 0000000000000008 R14: 0000000000000001 R15: 00007ffe126e9c50
[    1.943652]  </TASK>
[    1.943925] 
[    1.944128] Allocated by task 84:
[    1.944517]  kasan_save_stack+0x2f/0x60
[    1.944971]  kasan_set_track+0x21/0x30
[    1.945432]  __kasan_kmalloc+0x8e/0x90
[    1.945894]  __kmalloc_node+0x58/0x160
[    1.946345]  qdisc_alloc+0xa1/0x770
[    1.946765]  qdisc_create+0xd3/0xf10
[    1.946961]  tc_modify_qdisc+0x3c9/0x1910
[    1.947123]  rtnetlink_rcv_msg+0x359/0x9d0
[    1.947287]  netlink_rcv_skb+0x11d/0x350
[    1.947446]  netlink_unicast+0x597/0x810
[    1.947603]  netlink_sendmsg+0x7b3/0xc60
[    1.947763]  sock_sendmsg+0xdf/0x110
[    1.947906]  ____sys_sendmsg+0x5c6/0x7d0
[    1.948062]  ___sys_sendmsg+0x100/0x180
[    1.948215]  __sys_sendmsg+0xe2/0x190
[    1.948361]  do_syscall_64+0x37/0x90
[    1.948505]  entry_SYSCALL_64_after_hwframe+0x63/0xcd
[    1.948703] 
[    1.948772] The buggy address belongs to the object at ffff88810463c000
[    1.948772]  which belongs to the cache kmalloc-8k of size 8192
[    1.949251] The buggy address is located 2968 bytes to the right of
[    1.949251]  8192-byte region [ffff88810463c000, ffff88810463e000)
[    1.949726] 
[    1.949794] The buggy address belongs to the physical page:
[    1.950011] page:0000000042db77e5 refcount:1 mapcount:0 mapping:0000000000000000 index:0x0 pfn:0x104638
[    1.950371] head:0000000042db77e5 order:3 compound_mapcount:0 compound_pincount:0
[    1.950666] flags: 0x200000000010200(slab|head|node=0|zone=2)
[    1.950897] raw: 0200000000010200 0000000000000000 dead000000000122 ffff888100042280
[    1.951201] raw: 0000000000000000 0000000080020002 00000001ffffffff 0000000000000000
[    1.951506] page dumped because: kasan: bad access detected
[    1.951730] 
[    1.951799] Memory state around the buggy address:
[    1.951994]  ffff88810463ea80: fc fc fc fc fc fc fc fc fc fc fc fc fc fc fc fc
[    1.952283]  ffff88810463eb00: fc fc fc fc fc fc fc fc fc fc fc fc fc fc fc fc
[    1.952574] >ffff88810463eb80: fc fc fc fc fc fc fc fc fc fc fc fc fc fc fc fc
[    1.952865]                             ^
[    1.953029]  ffff88810463ec00: fc fc fc fc fc fc fc fc fc fc fc fc fc fc fc fc
[    1.953321]  ffff88810463ec80: fc fc fc fc fc fc fc fc fc fc fc fc fc fc fc fc
[    1.953611] ==================================================================
[    1.953906] Disabling lock debugging due to kernel taint
[    2.511213] input: ImExPS/2 Generic Explorer Mouse as /devices/platform/i8042/serio1/input/input3
poc: done
[    3.028776] poc (84) used greatest stack depth: 26872 bytes left
---- poc end rc=0 ----
secb: poc exited without crashing the kernel
[    4.289994] ACPI: PM: Preparing to enter system sleep state S5
[    4.290296] reboot: Power down
CONFIRMED: KASAN_OOB
