bash: warning: setlocale: LC_ALL: cannot change locale (en_US.UTF-8)
c[?7l[2J[0mSeaBIOS (version 1.16.2-debian-1.16.2-1)


iPXE (http://ipxe.org) 00:03.0 CA00 PCI2.10 PnP PMM+BEFCEF00+BEF0EF00 CA00
Press Ctrl-B to configure iPXE (PCI 00:03.0)...                                                                               


Booting from ROM..c[?7l[2J[    0.000000] Linux version 6.1.35-06940-g497972c6d8d1-dirty (root@buildkitsandbox) (gcc (Debian 12.2.0-14+deb12u1) 12.2.0, GNU ld (GNU Binutils for Debian) 2.40) #2 SMP PREEMPT_DYNAMIC Tue May  5 10:29:57 UTC 2026
[    0.000000] Command line: console=ttyS0 oops=panic nokaslr rdinit=/init
[    0.000000] x86/fpu: Supporting XSAVE feature 0x001: 'x87 floating point registers'
[    0.000000] x86/fpu: Supporting XSAVE feature 0x002: 'SSE registers'
[    0.000000] x86/fpu: Supporting XSAVE feature 0x004: 'AVX registers'
[    0.000000] x86/fpu: Supporting XSAVE feature 0x200: 'Protection Keys User registers'
[    0.000000] x86/fpu: xstate_offset[2]:  576, xstate_sizes[2]:  256
[    0.000000] x86/fpu: xstate_offset[9]:  832, xstate_sizes[9]:    8
[    0.000000] x86/fpu: Enabled xstate features 0x207, context size is 840 bytes, using 'compacted' format.
[    0.000000] signal: max sigframe size: 3632
[    0.000000] BIOS-provided physical RAM map:
[    0.000000] BIOS-e820: [mem 0x0000000000000000-0x000000000009fbff] usable
[    0.000000] BIOS-e820: [mem 0x000000000009fc00-0x000000000009ffff] reserved
[    0.000000] BIOS-e820: [mem 0x00000000000f0000-0x00000000000fffff] reserved
[    0.000000] BIOS-e820: [mem 0x0000000000100000-0x00000000bffdffff] usable
[    0.000000] BIOS-e820: [mem 0x00000000bffe0000-0x00000000bfffffff] reserved
[    0.000000] BIOS-e820: [mem 0x00000000feffc000-0x00000000feffffff] reserved
[    0.000000] BIOS-e820: [mem 0x00000000fffc0000-0x00000000ffffffff] reserved
[    0.000000] BIOS-e820: [mem 0x0000000100000000-0x000000023fffffff] usable
[    0.000000] NX (Execute Disable) protection: active
[    0.000000] SMBIOS 2.8 present.
[    0.000000] DMI: QEMU Standard PC (i440FX + PIIX, 1996), BIOS 1.16.2-debian-1.16.2-1 04/01/2014
[    0.000000] Hypervisor detected: KVM
[    0.000000] kvm-clock: Using msrs 4b564d01 and 4b564d00
[    0.000000] kvm-clock: using sched offset of 267805947 cycles
[    0.000002] clocksource: kvm-clock: mask: 0xffffffffffffffff max_cycles: 0x1cd42e4dffb, max_idle_ns: 881590591483 ns
[    0.000004] tsc: Detected 3187.200 MHz processor
[    0.000275] last_pfn = 0x240000 max_arch_pfn = 0x400000000
[    0.000303] x86/PAT: Configuration [0-7]: WB  WC  UC- UC  WB  WP  UC- WT  
[    0.000308] last_pfn = 0xbffe0 max_arch_pfn = 0x400000000
[    0.002235] found SMP MP-table at [mem 0x000f5ba0-0x000f5baf]
[    0.002244] Using GB pages for direct mapping
[    0.002245] Incomplete global flushes, disabling PCID
[    0.003015] RAMDISK: [mem 0xbfe92000-0xbffdffff]
[    0.003021] ACPI: Early table checksum verification disabled
[    0.003023] ACPI: RSDP 0x00000000000F59B0 000014 (v00 BOCHS )
[    0.003026] ACPI: RSDT 0x00000000BFFE1B33 000034 (v01 BOCHS  BXPC     00000001 BXPC 00000001)
[    0.003030] ACPI: FACP 0x00000000BFFE19DF 000074 (v01 BOCHS  BXPC     00000001 BXPC 00000001)
[    0.003035] ACPI: DSDT 0x00000000BFFE0040 00199F (v01 BOCHS  BXPC     00000001 BXPC 00000001)
[    0.003037] ACPI: FACS 0x00000000BFFE0000 000040
[    0.003039] ACPI: APIC 0x00000000BFFE1A53 000080 (v01 BOCHS  BXPC     00000001 BXPC 00000001)
[    0.003040] ACPI: HPET 0x00000000BFFE1AD3 000038 (v01 BOCHS  BXPC     00000001 BXPC 00000001)
[    0.003042] ACPI: WAET 0x00000000BFFE1B0B 000028 (v01 BOCHS  BXPC     00000001 BXPC 00000001)
[    0.003043] ACPI: Reserving FACP table memory at [mem 0xbffe19df-0xbffe1a52]
[    0.003044] ACPI: Reserving DSDT table memory at [mem 0xbffe0040-0xbffe19de]
[    0.003045] ACPI: Reserving FACS table memory at [mem 0xbffe0000-0xbffe003f]
[    0.003046] ACPI: Reserving APIC table memory at [mem 0xbffe1a53-0xbffe1ad2]
[    0.003046] ACPI: Reserving HPET table memory at [mem 0xbffe1ad3-0xbffe1b0a]
[    0.003047] ACPI: Reserving WAET table memory at [mem 0xbffe1b0b-0xbffe1b32]
[    0.003239] No NUMA configuration found
[    0.003239] Faking a node at [mem 0x0000000000000000-0x000000023fffffff]
[    0.003241] NODE_DATA(0) allocated [mem 0x23fffa000-0x23fffdfff]
[    0.003252] Zone ranges:
[    0.003253]   DMA      [mem 0x0000000000001000-0x0000000000ffffff]
[    0.003254]   DMA32    [mem 0x0000000001000000-0x00000000ffffffff]
[    0.003255]   Normal   [mem 0x0000000100000000-0x000000023fffffff]
[    0.003256] Movable zone start for each node
[    0.003256] Early memory node ranges
[    0.003257]   node   0: [mem 0x0000000000001000-0x000000000009efff]
[    0.003257]   node   0: [mem 0x0000000000100000-0x00000000bffdffff]
[    0.003258]   node   0: [mem 0x0000000100000000-0x000000023fffffff]
[    0.003259] Initmem setup node 0 [mem 0x0000000000001000-0x000000023fffffff]
[    0.004002] On node 0, zone DMA: 1 pages in unavailable ranges
[    0.004044] On node 0, zone DMA: 97 pages in unavailable ranges
[    0.102576] On node 0, zone Normal: 32 pages in unavailable ranges
[    0.813060] kasan: KernelAddressSanitizer initialized
[    0.813281] ACPI: PM-Timer IO Port: 0x608
[    0.813288] ACPI: LAPIC_NMI (acpi_id[0xff] dfl dfl lint[0x1])
[    0.813315] IOAPIC[0]: apic_id 0, version 17, address 0xfec00000, GSI 0-23
[    0.813317] ACPI: INT_SRC_OVR (bus 0 bus_irq 0 global_irq 2 dfl dfl)
[    0.813319] ACPI: INT_SRC_OVR (bus 0 bus_irq 5 global_irq 5 high level)
[    0.813320] ACPI: INT_SRC_OVR (bus 0 bus_irq 9 global_irq 9 high level)
[    0.813321] ACPI: INT_SRC_OVR (bus 0 bus_irq 10 global_irq 10 high level)
[    0.813322] ACPI: INT_SRC_OVR (bus 0 bus_irq 11 global_irq 11 high level)
[    0.813324] ACPI: Using ACPI (MADT) for SMP configuration information
[    0.813325] ACPI: HPET id: 0x8086a201 base: 0xfed00000
[    0.813328] TSC deadline timer available
[    0.813329] smpboot: Allowing 2 CPUs, 0 hotplug CPUs
[    0.813346] kvm-guest: KVM setup pv remote TLB flush
[    0.813348] kvm-guest: setup PV sched yield
[    0.813357] PM: hibernation: Registered nosave memory: [mem 0x00000000-0x00000fff]
[    0.813358] PM: hibernation: Registered nosave memory: [mem 0x0009f000-0x0009ffff]
[    0.813359] PM: hibernation: Registered nosave memory: [mem 0x000a0000-0x000effff]
[    0.813359] PM: hibernation: Registered nosave memory: [mem 0x000f0000-0x000fffff]
[    0.813360] PM: hibernation: Registered nosave memory: [mem 0xbffe0000-0xbfffffff]
[    0.813361] PM: hibernation: Registered nosave memory: [mem 0xc0000000-0xfeffbfff]
[    0.813361] PM: hibernation: Registered nosave memory: [mem 0xfeffc000-0xfeffffff]
[    0.813362] PM: hibernation: Registered nosave memory: [mem 0xff000000-0xfffbffff]
[    0.813362] PM: hibernation: Registered nosave memory: [mem 0xfffc0000-0xffffffff]
[    0.813364] [mem 0xc0000000-0xfeffbfff] available for PCI devices
[    0.813365] Booting paravirtualized kernel on KVM
[    0.813367] clocksource: refined-jiffies: mask: 0xffffffff max_cycles: 0xffffffff, max_idle_ns: 1910969940391419 ns
[    0.820957] setup_percpu: NR_CPUS:64 nr_cpumask_bits:2 nr_cpu_ids:2 nr_node_ids:1
[    0.823010] percpu: Embedded 65 pages/cpu s225896 r8192 d32152 u1048576
[    0.823044] Fallback order for Node 0: 0 
[    0.823047] Built 1 zonelists, mobility grouping on.  Total pages: 2064096
[    0.823048] Policy zone: Normal
[    0.823049] Kernel command line: console=ttyS0 oops=panic nokaslr rdinit=/init
[    0.823097] random: crng init done
[    0.830530] Dentry cache hash table entries: 1048576 (order: 11, 8388608 bytes, linear)
[    0.834295] Inode-cache hash table entries: 524288 (order: 10, 4194304 bytes, linear)
[    0.834331] mem auto-init: stack:all(zero), heap alloc:off, heap free:off
[    0.838382] stackdepot hash table entries: 1048576 (order: 11, 8388608 bytes, linear)
[    0.838391] software IO TLB: area num 2.
[    0.983488] Memory: 7026556K/8388088K available (47117K kernel code, 7851K rwdata, 8340K rodata, 2096K init, 2724K bss, 1361276K reserved, 0K cma-reserved)
[    0.983596] SLUB: HWalign=64, Order=0-3, MinObjects=0, CPUs=2, Nodes=1
[    0.984499] Dynamic Preempt: voluntary
[    0.985997] rcu: Preemptible hierarchical RCU implementation.
[    0.985998] rcu: 	RCU event tracing is enabled.
[    0.985999] rcu: 	RCU restricting CPUs from NR_CPUS=64 to nr_cpu_ids=2.
[    0.986001] 	Trampoline variant of Tasks RCU enabled.
[    0.986016] rcu: RCU calculated value of scheduler-enlistment delay is 100 jiffies.
[    0.986017] rcu: Adjusting geometry for rcu_fanout_leaf=16, nr_cpu_ids=2
[    0.990785] NR_IRQS: 4352, nr_irqs: 440, preallocated irqs: 16
[    0.990979] rcu: srcu_init: Setting srcu_struct sizes based on contention.
[    0.993352] Console: colour VGA+ 80x25
[    1.037149] printk: console [ttyS0] enabled
[    1.037409] ACPI: Core revision 20220331
[    1.037760] clocksource: hpet: mask: 0xffffffff max_cycles: 0xffffffff, max_idle_ns: 19112604467 ns
[    1.038345] APIC: Switch to symmetric I/O mode setup
[    1.038635] kvm-guest: setup PV IPIs
[    1.039492] ..TIMER: vector=0x30 apic1=0 pin1=2 apic2=-1 pin2=-1
[    1.039853] clocksource: tsc-early: mask: 0xffffffffffffffff max_cycles: 0x2df10e7656b, max_idle_ns: 440795364873 ns
[    1.040499] Calibrating delay loop (skipped) preset value.. 6374.40 BogoMIPS (lpj=3187200)
[    1.040975] pid_max: default: 32768 minimum: 301
[    1.041281] LSM: Security Framework initializing
[    1.041510] SELinux:  Initializing.
[    1.041782] Mount-cache hash table entries: 16384 (order: 5, 131072 bytes, linear)
[    1.042498] Mountpoint-cache hash table entries: 16384 (order: 5, 131072 bytes, linear)
[    1.043624] x86/cpu: User Mode Instruction Prevention (UMIP) activated
[    1.044075] Last level iTLB entries: 4KB 0, 2MB 0, 4MB 0
[    1.044387] Last level dTLB entries: 4KB 0, 2MB 0, 4MB 0, 1GB 0
[    1.044498] Spectre V1 : Mitigation: usercopy/swapgs barriers and __user pointer sanitization
[    1.044990] Spectre V2 : Mitigation: Enhanced IBRS
[    1.045493] Spectre V2 : Spectre v2 / SpectreRSB mitigation: Filling RSB on context switch
[    1.045969] Spectre V2 : Spectre v2 / PBRSB-eIBRS: Retire a single CALL on VMEXIT
[    1.046403] Spectre V2 : mitigation: Enabling conditional Indirect Branch Prediction Barrier
[    1.046494] Speculative Store Bypass: Mitigation: Speculative Store Bypass disabled via prctl
[    1.046987] MMIO Stale Data: Unknown: No mitigations
[    1.061682] Freeing SMP alternatives memory: 44K
[    1.062101] smpboot: CPU0: Intel(R) Core(TM) i9-14900K (family: 0x6, model: 0xb7, stepping: 0x1)
[    1.074501] cblist_init_generic: Setting adjustable number of callback queues.
[    1.075494] cblist_init_generic: Setting shift to 1 and lim to 1.
[    1.077502] Performance Events: unsupported p6 CPU model 183 no PMU driver, software events only.
[    1.081496] rcu: Hierarchical SRCU implementation.
[    1.082494] rcu: 	Max phase no-delay instances is 400.
[    1.112501] smp: Bringing up secondary CPUs ...
[    1.122500] x86: Booting SMP configuration:
[    1.123494] .... node  #0, CPUs:      #1
[    1.154494] smp: Brought up 1 node, 2 CPUs
[    1.156494] smpboot: Max logical packages: 1
[    1.157495] smpboot: Total of 2 processors activated (12748.80 BogoMIPS)
[    1.373494] devtmpfs: initialized
[    1.481503] clocksource: jiffies: mask: 0xffffffff max_cycles: 0xffffffff, max_idle_ns: 1911260446275000 ns
[    1.544500] futex hash table entries: 512 (order: 3, 32768 bytes, linear)
[    1.582494] PM: RTC time: 10:31:53, date: 2026-05-05
[    1.612501] NET: Registered PF_NETLINK/PF_ROUTE protocol family
[    1.652500] audit: initializing netlink subsys (disabled)
[    1.678503] audit: type=2000 audit(1777977114.087:1): state=initialized audit_enabled=0 res=1
[    1.693498] thermal_sys: Registered thermal governor 'step_wise'
[    1.694494] thermal_sys: Registered thermal governor 'user_space'
[    1.697498] cpuidle: using governor menu
[    1.753499] PCI: Using configuration type 1 for base access
[    2.578495] kprobes: kprobe jump-optimization is enabled. All kprobes are optimized if possible.
[    2.628496] HugeTLB: registered 2.00 MiB page size, pre-allocated 0 pages
[    2.656495] HugeTLB: 28 KiB vmemmap can be freed for a 2.00 MiB page
[    2.774498] ACPI: Added _OSI(Module Device)
[    2.792494] ACPI: Added _OSI(Processor Device)
[    2.811495] ACPI: Added _OSI(3.0 _SCP Extensions)
[    2.830496] ACPI: Added _OSI(Processor Aggregator Device)
[    3.474497] ACPI: 1 ACPI AML tables successfully acquired and loaded
[    7.285499] ACPI: Interpreter enabled
[    7.305502] ACPI: PM: (supports S0 S3 S4 S5)
[    7.323495] ACPI: Using IOAPIC for interrupt routing
[    7.346504] PCI: Using host bridge windows from ACPI; if necessary, use "pci=nocrs" and report a bug
[    7.384497] PCI: Using E820 reservations for host bridge windows
[    7.436509] ACPI: Enabled 2 GPEs in block 00 to 0F
[    8.254496] ACPI: PCI Root Bridge [PCI0] (domain 0000 [bus 00-ff])
[    8.280504] acpi PNP0A03:00: _OSC: OS supports [ASPM ClockPM Segments MSI HPX-Type3]
[    8.312495] acpi PNP0A03:00: _OSC: not requesting OS control; OS requires [ExtendedConfig ASPM ClockPM MSI]
[    8.356496] acpi PNP0A03:00: fail to add MMCONFIG information, can't access extended PCI configuration space under this bridge.
[    8.418495] PCI host bridge to bus 0000:00
[    8.435496] pci_bus 0000:00: root bus resource [io  0x0000-0x0cf7 window]
[    8.463496] pci_bus 0000:00: root bus resource [io  0x0d00-0xffff window]
[    8.492496] pci_bus 0000:00: root bus resource [mem 0x000a0000-0x000bffff window]
[    8.522495] pci_bus 0000:00: root bus resource [mem 0xc0000000-0xfebfffff window]
[    8.553496] pci_bus 0000:00: root bus resource [mem 0x240000000-0x2bfffffff window]
[    8.585496] pci_bus 0000:00: root bus resource [bus 00-ff]
[    8.611505] pci 0000:00:00.0: [8086:1237] type 00 class 0x060000
[    8.882410] pci 0000:00:01.0: [8086:7000] type 00 class 0x060100
[    9.270503] pci 0000:00:01.1: [8086:7010] type 00 class 0x010180
[    9.371495] pci 0000:00:01.1: reg 0x20: [io  0xc040-0xc04f]
[    9.421494] pci 0000:00:01.1: legacy IDE quirk: reg 0x10: [io  0x01f0-0x01f7]
[    9.451495] pci 0000:00:01.1: legacy IDE quirk: reg 0x14: [io  0x03f6]
[    9.478495] pci 0000:00:01.1: legacy IDE quirk: reg 0x18: [io  0x0170-0x0177]
[    9.508494] pci 0000:00:01.1: legacy IDE quirk: reg 0x1c: [io  0x0376]
[    9.549499] pci 0000:00:01.3: [8086:7113] type 00 class 0x068000
[    9.593495] pci 0000:00:01.3: quirk: [io  0x0600-0x063f] claimed by PIIX4 ACPI
[    9.622499] pci 0000:00:01.3: quirk: [io  0x0700-0x070f] claimed by PIIX4 SMB
[    9.653501] pci 0000:00:01.3: quirk_piix4_acpi+0x0/0x1d0 took 60546 usecs
[    9.846495] pci 0000:00:02.0: [1234:1111] type 00 class 0x030000
[    9.997500] pci 0000:00:02.0: reg 0x10: [mem 0xfd000000-0xfdffffff pref]
[   10.086499] pci 0000:00:02.0: reg 0x18: [mem 0xfebf0000-0xfebf0fff]
[   10.222499] pci 0000:00:02.0: reg 0x30: [mem 0xfebe0000-0xfebeffff pref]
[   10.255502] pci 0000:00:02.0: Video device with shadowed ROM at [mem 0x000c0000-0x000dffff]
[   10.292495] pci 0000:00:02.0: pci_fixup_video+0x0/0x200 took 36132 usecs
[   10.549370] pci 0000:00:03.0: [8086:100e] type 00 class 0x020000
[   10.668494] pci 0000:00:03.0: reg 0x10: [mem 0xfebc0000-0xfebdffff]
[   10.733494] pci 0000:00:03.0: reg 0x14: [io  0xc000-0xc03f]
[   10.858495] pci 0000:00:03.0: reg 0x30: [mem 0xfeb80000-0xfebbffff pref]
[   11.289505] ACPI: PCI: Interrupt link LNKA configured for IRQ 10
[   11.321505] ACPI: PCI: Interrupt link LNKB configured for IRQ 10
[   11.352504] ACPI: PCI: Interrupt link LNKC configured for IRQ 11
[   11.383496] ACPI: PCI: Interrupt link LNKD configured for IRQ 11
[   11.395495] ACPI: PCI: Interrupt link LNKS configured for IRQ 9
[   11.475504] iommu: Default domain type: Translated 
[   11.476494] iommu: DMA domain TLB invalidation policy: lazy mode 
[   11.493501] SCSI subsystem initialized
[   11.498588] ACPI: bus type USB registered
[   11.498868] usbcore: registered new interface driver usbfs
[   11.499206] usbcore: registered new interface driver hub
[   11.571496] usbcore: registered new device driver usb
[   11.596501] pps_core: LinuxPPS API ver. 1 registered
[   11.618494] pps_core: Software ver. 5.3.6 - Copyright 2005-2007 Rodolfo Giometti <giometti@linux.it>
[   11.656502] PTP clock support registered
[   11.684502] Advanced Linux Sound Architecture Driver Initialized.
[   11.709505] NetLabel: Initializing
[   11.711494] NetLabel:  domain hash size = 128
[   11.712494] NetLabel:  protocols = UNLABELED CIPSOv4 CALIPSO
[   11.715503] NetLabel:  unlabeled traffic allowed by default
[   11.721505] PCI: Using ACPI for IRQ routing
[   11.731509] pci 0000:00:02.0: vgaarb: setting as boot VGA device
[   11.731877] pci 0000:00:02.0: vgaarb: bridge control possible
[   11.732226] pci 0000:00:02.0: vgaarb: VGA device added: decodes=io+mem,owns=io+mem,locks=none
[   11.732495] vgaarb: loaded
[   11.739494] hpet0: at MMIO 0xfed00000, IRQs 2, 8, 0
[   11.740496] hpet0: 3 comparators, 64-bit 100.000000 MHz counter
[   11.748503] clocksource: Switched to clocksource kvm-clock
[   11.749658] VFS: Disk quotas dquot_6.6.0
[   11.749912] VFS: Dquot-cache hash table entries: 512 (order 0, 4096 bytes)
[   11.750402] pnp: PnP ACPI init
[   11.751624] pnp: PnP ACPI: found 6 devices
[   11.759405] clocksource: acpi_pm: mask: 0xffffff max_cycles: 0xffffff, max_idle_ns: 2085701024 ns
[   11.759976] NET: Registered PF_INET protocol family
[   11.760349] IP idents hash table entries: 131072 (order: 8, 1048576 bytes, linear)
[   11.761794] tcp_listen_portaddr_hash hash table entries: 4096 (order: 4, 65536 bytes, linear)
[   11.762296] Table-perturb hash table entries: 65536 (order: 6, 262144 bytes, linear)
[   11.762753] TCP established hash table entries: 65536 (order: 7, 524288 bytes, linear)
[   11.765043] TCP bind hash table entries: 65536 (order: 9, 2097152 bytes, linear)
[   11.767704] TCP: Hash tables configured (established 65536 bind 65536)
[   11.768129] UDP hash table entries: 4096 (order: 5, 131072 bytes, linear)
[   11.768536] UDP-Lite hash table entries: 4096 (order: 5, 131072 bytes, linear)
[   11.769034] NET: Registered PF_UNIX/PF_LOCAL protocol family
[   11.769551] RPC: Registered named UNIX socket transport module.
[   11.769896] RPC: Registered udp transport module.
[   11.770170] RPC: Registered tcp transport module.
[   11.770448] RPC: Registered tcp NFSv4.1 backchannel transport module.
[   11.771073] pci_bus 0000:00: resource 4 [io  0x0000-0x0cf7 window]
[   11.771433] pci_bus 0000:00: resource 5 [io  0x0d00-0xffff window]
[   11.771791] pci_bus 0000:00: resource 6 [mem 0x000a0000-0x000bffff window]
[   11.772187] pci_bus 0000:00: resource 7 [mem 0xc0000000-0xfebfffff window]
[   11.772585] pci_bus 0000:00: resource 8 [mem 0x240000000-0x2bfffffff window]
[   11.773085] pci 0000:00:01.0: PIIX3: Enabling Passive Release
[   11.773435] pci 0000:00:00.0: Limiting direct PCI/PCI transfers
[   11.773828] PCI: CLS 0 bytes, default 64
[   11.774078] PCI-DMA: Using software bounce buffering for IO (SWIOTLB)
[   11.774466] software IO TLB: mapped [mem 0x00000000bbe92000-0x00000000bfe92000] (64MB)
[   11.774979] RAPL PMU: API unit is 2^-32 Joules, 0 fixed counters, 10737418240 ms ovfl timer
[   11.775062] Unpacking initramfs...
[   11.775469] clocksource: tsc: mask: 0xffffffffffffffff max_cycles: 0x2df10e7656b, max_idle_ns: 440795364873 ns
[   11.782334] Initialise system trusted keyrings
[   11.783229] workingset: timestamp_bits=56 max_order=21 bucket_order=0
[   11.791728] NFS: Registering the id_resolver key type
[   11.792046] Key type id_resolver registered
[   11.792304] Key type id_legacy registered
[   11.792604] 9p: Installing v9fs 9p2000 file system support
[   11.795433] Freeing initrd memory: 1336K
[   11.796869] Key type asymmetric registered
[   11.797140] Asymmetric key parser 'x509' registered
[   11.797445] Block layer SCSI generic (bsg) driver version 0.4 loaded (major 251)
[   11.797889] io scheduler mq-deadline registered
[   11.798160] io scheduler kyber registered
[   11.798600] input: Power Button as /devices/LNXSYSTM:00/LNXPWRBN:00/input/input0
[   11.799124] ACPI: button: Power Button [PWRF]
[   11.799731] Serial: 8250/16550 driver, 4 ports, IRQ sharing enabled
[   11.800314] 00:04: ttyS0 at I/O 0x3f8 (irq = 4, base_baud = 115200) is a 16550A
[   11.801827] Non-volatile memory driver v1.3
[   11.802208] Linux agpgart interface v0.103
[   11.802650] ACPI: bus type drm_connector registered
[   11.808693] loop: module loaded
[   11.809971] scsi host0: ata_piix
[   11.810432] scsi host1: ata_piix
[   11.810706] ata1: PATA max MWDMA2 cmd 0x1f0 ctl 0x3f6 bmdma 0xc040 irq 14
[   11.811107] ata2: PATA max MWDMA2 cmd 0x170 ctl 0x376 bmdma 0xc048 irq 15
[   11.811928] e100: Intel(R) PRO/100 Network Driver
[   11.812214] e100: Copyright(c) 1999-2006 Intel Corporation
[   11.812547] e1000: Intel(R) PRO/1000 Network Driver
[   11.812832] e1000: Copyright (c) 1999-2006 Intel Corporation.
[   11.966766] ata2: found unknown device (class 0)
[   11.967496] ata2.00: ATAPI: QEMU DVD-ROM, 2.5+, max UDMA/100
[   11.968623] scsi 1:0:0:0: CD-ROM            QEMU     QEMU DVD-ROM     2.5+ PQ: 0 ANSI: 5
[   12.003912] sr 1:0:0:0: [sr0] scsi3-mmc drive: 4x/4x cd/rw xa/form2 tray
[   12.004319] cdrom: Uniform CD-ROM driver Revision: 3.20
[   12.020353] sr 1:0:0:0: Attached scsi generic sg0 type 5
[   12.129801] ACPI: \_SB_.LNKC: Enabled at IRQ 11
[   12.419030] e1000 0000:00:03.0 eth0: (PCI:33MHz:32-bit) 52:54:00:12:34:56
[   12.419446] e1000 0000:00:03.0 eth0: Intel(R) PRO/1000 Network Connection
[   12.419906] e1000e: Intel(R) PRO/1000 Network Driver
[   12.420199] e1000e: Copyright(c) 1999 - 2015 Intel Corporation.
[   12.420568] sky2: driver version 1.30
[   12.421265] usbcore: registered new interface driver usblp
[   12.421616] usbcore: registered new interface driver usb-storage
[   12.422014] i8042: PNP: PS/2 Controller [PNP0303:KBD,PNP0f13:MOU] at 0x60,0x64 irq 1,12
[   12.423077] serio: i8042 KBD port at 0x60,0x64 irq 1
[   12.423376] serio: i8042 AUX port at 0x60,0x64 irq 12
[   12.424037] input: AT Translated Set 2 keyboard as /devices/platform/i8042/serio0/input/input1
[   12.424580] rtc_cmos 00:05: RTC can wake from S4
[   12.425441] rtc_cmos 00:05: registered as rtc0
[   12.425839] rtc_cmos 00:05: alarms up to one day, y3k, 242 bytes nvram, hpet irqs
[   12.426796] device-mapper: ioctl: 4.47.0-ioctl (2022-07-28) initialised: dm-devel@redhat.com
[   12.427323] intel_pstate: CPU model not supported
[   12.427647] hid: raw HID events driver (C) Jiri Kosina
[   12.428209] usbcore: registered new interface driver usbhid
[   12.428538] usbhid: USB HID core driver
[   12.432674] Initializing XFRM netlink socket
[   12.433195] NET: Registered PF_INET6 protocol family
[   12.435790] Segment Routing with IPv6
[   12.436025] In-situ OAM (IOAM) with IPv6
[   12.436338] sit: IPv6, IPv4 and MPLS over IPv4 tunneling driver
[   12.436908] NET: Registered PF_PACKET protocol family
[   12.437263] 9pnet: Installing 9P2000 support
[   12.437541] Key type dns_resolver registered
[   12.437985] IPI shorthand broadcast: enabled
[   12.438285] sched_clock: Marking stable (12390439861, 47506317)->(1918919265, 10519026913)
[   12.438907] registered taskstats version 1
[   12.439154] Loading compiled-in X.509 certificates
[   12.439558] cryptomgr_test (51) used greatest stack depth: 30912 bytes left
[   12.439996] cryptomgr_test (52) used greatest stack depth: 30432 bytes left
[   12.441132] PM:   Magic number: 10:904:526
[   12.441424] printk: console [netcon0] enabled
[   12.441694] netconsole: network logging started
[   12.442135] cfg80211: Loading compiled-in X.509 certificates for regulatory database
[   12.442734] kworker/u4:2 (73) used greatest stack depth: 29512 bytes left
[   12.443371] cfg80211: Loaded X.509 cert 'sforshee: 00b28ddf47aef9cea7'
[   12.443762] ALSA device list:
[   12.443938]   No soundcards found.
[   12.444570] Freeing unused kernel image (initmem) memory: 2096K
[   12.447244] platform regulatory.0: Direct firmware load for regulatory.db failed with error -2
[   12.447607] cfg80211: failed to load regulatory.db
[   12.449606] Write protecting the kernel read-only data: 59392k
[   12.450220] Freeing unused kernel image (text/rodata gap) memory: 2032K
[   12.450727] Freeing unused kernel image (rodata/data gap) memory: 1900K
[   12.458211] x86/mm: Checked W+X mappings: passed, no W+X pages found.
[   12.458515] Run /init as init process
[   12.459765] mount (78) used greatest stack depth: 28360 bytes left

secb: rootfs ready
---- poc begin ----
poc: qdisc add r=0
poc: class add r=0
[   13.048709] input: ImExPS/2 Generic Explorer Mouse as /devices/platform/i8042/serio1/input/input3
poc: done
[   13.541930] poc (84) used greatest stack depth: 27576 bytes left
---- poc end rc=0 ----
secb: poc exited without crashing the kernel
[   14.808895] ACPI: PM: Preparing to enter system sleep state S5
[   14.809200] reboot: Power down
NO_CRASH_DETECTED
