bash: warning: setlocale: LC_ALL: cannot change locale (en_US.UTF-8)
c[?7l[2J[0mSeaBIOS (version 1.16.2-debian-1.16.2-1)
Booting from ROM...
c[?7l[2Jearly console in extract_kernel
input_data: 0x000000000d45a2bf
input_len: 0x0000000004da6db1
output: 0x0000000001000000
output_len: 0x000000000f44eae0
kernel_total_size: 0x0000000011226000
needed_size: 0x0000000011400000
trampoline_32bit: 0x000000000009d000

Decompressing Linux... Parsing ELF... done.
Booting the kernel (entry_offset: 0x0000000000000000).
[    0.000000][    T0] Linux version 6.4.0-rc7-00041-ge660abd551f1-dirty (root@buildkitsandbox) (gcc (Debian 12.2.0-14+deb12u1) 12.2.0, GNU ld (GNU Binutils for Debian) 2.40) #1 SMP PREEMPT_DYNAMIC Tue May 26 06:37:14 UTC 2026
[    0.000000][    T0] Command line: console=ttyS0 oops=panic panic=86400 nokaslr earlyprintk=serial rdinit=/init
[    0.000000][    T0] KERNEL supported cpus:
[    0.000000][    T0]   Intel GenuineIntel
[    0.000000][    T0]   AMD AuthenticAMD
[    0.000000][    T0] x86/fpu: Supporting XSAVE feature 0x001: 'x87 floating point registers'
[    0.000000][    T0] x86/fpu: Supporting XSAVE feature 0x002: 'SSE registers'
[    0.000000][    T0] x86/fpu: Supporting XSAVE feature 0x004: 'AVX registers'
[    0.000000][    T0] x86/fpu: xstate_offset[2]:  576, xstate_sizes[2]:  256
[    0.000000][    T0] x86/fpu: Enabled xstate features 0x7, context size is 832 bytes, using 'compacted' format.
[    0.000000][    T0] signal: max sigframe size: 1776
[    0.000000][    T0] BIOS-provided physical RAM map:
[    0.000000][    T0] BIOS-e820: [mem 0x0000000000000000-0x000000000009fbff] usable
[    0.000000][    T0] BIOS-e820: [mem 0x000000000009fc00-0x000000000009ffff] reserved
[    0.000000][    T0] BIOS-e820: [mem 0x00000000000f0000-0x00000000000fffff] reserved
[    0.000000][    T0] BIOS-e820: [mem 0x0000000000100000-0x000000007ffdffff] usable
[    0.000000][    T0] BIOS-e820: [mem 0x000000007ffe0000-0x000000007fffffff] reserved
[    0.000000][    T0] BIOS-e820: [mem 0x00000000feffc000-0x00000000feffffff] reserved
[    0.000000][    T0] BIOS-e820: [mem 0x00000000fffc0000-0x00000000ffffffff] reserved
[    0.000000][    T0] BIOS-e820: [mem 0x000000fd00000000-0x000000ffffffffff] reserved
[    0.000000][    T0] printk: bootconsole [earlyser0] enabled
[    0.000000][    T0] NX (Execute Disable) protection: active
[    0.000000][    T0] SMBIOS 2.8 present.
[    0.000000][    T0] DMI: QEMU Standard PC (i440FX + PIIX, 1996), BIOS 1.16.2-debian-1.16.2-1 04/01/2014
[    0.000000][    T0] Hypervisor detected: KVM
[    0.000000][    T0] kvm-clock: Using msrs 4b564d01 and 4b564d00
[    0.000004][    T0] kvm-clock: using sched offset of 5076460238 cycles
[    0.000739][    T0] clocksource: kvm-clock: mask: 0xffffffffffffffff max_cycles: 0x1cd42e4dffb, max_idle_ns: 881590591483 ns
[    0.002915][    T0] tsc: Detected 3493.436 MHz processor
[    0.007835][    T0] last_pfn = 0x7ffe0 max_arch_pfn = 0x400000000
[    0.008634][    T0] x86/PAT: Configuration [0-7]: WB  WC  UC- UC  WB  WP  UC- WT  
[    0.012588][    T0] found SMP MP-table at [mem 0x000f5ba0-0x000f5baf]
[    0.013401][    T0] Using GB pages for direct mapping
[    0.014688][    T0] RAMDISK: [mem 0x7fe8d000-0x7ffdffff]
[    0.015350][    T0] ACPI: Early table checksum verification disabled
[    0.016143][    T0] ACPI: RSDP 0x00000000000F59D0 000014 (v00 BOCHS )
[    0.016963][    T0] ACPI: RSDT 0x000000007FFE1B33 000034 (v01 BOCHS  BXPC     00000001 BXPC 00000001)
[    0.018099][    T0] ACPI: FACP 0x000000007FFE19DF 000074 (v01 BOCHS  BXPC     00000001 BXPC 00000001)
[    0.019231][    T0] ACPI: DSDT 0x000000007FFE0040 00199F (v01 BOCHS  BXPC     00000001 BXPC 00000001)
[    0.020349][    T0] ACPI: FACS 0x000000007FFE0000 000040
[    0.020997][    T0] ACPI: APIC 0x000000007FFE1A53 000080 (v01 BOCHS  BXPC     00000001 BXPC 00000001)
[    0.022131][    T0] ACPI: HPET 0x000000007FFE1AD3 000038 (v01 BOCHS  BXPC     00000001 BXPC 00000001)
[    0.023286][    T0] ACPI: WAET 0x000000007FFE1B0B 000028 (v01 BOCHS  BXPC     00000001 BXPC 00000001)
[    0.024420][    T0] ACPI: Reserving FACP table memory at [mem 0x7ffe19df-0x7ffe1a52]
[    0.025347][    T0] ACPI: Reserving DSDT table memory at [mem 0x7ffe0040-0x7ffe19de]
[    0.026275][    T0] ACPI: Reserving FACS table memory at [mem 0x7ffe0000-0x7ffe003f]
[    0.027201][    T0] ACPI: Reserving APIC table memory at [mem 0x7ffe1a53-0x7ffe1ad2]
[    0.028163][    T0] ACPI: Reserving HPET table memory at [mem 0x7ffe1ad3-0x7ffe1b0a]
[    0.029107][    T0] ACPI: Reserving WAET table memory at [mem 0x7ffe1b0b-0x7ffe1b32]
[    0.030801][    T0] No NUMA configuration found
[    0.031360][    T0] Faking a node at [mem 0x0000000000000000-0x000000007ffdffff]
[    0.032278][    T0] NODE_DATA(0) allocated [mem 0x7fe87000-0x7fe8cfff]
[    0.224479][    T0] Zone ranges:
[    0.224914][    T0]   DMA      [mem 0x0000000000001000-0x0000000000ffffff]
[    0.225727][    T0]   DMA32    [mem 0x0000000001000000-0x000000007ffdffff]
[    0.226612][    T0]   Normal   empty
[    0.227039][    T0]   Device   empty
[    0.227469][    T0] Movable zone start for each node
[    0.228051][    T0] Early memory node ranges
[    0.228552][    T0]   node   0: [mem 0x0000000000001000-0x000000000009efff]
[    0.229390][    T0]   node   0: [mem 0x0000000000100000-0x000000007ffdffff]
[    0.230216][    T0] Initmem setup node 0 [mem 0x0000000000001000-0x000000007ffdffff]
[    0.231140][    T0] On node 0, zone DMA: 1 pages in unavailable ranges
[    0.231313][    T0] On node 0, zone DMA: 97 pages in unavailable ranges
[    0.255410][    T0] On node 0, zone DMA32: 32 pages in unavailable ranges
[    2.733989][    T0] kasan: KernelAddressSanitizer initialized
[    2.736017][    T0] ACPI: PM-Timer IO Port: 0x608
[    2.736655][    T0] ACPI: LAPIC_NMI (acpi_id[0xff] dfl dfl lint[0x1])
[    2.737582][    T0] IOAPIC[0]: apic_id 0, version 17, address 0xfec00000, GSI 0-23
[    2.738506][    T0] ACPI: INT_SRC_OVR (bus 0 bus_irq 0 global_irq 2 dfl dfl)
[    2.739450][    T0] ACPI: INT_SRC_OVR (bus 0 bus_irq 5 global_irq 5 high level)
[    2.740422][    T0] ACPI: INT_SRC_OVR (bus 0 bus_irq 9 global_irq 9 high level)
[    2.741417][    T0] ACPI: INT_SRC_OVR (bus 0 bus_irq 10 global_irq 10 high level)
[    2.742378][    T0] ACPI: INT_SRC_OVR (bus 0 bus_irq 11 global_irq 11 high level)
[    2.743410][    T0] ACPI: Using ACPI (MADT) for SMP configuration information
[    2.744364][    T0] ACPI: HPET id: 0x8086a201 base: 0xfed00000
[    2.745125][    T0] TSC deadline timer available
[    2.745739][    T0] smpboot: Allowing 2 CPUs, 0 hotplug CPUs
[    2.746554][    T0] kvm-guest: KVM setup pv remote TLB flush
[    2.747282][    T0] kvm-guest: setup PV sched yield
[    2.747972][    T0] PM: hibernation: Registered nosave memory: [mem 0x00000000-0x00000fff]
[    2.749250][    T0] PM: hibernation: Registered nosave memory: [mem 0x0009f000-0x0009ffff]
[    2.751557][    T0] PM: hibernation: Registered nosave memory: [mem 0x000a0000-0x000effff]
[    2.753743][    T0] PM: hibernation: Registered nosave memory: [mem 0x000f0000-0x000fffff]
[    2.754812][    T0] [mem 0x80000000-0xfeffbfff] available for PCI devices
[    2.755667][    T0] Booting paravirtualized kernel on KVM
[    2.756383][    T0] clocksource: refined-jiffies: mask: 0xffffffff max_cycles: 0xffffffff, max_idle_ns: 19112604462750000 ns
[    2.800400][    T0] setup_percpu: NR_CPUS:8 nr_cpumask_bits:2 nr_cpu_ids:2 nr_node_ids:1
[    2.827159][    T0] percpu: Embedded 72 pages/cpu s254856 r8192 d31864 u1048576
[    2.828284][    T0] kvm-guest: PV spinlocks enabled
[    2.828896][    T0] PV qspinlock hash table entries: 256 (order: 0, 4096 bytes, linear)
[    2.829909][    T0] Kernel command line: console=ttyS0 oops=panic panic=86400 nokaslr earlyprintk=serial rdinit=/init
[    2.833150][    T0] random: crng init done
[    3.013272][    T0] Dentry cache hash table entries: 262144 (order: 9, 2097152 bytes, linear)
[    3.017253][    T0] Inode-cache hash table entries: 131072 (order: 8, 1048576 bytes, linear)
[    3.018568][    T0] Fallback order for Node 0: 0 
[    3.018581][    T0] Built 1 zonelists, mobility grouping on.  Total pages: 515808
[    3.020126][    T0] Policy zone: DMA32
[    3.079642][    T0] mem auto-init: stack:off, heap alloc:on, heap free:off
[    3.080576][    T0] stackdepot: allocating hash table via alloc_large_system_hash
[    3.095033][    T0] stackdepot hash table entries: 1048576 (order: 11, 8388608 bytes, linear)
[    3.222278][    T0] Memory: 1469676K/2096632K available (151552K kernel code, 36718K rwdata, 31556K rodata, 3288K init, 34504K bss, 626700K reserved, 0K cma-reserved)
[    3.224502][    T0] SLUB: HWalign=64, Order=0-3, MinObjects=0, CPUs=2, Nodes=1
[    3.266823][    T0] allocated 4194304 bytes of page_ext
[    3.268153][    T0] Dynamic Preempt: full
[    3.271416][    T0] Running RCU self tests
[    3.271929][    T0] Running RCU synchronous self tests
[    3.272563][    T0] rcu: Preemptible hierarchical RCU implementation.
[    3.273404][    T0] rcu: 	RCU lockdep checking is enabled.
[    3.274139][    T0] rcu: 	RCU restricting CPUs from NR_CPUS=8 to nr_cpu_ids=2.
[    3.275022][    T0] rcu: 	RCU callback double-/use-after-free debug is enabled.
[    3.275897][    T0] rcu: 	RCU debug extended QS entry/exit.
[    3.276551][    T0] 	Trampoline variant of Tasks RCU enabled.
[    3.278433][    T0] 	Tracing variant of Tasks RCU enabled.
[    3.279095][    T0] rcu: RCU calculated value of scheduler-enlistment delay is 10 jiffies.
[    3.280141][    T0] rcu: Adjusting geometry for rcu_fanout_leaf=16, nr_cpu_ids=2
[    3.281169][    T0] Running RCU synchronous self tests
[    3.322570][    T0] NR_IRQS: 4352, nr_irqs: 440, preallocated irqs: 16
[    3.324016][    T0] rcu: srcu_init: Setting srcu_struct sizes based on contention.
[    3.325376][    T0] kfence: initialized - using 2097152 bytes for 255 objects at 0x(____ptrval____)-0x(____ptrval____)
[    3.335838][    T0] Console: colour VGA+ 80x25
[    3.336496][    T0] printk: console [ttyS0] enabled
[    3.336496][    T0] printk: console [ttyS0] enabled
[    3.337776][    T0] printk: bootconsole [earlyser0] disabled
[    3.337776][    T0] printk: bootconsole [earlyser0] disabled
[    3.339221][    T0] Lock dependency validator: Copyright (c) 2006 Red Hat, Inc., Ingo Molnar
[    3.340215][    T0] ... MAX_LOCKDEP_SUBCLASSES:  8
[    3.340782][    T0] ... MAX_LOCK_DEPTH:          48
[    3.341367][    T0] ... MAX_LOCKDEP_KEYS:        8192
[    3.341962][    T0] ... CLASSHASH_SIZE:          4096
[    3.342558][    T0] ... MAX_LOCKDEP_ENTRIES:     131072
[    3.343180][    T0] ... MAX_LOCKDEP_CHAINS:      262144
[    3.343801][    T0] ... CHAINHASH_SIZE:          131072
[    3.344417][    T0]  memory used by lock dependency info: 20657 kB
[    3.345179][    T0]  memory used for stack traces: 8320 kB
[    3.345828][    T0]  per task-struct memory footprint: 1920 bytes
[    3.346604][    T0] ACPI: Core revision 20230331
[    3.347488][    T0] clocksource: hpet: mask: 0xffffffff max_cycles: 0xffffffff, max_idle_ns: 19112604467 ns
[    3.348844][    T0] APIC: Switch to symmetric I/O mode setup
[    3.349695][    T0] x2apic enabled
[    3.350323][    T0] Switched APIC routing to physical x2apic.
[    3.351001][    T0] kvm-guest: setup PV IPIs
[    3.352709][    T0] ..TIMER: vector=0x30 apic1=0 pin1=2 apic2=-1 pin2=-1
[    3.353513][    T0] tsc: Marking TSC unstable due to TSCs unsynchronized
[    3.354310][    T0] Calibrating delay loop (skipped) preset value.. 6986.87 BogoMIPS (lpj=34934360)
[    3.355408][    T0] pid_max: default: 32768 minimum: 301
[    3.356160][    T0] LSM: initializing lsm=lockdown,capability,landlock,yama,safesetid,tomoyo,apparmor,bpf,integrity
[    3.357518][    T0] landlock: Up and running.
[    3.358054][    T0] Yama: becoming mindful.
[    3.358636][    T0] TOMOYO Linux initialized
[    3.364591][    T0] AppArmor: AppArmor initialized
[    3.365189][    T0] LSM support for eBPF active
[    3.365909][    T0] Mount-cache hash table entries: 4096 (order: 3, 32768 bytes, linear)
[    3.366952][    T0] Mountpoint-cache hash table entries: 4096 (order: 3, 32768 bytes, linear)
[    3.370153][    T0] x86/cpu: User Mode Instruction Prevention (UMIP) activated
[    3.371219][    T0] Last level iTLB entries: 4KB 512, 2MB 255, 4MB 127
[    3.372072][    T0] Last level dTLB entries: 4KB 512, 2MB 255, 4MB 127, 1GB 0
[    3.373026][    T0] Spectre V1 : Mitigation: usercopy/swapgs barriers and __user pointer sanitization
[    3.374309][    T0] Spectre V2 : Kernel not compiled with retpoline; no mitigation available!
[    3.374315][    T0] Spectre V2 : Vulnerable
[    3.375924][    T0] Spectre V2 : Spectre v2 / SpectreRSB mitigation: Filling RSB on context switch
[    3.377019][    T0] Spectre V2 : Enabling Speculation Barrier for firmware calls
[    3.377967][    T0] RETBleed: Mitigation: IBPB
[    3.378538][    T0] Spectre V2 : mitigation: Enabling conditional Indirect Branch Prediction Barrier
[    3.379713][    T0] Speculative Store Bypass: Mitigation: Speculative Store Bypass disabled via prctl
[    3.395787][    T0] Freeing SMP alternatives memory: 116K
[    3.396507][    T0] Running RCU synchronous self tests
[    3.397190][    T0] Running RCU synchronous self tests
[    3.398244][    T1] smpboot: CPU0: AMD Ryzen Threadripper PRO 3975WX 32-Cores (family: 0x17, model: 0x31, stepping: 0x0)
[    3.400830][    T1] cblist_init_generic: Setting adjustable number of callback queues.
[    3.401806][    T1] cblist_init_generic: Setting shift to 1 and lim to 1.
[    3.402786][    T1] cblist_init_generic: Setting shift to 1 and lim to 1.
[    3.404412][    T1] Running RCU-tasks wait API self tests
[    3.524445][    T1] Performance Events: Fam17h+ core perfctr, AMD PMU driver.
[    3.525405][    T1] ... version:                0
[    3.526009][    T1] ... bit width:              48
[    3.526582][    T1] ... generic registers:      6
[    3.527212][    T1] ... value mask:             0000ffffffffffff
[    3.527951][    T1] ... max period:             00007fffffffffff
[    3.528655][    T1] ... fixed-purpose events:   0
[    3.534296][    T1] ... event mask:             000000000000003f
[    3.535549][    T1] rcu: Hierarchical SRCU implementation.
[    3.536184][    T1] rcu: 	Max phase no-delay instances is 1000.
[    3.544345][   T14] Callback from call_rcu_tasks_trace() invoked.
[    3.547889][    T1] smp: Bringing up secondary CPUs ...
[    3.554801][    T1] x86: Booting SMP configuration:
[    3.555435][    T1] .... node  #0, CPUs:      #1
[    3.557630][    T1] smp: Brought up 1 node, 2 CPUs
[    3.557630][    T1] smpboot: Max logical packages: 1
[    3.564333][    T1] smpboot: Total of 2 processors activated (13973.74 BogoMIPS)
[    3.566288][    T1] devtmpfs: initialized
[    3.566288][    T1] x86/mm: Memory block size: 128MB
[    3.607322][    T1] Running RCU synchronous self tests
[    3.607322][    T1] Running RCU synchronous self tests
[    3.614425][    T1] clocksource: jiffies: mask: 0xffffffff max_cycles: 0xffffffff, max_idle_ns: 19112604462750000 ns
[    3.615668][    T1] futex hash table entries: 512 (order: 4, 65536 bytes, linear)
[    3.618776][    T1] PM: RTC time: 17:16:09, date: 2026-05-26
[    3.635945][    T1] NET: Registered PF_NETLINK/PF_ROUTE protocol family
[    3.638188][    T1] audit: initializing netlink subsys (disabled)
[    3.644536][   T26] audit: type=2000 audit(1779815770.071:1): state=initialized audit_enabled=0 res=1
[    3.645787][    T1] thermal_sys: Registered thermal governor 'step_wise'
[    3.647287][    T1] thermal_sys: Registered thermal governor 'user_space'
[    3.648311][    T1] cpuidle: using governor menu
[    3.654900][    T1] NET: Registered PF_QIPCRTR protocol family
[    3.656270][    T1] dca service started, version 1.12.1
[    3.656270][    T1] PCI: Using configuration type 1 for base access
[    3.656899][    T1] PCI: Using configuration type 1 for extended access
[    3.674990][    T1] HugeTLB: registered 1.00 GiB page size, pre-allocated 0 pages
[    3.675856][    T1] HugeTLB: 16380 KiB vmemmap can be freed for a 1.00 GiB page
[    3.676699][    T1] HugeTLB: registered 2.00 MiB page size, pre-allocated 0 pages
[    3.677552][    T1] HugeTLB: 28 KiB vmemmap can be freed for a 2.00 MiB page
[    3.688230][    T1] cryptd: max_cpu_qlen set to 1000
[    3.695400][    T1] raid6: skipped pq benchmark and selected avx2x4
[    3.696136][    T1] raid6: using avx2x2 recovery algorithm
[    3.697301][    T1] ACPI: Added _OSI(Module Device)
[    3.697874][    T1] ACPI: Added _OSI(Processor Device)
[    3.698465][    T1] ACPI: Added _OSI(3.0 _SCP Extensions)
[    3.699087][    T1] ACPI: Added _OSI(Processor Aggregator Device)
[    3.744423][   T13] Callback from call_rcu_tasks() invoked.
[    3.745938][    T1] ACPI: 1 ACPI AML tables successfully acquired and loaded
[    3.767673][    T1] ACPI: Interpreter enabled
[    3.768361][    T1] ACPI: PM: (supports S0 S3 S4 S5)
[    3.768997][    T1] ACPI: Using IOAPIC for interrupt routing
[    3.776433][    T1] PCI: Using host bridge windows from ACPI; if necessary, use "pci=nocrs" and report a bug
[    3.777578][    T1] PCI: Using E820 reservations for host bridge windows
[    3.784811][    T1] ACPI: Enabled 2 GPEs in block 00 to 0F
[    3.867041][    T1] ACPI: PCI Root Bridge [PCI0] (domain 0000 [bus 00-ff])
[    3.867912][    T1] acpi PNP0A03:00: _OSC: OS supports [ExtendedConfig ASPM ClockPM Segments MSI HPX-Type3]
[    3.875867][    T1] PCI host bridge to bus 0000:00
[    3.876455][    T1] pci_bus 0000:00: root bus resource [io  0x0000-0x0cf7 window]
[    3.877348][    T1] pci_bus 0000:00: root bus resource [io  0x0d00-0xffff window]
[    3.878244][    T1] pci_bus 0000:00: root bus resource [mem 0x000a0000-0x000bffff window]
[    3.884299][    T1] pci_bus 0000:00: root bus resource [mem 0x80000000-0xfebfffff window]
[    3.885276][    T1] pci_bus 0000:00: root bus resource [mem 0x100000000-0x17fffffff window]
[    3.886280][    T1] pci_bus 0000:00: root bus resource [bus 00-ff]
[    3.887384][    T1] pci 0000:00:00.0: [8086:1237] type 00 class 0x060000
[    3.916558][    T1] pci 0000:00:01.0: [8086:7000] type 00 class 0x060100
[    3.945348][    T1] pci 0000:00:01.1: [8086:7010] type 00 class 0x010180
[    3.947639][    T1] pci 0000:00:01.1: reg 0x20: [io  0xc000-0xc00f]
[    3.949056][    T1] pci 0000:00:01.1: legacy IDE quirk: reg 0x10: [io  0x01f0-0x01f7]
[    3.954295][    T1] pci 0000:00:01.1: legacy IDE quirk: reg 0x14: [io  0x03f6]
[    3.955128][    T1] pci 0000:00:01.1: legacy IDE quirk: reg 0x18: [io  0x0170-0x0177]
[    3.956020][    T1] pci 0000:00:01.1: legacy IDE quirk: reg 0x1c: [io  0x0376]
[    3.957364][    T1] pci 0000:00:01.3: [8086:7113] type 00 class 0x068000
[    3.958573][    T1] pci 0000:00:01.3: quirk: [io  0x0600-0x063f] claimed by PIIX4 ACPI
[    3.964308][    T1] pci 0000:00:01.3: quirk: [io  0x0700-0x070f] claimed by PIIX4 SMB
[    3.965904][    T1] pci 0000:00:02.0: [1234:1111] type 00 class 0x030000
[    3.974706][    T1] pci 0000:00:02.0: reg 0x10: [mem 0xfd000000-0xfdffffff pref]
[    3.977543][    T1] pci 0000:00:02.0: reg 0x18: [mem 0xfebf0000-0xfebf0fff]
[    3.987721][    T1] pci 0000:00:02.0: reg 0x30: [mem 0xfebe0000-0xfebeffff pref]
[    3.994365][    T1] pci 0000:00:02.0: Video device with shadowed ROM at [mem 0x000c0000-0x000dffff]
[    4.036524][    T1] ACPI: PCI: Interrupt link LNKA configured for IRQ 10
[    4.038593][    T1] ACPI: PCI: Interrupt link LNKB configured for IRQ 10
[    4.045517][    T1] ACPI: PCI: Interrupt link LNKC configured for IRQ 11
[    4.047527][    T1] ACPI: PCI: Interrupt link LNKD configured for IRQ 11
[    4.048811][    T1] ACPI: PCI: Interrupt link LNKS configured for IRQ 9
[    4.058475][    T1] iommu: Default domain type: Translated 
[    4.059131][    T1] iommu: DMA domain TLB invalidation policy: lazy mode 
[    4.065987][    T1] SCSI subsystem initialized
[    4.067194][    T1] ACPI: bus type USB registered
[    4.067885][    T1] usbcore: registered new interface driver usbfs
[    4.068697][    T1] usbcore: registered new interface driver hub
[    4.074377][    T1] usbcore: registered new device driver usb
[    4.075652][    T1] mc: Linux media interface: v0.10
[    4.076305][    T1] videodev: Linux video capture interface: v2.00
[    4.077272][    T1] pps_core: LinuxPPS API ver. 1 registered
[    4.077943][    T1] pps_core: Software ver. 5.3.6 - Copyright 2005-2007 Rodolfo Giometti <giometti@linux.it>
[    4.079114][    T1] PTP clock support registered
[    4.084595][    T1] EDAC MC: Ver: 3.0.0
[    4.086363][    T1] Advanced Linux Sound Architecture Driver Initialized.
[    4.095580][    T1] Bluetooth: Core ver 2.22
[    4.096169][    T1] NET: Registered PF_BLUETOOTH protocol family
[    4.096860][    T1] Bluetooth: HCI device and connection manager initialized
[    4.097694][    T1] Bluetooth: HCI socket layer initialized
[    4.098355][    T1] Bluetooth: L2CAP socket layer initialized
[    4.099098][    T1] Bluetooth: SCO socket layer initialized
[    4.104334][    T1] NET: Registered PF_ATMPVC protocol family
[    4.105024][    T1] NET: Registered PF_ATMSVC protocol family
[    4.105855][    T1] NetLabel: Initializing
[    4.106351][    T1] NetLabel:  domain hash size = 128
[    4.106935][    T1] NetLabel:  protocols = UNLABELED CIPSOv4 CALIPSO
[    4.107839][    T1] NetLabel:  unlabeled traffic allowed by default
[    4.114733][    T1] nfc: nfc_init: NFC Core ver 0.1
[    4.115444][    T1] NET: Registered PF_NFC protocol family
[    4.116116][    T1] PCI: Using ACPI for IRQ routing
[    4.116937][    T1] pci 0000:00:02.0: vgaarb: setting as boot VGA device
[    4.116937][    T1] pci 0000:00:02.0: vgaarb: bridge control possible
[    4.116937][    T1] pci 0000:00:02.0: vgaarb: VGA device added: decodes=io+mem,owns=io+mem,locks=none
[    4.124296][    T1] vgaarb: loaded
[    4.126191][    T1] hpet0: at MMIO 0xfed00000, IRQs 2, 8, 0
[    4.126876][    T1] hpet0: 3 comparators, 64-bit 100.000000 MHz counter
[    4.137653][    T1] clocksource: Switched to clocksource kvm-clock
[    4.150224][    T1] VFS: Disk quotas dquot_6.6.0
[    4.150847][    T1] VFS: Dquot-cache hash table entries: 512 (order 0, 4096 bytes)
[    4.152022][    T1] FS-Cache: Loaded
[    4.152938][    T1] CacheFiles: Loaded
[    4.153667][    T1] TOMOYO: 2.6.0
[    4.154092][    T1] Mandatory Access Control activated.
[    4.155888][    T1] AppArmor: AppArmor Filesystem Enabled
[    4.156711][    T1] pnp: PnP ACPI init
[    4.161326][    T1] pnp: PnP ACPI: found 6 devices
[    4.184333][    T1] clocksource: acpi_pm: mask: 0xffffff max_cycles: 0xffffff, max_idle_ns: 2085701024 ns
[    4.185820][    T1] NET: Registered PF_INET protocol family
[    4.186708][    T1] IP idents hash table entries: 32768 (order: 6, 262144 bytes, linear)
[    4.189452][    T1] tcp_listen_portaddr_hash hash table entries: 1024 (order: 4, 73728 bytes, linear)
[    4.190566][    T1] Table-perturb hash table entries: 65536 (order: 6, 262144 bytes, linear)
[    4.192668][    T1] TCP established hash table entries: 16384 (order: 5, 131072 bytes, linear)
[    4.196824][    T1] TCP bind hash table entries: 16384 (order: 9, 2359296 bytes, linear)
[    4.198668][    T1] TCP: Hash tables configured (established 16384 bind 16384)
[    4.200121][    T1] MPTCP token hash table entries: 2048 (order: 5, 180224 bytes, linear)
[    4.201225][    T1] UDP hash table entries: 1024 (order: 5, 163840 bytes, linear)
[    4.202202][    T1] UDP-Lite hash table entries: 1024 (order: 5, 163840 bytes, linear)
[    4.203481][    T1] NET: Registered PF_UNIX/PF_LOCAL protocol family
[    4.204981][    T1] RPC: Registered named UNIX socket transport module.
[    4.205775][    T1] RPC: Registered udp transport module.
[    4.206392][    T1] RPC: Registered tcp transport module.
[    4.207018][    T1] RPC: Registered tcp NFSv4.1 backchannel transport module.
[    4.209251][    T1] NET: Registered PF_XDP protocol family
[    4.209921][    T1] pci_bus 0000:00: resource 4 [io  0x0000-0x0cf7 window]
[    4.210753][    T1] pci_bus 0000:00: resource 5 [io  0x0d00-0xffff window]
[    4.211560][    T1] pci_bus 0000:00: resource 6 [mem 0x000a0000-0x000bffff window]
[    4.212453][    T1] pci_bus 0000:00: resource 7 [mem 0x80000000-0xfebfffff window]
[    4.213327][    T1] pci_bus 0000:00: resource 8 [mem 0x100000000-0x17fffffff window]
[    4.214636][    T1] pci 0000:00:01.0: PIIX3: Enabling Passive Release
[    4.215419][    T1] pci 0000:00:00.0: Limiting direct PCI/PCI transfers
[    4.216295][    T1] PCI: CLS 0 bytes, default 64
[    4.217060][    T1] ACPI: bus type thunderbolt registered
[    4.218364][    T1] kvm_intel: VMX not supported by CPU 0
[    4.219214][    T1] kvm_amd: Nested Virtualization enabled
[    4.219911][    T1] kvm_amd: Nested Paging enabled
[    4.231786][   T39] Trying to unpack rootfs image as initramfs...
[    4.354209][   T39] Freeing initrd memory: 1356K
[    4.356245][   T57] kworker/u4:3 (57) used greatest stack depth: 28544 bytes left
[    4.357383][   T56] kworker/u4:3 (56) used greatest stack depth: 28192 bytes left
[    4.359839][   T71] kworker/u4:3 (71) used greatest stack depth: 27792 bytes left
[    6.913667][    T1] Initialise system trusted keyrings
[    6.915449][    T1] workingset: timestamp_bits=40 max_order=19 bucket_order=0
[    6.916401][    T1] zbud: loaded
[    6.918784][    T1] DLM installed
[    6.920000][    T1] squashfs: version 4.0 (2009/01/31) Phillip Lougher
[    6.923745][    T1] NFS: Registering the id_resolver key type
[    6.924626][    T1] Key type id_resolver registered
[    6.925360][    T1] Key type id_legacy registered
[    6.926085][    T1] nfs4filelayout_init: NFSv4 File Layout Driver Registering...
[    6.927204][    T1] nfs4flexfilelayout_init: NFSv4 Flexfile Layout Driver Registering...
[    6.930893][    T1] Key type cifs.spnego registered
[    6.931682][    T1] Key type cifs.idmap registered
[    6.932561][    T1] ntfs: driver 2.1.32 [Flags: R/W].
[    6.933354][    T1] ntfs3: Max link count 4000
[    6.934008][    T1] ntfs3: Enabled Linux POSIX ACLs support
[    6.934822][    T1] ntfs3: Read-only LZX/Xpress compression included
[    6.935783][    T1] efs: 1.0a - http://aeschi.ch.eu.org/efs/
[    6.936618][    T1] jffs2: version 2.2. (NAND) (SUMMARY)  © 2001-2006 Red Hat, Inc.
[    6.938064][    T1] romfs: ROMFS MTD (C) 2007 Red Hat, Inc.
[    6.938915][    T1] QNX4 filesystem 0.2.3 registered.
[    6.940103][    T1] qnx6: QNX6 filesystem 1.0.0 registered.
[    6.941212][    T1] fuse: init (API version 7.38)
[    6.942866][    T1] orangefs_debugfs_init: called with debug mask: :none: :0:
[    6.944198][    T1] orangefs_init: module version upstream loaded
[    6.945212][    T1] JFS: nTxBlock = 8192, nTxLock = 65536
[    6.956832][    T1] SGI XFS with ACLs, security attributes, realtime, quota, no debug enabled
[    6.959068][    T1] 9p: Installing v9fs 9p2000 file system support
[    6.960128][    T1] NILFS version 2 loaded
[    6.960744][    T1] befs: version: 0.9.3
[    6.961492][    T1] ocfs2: Registered cluster interface o2cb
[    6.962694][    T1] ocfs2: Registered cluster interface user
[    6.963709][    T1] OCFS2 User DLM kernel interface loaded
[    6.970729][    T1] gfs2: GFS2 installed
[    6.973251][    T1] ceph: loaded (mds proto 32)
[    6.980554][    T1] NET: Registered PF_ALG protocol family
[    6.981402][    T1] xor: automatically using best checksumming function   avx       
[    6.982550][    T1] async_tx: api initialized (async)
[    6.983299][    T1] Key type asymmetric registered
[    6.984027][    T1] Asymmetric key parser 'x509' registered
[    6.984869][    T1] Asymmetric key parser 'pkcs8' registered
[    6.985693][    T1] Key type pkcs7_test registered
[    6.986611][    T1] Block layer SCSI generic (bsg) driver version 0.4 loaded (major 240)
[    6.988110][    T1] io scheduler mq-deadline registered
[    6.988884][    T1] io scheduler kyber registered
[    6.989667][    T1] io scheduler bfq registered
[    6.995503][    T1] input: Power Button as /devices/LNXSYSTM:00/LNXPWRBN:00/input/input0
[    7.001808][    T1] ACPI: button: Power Button [PWRF]
[    7.006596][    T1] ioatdma: Intel(R) QuickData Technology Driver 5.00
[    7.017096][  T179] kworker/u4:1 (179) used greatest stack depth: 27608 bytes left
[    7.131265][  T376] kworker/u4:0 (376) used greatest stack depth: 27440 bytes left
[    7.176782][  T515] kworker/u4:1 (515) used greatest stack depth: 27296 bytes left
[    7.226789][    T1] N_HDLC line discipline registered with maxframe=4096
[    7.228779][    T1] Serial: 8250/16550 driver, 4 ports, IRQ sharing enabled
[    7.230084][    T1] 00:04: ttyS0 at I/O 0x3f8 (irq = 4, base_baud = 115200) is a 16550A
[    7.239563][    T1] Non-volatile memory driver v1.3
[    7.240272][    T1] Linux agpgart interface v0.103
[    7.242747][    T1] ACPI: bus type drm_connector registered
[    7.245545][    T1] [drm] Initialized vgem 1.0.0 20120112 for vgem on minor 0
[    7.263298][    T1] [drm] Initialized vkms 1.0.0 20180514 for vkms on minor 1
[    7.324218][    T1] Console: switching to colour frame buffer device 128x48
[    7.342078][    T1] platform vkms: [drm] fb0: vkmsdrmfb frame buffer device
[    7.343048][    T1] usbcore: registered new interface driver udl
[    7.344024][    T1] bochs-drm 0000:00:02.0: vgaarb: deactivate vga console
[    7.353357][    T1] [drm] Found bochs VGA, ID 0xb0c5.
[    7.353955][    T1] [drm] Framebuffer size 16384 kB @ 0xfd000000, mmio @ 0xfebf0000.
[    7.358048][    T1] [drm] Found EDID data blob.
[    7.361272][    T1] [drm] Initialized bochs-drm 1.0.0 20130925 for 0000:00:02.0 on minor 2
[    7.368418][    T1] fbcon: bochs-drmdrmfb (fb1) is primary device
[    7.368438][    T1] fbcon: Remapping primary device, fb1, to tty 1-63
[   12.491392][    T1] bochs-drm 0000:00:02.0: [drm] fb1: bochs-drmdrmfb frame buffer device
[   12.501989][   T54] Floppy drive(s): fd0 is 2.88M AMI BIOS
[   12.530414][   T54] FDC 0 is a S82078B
[   12.556122][    T1] brd: module loaded
[   12.598615][    T1] loop: module loaded
[   12.642957][    T1] zram: Added device: zram0
[   12.646420][    T1] null_blk: disk nullb0 created
[   12.646977][    T1] null_blk: module loaded
[   12.647544][    T1] Guest personality initialized and is inactive
[   12.648454][    T1] VMCI host device registered (name=vmci, major=10, minor=118)
[   12.649373][    T1] Initialized host personality
[   12.649986][    T1] usbcore: registered new interface driver rtsx_usb
[   12.650958][    T1] usbcore: registered new interface driver viperboard
[   12.651838][    T1] usbcore: registered new interface driver dln2
[   12.652647][    T1] usbcore: registered new interface driver pn533_usb
[   12.654944][    T1] nfcsim 0.2 initialized
[   12.655491][    T1] usbcore: registered new interface driver port100
[   12.656282][    T1] usbcore: registered new interface driver nfcmrvl
[   12.658316][    T1] Loading iSCSI transport class v2.0-870.
[   12.661172][    T1] st: Version 20160209, fixed bufsize 32768, s/g segs 256
[   12.678887][    T1] scsi host0: ata_piix
[   12.680484][    T1] scsi host1: ata_piix
[   12.681437][    T1] ata1: PATA max MWDMA2 cmd 0x1f0 ctl 0x3f6 bmdma 0xc000 irq 14
[   12.682432][    T1] ata2: PATA max MWDMA2 cmd 0x170 ctl 0x376 bmdma 0xc008 irq 15
[   12.685815][    T1] Rounding down aligned max_sectors from 4294967295 to 4294967288
[   12.687127][    T1] db_root: cannot open: /etc/target
[   12.688160][    T1] slram: not enough parameters.
[   12.694952][    T1] ftl_cs: FTL header not found.
[   12.706164][    T1] wireguard: WireGuard 1.0.0 loaded. See www.wireguard.com for information.
[   12.707299][    T1] wireguard: Copyright (C) 2015-2019 Jason A. Donenfeld <Jason@zx2c4.com>. All Rights Reserved.
[   12.708626][    T1] eql: Equalizer2002: Simon Janes (simon@ncm.com) and David S. Miller (davem@redhat.com)
[   12.715826][    T1] MACsec IEEE 802.1AE
[   12.725488][    T1] tun: Universal TUN/TAP device driver, 1.6
[   12.726963][    T1] vcan: Virtual CAN interface driver
[   12.727644][    T1] vxcan: Virtual CAN Tunnel driver
[   12.728267][    T1] slcan: serial line CAN interface driver
[   12.728932][    T1] CAN device driver interface
[   12.730260][    T1] usbcore: registered new interface driver usb_8dev
[   12.731711][    T1] usbcore: registered new interface driver ems_usb
[   12.732635][    T1] usbcore: registered new interface driver gs_usb
[   12.733559][    T1] usbcore: registered new interface driver kvaser_usb
[   12.734680][    T1] usbcore: registered new interface driver mcba_usb
[   12.735745][    T1] usbcore: registered new interface driver peak_usb
[   12.737002][    T1] e100: Intel(R) PRO/100 Network Driver
[   12.737740][    T1] e100: Copyright(c) 1999-2006 Intel Corporation
[   12.738789][    T1] e1000: Intel(R) PRO/1000 Network Driver
[   12.740446][    T1] e1000: Copyright (c) 1999-2006 Intel Corporation.
[   12.741528][    T1] e1000e: Intel(R) PRO/1000 Network Driver
[   12.742311][    T1] e1000e: Copyright(c) 1999 - 2015 Intel Corporation.
[   12.743792][    T1] mkiss: AX.25 Multikiss, Hans Albas PE1AYX
[   12.744579][    T1] AX.25: 6pack driver, Revision: 0.3.0
[   12.745332][    T1] AX.25: bpqether driver version 004
[   12.746024][    T1] PPP generic driver version 2.4.2
[   12.747321][    T1] PPP BSD Compression module registered
[   12.748066][    T1] PPP Deflate Compression module registered
[   12.748900][    T1] PPP MPPE Compression module registered
[   12.749697][    T1] NET: Registered PF_PPPOX protocol family
[   12.750536][    T1] PPTP driver version 0.8.5
[   12.751326][    T1] SLIP: version 0.8.4-NET3.019-NEWTTY (dynamic channels, max=256) (6 bit encapsulation enabled).
[   12.752707][    T1] CSLIP: code copyright 1989 Regents of the University of California.
[   12.753780][    T1] SLIP linefill/keepalive option.
[   12.754479][    T1] hdlc: HDLC support module revision 1.22
[   12.755260][    T1] LAPB Ethernet driver version 0.02
[   12.756541][    T1] usbcore: registered new interface driver ath9k_htc
[   12.757629][    T1] usbcore: registered new interface driver carl9170
[   12.758688][    T1] usbcore: registered new interface driver ath6kl_usb
[   12.759818][    T1] usbcore: registered new interface driver ar5523
[   12.761203][    T1] usbcore: registered new interface driver ath10k_usb
[   12.762286][    T1] usbcore: registered new interface driver rndis_wlan
[   12.763465][    T1] mac80211_hwsim: initializing netlink
[   12.777506][    T1] usbcore: registered new interface driver atusb
[   12.783150][    T1] mac802154_hwsim mac802154_hwsim: Added 2 mac802154 hwsim hardware radios
[   12.784914][    T1] VMware vmxnet3 virtual NIC driver - version 1.7.0.0-k-NAPI
[   12.786271][    T1] usbcore: registered new interface driver catc
[   12.787296][    T1] usbcore: registered new interface driver kaweth
[   12.788158][    T1] pegasus: Pegasus/Pegasus II USB Ethernet driver
[   12.789314][    T1] usbcore: registered new interface driver pegasus
[   12.790388][    T1] usbcore: registered new interface driver rtl8150
[   12.791467][    T1] usbcore: registered new device driver r8152-cfgselector
[   12.792640][    T1] usbcore: registered new interface driver r8152
[   12.793505][    T1] hso: drivers/net/usb/hso.c: Option Wireless
[   12.794559][    T1] usbcore: registered new interface driver hso
[   12.795590][    T1] usbcore: registered new interface driver lan78xx
[   12.796672][    T1] usbcore: registered new interface driver asix
[   12.797731][    T1] usbcore: registered new interface driver ax88179_178a
[   12.799053][    T1] usbcore: registered new interface driver cdc_ether
[   12.800247][    T1] usbcore: registered new interface driver cdc_eem
[   12.801310][    T1] usbcore: registered new interface driver dm9601
[   12.802363][    T1] usbcore: registered new interface driver sr9700
[   12.803425][    T1] usbcore: registered new interface driver CoreChips
[   12.804543][    T1] usbcore: registered new interface driver smsc75xx
[   12.805626][    T1] usbcore: registered new interface driver smsc95xx
[   12.806707][    T1] usbcore: registered new interface driver gl620a
[   12.807760][    T1] usbcore: registered new interface driver net1080
[   12.808818][    T1] usbcore: registered new interface driver plusb
[   12.810528][    T1] usbcore: registered new interface driver rndis_host
[   12.811587][    T1] usbcore: registered new interface driver cdc_subset
[   12.812654][    T1] usbcore: registered new interface driver zaurus
[   12.813657][    T1] usbcore: registered new interface driver MOSCHIP usb-ethernet driver
[   12.814923][    T1] usbcore: registered new interface driver int51x1
[   12.815932][    T1] usbcore: registered new interface driver cdc_phonet
[   12.816893][    T1] usbcore: registered new interface driver kalmia
[   12.817823][    T1] usbcore: registered new interface driver ipheth
[   12.818853][    T1] usbcore: registered new interface driver sierra_net
[   12.820026][    T1] usbcore: registered new interface driver cx82310_eth
[   12.821088][    T1] usbcore: registered new interface driver cdc_ncm
[   12.822046][    T1] usbcore: registered new interface driver huawei_cdc_ncm
[   12.823025][    T1] usbcore: registered new interface driver lg-vl600
[   12.823942][    T1] usbcore: registered new interface driver qmi_wwan
[   12.824972][    T1] usbcore: registered new interface driver cdc_mbim
[   12.826027][    T1] usbcore: registered new interface driver ch9200
[   12.827054][    T1] usbcore: registered new interface driver r8153_ecm
[   12.830574][    T1] VFIO - User Level meta-driver version: 0.3
[   12.836666][    T1] aoe: AoE v85 initialised.
[   12.841692][    T1] SPI driver max3421-hcd has no spi_device_id for maxim,max3421
[   12.843115][    T1] usbcore: registered new interface driver cdc_acm
[   12.844032][    T1] cdc_acm: USB Abstract Control Model driver for USB modems and ISDN adapters
[   12.845534][    T1] usbcore: registered new interface driver usblp
[   12.847472][    T1] usbcore: registered new interface driver cdc_wdm
[   12.848420][    T1] usbcore: registered new interface driver usbtmc
[   12.849372][  T974] ata2: found unknown device (class 0)
[   12.850759][  T974] ata2.00: ATAPI: QEMU DVD-ROM, 2.5+, max UDMA/100
[   12.852422][    T1] usbcore: registered new interface driver uas
[   12.853282][    T1] usbcore: registered new interface driver usb-storage
[   12.854180][    T1] usbcore: registered new interface driver ums-alauda
[   12.855043][    T1] usbcore: registered new interface driver ums-cypress
[   12.855911][    T1] usbcore: registered new interface driver ums-datafab
[   12.856771][    T1] usbcore: registered new interface driver ums_eneub6250
[   12.857659][    T1] usbcore: registered new interface driver ums-freecom
[   12.858530][    T1] usbcore: registered new interface driver ums-isd200
[   12.859460][    T1] usbcore: registered new interface driver ums-jumpshot
[   12.860351][    T1] usbcore: registered new interface driver ums-karma
[   12.861296][    T1] usbcore: registered new interface driver ums-onetouch
[   12.862036][   T39] scsi 1:0:0:0: CD-ROM            QEMU     QEMU DVD-ROM     2.5+ PQ: 0 ANSI: 5
[   12.862338][    T1] usbcore: registered new interface driver ums-realtek
[   12.864532][    T1] usbcore: registered new interface driver ums-sddr09
[   12.865538][    T1] usbcore: registered new interface driver ums-sddr55
[   12.866674][    T1] usbcore: registered new interface driver ums-usbat
[   12.868450][    T1] usbcore: registered new interface driver mdc800
[   12.869239][    T1] mdc800: v0.7.5 (30/10/2000):USB Driver for Mustek MDC800 Digital Camera
[   12.870279][    T1] usbcore: registered new interface driver microtekX6
[   12.871256][    T1] usbcore: registered new interface driver usbserial_generic
[   12.872273][    T1] usbserial: USB Serial support registered for generic
[   12.873232][    T1] usbcore: registered new interface driver aircable
[   12.874143][    T1] usbserial: USB Serial support registered for aircable
[   12.875177][    T1] usbcore: registered new interface driver ark3116
[   12.876142][    T1] usbserial: USB Serial support registered for ark3116
[   12.877075][    T1] usbcore: registered new interface driver belkin_sa
[   12.878002][    T1] usbserial: USB Serial support registered for Belkin / Peracom / GoHubs USB Serial Adapter
[   12.881795][    T1] usbcore: registered new interface driver ch341
[   12.884815][    T1] usbserial: USB Serial support registered for ch341-uart
[   12.885905][    T1] usbcore: registered new interface driver cp210x
[   12.886914][    T1] usbserial: USB Serial support registered for cp210x
[   12.887953][    T1] usbcore: registered new interface driver cyberjack
[   12.888968][    T1] usbserial: USB Serial support registered for Reiner SCT Cyberjack USB card reader
[   12.890886][    T1] usbcore: registered new interface driver cypress_m8
[   12.891903][    T1] usbserial: USB Serial support registered for DeLorme Earthmate USB
[   12.893163][    T1] usbserial: USB Serial support registered for HID->COM RS232 Adapter
[   12.894390][    T1] usbserial: USB Serial support registered for Nokia CA-42 V2 Adapter
[   12.895639][    T1] usbcore: registered new interface driver usb_debug
[   12.896677][    T1] usbserial: USB Serial support registered for debug
[   12.897675][    T1] usbserial: USB Serial support registered for xhci_dbc
[   12.898796][    T1] usbcore: registered new interface driver digi_acceleport
[   12.899988][    T1] usbserial: USB Serial support registered for Digi 2 port USB adapter
[   12.901169][    T1] usbserial: USB Serial support registered for Digi 4 port USB adapter
[   12.902334][    T1] usbcore: registered new interface driver io_edgeport
[   12.903439][    T1] usbserial: USB Serial support registered for Edgeport 2 port adapter
[   12.904704][    T1] usbserial: USB Serial support registered for Edgeport 4 port adapter
[   12.905960][    T1] usbserial: USB Serial support registered for Edgeport 8 port adapter
[   12.907188][    T1] usbserial: USB Serial support registered for EPiC device
[   12.908338][    T1] usbcore: registered new interface driver io_ti
[   12.909387][    T1] usbserial: USB Serial support registered for Edgeport TI 1 port adapter
[   12.910727][    T1] usbserial: USB Serial support registered for Edgeport TI 2 port adapter
[   12.912075][    T1] usbcore: registered new interface driver empeg
[   12.913091][    T1] usbserial: USB Serial support registered for empeg
[   12.914047][    T1] usbcore: registered new interface driver f81534a_ctrl
[   12.915046][    T1] usbcore: registered new interface driver f81232
[   12.915996][    T1] usbserial: USB Serial support registered for f81232
[   12.916959][    T1] usbserial: USB Serial support registered for f81534a
[   12.917972][    T1] usbcore: registered new interface driver f81534
[   12.918909][    T1] usbserial: USB Serial support registered for Fintek F81532/F81534
[   12.920088][    T1] usbcore: registered new interface driver ftdi_sio
[   12.921048][    T1] usbserial: USB Serial support registered for FTDI USB Serial Device
[   12.922172][    T1] usbcore: registered new interface driver garmin_gps
[   12.923142][    T1] usbserial: USB Serial support registered for Garmin GPS usb/tty
[   12.924231][    T1] usbcore: registered new interface driver ipaq
[   12.925152][    T1] usbserial: USB Serial support registered for PocketPC PDA
[   12.926171][    T1] usbcore: registered new interface driver ipw
[   12.927085][    T1] usbserial: USB Serial support registered for IPWireless converter
[   12.928200][    T1] usbcore: registered new interface driver ir_usb
[   12.929604][    T1] usbserial: USB Serial support registered for IR Dongle
[   12.930821][    T1] usbcore: registered new interface driver iuu_phoenix
[   12.931809][   T39] sr 1:0:0:0: [sr0] scsi3-mmc drive: 4x/4x cd/rw xa/form2 tray
[   12.931931][    T1] usbserial: USB Serial support registered for iuu_phoenix
[   12.932745][   T39] cdrom: Uniform CD-ROM driver Revision: 3.20
[   12.933750][    T1] usbcore: registered new interface driver keyspan
[   12.935602][    T1] usbserial: USB Serial support registered for Keyspan - (without firmware)
[   12.936793][    T1] usbserial: USB Serial support registered for Keyspan 1 port adapter
[   12.937929][    T1] usbserial: USB Serial support registered for Keyspan 2 port adapter
[   12.939075][    T1] usbserial: USB Serial support registered for Keyspan 4 port adapter
[   12.940215][    T1] usbcore: registered new interface driver keyspan_pda
[   12.941100][    T1] usbserial: USB Serial support registered for Keyspan PDA
[   12.942018][    T1] usbserial: USB Serial support registered for Keyspan PDA - (prerenumeration)
[   12.943169][    T1] usbcore: registered new interface driver kl5kusb105
[   12.944037][    T1] usbserial: USB Serial support registered for KL5KUSB105D / PalmConnect
[   12.945102][    T1] usbcore: registered new interface driver kobil_sct
[   12.945949][    T1] usbserial: USB Serial support registered for KOBIL USB smart card terminal
[   12.947063][    T1] usbcore: registered new interface driver mct_u232
[   12.947900][    T1] usbserial: USB Serial support registered for MCT U232
[   12.948782][    T1] usbcore: registered new interface driver metro_usb
[   12.949651][    T1] usbserial: USB Serial support registered for Metrologic USB to Serial
[   12.950723][    T1] usbcore: registered new interface driver mos7720
[   12.951553][    T1] usbserial: USB Serial support registered for Moschip 2 port adapter
[   12.952587][    T1] usbcore: registered new interface driver mos7840
[   12.953417][    T1] usbserial: USB Serial support registered for Moschip 7840/7820 USB Serial Driver
[   12.954591][    T1] usbcore: registered new interface driver mxuport
[   12.955417][    T1] usbserial: USB Serial support registered for MOXA UPort
[   12.956341][    T1] usbcore: registered new interface driver navman
[   12.957157][    T1] usbserial: USB Serial support registered for navman
[   12.958018][    T1] usbcore: registered new interface driver omninet
[   12.958924][    T1] usbserial: USB Serial support registered for ZyXEL - omni.net usb
[   12.959961][    T1] usbcore: registered new interface driver opticon
[   12.960792][    T1] usbserial: USB Serial support registered for opticon
[   12.961675][    T1] usbcore: registered new interface driver option
[   12.962500][    T1] usbserial: USB Serial support registered for GSM modem (1-port)
[   12.963492][    T1] usbcore: registered new interface driver oti6858
[   12.964541][    T1] usbserial: USB Serial support registered for oti6858
[   12.965426][    T1] usbcore: registered new interface driver pl2303
[   12.966327][    T1] usbserial: USB Serial support registered for pl2303
[   12.967335][    T1] usbcore: registered new interface driver qcaux
[   12.968173][    T1] usbserial: USB Serial support registered for qcaux
[   12.968997][    T1] usbcore: registered new interface driver qcserial
[   12.969850][    T1] usbserial: USB Serial support registered for Qualcomm USB modem
[   12.970842][    T1] usbcore: registered new interface driver quatech2
[   12.971676][    T1] usbserial: USB Serial support registered for Quatech 2nd gen USB to Serial Driver
[   12.972838][    T1] usbcore: registered new interface driver safe_serial
[   12.973681][    T1] usbserial: USB Serial support registered for safe_serial
[   12.974611][    T1] usbcore: registered new interface driver sierra
[   12.975424][    T1] usbserial: USB Serial support registered for Sierra USB modem
[   12.976378][    T1] usbcore: registered new interface driver usb_serial_simple
[   12.977302][    T1] usbserial: USB Serial support registered for carelink
[   12.978177][    T1] usbserial: USB Serial support registered for zio
[   12.978985][    T1] usbserial: USB Serial support registered for funsoft
[   12.979859][    T1] usbserial: USB Serial support registered for flashloader
[   12.980751][    T1] usbserial: USB Serial support registered for google
[   12.981622][    T1] usbserial: USB Serial support registered for libtransistor
[   12.982535][    T1] usbserial: USB Serial support registered for vivopay
[   12.983399][    T1] usbserial: USB Serial support registered for moto_modem
[   12.984282][    T1] usbserial: USB Serial support registered for motorola_tetra
[   12.985231][    T1] usbserial: USB Serial support registered for nokia
[   12.986092][    T1] usbserial: USB Serial support registered for novatel_gps
[   12.987022][    T1] usbserial: USB Serial support registered for hp4x
[   12.987879][    T1] usbserial: USB Serial support registered for suunto
[   12.988742][    T1] usbserial: USB Serial support registered for siemens_mpi
[   12.989684][    T1] usbcore: registered new interface driver spcp8x5
[   12.990531][    T1] usbserial: USB Serial support registered for SPCP8x5
[   12.991393][    T1] usbcore: registered new interface driver ssu100
[   12.992193][    T1] usbserial: USB Serial support registered for Quatech SSU-100 USB to Serial Driver
[   12.993341][    T1] usbcore: registered new interface driver symbolserial
[   12.994199][    T1] usbserial: USB Serial support registered for symbol
[   12.995057][    T1] usbcore: registered new interface driver ti_usb_3410_5052
[   12.995963][    T1] usbserial: USB Serial support registered for TI USB 3410 1 port adapter
[   12.996992][    T1] usbserial: USB Serial support registered for TI USB 5052 2 port adapter
[   12.998033][    T1] usbcore: registered new interface driver upd78f0730
[   12.998872][    T1] usbserial: USB Serial support registered for upd78f0730
[   12.999786][    T1] usbcore: registered new interface driver visor
[   13.000569][    T1] usbserial: USB Serial support registered for Handspring Visor / Palm OS
[   13.001610][    T1] usbserial: USB Serial support registered for Sony Clie 5.0
[   13.002524][    T1] usbserial: USB Serial support registered for Sony Clie 3.5
[   13.003440][    T1] usbcore: registered new interface driver wishbone_serial
[   13.004324][    T1] usbserial: USB Serial support registered for wishbone_serial
[   13.005287][    T1] usbcore: registered new interface driver whiteheat
[   13.006118][    T1] usbserial: USB Serial support registered for Connect Tech - WhiteHEAT - (prerenumeration)
[   13.007340][    T1] usbserial: USB Serial support registered for Connect Tech - WhiteHEAT
[   13.008364][    T1] usbcore: registered new interface driver xr_serial
[   13.009222][    T1] usbserial: USB Serial support registered for xr_serial
[   13.010096][    T1] usbcore: registered new interface driver xsens_mt
[   13.010917][    T1] usbserial: USB Serial support registered for xsens_mt
[   13.011782][    T1] usbcore: registered new interface driver adutux
[   13.012588][    T1] usbcore: registered new interface driver appledisplay
[   13.013459][    T1] usbcore: registered new interface driver cypress_cy7c63
[   13.014348][    T1] usbcore: registered new interface driver cytherm
[   13.015356][    T1] usbcore: registered new interface driver emi26 - firmware loader
[   13.016336][    T1] usbcore: registered new interface driver emi62 - firmware loader
[   13.017307][    T1] usbcore: registered new interface driver idmouse
[   13.018128][    T1] usbcore: registered new interface driver iowarrior
[   13.018971][    T1] usbcore: registered new interface driver isight_firmware
[   13.019921][    T1] usbcore: registered new interface driver usblcd
[   13.020799][    T1] usbcore: registered new interface driver ldusb
[   13.021903][    T1] usbcore: registered new interface driver legousbtower
[   13.022786][    T1] usbcore: registered new interface driver usbtest
[   13.023611][    T1] usbcore: registered new interface driver usb_ehset_test
[   13.024490][    T1] usbcore: registered new interface driver trancevibrator
[   13.025383][    T1] usbcore: registered new interface driver uss720
[   13.026298][    T1] uss720: USB Parport Cable driver for Cables using the Lucent Technologies USS720 Chip
[   13.027421][    T1] uss720: NOTE: this is a special purpose driver to allow nonstandard
[   13.027426][    T1] uss720: protocols (eg. bitbang) over USS720 usb to parallel cables
[   13.027430][    T1] uss720: If you just want to connect to a printer, use usblp instead
[   13.029682][   T39] sr 1:0:0:0: Attached scsi generic sg0 type 5
[   13.031778][    T1] usbcore: registered new interface driver usbsevseg
[   13.032632][    T1] usbcore: registered new interface driver yurex
[   13.033662][    T1] usbcore: registered new interface driver chaoskey
[   13.034498][    T1] usbcore: registered new interface driver sisusb
[   13.035311][    T1] usbcore: registered new interface driver lvs
[   13.036099][    T1] usbcore: registered new interface driver cxacru
[   13.036916][    T1] usbcore: registered new interface driver speedtch
[   13.037756][    T1] usbcore: registered new interface driver ueagle-atm
[   13.038556][    T1] xusbatm: malformed module parameters
[   13.039797][    T1] dummy_hcd dummy_hcd.0: USB Host+Gadget Emulator, driver 02 May 2005
[   13.040772][    T1] dummy_hcd dummy_hcd.0: Dummy host controller
[   13.042216][    T1] dummy_hcd dummy_hcd.0: new USB bus registered, assigned bus number 1
[   13.043756][    T1] usb usb1: New USB device found, idVendor=1d6b, idProduct=0002, bcdDevice= 6.04
[   13.044852][    T1] usb usb1: New USB device strings: Mfr=3, Product=2, SerialNumber=1
[   13.045800][    T1] usb usb1: Product: Dummy host controller
[   13.046482][    T1] usb usb1: Manufacturer: Linux 6.4.0-rc7-00041-ge660abd551f1-dirty dummy_hcd
[   13.047520][    T1] usb usb1: SerialNumber: dummy_hcd.0
[   13.049859][    T1] hub 1-0:1.0: USB hub found
[   13.050765][    T1] hub 1-0:1.0: 1 port detected
[   13.054913][    T1] gadgetfs: USB Gadget filesystem, version 24 Aug 2004
[   13.058467][    T1] vhci_hcd vhci_hcd.0: USB/IP Virtual Host Controller
[   13.059679][    T1] vhci_hcd vhci_hcd.0: new USB bus registered, assigned bus number 2
[   13.060831][    T1] vhci_hcd: created sysfs vhci_hcd.0
[   13.061776][    T1] usb usb2: New USB device found, idVendor=1d6b, idProduct=0002, bcdDevice= 6.04
[   13.062843][    T1] usb usb2: New USB device strings: Mfr=3, Product=2, SerialNumber=1
[   13.063781][    T1] usb usb2: Product: USB/IP Virtual Host Controller
[   13.064547][    T1] usb usb2: Manufacturer: Linux 6.4.0-rc7-00041-ge660abd551f1-dirty vhci_hcd
[   13.065576][    T1] usb usb2: SerialNumber: vhci_hcd.0
[   13.067298][    T1] hub 2-0:1.0: USB hub found
[   13.067945][    T1] hub 2-0:1.0: 8 ports detected
[   13.072265][    T1] vhci_hcd vhci_hcd.0: USB/IP Virtual Host Controller
[   13.073424][    T1] vhci_hcd vhci_hcd.0: new USB bus registered, assigned bus number 3
[   13.074518][    T1] usb usb3: We don't know the algorithms for LPM for this host, disabling LPM.
[   13.075835][    T1] usb usb3: New USB device found, idVendor=1d6b, idProduct=0003, bcdDevice= 6.04
[   13.076905][    T1] usb usb3: New USB device strings: Mfr=3, Product=2, SerialNumber=1
[   13.077847][    T1] usb usb3: Product: USB/IP Virtual Host Controller
[   13.078625][    T1] usb usb3: Manufacturer: Linux 6.4.0-rc7-00041-ge660abd551f1-dirty vhci_hcd
[   13.079699][    T1] usb usb3: SerialNumber: vhci_hcd.0
[   13.081309][    T1] hub 3-0:1.0: USB hub found
[   13.081927][    T1] hub 3-0:1.0: 8 ports detected
[   13.086002][    T1] vhci_hcd vhci_hcd.1: USB/IP Virtual Host Controller
[   13.087122][    T1] vhci_hcd vhci_hcd.1: new USB bus registered, assigned bus number 4
[   13.088388][    T1] usb usb4: New USB device found, idVendor=1d6b, idProduct=0002, bcdDevice= 6.04
[   13.089591][    T1] usb usb4: New USB device strings: Mfr=3, Product=2, SerialNumber=1
[   13.090548][    T1] usb usb4: Product: USB/IP Virtual Host Controller
[   13.091317][    T1] usb usb4: Manufacturer: Linux 6.4.0-rc7-00041-ge660abd551f1-dirty vhci_hcd
[   13.092339][    T1] usb usb4: SerialNumber: vhci_hcd.1
[   13.094125][    T1] hub 4-0:1.0: USB hub found
[   13.094743][    T1] hub 4-0:1.0: 8 ports detected
[   13.098059][    T1] vhci_hcd vhci_hcd.1: USB/IP Virtual Host Controller
[   13.099167][    T1] vhci_hcd vhci_hcd.1: new USB bus registered, assigned bus number 5
[   13.100269][    T1] usb usb5: We don't know the algorithms for LPM for this host, disabling LPM.
[   13.101568][    T1] usb usb5: New USB device found, idVendor=1d6b, idProduct=0003, bcdDevice= 6.04
[   13.102654][    T1] usb usb5: New USB device strings: Mfr=3, Product=2, SerialNumber=1
[   13.103589][    T1] usb usb5: Product: USB/IP Virtual Host Controller
[   13.104375][    T1] usb usb5: Manufacturer: Linux 6.4.0-rc7-00041-ge660abd551f1-dirty vhci_hcd
[   13.105425][    T1] usb usb5: SerialNumber: vhci_hcd.1
[   13.107108][    T1] hub 5-0:1.0: USB hub found
[   13.107783][    T1] hub 5-0:1.0: 8 ports detected
[   13.112039][    T1] vhci_hcd vhci_hcd.2: USB/IP Virtual Host Controller
[   13.113193][    T1] vhci_hcd vhci_hcd.2: new USB bus registered, assigned bus number 6
[   13.114469][    T1] usb usb6: New USB device found, idVendor=1d6b, idProduct=0002, bcdDevice= 6.04
[   13.115526][    T1] usb usb6: New USB device strings: Mfr=3, Product=2, SerialNumber=1
[   13.116464][    T1] usb usb6: Product: USB/IP Virtual Host Controller
[   13.117256][    T1] usb usb6: Manufacturer: Linux 6.4.0-rc7-00041-ge660abd551f1-dirty vhci_hcd
[   13.118298][    T1] usb usb6: SerialNumber: vhci_hcd.2
[   13.120029][    T1] hub 6-0:1.0: USB hub found
[   13.120642][    T1] hub 6-0:1.0: 8 ports detected
[   13.124072][    T1] vhci_hcd vhci_hcd.2: USB/IP Virtual Host Controller
[   13.125183][    T1] vhci_hcd vhci_hcd.2: new USB bus registered, assigned bus number 7
[   13.126245][    T1] usb usb7: We don't know the algorithms for LPM for this host, disabling LPM.
[   13.127549][    T1] usb usb7: New USB device found, idVendor=1d6b, idProduct=0003, bcdDevice= 6.04
[   13.128605][    T1] usb usb7: New USB device strings: Mfr=3, Product=2, SerialNumber=1
[   13.129568][    T1] usb usb7: Product: USB/IP Virtual Host Controller
[   13.130326][    T1] usb usb7: Manufacturer: Linux 6.4.0-rc7-00041-ge660abd551f1-dirty vhci_hcd
[   13.131348][    T1] usb usb7: SerialNumber: vhci_hcd.2
[   13.132958][    T1] hub 7-0:1.0: USB hub found
[   13.133582][    T1] hub 7-0:1.0: 8 ports detected
[   13.137575][    T1] vhci_hcd vhci_hcd.3: USB/IP Virtual Host Controller
[   13.138727][    T1] vhci_hcd vhci_hcd.3: new USB bus registered, assigned bus number 8
[   13.140015][    T1] usb usb8: New USB device found, idVendor=1d6b, idProduct=0002, bcdDevice= 6.04
[   13.141083][    T1] usb usb8: New USB device strings: Mfr=3, Product=2, SerialNumber=1
[   13.142026][    T1] usb usb8: Product: USB/IP Virtual Host Controller
[   13.142802][    T1] usb usb8: Manufacturer: Linux 6.4.0-rc7-00041-ge660abd551f1-dirty vhci_hcd
[   13.143823][    T1] usb usb8: SerialNumber: vhci_hcd.3
[   13.145415][    T1] hub 8-0:1.0: USB hub found
[   13.146021][    T1] hub 8-0:1.0: 8 ports detected
[   13.149340][    T1] vhci_hcd vhci_hcd.3: USB/IP Virtual Host Controller
[   13.150482][    T1] vhci_hcd vhci_hcd.3: new USB bus registered, assigned bus number 9
[   13.151588][    T1] usb usb9: We don't know the algorithms for LPM for this host, disabling LPM.
[   13.152930][    T1] usb usb9: New USB device found, idVendor=1d6b, idProduct=0003, bcdDevice= 6.04
[   13.154041][    T1] usb usb9: New USB device strings: Mfr=3, Product=2, SerialNumber=1
[   13.154987][    T1] usb usb9: Product: USB/IP Virtual Host Controller
[   13.155762][    T1] usb usb9: Manufacturer: Linux 6.4.0-rc7-00041-ge660abd551f1-dirty vhci_hcd
[   13.156825][    T1] usb usb9: SerialNumber: vhci_hcd.3
[   13.158441][    T1] hub 9-0:1.0: USB hub found
[   13.159049][    T1] hub 9-0:1.0: 8 ports detected
[   13.164867][    T1] vhci_hcd vhci_hcd.4: USB/IP Virtual Host Controller
[   13.166417][    T1] vhci_hcd vhci_hcd.4: new USB bus registered, assigned bus number 10
[   13.168178][    T1] usb usb10: New USB device found, idVendor=1d6b, idProduct=0002, bcdDevice= 6.04
[   13.169725][    T1] usb usb10: New USB device strings: Mfr=3, Product=2, SerialNumber=1
[   13.171011][    T1] usb usb10: Product: USB/IP Virtual Host Controller
[   13.171998][    T1] usb usb10: Manufacturer: Linux 6.4.0-rc7-00041-ge660abd551f1-dirty vhci_hcd
[   13.173367][    T1] usb usb10: SerialNumber: vhci_hcd.4
[   13.175542][    T1] hub 10-0:1.0: USB hub found
[   13.176360][    T1] hub 10-0:1.0: 8 ports detected
[   13.181112][    T1] vhci_hcd vhci_hcd.4: USB/IP Virtual Host Controller
[   13.182677][    T1] vhci_hcd vhci_hcd.4: new USB bus registered, assigned bus number 11
[   13.184225][    T1] usb usb11: We don't know the algorithms for LPM for this host, disabling LPM.
[   13.186025][    T1] usb usb11: New USB device found, idVendor=1d6b, idProduct=0003, bcdDevice= 6.04
[   13.187412][    T1] usb usb11: New USB device strings: Mfr=3, Product=2, SerialNumber=1
[   13.188665][    T1] usb usb11: Product: USB/IP Virtual Host Controller
[   13.189732][    T1] usb usb11: Manufacturer: Linux 6.4.0-rc7-00041-ge660abd551f1-dirty vhci_hcd
[   13.191057][    T1] usb usb11: SerialNumber: vhci_hcd.4
[   13.193176][    T1] hub 11-0:1.0: USB hub found
[   13.194016][    T1] hub 11-0:1.0: 8 ports detected
[   13.199929][    T1] vhci_hcd vhci_hcd.5: USB/IP Virtual Host Controller
[   13.201531][    T1] vhci_hcd vhci_hcd.5: new USB bus registered, assigned bus number 12
[   13.203781][    T1] usb usb12: New USB device found, idVendor=1d6b, idProduct=0002, bcdDevice= 6.04
[   13.205999][    T1] usb usb12: New USB device strings: Mfr=3, Product=2, SerialNumber=1
[   13.207585][    T1] usb usb12: Product: USB/IP Virtual Host Controller
[   13.208349][    T1] usb usb12: Manufacturer: Linux 6.4.0-rc7-00041-ge660abd551f1-dirty vhci_hcd
[   13.209393][    T1] usb usb12: SerialNumber: vhci_hcd.5
[   13.211159][    T1] hub 12-0:1.0: USB hub found
[   13.211795][    T1] hub 12-0:1.0: 8 ports detected
[   13.215284][    T1] vhci_hcd vhci_hcd.5: USB/IP Virtual Host Controller
[   13.216509][    T1] vhci_hcd vhci_hcd.5: new USB bus registered, assigned bus number 13
[   13.217637][    T1] usb usb13: We don't know the algorithms for LPM for this host, disabling LPM.
[   13.218994][    T1] usb usb13: New USB device found, idVendor=1d6b, idProduct=0003, bcdDevice= 6.04
[   13.220103][    T1] usb usb13: New USB device strings: Mfr=3, Product=2, SerialNumber=1
[   13.221071][    T1] usb usb13: Product: USB/IP Virtual Host Controller
[   13.221852][    T1] usb usb13: Manufacturer: Linux 6.4.0-rc7-00041-ge660abd551f1-dirty vhci_hcd
[   13.222877][    T1] usb usb13: SerialNumber: vhci_hcd.5
[   13.224588][    T1] hub 13-0:1.0: USB hub found
[   13.225246][    T1] hub 13-0:1.0: 8 ports detected
[   13.229543][    T1] vhci_hcd vhci_hcd.6: USB/IP Virtual Host Controller
[   13.231015][    T1] vhci_hcd vhci_hcd.6: new USB bus registered, assigned bus number 14
[   13.232362][    T1] usb usb14: New USB device found, idVendor=1d6b, idProduct=0002, bcdDevice= 6.04
[   13.233460][    T1] usb usb14: New USB device strings: Mfr=3, Product=2, SerialNumber=1
[   13.234423][    T1] usb usb14: Product: USB/IP Virtual Host Controller
[   13.235231][    T1] usb usb14: Manufacturer: Linux 6.4.0-rc7-00041-ge660abd551f1-dirty vhci_hcd
[   13.236259][    T1] usb usb14: SerialNumber: vhci_hcd.6
[   13.238391][    T1] hub 14-0:1.0: USB hub found
[   13.239033][    T1] hub 14-0:1.0: 8 ports detected
[   13.242769][    T1] vhci_hcd vhci_hcd.6: USB/IP Virtual Host Controller
[   13.243989][    T1] vhci_hcd vhci_hcd.6: new USB bus registered, assigned bus number 15
[   13.245106][    T1] usb usb15: We don't know the algorithms for LPM for this host, disabling LPM.
[   13.246467][    T1] usb usb15: New USB device found, idVendor=1d6b, idProduct=0003, bcdDevice= 6.04
[   13.247554][    T1] usb usb15: New USB device strings: Mfr=3, Product=2, SerialNumber=1
[   13.248485][    T1] usb usb15: Product: USB/IP Virtual Host Controller
[   13.249917][    T1] usb usb15: Manufacturer: Linux 6.4.0-rc7-00041-ge660abd551f1-dirty vhci_hcd
[   13.250941][    T1] usb usb15: SerialNumber: vhci_hcd.6
[   13.252523][    T1] hub 15-0:1.0: USB hub found
[   13.253131][    T1] hub 15-0:1.0: 8 ports detected
[   13.257367][    T1] vhci_hcd vhci_hcd.7: USB/IP Virtual Host Controller
[   13.258542][    T1] vhci_hcd vhci_hcd.7: new USB bus registered, assigned bus number 16
[   13.260450][    T1] usb usb16: New USB device found, idVendor=1d6b, idProduct=0002, bcdDevice= 6.04
[   13.261543][    T1] usb usb16: New USB device strings: Mfr=3, Product=2, SerialNumber=1
[   13.262521][    T1] usb usb16: Product: USB/IP Virtual Host Controller
[   13.263292][    T1] usb usb16: Manufacturer: Linux 6.4.0-rc7-00041-ge660abd551f1-dirty vhci_hcd
[   13.264348][    T1] usb usb16: SerialNumber: vhci_hcd.7
[   13.266028][    T1] hub 16-0:1.0: USB hub found
[   13.266659][    T1] hub 16-0:1.0: 8 ports detected
[   13.270193][    T1] vhci_hcd vhci_hcd.7: USB/IP Virtual Host Controller
[   13.271347][    T1] vhci_hcd vhci_hcd.7: new USB bus registered, assigned bus number 17
[   13.272455][    T1] usb usb17: We don't know the algorithms for LPM for this host, disabling LPM.
[   13.273835][    T1] usb usb17: New USB device found, idVendor=1d6b, idProduct=0003, bcdDevice= 6.04
[   13.274980][    T1] usb usb17: New USB device strings: Mfr=3, Product=2, SerialNumber=1
[   13.275961][    T1] usb usb17: Product: USB/IP Virtual Host Controller
[   13.276786][    T1] usb usb17: Manufacturer: Linux 6.4.0-rc7-00041-ge660abd551f1-dirty vhci_hcd
[   13.277830][    T1] usb usb17: SerialNumber: vhci_hcd.7
[   13.280097][    T1] hub 17-0:1.0: USB hub found
[   13.280719][    T1] hub 17-0:1.0: 8 ports detected
[   13.284859][    T1] vhci_hcd vhci_hcd.8: USB/IP Virtual Host Controller
[   13.285985][    T1] vhci_hcd vhci_hcd.8: new USB bus registered, assigned bus number 18
[   13.287290][    T1] usb usb18: New USB device found, idVendor=1d6b, idProduct=0002, bcdDevice= 6.04
[   13.288410][    T1] usb usb18: New USB device strings: Mfr=3, Product=2, SerialNumber=1
[   13.289421][    T1] usb usb18: Product: USB/IP Virtual Host Controller
[   13.290228][    T1] usb usb18: Manufacturer: Linux 6.4.0-rc7-00041-ge660abd551f1-dirty vhci_hcd
[   13.291310][    T1] usb usb18: SerialNumber: vhci_hcd.8
[   13.292959][    T1] hub 18-0:1.0: USB hub found
[   13.293575][    T1] hub 18-0:1.0: 8 ports detected
[   13.296935][    T1] vhci_hcd vhci_hcd.8: USB/IP Virtual Host Controller
[   13.298030][    T1] vhci_hcd vhci_hcd.8: new USB bus registered, assigned bus number 19
[   13.299153][    T1] usb usb19: We don't know the algorithms for LPM for this host, disabling LPM.
[   13.300681][    T1] usb usb19: New USB device found, idVendor=1d6b, idProduct=0003, bcdDevice= 6.04
[   13.301788][    T1] usb usb19: New USB device strings: Mfr=3, Product=2, SerialNumber=1
[   13.302779][    T1] usb usb19: Product: USB/IP Virtual Host Controller
[   13.303581][    T1] usb usb19: Manufacturer: Linux 6.4.0-rc7-00041-ge660abd551f1-dirty vhci_hcd
[   13.304644][    T1] usb usb19: SerialNumber: vhci_hcd.8
[   13.306294][    T1] hub 19-0:1.0: USB hub found
[   13.306939][    T1] hub 19-0:1.0: 8 ports detected
[   13.311127][    T1] vhci_hcd vhci_hcd.9: USB/IP Virtual Host Controller
[   13.312253][    T1] vhci_hcd vhci_hcd.9: new USB bus registered, assigned bus number 20
[   13.313552][    T1] usb usb20: New USB device found, idVendor=1d6b, idProduct=0002, bcdDevice= 6.04
[   13.314664][    T1] usb usb20: New USB device strings: Mfr=3, Product=2, SerialNumber=1
[   13.315650][    T1] usb usb20: Product: USB/IP Virtual Host Controller
[   13.316456][    T1] usb usb20: Manufacturer: Linux 6.4.0-rc7-00041-ge660abd551f1-dirty vhci_hcd
[   13.317510][    T1] usb usb20: SerialNumber: vhci_hcd.9
[   13.319249][    T1] hub 20-0:1.0: USB hub found
[   13.319906][    T1] hub 20-0:1.0: 8 ports detected
[   13.323528][    T1] vhci_hcd vhci_hcd.9: USB/IP Virtual Host Controller
[   13.324638][    T1] vhci_hcd vhci_hcd.9: new USB bus registered, assigned bus number 21
[   13.325726][    T1] usb usb21: We don't know the algorithms for LPM for this host, disabling LPM.
[   13.327067][    T1] usb usb21: New USB device found, idVendor=1d6b, idProduct=0003, bcdDevice= 6.04
[   13.328183][    T1] usb usb21: New USB device strings: Mfr=3, Product=2, SerialNumber=1
[   13.329165][    T1] usb usb21: Product: USB/IP Virtual Host Controller
[   13.329991][    T1] usb usb21: Manufacturer: Linux 6.4.0-rc7-00041-ge660abd551f1-dirty vhci_hcd
[   13.331064][    T1] usb usb21: SerialNumber: vhci_hcd.9
[   13.332746][    T1] hub 21-0:1.0: USB hub found
[   13.333383][    T1] hub 21-0:1.0: 8 ports detected
[   13.337523][    T1] vhci_hcd vhci_hcd.10: USB/IP Virtual Host Controller
[   13.338676][    T1] vhci_hcd vhci_hcd.10: new USB bus registered, assigned bus number 22
[   13.339979][    T1] usb usb22: New USB device found, idVendor=1d6b, idProduct=0002, bcdDevice= 6.04
[   13.341081][    T1] usb usb22: New USB device strings: Mfr=3, Product=2, SerialNumber=1
[   13.342052][    T1] usb usb22: Product: USB/IP Virtual Host Controller
[   13.342863][    T1] usb usb22: Manufacturer: Linux 6.4.0-rc7-00041-ge660abd551f1-dirty vhci_hcd
[   13.343932][    T1] usb usb22: SerialNumber: vhci_hcd.10
[   13.345879][    T1] hub 22-0:1.0: USB hub found
[   13.346533][    T1] hub 22-0:1.0: 8 ports detected
[   13.350057][    T1] vhci_hcd vhci_hcd.10: USB/IP Virtual Host Controller
[   13.351230][    T1] vhci_hcd vhci_hcd.10: new USB bus registered, assigned bus number 23
[   13.352355][    T1] usb usb23: We don't know the algorithms for LPM for this host, disabling LPM.
[   13.353702][    T1] usb usb23: New USB device found, idVendor=1d6b, idProduct=0003, bcdDevice= 6.04
[   13.354795][    T1] usb usb23: New USB device strings: Mfr=3, Product=2, SerialNumber=1
[   13.355768][    T1] usb usb23: Product: USB/IP Virtual Host Controller
[   13.356571][    T1] usb usb23: Manufacturer: Linux 6.4.0-rc7-00041-ge660abd551f1-dirty vhci_hcd
[   13.357632][    T1] usb usb23: SerialNumber: vhci_hcd.10
[   13.359315][    T1] hub 23-0:1.0: USB hub found
[   13.359958][    T1] hub 23-0:1.0: 8 ports detected
[   13.364221][    T1] vhci_hcd vhci_hcd.11: USB/IP Virtual Host Controller
[   13.365414][    T1] vhci_hcd vhci_hcd.11: new USB bus registered, assigned bus number 24
[   13.366742][    T1] usb usb24: New USB device found, idVendor=1d6b, idProduct=0002, bcdDevice= 6.04
[   13.367860][    T1] usb usb24: New USB device strings: Mfr=3, Product=2, SerialNumber=1
[   13.368840][    T1] usb usb24: Product: USB/IP Virtual Host Controller
[   13.369681][    T1] usb usb24: Manufacturer: Linux 6.4.0-rc7-00041-ge660abd551f1-dirty vhci_hcd
[   13.370760][    T1] usb usb24: SerialNumber: vhci_hcd.11
[   13.372475][    T1] hub 24-0:1.0: USB hub found
[   13.373117][    T1] hub 24-0:1.0: 8 ports detected
[   13.376571][    T1] vhci_hcd vhci_hcd.11: USB/IP Virtual Host Controller
[   13.377726][    T1] vhci_hcd vhci_hcd.11: new USB bus registered, assigned bus number 25
[   13.378864][    T1] usb usb25: We don't know the algorithms for LPM for this host, disabling LPM.
[   13.380269][    T1] usb usb25: New USB device found, idVendor=1d6b, idProduct=0003, bcdDevice= 6.04
[   13.381391][    T1] usb usb25: New USB device strings: Mfr=3, Product=2, SerialNumber=1
[   13.382354][    T1] usb usb25: Product: USB/IP Virtual Host Controller
[   13.383149][    T1] usb usb25: Manufacturer: Linux 6.4.0-rc7-00041-ge660abd551f1-dirty vhci_hcd
[   13.384184][    T1] usb usb25: SerialNumber: vhci_hcd.11
[   13.385872][    T1] hub 25-0:1.0: USB hub found
[   13.386521][    T1] hub 25-0:1.0: 8 ports detected
[   13.390871][    T1] vhci_hcd vhci_hcd.12: USB/IP Virtual Host Controller
[   13.392045][    T1] vhci_hcd vhci_hcd.12: new USB bus registered, assigned bus number 26
[   13.393353][    T1] usb usb26: New USB device found, idVendor=1d6b, idProduct=0002, bcdDevice= 6.04
[   13.394458][    T1] usb usb26: New USB device strings: Mfr=3, Product=2, SerialNumber=1
[   13.395420][    T1] usb usb26: Product: USB/IP Virtual Host Controller
[   13.396217][    T1] usb usb26: Manufacturer: Linux 6.4.0-rc7-00041-ge660abd551f1-dirty vhci_hcd
[   13.397239][    T1] usb usb26: SerialNumber: vhci_hcd.12
[   13.398905][    T1] hub 26-0:1.0: USB hub found
[   13.399581][    T1] hub 26-0:1.0: 8 ports detected
[   13.403057][    T1] vhci_hcd vhci_hcd.12: USB/IP Virtual Host Controller
[   13.404224][    T1] vhci_hcd vhci_hcd.12: new USB bus registered, assigned bus number 27
[   13.405385][    T1] usb usb27: We don't know the algorithms for LPM for this host, disabling LPM.
[   13.406760][    T1] usb usb27: New USB device found, idVendor=1d6b, idProduct=0003, bcdDevice= 6.04
[   13.407869][    T1] usb usb27: New USB device strings: Mfr=3, Product=2, SerialNumber=1
[   13.408886][    T1] usb usb27: Product: USB/IP Virtual Host Controller
[   13.409897][    T1] usb usb27: Manufacturer: Linux 6.4.0-rc7-00041-ge660abd551f1-dirty vhci_hcd
[   13.411165][    T1] usb usb27: SerialNumber: vhci_hcd.12
[   13.412835][    T1] hub 27-0:1.0: USB hub found
[   13.413455][    T1] hub 27-0:1.0: 8 ports detected
[   13.417721][    T1] vhci_hcd vhci_hcd.13: USB/IP Virtual Host Controller
[   13.418952][    T1] vhci_hcd vhci_hcd.13: new USB bus registered, assigned bus number 28
[   13.420346][    T1] usb usb28: New USB device found, idVendor=1d6b, idProduct=0002, bcdDevice= 6.04
[   13.421460][    T1] usb usb28: New USB device strings: Mfr=3, Product=2, SerialNumber=1
[   13.422450][    T1] usb usb28: Product: USB/IP Virtual Host Controller
[   13.423226][    T1] usb usb28: Manufacturer: Linux 6.4.0-rc7-00041-ge660abd551f1-dirty vhci_hcd
[   13.424253][    T1] usb usb28: SerialNumber: vhci_hcd.13
[   13.425947][    T1] hub 28-0:1.0: USB hub found
[   13.426601][    T1] hub 28-0:1.0: 8 ports detected
[   13.429977][    T1] vhci_hcd vhci_hcd.13: USB/IP Virtual Host Controller
[   13.431178][    T1] vhci_hcd vhci_hcd.13: new USB bus registered, assigned bus number 29
[   13.432330][    T1] usb usb29: We don't know the algorithms for LPM for this host, disabling LPM.
[   13.433705][    T1] usb usb29: New USB device found, idVendor=1d6b, idProduct=0003, bcdDevice= 6.04
[   13.434823][    T1] usb usb29: New USB device strings: Mfr=3, Product=2, SerialNumber=1
[   13.435811][    T1] usb usb29: Product: USB/IP Virtual Host Controller
[   13.436625][    T1] usb usb29: Manufacturer: Linux 6.4.0-rc7-00041-ge660abd551f1-dirty vhci_hcd
[   13.437697][    T1] usb usb29: SerialNumber: vhci_hcd.13
[   13.439490][    T1] hub 29-0:1.0: USB hub found
[   13.440139][    T1] hub 29-0:1.0: 8 ports detected
[   13.444297][    T1] vhci_hcd vhci_hcd.14: USB/IP Virtual Host Controller
[   13.445532][    T1] vhci_hcd vhci_hcd.14: new USB bus registered, assigned bus number 30
[   13.446886][    T1] usb usb30: New USB device found, idVendor=1d6b, idProduct=0002, bcdDevice= 6.04
[   13.447989][    T1] usb usb30: New USB device strings: Mfr=3, Product=2, SerialNumber=1
[   13.448977][    T1] usb usb30: Product: USB/IP Virtual Host Controller
[   13.449812][    T1] usb usb30: Manufacturer: Linux 6.4.0-rc7-00041-ge660abd551f1-dirty vhci_hcd
[   13.450895][    T1] usb usb30: SerialNumber: vhci_hcd.14
[   13.452734][    T1] hub 30-0:1.0: USB hub found
[   13.453352][    T1] hub 30-0:1.0: 8 ports detected
[   13.456954][    T1] vhci_hcd vhci_hcd.14: USB/IP Virtual Host Controller
[   13.458116][    T1] vhci_hcd vhci_hcd.14: new USB bus registered, assigned bus number 31
[   13.459296][    T1] usb usb31: We don't know the algorithms for LPM for this host, disabling LPM.
[   13.460656][    T1] usb usb31: New USB device found, idVendor=1d6b, idProduct=0003, bcdDevice= 6.04
[   13.461766][    T1] usb usb31: New USB device strings: Mfr=3, Product=2, SerialNumber=1
[   13.462758][    T1] usb usb31: Product: USB/IP Virtual Host Controller
[   13.463557][    T1] usb usb31: Manufacturer: Linux 6.4.0-rc7-00041-ge660abd551f1-dirty vhci_hcd
[   13.464617][    T1] usb usb31: SerialNumber: vhci_hcd.14
[   13.466419][    T1] hub 31-0:1.0: USB hub found
[   13.467072][    T1] hub 31-0:1.0: 8 ports detected
[   13.471342][    T1] vhci_hcd vhci_hcd.15: USB/IP Virtual Host Controller
[   13.472492][    T1] vhci_hcd vhci_hcd.15: new USB bus registered, assigned bus number 32
[   13.473805][    T1] usb usb32: New USB device found, idVendor=1d6b, idProduct=0002, bcdDevice= 6.04
[   13.474915][    T1] usb usb32: New USB device strings: Mfr=3, Product=2, SerialNumber=1
[   13.475867][    T1] usb usb32: Product: USB/IP Virtual Host Controller
[   13.476668][    T1] usb usb32: Manufacturer: Linux 6.4.0-rc7-00041-ge660abd551f1-dirty vhci_hcd
[   13.477699][    T1] usb usb32: SerialNumber: vhci_hcd.15
[   13.479725][    T1] hub 32-0:1.0: USB hub found
[   13.480380][    T1] hub 32-0:1.0: 8 ports detected
[   13.483958][    T1] vhci_hcd vhci_hcd.15: USB/IP Virtual Host Controller
[   13.485108][    T1] vhci_hcd vhci_hcd.15: new USB bus registered, assigned bus number 33
[   13.486206][    T1] usb usb33: We don't know the algorithms for LPM for this host, disabling LPM.
[   13.487587][    T1] usb usb33: New USB device found, idVendor=1d6b, idProduct=0003, bcdDevice= 6.04
[   13.488687][    T1] usb usb33: New USB device strings: Mfr=3, Product=2, SerialNumber=1
[   13.489732][    T1] usb usb33: Product: USB/IP Virtual Host Controller
[   13.490581][    T1] usb usb33: Manufacturer: Linux 6.4.0-rc7-00041-ge660abd551f1-dirty vhci_hcd
[   13.491652][    T1] usb usb33: SerialNumber: vhci_hcd.15
[   13.493366][    T1] hub 33-0:1.0: USB hub found
[   13.494004][    T1] hub 33-0:1.0: 8 ports detected
[   13.498530][    T1] usbcore: registered new device driver usbip-host
[   13.501512][    T1] i8042: PNP: PS/2 Controller [PNP0303:KBD,PNP0f13:MOU] at 0x60,0x64 irq 1,12
[   13.503864][    T1] serio: i8042 KBD port at 0x60,0x64 irq 1
[   13.505239][    T1] serio: i8042 AUX port at 0x60,0x64 irq 12
[   13.507203][    T1] mousedev: PS/2 mouse device common for all mice
[   13.509732][  T739] input: AT Translated Set 2 keyboard as /devices/platform/i8042/serio0/input/input1
[   13.510388][    T1] usbcore: registered new interface driver appletouch
[   13.512782][    T1] usbcore: registered new interface driver bcm5974
[   13.514840][    T1] usbcore: registered new interface driver synaptics_usb
[   13.516397][    T1] usbcore: registered new interface driver iforce
[   13.518131][    T1] usbcore: registered new interface driver xpad
[   13.519128][    T1] usbcore: registered new interface driver usb_acecad
[   13.520761][    T1] usbcore: registered new interface driver aiptek
[   13.521773][    T1] usbcore: registered new interface driver hanwang
[   13.522845][    T1] usbcore: registered new interface driver kbtab
[   13.523851][    T1] usbcore: registered new interface driver pegasus_notetaker
[   13.525042][    T1] usbcore: registered new interface driver usbtouchscreen
[   13.526163][    T1] usbcore: registered new interface driver sur40
[   13.527186][    T1] usbcore: registered new interface driver ati_remote2
[   13.528148][    T1] cm109: Keymap for Komunikate KIP1000 phone loaded
[   13.529442][    T1] usbcore: registered new interface driver cm109
[   13.530359][    T1] cm109: CM109 phone driver: 20080805 (C) Alfred E. Heggestad
[   13.531534][    T1] usbcore: registered new interface driver ims_pcu
[   13.532565][    T1] usbcore: registered new interface driver keyspan_remote
[   13.533678][    T1] usbcore: registered new interface driver powermate
[   13.534942][    T1] usbcore: registered new interface driver yealink
[   13.536762][    T1] rtc_cmos 00:05: RTC can wake from S4
[   13.542124][    T1] rtc_cmos 00:05: registered as rtc0
[   13.542987][    T1] rtc_cmos 00:05: alarms up to one day, y3k, 242 bytes nvram, hpet irqs
[   13.544789][    T1] i2c_dev: i2c /dev entries driver
[   13.546061][    T1] usbcore: registered new interface driver i2c-diolan-u2c
[   13.547457][    T1] usbcore: registered new interface driver RobotFuzz Open Source InterFace, OSIF
[   13.548965][    T1] usbcore: registered new interface driver i2c-tiny-usb
[   13.552284][    T1] usbcore: registered new interface driver igorplugusb
[   13.553503][    T1] usbcore: registered new interface driver iguanair
[   13.554746][    T1] usbcore: registered new interface driver imon
[   13.555890][    T1] usbcore: registered new interface driver mceusb
[   13.557037][    T1] usbcore: registered new interface driver redrat3
[   13.558205][    T1] usbcore: registered new interface driver streamzap
[   13.559395][    T1] usbcore: registered new interface driver ttusbir
[   13.560969][    T1] usbcore: registered new interface driver ati_remote
[   13.562278][    T1] b2c2-flexcop: B2C2 FlexcopII/II(b)/III digital TV receiver chip loaded successfully
[   13.563994][    T1] usbcore: registered new interface driver b2c2_flexcop_usb
[   13.565264][    T1] usbcore: registered new interface driver dvb_usb_vp7045
[   13.566501][    T1] usbcore: registered new interface driver dvb_usb_vp702x
[   13.567752][    T1] usbcore: registered new interface driver dvb_usb_gp8psk
[   13.569005][    T1] usbcore: registered new interface driver dvb_usb_dtt200u
[   13.570297][    T1] usbcore: registered new interface driver dvb_usb_a800
[   13.571575][    T1] usbcore: registered new interface driver dvb_usb_dibusb_mb
[   13.572855][    T1] usbcore: registered new interface driver dvb_usb_dibusb_mc
[   13.574142][    T1] usbcore: registered new interface driver dvb_usb_nova_t_usb2
[   13.575442][    T1] usbcore: registered new interface driver dvb_usb_umt_010
[   13.576685][    T1] usbcore: registered new interface driver dvb_usb_m920x
[   13.577903][    T1] usbcore: registered new interface driver dvb_usb_digitv
[   13.579227][    T1] usbcore: registered new interface driver dvb_usb_cxusb
[   13.580453][    T1] usbcore: registered new interface driver dvb_usb_ttusb2
[   13.581755][    T1] usbcore: registered new interface driver dvb_usb_dib0700
[   13.583002][    T1] usbcore: registered new interface driver opera1
[   13.584133][    T1] usbcore: registered new interface driver dvb_usb_af9005
[   13.585367][    T1] usbcore: registered new interface driver pctv452e
[   13.586570][    T1] usbcore: registered new interface driver dw2102
[   13.587705][    T1] usbcore: registered new interface driver dvb_usb_dtv5100
[   13.588961][    T1] usbcore: registered new interface driver cinergyT2
[   13.590544][    T1] usbcore: registered new interface driver dvb_usb_az6027
[   13.591762][    T1] usbcore: registered new interface driver dvb_usb_technisat_usb2
[   13.593109][    T1] usbcore: registered new interface driver dvb_usb_af9015
[   13.594385][    T1] usbcore: registered new interface driver dvb_usb_af9035
[   13.595614][    T1] usbcore: registered new interface driver dvb_usb_anysee
[   13.596812][    T1] usbcore: registered new interface driver dvb_usb_au6610
[   13.598032][    T1] usbcore: registered new interface driver dvb_usb_az6007
[   13.599357][    T1] usbcore: registered new interface driver dvb_usb_ce6230
[   13.600487][    T1] usbcore: registered new interface driver dvb_usb_ec168
[   13.601587][    T1] usbcore: registered new interface driver dvb_usb_lmedm04
[   13.602719][    T1] usbcore: registered new interface driver dvb_usb_gl861
[   13.603836][    T1] usbcore: registered new interface driver dvb_usb_mxl111sf
[   13.605001][    T1] usbcore: registered new interface driver dvb_usb_rtl28xxu
[   13.606162][    T1] usbcore: registered new interface driver dvb_usb_dvbsky
[   13.607287][    T1] usbcore: registered new interface driver zd1301
[   13.608309][    T1] usbcore: registered new interface driver s2255
[   13.609401][    T1] usbcore: registered new interface driver smsusb
[   13.610464][    T1] usbcore: registered new interface driver ttusb
[   13.611486][    T1] usbcore: registered new interface driver ttusb-dec
[   13.612563][    T1] usbcore: registered new interface driver Abilis Systems as10x usb driver
[   13.613905][    T1] usbcore: registered new interface driver airspy
[   13.614842][    T1] gspca_main: v2.14.0 registered
[   13.615654][    T1] usbcore: registered new interface driver benq
[   13.616660][    T1] usbcore: registered new interface driver conex
[   13.617668][    T1] usbcore: registered new interface driver cpia1
[   13.618691][    T1] usbcore: registered new interface driver dtcs033
[   13.619747][    T1] usbcore: registered new interface driver etoms
[   13.620782][    T1] usbcore: registered new interface driver finepix
[   13.621825][    T1] usbcore: registered new interface driver jeilinj
[   13.622875][    T1] usbcore: registered new interface driver jl2005bcd
[   13.623949][    T1] usbcore: registered new interface driver kinect
[   13.624966][    T1] usbcore: registered new interface driver konica
[   13.626011][    T1] usbcore: registered new interface driver mars
[   13.627023][    T1] usbcore: registered new interface driver mr97310a
[   13.628083][    T1] usbcore: registered new interface driver nw80x
[   13.629104][    T1] usbcore: registered new interface driver ov519
[   13.630145][    T1] usbcore: registered new interface driver ov534
[   13.631358][    T1] usbcore: registered new interface driver ov534_9
[   13.632286][    T1] usbcore: registered new interface driver pac207
[   13.633211][    T1] usbcore: registered new interface driver gspca_pac7302
[   13.634169][    T1] usbcore: registered new interface driver pac7311
[   13.635068][    T1] usbcore: registered new interface driver se401
[   13.635951][    T1] usbcore: registered new interface driver sn9c2028
[   13.636981][    T1] usbcore: registered new interface driver gspca_sn9c20x
[   13.638062][    T1] usbcore: registered new interface driver sonixb
[   13.639099][    T1] usbcore: registered new interface driver sonixj
[   13.640142][    T1] usbcore: registered new interface driver spca500
[   13.641129][    T1] usbcore: registered new interface driver spca501
[   13.642108][    T1] usbcore: registered new interface driver spca505
[   13.643107][    T1] usbcore: registered new interface driver spca506
[   13.644085][    T1] usbcore: registered new interface driver spca508
[   13.645091][    T1] usbcore: registered new interface driver spca561
[   13.646112][    T1] usbcore: registered new interface driver spca1528
[   13.647129][    T1] usbcore: registered new interface driver sq905
[   13.648114][    T1] usbcore: registered new interface driver sq905c
[   13.649103][    T1] usbcore: registered new interface driver sq930x
[   13.650177][    T1] usbcore: registered new interface driver sunplus
[   13.651172][    T1] usbcore: registered new interface driver stk014
[   13.652151][    T1] usbcore: registered new interface driver stk1135
[   13.653152][    T1] usbcore: registered new interface driver stv0680
[   13.654142][    T1] usbcore: registered new interface driver t613
[   13.655101][    T1] usbcore: registered new interface driver gspca_topro
[   13.656118][    T1] usbcore: registered new interface driver touptek
[   13.657094][    T1] usbcore: registered new interface driver tv8532
[   13.658108][    T1] usbcore: registered new interface driver vc032x
[   13.659131][    T1] usbcore: registered new interface driver vicam
[   13.660223][    T1] usbcore: registered new interface driver xirlink-cit
[   13.661310][    T1] usbcore: registered new interface driver gspca_zc3xx
[   13.662358][    T1] usbcore: registered new interface driver ALi m5602
[   13.663399][    T1] usbcore: registered new interface driver STV06xx
[   13.664395][    T1] usbcore: registered new interface driver gspca_gl860
[   13.665423][    T1] usbcore: registered new interface driver hackrf
[   13.666439][    T1] usbcore: registered new interface driver msi2500
[   13.667474][    T1] usbcore: registered new interface driver Philips webcam
[   13.668630][    T1] usbcore: registered new interface driver uvcvideo
[   13.669564][    T1] au0828: au0828 driver loaded
[   13.670256][    T1] usbcore: registered new interface driver au0828
[   13.671291][    T1] usbcore: registered new interface driver cx231xx
[   13.672443][    T1] usbcore: registered new interface driver em28xx
[   13.673340][    T1] em28xx: Registered (Em28xx v4l2 Extension) extension
[   13.674166][    T1] em28xx: Registered (Em28xx Audio Extension) extension
[   13.675008][    T1] em28xx: Registered (Em28xx dvb Extension) extension
[   13.675819][    T1] em28xx: Registered (Em28xx Input Extension) extension
[   13.676798][    T1] usbcore: registered new interface driver go7007
[   13.677785][    T1] usbcore: registered new interface driver go7007-loader
[   13.678988][    T1] usbcore: registered new interface driver hdpvr
[   13.680469][    T1] usbcore: registered new interface driver pvrusb2
[   13.681250][    T1] pvrusb2: V4L in-tree version:Hauppauge WinTV-PVR-USB2 MPEG2 Encoder/Tuner
[   13.682280][    T1] pvrusb2: Debug mask is 31 (0x1f)
[   13.683171][    T1] usbcore: registered new interface driver stk1160
[   13.684187][    T1] usbcore: registered new interface driver usbtv
[   13.686777][    T1] dvbdev: DVB: registering new adapter (dvb_vidtv_bridge)
[   13.700990][    T1] i2c i2c-0: DVB: registering adapter 0 frontend 0 (Dummy demod for DVB-T/T2/C/S/S2)...
[   13.702415][    T1] dvbdev: dvb_create_media_entity: media entity 'Dummy demod for DVB-T/T2/C/S/S2' registered.
[   13.774269][    T1] dvbdev: dvb_create_media_entity: media entity 'dvb-demux' registered.
[   13.778173][    T1] vidtv vidtv.0: Successfully initialized vidtv!
[   13.780041][    T1] vicodec vicodec.0: Device 'stateful-encoder' registered as /dev/video0
[   13.781494][    T1] vicodec vicodec.0: Device 'stateful-decoder' registered as /dev/video1
[   13.782992][    T1] vicodec vicodec.0: Device 'stateless-decoder' registered as /dev/video2
[   13.785393][    T1] vim2m vim2m.0: Device registered as /dev/video0
[   13.829712][    T1] vivid-000: using single planar format API
[   13.843119][    T1] vivid-000: CEC adapter cec0 registered for HDMI input 0
[   13.844422][    T1] vivid-000: V4L2 capture device registered as video7
[   13.845579][    T1] vivid-000: CEC adapter cec1 registered for HDMI output 0
[   13.846814][    T1] vivid-000: V4L2 output device registered as video8
[   13.847965][    T1] vivid-000: V4L2 capture device registered as vbi0, supports raw and sliced VBI
[   13.849912][    T1] vivid-000: V4L2 output device registered as vbi1, supports raw and sliced VBI
[   13.851352][    T1] vivid-000: V4L2 capture device registered as swradio0
[   13.852492][    T1] vivid-000: V4L2 receiver device registered as radio0
[   13.853593][    T1] vivid-000: V4L2 transmitter device registered as radio1
[   13.854749][    T1] vivid-000: V4L2 metadata capture device registered as video9
[   13.855961][    T1] vivid-000: V4L2 metadata output device registered as video10
[   13.857124][    T1] vivid-000: V4L2 touch capture device registered as v4l-touch0
[   13.858556][    T1] usbcore: registered new interface driver radioshark2
[   13.859556][    T1] usbcore: registered new interface driver radioshark
[   13.860476][    T1] usbcore: registered new interface driver radio-si470x
[   13.861472][    T1] usbcore: registered new interface driver radio-usb-si4713
[   13.862454][    T1] usbcore: registered new interface driver dsbr100
[   13.863333][    T1] usbcore: registered new interface driver radio-keene
[   13.864259][    T1] usbcore: registered new interface driver radio-ma901
[   13.865178][    T1] usbcore: registered new interface driver radio-mr800
[   13.866099][    T1] usbcore: registered new interface driver radio-raremono
[   13.867641][    T1] usbcore: registered new interface driver pcwd_usb
[   13.870140][    T1] device-mapper: core: CONFIG_IMA_DISABLE_HTABLE is disabled. Duplicate IMA measurements will not be recorded in the IMA log.
[   13.871717][    T1] device-mapper: uevent: version 1.0.3
[   13.872884][    T1] device-mapper: ioctl: 4.48.0-ioctl (2023-03-01) initialised: dm-devel@redhat.com
[   13.874702][    T1] device-mapper: multipath round-robin: version 1.2.0 loaded
[   13.875603][    T1] device-mapper: multipath queue-length: version 0.2.0 loaded
[   13.876479][    T1] device-mapper: multipath service-time: version 0.3.0 loaded
[   13.877795][    T1] Bluetooth: HCI UART driver ver 2.3
[   13.878438][    T1] Bluetooth: HCI UART protocol H4 registered
[   13.879140][    T1] Bluetooth: HCI UART protocol BCSP registered
[   13.880041][    T1] Bluetooth: HCI UART protocol LL registered
[   13.880823][    T1] Bluetooth: HCI UART protocol Three-wire (H5) registered
[   13.881728][    T1] Bluetooth: HCI UART protocol QCA registered
[   13.882453][    T1] Bluetooth: HCI UART protocol AG6XX registered
[   13.883275][    T1] Bluetooth: HCI UART protocol Marvell registered
[   13.884185][    T1] usbcore: registered new interface driver bcm203x
[   13.885094][    T1] usbcore: registered new interface driver bpa10x
[   13.885993][    T1] usbcore: registered new interface driver bfusb
[   13.886909][    T1] usbcore: registered new interface driver btusb
[   13.887861][    T1] usbcore: registered new interface driver ath3k
[   13.889218][    T1] CAPI 2.0 started up with major 68 (middleware)
[   13.890000][    T1] Modular ISDN core version 1.1.29
[   13.891423][    T1] NET: Registered PF_ISDN protocol family
[   13.892287][    T1] DSP module 2.0
[   13.892807][    T1] mISDN_dsp: DSP clocks every 80 samples. This equals 1 jiffies.
[   13.907352][    T1] mISDN: Layer-1-over-IP driver Rev. 2.00
[   13.909088][    T1] 0 virtual devices registered
[   13.911200][    T1] usbcore: registered new interface driver HFC-S_USB
[   13.912177][    T1] VUB300 Driver rom wait states = 1C irqpoll timeout = 0400
[   13.913007][    T1] usbcore: registered new interface driver vub300
[   13.914821][    T1] usbcore: registered new interface driver ushc
[   13.918868][    T1] iscsi: registered transport (iser)
[   13.920249][    T1] SoftiWARP attached
[   13.930366][    T1] hid: raw HID events driver (C) Jiri Kosina
[   14.073885][    T1] usbcore: registered new interface driver usbhid
[   14.074661][    T1] usbhid: USB HID core driver
[   14.097307][    T1] usbcore: registered new interface driver es2_ap_driver
[   14.098218][    T1] comedi: version 0.7.76 - http://www.comedi.org
[   14.099157][    T1] usbcore: registered new interface driver dt9812
[   14.100316][    T1] usbcore: registered new interface driver ni6501
[   14.101176][    T1] usbcore: registered new interface driver usbdux
[   14.102021][    T1] usbcore: registered new interface driver usbduxfast
[   14.102928][    T1] usbcore: registered new interface driver usbduxsigma
[   14.103835][    T1] usbcore: registered new interface driver vmk80xx
[   14.104724][    T1] usbcore: registered new interface driver prism2_usb
[   14.105676][    T1] usbcore: registered new interface driver r8712u
[   14.106491][    T1] greybus: registered new driver hid
[   14.107225][    T1] greybus: registered new driver gbphy
[   14.107914][    T1] gb_gbphy: registered new driver usb
[   14.108589][    T1] asus_wmi: ASUS WMI generic driver loaded
[   14.171329][    T1] usbcore: registered new interface driver snd-usb-audio
[   14.172577][    T1] usbcore: registered new interface driver snd-ua101
[   14.174947][    T1] usbcore: registered new interface driver snd-usb-usx2y
[   14.176499][    T1] usbcore: registered new interface driver snd-usb-us122l
[   14.177543][    T1] usbcore: registered new interface driver snd-usb-caiaq
[   14.178562][    T1] usbcore: registered new interface driver snd-usb-6fire
[   14.180006][    T1] usbcore: registered new interface driver snd-usb-hiface
[   14.181063][    T1] usbcore: registered new interface driver snd-bcd2000
[   14.182091][    T1] usbcore: registered new interface driver snd_usb_pod
[   14.183125][    T1] usbcore: registered new interface driver snd_usb_podhd
[   14.184153][    T1] usbcore: registered new interface driver snd_usb_toneport
[   14.185194][    T1] usbcore: registered new interface driver snd_usb_variax
[   14.186243][    T1] drop_monitor: Initializing network drop monitor service
[   14.187319][    T1] NET: Registered PF_LLC protocol family
[   14.188117][    T1] GACT probability on
[   14.188596][    T1] Mirror/redirect action on
[   14.189261][    T1] Simple TC action Loaded
[   14.191341][    T1] netem: version 1.3
[   14.191873][    T1] u32 classifier
[   14.192285][    T1]     Performance counters on
[   14.192815][    T1]     input device check on
[   14.193331][    T1]     Actions configured
[   14.198109][    T1] xt_time: kernel timezone is -0000
[   14.198834][    T1] IPVS: Registered protocols (TCP, UDP, SCTP, AH, ESP)
[   14.200032][    T1] IPVS: Connection hash table configured (size=4096, memory=32Kbytes)
[   14.201351][    T1] IPVS: ipvs loaded.
[   14.201829][    T1] IPVS: [rr] scheduler registered.
[   14.202423][    T1] IPVS: [wrr] scheduler registered.
[   14.203010][    T1] IPVS: [lc] scheduler registered.
[   14.203591][    T1] IPVS: [wlc] scheduler registered.
[   14.204187][    T1] IPVS: [fo] scheduler registered.
[   14.204770][    T1] IPVS: [ovf] scheduler registered.
[   14.205366][    T1] IPVS: [lblc] scheduler registered.
[   14.205972][    T1] IPVS: [lblcr] scheduler registered.
[   14.206595][    T1] IPVS: [dh] scheduler registered.
[   14.207174][    T1] IPVS: [sh] scheduler registered.
[   14.207757][    T1] IPVS: [mh] scheduler registered.
[   14.208353][    T1] IPVS: [sed] scheduler registered.
[   14.208950][    T1] IPVS: [nq] scheduler registered.
[   14.209603][    T1] IPVS: [twos] scheduler registered.
[   14.210338][    T1] IPVS: [sip] pe registered.
[   14.210970][    T1] ipip: IPv4 and MPLS over IPv4 tunneling driver
[   14.213291][    T1] gre: GRE over IPv4 demultiplexor driver
[   14.213979][    T1] ip_gre: GRE over IPv4 tunneling driver
[   14.221008][    T1] IPv4 over IPsec tunneling driver
[   14.224368][    T1] Initializing XFRM netlink socket
[   14.225128][    T1] IPsec XFRM device driver
[   14.225896][    T1] NET: Registered PF_INET6 protocol family
[   14.246239][    T1] Segment Routing with IPv6
[   14.246902][    T1] RPL Segment Routing with IPv6
[   14.247708][    T1] In-situ OAM (IOAM) with IPv6
[   14.248609][    T1] mip6: Mobile IPv6
[   14.253646][    T1] sit: IPv6, IPv4 and MPLS over IPv4 tunneling driver
[   14.257944][    T1] ip6_gre: GRE over IPv6 tunneling driver
[   14.260512][    T1] NET: Registered PF_PACKET protocol family
[   14.261461][    T1] NET: Registered PF_KEY protocol family
[   14.262678][    T1] Bridge firewalling registered
[   14.264032][    T1] NET: Registered PF_X25 protocol family
[   14.264976][    T1] X25: Linux Version 0.2
[   14.270662][    T1] NET: Registered PF_NETROM protocol family
[   14.274126][    T9] input: ImExPS/2 Generic Explorer Mouse as /devices/platform/i8042/serio1/input/input3
[   14.284906][    T1] NET: Registered PF_ROSE protocol family
[   14.285699][    T1] NET: Registered PF_AX25 protocol family
[   14.286375][    T1] can: controller area network core
[   14.287088][    T1] NET: Registered PF_CAN protocol family
[   14.287779][    T1] can: raw protocol
[   14.288246][    T1] can: broadcast manager protocol
[   14.288841][    T1] can: netlink gateway - max_hops=1
[   14.290799][    T1] can: SAE J1939
[   14.291236][    T1] can: isotp protocol (max_pdu_size 8300)
[   14.292155][    T1] Bluetooth: RFCOMM TTY layer initialized
[   14.293011][    T1] Bluetooth: RFCOMM socket layer initialized
[   14.293894][    T1] Bluetooth: RFCOMM ver 1.11
