bash: warning: setlocale: LC_ALL: cannot change locale (en_US.UTF-8)
c[?7l[2J[0mSeaBIOS (version 1.16.2-debian-1.16.2-1)


iPXE (http://ipxe.org) 00:03.0 CA00 PCI2.10 PnP PMM+7EFCEF00+7EF0EF00 CA00
Press Ctrl-B to configure iPXE (PCI 00:03.0)...                                                                               


Booting from ROM..c[?7l[2J[    0.000000] Linux version 6.3.0-07954-gde4773f0235a-dirty (root@buildkitsandbox) (gcc (Debian 12.2.0-14+deb12u1) 12.2.0, GNU ld (GNU Binutils for Debian) 2.40) #1 SMP PREEMPT_DYNAMIC Tue May  5 09:42:29 UTC 2026
[    0.000000] Command line: console=ttyS0 oops=panic nokaslr rdinit=/init
[    0.000000] x86/fpu: Supporting XSAVE feature 0x001: 'x87 floating point registers'
[    0.000000] x86/fpu: Supporting XSAVE feature 0x002: 'SSE registers'
[    0.000000] x86/fpu: Supporting XSAVE feature 0x004: 'AVX registers'
[    0.000000] x86/fpu: Supporting XSAVE feature 0x200: 'Protection Keys User registers'
[    0.000000] x86/fpu: xstate_offset[2]:  576, xstate_sizes[2]:  256
[    0.000000] x86/fpu: xstate_offset[9]:  832, xstate_sizes[9]:    8
[    0.000000] x86/fpu: Enabled xstate features 0x207, context size is 840 bytes, using 'compacted' format.
[    0.000000] signal: max sigframe size: 3632
[    0.000000] BIOS-provided physical RAM map:
[    0.000000] BIOS-e820: [mem 0x0000000000000000-0x000000000009fbff] usable
[    0.000000] BIOS-e820: [mem 0x000000000009fc00-0x000000000009ffff] reserved
[    0.000000] BIOS-e820: [mem 0x00000000000f0000-0x00000000000fffff] reserved
[    0.000000] BIOS-e820: [mem 0x0000000000100000-0x000000007ffdffff] usable
[    0.000000] BIOS-e820: [mem 0x000000007ffe0000-0x000000007fffffff] reserved
[    0.000000] BIOS-e820: [mem 0x00000000feffc000-0x00000000feffffff] reserved
[    0.000000] BIOS-e820: [mem 0x00000000fffc0000-0x00000000ffffffff] reserved
[    0.000000] NX (Execute Disable) protection: active
[    0.000000] SMBIOS 2.8 present.
[    0.000000] DMI: QEMU Standard PC (i440FX + PIIX, 1996), BIOS 1.16.2-debian-1.16.2-1 04/01/2014
[    0.000000] Hypervisor detected: KVM
[    0.000000] kvm-clock: Using msrs 4b564d01 and 4b564d00
[    0.000001] kvm-clock: using sched offset of 289651675 cycles
[    0.000002] clocksource: kvm-clock: mask: 0xffffffffffffffff max_cycles: 0x1cd42e4dffb, max_idle_ns: 881590591483 ns
[    0.000004] tsc: Detected 3187.200 MHz processor
[    0.000306] last_pfn = 0x7ffe0 max_arch_pfn = 0x400000000
[    0.000327] x86/PAT: Configuration [0-7]: WB  WC  UC- UC  WB  WP  UC- WT  
[    0.001000] found SMP MP-table at [mem 0x000f5ba0-0x000f5baf]
[    0.001000] Using GB pages for direct mapping
[    0.001000] RAMDISK: [mem 0x7fe92000-0x7ffdffff]
[    0.001000] ACPI: Early table checksum verification disabled
[    0.001000] ACPI: RSDP 0x00000000000F59D0 000014 (v00 BOCHS )
[    0.001000] ACPI: RSDT 0x000000007FFE1B33 000034 (v01 BOCHS  BXPC     00000001 BXPC 00000001)
[    0.001000] ACPI: FACP 0x000000007FFE19DF 000074 (v01 BOCHS  BXPC     00000001 BXPC 00000001)
[    0.001000] ACPI: DSDT 0x000000007FFE0040 00199F (v01 BOCHS  BXPC     00000001 BXPC 00000001)
[    0.001000] ACPI: FACS 0x000000007FFE0000 000040
[    0.001000] ACPI: APIC 0x000000007FFE1A53 000080 (v01 BOCHS  BXPC     00000001 BXPC 00000001)
[    0.001000] ACPI: HPET 0x000000007FFE1AD3 000038 (v01 BOCHS  BXPC     00000001 BXPC 00000001)
[    0.001000] ACPI: WAET 0x000000007FFE1B0B 000028 (v01 BOCHS  BXPC     00000001 BXPC 00000001)
[    0.001000] ACPI: Reserving FACP table memory at [mem 0x7ffe19df-0x7ffe1a52]
[    0.001000] ACPI: Reserving DSDT table memory at [mem 0x7ffe0040-0x7ffe19de]
[    0.001000] ACPI: Reserving FACS table memory at [mem 0x7ffe0000-0x7ffe003f]
[    0.001000] ACPI: Reserving APIC table memory at [mem 0x7ffe1a53-0x7ffe1ad2]
[    0.001000] ACPI: Reserving HPET table memory at [mem 0x7ffe1ad3-0x7ffe1b0a]
[    0.001000] ACPI: Reserving WAET table memory at [mem 0x7ffe1b0b-0x7ffe1b32]
[    0.001000] No NUMA configuration found
[    0.001000] Faking a node at [mem 0x0000000000000000-0x000000007ffdffff]
[    0.001000] NODE_DATA(0) allocated [mem 0x7fe8e000-0x7fe91fff]
[    0.001000] Zone ranges:
[    0.001000]   DMA      [mem 0x0000000000001000-0x0000000000ffffff]
[    0.001000]   DMA32    [mem 0x0000000001000000-0x000000007ffdffff]
[    0.001000]   Normal   empty
[    0.001000] Movable zone start for each node
[    0.001000] Early memory node ranges
[    0.001000]   node   0: [mem 0x0000000000001000-0x000000000009efff]
[    0.001000]   node   0: [mem 0x0000000000100000-0x000000007ffdffff]
[    0.001000] Initmem setup node 0 [mem 0x0000000000001000-0x000000007ffdffff]
[    0.001000] On node 0, zone DMA: 1 pages in unavailable ranges
[    0.001000] On node 0, zone DMA: 97 pages in unavailable ranges
[    0.001000] On node 0, zone DMA32: 32 pages in unavailable ranges
[    0.001000] kasan: KernelAddressSanitizer initialized
[    0.001000] ACPI: PM-Timer IO Port: 0x608
[    0.001000] ACPI: LAPIC_NMI (acpi_id[0xff] dfl dfl lint[0x1])
[    0.001000] IOAPIC[0]: apic_id 0, version 17, address 0xfec00000, GSI 0-23
[    0.001000] ACPI: INT_SRC_OVR (bus 0 bus_irq 0 global_irq 2 dfl dfl)
[    0.001000] ACPI: INT_SRC_OVR (bus 0 bus_irq 5 global_irq 5 high level)
[    0.001000] ACPI: INT_SRC_OVR (bus 0 bus_irq 9 global_irq 9 high level)
[    0.001000] ACPI: INT_SRC_OVR (bus 0 bus_irq 10 global_irq 10 high level)
[    0.001000] ACPI: INT_SRC_OVR (bus 0 bus_irq 11 global_irq 11 high level)
[    0.001000] ACPI: Using ACPI (MADT) for SMP configuration information
[    0.001000] ACPI: HPET id: 0x8086a201 base: 0xfed00000
[    0.001000] TSC deadline timer available
[    0.001000] smpboot: Allowing 2 CPUs, 0 hotplug CPUs
[    0.001000] kvm-guest: KVM setup pv remote TLB flush
[    0.001000] kvm-guest: setup PV sched yield
[    0.001000] PM: hibernation: Registered nosave memory: [mem 0x00000000-0x00000fff]
[    0.001000] PM: hibernation: Registered nosave memory: [mem 0x0009f000-0x0009ffff]
[    0.001000] PM: hibernation: Registered nosave memory: [mem 0x000a0000-0x000effff]
[    0.001000] PM: hibernation: Registered nosave memory: [mem 0x000f0000-0x000fffff]
[    0.001000] [mem 0x80000000-0xfeffbfff] available for PCI devices
[    0.001000] Booting paravirtualized kernel on KVM
[    0.001000] clocksource: refined-jiffies: mask: 0xffffffff max_cycles: 0xffffffff, max_idle_ns: 1910969940391419 ns
[    0.001000] setup_percpu: NR_CPUS:64 nr_cpumask_bits:2 nr_cpu_ids:2 nr_node_ids:1
[    0.001000] percpu: Embedded 66 pages/cpu s231976 r8192 d30168 u1048576
[    0.001000] Fallback order for Node 0: 0 
[    0.001000] Built 1 zonelists, mobility grouping on.  Total pages: 515808
[    0.001000] Policy zone: DMA32
[    0.001000] Kernel command line: console=ttyS0 oops=panic nokaslr rdinit=/init
[    0.001000] random: crng init done
[    0.001000] Dentry cache hash table entries: 262144 (order: 9, 2097152 bytes, linear)
[    0.001000] Inode-cache hash table entries: 131072 (order: 8, 1048576 bytes, linear)
[    0.001000] mem auto-init: stack:all(zero), heap alloc:off, heap free:off
[    0.001000] stackdepot: allocating hash table via alloc_large_system_hash
[    0.001000] stackdepot hash table entries: 1048576 (order: 11, 8388608 bytes, linear)
[    0.001000] Memory: 1692960K/2096632K available (49152K kernel code, 7915K rwdata, 10028K rodata, 5608K init, 2984K bss, 403416K reserved, 0K cma-reserved)
[    0.001000] SLUB: HWalign=64, Order=0-3, MinObjects=0, CPUs=2, Nodes=1
[    0.001000] Dynamic Preempt: voluntary
[    0.001000] rcu: Preemptible hierarchical RCU implementation.
[    0.001000] rcu: 	RCU event tracing is enabled.
[    0.001000] rcu: 	RCU restricting CPUs from NR_CPUS=64 to nr_cpu_ids=2.
[    0.001000] 	Trampoline variant of Tasks RCU enabled.
[    0.001000] rcu: RCU calculated value of scheduler-enlistment delay is 100 jiffies.
[    0.001000] rcu: Adjusting geometry for rcu_fanout_leaf=16, nr_cpu_ids=2
[    0.001000] NR_IRQS: 4352, nr_irqs: 440, preallocated irqs: 16
[    0.001000] rcu: srcu_init: Setting srcu_struct sizes based on contention.
[    0.001000] Console: colour VGA+ 80x25
[    0.001000] printk: console [ttyS0] enabled
[    0.001000] ACPI: Core revision 20230331
[    0.001000] clocksource: hpet: mask: 0xffffffff max_cycles: 0xffffffff, max_idle_ns: 19112604467 ns
[    0.001000] APIC: Switch to symmetric I/O mode setup
[    0.001000] kvm-guest: setup PV IPIs
[    0.001000] ..TIMER: vector=0x30 apic1=0 pin1=2 apic2=-1 pin2=-1
[    0.001000] clocksource: tsc-early: mask: 0xffffffffffffffff max_cycles: 0x2df10e7656b, max_idle_ns: 440795364873 ns
[    0.279668] Calibrating delay loop (skipped) preset value.. 6374.40 BogoMIPS (lpj=3187200)
[    0.280131] pid_max: default: 32768 minimum: 301
[    0.280427] LSM: initializing lsm=capability,selinux,integrity
[    0.280670] SELinux:  Initializing.
[    0.280924] Mount-cache hash table entries: 4096 (order: 3, 32768 bytes, linear)
[    0.281341] Mountpoint-cache hash table entries: 4096 (order: 3, 32768 bytes, linear)
[    0.282869] x86/cpu: User Mode Instruction Prevention (UMIP) activated
[    0.283293] Last level iTLB entries: 4KB 0, 2MB 0, 4MB 0
[    0.283666] Last level dTLB entries: 4KB 0, 2MB 0, 4MB 0, 1GB 0
[    0.284003] Spectre V1 : Mitigation: usercopy/swapgs barriers and __user pointer sanitization
[    0.284485] Spectre V2 : Mitigation: Enhanced / Automatic IBRS
[    0.284665] Spectre V2 : Spectre v2 / SpectreRSB mitigation: Filling RSB on context switch
[    0.285133] Spectre V2 : Spectre v2 / PBRSB-eIBRS: Retire a single CALL on VMEXIT
[    0.285665] Spectre V2 : mitigation: Enabling conditional Indirect Branch Prediction Barrier
[    0.286139] Speculative Store Bypass: Mitigation: Speculative Store Bypass disabled via prctl
[    0.286665] MMIO Stale Data: Unknown: No mitigations
[    0.300998] Freeing SMP alternatives memory: 44K
[    0.301393] smpboot: CPU0: Intel(R) Core(TM) i9-14900K (family: 0x6, model: 0xb7, stepping: 0x1)
[    0.301664] cblist_init_generic: Setting adjustable number of callback queues.
[    0.301666] cblist_init_generic: Setting shift to 1 and lim to 1.
[    0.302033] Performance Events: unsupported p6 CPU model 183 no PMU driver, software events only.
[    0.302570] rcu: Hierarchical SRCU implementation.
[    0.302666] rcu: 	Max phase no-delay instances is 400.
[    0.303282] smp: Bringing up secondary CPUs ...
[    0.303647] x86: Booting SMP configuration:
[    0.303666] .... node  #0, CPUs:      #1
[    0.303855] smp: Brought up 1 node, 2 CPUs
[    0.304138] smpboot: Max logical packages: 1
[    0.304380] smpboot: Total of 2 processors activated (12748.80 BogoMIPS)
[    0.304897] devtmpfs: initialized
[    0.306507] clocksource: jiffies: mask: 0xffffffff max_cycles: 0xffffffff, max_idle_ns: 1911260446275000 ns
[    0.306668] futex hash table entries: 512 (order: 3, 32768 bytes, linear)
[    0.307145] PM: RTC time: 09:45:00, date: 2026-05-05
[    0.307691] NET: Registered PF_NETLINK/PF_ROUTE protocol family
[    0.308213] audit: initializing netlink subsys (disabled)
[    0.308552] audit: type=2000 audit(1777974301.465:1): state=initialized audit_enabled=0 res=1
[    0.308725] thermal_sys: Registered thermal governor 'step_wise'
[    0.309069] thermal_sys: Registered thermal governor 'user_space'
[    0.309429] cpuidle: using governor menu
[    0.310055] PCI: Using configuration type 1 for base access
[    0.310497] kprobes: kprobe jump-optimization is enabled. All kprobes are optimized if possible.
[    0.312664] HugeTLB: registered 2.00 MiB page size, pre-allocated 0 pages
[    0.312664] HugeTLB: 28 KiB vmemmap can be freed for a 2.00 MiB page
[    0.313751] ACPI: Added _OSI(Module Device)
[    0.313995] ACPI: Added _OSI(Processor Device)
[    0.314249] ACPI: Added _OSI(3.0 _SCP Extensions)
[    0.314518] ACPI: Added _OSI(Processor Aggregator Device)
[    0.321961] ACPI: 1 ACPI AML tables successfully acquired and loaded
[    0.363851] ACPI: Interpreter enabled
[    0.364104] ACPI: PM: (supports S0 S3 S4 S5)
[    0.364355] ACPI: Using IOAPIC for interrupt routing
[    0.364668] PCI: Using host bridge windows from ACPI; if necessary, use "pci=nocrs" and report a bug
[    0.365188] PCI: Using E820 reservations for host bridge windows
[    0.365845] ACPI: Enabled 2 GPEs in block 00 to 0F
[    0.375604] ACPI: PCI Root Bridge [PCI0] (domain 0000 [bus 00-ff])
[    0.375673] acpi PNP0A03:00: _OSC: OS supports [ASPM ClockPM Segments MSI HPX-Type3]
[    0.376112] acpi PNP0A03:00: _OSC: not requesting OS control; OS requires [ExtendedConfig ASPM ClockPM MSI]
[    0.376708] acpi PNP0A03:00: fail to add MMCONFIG information, can't access extended configuration space under this bridge
[    0.377480] PCI host bridge to bus 0000:00
[    0.377667] pci_bus 0000:00: root bus resource [io  0x0000-0x0cf7 window]
[    0.378053] pci_bus 0000:00: root bus resource [io  0x0d00-0xffff window]
[    0.378442] pci_bus 0000:00: root bus resource [mem 0x000a0000-0x000bffff window]
[    0.378666] pci_bus 0000:00: root bus resource [mem 0x80000000-0xfebfffff window]
[    0.379091] pci_bus 0000:00: root bus resource [mem 0x100000000-0x17fffffff window]
[    0.379526] pci_bus 0000:00: root bus resource [bus 00-ff]
[    0.379711] pci 0000:00:00.0: [8086:1237] type 00 class 0x060000
[    0.383804] pci 0000:00:01.0: [8086:7000] type 00 class 0x060100
[    0.387797] pci 0000:00:01.1: [8086:7010] type 00 class 0x010180
[    0.389071] pci 0000:00:01.1: reg 0x20: [io  0xc040-0xc04f]
[    0.389678] pci 0000:00:01.1: legacy IDE quirk: reg 0x10: [io  0x01f0-0x01f7]
[    0.390128] pci 0000:00:01.1: legacy IDE quirk: reg 0x14: [io  0x03f6]
[    0.390502] pci 0000:00:01.1: legacy IDE quirk: reg 0x18: [io  0x0170-0x0177]
[    0.390667] pci 0000:00:01.1: legacy IDE quirk: reg 0x1c: [io  0x0376]
[    0.391196] pci 0000:00:01.3: [8086:7113] type 00 class 0x068000
[    0.392229] pci 0000:00:01.3: quirk: [io  0x0600-0x063f] claimed by PIIX4 ACPI
[    0.392673] pci 0000:00:01.3: quirk: [io  0x0700-0x070f] claimed by PIIX4 SMB
[    0.393244] pci 0000:00:02.0: [1234:1111] type 00 class 0x030000
[    0.393864] pci 0000:00:02.0: reg 0x10: [mem 0xfd000000-0xfdffffff pref]
[    0.395075] pci 0000:00:02.0: reg 0x18: [mem 0xfebf0000-0xfebf0fff]
[    0.396868] pci 0000:00:02.0: reg 0x30: [mem 0xfebe0000-0xfebeffff pref]
[    0.397537] pci 0000:00:02.0: Video device with shadowed ROM at [mem 0x000c0000-0x000dffff]
[    0.402035] pci 0000:00:03.0: [8086:100e] type 00 class 0x020000
[    0.402668] pci 0000:00:03.0: reg 0x10: [mem 0xfebc0000-0xfebdffff]
[    0.403370] pci 0000:00:03.0: reg 0x14: [io  0xc000-0xc03f]
[    0.405031] pci 0000:00:03.0: reg 0x30: [mem 0xfeb80000-0xfebbffff pref]
[    0.409880] ACPI: PCI: Interrupt link LNKA configured for IRQ 10
[    0.410584] ACPI: PCI: Interrupt link LNKB configured for IRQ 10
[    0.411036] ACPI: PCI: Interrupt link LNKC configured for IRQ 11
[    0.411749] ACPI: PCI: Interrupt link LNKD configured for IRQ 11
[    0.412308] ACPI: PCI: Interrupt link LNKS configured for IRQ 9
[    0.413650] iommu: Default domain type: Translated 
[    0.413666] iommu: DMA domain TLB invalidation policy: lazy mode 
[    0.414186] SCSI subsystem initialized
[    0.414422] ACPI: bus type USB registered
[    0.414422] usbcore: registered new interface driver usbfs
[    0.414479] usbcore: registered new interface driver hub
[    0.415679] usbcore: registered new device driver usb
[    0.416087] pps_core: LinuxPPS API ver. 1 registered
[    0.416482] pps_core: Software ver. 5.3.6 - Copyright 2005-2007 Rodolfo Giometti <giometti@linux.it>
[    0.416673] PTP clock support registered
[    0.416986] Advanced Linux Sound Architecture Driver Initialized.
[    0.417971] NetLabel: Initializing
[    0.418172] NetLabel:  domain hash size = 128
[    0.418426] NetLabel:  protocols = UNLABELED CIPSOv4 CALIPSO
[    0.418698] NetLabel:  unlabeled traffic allowed by default
[    0.419056] PCI: Using ACPI for IRQ routing
[    0.419056] pci 0000:00:02.0: vgaarb: setting as boot VGA device
[    0.419056] pci 0000:00:02.0: vgaarb: bridge control possible
[    0.419368] pci 0000:00:02.0: vgaarb: VGA device added: decodes=io+mem,owns=io+mem,locks=none
[    0.419666] vgaarb: loaded
[    0.419886] hpet0: at MMIO 0xfed00000, IRQs 2, 8, 0
[    0.420180] hpet0: 3 comparators, 64-bit 100.000000 MHz counter
[    0.425703] clocksource: Switched to clocksource kvm-clock
[    0.427782] VFS: Disk quotas dquot_6.6.0
[    0.428029] VFS: Dquot-cache hash table entries: 512 (order 0, 4096 bytes)
[    0.428503] pnp: PnP ACPI init
[    0.429623] pnp: PnP ACPI: found 6 devices
[    0.436390] clocksource: acpi_pm: mask: 0xffffff max_cycles: 0xffffff, max_idle_ns: 2085701024 ns
[    0.436940] NET: Registered PF_INET protocol family
[    0.438439] IP idents hash table entries: 32768 (order: 6, 262144 bytes, linear)
[    0.439274] tcp_listen_portaddr_hash hash table entries: 1024 (order: 2, 16384 bytes, linear)
[    0.439772] Table-perturb hash table entries: 65536 (order: 6, 262144 bytes, linear)
[    0.440225] TCP established hash table entries: 16384 (order: 5, 131072 bytes, linear)
[    0.440695] TCP bind hash table entries: 16384 (order: 7, 524288 bytes, linear)
[    0.441137] TCP: Hash tables configured (established 16384 bind 16384)
[    0.441541] UDP hash table entries: 1024 (order: 3, 32768 bytes, linear)
[    0.441943] UDP-Lite hash table entries: 1024 (order: 3, 32768 bytes, linear)
[    0.442424] NET: Registered PF_UNIX/PF_LOCAL protocol family
[    0.442910] RPC: Registered named UNIX socket transport module.
[    0.443271] RPC: Registered udp transport module.
[    0.443558] RPC: Registered tcp transport module.
[    0.443848] RPC: Registered tcp NFSv4.1 backchannel transport module.
[    0.444545] pci_bus 0000:00: resource 4 [io  0x0000-0x0cf7 window]
[    0.444922] pci_bus 0000:00: resource 5 [io  0x0d00-0xffff window]
[    0.445278] pci_bus 0000:00: resource 6 [mem 0x000a0000-0x000bffff window]
[    0.445675] pci_bus 0000:00: resource 7 [mem 0x80000000-0xfebfffff window]
[    0.446070] pci_bus 0000:00: resource 8 [mem 0x100000000-0x17fffffff window]
[    0.446551] pci 0000:00:01.0: PIIX3: Enabling Passive Release
[    0.446893] pci 0000:00:00.0: Limiting direct PCI/PCI transfers
[    0.447266] PCI: CLS 0 bytes, default 64
[    0.447621] Unpacking initramfs...
[    0.452694] RAPL PMU: API unit is 2^-32 Joules, 0 fixed counters, 10737418240 ms ovfl timer
[    0.453202] clocksource: tsc: mask: 0xffffffffffffffff max_cycles: 0x2df10e7656b, max_idle_ns: 440795364873 ns
[    0.456567] Initialise system trusted keyrings
[    0.457053] workingset: timestamp_bits=56 max_order=19 bucket_order=0
[    0.457714] NFS: Registering the id_resolver key type
[    0.458016] Key type id_resolver registered
[    0.458259] Key type id_legacy registered
[    0.458539] 9p: Installing v9fs 9p2000 file system support
[    0.463055] Key type asymmetric registered
[    0.463335] Asymmetric key parser 'x509' registered
[    0.463650] Block layer SCSI generic (bsg) driver version 0.4 loaded (major 251)
[    0.464110] io scheduler mq-deadline registered
[    0.464389] io scheduler kyber registered
[    0.466265] input: Power Button as /devices/LNXSYSTM:00/LNXPWRBN:00/input/input0
[    0.466387] Freeing initrd memory: 1336K
[    0.466787] ACPI: button: Power Button [PWRF]
[    0.467490] Serial: 8250/16550 driver, 4 ports, IRQ sharing enabled
[    0.467949] 00:04: ttyS0 at I/O 0x3f8 (irq = 4, base_baud = 115200) is a 16550A
[    0.468905] Non-volatile memory driver v1.3
[    0.469157] Linux agpgart interface v0.103
[    0.469462] ACPI: bus type drm_connector registered
[    0.473491] loop: module loaded
[    0.474636] scsi host0: ata_piix
[    0.475065] scsi host1: ata_piix
[    0.475335] ata1: PATA max MWDMA2 cmd 0x1f0 ctl 0x3f6 bmdma 0xc040 irq 14
[    0.475735] ata2: PATA max MWDMA2 cmd 0x170 ctl 0x376 bmdma 0xc048 irq 15
[    0.476867] e100: Intel(R) PRO/100 Network Driver
[    0.477145] e100: Copyright(c) 1999-2006 Intel Corporation
[    0.477473] e1000: Intel(R) PRO/1000 Network Driver
[    0.477759] e1000: Copyright (c) 1999-2006 Intel Corporation.
[    0.628779] ata2: found unknown device (class 0)
[    0.629684] ata2.00: ATAPI: QEMU DVD-ROM, 2.5+, max UDMA/100
[    0.630627] scsi 1:0:0:0: CD-ROM            QEMU     QEMU DVD-ROM     2.5+ PQ: 0 ANSI: 5
[    0.646951] sr 1:0:0:0: [sr0] scsi3-mmc drive: 4x/4x cd/rw xa/form2 tray
[    0.647337] cdrom: Uniform CD-ROM driver Revision: 3.20
[    0.653429] sr 1:0:0:0: Attached scsi generic sg0 type 5
[    0.774776] ACPI: \_SB_.LNKC: Enabled at IRQ 11
[    1.063222] e1000 0000:00:03.0 eth0: (PCI:33MHz:32-bit) 52:54:00:12:34:56
[    1.063620] e1000 0000:00:03.0 eth0: Intel(R) PRO/1000 Network Connection
[    1.064165] e1000e: Intel(R) PRO/1000 Network Driver
[    1.064552] e1000e: Copyright(c) 1999 - 2015 Intel Corporation.
[    1.065045] sky2: driver version 1.30
[    1.065603] usbcore: registered new interface driver usblp
[    1.065966] usbcore: registered new interface driver usb-storage
[    1.066363] i8042: PNP: PS/2 Controller [PNP0303:KBD,PNP0f13:MOU] at 0x60,0x64 irq 1,12
[    1.067291] serio: i8042 KBD port at 0x60,0x64 irq 1
[    1.067589] serio: i8042 AUX port at 0x60,0x64 irq 12
[    1.068278] rtc_cmos 00:05: RTC can wake from S4
[    1.068645] input: AT Translated Set 2 keyboard as /devices/platform/i8042/serio0/input/input1
[    1.070178] rtc_cmos 00:05: registered as rtc0
[    1.070493] rtc_cmos 00:05: alarms up to one day, y3k, 242 bytes nvram, hpet irqs
[    1.071138] device-mapper: ioctl: 4.48.0-ioctl (2023-03-01) initialised: dm-devel@redhat.com
[    1.071618] intel_pstate: CPU model not supported
[    1.071919] hid: raw HID events driver (C) Jiri Kosina
[    1.072419] usbcore: registered new interface driver usbhid
[    1.072740] usbhid: USB HID core driver
[    1.078464] Initializing XFRM netlink socket
[    1.078773] NET: Registered PF_INET6 protocol family
[    1.079410] Segment Routing with IPv6
[    1.079633] In-situ OAM (IOAM) with IPv6
[    1.079907] sit: IPv6, IPv4 and MPLS over IPv4 tunneling driver
[    1.080476] NET: Registered PF_PACKET protocol family
[    1.080812] 9pnet: Installing 9P2000 support
[    1.081080] Key type dns_resolver registered
[    1.081553] IPI shorthand broadcast: enabled
[    1.093504] sched_clock: Marking stable (816002872, 276664570)->(1103189520, -10522078)
[    1.094207] registered taskstats version 1
[    1.094494] Loading compiled-in X.509 certificates
[    1.101649] PM:   Magic number: 10:557:777
[    1.101987] misc rfkill: hash matches
[    1.102277] printk: console [netcon0] enabled
[    1.102596] netconsole: network logging started
[    1.103014] cfg80211: Loading compiled-in X.509 certificates for regulatory database
[    1.103737] kworker/u4:0 (50) used greatest stack depth: 29536 bytes left
[    1.104467] Loaded X.509 cert 'sforshee: 00b28ddf47aef9cea7'
[    1.104909] platform regulatory.0: Direct firmware load for regulatory.db failed with error -2
[    1.105502] cfg80211: failed to load regulatory.db
[    1.105676] ALSA device list:
[    1.106064]   No soundcards found.
[    1.107002] Freeing unused kernel image (initmem) memory: 5608K
[    1.109672] Write protecting the kernel read-only data: 59392k
[    1.110016] Freeing unused kernel image (rodata/data gap) memory: 212K
[    1.118129] x86/mm: Checked W+X mappings: passed, no W+X pages found.
[    1.118426] Run /init as init process
[    1.119638] mount (54) used greatest stack depth: 28704 bytes left

secb: rootfs ready
---- poc begin ----
poc: CVE-2023-32233 trigger (two-tx anon set UAF)
poc: userns ready
poc: round 0 done
poc: round 4 done
poc: round 8 done
poc: round 12 done
poc: round 16 done
poc: round 20 done
poc: round 24 done
poc: round 28 done
[    1.134727] ==================================================================
[    1.135045] BUG: KASAN: slab-use-after-free in nf_tables_trans_destroy_work+0xb89/0xc90
[    1.135382] Read of size 8 at addr ffff888009dfdcc0 by task kworker/0:2/47
[    1.135654] 
[    1.135722] CPU: 0 PID: 47 Comm: kworker/0:2 Not tainted 6.3.0-07954-gde4773f0235a-dirty #1
[    1.136049] Hardware name: QEMU Standard PC (i440FX + PIIX, 1996), BIOS 1.16.2-debian-1.16.2-1 04/01/2014
[    1.136429] Workqueue: events nf_tables_trans_destroy_work
[    1.136654] Call Trace:
[    1.136759]  <TASK>
[    1.136851]  dump_stack_lvl+0x36/0x50
[    1.137007]  print_report+0xcf/0x660
[    1.137155]  ? nf_tables_trans_destroy_work+0xb89/0xc90
[    1.137357]  kasan_report+0xc9/0x100
[    1.137500]  ? nf_tables_trans_destroy_work+0xb89/0xc90
[    1.137702]  nf_tables_trans_destroy_work+0xb89/0xc90
[    1.137902]  ? __pfx_nf_tables_trans_destroy_work+0x10/0x10
[    1.138125]  ? read_word_at_a_time+0xe/0x20
[    1.138304]  ? strscpy+0xad/0x290
[    1.138446]  process_one_work+0x721/0x12b0
[    1.138619]  worker_thread+0xed/0x1360
[    1.138777]  ? __kthread_parkme+0x7e/0x140
[    1.138942]  ? __pfx_worker_thread+0x10/0x10
[    1.139118]  kthread+0x29b/0x370
[    1.139256]  ? __pfx_kthread+0x10/0x10
[    1.139415]  ret_from_fork+0x29/0x50
[    1.139569]  </TASK>
[    1.139664] 
[    1.139732] Allocated by task 60:
[    1.139870]  kasan_save_stack+0x33/0x60
[    1.140026]  kasan_set_track+0x25/0x30
[    1.140183]  __kasan_kmalloc+0x8f/0xa0
[    1.140339]  __kmalloc_node+0x5c/0x160
[    1.140497]  nf_tables_newset+0x1af0/0x3850
[    1.140669]  nfnetlink_rcv_batch+0xe6b/0x1ec0
[    1.140849]  nfnetlink_rcv+0x2df/0x360
[    1.140998]  netlink_unicast+0x588/0x7f0
[    1.141154]  netlink_sendmsg+0x7b7/0xc60
[    1.141308]  sock_sendmsg+0x13d/0x180
[    1.141456]  ____sys_sendmsg+0x5ce/0x810
[    1.141613]  ___sys_sendmsg+0x100/0x180
[    1.141765]  __sys_sendmsg+0xe6/0x190
[    1.141912]  do_syscall_64+0x3b/0x90
[    1.142055]  entry_SYSCALL_64_after_hwframe+0x72/0xdc
[    1.142252] 
[    1.142318] Freed by task 47:
[    1.142438]  kasan_save_stack+0x33/0x60
[    1.142590]  kasan_set_track+0x25/0x30
[    1.142739]  kasan_save_free_info+0x2e/0x50
[    1.142905]  __kasan_slab_free+0x10a/0x180
[    1.143066]  __kmem_cache_free+0x7a/0x190
[    1.143223]  nf_tables_trans_destroy_work+0x72e/0xc90
[    1.143420]  process_one_work+0x721/0x12b0
[    1.143582]  worker_thread+0xed/0x1360
[    1.143731]  kthread+0x29b/0x370
[    1.143862]  ret_from_fork+0x29/0x50
[    1.144007] 
[    1.144075] The buggy address belongs to the object at ffff888009dfdc00
[    1.144075]  which belongs to the cache kmalloc-512 of size 512
[    1.144566] The buggy address is located 192 bytes inside of
[    1.144566]  freed 512-byte region [ffff888009dfdc00, ffff888009dfde00)
[    1.145042] 
[    1.145109] The buggy address belongs to the physical page:
[    1.145332] page:0000000044a63c3e refcount:1 mapcount:0 mapping:0000000000000000 index:0x0 pfn:0x9dfc
[    1.145696] head:0000000044a63c3e order:2 entire_mapcount:0 nr_pages_mapped:0 pincount:0
[    1.146012] flags: 0x100000000010200(slab|head|node=0|zone=1)
[    1.146246] raw: 0100000000010200 ffff888006441c80 dead000000000122 0000000000000000
[    1.146553] raw: 0000000000000000 0000000000100010 00000001ffffffff 0000000000000000
[    1.146859] page dumped because: kasan: bad access detected
[    1.147079] 
[    1.147147] Memory state around the buggy address:
[    1.147343]  ffff888009dfdb80: fc fc fc fc fc fc fc fc fc fc fc fc fc fc fc fc
[    1.147633]  ffff888009dfdc00: fa fb fb fb fb fb fb fb fb fb fb fb fb fb fb fb
[    1.147921] >ffff888009dfdc80: fb fb fb fb fb fb fb fb fb fb fb fb fb fb fb fb
[    1.148210]                                            ^
[    1.148425]  ffff888009dfdd00: fb fb fb fb fb fb fb fb fb fb fb fb fb fb fb fb
[    1.148717]  ffff888009dfdd80: fb fb fb fb fb fb fb fb fb fb fb fb fb fb fb fb
[    1.149003] ==================================================================
[    1.149309] Disabling lock debugging due to kernel taint
[    1.695143] input: ImExPS/2 Generic Explorer Mouse as /devices/platform/i8042/serio1/input/input3
poc: done
[    3.133862] poc (60) used greatest stack depth: 27352 bytes left
---- poc end rc=0 ----
secb: poc exited without crashing the kernel
[    4.379910] ACPI: PM: Preparing to enter system sleep state S5
[    4.380339] reboot: Power down
CONFIRMED: KASAN_UAF
