bash: warning: setlocale: LC_ALL: cannot change locale (en_US.UTF-8)
c[?7l[2J[0mSeaBIOS (version 1.16.2-debian-1.16.2-1)


iPXE (http://ipxe.org) 00:03.0 CA00 PCI2.10 PnP PMM+7EFCEF00+7EF0EF00 CA00
Press Ctrl-B to configure iPXE (PCI 00:03.0)...                                                                               


Booting from ROM...
c[?7l[2J[    0.000000] Linux version 6.3.0-07956-gfe647a346138-dirty (root@buildkitsandbox) (gcc (Debian 12.2.0-14+deb12u1) 12.2.0, GNU ld (GNU Binutils for Debian) 2.40) #2 SMP PREEMPT_DYNAMIC Tue May  5 09:45:54 UTC 2026
[    0.000000] Command line: console=ttyS0 oops=panic nokaslr rdinit=/init
[    0.000000] x86/fpu: Supporting XSAVE feature 0x001: 'x87 floating point registers'
[    0.000000] x86/fpu: Supporting XSAVE feature 0x002: 'SSE registers'
[    0.000000] x86/fpu: Supporting XSAVE feature 0x004: 'AVX registers'
[    0.000000] x86/fpu: Supporting XSAVE feature 0x200: 'Protection Keys User registers'
[    0.000000] x86/fpu: xstate_offset[2]:  576, xstate_sizes[2]:  256
[    0.000000] x86/fpu: xstate_offset[9]:  832, xstate_sizes[9]:    8
[    0.000000] x86/fpu: Enabled xstate features 0x207, context size is 840 bytes, using 'compacted' format.
[    0.000000] signal: max sigframe size: 3632
[    0.000000] BIOS-provided physical RAM map:
[    0.000000] BIOS-e820: [mem 0x0000000000000000-0x000000000009fbff] usable
[    0.000000] BIOS-e820: [mem 0x000000000009fc00-0x000000000009ffff] reserved
[    0.000000] BIOS-e820: [mem 0x00000000000f0000-0x00000000000fffff] reserved
[    0.000000] BIOS-e820: [mem 0x0000000000100000-0x000000007ffdffff] usable
[    0.000000] BIOS-e820: [mem 0x000000007ffe0000-0x000000007fffffff] reserved
[    0.000000] BIOS-e820: [mem 0x00000000feffc000-0x00000000feffffff] reserved
[    0.000000] BIOS-e820: [mem 0x00000000fffc0000-0x00000000ffffffff] reserved
[    0.000000] NX (Execute Disable) protection: active
[    0.000000] SMBIOS 2.8 present.
[    0.000000] DMI: QEMU Standard PC (i440FX + PIIX, 1996), BIOS 1.16.2-debian-1.16.2-1 04/01/2014
[    0.000000] Hypervisor detected: KVM
[    0.000000] kvm-clock: Using msrs 4b564d01 and 4b564d00
[    0.000002] kvm-clock: using sched offset of 896783176 cycles
[    0.000006] clocksource: kvm-clock: mask: 0xffffffffffffffff max_cycles: 0x1cd42e4dffb, max_idle_ns: 881590591483 ns
[    0.000010] tsc: Detected 3187.200 MHz processor
[    0.000652] last_pfn = 0x7ffe0 max_arch_pfn = 0x400000000
[    0.000703] x86/PAT: Configuration [0-7]: WB  WC  UC- UC  WB  WP  UC- WT  
[    0.001000] found SMP MP-table at [mem 0x000f5ba0-0x000f5baf]
[    0.001000] Using GB pages for direct mapping
[    0.001000] RAMDISK: [mem 0x7fe92000-0x7ffdffff]
[    0.001000] ACPI: Early table checksum verification disabled
[    0.001000] ACPI: RSDP 0x00000000000F59D0 000014 (v00 BOCHS )
[    0.001000] ACPI: RSDT 0x000000007FFE1B33 000034 (v01 BOCHS  BXPC     00000001 BXPC 00000001)
[    0.001000] ACPI: FACP 0x000000007FFE19DF 000074 (v01 BOCHS  BXPC     00000001 BXPC 00000001)
[    0.001000] ACPI: DSDT 0x000000007FFE0040 00199F (v01 BOCHS  BXPC     00000001 BXPC 00000001)
[    0.001000] ACPI: FACS 0x000000007FFE0000 000040
[    0.001000] ACPI: APIC 0x000000007FFE1A53 000080 (v01 BOCHS  BXPC     00000001 BXPC 00000001)
[    0.001000] ACPI: HPET 0x000000007FFE1AD3 000038 (v01 BOCHS  BXPC     00000001 BXPC 00000001)
[    0.001000] ACPI: WAET 0x000000007FFE1B0B 000028 (v01 BOCHS  BXPC     00000001 BXPC 00000001)
[    0.001000] ACPI: Reserving FACP table memory at [mem 0x7ffe19df-0x7ffe1a52]
[    0.001000] ACPI: Reserving DSDT table memory at [mem 0x7ffe0040-0x7ffe19de]
[    0.001000] ACPI: Reserving FACS table memory at [mem 0x7ffe0000-0x7ffe003f]
[    0.001000] ACPI: Reserving APIC table memory at [mem 0x7ffe1a53-0x7ffe1ad2]
[    0.001000] ACPI: Reserving HPET table memory at [mem 0x7ffe1ad3-0x7ffe1b0a]
[    0.001000] ACPI: Reserving WAET table memory at [mem 0x7ffe1b0b-0x7ffe1b32]
[    0.001000] No NUMA configuration found
[    0.001000] Faking a node at [mem 0x0000000000000000-0x000000007ffdffff]
[    0.001000] NODE_DATA(0) allocated [mem 0x7fe8e000-0x7fe91fff]
[    0.001000] Zone ranges:
[    0.001000]   DMA      [mem 0x0000000000001000-0x0000000000ffffff]
[    0.001000]   DMA32    [mem 0x0000000001000000-0x000000007ffdffff]
[    0.001000]   Normal   empty
[    0.001000] Movable zone start for each node
[    0.001000] Early memory node ranges
[    0.001000]   node   0: [mem 0x0000000000001000-0x000000000009efff]
[    0.001000]   node   0: [mem 0x0000000000100000-0x000000007ffdffff]
[    0.001000] Initmem setup node 0 [mem 0x0000000000001000-0x000000007ffdffff]
[    0.001000] On node 0, zone DMA: 1 pages in unavailable ranges
[    0.001000] On node 0, zone DMA: 97 pages in unavailable ranges
[    0.001000] On node 0, zone DMA32: 32 pages in unavailable ranges
[    0.001000] kasan: KernelAddressSanitizer initialized
[    0.001000] ACPI: PM-Timer IO Port: 0x608
[    0.001000] ACPI: LAPIC_NMI (acpi_id[0xff] dfl dfl lint[0x1])
[    0.001000] IOAPIC[0]: apic_id 0, version 17, address 0xfec00000, GSI 0-23
[    0.001000] ACPI: INT_SRC_OVR (bus 0 bus_irq 0 global_irq 2 dfl dfl)
[    0.001000] ACPI: INT_SRC_OVR (bus 0 bus_irq 5 global_irq 5 high level)
[    0.001000] ACPI: INT_SRC_OVR (bus 0 bus_irq 9 global_irq 9 high level)
[    0.001000] ACPI: INT_SRC_OVR (bus 0 bus_irq 10 global_irq 10 high level)
[    0.001000] ACPI: INT_SRC_OVR (bus 0 bus_irq 11 global_irq 11 high level)
[    0.001000] ACPI: Using ACPI (MADT) for SMP configuration information
[    0.001000] ACPI: HPET id: 0x8086a201 base: 0xfed00000
[    0.001000] TSC deadline timer available
[    0.001000] smpboot: Allowing 2 CPUs, 0 hotplug CPUs
[    0.001000] kvm-guest: KVM setup pv remote TLB flush
[    0.001000] kvm-guest: setup PV sched yield
[    0.001000] PM: hibernation: Registered nosave memory: [mem 0x00000000-0x00000fff]
[    0.001000] PM: hibernation: Registered nosave memory: [mem 0x0009f000-0x0009ffff]
[    0.001000] PM: hibernation: Registered nosave memory: [mem 0x000a0000-0x000effff]
[    0.001000] PM: hibernation: Registered nosave memory: [mem 0x000f0000-0x000fffff]
[    0.001000] [mem 0x80000000-0xfeffbfff] available for PCI devices
[    0.001000] Booting paravirtualized kernel on KVM
[    0.001000] clocksource: refined-jiffies: mask: 0xffffffff max_cycles: 0xffffffff, max_idle_ns: 1910969940391419 ns
[    0.001000] setup_percpu: NR_CPUS:64 nr_cpumask_bits:2 nr_cpu_ids:2 nr_node_ids:1
[    0.001000] percpu: Embedded 66 pages/cpu s231976 r8192 d30168 u1048576
[    0.001000] Fallback order for Node 0: 0 
[    0.001000] Built 1 zonelists, mobility grouping on.  Total pages: 515808
[    0.001000] Policy zone: DMA32
[    0.001000] Kernel command line: console=ttyS0 oops=panic nokaslr rdinit=/init
[    0.001000] random: crng init done
[    0.001000] Dentry cache hash table entries: 262144 (order: 9, 2097152 bytes, linear)
[    0.001000] Inode-cache hash table entries: 131072 (order: 8, 1048576 bytes, linear)
[    0.001000] mem auto-init: stack:all(zero), heap alloc:off, heap free:off
[    0.001000] stackdepot: allocating hash table via alloc_large_system_hash
[    0.001000] stackdepot hash table entries: 1048576 (order: 11, 8388608 bytes, linear)
[    0.001000] Memory: 1692960K/2096632K available (49152K kernel code, 7915K rwdata, 10028K rodata, 5608K init, 2984K bss, 403416K reserved, 0K cma-reserved)
[    0.001000] SLUB: HWalign=64, Order=0-3, MinObjects=0, CPUs=2, Nodes=1
[    0.001000] Dynamic Preempt: voluntary
[    0.001000] rcu: Preemptible hierarchical RCU implementation.
[    0.001000] rcu: 	RCU event tracing is enabled.
[    0.001000] rcu: 	RCU restricting CPUs from NR_CPUS=64 to nr_cpu_ids=2.
[    0.001000] 	Trampoline variant of Tasks RCU enabled.
[    0.001000] rcu: RCU calculated value of scheduler-enlistment delay is 100 jiffies.
[    0.001000] rcu: Adjusting geometry for rcu_fanout_leaf=16, nr_cpu_ids=2
[    0.001000] NR_IRQS: 4352, nr_irqs: 440, preallocated irqs: 16
[    0.001000] rcu: srcu_init: Setting srcu_struct sizes based on contention.
[    0.001000] Console: colour VGA+ 80x25
[    0.001000] printk: console [ttyS0] enabled
[    0.001000] ACPI: Core revision 20230331
[    0.001000] clocksource: hpet: mask: 0xffffffff max_cycles: 0xffffffff, max_idle_ns: 19112604467 ns
[    0.001000] APIC: Switch to symmetric I/O mode setup
[    0.001000] kvm-guest: setup PV IPIs
[    0.001000] ..TIMER: vector=0x30 apic1=0 pin1=2 apic2=-1 pin2=-1
[    0.001000] clocksource: tsc-early: mask: 0xffffffffffffffff max_cycles: 0x2df10e7656b, max_idle_ns: 440795364873 ns
[    2.977141] Calibrating delay loop (skipped) preset value.. 6374.40 BogoMIPS (lpj=3187200)
[    2.978145] pid_max: default: 32768 minimum: 301
[    2.979232] LSM: initializing lsm=capability,selinux,integrity
[    2.980181] SELinux:  Initializing.
[    2.981281] Mount-cache hash table entries: 4096 (order: 3, 32768 bytes, linear)
[    2.982156] Mountpoint-cache hash table entries: 4096 (order: 3, 32768 bytes, linear)
[    2.986624] x86/cpu: User Mode Instruction Prevention (UMIP) activated
[    2.987281] Last level iTLB entries: 4KB 0, 2MB 0, 4MB 0
[    2.988139] Last level dTLB entries: 4KB 0, 2MB 0, 4MB 0, 1GB 0
[    2.989156] Spectre V1 : Mitigation: usercopy/swapgs barriers and __user pointer sanitization
[    2.990143] Spectre V2 : Mitigation: Enhanced / Automatic IBRS
[    2.990993] Spectre V2 : Spectre v2 / SpectreRSB mitigation: Filling RSB on context switch
[    2.991134] Spectre V2 : Spectre v2 / PBRSB-eIBRS: Retire a single CALL on VMEXIT
[    2.992141] Spectre V2 : mitigation: Enabling conditional Indirect Branch Prediction Barrier
[    2.993135] Speculative Store Bypass: Mitigation: Speculative Store Bypass disabled via prctl
[    2.994134] MMIO Stale Data: Unknown: No mitigations
[    3.018520] Freeing SMP alternatives memory: 44K
[    3.019130] smpboot: CPU0: Intel(R) Core(TM) i9-14900K (family: 0x6, model: 0xb7, stepping: 0x1)
[    3.019209] cblist_init_generic: Setting adjustable number of callback queues.
[    3.020134] cblist_init_generic: Setting shift to 1 and lim to 1.
[    3.021039] Performance Events: unsupported p6 CPU model 183 no PMU driver, software events only.
[    3.021259] rcu: Hierarchical SRCU implementation.
[    3.021936] rcu: 	Max phase no-delay instances is 400.
[    3.022831] smp: Bringing up secondary CPUs ...
[    3.023400] x86: Booting SMP configuration:
[    3.023989] .... node  #0, CPUs:      #1
[    3.024321] smp: Brought up 1 node, 2 CPUs
[    3.026079] smpboot: Max logical packages: 1
[    3.026141] smpboot: Total of 2 processors activated (12748.80 BogoMIPS)
[    3.027282] devtmpfs: initialized
[    3.030449] clocksource: jiffies: mask: 0xffffffff max_cycles: 0xffffffff, max_idle_ns: 1911260446275000 ns
[    3.031155] futex hash table entries: 512 (order: 3, 32768 bytes, linear)
[    3.032400] PM: RTC time: 09:48:51, date: 2026-05-05
[    3.034200] NET: Registered PF_NETLINK/PF_ROUTE protocol family
[    3.035556] audit: initializing netlink subsys (disabled)
[    3.036269] audit: type=2000 audit(1777974531.675:1): state=initialized audit_enabled=0 res=1
[    3.036632] thermal_sys: Registered thermal governor 'step_wise'
[    3.036900] thermal_sys: Registered thermal governor 'user_space'
[    3.037230] cpuidle: using governor menu
[    3.039573] PCI: Using configuration type 1 for base access
[    3.040507] kprobes: kprobe jump-optimization is enabled. All kprobes are optimized if possible.
[    3.042445] HugeTLB: registered 2.00 MiB page size, pre-allocated 0 pages
[    3.043139] HugeTLB: 28 KiB vmemmap can be freed for a 2.00 MiB page
[    3.045130] ACPI: Added _OSI(Module Device)
[    3.045138] ACPI: Added _OSI(Processor Device)
[    3.045726] ACPI: Added _OSI(3.0 _SCP Extensions)
[    3.047136] ACPI: Added _OSI(Processor Aggregator Device)
[    3.063748] ACPI: 1 ACPI AML tables successfully acquired and loaded
[    3.140648] ACPI: Interpreter enabled
[    3.141210] ACPI: PM: (supports S0 S3 S4 S5)
[    3.142058] ACPI: Using IOAPIC for interrupt routing
[    3.142221] PCI: Using host bridge windows from ACPI; if necessary, use "pci=nocrs" and report a bug
[    3.143138] PCI: Using E820 reservations for host bridge windows
[    3.144282] ACPI: Enabled 2 GPEs in block 00 to 0F
[    3.163699] ACPI: PCI Root Bridge [PCI0] (domain 0000 [bus 00-ff])
[    3.164171] acpi PNP0A03:00: _OSC: OS supports [ASPM ClockPM Segments MSI HPX-Type3]
[    3.165151] acpi PNP0A03:00: _OSC: not requesting OS control; OS requires [ExtendedConfig ASPM ClockPM MSI]
[    3.166283] acpi PNP0A03:00: fail to add MMCONFIG information, can't access extended configuration space under this bridge
[    3.167580] PCI host bridge to bus 0000:00
[    3.168164] pci_bus 0000:00: root bus resource [io  0x0000-0x0cf7 window]
[    3.169169] pci_bus 0000:00: root bus resource [io  0x0d00-0xffff window]
[    3.170165] pci_bus 0000:00: root bus resource [mem 0x000a0000-0x000bffff window]
[    3.171169] pci_bus 0000:00: root bus resource [mem 0x80000000-0xfebfffff window]
[    3.172171] pci_bus 0000:00: root bus resource [mem 0x100000000-0x17fffffff window]
[    3.173171] pci_bus 0000:00: root bus resource [bus 00-ff]
[    3.174331] pci 0000:00:00.0: [8086:1237] type 00 class 0x060000
[    3.183023] pci 0000:00:01.0: [8086:7000] type 00 class 0x060100
[    3.191096] pci 0000:00:01.1: [8086:7010] type 00 class 0x010180
[    3.193017] pci 0000:00:01.1: reg 0x20: [io  0xc040-0xc04f]
[    3.193996] pci 0000:00:01.1: legacy IDE quirk: reg 0x10: [io  0x01f0-0x01f7]
[    3.194153] pci 0000:00:01.1: legacy IDE quirk: reg 0x14: [io  0x03f6]
[    3.195151] pci 0000:00:01.1: legacy IDE quirk: reg 0x18: [io  0x0170-0x0177]
[    3.196161] pci 0000:00:01.1: legacy IDE quirk: reg 0x1c: [io  0x0376]
[    3.197634] pci 0000:00:01.3: [8086:7113] type 00 class 0x068000
[    3.198926] pci 0000:00:01.3: quirk: [io  0x0600-0x063f] claimed by PIIX4 ACPI
[    3.199166] pci 0000:00:01.3: quirk: [io  0x0700-0x070f] claimed by PIIX4 SMB
[    3.200679] pci 0000:00:02.0: [1234:1111] type 00 class 0x030000
[    3.202158] pci 0000:00:02.0: reg 0x10: [mem 0xfd000000-0xfdffffff pref]
[    3.204565] pci 0000:00:02.0: reg 0x18: [mem 0xfebf0000-0xfebf0fff]
[    3.208193] pci 0000:00:02.0: reg 0x30: [mem 0xfebe0000-0xfebeffff pref]
[    3.209289] pci 0000:00:02.0: Video device with shadowed ROM at [mem 0x000c0000-0x000dffff]
[    3.218397] pci 0000:00:03.0: [8086:100e] type 00 class 0x020000
[    3.220509] pci 0000:00:03.0: reg 0x10: [mem 0xfebc0000-0xfebdffff]
[    3.221898] pci 0000:00:03.0: reg 0x14: [io  0xc000-0xc03f]
[    3.225502] pci 0000:00:03.0: reg 0x30: [mem 0xfeb80000-0xfebbffff pref]
[    3.235755] ACPI: PCI: Interrupt link LNKA configured for IRQ 10
[    3.236968] ACPI: PCI: Interrupt link LNKB configured for IRQ 10
[    3.237983] ACPI: PCI: Interrupt link LNKC configured for IRQ 11
[    3.238982] ACPI: PCI: Interrupt link LNKD configured for IRQ 11
[    3.239514] ACPI: PCI: Interrupt link LNKS configured for IRQ 9
[    3.242209] iommu: Default domain type: Translated 
[    3.243139] iommu: DMA domain TLB invalidation policy: lazy mode 
[    3.244579] SCSI subsystem initialized
[    3.245571] ACPI: bus type USB registered
[    3.246200] usbcore: registered new interface driver usbfs
[    3.247182] usbcore: registered new interface driver hub
[    3.248200] usbcore: registered new device driver usb
[    3.249313] pps_core: LinuxPPS API ver. 1 registered
[    3.250141] pps_core: Software ver. 5.3.6 - Copyright 2005-2007 Rodolfo Giometti <giometti@linux.it>
[    3.251204] PTP clock support registered
[    3.252327] Advanced Linux Sound Architecture Driver Initialized.
[    3.254946] NetLabel: Initializing
[    3.256143] NetLabel:  domain hash size = 128
[    3.257137] NetLabel:  protocols = UNLABELED CIPSOv4 CALIPSO
[    3.259249] NetLabel:  unlabeled traffic allowed by default
[    3.260256] PCI: Using ACPI for IRQ routing
[    3.261203] pci 0000:00:02.0: vgaarb: setting as boot VGA device
[    3.262023] pci 0000:00:02.0: vgaarb: bridge control possible
[    3.262130] pci 0000:00:02.0: vgaarb: VGA device added: decodes=io+mem,owns=io+mem,locks=none
[    3.264142] vgaarb: loaded
[    3.264615] hpet0: at MMIO 0xfed00000, IRQs 2, 8, 0
[    3.265076] hpet0: 3 comparators, 64-bit 100.000000 MHz counter
[    3.269254] clocksource: Switched to clocksource kvm-clock
[    3.270074] VFS: Disk quotas dquot_6.6.0
[    3.270598] VFS: Dquot-cache hash table entries: 512 (order 0, 4096 bytes)
[    3.271457] pnp: PnP ACPI init
[    3.273756] pnp: PnP ACPI: found 6 devices
[    3.389123] clocksource: acpi_pm: mask: 0xffffff max_cycles: 0xffffff, max_idle_ns: 2085701024 ns
[    3.390158] NET: Registered PF_INET protocol family
[    3.390694] IP idents hash table entries: 32768 (order: 6, 262144 bytes, linear)
[    3.392119] tcp_listen_portaddr_hash hash table entries: 1024 (order: 2, 16384 bytes, linear)
[    3.393147] Table-perturb hash table entries: 65536 (order: 6, 262144 bytes, linear)
[    3.394246] TCP established hash table entries: 16384 (order: 5, 131072 bytes, linear)
[    3.399763] TCP bind hash table entries: 16384 (order: 7, 524288 bytes, linear)
[    3.400852] TCP: Hash tables configured (established 16384 bind 16384)
[    3.401831] UDP hash table entries: 1024 (order: 3, 32768 bytes, linear)
[    3.402720] UDP-Lite hash table entries: 1024 (order: 3, 32768 bytes, linear)
[    3.403816] NET: Registered PF_UNIX/PF_LOCAL protocol family
[    3.404949] RPC: Registered named UNIX socket transport module.
[    3.405734] RPC: Registered udp transport module.
[    3.406344] RPC: Registered tcp transport module.
[    3.406955] RPC: Registered tcp NFSv4.1 backchannel transport module.
[    3.408560] pci_bus 0000:00: resource 4 [io  0x0000-0x0cf7 window]
[    3.409152] pci_bus 0000:00: resource 5 [io  0x0d00-0xffff window]
[    3.409864] pci_bus 0000:00: resource 6 [mem 0x000a0000-0x000bffff window]
[    3.410813] pci_bus 0000:00: resource 7 [mem 0x80000000-0xfebfffff window]
[    3.411781] pci_bus 0000:00: resource 8 [mem 0x100000000-0x17fffffff window]
[    3.412828] pci 0000:00:01.0: PIIX3: Enabling Passive Release
[    3.413318] pci 0000:00:00.0: Limiting direct PCI/PCI transfers
[    3.414085] PCI: CLS 0 bytes, default 64
[    3.415121] Unpacking initramfs...
[    3.434906] RAPL PMU: API unit is 2^-32 Joules, 0 fixed counters, 10737418240 ms ovfl timer
[    3.437167] clocksource: tsc: mask: 0xffffffffffffffff max_cycles: 0x2df10e7656b, max_idle_ns: 440795364873 ns
[    3.454966] Freeing initrd memory: 1336K
[    3.489434] Initialise system trusted keyrings
[    3.490512] workingset: timestamp_bits=56 max_order=19 bucket_order=0
[    3.493532] NFS: Registering the id_resolver key type
[    3.495339] Key type id_resolver registered
[    3.496614] Key type id_legacy registered
[    3.497614] 9p: Installing v9fs 9p2000 file system support
[    3.501747] Key type asymmetric registered
[    3.503213] Asymmetric key parser 'x509' registered
[    3.504943] Block layer SCSI generic (bsg) driver version 0.4 loaded (major 251)
[    3.507463] io scheduler mq-deadline registered
[    3.508949] io scheduler kyber registered
[    3.510791] input: Power Button as /devices/LNXSYSTM:00/LNXPWRBN:00/input/input0
[    3.516729] ACPI: button: Power Button [PWRF]
[    3.518682] Serial: 8250/16550 driver, 4 ports, IRQ sharing enabled
[    3.521074] 00:04: ttyS0 at I/O 0x3f8 (irq = 4, base_baud = 115200) is a 16550A
[    3.524365] Non-volatile memory driver v1.3
[    3.525816] Linux agpgart interface v0.103
[    3.527488] ACPI: bus type drm_connector registered
[    3.566170] loop: module loaded
[    3.569400] scsi host0: ata_piix
[    3.570535] scsi host1: ata_piix
[    3.571960] ata1: PATA max MWDMA2 cmd 0x1f0 ctl 0x3f6 bmdma 0xc040 irq 14
[    3.574178] ata2: PATA max MWDMA2 cmd 0x170 ctl 0x376 bmdma 0xc048 irq 15
[    3.577950] e100: Intel(R) PRO/100 Network Driver
[    3.579209] e100: Copyright(c) 1999-2006 Intel Corporation
[    3.581227] e1000: Intel(R) PRO/1000 Network Driver
[    3.582214] e1000: Copyright (c) 1999-2006 Intel Corporation.
[    3.733435] ata2: found unknown device (class 0)
[    3.735926] ata2.00: ATAPI: QEMU DVD-ROM, 2.5+, max UDMA/100
[    3.739347] scsi 1:0:0:0: CD-ROM            QEMU     QEMU DVD-ROM     2.5+ PQ: 0 ANSI: 5
[    3.763057] sr 1:0:0:0: [sr0] scsi3-mmc drive: 4x/4x cd/rw xa/form2 tray
[    3.765284] cdrom: Uniform CD-ROM driver Revision: 3.20
[    3.775045] sr 1:0:0:0: Attached scsi generic sg0 type 5
[    4.218829] ACPI: \_SB_.LNKC: Enabled at IRQ 11
[    4.571407] e1000 0000:00:03.0 eth0: (PCI:33MHz:32-bit) 52:54:00:12:34:56
[    4.573619] e1000 0000:00:03.0 eth0: Intel(R) PRO/1000 Network Connection
[    4.575291] e1000e: Intel(R) PRO/1000 Network Driver
[    4.576968] e1000e: Copyright(c) 1999 - 2015 Intel Corporation.
[    4.579030] sky2: driver version 1.30
[    4.580858] usbcore: registered new interface driver usblp
[    4.582654] usbcore: registered new interface driver usb-storage
[    4.584085] i8042: PNP: PS/2 Controller [PNP0303:KBD,PNP0f13:MOU] at 0x60,0x64 irq 1,12
[    4.587795] serio: i8042 KBD port at 0x60,0x64 irq 1
[    4.589479] serio: i8042 AUX port at 0x60,0x64 irq 12
[    4.591379] input: AT Translated Set 2 keyboard as /devices/platform/i8042/serio0/input/input1
[    4.594368] rtc_cmos 00:05: RTC can wake from S4
[    4.597593] rtc_cmos 00:05: registered as rtc0
[    4.598859] rtc_cmos 00:05: alarms up to one day, y3k, 242 bytes nvram, hpet irqs
[    4.602372] device-mapper: ioctl: 4.48.0-ioctl (2023-03-01) initialised: dm-devel@redhat.com
[    4.604528] intel_pstate: CPU model not supported
[    4.606264] hid: raw HID events driver (C) Jiri Kosina
[    4.608589] usbcore: registered new interface driver usbhid
[    4.609821] usbhid: USB HID core driver
[    4.674251] Initializing XFRM netlink socket
[    4.675889] NET: Registered PF_INET6 protocol family
[    4.678432] Segment Routing with IPv6
[    4.679170] In-situ OAM (IOAM) with IPv6
[    4.680176] sit: IPv6, IPv4 and MPLS over IPv4 tunneling driver
[    4.681962] NET: Registered PF_PACKET protocol family
[    4.683803] 9pnet: Installing 9P2000 support
[    4.684944] Key type dns_resolver registered
[    4.686639] IPI shorthand broadcast: enabled
[    4.811689] sched_clock: Marking stable (1839005263, 2972130032)->(4927490985, -116355690)
[    4.815552] registered taskstats version 1
[    4.817012] Loading compiled-in X.509 certificates
[    4.830742] PM:   Magic number: 10:110:828
[    4.831695] printk: console [netcon0] enabled
[    4.833175] netconsole: network logging started
[    4.834871] cfg80211: Loading compiled-in X.509 certificates for regulatory database
[    4.839445] kworker/u4:1 (50) used greatest stack depth: 29536 bytes left
[    4.842848] Loaded X.509 cert 'sforshee: 00b28ddf47aef9cea7'
[    4.844200] ALSA device list:
[    4.844849]   No soundcards found.
[    4.847898] Freeing unused kernel image (initmem) memory: 5608K
[    4.849643] platform regulatory.0: Direct firmware load for regulatory.db failed with error -2
[    4.850999] cfg80211: failed to load regulatory.db
[    4.854235] Write protecting the kernel read-only data: 59392k
[    4.855400] Freeing unused kernel image (rodata/data gap) memory: 212K
[    4.871291] x86/mm: Checked W+X mappings: passed, no W+X pages found.
[    4.872716] Run /init as init process
[    4.875585] mount (54) used greatest stack depth: 28704 bytes left

secb: rootfs ready
---- poc begin ----
poc: CVE-2023-32233 trigger (two-tx anon set UAF)
poc: userns ready
poc:   ack err=-2 seq=1777974543
poc:   ack err=-2 seq=1777974544
poc: round 0 done
poc:   ack err=-2 seq=1777974558
poc:   ack err=-2 seq=1777974559
poc:   ack err=-2 seq=1777974573
poc:   ack err=-2 seq=1777974574
poc:   ack err=-2 seq=1777974588
poc:   ack err=-2 seq=1777974589
poc:   ack err=-2 seq=1777974603
poc:   ack err=-2 seq=1777974604
poc: round 4 done
poc:   ack err=-2 seq=1777974618
poc:   ack err=-2 seq=1777974619
poc:   ack err=-2 seq=1777974633
poc:   ack err=-2 seq=1777974634
poc:   ack err=-2 seq=1777974648
poc:   ack err=-2 seq=1777974649
poc:   ack err=-2 seq=1777974663
poc:   ack err=-2 seq=1777974664
poc: round 8 done
poc:   ack err=-2 seq=1777974678
poc:   ack err=-2 seq=1777974679
poc:   ack err=-2 seq=1777974693
poc:   ack err=-2 seq=1777974694
poc:   ack err=-2 seq=1777974708
poc:   ack err=-2 seq=1777974709
poc:   ack err=-2 seq=1777974723
poc:   ack err=-2 seq=1777974724
poc: round 12 done
poc:   ack err=-2 seq=1777974738
poc:   ack err=-2 seq=1777974739
poc:   ack err=-2 seq=1777974753
poc:   ack err=-2 seq=1777974754
poc:   ack err=-2 seq=1777974768
poc:   ack err=-2 seq=1777974769
poc:   ack err=-2 seq=1777974783
poc:   ack err=-2 seq=1777974784
poc: round 16 done
poc:   ack err=-2 seq=1777974798
poc:   ack err=-2 seq=1777974799
poc:   ack err=-2 seq=1777974813
poc:   ack err=-2 seq=1777974814
poc:   ack err=-2 seq=1777974828
poc:   ack err=-2 seq=1777974829
poc:   ack err=-2 seq=1777974843
poc:   ack err=-2 seq=1777974844
poc: round 20 done
poc:   ack err=-2 seq=1777974858
poc:   ack err=-2 seq=1777974859
poc:   ack err=-2 seq=1777974873
poc:   ack err=-2 seq=1777974874
poc:   ack err=-2 seq=1777974888
poc:   ack err=-2 seq=1777974889
poc:   ack err=-2 seq=1777974903
poc:   ack err=-2 seq=1777974904
poc: round 24 done
poc:   ack err=-2 seq=1777974918
poc:   ack err=-2 seq=1777974919
poc:   ack err=-2 seq=1777974933
poc:   ack err=-2 seq=1777974934
poc:   ack err=-2 seq=1777974948
poc:   ack err=-2 seq=1777974949
poc:   ack err=-2 seq=1777974963
poc:   ack err=-2 seq=1777974964
poc: round 28 done
poc:   ack err=-2 seq=1777974978
poc:   ack err=-2 seq=1777974979
poc:   ack err=-2 seq=1777974993
poc:   ack err=-2 seq=1777974994
poc:   ack err=-2 seq=1777975008
poc:   ack err=-2 seq=1777975009
[    5.230442] input: ImExPS/2 Generic Explorer Mouse as /devices/platform/i8042/serio1/input/input3
poc: done
[    7.211609] poc (60) used greatest stack depth: 26640 bytes left
---- poc end rc=0 ----
secb: poc exited without crashing the kernel
[    9.039958] ACPI: PM: Preparing to enter system sleep state S5
[    9.040498] reboot: Power down
NO_CRASH_DETECTED
