bash: warning: setlocale: LC_ALL: cannot change locale (en_US.UTF-8)
c[?7l[2J[0mSeaBIOS (version 1.16.2-debian-1.16.2-1)


iPXE (http://ipxe.org) 00:03.0 CA00 PCI2.10 PnP PMM+7EFCEF00+7EF0EF00 CA00
Press Ctrl-B to configure iPXE (PCI 00:03.0)...                                                                               


Booting from ROM..c[?7l[2J[    0.000000] Linux version 6.4.0-rc6-00219-gd7fce52fdf96-dirty (root@buildkitsandbox) (gcc (Debian 12.2.0-14+deb12u1) 12.2.0, GNU ld (GNU Binutils for Debian) 2.40) #1 SMP PREEMPT_DYNAMIC Tue May  5 10:16:29 UTC 2026
[    0.000000] Command line: console=ttyS0 oops=panic nokaslr rdinit=/init
[    0.000000] x86/fpu: Supporting XSAVE feature 0x001: 'x87 floating point registers'
[    0.000000] x86/fpu: Supporting XSAVE feature 0x002: 'SSE registers'
[    0.000000] x86/fpu: Supporting XSAVE feature 0x004: 'AVX registers'
[    0.000000] x86/fpu: Supporting XSAVE feature 0x200: 'Protection Keys User registers'
[    0.000000] x86/fpu: xstate_offset[2]:  576, xstate_sizes[2]:  256
[    0.000000] x86/fpu: xstate_offset[9]:  832, xstate_sizes[9]:    8
[    0.000000] x86/fpu: Enabled xstate features 0x207, context size is 840 bytes, using 'compacted' format.
[    0.000000] signal: max sigframe size: 3632
[    0.000000] BIOS-provided physical RAM map:
[    0.000000] BIOS-e820: [mem 0x0000000000000000-0x000000000009fbff] usable
[    0.000000] BIOS-e820: [mem 0x000000000009fc00-0x000000000009ffff] reserved
[    0.000000] BIOS-e820: [mem 0x00000000000f0000-0x00000000000fffff] reserved
[    0.000000] BIOS-e820: [mem 0x0000000000100000-0x000000007ffdffff] usable
[    0.000000] BIOS-e820: [mem 0x000000007ffe0000-0x000000007fffffff] reserved
[    0.000000] BIOS-e820: [mem 0x00000000feffc000-0x00000000feffffff] reserved
[    0.000000] BIOS-e820: [mem 0x00000000fffc0000-0x00000000ffffffff] reserved
[    0.000000] NX (Execute Disable) protection: active
[    0.000000] SMBIOS 2.8 present.
[    0.000000] DMI: QEMU Standard PC (i440FX + PIIX, 1996), BIOS 1.16.2-debian-1.16.2-1 04/01/2014
[    0.000000] Hypervisor detected: KVM
[    0.000000] kvm-clock: Using msrs 4b564d01 and 4b564d00
[    0.000000] kvm-clock: using sched offset of 236025233 cycles
[    0.000002] clocksource: kvm-clock: mask: 0xffffffffffffffff max_cycles: 0x1cd42e4dffb, max_idle_ns: 881590591483 ns
[    0.000004] tsc: Detected 3187.200 MHz processor
[    0.000312] last_pfn = 0x7ffe0 max_arch_pfn = 0x400000000
[    0.000333] x86/PAT: Configuration [0-7]: WB  WC  UC- UC  WB  WP  UC- WT  
[    0.002256] found SMP MP-table at [mem 0x000f5ba0-0x000f5baf]
[    0.002262] Using GB pages for direct mapping
[    0.002263] Incomplete global flushes, disabling PCID
[    0.002370] RAMDISK: [mem 0x7fe91000-0x7ffdffff]
[    0.002373] ACPI: Early table checksum verification disabled
[    0.002375] ACPI: RSDP 0x00000000000F59D0 000014 (v00 BOCHS )
[    0.002378] ACPI: RSDT 0x000000007FFE1B33 000034 (v01 BOCHS  BXPC     00000001 BXPC 00000001)
[    0.002382] ACPI: FACP 0x000000007FFE19DF 000074 (v01 BOCHS  BXPC     00000001 BXPC 00000001)
[    0.002386] ACPI: DSDT 0x000000007FFE0040 00199F (v01 BOCHS  BXPC     00000001 BXPC 00000001)
[    0.002388] ACPI: FACS 0x000000007FFE0000 000040
[    0.002389] ACPI: APIC 0x000000007FFE1A53 000080 (v01 BOCHS  BXPC     00000001 BXPC 00000001)
[    0.002391] ACPI: HPET 0x000000007FFE1AD3 000038 (v01 BOCHS  BXPC     00000001 BXPC 00000001)
[    0.002393] ACPI: WAET 0x000000007FFE1B0B 000028 (v01 BOCHS  BXPC     00000001 BXPC 00000001)
[    0.002394] ACPI: Reserving FACP table memory at [mem 0x7ffe19df-0x7ffe1a52]
[    0.002395] ACPI: Reserving DSDT table memory at [mem 0x7ffe0040-0x7ffe19de]
[    0.002396] ACPI: Reserving FACS table memory at [mem 0x7ffe0000-0x7ffe003f]
[    0.002396] ACPI: Reserving APIC table memory at [mem 0x7ffe1a53-0x7ffe1ad2]
[    0.002397] ACPI: Reserving HPET table memory at [mem 0x7ffe1ad3-0x7ffe1b0a]
[    0.002397] ACPI: Reserving WAET table memory at [mem 0x7ffe1b0b-0x7ffe1b32]
[    0.002576] No NUMA configuration found
[    0.002577] Faking a node at [mem 0x0000000000000000-0x000000007ffdffff]
[    0.002578] NODE_DATA(0) allocated [mem 0x7fe8d000-0x7fe90fff]
[    0.002585] Zone ranges:
[    0.002585]   DMA      [mem 0x0000000000001000-0x0000000000ffffff]
[    0.002587]   DMA32    [mem 0x0000000001000000-0x000000007ffdffff]
[    0.002587]   Normal   empty
[    0.002588] Movable zone start for each node
[    0.002588] Early memory node ranges
[    0.002588]   node   0: [mem 0x0000000000001000-0x000000000009efff]
[    0.002589]   node   0: [mem 0x0000000000100000-0x000000007ffdffff]
[    0.002590] Initmem setup node 0 [mem 0x0000000000001000-0x000000007ffdffff]
[    0.002750] On node 0, zone DMA: 1 pages in unavailable ranges
[    0.002791] On node 0, zone DMA: 97 pages in unavailable ranges
[    0.013293] On node 0, zone DMA32: 32 pages in unavailable ranges
[    0.120211] kasan: KernelAddressSanitizer initialized
[    0.120408] ACPI: PM-Timer IO Port: 0x608
[    0.120415] ACPI: LAPIC_NMI (acpi_id[0xff] dfl dfl lint[0x1])
[    0.120442] IOAPIC[0]: apic_id 0, version 17, address 0xfec00000, GSI 0-23
[    0.120444] ACPI: INT_SRC_OVR (bus 0 bus_irq 0 global_irq 2 dfl dfl)
[    0.120445] ACPI: INT_SRC_OVR (bus 0 bus_irq 5 global_irq 5 high level)
[    0.120446] ACPI: INT_SRC_OVR (bus 0 bus_irq 9 global_irq 9 high level)
[    0.120447] ACPI: INT_SRC_OVR (bus 0 bus_irq 10 global_irq 10 high level)
[    0.120447] ACPI: INT_SRC_OVR (bus 0 bus_irq 11 global_irq 11 high level)
[    0.120449] ACPI: Using ACPI (MADT) for SMP configuration information
[    0.120450] ACPI: HPET id: 0x8086a201 base: 0xfed00000
[    0.120452] TSC deadline timer available
[    0.120453] smpboot: Allowing 2 CPUs, 0 hotplug CPUs
[    0.120469] kvm-guest: KVM setup pv remote TLB flush
[    0.120471] kvm-guest: setup PV sched yield
[    0.120476] PM: hibernation: Registered nosave memory: [mem 0x00000000-0x00000fff]
[    0.120478] PM: hibernation: Registered nosave memory: [mem 0x0009f000-0x0009ffff]
[    0.120478] PM: hibernation: Registered nosave memory: [mem 0x000a0000-0x000effff]
[    0.120479] PM: hibernation: Registered nosave memory: [mem 0x000f0000-0x000fffff]
[    0.120480] [mem 0x80000000-0xfeffbfff] available for PCI devices
[    0.120481] Booting paravirtualized kernel on KVM
[    0.120483] clocksource: refined-jiffies: mask: 0xffffffff max_cycles: 0xffffffff, max_idle_ns: 1910969940391419 ns
[    0.128428] setup_percpu: NR_CPUS:64 nr_cpumask_bits:2 nr_cpu_ids:2 nr_node_ids:1
[    0.129180] percpu: Embedded 66 pages/cpu s232488 r8192 d29656 u1048576
[    0.129209] Kernel command line: console=ttyS0 oops=panic nokaslr rdinit=/init
[    0.129254] random: crng init done
[    0.129908] Dentry cache hash table entries: 262144 (order: 9, 2097152 bytes, linear)
[    0.130769] Inode-cache hash table entries: 131072 (order: 8, 1048576 bytes, linear)
[    0.130806] Fallback order for Node 0: 0 
[    0.130809] Built 1 zonelists, mobility grouping on.  Total pages: 515808
[    0.130810] Policy zone: DMA32
[    0.130810] mem auto-init: stack:all(zero), heap alloc:off, heap free:off
[    0.130811] stackdepot: allocating hash table via alloc_large_system_hash
[    0.133870] stackdepot hash table entries: 1048576 (order: 11, 8388608 bytes, linear)
[    0.153759] Memory: 1692956K/2096632K available (49152K kernel code, 7933K rwdata, 10056K rodata, 5612K init, 3004K bss, 403420K reserved, 0K cma-reserved)
[    0.153886] SLUB: HWalign=64, Order=0-3, MinObjects=0, CPUs=2, Nodes=1
[    0.154828] Dynamic Preempt: voluntary
[    0.156558] rcu: Preemptible hierarchical RCU implementation.
[    0.156559] rcu: 	RCU event tracing is enabled.
[    0.156560] rcu: 	RCU restricting CPUs from NR_CPUS=64 to nr_cpu_ids=2.
[    0.156561] 	Trampoline variant of Tasks RCU enabled.
[    0.156562] rcu: RCU calculated value of scheduler-enlistment delay is 100 jiffies.
[    0.156562] rcu: Adjusting geometry for rcu_fanout_leaf=16, nr_cpu_ids=2
[    0.162588] NR_IRQS: 4352, nr_irqs: 440, preallocated irqs: 16
[    0.162772] rcu: srcu_init: Setting srcu_struct sizes based on contention.
[    0.165140] Console: colour VGA+ 80x25
[    0.165165] printk: console [ttyS0] enabled
[    0.204822] ACPI: Core revision 20230331
[    0.205173] clocksource: hpet: mask: 0xffffffff max_cycles: 0xffffffff, max_idle_ns: 19112604467 ns
[    0.205763] APIC: Switch to symmetric I/O mode setup
[    0.206053] kvm-guest: setup PV IPIs
[    0.206904] ..TIMER: vector=0x30 apic1=0 pin1=2 apic2=-1 pin2=-1
[    0.207263] clocksource: tsc-early: mask: 0xffffffffffffffff max_cycles: 0x2df10e7656b, max_idle_ns: 440795364873 ns
[    0.207895] Calibrating delay loop (skipped) preset value.. 6374.40 BogoMIPS (lpj=3187200)
[    0.208376] pid_max: default: 32768 minimum: 301
[    0.208674] LSM: initializing lsm=capability,selinux,integrity
[    0.208900] SELinux:  Initializing.
[    0.209162] Mount-cache hash table entries: 4096 (order: 3, 32768 bytes, linear)
[    0.209580] Mountpoint-cache hash table entries: 4096 (order: 3, 32768 bytes, linear)
[    0.211224] x86/cpu: User Mode Instruction Prevention (UMIP) activated
[    0.211650] Last level iTLB entries: 4KB 0, 2MB 0, 4MB 0
[    0.211892] Last level dTLB entries: 4KB 0, 2MB 0, 4MB 0, 1GB 0
[    0.212243] Spectre V1 : Mitigation: usercopy/swapgs barriers and __user pointer sanitization
[    0.212892] Spectre V2 : Mitigation: Enhanced / Automatic IBRS
[    0.213242] Spectre V2 : Spectre v2 / SpectreRSB mitigation: Filling RSB on context switch
[    0.213729] Spectre V2 : Spectre v2 / PBRSB-eIBRS: Retire a single CALL on VMEXIT
[    0.213894] Spectre V2 : mitigation: Enabling conditional Indirect Branch Prediction Barrier
[    0.214373] Speculative Store Bypass: Mitigation: Speculative Store Bypass disabled via prctl
[    0.214892] MMIO Stale Data: Unknown: No mitigations
[    0.229462] Freeing SMP alternatives memory: 44K
[    0.229942] smpboot: CPU0: Intel(R) Core(TM) i9-14900K (family: 0x6, model: 0xb7, stepping: 0x1)
[    0.231051] cblist_init_generic: Setting adjustable number of callback queues.
[    0.231892] cblist_init_generic: Setting shift to 1 and lim to 1.
[    0.232910] Performance Events: unsupported p6 CPU model 183 no PMU driver, software events only.
[    0.233930] rcu: Hierarchical SRCU implementation.
[    0.234892] rcu: 	Max phase no-delay instances is 400.
[    0.237004] smp: Bringing up secondary CPUs ...
[    0.238000] x86: Booting SMP configuration:
[    0.238892] .... node  #0, CPUs:      #1
[    0.239991] smp: Brought up 1 node, 2 CPUs
[    0.241892] smpboot: Max logical packages: 1
[    0.242891] smpboot: Total of 2 processors activated (12748.80 BogoMIPS)
[    0.244942] devtmpfs: initialized
[    0.251976] clocksource: jiffies: mask: 0xffffffff max_cycles: 0xffffffff, max_idle_ns: 1911260446275000 ns
[    0.252894] futex hash table entries: 512 (order: 3, 32768 bytes, linear)
[    0.253985] PM: RTC time: 10:19:43, date: 2026-05-05
[    0.255914] NET: Registered PF_NETLINK/PF_ROUTE protocol family
[    0.257077] audit: initializing netlink subsys (disabled)
[    0.257923] audit: type=2000 audit(1777976384.151:1): state=initialized audit_enabled=0 res=1
[    0.258053] thermal_sys: Registered thermal governor 'step_wise'
[    0.258892] thermal_sys: Registered thermal governor 'user_space'
[    0.259902] cpuidle: using governor menu
[    0.262051] PCI: Using configuration type 1 for base access
[    0.263018] kprobes: kprobe jump-optimization is enabled. All kprobes are optimized if possible.
[    0.266012] HugeTLB: registered 2.00 MiB page size, pre-allocated 0 pages
[    0.267893] HugeTLB: 28 KiB vmemmap can be freed for a 2.00 MiB page
[    0.270938] ACPI: Added _OSI(Module Device)
[    0.272892] ACPI: Added _OSI(Processor Device)
[    0.273892] ACPI: Added _OSI(3.0 _SCP Extensions)
[    0.274892] ACPI: Added _OSI(Processor Aggregator Device)
[    0.303100] ACPI: 1 ACPI AML tables successfully acquired and loaded
[    0.504962] ACPI: Interpreter enabled
[    0.505919] ACPI: PM: (supports S0 S3 S4 S5)
[    0.506892] ACPI: Using IOAPIC for interrupt routing
[    0.507918] PCI: Using host bridge windows from ACPI; if necessary, use "pci=nocrs" and report a bug
[    0.508891] PCI: Using E820 reservations for host bridge windows
[    0.510979] ACPI: Enabled 2 GPEs in block 00 to 0F
[    0.553109] ACPI: PCI Root Bridge [PCI0] (domain 0000 [bus 00-ff])
[    0.553899] acpi PNP0A03:00: _OSC: OS supports [ASPM ClockPM Segments MSI HPX-Type3]
[    0.554892] acpi PNP0A03:00: _OSC: not requesting OS control; OS requires [ExtendedConfig ASPM ClockPM MSI]
[    0.555936] acpi PNP0A03:00: fail to add MMCONFIG information, can't access extended configuration space under this bridge
[    0.557040] PCI host bridge to bus 0000:00
[    0.557893] pci_bus 0000:00: root bus resource [io  0x0000-0x0cf7 window]
[    0.558893] pci_bus 0000:00: root bus resource [io  0x0d00-0xffff window]
[    0.559893] pci_bus 0000:00: root bus resource [mem 0x000a0000-0x000bffff window]
[    0.560892] pci_bus 0000:00: root bus resource [mem 0x80000000-0xfebfffff window]
[    0.561892] pci_bus 0000:00: root bus resource [mem 0x100000000-0x17fffffff window]
[    0.562893] pci_bus 0000:00: root bus resource [bus 00-ff]
[    0.563939] pci 0000:00:00.0: [8086:1237] type 00 class 0x060000
[    0.580989] pci 0000:00:01.0: [8086:7000] type 00 class 0x060100
[    0.598983] pci 0000:00:01.1: [8086:7010] type 00 class 0x010180
[    0.603030] pci 0000:00:01.1: reg 0x20: [io  0xc040-0xc04f]
[    0.605078] pci 0000:00:01.1: legacy IDE quirk: reg 0x10: [io  0x01f0-0x01f7]
[    0.605892] pci 0000:00:01.1: legacy IDE quirk: reg 0x14: [io  0x03f6]
[    0.606891] pci 0000:00:01.1: legacy IDE quirk: reg 0x18: [io  0x0170-0x0177]
[    0.607891] pci 0000:00:01.1: legacy IDE quirk: reg 0x1c: [io  0x0376]
[    0.609040] pci 0000:00:01.3: [8086:7113] type 00 class 0x068000
[    0.610892] pci 0000:00:01.3: quirk: [io  0x0600-0x063f] claimed by PIIX4 ACPI
[    0.611895] pci 0000:00:01.3: quirk: [io  0x0700-0x070f] claimed by PIIX4 SMB
[    0.613037] pci 0000:00:02.0: [1234:1111] type 00 class 0x030000
[    0.615094] pci 0000:00:02.0: reg 0x10: [mem 0xfd000000-0xfdffffff pref]
[    0.618085] pci 0000:00:02.0: reg 0x18: [mem 0xfebf0000-0xfebf0fff]
[    0.624088] pci 0000:00:02.0: reg 0x30: [mem 0xfebe0000-0xfebeffff pref]
[    0.624942] pci 0000:00:02.0: Video device with shadowed ROM at [mem 0x000c0000-0x000dffff]
[    0.642057] pci 0000:00:03.0: [8086:100e] type 00 class 0x020000
[    0.643892] pci 0000:00:03.0: reg 0x10: [mem 0xfebc0000-0xfebdffff]
[    0.645891] pci 0000:00:03.0: reg 0x14: [io  0xc000-0xc03f]
[    0.651892] pci 0000:00:03.0: reg 0x30: [mem 0xfeb80000-0xfebbffff pref]
[    0.673055] ACPI: PCI: Interrupt link LNKA configured for IRQ 10
[    0.675013] ACPI: PCI: Interrupt link LNKB configured for IRQ 10
[    0.677005] ACPI: PCI: Interrupt link LNKC configured for IRQ 11
[    0.678993] ACPI: PCI: Interrupt link LNKD configured for IRQ 11
[    0.680021] ACPI: PCI: Interrupt link LNKS configured for IRQ 9
[    0.684893] iommu: Default domain type: Translated 
[    0.685892] iommu: DMA domain TLB invalidation policy: lazy mode 
[    0.687057] SCSI subsystem initialized
[    0.688020] ACPI: bus type USB registered
[    0.688386] usbcore: registered new interface driver usbfs
[    0.691905] usbcore: registered new interface driver hub
[    0.692904] usbcore: registered new device driver usb
[    0.694927] pps_core: LinuxPPS API ver. 1 registered
[    0.695891] pps_core: Software ver. 5.3.6 - Copyright 2005-2007 Rodolfo Giometti <giometti@linux.it>
[    0.698902] PTP clock support registered
[    0.700912] Advanced Linux Sound Architecture Driver Initialized.
[    0.703016] NetLabel: Initializing
[    0.703892] NetLabel:  domain hash size = 128
[    0.704892] NetLabel:  protocols = UNLABELED CIPSOv4 CALIPSO
[    0.705934] NetLabel:  unlabeled traffic allowed by default
[    0.706927] PCI: Using ACPI for IRQ routing
[    0.707986] pci 0000:00:02.0: vgaarb: setting as boot VGA device
[    0.708319] pci 0000:00:02.0: vgaarb: bridge control possible
[    0.708741] pci 0000:00:02.0: vgaarb: VGA device added: decodes=io+mem,owns=io+mem,locks=none
[    0.708892] vgaarb: loaded
[    0.709926] hpet0: at MMIO 0xfed00000, IRQs 2, 8, 0
[    0.710892] hpet0: 3 comparators, 64-bit 100.000000 MHz counter
[    0.715930] clocksource: Switched to clocksource kvm-clock
[    0.717106] VFS: Disk quotas dquot_6.6.0
[    0.717354] VFS: Dquot-cache hash table entries: 512 (order 0, 4096 bytes)
[    0.717895] pnp: PnP ACPI init
[    0.719136] pnp: PnP ACPI: found 6 devices
[    0.725944] clocksource: acpi_pm: mask: 0xffffff max_cycles: 0xffffff, max_idle_ns: 2085701024 ns
[    0.726633] NET: Registered PF_INET protocol family
[    0.728096] IP idents hash table entries: 32768 (order: 6, 262144 bytes, linear)
[    0.729032] tcp_listen_portaddr_hash hash table entries: 1024 (order: 2, 16384 bytes, linear)
[    0.729657] Table-perturb hash table entries: 65536 (order: 6, 262144 bytes, linear)
[    0.730204] TCP established hash table entries: 16384 (order: 5, 131072 bytes, linear)
[    0.730738] TCP bind hash table entries: 16384 (order: 7, 524288 bytes, linear)
[    0.731261] TCP: Hash tables configured (established 16384 bind 16384)
[    0.731749] UDP hash table entries: 1024 (order: 3, 32768 bytes, linear)
[    0.732202] UDP-Lite hash table entries: 1024 (order: 3, 32768 bytes, linear)
[    0.732702] NET: Registered PF_UNIX/PF_LOCAL protocol family
[    0.733164] RPC: Registered named UNIX socket transport module.
[    0.733501] RPC: Registered udp transport module.
[    0.733771] RPC: Registered tcp transport module.
[    0.734039] RPC: Registered tcp NFSv4.1 backchannel transport module.
[    0.736476] pci_bus 0000:00: resource 4 [io  0x0000-0x0cf7 window]
[    0.736842] pci_bus 0000:00: resource 5 [io  0x0d00-0xffff window]
[    0.737201] pci_bus 0000:00: resource 6 [mem 0x000a0000-0x000bffff window]
[    0.737595] pci_bus 0000:00: resource 7 [mem 0x80000000-0xfebfffff window]
[    0.738013] pci_bus 0000:00: resource 8 [mem 0x100000000-0x17fffffff window]
[    0.738537] pci 0000:00:01.0: PIIX3: Enabling Passive Release
[    0.738882] pci 0000:00:00.0: Limiting direct PCI/PCI transfers
[    0.739267] PCI: CLS 0 bytes, default 64
[    0.739552] RAPL PMU: API unit is 2^-32 Joules, 0 fixed counters, 10737418240 ms ovfl timer
[    0.740056] clocksource: tsc: mask: 0xffffffffffffffff max_cycles: 0x2df10e7656b, max_idle_ns: 440795364873 ns
[    0.740730] Unpacking initramfs...
[    0.744303] Initialise system trusted keyrings
[    0.744776] workingset: timestamp_bits=56 max_order=19 bucket_order=0
[    0.745418] NFS: Registering the id_resolver key type
[    0.745716] Key type id_resolver registered
[    0.745956] Key type id_legacy registered
[    0.746244] 9p: Installing v9fs 9p2000 file system support
[    0.750326] Key type asymmetric registered
[    0.750587] Asymmetric key parser 'x509' registered
[    0.750884] Block layer SCSI generic (bsg) driver version 0.4 loaded (major 251)
[    0.751325] io scheduler mq-deadline registered
[    0.751587] io scheduler kyber registered
[    0.752055] input: Power Button as /devices/LNXSYSTM:00/LNXPWRBN:00/input/input0
[    0.752553] ACPI: button: Power Button [PWRF]
[    0.754333] Serial: 8250/16550 driver, 4 ports, IRQ sharing enabled
[    0.754781] 00:04: ttyS0 at I/O 0x3f8 (irq = 4, base_baud = 115200) is a 16550A
[    0.755184] Freeing initrd memory: 1340K
[    0.755956] Non-volatile memory driver v1.3
[    0.756203] Linux agpgart interface v0.103
[    0.756505] ACPI: bus type drm_connector registered
[    0.760515] loop: module loaded
[    0.761644] scsi host0: ata_piix
[    0.762020] scsi host1: ata_piix
[    0.762288] ata1: PATA max MWDMA2 cmd 0x1f0 ctl 0x3f6 bmdma 0xc040 irq 14
[    0.762676] ata2: PATA max MWDMA2 cmd 0x170 ctl 0x376 bmdma 0xc048 irq 15
[    0.763747] e100: Intel(R) PRO/100 Network Driver
[    0.764016] e100: Copyright(c) 1999-2006 Intel Corporation
[    0.764342] e1000: Intel(R) PRO/1000 Network Driver
[    0.764623] e1000: Copyright (c) 1999-2006 Intel Corporation.
[    0.918311] ata2: found unknown device (class 0)
[    0.919010] ata2.00: ATAPI: QEMU DVD-ROM, 2.5+, max UDMA/100
[    0.919936] scsi 1:0:0:0: CD-ROM            QEMU     QEMU DVD-ROM     2.5+ PQ: 0 ANSI: 5
[    0.933461] sr 1:0:0:0: [sr0] scsi3-mmc drive: 4x/4x cd/rw xa/form2 tray
[    0.933859] cdrom: Uniform CD-ROM driver Revision: 3.20
[    0.940941] sr 1:0:0:0: Attached scsi generic sg0 type 5
[    1.059444] ACPI: \_SB_.LNKC: Enabled at IRQ 11
[    1.347655] e1000 0000:00:03.0 eth0: (PCI:33MHz:32-bit) 52:54:00:12:34:56
[    1.348060] e1000 0000:00:03.0 eth0: Intel(R) PRO/1000 Network Connection
[    1.348483] e1000e: Intel(R) PRO/1000 Network Driver
[    1.348770] e1000e: Copyright(c) 1999 - 2015 Intel Corporation.
[    1.349129] sky2: driver version 1.30
[    1.349655] usbcore: registered new interface driver usblp
[    1.349988] usbcore: registered new interface driver usb-storage
[    1.350389] i8042: PNP: PS/2 Controller [PNP0303:KBD,PNP0f13:MOU] at 0x60,0x64 irq 1,12
[    1.351301] serio: i8042 KBD port at 0x60,0x64 irq 1
[    1.351594] serio: i8042 AUX port at 0x60,0x64 irq 12
[    1.352138] rtc_cmos 00:05: RTC can wake from S4
[    1.352509] input: AT Translated Set 2 keyboard as /devices/platform/i8042/serio0/input/input1
[    1.353539] rtc_cmos 00:05: registered as rtc0
[    1.353949] rtc_cmos 00:05: alarms up to one day, y3k, 242 bytes nvram, hpet irqs
[    1.355343] device-mapper: ioctl: 4.48.0-ioctl (2023-03-01) initialised: dm-devel@redhat.com
[    1.355855] intel_pstate: CPU model not supported
[    1.356207] hid: raw HID events driver (C) Jiri Kosina
[    1.356752] usbcore: registered new interface driver usbhid
[    1.357076] usbhid: USB HID core driver
[    1.358429] Initializing XFRM netlink socket
[    1.358725] NET: Registered PF_INET6 protocol family
[    1.359327] Segment Routing with IPv6
[    1.359556] In-situ OAM (IOAM) with IPv6
[    1.359826] sit: IPv6, IPv4 and MPLS over IPv4 tunneling driver
[    1.360382] NET: Registered PF_PACKET protocol family
[    1.360748] 9pnet: Installing 9P2000 support
[    1.361067] Key type dns_resolver registered
[    1.361577] IPI shorthand broadcast: enabled
[    1.370339] sched_clock: Marking stable (1327001025, 43113285)->(1018542761, 351571549)
[    1.371016] registered taskstats version 1
[    1.371314] Loading compiled-in X.509 certificates
[    1.378276] PM:   Magic number: 10:698:324
[    1.378617] tty tty49: hash matches
[    1.378834] acpi PNP0B00:00: hash matches
[    1.379076] printk: console [netcon0] enabled
[    1.379347] netconsole: network logging started
[    1.379694] cfg80211: Loading compiled-in X.509 certificates for regulatory database
[    1.380286] kworker/u4:0 (50) used greatest stack depth: 29544 bytes left
[    1.380949] Loaded X.509 cert 'sforshee: 00b28ddf47aef9cea7'
[    1.381318] platform regulatory.0: Direct firmware load for regulatory.db failed with error -2
[    1.381819] cfg80211: failed to load regulatory.db
[    1.382109] ALSA device list:
[    1.382292]   No soundcards found.
[    1.383226] Freeing unused kernel image (initmem) memory: 5612K
[    1.389123] Write protecting the kernel read-only data: 59392k
[    1.389433] Freeing unused kernel image (rodata/data gap) memory: 184K
[    1.397236] x86/mm: Checked W+X mappings: passed, no W+X pages found.
[    1.397522] Run /init as init process
[    1.398792] mount (54) used greatest stack depth: 28712 bytes left

secb: rootfs ready
---- poc begin ----
poc: start: CVE-2023-3610 nft_chain_bind transaction trigger
poc: userns: uid=0
[    1.406170] ==================================================================
[    1.406456] BUG: KASAN: slab-use-after-free in __nf_tables_abort+0x37d1/0x4580
[    1.406742] Read of size 1 at addr ffff888009c1b454 by task poc/60
[    1.406980] 
[    1.407046] CPU: 0 PID: 60 Comm: poc Not tainted 6.4.0-rc6-00219-gd7fce52fdf96-dirty #1
[    1.407351] Hardware name: QEMU Standard PC (i440FX + PIIX, 1996), BIOS 1.16.2-debian-1.16.2-1 04/01/2014
[    1.407713] Call Trace:
[    1.407814]  <TASK>
[    1.407902]  dump_stack_lvl+0x36/0x50
[    1.408050]  print_report+0xcf/0x660
[    1.408195]  ? nfnetlink_rcv_batch+0x541/0x1fc0
[    1.408375]  ? __nf_tables_abort+0x37d1/0x4580
[    1.408555]  kasan_report+0xc9/0x100
[    1.408696]  ? __nf_tables_abort+0x37d1/0x4580
[    1.408878]  __nf_tables_abort+0x37d1/0x4580
[    1.409053]  ? __pfx___nf_tables_abort+0x10/0x10
[    1.409241]  nf_tables_abort+0x71/0xa0
[    1.409394]  nfnetlink_rcv_batch+0x813/0x1fc0
[    1.409570]  ? __pfx_nfnetlink_rcv_batch+0x10/0x10
[    1.409762]  ? _raw_spin_lock_irqsave+0x86/0xe0
[    1.409947]  ? kmalloc_reserve+0xb1/0x1e0
[    1.410111]  ? __alloc_skb+0xd4/0x280
[    1.410260]  ? netlink_sendmsg+0x83a/0xc60
[    1.410427]  ? sock_sendmsg+0x13d/0x180
[    1.410583]  ? ____sys_sendmsg+0x5ce/0x810
[    1.410747]  ? avc_has_perm_noaudit+0x8a/0x130
[    1.410926]  nfnetlink_rcv+0x2df/0x360
[    1.411076]  ? __pfx_nfnetlink_rcv+0x10/0x10
[    1.411246]  ? __kmalloc_node_track_caller+0x5a/0x160
[    1.411446]  netlink_unicast+0x588/0x7f0
[    1.411605]  ? __pfx_netlink_unicast+0x10/0x10
[    1.411785]  netlink_sendmsg+0x7b7/0xc60
[    1.411946]  ? __pfx_netlink_sendmsg+0x10/0x10
[    1.412128]  ? __kasan_slab_alloc+0x6e/0x70
[    1.412297]  ? alloc_file+0x54/0x720
[    1.412445]  ? __pfx_netlink_sendmsg+0x10/0x10
[    1.412623]  sock_sendmsg+0x13d/0x180
[    1.412770]  ____sys_sendmsg+0x5ce/0x810
[    1.412926]  ? __pfx_____sys_sendmsg+0x10/0x10
[    1.413102]  ? __pfx_copy_msghdr_from_user+0x10/0x10
[    1.413297]  ? _raw_spin_lock_bh+0x84/0xe0
[    1.413457]  ? _raw_spin_lock_irqsave+0x86/0xe0
[    1.413637]  ? __pfx__raw_spin_lock_irqsave+0x10/0x10
[    1.413832]  ___sys_sendmsg+0x100/0x180
[    1.413983]  ? __pfx____sys_sendmsg+0x10/0x10
[    1.414155]  ? __pfx___wake_up_common_lock+0x10/0x10
[    1.414349]  ? __pfx_netlink_insert+0x10/0x10
[    1.414522]  ? __pfx_selinux_socket_bind+0x10/0x10
[    1.414710]  __sys_sendmsg+0xe6/0x190
[    1.414854]  ? __pfx___sys_sendmsg+0x10/0x10
[    1.415023]  ? fpregs_assert_state_consistent+0x1c/0xa0
[    1.415226]  do_syscall_64+0x3b/0x90
[    1.415367]  entry_SYSCALL_64_after_hwframe+0x72/0xdc
[    1.415565] RIP: 0033:0x43be50
[    1.415688] Code: ff f7 d8 64 89 02 48 c7 c0 ff ff ff ff eb b7 66 2e 0f 1f 84 00 00 00 00 00 90 80 3d 11 c2 06 00 00 74 17 b8 2e 00 00 00 0f 05 <48> 3d 00 f0 ff ff 77 58 c3 0f 1f 80 00 00 00 00 48 83 ec 28 89 54
[    1.416387] RSP: 002b:00007ffc41095be8 EFLAGS: 00000202 ORIG_RAX: 000000000000002e
[    1.416677] RAX: ffffffffffffffda RBX: 00007ffc41097cc0 RCX: 000000000043be50
[    1.416952] RDX: 0000000000000000 RSI: 00007ffc41095c00 RDI: 0000000000000003
[    1.417224] RBP: 00000000004a93f0 R08: 00000000004a949c R09: 000000000000002c
[    1.417498] R10: 0000000000000028 R11: 0000000000000202 R12: 00000000004a9300
[    1.417772] R13: 00000000004a9418 R14: 00007ffc41097ce0 R15: 00000000004a9314
[    1.418044]  </TASK>
[    1.418133] 
[    1.418198] Allocated by task 60:
[    1.418330]  kasan_save_stack+0x33/0x60
[    1.418481]  kasan_set_track+0x25/0x30
[    1.418629]  __kasan_kmalloc+0x8f/0xa0
[    1.418776]  nf_tables_addchain.constprop.0+0x8d1/0x2240
[    1.419011]  nf_tables_newchain+0x151e/0x2700
[    1.419187]  nfnetlink_rcv_batch+0x129a/0x1fc0
[    1.419370]  nfnetlink_rcv+0x2df/0x360
[    1.419530]  netlink_unicast+0x588/0x7f0
[    1.419694]  netlink_sendmsg+0x7b7/0xc60
[    1.419856]  sock_sendmsg+0x13d/0x180
[    1.420004]  ____sys_sendmsg+0x5ce/0x810
[    1.420163]  ___sys_sendmsg+0x100/0x180
[    1.420329]  __sys_sendmsg+0xe6/0x190
[    1.420481]  do_syscall_64+0x3b/0x90
[    1.420631]  entry_SYSCALL_64_after_hwframe+0x72/0xdc
[    1.420836] 
[    1.420904] Freed by task 60:
[    1.421025]  kasan_save_stack+0x33/0x60
[    1.421177]  kasan_set_track+0x25/0x30
[    1.421324]  kasan_save_free_info+0x2e/0x50
[    1.421490]  __kasan_slab_free+0x10a/0x180
[    1.421653]  __kmem_cache_free+0x7a/0x190
[    1.421818]  nft_immediate_destroy+0x26c/0x300
[    1.422001]  nf_tables_rule_destroy+0xeb/0x1e0
[    1.422184]  nf_tables_newrule+0xd1b/0x2750
[    1.422352]  nfnetlink_rcv_batch+0x129a/0x1fc0
[    1.422532]  nfnetlink_rcv+0x2df/0x360
[    1.422776]  netlink_unicast+0x588/0x7f0
[    1.422941]  netlink_sendmsg+0x7b7/0xc60
[    1.423100]  sock_sendmsg+0x13d/0x180
[    1.423249]  ____sys_sendmsg+0x5ce/0x810
[    1.423410]  ___sys_sendmsg+0x100/0x180
[    1.423565]  __sys_sendmsg+0xe6/0x190
[    1.423709]  do_syscall_64+0x3b/0x90
[    1.423850]  entry_SYSCALL_64_after_hwframe+0x72/0xdc
[    1.424045] 
[    1.424110] The buggy address belongs to the object at ffff888009c1b400
[    1.424110]  which belongs to the cache kmalloc-128 of size 128
[    1.424582] The buggy address is located 84 bytes inside of
[    1.424582]  freed 128-byte region [ffff888009c1b400, ffff888009c1b480)
[    1.425038] 
[    1.425103] The buggy address belongs to the physical page:
[    1.425327] page:00000000a49d65c2 refcount:1 mapcount:0 mapping:0000000000000000 index:0x0 pfn:0x9c1b
[    1.425692] flags: 0x100000000000200(slab|node=0|zone=1)
[    1.425907] page_type: 0xffffffff()
[    1.426052] raw: 0100000000000200 ffff8880064418c0 dead000000000122 0000000000000000
[    1.426362] raw: 0000000000000000 0000000080100010 00000001ffffffff 0000000000000000
[    1.426657] page dumped because: kasan: bad access detected
[    1.426880] 
[    1.426948] Memory state around the buggy address:
[    1.427143]  ffff888009c1b300: 00 00 00 00 00 00 00 00 00 00 00 00 00 00 00 00
[    1.427436]  ffff888009c1b380: fc fc fc fc fc fc fc fc fc fc fc fc fc fc fc fc
[    1.427712] >ffff888009c1b400: fa fb fb fb fb fb fb fb fb fb fb fb fb fb fb fb
[    1.427987]                                                  ^
[    1.428211]  ffff888009c1b480: fc fc fc fc fc fc fc fc fc fc fc fc fc fc fc fc
[    1.428504]  ffff888009c1b500: 00 00 00 00 00 00 00 00 00 00 00 00 00 00 00 00
[    1.428789] ==================================================================
[    1.429082] Disabling lock debugging due to kernel taint
poc:   err=-2
poc:   err=-22
poc:   err=-2
poc:   err=-2
poc:   err=-22
poc:   err=-2
poc:   err=-2
poc:   err=-2
poc:   err=-2
poc:   err=-2
poc:   err=-2
poc:   err=-2
poc:   err=-2
poc: iter 0 done
poc:   err=-2
poc:   err=-22
poc:   err=-2
poc:   err=-2
poc:   err=-22
poc:   err=-2
poc:   err=-2
poc:   err=-2
poc:   err=-2
poc:   err=-2
poc:   err=-2
poc:   err=-2
poc:   err=-2
[    1.975478] input: ImExPS/2 Generic Explorer Mouse as /devices/platform/i8042/serio1/input/input3
poc:   err=-2
poc:   err=-22
poc:   err=-2
poc:   err=-2
poc:   err=-22
poc:   err=-2
poc:   err=-2
poc:   err=-2
poc:   err=-2
poc:   err=-2
poc:   err=-2
poc:   err=-2
poc:   err=-2
poc:   err=-2
poc:   err=-22
poc:   err=-2
poc:   err=-2
poc:   err=-22
poc:   err=-2
poc:   err=-2
poc:   err=-2
poc:   err=-2
poc:   err=-2
poc:   err=-2
poc:   err=-2
poc:   err=-2
poc:   err=-2
poc:   err=-22
poc:   err=-2
poc:   err=-2
poc:   err=-22
poc:   err=-2
poc:   err=-2
poc:   err=-2
poc:   err=-2
poc:   err=-2
poc:   err=-2
poc:   err=-2
poc:   err=-2
poc:   err=-2
poc:   err=-22
poc:   err=-2
poc:   err=-2
poc:   err=-22
poc:   err=-2
poc:   err=-2
poc:   err=-2
poc:   err=-2
poc:   err=-2
poc:   err=-2
poc:   err=-2
poc:   err=-2
poc:   err=-2
poc:   err=-22
poc:   err=-2
poc:   err=-2
poc:   err=-22
poc:   err=-2
poc:   err=-2
poc:   err=-2
poc:   err=-2
poc:   err=-2
poc:   err=-2
poc:   err=-2
poc:   err=-2
poc:   err=-2
poc:   err=-22
poc:   err=-2
poc:   err=-2
poc:   err=-22
poc:   err=-2
poc:   err=-2
poc:   err=-2
poc:   err=-2
poc:   err=-2
poc:   err=-2
poc:   err=-2
poc:   err=-2
poc:   err=-2
poc:   err=-22
poc:   err=-2
poc:   err=-2
poc:   err=-22
poc:   err=-2
poc:   err=-2
poc:   err=-2
poc:   err=-2
poc:   err=-2
poc:   err=-2
poc:   err=-2
poc:   err=-2
poc: iter 8 done
poc:   err=-2
poc:   err=-22
poc:   err=-2
poc:   err=-2
poc:   err=-22
poc:   err=-2
poc:   err=-2
poc:   err=-2
poc:   err=-2
poc:   err=-2
poc:   err=-2
poc:   err=-2
poc:   err=-2
poc:   err=-2
poc:   err=-22
poc:   err=-2
poc:   err=-2
poc:   err=-22
poc:   err=-2
poc:   err=-2
poc:   err=-2
poc:   err=-2
poc:   err=-2
poc:   err=-2
poc:   err=-2
poc:   err=-2
poc:   err=-2
poc:   err=-22
poc:   err=-2
poc:   err=-2
poc:   err=-22
poc:   err=-2
poc:   err=-2
poc:   err=-2
poc:   err=-2
poc:   err=-2
poc:   err=-2
poc:   err=-2
poc:   err=-2
poc:   err=-2
poc:   err=-22
poc:   err=-2
poc:   err=-2
poc:   err=-22
poc:   err=-2
poc:   err=-2
poc:   err=-2
poc:   err=-2
poc:   err=-2
poc:   err=-2
poc:   err=-2
poc:   err=-2
poc:   err=-2
poc:   err=-22
poc:   err=-2
poc:   err=-2
poc:   err=-22
poc:   err=-2
poc:   err=-2
poc:   err=-2
poc:   err=-2
poc:   err=-2
poc:   err=-2
poc:   err=-2
poc:   err=-2
poc:   err=-2
poc:   err=-22
poc:   err=-2
poc:   err=-2
poc:   err=-22
poc:   err=-2
poc:   err=-2
poc:   err=-2
poc:   err=-2
poc:   err=-2
poc:   err=-2
poc:   err=-2
poc:   err=-2
poc:   err=-2
poc:   err=-22
poc:   err=-2
poc:   err=-2
poc:   err=-22
poc:   err=-2
poc:   err=-2
poc:   err=-2
poc:   err=-2
poc:   err=-2
poc:   err=-2
poc:   err=-2
poc:   err=-2
poc:   err=-2
poc:   err=-22
poc:   err=-2
poc:   err=-2
poc:   err=-22
poc:   err=-2
poc:   err=-2
poc:   err=-2
poc:   err=-2
poc:   err=-2
poc:   err=-2
poc:   err=-2
poc:   err=-2
poc: iter 16 done
poc:   err=-2
poc:   err=-22
poc:   err=-2
poc:   err=-2
poc:   err=-22
poc:   err=-2
poc:   err=-2
poc:   err=-2
poc:   err=-2
poc:   err=-2
poc:   err=-2
poc:   err=-2
poc:   err=-2
poc:   err=-2
poc:   err=-22
poc:   err=-2
poc:   err=-2
poc:   err=-22
poc:   err=-2
poc:   err=-2
poc:   err=-2
poc:   err=-2
poc:   err=-2
poc:   err=-2
poc:   err=-2
poc:   err=-2
poc:   err=-2
poc:   err=-22
poc:   err=-2
poc:   err=-2
poc:   err=-22
poc:   err=-2
poc:   err=-2
poc:   err=-2
poc:   err=-2
poc:   err=-2
poc:   err=-2
poc:   err=-2
poc:   err=-2
poc:   err=-2
poc:   err=-22
poc:   err=-2
poc:   err=-2
poc:   err=-22
poc:   err=-2
poc:   err=-2
poc:   err=-2
poc:   err=-2
poc:   err=-2
poc:   err=-2
poc:   err=-2
poc:   err=-2
poc:   err=-2
poc:   err=-22
poc:   err=-2
poc:   err=-2
poc:   err=-22
poc:   err=-2
poc:   err=-2
poc:   err=-2
poc:   err=-2
poc:   err=-2
poc:   err=-2
poc:   err=-2
poc:   err=-2
poc:   err=-2
poc:   err=-22
poc:   err=-2
poc:   err=-2
poc:   err=-22
poc:   err=-2
poc:   err=-2
poc:   err=-2
poc:   err=-2
poc:   err=-2
poc:   err=-2
poc:   err=-2
poc:   err=-2
poc:   err=-2
poc:   err=-22
poc:   err=-2
poc:   err=-2
poc:   err=-22
poc:   err=-2
poc:   err=-2
poc:   err=-2
poc:   err=-2
poc:   err=-2
poc:   err=-2
poc:   err=-2
poc:   err=-2
poc:   err=-2
poc:   err=-22
poc:   err=-2
poc:   err=-2
poc:   err=-22
poc:   err=-2
poc:   err=-2
poc:   err=-2
poc:   err=-2
poc:   err=-2
poc:   err=-2
poc:   err=-2
poc:   err=-2
poc: iter 24 done
poc:   err=-2
poc:   err=-22
poc:   err=-2
poc:   err=-2
poc:   err=-22
poc:   err=-2
poc:   err=-2
poc:   err=-2
poc:   err=-2
poc:   err=-2
poc:   err=-2
poc:   err=-2
poc:   err=-2
poc:   err=-2
poc:   err=-22
poc:   err=-2
poc:   err=-2
poc:   err=-22
poc:   err=-2
poc:   err=-2
poc:   err=-2
poc:   err=-2
poc:   err=-2
poc:   err=-2
poc:   err=-2
poc:   err=-2
poc:   err=-2
poc:   err=-22
poc:   err=-2
poc:   err=-2
poc:   err=-22
poc:   err=-2
poc:   err=-2
poc:   err=-2
poc:   err=-2
poc:   err=-2
poc:   err=-2
poc:   err=-2
poc:   err=-2
poc:   err=-2
poc:   err=-22
poc:   err=-2
poc:   err=-2
poc:   err=-22
poc:   err=-2
poc:   err=-2
poc:   err=-2
poc:   err=-2
poc:   err=-2
poc:   err=-2
poc:   err=-2
poc:   err=-2
poc:   err=-2
poc:   err=-22
poc:   err=-2
poc:   err=-2
poc:   err=-22
poc:   err=-2
poc:   err=-2
poc:   err=-2
poc:   err=-2
poc:   err=-2
poc:   err=-2
poc:   err=-2
poc:   err=-2
poc:   err=-2
poc:   err=-22
poc:   err=-2
poc:   err=-2
poc:   err=-22
poc:   err=-2
poc:   err=-2
poc:   err=-2
poc:   err=-2
poc:   err=-2
poc:   err=-2
poc:   err=-2
poc:   err=-2
poc:   err=-2
poc:   err=-22
poc:   err=-2
poc:   err=-2
poc:   err=-22
poc:   err=-2
poc:   err=-2
poc:   err=-2
poc:   err=-2
poc:   err=-2
poc:   err=-2
poc:   err=-2
poc:   err=-2
poc:   err=-2
poc:   err=-22
poc:   err=-2
poc:   err=-2
poc:   err=-22
poc:   err=-2
poc:   err=-2
poc:   err=-2
poc:   err=-2
poc:   err=-2
poc:   err=-2
poc:   err=-2
poc:   err=-2
poc: iter 32 done
poc:   err=-2
poc:   err=-22
poc:   err=-2
poc:   err=-2
poc:   err=-22
poc:   err=-2
poc:   err=-2
poc:   err=-2
poc:   err=-2
poc:   err=-2
poc:   err=-2
poc:   err=-2
poc:   err=-2
poc:   err=-2
poc:   err=-22
poc:   err=-2
poc:   err=-2
poc:   err=-22
poc:   err=-2
poc:   err=-2
poc:   err=-2
poc:   err=-2
poc:   err=-2
poc:   err=-2
poc:   err=-2
poc:   err=-2
poc:   err=-2
poc:   err=-22
poc:   err=-2
poc:   err=-2
poc:   err=-22
poc:   err=-2
poc:   err=-2
poc:   err=-2
poc:   err=-2
poc:   err=-2
poc:   err=-2
poc:   err=-2
poc:   err=-2
poc:   err=-2
poc:   err=-22
poc:   err=-2
poc:   err=-2
poc:   err=-22
poc:   err=-2
poc:   err=-2
poc:   err=-2
poc:   err=-2
poc:   err=-2
poc:   err=-2
poc:   err=-2
poc:   err=-2
poc:   err=-2
poc:   err=-22
poc:   err=-2
poc:   err=-2
poc:   err=-22
poc:   err=-2
poc:   err=-2
poc:   err=-2
poc:   err=-2
poc:   err=-2
poc:   err=-2
poc:   err=-2
poc:   err=-2
poc:   err=-2
poc:   err=-22
poc:   err=-2
poc:   err=-2
poc:   err=-22
poc:   err=-2
poc:   err=-2
poc:   err=-2
poc:   err=-2
poc:   err=-2
poc:   err=-2
poc:   err=-2
poc:   err=-2
poc:   err=-2
poc:   err=-22
poc:   err=-2
poc:   err=-2
poc:   err=-22
poc:   err=-2
poc:   err=-2
poc:   err=-2
poc:   err=-2
poc:   err=-2
poc:   err=-2
poc:   err=-2
poc:   err=-2
poc:   err=-2
poc:   err=-22
poc:   err=-2
poc:   err=-2
poc:   err=-22
poc:   err=-2
poc:   err=-2
poc:   err=-2
poc:   err=-2
poc:   err=-2
poc:   err=-2
poc:   err=-2
poc:   err=-2
poc: iter 40 done
poc:   err=-2
poc:   err=-22
poc:   err=-2
poc:   err=-2
poc:   err=-22
poc:   err=-2
poc:   err=-2
poc:   err=-2
poc:   err=-2
poc:   err=-2
poc:   err=-2
poc:   err=-2
poc:   err=-2
poc:   err=-2
poc:   err=-22
poc:   err=-2
poc:   err=-2
poc:   err=-22
poc:   err=-2
poc:   err=-2
poc:   err=-2
poc:   err=-2
poc:   err=-2
poc:   err=-2
poc:   err=-2
poc:   err=-2
poc:   err=-2
poc:   err=-22
poc:   err=-2
poc:   err=-2
poc:   err=-22
poc:   err=-2
poc:   err=-2
poc:   err=-2
poc:   err=-2
poc:   err=-2
poc:   err=-2
poc:   err=-2
poc:   err=-2
poc:   err=-2
poc:   err=-22
poc:   err=-2
poc:   err=-2
poc:   err=-22
poc:   err=-2
poc:   err=-2
poc:   err=-2
poc:   err=-2
poc:   err=-2
poc:   err=-2
poc:   err=-2
poc:   err=-2
poc:   err=-2
poc:   err=-22
poc:   err=-2
poc:   err=-2
poc:   err=-22
poc:   err=-2
poc:   err=-2
poc:   err=-2
poc:   err=-2
poc:   err=-2
poc:   err=-2
poc:   err=-2
poc:   err=-2
poc:   err=-2
poc:   err=-22
poc:   err=-2
poc:   err=-2
poc:   err=-22
poc:   err=-2
poc:   err=-2
poc:   err=-2
poc:   err=-2
poc:   err=-2
poc:   err=-2
poc:   err=-2
poc:   err=-2
poc:   err=-2
poc:   err=-22
poc:   err=-2
poc:   err=-2
poc:   err=-22
poc:   err=-2
poc:   err=-2
poc:   err=-2
poc:   err=-2
poc:   err=-2
poc:   err=-2
poc:   err=-2
poc:   err=-2
poc: done
[   16.929906] poc (60) used greatest stack depth: 25872 bytes left
---- poc end rc=0 ----
secb: poc exited without crashing the kernel
[   18.167102] ACPI: PM: Preparing to enter system sleep state S5
[   18.167420] reboot: Power down
CONFIRMED: KASAN_UAF
