bash: warning: setlocale: LC_ALL: cannot change locale (en_US.UTF-8)
c[?7l[2J[0mSeaBIOS (version 1.16.2-debian-1.16.2-1)


iPXE (http://ipxe.org) 00:03.0 CA00 PCI2.10 PnP PMM+7EFCEF00+7EF0EF00 CA00
Press Ctrl-B to configure iPXE (PCI 00:03.0)...                                                                               


Booting from ROM...
c[?7l[2J[    0.000000] Linux version 6.4.0-04322-gc451410ca7e3-dirty (root@buildkitsandbox) (gcc (Debian 12.2.0-14+deb12u1) 12.2.0, GNU ld (GNU Binutils for Debian) 2.40) #1 SMP PREEMPT_DYNAMIC Wed May  6 21:18:29 UTC 2026
[    0.000000] Command line: console=ttyS0 oops=panic nokaslr rdinit=/init
[    0.000000] BIOS-provided physical RAM map:
[    0.000000] BIOS-e820: [mem 0x0000000000000000-0x000000000009fbff] usable
[    0.000000] BIOS-e820: [mem 0x000000000009fc00-0x000000000009ffff] reserved
[    0.000000] BIOS-e820: [mem 0x00000000000f0000-0x00000000000fffff] reserved
[    0.000000] BIOS-e820: [mem 0x0000000000100000-0x000000007ffdffff] usable
[    0.000000] BIOS-e820: [mem 0x000000007ffe0000-0x000000007fffffff] reserved
[    0.000000] BIOS-e820: [mem 0x00000000feffc000-0x00000000feffffff] reserved
[    0.000000] BIOS-e820: [mem 0x00000000fffc0000-0x00000000ffffffff] reserved
[    0.000000] NX (Execute Disable) protection: active
[    0.000000] SMBIOS 2.8 present.
[    0.000000] DMI: QEMU Standard PC (i440FX + PIIX, 1996), BIOS 1.16.2-debian-1.16.2-1 04/01/2014
[    0.000000] Hypervisor detected: KVM
[    0.000000] kvm-clock: Using msrs 4b564d01 and 4b564d00
[    0.000001] kvm-clock: using sched offset of 449146526 cycles
[    0.000003] clocksource: kvm-clock: mask: 0xffffffffffffffff max_cycles: 0x1cd42e4dffb, max_idle_ns: 881590591483 ns
[    0.000005] tsc: Detected 2995.200 MHz processor
[    0.000479] last_pfn = 0x7ffe0 max_arch_pfn = 0x400000000
[    0.000562] MTRR map: 4 entries (3 fixed + 1 variable; max 19), built from 8 variable MTRRs
[    0.000566] x86/PAT: Configuration [0-7]: WB  WC  UC- UC  WB  WP  UC- WT  
[    0.005989] found SMP MP-table at [mem 0x000f5ba0-0x000f5baf]
[    0.006098] Using GB pages for direct mapping
[    0.006116] Incomplete global flushes, disabling PCID
[    0.006260] RAMDISK: [mem 0x7fe5b000-0x7ffdffff]
[    0.006284] ACPI: Early table checksum verification disabled
[    0.006313] ACPI: RSDP 0x00000000000F59D0 000014 (v00 BOCHS )
[    0.006317] ACPI: RSDT 0x000000007FFE1B33 000034 (v01 BOCHS  BXPC     00000001 BXPC 00000001)
[    0.006322] ACPI: FACP 0x000000007FFE19DF 000074 (v01 BOCHS  BXPC     00000001 BXPC 00000001)
[    0.006328] ACPI: DSDT 0x000000007FFE0040 00199F (v01 BOCHS  BXPC     00000001 BXPC 00000001)
[    0.006331] ACPI: FACS 0x000000007FFE0000 000040
[    0.006333] ACPI: APIC 0x000000007FFE1A53 000080 (v01 BOCHS  BXPC     00000001 BXPC 00000001)
[    0.006336] ACPI: HPET 0x000000007FFE1AD3 000038 (v01 BOCHS  BXPC     00000001 BXPC 00000001)
[    0.006339] ACPI: WAET 0x000000007FFE1B0B 000028 (v01 BOCHS  BXPC     00000001 BXPC 00000001)
[    0.006341] ACPI: Reserving FACP table memory at [mem 0x7ffe19df-0x7ffe1a52]
[    0.006342] ACPI: Reserving DSDT table memory at [mem 0x7ffe0040-0x7ffe19de]
[    0.006343] ACPI: Reserving FACS table memory at [mem 0x7ffe0000-0x7ffe003f]
[    0.006345] ACPI: Reserving APIC table memory at [mem 0x7ffe1a53-0x7ffe1ad2]
[    0.006346] ACPI: Reserving HPET table memory at [mem 0x7ffe1ad3-0x7ffe1b0a]
[    0.006347] ACPI: Reserving WAET table memory at [mem 0x7ffe1b0b-0x7ffe1b32]
[    0.006962] No NUMA configuration found
[    0.006963] Faking a node at [mem 0x0000000000000000-0x000000007ffdffff]
[    0.006967] NODE_DATA(0) allocated [mem 0x7fe57000-0x7fe5afff]
[    0.006987] Zone ranges:
[    0.006988]   DMA      [mem 0x0000000000001000-0x0000000000ffffff]
[    0.006989]   DMA32    [mem 0x0000000001000000-0x000000007ffdffff]
[    0.006990]   Normal   empty
[    0.006991] Movable zone start for each node
[    0.006991] Early memory node ranges
[    0.006992]   node   0: [mem 0x0000000000001000-0x000000000009efff]
[    0.006993]   node   0: [mem 0x0000000000100000-0x000000007ffdffff]
[    0.006994] Initmem setup node 0 [mem 0x0000000000001000-0x000000007ffdffff]
[    0.007610] On node 0, zone DMA: 1 pages in unavailable ranges
[    0.007654] On node 0, zone DMA: 97 pages in unavailable ranges
[    0.021551] On node 0, zone DMA32: 32 pages in unavailable ranges
[    0.110789] kasan: KernelAddressSanitizer initialized
[    0.111670] ACPI: PM-Timer IO Port: 0x608
[    0.111696] ACPI: LAPIC_NMI (acpi_id[0xff] dfl dfl lint[0x1])
[    0.111762] IOAPIC[0]: apic_id 0, version 17, address 0xfec00000, GSI 0-23
[    0.111767] ACPI: INT_SRC_OVR (bus 0 bus_irq 0 global_irq 2 dfl dfl)
[    0.111769] ACPI: INT_SRC_OVR (bus 0 bus_irq 5 global_irq 5 high level)
[    0.111770] ACPI: INT_SRC_OVR (bus 0 bus_irq 9 global_irq 9 high level)
[    0.111774] ACPI: INT_SRC_OVR (bus 0 bus_irq 10 global_irq 10 high level)
[    0.111775] ACPI: INT_SRC_OVR (bus 0 bus_irq 11 global_irq 11 high level)
[    0.111779] ACPI: Using ACPI (MADT) for SMP configuration information
[    0.111780] ACPI: HPET id: 0x8086a201 base: 0xfed00000
[    0.111785] TSC deadline timer available
[    0.111792] smpboot: Allowing 2 CPUs, 0 hotplug CPUs
[    0.111848] kvm-guest: KVM setup pv remote TLB flush
[    0.111856] kvm-guest: setup PV sched yield
[    0.111874] PM: hibernation: Registered nosave memory: [mem 0x00000000-0x00000fff]
[    0.111876] PM: hibernation: Registered nosave memory: [mem 0x0009f000-0x0009ffff]
[    0.111877] PM: hibernation: Registered nosave memory: [mem 0x000a0000-0x000effff]
[    0.111877] PM: hibernation: Registered nosave memory: [mem 0x000f0000-0x000fffff]
[    0.111878] [mem 0x80000000-0xfeffbfff] available for PCI devices
[    0.111879] Booting paravirtualized kernel on KVM
[    0.111882] clocksource: refined-jiffies: mask: 0xffffffff max_cycles: 0xffffffff, max_idle_ns: 1910969940391419 ns
[    0.123065] setup_percpu: NR_CPUS:64 nr_cpumask_bits:2 nr_cpu_ids:2 nr_node_ids:1
[    0.123868] percpu: Embedded 66 pages/cpu s232168 r8192 d29976 u1048576
[    0.123940] Kernel command line: console=ttyS0 oops=panic nokaslr rdinit=/init
[    0.124046] random: crng init done
[    0.124174] Dentry cache hash table entries: 262144 (order: 9, 2097152 bytes, linear)
[    0.124769] Inode-cache hash table entries: 131072 (order: 8, 1048576 bytes, linear)
[    0.124857] Fallback order for Node 0: 0 
[    0.124863] Built 1 zonelists, mobility grouping on.  Total pages: 515808
[    0.124864] Policy zone: DMA32
[    0.124865] mem auto-init: stack:all(zero), heap alloc:off, heap free:off
[    0.124866] stackdepot: allocating hash table via alloc_large_system_hash
[    0.127394] stackdepot hash table entries: 1048576 (order: 11, 8388608 bytes, linear)
[    0.148253] Memory: 1692740K/2096632K available (49152K kernel code, 7946K rwdata, 10072K rodata, 5644K init, 2948K bss, 403636K reserved, 0K cma-reserved)
[    0.148397] SLUB: HWalign=64, Order=0-3, MinObjects=0, CPUs=2, Nodes=1
[    0.149646] Dynamic Preempt: voluntary
[    0.150340] rcu: Preemptible hierarchical RCU implementation.
[    0.150342] rcu: 	RCU event tracing is enabled.
[    0.150342] rcu: 	RCU restricting CPUs from NR_CPUS=64 to nr_cpu_ids=2.
[    0.150344] 	Trampoline variant of Tasks RCU enabled.
[    0.150345] rcu: RCU calculated value of scheduler-enlistment delay is 100 jiffies.
[    0.150346] rcu: Adjusting geometry for rcu_fanout_leaf=16, nr_cpu_ids=2
[    0.158553] NR_IRQS: 4352, nr_irqs: 440, preallocated irqs: 16
[    0.158867] rcu: srcu_init: Setting srcu_struct sizes based on contention.
[    0.166300] Console: colour VGA+ 80x25
[    0.166363] printk: console [ttyS0] enabled
[    0.353770] ACPI: Core revision 20230331
[    0.355146] clocksource: hpet: mask: 0xffffffff max_cycles: 0xffffffff, max_idle_ns: 19112604467 ns
[    0.357690] APIC: Switch to symmetric I/O mode setup
[    0.359130] kvm-guest: setup PV IPIs
[    0.362475] ..TIMER: vector=0x30 apic1=0 pin1=2 apic2=-1 pin2=-1
[    0.364609] clocksource: tsc-early: mask: 0xffffffffffffffff max_cycles: 0x2b2c8ec87c7, max_idle_ns: 440795278598 ns
[    0.369436] Calibrating delay loop (skipped) preset value.. 5990.40 BogoMIPS (lpj=2995200)
[    0.371716] x86/cpu: User Mode Instruction Prevention (UMIP) activated
[    0.372756] Last level iTLB entries: 4KB 0, 2MB 0, 4MB 0
[    0.373433] Last level dTLB entries: 4KB 0, 2MB 0, 4MB 0, 1GB 0
[    0.374460] Spectre V1 : Mitigation: usercopy/swapgs barriers and __user pointer sanitization
[    0.375442] Spectre V2 : Mitigation: Enhanced / Automatic IBRS
[    0.376434] Spectre V2 : Spectre v2 / SpectreRSB mitigation: Filling RSB on context switch
[    0.377436] Spectre V2 : Spectre v2 / PBRSB-eIBRS: Retire a single CALL on VMEXIT
[    0.378435] RETBleed: Mitigation: Enhanced IBRS
[    0.379439] Spectre V2 : mitigation: Enabling conditional Indirect Branch Prediction Barrier
[    0.380434] Speculative Store Bypass: Mitigation: Speculative Store Bypass disabled via prctl
[    0.381434] MMIO Stale Data: Unknown: No mitigations
[    0.382484] x86/fpu: Supporting XSAVE feature 0x001: 'x87 floating point registers'
[    0.383433] x86/fpu: Supporting XSAVE feature 0x002: 'SSE registers'
[    0.384431] x86/fpu: Supporting XSAVE feature 0x004: 'AVX registers'
[    0.385432] x86/fpu: xstate_offset[2]:  576, xstate_sizes[2]:  256
[    0.386433] x86/fpu: Enabled xstate features 0x7, context size is 832 bytes, using 'compacted' format.
[    0.406825] Freeing SMP alternatives memory: 44K
[    0.407435] pid_max: default: 32768 minimum: 301
[    0.409501] LSM: initializing lsm=capability,selinux,integrity
[    0.410458] SELinux:  Initializing.
[    0.411522] Mount-cache hash table entries: 4096 (order: 3, 32768 bytes, linear)
[    0.412436] Mountpoint-cache hash table entries: 4096 (order: 3, 32768 bytes, linear)
[    0.414736] smpboot: CPU0: 13th Gen Intel(R) Core(TM) i9-13900H (family: 0x6, model: 0xba, stepping: 0x2)
[    0.415687] RCU Tasks: Setting shift to 1 and lim to 1 rcu_task_cb_adjust=1.
[    0.416471] Performance Events: unsupported p6 CPU model 186 no PMU driver, software events only.
[    0.417508] signal: max sigframe size: 1776
[    0.418529] rcu: Hierarchical SRCU implementation.
[    0.419441] rcu: 	Max phase no-delay instances is 400.
[    0.420997] smp: Bringing up secondary CPUs ...
[    0.421692] smpboot: x86: Booting SMP configuration:
[    0.422440] .... node  #0, CPUs:      #1
[    0.423526] smp: Brought up 1 node, 2 CPUs
[    0.425438] smpboot: Max logical packages: 1
[    0.426444] smpboot: Total of 2 processors activated (11980.80 BogoMIPS)
[    0.429441] devtmpfs: initialized
[    0.432608] clocksource: jiffies: mask: 0xffffffff max_cycles: 0xffffffff, max_idle_ns: 1911260446275000 ns
[    0.433444] futex hash table entries: 512 (order: 3, 32768 bytes, linear)
[    0.434698] PM: RTC time: 21:19:15, date: 2026-05-06
[    0.435683] NET: Registered PF_NETLINK/PF_ROUTE protocol family
[    0.436740] audit: initializing netlink subsys (disabled)
[    0.438148] audit: type=2000 audit(1778102356.531:1): state=initialized audit_enabled=0 res=1
[    0.439836] thermal_sys: Registered thermal governor 'step_wise'
[    0.440460] thermal_sys: Registered thermal governor 'user_space'
[    0.441481] cpuidle: using governor menu
[    0.444011] PCI: Using configuration type 1 for base access
[    0.444654] kprobes: kprobe jump-optimization is enabled. All kprobes are optimized if possible.
[    0.447054] HugeTLB: registered 2.00 MiB page size, pre-allocated 0 pages
[    0.447439] HugeTLB: 28 KiB vmemmap can be freed for a 2.00 MiB page
[    0.451084] ACPI: Added _OSI(Module Device)
[    0.452440] ACPI: Added _OSI(Processor Device)
[    0.453441] ACPI: Added _OSI(3.0 _SCP Extensions)
[    0.454437] ACPI: Added _OSI(Processor Aggregator Device)
[    0.465826] ACPI: 1 ACPI AML tables successfully acquired and loaded
[    0.529436] ACPI: Interpreter enabled
[    0.530472] ACPI: PM: (supports S0 S3 S4 S5)
[    0.531480] ACPI: Using IOAPIC for interrupt routing
[    0.532728] PCI: Using host bridge windows from ACPI; if necessary, use "pci=nocrs" and report a bug
[    0.533440] PCI: Using E820 reservations for host bridge windows
[    0.535031] ACPI: Enabled 2 GPEs in block 00 to 0F
[    0.549809] ACPI: PCI Root Bridge [PCI0] (domain 0000 [bus 00-ff])
[    0.550458] acpi PNP0A03:00: _OSC: OS supports [ASPM ClockPM Segments MSI HPX-Type3]
[    0.551439] acpi PNP0A03:00: _OSC: not requesting OS control; OS requires [ExtendedConfig ASPM ClockPM MSI]
[    0.552781] acpi PNP0A03:00: fail to add MMCONFIG information, can't access extended configuration space under this bridge
[    0.553868] PCI host bridge to bus 0000:00
[    0.554441] pci_bus 0000:00: root bus resource [io  0x0000-0x0cf7 window]
[    0.555439] pci_bus 0000:00: root bus resource [io  0x0d00-0xffff window]
[    0.556469] pci_bus 0000:00: root bus resource [mem 0x000a0000-0x000bffff window]
[    0.557447] pci_bus 0000:00: root bus resource [mem 0x80000000-0xfebfffff window]
[    0.558449] pci_bus 0000:00: root bus resource [mem 0x100000000-0x17fffffff window]
[    0.559576] pci_bus 0000:00: root bus resource [bus 00-ff]
[    0.560711] pci 0000:00:00.0: [8086:1237] type 00 class 0x060000
[    0.567613] pci 0000:00:01.0: [8086:7000] type 00 class 0x060100
[    0.574974] pci 0000:00:01.1: [8086:7010] type 00 class 0x010180
[    0.576889] pci 0000:00:01.1: reg 0x20: [io  0xc040-0xc04f]
[    0.578096] pci 0000:00:01.1: legacy IDE quirk: reg 0x10: [io  0x01f0-0x01f7]
[    0.578438] pci 0000:00:01.1: legacy IDE quirk: reg 0x14: [io  0x03f6]
[    0.579436] pci 0000:00:01.1: legacy IDE quirk: reg 0x18: [io  0x0170-0x0177]
[    0.580496] pci 0000:00:01.1: legacy IDE quirk: reg 0x1c: [io  0x0376]
[    0.582177] pci 0000:00:01.3: [8086:7113] type 00 class 0x068000
[    0.583328] pci 0000:00:01.3: quirk: [io  0x0600-0x063f] claimed by PIIX4 ACPI
[    0.583458] pci 0000:00:01.3: quirk: [io  0x0700-0x070f] claimed by PIIX4 SMB
[    0.584915] pci 0000:00:02.0: [1234:1111] type 00 class 0x030000
[    0.586507] pci 0000:00:02.0: reg 0x10: [mem 0xfd000000-0xfdffffff pref]
[    0.588841] pci 0000:00:02.0: reg 0x18: [mem 0xfebf0000-0xfebf0fff]
[    0.593024] pci 0000:00:02.0: reg 0x30: [mem 0xfebe0000-0xfebeffff pref]
[    0.593786] pci 0000:00:02.0: Video device with shadowed ROM at [mem 0x000c0000-0x000dffff]
[    0.600666] pci 0000:00:03.0: [8086:100e] type 00 class 0x020000
[    0.602439] pci 0000:00:03.0: reg 0x10: [mem 0xfebc0000-0xfebdffff]
[    0.605097] pci 0000:00:03.0: reg 0x14: [io  0xc000-0xc03f]
[    0.610512] pci 0000:00:03.0: reg 0x30: [mem 0xfeb80000-0xfebbffff pref]
[    0.619127] ACPI: PCI: Interrupt link LNKA configured for IRQ 10
[    0.620004] ACPI: PCI: Interrupt link LNKB configured for IRQ 10
[    0.621053] ACPI: PCI: Interrupt link LNKC configured for IRQ 11
[    0.622364] ACPI: PCI: Interrupt link LNKD configured for IRQ 11
[    0.622657] ACPI: PCI: Interrupt link LNKS configured for IRQ 9
[    0.625100] iommu: Default domain type: Translated 
[    0.625460] iommu: DMA domain TLB invalidation policy: lazy mode 
[    0.627118] SCSI subsystem initialized
[    0.627605] ACPI: bus type USB registered
[    0.628430] usbcore: registered new interface driver usbfs
[    0.629460] usbcore: registered new interface driver hub
[    0.630455] usbcore: registered new device driver usb
[    0.632495] pps_core: LinuxPPS API ver. 1 registered
[    0.633435] pps_core: Software ver. 5.3.6 - Copyright 2005-2007 Rodolfo Giometti <giometti@linux.it>
[    0.635462] PTP clock support registered
[    0.637556] Advanced Linux Sound Architecture Driver Initialized.
[    0.640032] NetLabel: Initializing
[    0.641439] NetLabel:  domain hash size = 128
[    0.642438] NetLabel:  protocols = UNLABELED CIPSOv4 CALIPSO
[    0.644499] NetLabel:  unlabeled traffic allowed by default
[    0.645527] PCI: Using ACPI for IRQ routing
[    0.647477] pci 0000:00:02.0: vgaarb: setting as boot VGA device
[    0.648430] pci 0000:00:02.0: vgaarb: bridge control possible
[    0.648430] pci 0000:00:02.0: vgaarb: VGA device added: decodes=io+mem,owns=io+mem,locks=none
[    0.653441] vgaarb: loaded
[    0.654613] hpet0: at MMIO 0xfed00000, IRQs 2, 8, 0
[    0.655440] hpet0: 3 comparators, 64-bit 100.000000 MHz counter
[    0.661537] clocksource: Switched to clocksource kvm-clock
[    0.700256] VFS: Disk quotas dquot_6.6.0
[    0.701540] VFS: Dquot-cache hash table entries: 512 (order 0, 4096 bytes)
[    0.703668] pnp: PnP ACPI init
[    0.706211] pnp: PnP ACPI: found 6 devices
[    0.721122] clocksource: acpi_pm: mask: 0xffffff max_cycles: 0xffffff, max_idle_ns: 2085701024 ns
[    0.723341] NET: Registered PF_INET protocol family
[    0.724617] IP idents hash table entries: 32768 (order: 6, 262144 bytes, linear)
[    0.728170] tcp_listen_portaddr_hash hash table entries: 1024 (order: 2, 16384 bytes, linear)
[    0.730827] Table-perturb hash table entries: 65536 (order: 6, 262144 bytes, linear)
[    0.733690] TCP established hash table entries: 16384 (order: 5, 131072 bytes, linear)
[    0.736265] TCP bind hash table entries: 16384 (order: 7, 524288 bytes, linear)
[    0.738125] TCP: Hash tables configured (established 16384 bind 16384)
[    0.740504] UDP hash table entries: 1024 (order: 3, 32768 bytes, linear)
[    0.742238] UDP-Lite hash table entries: 1024 (order: 3, 32768 bytes, linear)
[    0.744280] NET: Registered PF_UNIX/PF_LOCAL protocol family
[    0.746853] RPC: Registered named UNIX socket transport module.
[    0.748491] RPC: Registered udp transport module.
[    0.749673] RPC: Registered tcp transport module.
[    0.750897] RPC: Registered tcp NFSv4.1 backchannel transport module.
[    0.753334] pci_bus 0000:00: resource 4 [io  0x0000-0x0cf7 window]
[    0.755096] pci_bus 0000:00: resource 5 [io  0x0d00-0xffff window]
[    0.757033] pci_bus 0000:00: resource 6 [mem 0x000a0000-0x000bffff window]
[    0.759134] pci_bus 0000:00: resource 7 [mem 0x80000000-0xfebfffff window]
[    0.761115] pci_bus 0000:00: resource 8 [mem 0x100000000-0x17fffffff window]
[    0.763617] pci 0000:00:01.0: PIIX3: Enabling Passive Release
[    0.765749] pci 0000:00:00.0: Limiting direct PCI/PCI transfers
[    0.767761] PCI: CLS 0 bytes, default 64
[    0.769366] Unpacking initramfs...
[    0.772744] RAPL PMU: API unit is 2^-32 Joules, 0 fixed counters, 10737418240 ms ovfl timer
[    0.775049] clocksource: tsc: mask: 0xffffffffffffffff max_cycles: 0x2b2c8ec87c7, max_idle_ns: 440795278598 ns
[    0.780979] Initialise system trusted keyrings
[    0.782806] workingset: timestamp_bits=56 max_order=19 bucket_order=0
[    0.785196] NFS: Registering the id_resolver key type
[    0.786616] Key type id_resolver registered
[    0.787848] Key type id_legacy registered
[    0.789284] 9p: Installing v9fs 9p2000 file system support
[    0.799183] Freeing initrd memory: 1556K
[    0.801063] Key type asymmetric registered
[    0.802302] Asymmetric key parser 'x509' registered
[    0.803787] Block layer SCSI generic (bsg) driver version 0.4 loaded (major 251)
[    0.805919] io scheduler mq-deadline registered
[    0.807130] io scheduler kyber registered
[    0.811265] input: Power Button as /devices/LNXSYSTM:00/LNXPWRBN:00/input/input0
[    0.814178] ACPI: button: Power Button [PWRF]
[    0.816265] Serial: 8250/16550 driver, 4 ports, IRQ sharing enabled
[    0.818544] 00:04: ttyS0 at I/O 0x3f8 (irq = 4, base_baud = 115200) is a 16550A
[    0.822158] Non-volatile memory driver v1.3
[    0.823749] Linux agpgart interface v0.103
[    0.825798] ACPI: bus type drm_connector registered
[    0.832771] loop: module loaded
[    0.835853] scsi host0: ata_piix
[    0.837501] scsi host1: ata_piix
[    0.838758] ata1: PATA max MWDMA2 cmd 0x1f0 ctl 0x3f6 bmdma 0xc040 irq 14
[    0.840676] ata2: PATA max MWDMA2 cmd 0x170 ctl 0x376 bmdma 0xc048 irq 15
[    0.843322] e100: Intel(R) PRO/100 Network Driver
[    0.845482] e100: Copyright(c) 1999-2006 Intel Corporation
[    0.847723] e1000: Intel(R) PRO/1000 Network Driver
[    0.849498] e1000: Copyright (c) 1999-2006 Intel Corporation.
[    0.999602] ata2: found unknown device (class 0)
[    1.001467] ata2.00: ATAPI: QEMU DVD-ROM, 2.5+, max UDMA/100
[    1.004346] scsi 1:0:0:0: CD-ROM            QEMU     QEMU DVD-ROM     2.5+ PQ: 0 ANSI: 5
[    1.020340] sr 1:0:0:0: [sr0] scsi3-mmc drive: 4x/4x cd/rw xa/form2 tray
[    1.021964] cdrom: Uniform CD-ROM driver Revision: 3.20
[    1.296271] ACPI: \_SB_.LNKC: Enabled at IRQ 11
[    1.685381] e1000 0000:00:03.0 eth0: (PCI:33MHz:32-bit) 52:54:00:12:34:56
[    1.687149] e1000 0000:00:03.0 eth0: Intel(R) PRO/1000 Network Connection
[    1.688956] e1000e: Intel(R) PRO/1000 Network Driver
[    1.690156] e1000e: Copyright(c) 1999 - 2015 Intel Corporation.
[    1.691645] sky2: driver version 1.30
[    1.693050] usbcore: registered new interface driver usblp
[    1.695950] usbcore: registered new interface driver usb-storage
[    1.699108] i8042: PNP: PS/2 Controller [PNP0303:KBD,PNP0f13:MOU] at 0x60,0x64 irq 1,12
[    1.703497] serio: i8042 KBD port at 0x60,0x64 irq 1
[    1.704815] serio: i8042 AUX port at 0x60,0x64 irq 12
[    1.706620] rtc_cmos 00:05: RTC can wake from S4
[    1.708770] input: AT Translated Set 2 keyboard as /devices/platform/i8042/serio0/input/input1
[    1.709107] rtc_cmos 00:05: registered as rtc0
[    1.712440] rtc_cmos 00:05: alarms up to one day, y3k, 242 bytes nvram, hpet irqs
[    1.717176] device-mapper: ioctl: 4.48.0-ioctl (2023-03-01) initialised: dm-devel@redhat.com
[    1.720605] intel_pstate: CPU model not supported
[    1.722671] hid: raw HID events driver (C) Jiri Kosina
[    1.724129] usbcore: registered new interface driver usbhid
[    1.725618] usbhid: USB HID core driver
[    1.728094] Initializing XFRM netlink socket
[    1.729243] NET: Registered PF_INET6 protocol family
[    1.731076] Segment Routing with IPv6
[    1.732935] In-situ OAM (IOAM) with IPv6
[    1.734967] sit: IPv6, IPv4 and MPLS over IPv4 tunneling driver
[    1.737659] NET: Registered PF_PACKET protocol family
[    1.739631] 9pnet: Installing 9P2000 support
[    1.741124] Key type dns_resolver registered
[    1.742811] IPI shorthand broadcast: enabled
[    1.755891] sched_clock: Marking stable (1549032509, 206552456)->(1863218355, -107633390)
[    1.761825] registered taskstats version 1
[    1.763358] Loading compiled-in X.509 certificates
[    1.774145] PM:   Magic number: 10:942:347
[    1.775736]  pci0000:00: hash matches
[    1.776913] printk: console [netcon0] enabled
[    1.778648] netconsole: network logging started
[    1.780695] cfg80211: Loading compiled-in X.509 certificates for regulatory database
[    1.784261] kworker/u4:1 (50) used greatest stack depth: 29536 bytes left
[    1.786997] Loaded X.509 cert 'sforshee: 00b28ddf47aef9cea7'
[    1.788652] ALSA device list:
[    1.789350]   No soundcards found.
[    1.791745] Freeing unused kernel image (initmem) memory: 5644K
[    1.792974] platform regulatory.0: Direct firmware load for regulatory.db failed with error -2
[    1.795109] cfg80211: failed to load regulatory.db
[    1.797654] Write protecting the kernel read-only data: 59392k
[    1.799711] Freeing unused kernel image (rodata/data gap) memory: 168K
[    1.811373] x86/mm: Checked W+X mappings: passed, no W+X pages found.
[    1.813070] Run /init as init process
[    1.816921] mount (55) used greatest stack depth: 28760 bytes left

secb: rootfs ready
---- poc begin ----
[*] batch 1: NEWTABLE t1
[*] batch 2 (TRIGGER): build + REPLACE x2 (h=7,6) + DELCHAIN base
[*] batch 3: NEWCHAIN base (re-add)
[*] batch 4: NEWRULE base->victim + DELCHAIN victim (arm dangling + force destroy)
[*] GETRULE dump (nft_verdict_dump reads freed chain->name)
[    2.143593] ==================================================================
[    2.144787] BUG: KASAN: slab-use-after-free in nft_verdict_dump+0x346/0x350
[    2.146095] Read of size 8 at addr ffff888009f06458 by task poc/61
[    2.147042] 
[    2.147298] CPU: 1 PID: 61 Comm: poc Not tainted 6.4.0-04322-gc451410ca7e3-dirty #1
[    2.148496] Hardware name: QEMU Standard PC (i440FX + PIIX, 1996), BIOS 1.16.2-debian-1.16.2-1 04/01/2014
[    2.149990] Call Trace:
[    2.150426]  <TASK>
[    2.150813]  dump_stack_lvl+0x36/0x50
[    2.151421]  print_report+0xcf/0x660
[    2.152032]  ? nft_verdict_dump+0x346/0x350
[    2.152608]  kasan_report+0xc7/0x100
[    2.153135]  ? nft_verdict_dump+0x346/0x350
[    2.153698]  nft_verdict_dump+0x346/0x350
[    2.154236]  ? __pfx_nft_verdict_dump+0x10/0x10
[    2.154853]  ? nft_dump_register+0x77/0xa0
[    2.155407]  nft_data_dump+0xbc/0x1e0
[    2.159437]  nf_tables_fill_expr_info+0x1b2/0x320
[    2.160400]  ? nla_put+0x159/0x1c0
[    2.161211]  nft_expr_dump+0xa1/0x1a0
[    2.161975]  ? nla_put+0x159/0x1c0
[    2.163639]  nf_tables_fill_rule_info+0x598/0x8d0
[    2.164434]  ? __pfx_nf_tables_fill_rule_info+0x10/0x10
[    2.165036]  ? __pfx___alloc_pages+0x10/0x10
[    2.165568]  __nf_tables_dump_rules+0x25d/0x660
[    2.166107]  nf_tables_dump_rules+0x4b9/0xba0
[    2.166617]  ? __pfx_nf_tables_dump_rules+0x10/0x10
[    2.167181]  ? __pfx_mutex_lock+0x10/0x10
[    2.167667]  netlink_dump+0x4fe/0x1070
[    2.168137]  ? __pfx_netlink_dump+0x10/0x10
[    2.168637]  ? __kmalloc+0x59/0x160
[    2.169074]  ? mutex_unlock+0x7f/0xd0
[    2.169535]  ? __pfx_mutex_unlock+0x10/0x10
[    2.170040]  ? __kasan_kmalloc+0x8f/0xa0
[    2.170519]  __netlink_dump_start+0x661/0xa40
[    2.171052]  nf_tables_getrule+0x5e8/0x910
[    2.171557]  ? __pfx_nf_tables_getrule+0x10/0x10
[    2.172128]  ? __pfx___nla_validate_parse+0x10/0x10
[    2.172715]  ? __pfx_nf_tables_dump_rules_start+0x10/0x10
[    2.173355]  ? __pfx_nf_tables_dump_rules+0x10/0x10
[    2.174825]  ? __pfx_nf_tables_dump_rules_done+0x10/0x10
[    2.175850]  ? unwind_next_frame+0xc3e/0x2440
[    2.176499]  ? arch_stack_walk+0x74/0x100
[    2.177275]  nfnetlink_rcv_msg+0x456/0x8b0
[    2.178523]  ? __pfx_stack_trace_consume_entry+0x10/0x10
[    2.180474]  ? __pfx_nfnetlink_rcv_msg+0x10/0x10
[    2.183652]  ? kasan_save_stack+0x43/0x60
[    2.184262]  ? kasan_save_stack+0x33/0x60
[    2.184870]  ? kasan_set_track+0x25/0x30
[    2.185444]  ? __kasan_slab_alloc+0x6e/0x70
[    2.186128]  ? kmem_cache_alloc_node+0x110/0x280
[    2.186836]  ? kmalloc_reserve+0x110/0x1e0
[    2.187468]  ? __alloc_skb+0xd4/0x280
[    2.188009]  ? netlink_sendmsg+0x83a/0xc60
[    2.188579]  ? sock_sendmsg+0x13d/0x180
[    2.189216]  ? __sys_sendto+0x1eb/0x2b0
[    2.190177]  ? __x64_sys_sendto+0xdb/0x1b0
[    2.199671]  ? do_syscall_64+0x3b/0x90
[    2.201120]  netlink_rcv_skb+0x12f/0x370
[    2.201733]  ? __pfx_nfnetlink_rcv_msg+0x10/0x10
[    2.202420]  ? cred_has_capability.isra.0+0x13a/0x230
[    2.203165]  ? __pfx_netlink_rcv_skb+0x10/0x10
[    2.203830]  ? __pfx_cred_has_capability.isra.0+0x10/0x10
[    2.205959]  ? security_capable+0x6c/0xb0
[    2.206837]  nfnetlink_rcv+0x14b/0x360
[    2.208199]  ? __pfx_nfnetlink_rcv+0x10/0x10
[    2.209494]  ? kmalloc_reserve+0x110/0x1e0
[    2.210359]  netlink_unicast+0x588/0x7f0
[    2.212242]  ? __pfx_netlink_unicast+0x10/0x10
[    2.215671]  netlink_sendmsg+0x7b7/0xc60
[    2.217125]  ? __pfx_netlink_sendmsg+0x10/0x10
[    2.218429]  ? __pfx_netlink_sendmsg+0x10/0x10
[    2.221291]  sock_sendmsg+0x13d/0x180
[    2.223173]  __sys_sendto+0x1eb/0x2b0
[    2.224094]  ? __pfx___sys_sendto+0x10/0x10
[    2.224780]  ? _raw_spin_lock_irq+0x81/0xe0
[    2.225470]  ? __rseq_handle_notify_resume+0x7ce/0xc20
[    2.231455]  ? __pfx__raw_spin_lock_irq+0x10/0x10
[    2.232300]  ? ksys_write+0xf9/0x1d0
[    2.235018]  __x64_sys_sendto+0xdb/0x1b0
[    2.236648]  ? exit_to_user_mode_prepare+0x2a/0x110
[    2.237476]  ? syscall_exit_to_user_mode+0x21/0x50
[    2.240001]  do_syscall_64+0x3b/0x90
[    2.241752]  entry_SYSCALL_64_after_hwframe+0x6e/0xd8
[    2.244549] RIP: 0033:0x44c363
[    2.245033] Code: 48 c7 c3 ff ff ff ff 64 89 02 eb bd 66 2e 0f 1f 84 00 00 00 00 00 90 80 3d 01 2c 07 00 00 41 89 ca 74 14 b8 2c 00 00 00 0f 05 <48> 3d 00 f0 ff ff 77 75 c3 0f 1f 40 00 55 48 83 ec 30 44 89 4c 24
[    2.248111] RSP: 002b:00007ffe13e515d8 EFLAGS: 00000202 ORIG_RAX: 000000000000002c
[    2.249577] RAX: ffffffffffffffda RBX: 000000000127c160 RCX: 000000000044c363
[    2.250755] RDX: 000000000000001c RSI: 000000000126a6f0 RDI: 0000000000000003
[    2.253418] RBP: 00007ffe13e515f0 R08: 000000000048c848 R09: 000000000000000c
[    2.255579] R10: 0000000000000000 R11: 0000000000000202 R12: 000000000126a6d0
[    2.257594] R13: 000000000126a6f0 R14: 000000000048b139 R15: 000000000127c0b0
[    2.258920]  </TASK>
[    2.259528] 
[    2.259849] Allocated by task 61:
[    2.261523]  kasan_save_stack+0x33/0x60
[    2.262101]  kasan_set_track+0x25/0x30
[    2.262675]  __kasan_kmalloc+0x8f/0xa0
[    2.263275]  nf_tables_addchain.constprop.0+0x8d1/0x2200
[    2.264157]  nf_tables_newchain+0x1692/0x2610
[    2.264839]  nfnetlink_rcv_batch+0x129a/0x1fc0
[    2.265574]  nfnetlink_rcv+0x2df/0x360
[    2.266200]  netlink_unicast+0x588/0x7f0
[    2.266832]  netlink_sendmsg+0x7b7/0xc60
[    2.267442]  sock_sendmsg+0x13d/0x180
[    2.268039]  __sys_sendto+0x1eb/0x2b0
[    2.269266]  __x64_sys_sendto+0xdb/0x1b0
[    2.269921]  do_syscall_64+0x3b/0x90
[    2.270532]  entry_SYSCALL_64_after_hwframe+0x6e/0xd8
[    2.271537] 
[    2.271841] Freed by task 46:
[    2.272357]  kasan_save_stack+0x33/0x60
[    2.272988]  kasan_set_track+0x25/0x30
[    2.273589]  kasan_save_free_info+0x2b/0x50
[    2.275333]  __kasan_slab_free+0x10a/0x180
[    2.276069]  __kmem_cache_free+0x82/0x1c0
[    2.277013]  nf_tables_trans_destroy_work+0x852/0xb10
[    2.277978]  process_one_work+0x801/0x1500
[    2.278748]  worker_thread+0xed/0x1390
[    2.280800]  kthread+0x29b/0x370
[    2.282635]  ret_from_fork+0x29/0x50
[    2.283299] 
[    2.283600] The buggy address belongs to the object at ffff888009f06400
[    2.283600]  which belongs to the cache kmalloc-128 of size 128
[    2.285483] The buggy address is located 88 bytes inside of
[    2.285483]  freed 128-byte region [ffff888009f06400, ffff888009f06480)
[    2.287351] 
[    2.287623] The buggy address belongs to the physical page:
[    2.288570] page:0000000067adc7cd refcount:1 mapcount:0 mapping:0000000000000000 index:0x0 pfn:0x9f06
[    2.290099] flags: 0x100000000000200(slab|node=0|zone=1)
[    2.291049] page_type: 0xffffffff()
[    2.291738] raw: 0100000000000200 ffff8880064418c0 dead000000000122 0000000000000000
[    2.293205] raw: 0000000000000000 0000000080100010 00000001ffffffff 0000000000000000
[    2.295250] page dumped because: kasan: bad access detected
[    2.296684] 
[    2.297277] Memory state around the buggy address:
[    2.299788]  ffff888009f06300: 00 00 00 00 00 00 00 00 00 00 00 00 00 00 00 fc
[    2.301656]  ffff888009f06380: fc fc fc fc fc fc fc fc fc fc fc fc fc fc fc fc
[    2.303457] >ffff888009f06400: fa fb fb fb fb fb fb fb fb fb fb fb fb fb fb fb
[    2.305480]                                                     ^
[    2.306584]  ffff888009f06480: fc fc fc fc fc fc fc fc fc fc fc fc fc fc fc fc
[    2.307785]  ffff888009f06500: fa fb fb fb fb fb fb fb fb fb fb fb fb fb fb fb
[    2.308983] ==================================================================
[    2.310289] Disabling lock debugging due to kernel taint
[+] poc finished
[    2.312113] poc (61) used greatest stack depth: 24776 bytes left
---- poc end rc=0 ----
secb: poc exited without crashing the kernel
[    2.334904] ------------[ cut here ]------------
[    2.336165] WARNING: CPU: 1 PID: 25 at net/netfilter/nf_tables_api.c:2037 nf_tables_chain_destroy+0x3da/0x510
[    2.338139] input: ImExPS/2 Generic Explorer Mouse as /devices/platform/i8042/serio1/input/input3
[    2.338654] Modules linked in:
[    2.340642] CPU: 1 PID: 25 Comm: kworker/u4:1 Tainted: G    B              6.4.0-04322-gc451410ca7e3-dirty #1
[    2.342685] Hardware name: QEMU Standard PC (i440FX + PIIX, 1996), BIOS 1.16.2-debian-1.16.2-1 04/01/2014
[    2.346692] Workqueue: netns cleanup_net
[    2.348212] RIP: 0010:nf_tables_chain_destroy+0x3da/0x510
[    2.349657] Code: 68 48 b8 00 00 00 00 00 fc ff df 48 89 fa 48 c1 ea 03 80 3c 02 00 0f 85 22 01 00 00 48 8b 7d 68 e8 6b f1 1f fe 48 89 ef eb 98 <0f> 0b 48 83 c4 10 5b 5d 41 5c 41 5d 41 5e 41 5f c3 cc cc cc cc 0f
[    2.354624] RSP: 0018:ffffc900001b7b00 EFLAGS: 00010286
[    2.355516] RAX: 00000000ffffffff RBX: ffffc900001b7bd0 RCX: 0000000000000001
[    2.356778] RDX: 1ffff110013e0c6a RSI: 0000000000000004 RDI: ffff888009f06350
[    2.358175] RBP: ffff888009f06300 R08: 0000000000000000 R09: ffffed100128c712
[    2.359410] R10: ffff888009463897 R11: 000000000000003e R12: ffff888009463898
[    2.360638] R13: dffffc0000000000 R14: ffff888009f2da50 R15: ffffc900001b7bd0
[    2.362626] FS:  0000000000000000(0000) GS:ffff88806d100000(0000) knlGS:0000000000000000
[    2.368091] CS:  0010 DS: 0000 ES: 0000 CR0: 0000000080050033
[    2.369838] CR2: 000000000042ee70 CR3: 0000000004a66000 CR4: 0000000000350ee0
[    2.372388] Call Trace:
[    2.372830]  <TASK>
[    2.373217]  ? __warn+0xc8/0x250
[    2.373787]  ? nf_tables_chain_destroy+0x3da/0x510
[    2.374645]  ? report_bug+0x26b/0x2e0
[    2.375315]  ? handle_bug+0x3c/0x70
[    2.375922]  ? exc_invalid_op+0x17/0x40
[    2.376639]  ? asm_exc_invalid_op+0x1a/0x20
[    2.377271]  ? nf_tables_chain_destroy+0x3da/0x510
[    2.378165]  __nft_release_table+0x915/0xd60
[    2.379712]  ? __pfx___nft_release_table+0x10/0x10
[    2.381185]  ? __pfx_mutex_lock+0x10/0x10
[    2.382880]  nf_tables_exit_net+0x21f/0x470
[    2.384778]  ops_exit_list+0x89/0x140
[    2.385655]  cleanup_net+0x3b3/0x980
[    2.389142]  ? __pfx_cleanup_net+0x10/0x10
[    2.391288]  ? _raw_spin_lock_irq+0x81/0xe0
[    2.392092]  ? read_word_at_a_time+0xe/0x20
[    2.392902]  ? strscpy+0xad/0x290
[    2.393491]  process_one_work+0x801/0x1500
[    2.394297]  worker_thread+0xed/0x1390
[    2.395037]  ? __pfx_worker_thread+0x10/0x10
[    2.395895]  kthread+0x29b/0x370
[    2.396518]  ? __pfx_kthread+0x10/0x10
[    2.397293]  ret_from_fork+0x29/0x50
[    2.398099]  </TASK>
[    2.399441] ---[ end trace 0000000000000000 ]---
[    3.739336] ACPI: PM: Preparing to enter system sleep state S5
[    3.741718] reboot: Power down
CONFIRMED: KASAN_UAF
