bash: warning: setlocale: LC_ALL: cannot change locale (en_US.UTF-8)
c[?7l[2J[0mSeaBIOS (version 1.16.2-debian-1.16.2-1)


iPXE (http://ipxe.org) 00:03.0 CA00 PCI2.10 PnP PMM+7EFCEF00+7EF0EF00 CA00
Press Ctrl-B to configure iPXE (PCI 00:03.0)...                                                                               


Booting from ROM...
c[?7l[2J[    0.000000] Linux version 6.4.0-04324-g7ef51e716005-dirty (root@buildkitsandbox) (gcc (Debian 12.2.0-14+deb12u1) 12.2.0, GNU ld (GNU Binutils for Debian) 2.40) #2 SMP PREEMPT_DYNAMIC Wed May  6 21:20:33 UTC 2026
[    0.000000] Command line: console=ttyS0 oops=panic nokaslr rdinit=/init
[    0.000000] BIOS-provided physical RAM map:
[    0.000000] BIOS-e820: [mem 0x0000000000000000-0x000000000009fbff] usable
[    0.000000] BIOS-e820: [mem 0x000000000009fc00-0x000000000009ffff] reserved
[    0.000000] BIOS-e820: [mem 0x00000000000f0000-0x00000000000fffff] reserved
[    0.000000] BIOS-e820: [mem 0x0000000000100000-0x000000007ffdffff] usable
[    0.000000] BIOS-e820: [mem 0x000000007ffe0000-0x000000007fffffff] reserved
[    0.000000] BIOS-e820: [mem 0x00000000feffc000-0x00000000feffffff] reserved
[    0.000000] BIOS-e820: [mem 0x00000000fffc0000-0x00000000ffffffff] reserved
[    0.000000] NX (Execute Disable) protection: active
[    0.000000] SMBIOS 2.8 present.
[    0.000000] DMI: QEMU Standard PC (i440FX + PIIX, 1996), BIOS 1.16.2-debian-1.16.2-1 04/01/2014
[    0.000000] Hypervisor detected: KVM
[    0.000000] kvm-clock: Using msrs 4b564d01 and 4b564d00
[    0.000001] kvm-clock: using sched offset of 508164768 cycles
[    0.000003] clocksource: kvm-clock: mask: 0xffffffffffffffff max_cycles: 0x1cd42e4dffb, max_idle_ns: 881590591483 ns
[    0.000006] tsc: Detected 2995.200 MHz processor
[    0.000526] last_pfn = 0x7ffe0 max_arch_pfn = 0x400000000
[    0.000618] MTRR map: 4 entries (3 fixed + 1 variable; max 19), built from 8 variable MTRRs
[    0.000622] x86/PAT: Configuration [0-7]: WB  WC  UC- UC  WB  WP  UC- WT  
[    0.006404] found SMP MP-table at [mem 0x000f5ba0-0x000f5baf]
[    0.006610] Using GB pages for direct mapping
[    0.006660] Incomplete global flushes, disabling PCID
[    0.006824] RAMDISK: [mem 0x7fe5b000-0x7ffdffff]
[    0.006856] ACPI: Early table checksum verification disabled
[    0.006892] ACPI: RSDP 0x00000000000F59D0 000014 (v00 BOCHS )
[    0.006896] ACPI: RSDT 0x000000007FFE1B33 000034 (v01 BOCHS  BXPC     00000001 BXPC 00000001)
[    0.006902] ACPI: FACP 0x000000007FFE19DF 000074 (v01 BOCHS  BXPC     00000001 BXPC 00000001)
[    0.006907] ACPI: DSDT 0x000000007FFE0040 00199F (v01 BOCHS  BXPC     00000001 BXPC 00000001)
[    0.006910] ACPI: FACS 0x000000007FFE0000 000040
[    0.006913] ACPI: APIC 0x000000007FFE1A53 000080 (v01 BOCHS  BXPC     00000001 BXPC 00000001)
[    0.006916] ACPI: HPET 0x000000007FFE1AD3 000038 (v01 BOCHS  BXPC     00000001 BXPC 00000001)
[    0.006919] ACPI: WAET 0x000000007FFE1B0B 000028 (v01 BOCHS  BXPC     00000001 BXPC 00000001)
[    0.006921] ACPI: Reserving FACP table memory at [mem 0x7ffe19df-0x7ffe1a52]
[    0.006922] ACPI: Reserving DSDT table memory at [mem 0x7ffe0040-0x7ffe19de]
[    0.006924] ACPI: Reserving FACS table memory at [mem 0x7ffe0000-0x7ffe003f]
[    0.006925] ACPI: Reserving APIC table memory at [mem 0x7ffe1a53-0x7ffe1ad2]
[    0.006926] ACPI: Reserving HPET table memory at [mem 0x7ffe1ad3-0x7ffe1b0a]
[    0.006927] ACPI: Reserving WAET table memory at [mem 0x7ffe1b0b-0x7ffe1b32]
[    0.007588] No NUMA configuration found
[    0.007589] Faking a node at [mem 0x0000000000000000-0x000000007ffdffff]
[    0.007592] NODE_DATA(0) allocated [mem 0x7fe57000-0x7fe5afff]
[    0.007626] Zone ranges:
[    0.007627]   DMA      [mem 0x0000000000001000-0x0000000000ffffff]
[    0.007628]   DMA32    [mem 0x0000000001000000-0x000000007ffdffff]
[    0.007629]   Normal   empty
[    0.007630] Movable zone start for each node
[    0.007630] Early memory node ranges
[    0.007631]   node   0: [mem 0x0000000000001000-0x000000000009efff]
[    0.007632]   node   0: [mem 0x0000000000100000-0x000000007ffdffff]
[    0.007633] Initmem setup node 0 [mem 0x0000000000001000-0x000000007ffdffff]
[    0.008271] On node 0, zone DMA: 1 pages in unavailable ranges
[    0.008591] On node 0, zone DMA: 97 pages in unavailable ranges
[    0.060930] On node 0, zone DMA32: 32 pages in unavailable ranges
[    0.514896] kasan: KernelAddressSanitizer initialized
[    0.516247] ACPI: PM-Timer IO Port: 0x608
[    0.516281] ACPI: LAPIC_NMI (acpi_id[0xff] dfl dfl lint[0x1])
[    0.516381] IOAPIC[0]: apic_id 0, version 17, address 0xfec00000, GSI 0-23
[    0.516404] ACPI: INT_SRC_OVR (bus 0 bus_irq 0 global_irq 2 dfl dfl)
[    0.516407] ACPI: INT_SRC_OVR (bus 0 bus_irq 5 global_irq 5 high level)
[    0.516408] ACPI: INT_SRC_OVR (bus 0 bus_irq 9 global_irq 9 high level)
[    0.516410] ACPI: INT_SRC_OVR (bus 0 bus_irq 10 global_irq 10 high level)
[    0.516411] ACPI: INT_SRC_OVR (bus 0 bus_irq 11 global_irq 11 high level)
[    0.516416] ACPI: Using ACPI (MADT) for SMP configuration information
[    0.516418] ACPI: HPET id: 0x8086a201 base: 0xfed00000
[    0.516429] TSC deadline timer available
[    0.516438] smpboot: Allowing 2 CPUs, 0 hotplug CPUs
[    0.516599] kvm-guest: KVM setup pv remote TLB flush
[    0.516610] kvm-guest: setup PV sched yield
[    0.516654] PM: hibernation: Registered nosave memory: [mem 0x00000000-0x00000fff]
[    0.516656] PM: hibernation: Registered nosave memory: [mem 0x0009f000-0x0009ffff]
[    0.516657] PM: hibernation: Registered nosave memory: [mem 0x000a0000-0x000effff]
[    0.516658] PM: hibernation: Registered nosave memory: [mem 0x000f0000-0x000fffff]
[    0.516659] [mem 0x80000000-0xfeffbfff] available for PCI devices
[    0.516664] Booting paravirtualized kernel on KVM
[    0.516673] clocksource: refined-jiffies: mask: 0xffffffff max_cycles: 0xffffffff, max_idle_ns: 1910969940391419 ns
[    0.527504] setup_percpu: NR_CPUS:64 nr_cpumask_bits:2 nr_cpu_ids:2 nr_node_ids:1
[    0.530596] percpu: Embedded 66 pages/cpu s232168 r8192 d29976 u1048576
[    0.530997] Kernel command line: console=ttyS0 oops=panic nokaslr rdinit=/init
[    0.531131] random: crng init done
[    0.533410] Dentry cache hash table entries: 262144 (order: 9, 2097152 bytes, linear)
[    0.535147] Inode-cache hash table entries: 131072 (order: 8, 1048576 bytes, linear)
[    0.535348] Fallback order for Node 0: 0 
[    0.535381] Built 1 zonelists, mobility grouping on.  Total pages: 515808
[    0.535382] Policy zone: DMA32
[    0.535384] mem auto-init: stack:all(zero), heap alloc:off, heap free:off
[    0.535387] stackdepot: allocating hash table via alloc_large_system_hash
[    0.547945] stackdepot hash table entries: 1048576 (order: 11, 8388608 bytes, linear)
[    0.577982] Memory: 1692740K/2096632K available (49152K kernel code, 7946K rwdata, 10072K rodata, 5644K init, 2948K bss, 403636K reserved, 0K cma-reserved)
[    0.578328] SLUB: HWalign=64, Order=0-3, MinObjects=0, CPUs=2, Nodes=1
[    0.580621] Dynamic Preempt: voluntary
[    0.581656] rcu: Preemptible hierarchical RCU implementation.
[    0.581658] rcu: 	RCU event tracing is enabled.
[    0.581658] rcu: 	RCU restricting CPUs from NR_CPUS=64 to nr_cpu_ids=2.
[    0.581687] 	Trampoline variant of Tasks RCU enabled.
[    0.581690] rcu: RCU calculated value of scheduler-enlistment delay is 100 jiffies.
[    0.581691] rcu: Adjusting geometry for rcu_fanout_leaf=16, nr_cpu_ids=2
[    0.589765] NR_IRQS: 4352, nr_irqs: 440, preallocated irqs: 16
[    0.590100] rcu: srcu_init: Setting srcu_struct sizes based on contention.
[    0.597329] Console: colour VGA+ 80x25
[    0.597395] printk: console [ttyS0] enabled
[    0.753095] ACPI: Core revision 20230331
[    0.754439] clocksource: hpet: mask: 0xffffffff max_cycles: 0xffffffff, max_idle_ns: 19112604467 ns
[    0.757013] APIC: Switch to symmetric I/O mode setup
[    0.758190] kvm-guest: setup PV IPIs
[    0.761148] ..TIMER: vector=0x30 apic1=0 pin1=2 apic2=-1 pin2=-1
[    0.762662] clocksource: tsc-early: mask: 0xffffffffffffffff max_cycles: 0x2b2c8ec87c7, max_idle_ns: 440795278598 ns
[    0.765330] Calibrating delay loop (skipped) preset value.. 5990.40 BogoMIPS (lpj=2995200)
[    0.767892] x86/cpu: User Mode Instruction Prevention (UMIP) activated
[    0.769506] Last level iTLB entries: 4KB 0, 2MB 0, 4MB 0
[    0.770272] Last level dTLB entries: 4KB 0, 2MB 0, 4MB 0, 1GB 0
[    0.771310] Spectre V1 : Mitigation: usercopy/swapgs barriers and __user pointer sanitization
[    0.772279] Spectre V2 : Mitigation: Enhanced / Automatic IBRS
[    0.773270] Spectre V2 : Spectre v2 / SpectreRSB mitigation: Filling RSB on context switch
[    0.774270] Spectre V2 : Spectre v2 / PBRSB-eIBRS: Retire a single CALL on VMEXIT
[    0.775276] RETBleed: Mitigation: Enhanced IBRS
[    0.776274] Spectre V2 : mitigation: Enabling conditional Indirect Branch Prediction Barrier
[    0.777277] Speculative Store Bypass: Mitigation: Speculative Store Bypass disabled via prctl
[    0.778273] MMIO Stale Data: Unknown: No mitigations
[    0.779324] x86/fpu: Supporting XSAVE feature 0x001: 'x87 floating point registers'
[    0.780281] x86/fpu: Supporting XSAVE feature 0x002: 'SSE registers'
[    0.781271] x86/fpu: Supporting XSAVE feature 0x004: 'AVX registers'
[    0.782270] x86/fpu: xstate_offset[2]:  576, xstate_sizes[2]:  256
[    0.783271] x86/fpu: Enabled xstate features 0x7, context size is 832 bytes, using 'compacted' format.
[    0.804220] Freeing SMP alternatives memory: 44K
[    0.804270] pid_max: default: 32768 minimum: 301
[    0.805408] LSM: initializing lsm=capability,selinux,integrity
[    0.806572] SELinux:  Initializing.
[    0.808528] Mount-cache hash table entries: 4096 (order: 3, 32768 bytes, linear)
[    0.809335] Mountpoint-cache hash table entries: 4096 (order: 3, 32768 bytes, linear)
[    0.813806] smpboot: CPU0: 13th Gen Intel(R) Core(TM) i9-13900H (family: 0x6, model: 0xba, stepping: 0x2)
[    0.814551] RCU Tasks: Setting shift to 1 and lim to 1 rcu_task_cb_adjust=1.
[    0.815308] Performance Events: unsupported p6 CPU model 186 no PMU driver, software events only.
[    0.816365] signal: max sigframe size: 1776
[    0.817398] rcu: Hierarchical SRCU implementation.
[    0.818280] rcu: 	Max phase no-delay instances is 400.
[    0.819912] smp: Bringing up secondary CPUs ...
[    0.820511] smpboot: x86: Booting SMP configuration:
[    0.821283] .... node  #0, CPUs:      #1
[    0.822372] smp: Brought up 1 node, 2 CPUs
[    0.824277] smpboot: Max logical packages: 1
[    0.825278] smpboot: Total of 2 processors activated (11980.80 BogoMIPS)
[    0.831278] devtmpfs: initialized
[    0.834819] clocksource: jiffies: mask: 0xffffffff max_cycles: 0xffffffff, max_idle_ns: 1911260446275000 ns
[    0.835405] futex hash table entries: 512 (order: 3, 32768 bytes, linear)
[    0.837110] PM: RTC time: 21:21:20, date: 2026-05-06
[    0.837864] NET: Registered PF_NETLINK/PF_ROUTE protocol family
[    0.838725] audit: initializing netlink subsys (disabled)
[    0.839574] audit: type=2000 audit(1778102480.478:1): state=initialized audit_enabled=0 res=1
[    0.839888] thermal_sys: Registered thermal governor 'step_wise'
[    0.840278] thermal_sys: Registered thermal governor 'user_space'
[    0.841351] cpuidle: using governor menu
[    0.843931] PCI: Using configuration type 1 for base access
[    0.844680] kprobes: kprobe jump-optimization is enabled. All kprobes are optimized if possible.
[    0.847837] HugeTLB: registered 2.00 MiB page size, pre-allocated 0 pages
[    0.849278] HugeTLB: 28 KiB vmemmap can be freed for a 2.00 MiB page
[    0.852267] ACPI: Added _OSI(Module Device)
[    0.853280] ACPI: Added _OSI(Processor Device)
[    0.854275] ACPI: Added _OSI(3.0 _SCP Extensions)
[    0.856274] ACPI: Added _OSI(Processor Aggregator Device)
[    0.869513] ACPI: 1 ACPI AML tables successfully acquired and loaded
[    0.927398] ACPI: Interpreter enabled
[    0.928351] ACPI: PM: (supports S0 S3 S4 S5)
[    0.929274] ACPI: Using IOAPIC for interrupt routing
[    0.930446] PCI: Using host bridge windows from ACPI; if necessary, use "pci=nocrs" and report a bug
[    0.932274] PCI: Using E820 reservations for host bridge windows
[    0.935235] ACPI: Enabled 2 GPEs in block 00 to 0F
[    0.950003] ACPI: PCI Root Bridge [PCI0] (domain 0000 [bus 00-ff])
[    0.951291] acpi PNP0A03:00: _OSC: OS supports [ASPM ClockPM Segments MSI HPX-Type3]
[    0.953277] acpi PNP0A03:00: _OSC: not requesting OS control; OS requires [ExtendedConfig ASPM ClockPM MSI]
[    0.956388] acpi PNP0A03:00: fail to add MMCONFIG information, can't access extended configuration space under this bridge
[    0.958544] PCI host bridge to bus 0000:00
[    0.959283] pci_bus 0000:00: root bus resource [io  0x0000-0x0cf7 window]
[    0.961283] pci_bus 0000:00: root bus resource [io  0x0d00-0xffff window]
[    0.963282] pci_bus 0000:00: root bus resource [mem 0x000a0000-0x000bffff window]
[    0.965281] pci_bus 0000:00: root bus resource [mem 0x80000000-0xfebfffff window]
[    0.967282] pci_bus 0000:00: root bus resource [mem 0x100000000-0x17fffffff window]
[    0.970284] pci_bus 0000:00: root bus resource [bus 00-ff]
[    0.971401] pci 0000:00:00.0: [8086:1237] type 00 class 0x060000
[    0.979613] pci 0000:00:01.0: [8086:7000] type 00 class 0x060100
[    0.987497] pci 0000:00:01.1: [8086:7010] type 00 class 0x010180
[    0.991117] pci 0000:00:01.1: reg 0x20: [io  0xc040-0xc04f]
[    0.993131] pci 0000:00:01.1: legacy IDE quirk: reg 0x10: [io  0x01f0-0x01f7]
[    0.995365] pci 0000:00:01.1: legacy IDE quirk: reg 0x14: [io  0x03f6]
[    0.997316] pci 0000:00:01.1: legacy IDE quirk: reg 0x18: [io  0x0170-0x0177]
[    0.999366] pci 0000:00:01.1: legacy IDE quirk: reg 0x1c: [io  0x0376]
[    1.002186] pci 0000:00:01.3: [8086:7113] type 00 class 0x068000
[    1.004225] pci 0000:00:01.3: quirk: [io  0x0600-0x063f] claimed by PIIX4 ACPI
[    1.006302] pci 0000:00:01.3: quirk: [io  0x0700-0x070f] claimed by PIIX4 SMB
[    1.012728] pci 0000:00:02.0: [1234:1111] type 00 class 0x030000
[    1.016126] pci 0000:00:02.0: reg 0x10: [mem 0xfd000000-0xfdffffff pref]
[    1.020862] pci 0000:00:02.0: reg 0x18: [mem 0xfebf0000-0xfebf0fff]
[    1.026495] pci 0000:00:02.0: reg 0x30: [mem 0xfebe0000-0xfebeffff pref]
[    1.028710] pci 0000:00:02.0: Video device with shadowed ROM at [mem 0x000c0000-0x000dffff]
[    1.038267] pci 0000:00:03.0: [8086:100e] type 00 class 0x020000
[    1.040277] pci 0000:00:03.0: reg 0x10: [mem 0xfebc0000-0xfebdffff]
[    1.042833] pci 0000:00:03.0: reg 0x14: [io  0xc000-0xc03f]
[    1.050307] pci 0000:00:03.0: reg 0x30: [mem 0xfeb80000-0xfebbffff pref]
[    1.061657] ACPI: PCI: Interrupt link LNKA configured for IRQ 10
[    1.063995] ACPI: PCI: Interrupt link LNKB configured for IRQ 10
[    1.065869] ACPI: PCI: Interrupt link LNKC configured for IRQ 11
[    1.068177] ACPI: PCI: Interrupt link LNKD configured for IRQ 11
[    1.069805] ACPI: PCI: Interrupt link LNKS configured for IRQ 9
[    1.074815] iommu: Default domain type: Translated 
[    1.076274] iommu: DMA domain TLB invalidation policy: lazy mode 
[    1.078496] SCSI subsystem initialized
[    1.082170] ACPI: bus type USB registered
[    1.082581] usbcore: registered new interface driver usbfs
[    1.083394] usbcore: registered new interface driver hub
[    1.084320] usbcore: registered new device driver usb
[    1.085684] pps_core: LinuxPPS API ver. 1 registered
[    1.086277] pps_core: Software ver. 5.3.6 - Copyright 2005-2007 Rodolfo Giometti <giometti@linux.it>
[    1.087342] PTP clock support registered
[    1.089506] Advanced Linux Sound Architecture Driver Initialized.
[    1.092311] NetLabel: Initializing
[    1.093263] NetLabel:  domain hash size = 128
[    1.093273] NetLabel:  protocols = UNLABELED CIPSOv4 CALIPSO
[    1.094485] NetLabel:  unlabeled traffic allowed by default
[    1.095625] PCI: Using ACPI for IRQ routing
[    1.096822] pci 0000:00:02.0: vgaarb: setting as boot VGA device
[    1.097267] pci 0000:00:02.0: vgaarb: bridge control possible
[    1.097267] pci 0000:00:02.0: vgaarb: VGA device added: decodes=io+mem,owns=io+mem,locks=none
[    1.097278] vgaarb: loaded
[    1.099134] hpet0: at MMIO 0xfed00000, IRQs 2, 8, 0
[    1.099273] hpet0: 3 comparators, 64-bit 100.000000 MHz counter
[    1.102530] clocksource: Switched to clocksource kvm-clock
[    1.105824] VFS: Disk quotas dquot_6.6.0
[    1.107288] VFS: Dquot-cache hash table entries: 512 (order 0, 4096 bytes)
[    1.112266] pnp: PnP ACPI init
[    1.115290] pnp: PnP ACPI: found 6 devices
[    1.127177] clocksource: acpi_pm: mask: 0xffffff max_cycles: 0xffffff, max_idle_ns: 2085701024 ns
[    1.129603] NET: Registered PF_INET protocol family
[    1.132935] IP idents hash table entries: 32768 (order: 6, 262144 bytes, linear)
[    1.136468] tcp_listen_portaddr_hash hash table entries: 1024 (order: 2, 16384 bytes, linear)
[    1.139018] Table-perturb hash table entries: 65536 (order: 6, 262144 bytes, linear)
[    1.141127] TCP established hash table entries: 16384 (order: 5, 131072 bytes, linear)
[    1.143673] TCP bind hash table entries: 16384 (order: 7, 524288 bytes, linear)
[    1.146843] TCP: Hash tables configured (established 16384 bind 16384)
[    1.149327] UDP hash table entries: 1024 (order: 3, 32768 bytes, linear)
[    1.151286] UDP-Lite hash table entries: 1024 (order: 3, 32768 bytes, linear)
[    1.153669] NET: Registered PF_UNIX/PF_LOCAL protocol family
[    1.156546] RPC: Registered named UNIX socket transport module.
[    1.158840] RPC: Registered udp transport module.
[    1.160672] RPC: Registered tcp transport module.
[    1.163106] RPC: Registered tcp NFSv4.1 backchannel transport module.
[    1.167013] pci_bus 0000:00: resource 4 [io  0x0000-0x0cf7 window]
[    1.170006] pci_bus 0000:00: resource 5 [io  0x0d00-0xffff window]
[    1.171746] pci_bus 0000:00: resource 6 [mem 0x000a0000-0x000bffff window]
[    1.173895] pci_bus 0000:00: resource 7 [mem 0x80000000-0xfebfffff window]
[    1.175984] pci_bus 0000:00: resource 8 [mem 0x100000000-0x17fffffff window]
[    1.178656] pci 0000:00:01.0: PIIX3: Enabling Passive Release
[    1.180460] pci 0000:00:00.0: Limiting direct PCI/PCI transfers
[    1.182468] PCI: CLS 0 bytes, default 64
[    1.184107] RAPL PMU: API unit is 2^-32 Joules, 0 fixed counters, 10737418240 ms ovfl timer
[    1.184466] Unpacking initramfs...
[    1.186667] clocksource: tsc: mask: 0xffffffffffffffff max_cycles: 0x2b2c8ec87c7, max_idle_ns: 440795278598 ns
[    1.195652] Initialise system trusted keyrings
[    1.197377] workingset: timestamp_bits=56 max_order=19 bucket_order=0
[    1.200478] NFS: Registering the id_resolver key type
[    1.202004] Key type id_resolver registered
[    1.203234] Key type id_legacy registered
[    1.205513] 9p: Installing v9fs 9p2000 file system support
[    1.216410] Key type asymmetric registered
[    1.217615] Asymmetric key parser 'x509' registered
[    1.219071] Block layer SCSI generic (bsg) driver version 0.4 loaded (major 251)
[    1.221324] io scheduler mq-deadline registered
[    1.222713] io scheduler kyber registered
[    1.224007] Freeing initrd memory: 1556K
[    1.226226] input: Power Button as /devices/LNXSYSTM:00/LNXPWRBN:00/input/input0
[    1.232804] ACPI: button: Power Button [PWRF]
[    1.236536] Serial: 8250/16550 driver, 4 ports, IRQ sharing enabled
[    1.238805] 00:04: ttyS0 at I/O 0x3f8 (irq = 4, base_baud = 115200) is a 16550A
[    1.243284] Non-volatile memory driver v1.3
[    1.244495] Linux agpgart interface v0.103
[    1.246061] ACPI: bus type drm_connector registered
[    1.256909] loop: module loaded
[    1.261713] scsi host0: ata_piix
[    1.263608] scsi host1: ata_piix
[    1.264728] ata1: PATA max MWDMA2 cmd 0x1f0 ctl 0x3f6 bmdma 0xc040 irq 14
[    1.266677] ata2: PATA max MWDMA2 cmd 0x170 ctl 0x376 bmdma 0xc048 irq 15
[    1.271646] e100: Intel(R) PRO/100 Network Driver
[    1.273083] e100: Copyright(c) 1999-2006 Intel Corporation
[    1.275248] e1000: Intel(R) PRO/1000 Network Driver
[    1.276712] e1000: Copyright (c) 1999-2006 Intel Corporation.
[    1.425566] ata2: found unknown device (class 0)
[    1.430244] ata2.00: ATAPI: QEMU DVD-ROM, 2.5+, max UDMA/100
[    1.433269] scsi 1:0:0:0: CD-ROM            QEMU     QEMU DVD-ROM     2.5+ PQ: 0 ANSI: 5
[    1.448012] sr 1:0:0:0: [sr0] scsi3-mmc drive: 4x/4x cd/rw xa/form2 tray
[    1.449701] cdrom: Uniform CD-ROM driver Revision: 3.20
[    1.758412] ACPI: \_SB_.LNKC: Enabled at IRQ 11
[    2.131682] e1000 0000:00:03.0 eth0: (PCI:33MHz:32-bit) 52:54:00:12:34:56
[    2.133249] e1000 0000:00:03.0 eth0: Intel(R) PRO/1000 Network Connection
[    2.134797] e1000e: Intel(R) PRO/1000 Network Driver
[    2.136255] e1000e: Copyright(c) 1999 - 2015 Intel Corporation.
[    2.139060] sky2: driver version 1.30
[    2.144107] usbcore: registered new interface driver usblp
[    2.146450] usbcore: registered new interface driver usb-storage
[    2.148279] i8042: PNP: PS/2 Controller [PNP0303:KBD,PNP0f13:MOU] at 0x60,0x64 irq 1,12
[    2.151228] serio: i8042 KBD port at 0x60,0x64 irq 1
[    2.152335] serio: i8042 AUX port at 0x60,0x64 irq 12
[    2.154329] rtc_cmos 00:05: RTC can wake from S4
[    2.156270] input: AT Translated Set 2 keyboard as /devices/platform/i8042/serio0/input/input1
[    2.157086] rtc_cmos 00:05: registered as rtc0
[    2.159331] rtc_cmos 00:05: alarms up to one day, y3k, 242 bytes nvram, hpet irqs
[    2.161975] device-mapper: ioctl: 4.48.0-ioctl (2023-03-01) initialised: dm-devel@redhat.com
[    2.164782] intel_pstate: CPU model not supported
[    2.166136] hid: raw HID events driver (C) Jiri Kosina
[    2.168374] usbcore: registered new interface driver usbhid
[    2.170433] usbhid: USB HID core driver
[    2.174872] Initializing XFRM netlink socket
[    2.177737] NET: Registered PF_INET6 protocol family
[    2.180571] Segment Routing with IPv6
[    2.181542] In-situ OAM (IOAM) with IPv6
[    2.182630] sit: IPv6, IPv4 and MPLS over IPv4 tunneling driver
[    2.184700] NET: Registered PF_PACKET protocol family
[    2.186588] 9pnet: Installing 9P2000 support
[    2.188310] Key type dns_resolver registered
[    2.190602] IPI shorthand broadcast: enabled
[    2.210538] sched_clock: Marking stable (2039037019, 171155458)->(2319188291, -108995814)
[    2.213841] registered taskstats version 1
[    2.217560] Loading compiled-in X.509 certificates
[    2.229284] PM:   Magic number: 10:495:398
[    2.231461] PM:   hash matches drivers/base/power/main.c:976
[    2.233736] printk: console [netcon0] enabled
[    2.235146] netconsole: network logging started
[    2.236791] cfg80211: Loading compiled-in X.509 certificates for regulatory database
[    2.239754] kworker/u4:1 (51) used greatest stack depth: 29536 bytes left
[    2.241980] Loaded X.509 cert 'sforshee: 00b28ddf47aef9cea7'
[    2.243851] platform regulatory.0: Direct firmware load for regulatory.db failed with error -2
[    2.247252] cfg80211: failed to load regulatory.db
[    2.247307] ALSA device list:
[    2.250190]   No soundcards found.
[    2.259052] Freeing unused kernel image (initmem) memory: 5644K
[    2.260026] Write protecting the kernel read-only data: 59392k
[    2.261320] Freeing unused kernel image (rodata/data gap) memory: 168K
[    2.274557] x86/mm: Checked W+X mappings: passed, no W+X pages found.
[    2.276519] Run /init as init process
[    2.282707] mount (55) used greatest stack depth: 28760 bytes left

secb: rootfs ready
---- poc begin ----
[*] batch 1: NEWTABLE t1
[*] batch 2 (TRIGGER): build + REPLACE x2 (h=7,6) + DELCHAIN base
    [!] b2 ack seq=9 err=95 (Operation not supported)
    [!] b2 ack seq=10 err=95 (Operation not supported)
    [!] b2 ack seq=11 err=95 (Operation not supported)
    [!] b2 ack seq=12 err=95 (Operation not supported)
[*] batch 3: NEWCHAIN base (re-add)
[*] batch 4: NEWRULE base->victim + DELCHAIN victim (arm dangling + force destroy)
    [!] b4 ack seq=19 err=2 (No such file or directory)
    [!] b4 ack seq=20 err=2 (No such file or directory)
[*] GETRULE dump (nft_verdict_dump reads freed chain->name)
[+] poc finished
[    2.632544] poc (61) used greatest stack depth: 27064 bytes left
---- poc end rc=0 ----
secb: poc exited without crashing the kernel
[    2.795304] input: ImExPS/2 Generic Explorer Mouse as /devices/platform/i8042/serio1/input/input3
[    4.027248] ACPI: PM: Preparing to enter system sleep state S5
[    4.028389] reboot: Power down
NO_CRASH_DETECTED
