c[?7l[2J[0mSeaBIOS (version 1.16.2-debian-1.16.2-1)


iPXE (http://ipxe.org) 00:03.0 CA00 PCI2.10 PnP PMM+7EFCEF00+7EF0EF00 CA00
Press Ctrl-B to configure iPXE (PCI 00:03.0)...                                                                               


Booting from ROM...
c[?7l[2J[    0.000000] Linux version 6.4.0-04326-geaf9e7192ec9-dirty (root@buildkitsandbox) (gcc (Debian 12.2.0-14+deb12u1) 12.2.0, GNU ld (GNU Binutils for Debian) 2.40) #1 SMP PREEMPT_DYNAMIC Wed May 13 07:28:33 UTC 2026
[    0.000000] Command line: console=ttyS0 oops=panic nokaslr rdinit=/init
[    0.000000] BIOS-provided physical RAM map:
[    0.000000] BIOS-e820: [mem 0x0000000000000000-0x000000000009fbff] usable
[    0.000000] BIOS-e820: [mem 0x000000000009fc00-0x000000000009ffff] reserved
[    0.000000] BIOS-e820: [mem 0x00000000000f0000-0x00000000000fffff] reserved
[    0.000000] BIOS-e820: [mem 0x0000000000100000-0x000000007ffdffff] usable
[    0.000000] BIOS-e820: [mem 0x000000007ffe0000-0x000000007fffffff] reserved
[    0.000000] BIOS-e820: [mem 0x00000000feffc000-0x00000000feffffff] reserved
[    0.000000] BIOS-e820: [mem 0x00000000fffc0000-0x00000000ffffffff] reserved
[    0.000000] NX (Execute Disable) protection: active
[    0.000000] SMBIOS 2.8 present.
[    0.000000] DMI: QEMU Standard PC (i440FX + PIIX, 1996), BIOS 1.16.2-debian-1.16.2-1 04/01/2014
[    0.000000] Hypervisor detected: KVM
[    0.000000] kvm-clock: Using msrs 4b564d01 and 4b564d00
[    0.000001] kvm-clock: using sched offset of 445516866 cycles
[    0.000003] clocksource: kvm-clock: mask: 0xffffffffffffffff max_cycles: 0x1cd42e4dffb, max_idle_ns: 881590591483 ns
[    0.000007] tsc: Detected 2995.200 MHz processor
[    0.000655] last_pfn = 0x7ffe0 max_arch_pfn = 0x400000000
[    0.000785] MTRR map: 4 entries (3 fixed + 1 variable; max 19), built from 8 variable MTRRs
[    0.000791] x86/PAT: Configuration [0-7]: WB  WC  UC- UC  WB  WP  UC- WT  
[    0.008529] found SMP MP-table at [mem 0x000f5ba0-0x000f5baf]
[    0.008706] Using GB pages for direct mapping
[    0.008731] Incomplete global flushes, disabling PCID
[    0.008936] RAMDISK: [mem 0x7fe92000-0x7ffdffff]
[    0.008978] ACPI: Early table checksum verification disabled
[    0.009029] ACPI: RSDP 0x00000000000F59D0 000014 (v00 BOCHS )
[    0.009035] ACPI: RSDT 0x000000007FFE1B33 000034 (v01 BOCHS  BXPC     00000001 BXPC 00000001)
[    0.009042] ACPI: FACP 0x000000007FFE19DF 000074 (v01 BOCHS  BXPC     00000001 BXPC 00000001)
[    0.009049] ACPI: DSDT 0x000000007FFE0040 00199F (v01 BOCHS  BXPC     00000001 BXPC 00000001)
[    0.009054] ACPI: FACS 0x000000007FFE0000 000040
[    0.009058] ACPI: APIC 0x000000007FFE1A53 000080 (v01 BOCHS  BXPC     00000001 BXPC 00000001)
[    0.009061] ACPI: HPET 0x000000007FFE1AD3 000038 (v01 BOCHS  BXPC     00000001 BXPC 00000001)
[    0.009065] ACPI: WAET 0x000000007FFE1B0B 000028 (v01 BOCHS  BXPC     00000001 BXPC 00000001)
[    0.009068] ACPI: Reserving FACP table memory at [mem 0x7ffe19df-0x7ffe1a52]
[    0.009070] ACPI: Reserving DSDT table memory at [mem 0x7ffe0040-0x7ffe19de]
[    0.009072] ACPI: Reserving FACS table memory at [mem 0x7ffe0000-0x7ffe003f]
[    0.009074] ACPI: Reserving APIC table memory at [mem 0x7ffe1a53-0x7ffe1ad2]
[    0.009075] ACPI: Reserving HPET table memory at [mem 0x7ffe1ad3-0x7ffe1b0a]
[    0.009076] ACPI: Reserving WAET table memory at [mem 0x7ffe1b0b-0x7ffe1b32]
[    0.010026] No NUMA configuration found
[    0.010029] Faking a node at [mem 0x0000000000000000-0x000000007ffdffff]
[    0.010035] NODE_DATA(0) allocated [mem 0x7fe8e000-0x7fe91fff]
[    0.010067] Zone ranges:
[    0.010068]   DMA      [mem 0x0000000000001000-0x0000000000ffffff]
[    0.010070]   DMA32    [mem 0x0000000001000000-0x000000007ffdffff]
[    0.010072]   Normal   empty
[    0.010073] Movable zone start for each node
[    0.010074] Early memory node ranges
[    0.010074]   node   0: [mem 0x0000000000001000-0x000000000009efff]
[    0.010076]   node   0: [mem 0x0000000000100000-0x000000007ffdffff]
[    0.010077] Initmem setup node 0 [mem 0x0000000000001000-0x000000007ffdffff]
[    0.011305] On node 0, zone DMA: 1 pages in unavailable ranges
[    0.011370] On node 0, zone DMA: 97 pages in unavailable ranges
[    0.035116] On node 0, zone DMA32: 32 pages in unavailable ranges
[    0.134612] kasan: KernelAddressSanitizer initialized
[    0.135604] ACPI: PM-Timer IO Port: 0x608
[    0.135614] ACPI: LAPIC_NMI (acpi_id[0xff] dfl dfl lint[0x1])
[    0.135677] IOAPIC[0]: apic_id 0, version 17, address 0xfec00000, GSI 0-23
[    0.135681] ACPI: INT_SRC_OVR (bus 0 bus_irq 0 global_irq 2 dfl dfl)
[    0.135683] ACPI: INT_SRC_OVR (bus 0 bus_irq 5 global_irq 5 high level)
[    0.135684] ACPI: INT_SRC_OVR (bus 0 bus_irq 9 global_irq 9 high level)
[    0.135685] ACPI: INT_SRC_OVR (bus 0 bus_irq 10 global_irq 10 high level)
[    0.135686] ACPI: INT_SRC_OVR (bus 0 bus_irq 11 global_irq 11 high level)
[    0.135690] ACPI: Using ACPI (MADT) for SMP configuration information
[    0.135691] ACPI: HPET id: 0x8086a201 base: 0xfed00000
[    0.135695] TSC deadline timer available
[    0.135702] smpboot: Allowing 2 CPUs, 0 hotplug CPUs
[    0.135740] kvm-guest: KVM setup pv remote TLB flush
[    0.135751] kvm-guest: setup PV sched yield
[    0.135778] PM: hibernation: Registered nosave memory: [mem 0x00000000-0x00000fff]
[    0.135780] PM: hibernation: Registered nosave memory: [mem 0x0009f000-0x0009ffff]
[    0.135781] PM: hibernation: Registered nosave memory: [mem 0x000a0000-0x000effff]
[    0.135782] PM: hibernation: Registered nosave memory: [mem 0x000f0000-0x000fffff]
[    0.135783] [mem 0x80000000-0xfeffbfff] available for PCI devices
[    0.135784] Booting paravirtualized kernel on KVM
[    0.135787] clocksource: refined-jiffies: mask: 0xffffffff max_cycles: 0xffffffff, max_idle_ns: 1910969940391419 ns
[    0.147981] setup_percpu: NR_CPUS:64 nr_cpumask_bits:2 nr_cpu_ids:2 nr_node_ids:1
[    0.148906] percpu: Embedded 66 pages/cpu s232168 r8192 d29976 u1048576
[    0.148972] Kernel command line: console=ttyS0 oops=panic nokaslr rdinit=/init
[    0.149069] random: crng init done
[    0.149885] Dentry cache hash table entries: 262144 (order: 9, 2097152 bytes, linear)
[    0.150653] Inode-cache hash table entries: 131072 (order: 8, 1048576 bytes, linear)
[    0.150740] Fallback order for Node 0: 0 
[    0.150744] Built 1 zonelists, mobility grouping on.  Total pages: 515808
[    0.150746] Policy zone: DMA32
[    0.150747] mem auto-init: stack:all(zero), heap alloc:off, heap free:off
[    0.150749] stackdepot: allocating hash table via alloc_large_system_hash
[    0.153675] stackdepot hash table entries: 1048576 (order: 11, 8388608 bytes, linear)
[    0.173897] Memory: 1692960K/2096632K available (49152K kernel code, 7946K rwdata, 10072K rodata, 5644K init, 2948K bss, 403416K reserved, 0K cma-reserved)
[    0.174060] SLUB: HWalign=64, Order=0-3, MinObjects=0, CPUs=2, Nodes=1
[    0.175157] Dynamic Preempt: voluntary
[    0.175901] rcu: Preemptible hierarchical RCU implementation.
[    0.175902] rcu: 	RCU event tracing is enabled.
[    0.175903] rcu: 	RCU restricting CPUs from NR_CPUS=64 to nr_cpu_ids=2.
[    0.175905] 	Trampoline variant of Tasks RCU enabled.
[    0.175906] rcu: RCU calculated value of scheduler-enlistment delay is 100 jiffies.
[    0.175907] rcu: Adjusting geometry for rcu_fanout_leaf=16, nr_cpu_ids=2
[    0.185108] NR_IRQS: 4352, nr_irqs: 440, preallocated irqs: 16
[    0.185408] rcu: srcu_init: Setting srcu_struct sizes based on contention.
[    0.193888] Console: colour VGA+ 80x25
[    0.193958] printk: console [ttyS0] enabled
[    0.381195] ACPI: Core revision 20230331
[    0.383360] clocksource: hpet: mask: 0xffffffff max_cycles: 0xffffffff, max_idle_ns: 19112604467 ns
[    0.387730] APIC: Switch to symmetric I/O mode setup
[    0.389661] kvm-guest: setup PV IPIs
[    0.393531] ..TIMER: vector=0x30 apic1=0 pin1=2 apic2=-1 pin2=-1
[    0.395482] clocksource: tsc-early: mask: 0xffffffffffffffff max_cycles: 0x2b2c8ec87c7, max_idle_ns: 440795278598 ns
[    0.398617] Calibrating delay loop (skipped) preset value.. 5990.40 BogoMIPS (lpj=2995200)
[    0.400993] x86/cpu: User Mode Instruction Prevention (UMIP) activated
[    0.402027] Last level iTLB entries: 4KB 0, 2MB 0, 4MB 0
[    0.402607] Last level dTLB entries: 4KB 0, 2MB 0, 4MB 0, 1GB 0
[    0.403641] Spectre V1 : Mitigation: usercopy/swapgs barriers and __user pointer sanitization
[    0.404618] Spectre V2 : Mitigation: Enhanced / Automatic IBRS
[    0.405604] Spectre V2 : Spectre v2 / SpectreRSB mitigation: Filling RSB on context switch
[    0.406608] Spectre V2 : Spectre v2 / PBRSB-eIBRS: Retire a single CALL on VMEXIT
[    0.407609] RETBleed: Mitigation: Enhanced IBRS
[    0.408622] Spectre V2 : mitigation: Enabling conditional Indirect Branch Prediction Barrier
[    0.409623] Speculative Store Bypass: Mitigation: Speculative Store Bypass disabled via prctl
[    0.410647] MMIO Stale Data: Unknown: No mitigations
[    0.411679] x86/fpu: Supporting XSAVE feature 0x001: 'x87 floating point registers'
[    0.412607] x86/fpu: Supporting XSAVE feature 0x002: 'SSE registers'
[    0.413606] x86/fpu: Supporting XSAVE feature 0x004: 'AVX registers'
[    0.414607] x86/fpu: xstate_offset[2]:  576, xstate_sizes[2]:  256
[    0.415606] x86/fpu: Enabled xstate features 0x7, context size is 832 bytes, using 'compacted' format.
[    0.436732] Freeing SMP alternatives memory: 44K
[    0.437607] pid_max: default: 32768 minimum: 301
[    0.438818] LSM: initializing lsm=capability,selinux,integrity
[    0.439631] SELinux:  Initializing.
[    0.440776] Mount-cache hash table entries: 4096 (order: 3, 32768 bytes, linear)
[    0.441611] Mountpoint-cache hash table entries: 4096 (order: 3, 32768 bytes, linear)
[    0.444772] smpboot: CPU0: 13th Gen Intel(R) Core(TM) i9-13900H (family: 0x6, model: 0xba, stepping: 0x2)
[    0.445875] RCU Tasks: Setting shift to 1 and lim to 1 rcu_task_cb_adjust=1.
[    0.446648] Performance Events: unsupported p6 CPU model 186 no PMU driver, software events only.
[    0.447679] signal: max sigframe size: 1776
[    0.448716] rcu: Hierarchical SRCU implementation.
[    0.449612] rcu: 	Max phase no-delay instances is 400.
[    0.451212] smp: Bringing up secondary CPUs ...
[    0.451867] smpboot: x86: Booting SMP configuration:
[    0.452613] .... node  #0, CPUs:      #1
[    0.453709] smp: Brought up 1 node, 2 CPUs
[    0.455611] smpboot: Max logical packages: 1
[    0.456611] smpboot: Total of 2 processors activated (11980.80 BogoMIPS)
[    0.459616] devtmpfs: initialized
[    0.462835] clocksource: jiffies: mask: 0xffffffff max_cycles: 0xffffffff, max_idle_ns: 1911260446275000 ns
[    0.463618] futex hash table entries: 512 (order: 3, 32768 bytes, linear)
[    0.464895] PM: RTC time: 07:29:32, date: 2026-05-13
[    0.465877] NET: Registered PF_NETLINK/PF_ROUTE protocol family
[    0.466911] audit: initializing netlink subsys (disabled)
[    0.467695] audit: type=2000 audit(1778657373.555:1): state=initialized audit_enabled=0 res=1
[    0.467930] thermal_sys: Registered thermal governor 'step_wise'
[    0.468614] thermal_sys: Registered thermal governor 'user_space'
[    0.469880] cpuidle: using governor menu
[    0.472461] PCI: Using configuration type 1 for base access
[    0.472880] kprobes: kprobe jump-optimization is enabled. All kprobes are optimized if possible.
[    0.475971] HugeTLB: registered 2.00 MiB page size, pre-allocated 0 pages
[    0.477616] HugeTLB: 28 KiB vmemmap can be freed for a 2.00 MiB page
[    0.480119] ACPI: Added _OSI(Module Device)
[    0.480612] ACPI: Added _OSI(Processor Device)
[    0.482615] ACPI: Added _OSI(3.0 _SCP Extensions)
[    0.483614] ACPI: Added _OSI(Processor Aggregator Device)
[    0.495133] ACPI: 1 ACPI AML tables successfully acquired and loaded
[    0.556427] ACPI: Interpreter enabled
[    0.556652] ACPI: PM: (supports S0 S3 S4 S5)
[    0.557610] ACPI: Using IOAPIC for interrupt routing
[    0.559664] PCI: Using host bridge windows from ACPI; if necessary, use "pci=nocrs" and report a bug
[    0.561610] PCI: Using E820 reservations for host bridge windows
[    0.563072] ACPI: Enabled 2 GPEs in block 00 to 0F
[    0.577204] ACPI: PCI Root Bridge [PCI0] (domain 0000 [bus 00-ff])
[    0.578627] acpi PNP0A03:00: _OSC: OS supports [ASPM ClockPM Segments MSI HPX-Type3]
[    0.580610] acpi PNP0A03:00: _OSC: not requesting OS control; OS requires [ExtendedConfig ASPM ClockPM MSI]
[    0.582675] acpi PNP0A03:00: fail to add MMCONFIG information, can't access extended configuration space under this bridge
[    0.585827] PCI host bridge to bus 0000:00
[    0.586611] pci_bus 0000:00: root bus resource [io  0x0000-0x0cf7 window]
[    0.587610] pci_bus 0000:00: root bus resource [io  0x0d00-0xffff window]
[    0.589617] pci_bus 0000:00: root bus resource [mem 0x000a0000-0x000bffff window]
[    0.591611] pci_bus 0000:00: root bus resource [mem 0x80000000-0xfebfffff window]
[    0.593612] pci_bus 0000:00: root bus resource [mem 0x100000000-0x17fffffff window]
[    0.594741] pci_bus 0000:00: root bus resource [bus 00-ff]
[    0.596966] pci 0000:00:00.0: [8086:1237] type 00 class 0x060000
[    0.603419] pci 0000:00:01.0: [8086:7000] type 00 class 0x060100
[    0.610713] pci 0000:00:01.1: [8086:7010] type 00 class 0x010180
[    0.614232] pci 0000:00:01.1: reg 0x20: [io  0xc040-0xc04f]
[    0.616613] pci 0000:00:01.1: legacy IDE quirk: reg 0x10: [io  0x01f0-0x01f7]
[    0.619615] pci 0000:00:01.1: legacy IDE quirk: reg 0x14: [io  0x03f6]
[    0.621613] pci 0000:00:01.1: legacy IDE quirk: reg 0x18: [io  0x0170-0x0177]
[    0.623667] pci 0000:00:01.1: legacy IDE quirk: reg 0x1c: [io  0x0376]
[    0.627376] pci 0000:00:01.3: [8086:7113] type 00 class 0x068000
[    0.629528] pci 0000:00:01.3: quirk: [io  0x0600-0x063f] claimed by PIIX4 ACPI
[    0.630629] pci 0000:00:01.3: quirk: [io  0x0700-0x070f] claimed by PIIX4 SMB
[    0.633704] pci 0000:00:02.0: [1234:1111] type 00 class 0x030000
[    0.636673] pci 0000:00:02.0: reg 0x10: [mem 0xfd000000-0xfdffffff pref]
[    0.640675] pci 0000:00:02.0: reg 0x18: [mem 0xfebf0000-0xfebf0fff]
[    0.647009] pci 0000:00:02.0: reg 0x30: [mem 0xfebe0000-0xfebeffff pref]
[    0.649016] pci 0000:00:02.0: Video device with shadowed ROM at [mem 0x000c0000-0x000dffff]
[    0.657212] pci 0000:00:03.0: [8086:100e] type 00 class 0x020000
[    0.660650] pci 0000:00:03.0: reg 0x10: [mem 0xfebc0000-0xfebdffff]
[    0.663613] pci 0000:00:03.0: reg 0x14: [io  0xc000-0xc03f]
[    0.669115] pci 0000:00:03.0: reg 0x30: [mem 0xfeb80000-0xfebbffff pref]
[    0.678428] ACPI: PCI: Interrupt link LNKA configured for IRQ 10
[    0.681195] ACPI: PCI: Interrupt link LNKB configured for IRQ 10
[    0.683544] ACPI: PCI: Interrupt link LNKC configured for IRQ 11
[    0.685186] ACPI: PCI: Interrupt link LNKD configured for IRQ 11
[    0.687845] ACPI: PCI: Interrupt link LNKS configured for IRQ 9
[    0.691050] iommu: Default domain type: Translated 
[    0.691610] iommu: DMA domain TLB invalidation policy: lazy mode 
[    0.694320] SCSI subsystem initialized
[    0.695851] ACPI: bus type USB registered
[    0.696661] usbcore: registered new interface driver usbfs
[    0.697637] usbcore: registered new interface driver hub
[    0.698628] usbcore: registered new device driver usb
[    0.699991] pps_core: LinuxPPS API ver. 1 registered
[    0.700614] pps_core: Software ver. 5.3.6 - Copyright 2005-2007 Rodolfo Giometti <giometti@linux.it>
[    0.701672] PTP clock support registered
[    0.702776] Advanced Linux Sound Architecture Driver Initialized.
[    0.704224] NetLabel: Initializing
[    0.704611] NetLabel:  domain hash size = 128
[    0.705613] NetLabel:  protocols = UNLABELED CIPSOv4 CALIPSO
[    0.706683] NetLabel:  unlabeled traffic allowed by default
[    0.707698] PCI: Using ACPI for IRQ routing
[    0.708911] pci 0000:00:02.0: vgaarb: setting as boot VGA device
[    0.709602] pci 0000:00:02.0: vgaarb: bridge control possible
[    0.709602] pci 0000:00:02.0: vgaarb: VGA device added: decodes=io+mem,owns=io+mem,locks=none
[    0.709673] vgaarb: loaded
[    0.711019] hpet0: at MMIO 0xfed00000, IRQs 2, 8, 0
[    0.711611] hpet0: 3 comparators, 64-bit 100.000000 MHz counter
[    0.714786] clocksource: Switched to clocksource kvm-clock
[    0.753754] VFS: Disk quotas dquot_6.6.0
[    0.754816] VFS: Dquot-cache hash table entries: 512 (order 0, 4096 bytes)
[    0.756769] pnp: PnP ACPI init
[    0.758950] pnp: PnP ACPI: found 6 devices
[    0.774082] clocksource: acpi_pm: mask: 0xffffff max_cycles: 0xffffff, max_idle_ns: 2085701024 ns
[    0.776438] NET: Registered PF_INET protocol family
[    0.777996] IP idents hash table entries: 32768 (order: 6, 262144 bytes, linear)
[    0.780428] tcp_listen_portaddr_hash hash table entries: 1024 (order: 2, 16384 bytes, linear)
[    0.783162] Table-perturb hash table entries: 65536 (order: 6, 262144 bytes, linear)
[    0.786057] TCP established hash table entries: 16384 (order: 5, 131072 bytes, linear)
[    0.788150] TCP bind hash table entries: 16384 (order: 7, 524288 bytes, linear)
[    0.790130] TCP: Hash tables configured (established 16384 bind 16384)
[    0.792545] UDP hash table entries: 1024 (order: 3, 32768 bytes, linear)
[    0.794421] UDP-Lite hash table entries: 1024 (order: 3, 32768 bytes, linear)
[    0.796839] NET: Registered PF_UNIX/PF_LOCAL protocol family
[    0.799517] RPC: Registered named UNIX socket transport module.
[    0.801620] RPC: Registered udp transport module.
[    0.802938] RPC: Registered tcp transport module.
[    0.804284] RPC: Registered tcp NFSv4.1 backchannel transport module.
[    0.807613] pci_bus 0000:00: resource 4 [io  0x0000-0x0cf7 window]
[    0.809379] pci_bus 0000:00: resource 5 [io  0x0d00-0xffff window]
[    0.811142] pci_bus 0000:00: resource 6 [mem 0x000a0000-0x000bffff window]
[    0.813030] pci_bus 0000:00: resource 7 [mem 0x80000000-0xfebfffff window]
[    0.814906] pci_bus 0000:00: resource 8 [mem 0x100000000-0x17fffffff window]
[    0.817015] pci 0000:00:01.0: PIIX3: Enabling Passive Release
[    0.818677] pci 0000:00:00.0: Limiting direct PCI/PCI transfers
[    0.820404] PCI: CLS 0 bytes, default 64
[    0.821742] Unpacking initramfs...
[    0.825329] RAPL PMU: API unit is 2^-32 Joules, 0 fixed counters, 10737418240 ms ovfl timer
[    0.827765] clocksource: tsc: mask: 0xffffffffffffffff max_cycles: 0x2b2c8ec87c7, max_idle_ns: 440795278598 ns
[    0.832651] Initialise system trusted keyrings
[    0.834025] workingset: timestamp_bits=56 max_order=19 bucket_order=0
[    0.836373] NFS: Registering the id_resolver key type
[    0.837909] Key type id_resolver registered
[    0.839080] Key type id_legacy registered
[    0.840277] 9p: Installing v9fs 9p2000 file system support
[    0.842666] Freeing initrd memory: 1336K
[    0.848244] Key type asymmetric registered
[    0.849495] Asymmetric key parser 'x509' registered
[    0.851289] Block layer SCSI generic (bsg) driver version 0.4 loaded (major 251)
[    0.853394] io scheduler mq-deadline registered
[    0.854577] io scheduler kyber registered
[    0.856313] input: Power Button as /devices/LNXSYSTM:00/LNXPWRBN:00/input/input0
[    0.858737] ACPI: button: Power Button [PWRF]
[    0.861530] Serial: 8250/16550 driver, 4 ports, IRQ sharing enabled
[    0.863526] 00:04: ttyS0 at I/O 0x3f8 (irq = 4, base_baud = 115200) is a 16550A
[    0.866712] Non-volatile memory driver v1.3
[    0.868046] Linux agpgart interface v0.103
[    0.869694] ACPI: bus type drm_connector registered
[    0.876481] loop: module loaded
[    0.879346] scsi host0: ata_piix
[    0.880768] scsi host1: ata_piix
[    0.881830] ata1: PATA max MWDMA2 cmd 0x1f0 ctl 0x3f6 bmdma 0xc040 irq 14
[    0.883678] ata2: PATA max MWDMA2 cmd 0x170 ctl 0x376 bmdma 0xc048 irq 15
[    0.886658] e100: Intel(R) PRO/100 Network Driver
[    0.888330] e100: Copyright(c) 1999-2006 Intel Corporation
[    0.889882] e1000: Intel(R) PRO/1000 Network Driver
[    0.891199] e1000: Copyright (c) 1999-2006 Intel Corporation.
[    1.041847] ata2: found unknown device (class 0)
[    1.043734] ata2.00: ATAPI: QEMU DVD-ROM, 2.5+, max UDMA/100
[    1.046629] scsi 1:0:0:0: CD-ROM            QEMU     QEMU DVD-ROM     2.5+ PQ: 0 ANSI: 5
[    1.068670] sr 1:0:0:0: [sr0] scsi3-mmc drive: 4x/4x cd/rw xa/form2 tray
[    1.070302] cdrom: Uniform CD-ROM driver Revision: 3.20
[    1.311573] ACPI: \_SB_.LNKC: Enabled at IRQ 11
[    1.664439] e1000 0000:00:03.0 eth0: (PCI:33MHz:32-bit) 52:54:00:12:34:56
[    1.667855] e1000 0000:00:03.0 eth0: Intel(R) PRO/1000 Network Connection
[    1.670522] e1000e: Intel(R) PRO/1000 Network Driver
[    1.671867] e1000e: Copyright(c) 1999 - 2015 Intel Corporation.
[    1.673662] sky2: driver version 1.30
[    1.675833] usbcore: registered new interface driver usblp
[    1.677297] usbcore: registered new interface driver usb-storage
[    1.678849] i8042: PNP: PS/2 Controller [PNP0303:KBD,PNP0f13:MOU] at 0x60,0x64 irq 1,12
[    1.682107] serio: i8042 KBD port at 0x60,0x64 irq 1
[    1.683862] serio: i8042 AUX port at 0x60,0x64 irq 12
[    1.686612] input: AT Translated Set 2 keyboard as /devices/platform/i8042/serio0/input/input1
[    1.689420] rtc_cmos 00:05: RTC can wake from S4
[    1.694509] rtc_cmos 00:05: registered as rtc0
[    1.695894] rtc_cmos 00:05: alarms up to one day, y3k, 242 bytes nvram, hpet irqs
[    1.698214] device-mapper: ioctl: 4.48.0-ioctl (2023-03-01) initialised: dm-devel@redhat.com
[    1.700248] intel_pstate: CPU model not supported
[    1.701806] hid: raw HID events driver (C) Jiri Kosina
[    1.704093] usbcore: registered new interface driver usbhid
[    1.705652] usbhid: USB HID core driver
[    1.708337] Initializing XFRM netlink socket
[    1.709626] NET: Registered PF_INET6 protocol family
[    1.711661] Segment Routing with IPv6
[    1.712638] In-situ OAM (IOAM) with IPv6
[    1.713689] sit: IPv6, IPv4 and MPLS over IPv4 tunneling driver
[    1.715396] NET: Registered PF_PACKET protocol family
[    1.716708] 9pnet: Installing 9P2000 support
[    1.717731] Key type dns_resolver registered
[    1.719261] IPI shorthand broadcast: enabled
[    1.730710] sched_clock: Marking stable (1522021822, 208184020)->(1814809360, -84603518)
[    1.733355] registered taskstats version 1
[    1.734475] Loading compiled-in X.509 certificates
[    1.743334] PM:   Magic number: 10:636:470
[    1.744716] printk: console [netcon0] enabled
[    1.745938] netconsole: network logging started
[    1.747489] cfg80211: Loading compiled-in X.509 certificates for regulatory database
[    1.750108] kworker/u4:1 (51) used greatest stack depth: 29536 bytes left
[    1.751987] Loaded X.509 cert 'sforshee: 00b28ddf47aef9cea7'
[    1.753303] ALSA device list:
[    1.754002]   No soundcards found.
[    1.755895] Freeing unused kernel image (initmem) memory: 5644K
[    1.756744] platform regulatory.0: Direct firmware load for regulatory.db failed with error -2
[    1.757880] cfg80211: failed to load regulatory.db
[    1.760268] Write protecting the kernel read-only data: 59392k
[    1.761757] Freeing unused kernel image (rodata/data gap) memory: 168K
[    1.773211] x86/mm: Checked W+X mappings: passed, no W+X pages found.
[    1.774118] Run /init as init process
[    1.776729] mount (55) used greatest stack depth: 28760 bytes left

secb: rootfs ready
---- poc begin ----
poc: userns+netns ready
poc: trigger-batch: sent (oks=5 errs=0)
poc: deltable: sent (oks=1 errs=0)
poc: trigger-batch: sent (oks=5 errs=0)
poc: deltable: sent (oks=1 errs=0)
poc: trigger-batch: sent (oks=5 errs=0)
poc: deltable: sent (oks=1 errs=0)
poc: trigger-batch: sent (oks=5 errs=0)
poc: deltable: sent (oks=1 errs=0)
poc: trigger-batch: sent (oks=5 errs=0)
poc: deltable: sent (oks=1 errs=0)
poc: trigger-batch: sent (oks=5 errs=0)
poc: deltable: sent (oks=1 errs=0)
poc: trigger-batch: sent (oks=5 errs=0)
poc: deltable: sent (oks=1 errs=0)
poc: trigger-batch: sent (oks=5 errs=0)
poc: deltable: sent (oks=1 errs=0)
poc: trigger-batch: sent (oks=5 errs=0)
poc: deltable: sent (oks=1 errs=0)
poc: trigger-batch: sent (oks=5 errs=0)
poc: deltable: sent (oks=1 errs=0)
poc: trigger-batch: sent (oks=5 errs=0)
poc: deltable: sent (oks=1 errs=0)
poc: trigger-batch: sent (oks=5 errs=0)
poc: deltable: sent (oks=1 errs=0)[    1.805566] ==================================================================
[    1.806726] BUG: KASAN: slab-use-after-free in nft_immediate_destroy+0x3e9/0x550
[    1.807835] Read of size 1 at addr ffff888009b3c354 by task kworker/1:2/47
[    1.809138] 
[    1.809761] CPU: 1 PID: 47 Comm: kworker/1:2 Not tainted 6.4.0-04326-geaf9e7192ec9-dirty #1
[    1.811278] Hardware name: QEMU Standard PC (i440FX + PIIX, 1996), BIOS 1.16.2-debian-1.16.2-1 04/01/2014
[    1.812576] Workqueue: events nf_tables_trans_destroy_work
[    1.813396] Call Trace:
[    1.813740]  <TASK>
[    1.814048]  dump_stack_lvl+0x36/0x50
[    1.814589]  print_report+0xcf/0x660
[    1.815129]  ? nft_immediate_destroy+0x3e9/0x550
[    1.815804]  kasan_report+0xc7/0x100
[    1.816306]  ? nft_immediate_destroy+0x3e9/0x550
[    1.816885]  nft_immediate_destroy+0x3e9/0x550
[    1.817579]  ? __wait_rcu_gp+0x2b3/0x4a0
[    1.818125]  ? __pfx_nft_immediate_destroy+0x10/0x10
[    1.818885]  ? __pfx_call_rcu_hurry+0x10/0x10
[    1.819427]  nf_tables_rule_destroy+0xef/0x1f0
[    1.820033]  ? nf_tables_trans_destroy_work+0x43b/0xb10
[    1.821023]  nf_tables_trans_destroy_work+0x6ec/0xb10
[    1.821738]  ? __pfx_nf_tables_trans_destroy_work+0x10/0x10
[    1.822765]  ? _raw_spin_lock_irq+0x81/0xe0
[    1.823412]  ? read_word_at_a_time+0xe/0x20
[    1.824092]  ? strscpy+0xad/0x290
[    1.824846]  process_one_work+0x801/0x1500
[    1.825480]  worker_thread+0x7e2/0x1390
[    1.826211]  ? __kthread_parkme+0x7e/0x140
[    1.826871]  ? __pfx_worker_thread+0x10/0x10
[    1.827470]  kthread+0x29b/0x370
[    1.827994]  ? __pfx_kthread+0x10/0x10
[    1.828617]  ret_from_fork+0x29/0x50
[    1.829110]  </TASK>
[    1.829406] 
[    1.829660] Allocated by task 61:
[    1.830214]  kasan_save_stack+0x33/0x60
[    1.831022]  kasan_set_track+0x25/0x30
[    1.831573]  __kasan_kmalloc+0x8f/0xa0
[    1.832085]  nf_tables_addchain.constprop.0+0x8a2/0x2240
[    1.832928]  nf_tables_newchain+0x1692/0x2610
[    1.833509]  nfnetlink_rcv_batch+0x129a/0x1fc0
[    1.834156]  nfnetlink_rcv+0x2df/0x360
[    1.834643]  netlink_unicast+0x588/0x7f0
[    1.835223]  netlink_sendmsg+0x7b7/0xc60
[    1.835830]  sock_sendmsg+0x13d/0x180
[    1.836418]  ____sys_sendmsg+0x5c5/0x7f0
[    1.837014]  ___sys_sendmsg+0x100/0x180
[    1.837559]  __sys_sendmsg+0xe6/0x190
[    1.838098]  do_syscall_64+0x3b/0x90
[    1.838618]  entry_SYSCALL_64_after_hwframe+0x6e/0xd8
[    1.839322] 
[    1.839639] Freed by task 47:
[    1.840077]  kasan_save_stack+0x33/0x60
[    1.840693]  kasan_set_track+0x25/0x30
[    1.841265]  kasan_save_free_info+0x2b/0x50
[    1.841890]  __kasan_slab_free+0x10a/0x180
[    1.842911]  __kmem_cache_free+0x82/0x1c0
[    1.843572]  nf_tables_trans_destroy_work+0x852/0xb10
[    1.844336]  process_one_work+0x801/0x1500
[    1.845174]  worker_thread+0xed/0x1390
[    1.845928]  kthread+0x29b/0x370
[    1.846436]  ret_from_fork+0x29/0x50
[    1.847171] 
[    1.847577] The buggy address belongs to the object at ffff888009b3c300
[    1.847577]  which belongs to the cache kmalloc-128 of size 128
[    1.849528] The buggy address is located 84 bytes inside of
[    1.849528]  freed 128-byte region [ffff888009b3c300, ffff888009b3c380)
[    1.851381] 
[    1.851604] The buggy address belongs to the physical page:
[    1.852419] page:00000000b47b3366 refcount:1 mapcount:0 mapping:0000000000000000 index:0x0 pfn:0x9b3c
[    1.853905] flags: 0x100000000000200(slab|node=0|zone=1)
[    1.854908] page_type: 0xffffffff()
[    1.855506] raw: 0100000000000200 ffff8880064418c0 dead000000000122 0000000000000000
[    1.856802] raw: 0000000000000000 0000000000100010 00000001ffffffff 0000000000000000
[    1.857947] page dumped because: kasan: bad access detected
[    1.858877] 
[    1.859195] Memory state around the buggy address:
[    1.860003]  ffff888009b3c200: 00 00 00 00 00 00 00 00 00 00 00 00 00 fc fc fc
[    1.861272]  ffff888009b3c280: fc fc fc fc fc fc fc fc fc fc fc fc fc fc fc fc
[    1.862339] >ffff888009b3c300: fa fb fb fb fb fb fb fb fb fb fb fb fb fb fb fb
[    1.864041]                                                  ^
[    1.865088]  ffff888009b3c380: fc fc fc fc fc fc fc fc fc fc fc fc fc fc fc fc
[    1.866412]  ffff888009b3c400: 00 00 00 00 00 00 00 00 00 00 00 00 00 00 00 fc
[    1.867676] ==================================================================

poc: trigger-batch: sent (oks=5 errs=0)
poc: deltable: sent (oks=1 errs=0)
poc: trigger-batch: sent (oks=5 errs=0)
poc: deltable: sent (oks=1 errs=0)
poc: trigger-batch: sent (oks=5 errs=0)
poc: deltable: sent (oks=1 errs=0)
poc: trigger-batch: sent (oks=5 errs=0)
poc: deltable: sent (oks=1 errs=0)
poc: trigger-batch: sent (oks=5 errs=0)
poc: deltable: sent (oks=1 errs=0)
poc: trigger-batch: sent (oks=5 errs=0)
poc: deltable: sent (oks=1 errs=0)
poc: trigger-batch: sent (oks=5 errs=0)
poc: deltable: sent (oks=1 errs=0)
poc: trigger-batch: sent (oks=5 errs=0)
poc: deltable: sent (oks=1 errs=0)
poc: trigger-batch: sent (oks=5 errs=0)
poc: deltable: sent (oks=1 errs=0)
poc: trigger-batch: sent (oks=5 errs=0)
poc: deltable: sent (oks=1 errs=0)
poc: trigger-batch: sent (oks=5 errs=0)
poc: deltable: sent (oks=1 errs=0)
poc: trigger-batch: sent (oks=5 errs=0)
poc: deltable: sent (oks=1 errs=0)
poc: trigger-batch: sent (oks=5 errs=0)
poc: deltable: sent (oks=1 errs=0)
poc: trigger-batch: sent (oks=5 errs=0)
poc: deltable: sent (oks=1 errs=0)
poc: trigger-batch: sent (oks=5 errs=0)
poc: deltable: sent (oks=1 errs=0)
poc: trigger-batch: sent (oks=5 errs=0)
poc: deltable: sent (oks=1 errs=0)
poc: trigger-batch: sent (oks=5 errs=0)
poc: deltable: sent (oks=1 errs=0)
poc: trigger-batch: sent (oks=5 errs=0)
poc: deltable: sent (oks=1 errs=0)
poc: trigger-batch: sent (oks=5 errs=0)
poc: deltable: sent (oks=1 errs=0)
poc: trigger-batch: sent (oks=5 errs=0)
poc: deltable: sent (oks=1 errs=0)
[    1.894966] Disabling lock debugging due to kernel taint
[    2.324769] input: ImExPS/2 Generic Explorer Mouse as /devices/platform/i8042/serio1/input/input3
poc: done
[    2.873894] poc (61) used greatest stack depth: 27280 bytes left
---- poc end rc=0 ----
secb: poc exited without crashing the kernel
[    4.231524] ACPI: PM: Preparing to enter system sleep state S5
[    4.233594] reboot: Power down
CONFIRMED: KASAN_UAF
