c[?7l[2J[0mSeaBIOS (version 1.16.2-debian-1.16.2-1)


iPXE (http://ipxe.org) 00:03.0 CA00 PCI2.10 PnP PMM+7EFCEF00+7EF0EF00 CA00
Press Ctrl-B to configure iPXE (PCI 00:03.0)...                                                                               


Booting from ROM..c[?7l[2J[    0.000000] Linux version 6.4.0-04328-g206bbf9afc32-dirty (root@buildkitsandbox) (gcc (Debian 12.2.0-14+deb12u1) 12.2.0, GNU ld (GNU Binutils for Debian) 2.40) #2 SMP PREEMPT_DYNAMIC Wed May 13 07:30:31 UTC 2026
[    0.000000] Command line: console=ttyS0 oops=panic nokaslr rdinit=/init
[    0.000000] BIOS-provided physical RAM map:
[    0.000000] BIOS-e820: [mem 0x0000000000000000-0x000000000009fbff] usable
[    0.000000] BIOS-e820: [mem 0x000000000009fc00-0x000000000009ffff] reserved
[    0.000000] BIOS-e820: [mem 0x00000000000f0000-0x00000000000fffff] reserved
[    0.000000] BIOS-e820: [mem 0x0000000000100000-0x000000007ffdffff] usable
[    0.000000] BIOS-e820: [mem 0x000000007ffe0000-0x000000007fffffff] reserved
[    0.000000] BIOS-e820: [mem 0x00000000feffc000-0x00000000feffffff] reserved
[    0.000000] BIOS-e820: [mem 0x00000000fffc0000-0x00000000ffffffff] reserved
[    0.000000] NX (Execute Disable) protection: active
[    0.000000] SMBIOS 2.8 present.
[    0.000000] DMI: QEMU Standard PC (i440FX + PIIX, 1996), BIOS 1.16.2-debian-1.16.2-1 04/01/2014
[    0.000000] Hypervisor detected: KVM
[    0.000000] kvm-clock: Using msrs 4b564d01 and 4b564d00
[    0.000001] kvm-clock: using sched offset of 429699785 cycles
[    0.000002] clocksource: kvm-clock: mask: 0xffffffffffffffff max_cycles: 0x1cd42e4dffb, max_idle_ns: 881590591483 ns
[    0.000005] tsc: Detected 2995.200 MHz processor
[    0.000500] last_pfn = 0x7ffe0 max_arch_pfn = 0x400000000
[    0.000593] MTRR map: 4 entries (3 fixed + 1 variable; max 19), built from 8 variable MTRRs
[    0.000598] x86/PAT: Configuration [0-7]: WB  WC  UC- UC  WB  WP  UC- WT  
[    0.005906] found SMP MP-table at [mem 0x000f5ba0-0x000f5baf]
[    0.006022] Using GB pages for direct mapping
[    0.006040] Incomplete global flushes, disabling PCID
[    0.006186] RAMDISK: [mem 0x7fe92000-0x7ffdffff]
[    0.006211] ACPI: Early table checksum verification disabled
[    0.006239] ACPI: RSDP 0x00000000000F59D0 000014 (v00 BOCHS )
[    0.006243] ACPI: RSDT 0x000000007FFE1B33 000034 (v01 BOCHS  BXPC     00000001 BXPC 00000001)
[    0.006249] ACPI: FACP 0x000000007FFE19DF 000074 (v01 BOCHS  BXPC     00000001 BXPC 00000001)
[    0.006254] ACPI: DSDT 0x000000007FFE0040 00199F (v01 BOCHS  BXPC     00000001 BXPC 00000001)
[    0.006257] ACPI: FACS 0x000000007FFE0000 000040
[    0.006260] ACPI: APIC 0x000000007FFE1A53 000080 (v01 BOCHS  BXPC     00000001 BXPC 00000001)
[    0.006263] ACPI: HPET 0x000000007FFE1AD3 000038 (v01 BOCHS  BXPC     00000001 BXPC 00000001)
[    0.006265] ACPI: WAET 0x000000007FFE1B0B 000028 (v01 BOCHS  BXPC     00000001 BXPC 00000001)
[    0.006267] ACPI: Reserving FACP table memory at [mem 0x7ffe19df-0x7ffe1a52]
[    0.006269] ACPI: Reserving DSDT table memory at [mem 0x7ffe0040-0x7ffe19de]
[    0.006270] ACPI: Reserving FACS table memory at [mem 0x7ffe0000-0x7ffe003f]
[    0.006271] ACPI: Reserving APIC table memory at [mem 0x7ffe1a53-0x7ffe1ad2]
[    0.006272] ACPI: Reserving HPET table memory at [mem 0x7ffe1ad3-0x7ffe1b0a]
[    0.006273] ACPI: Reserving WAET table memory at [mem 0x7ffe1b0b-0x7ffe1b32]
[    0.006874] No NUMA configuration found
[    0.006875] Faking a node at [mem 0x0000000000000000-0x000000007ffdffff]
[    0.006878] NODE_DATA(0) allocated [mem 0x7fe8e000-0x7fe91fff]
[    0.006899] Zone ranges:
[    0.006900]   DMA      [mem 0x0000000000001000-0x0000000000ffffff]
[    0.006901]   DMA32    [mem 0x0000000001000000-0x000000007ffdffff]
[    0.006902]   Normal   empty
[    0.006903] Movable zone start for each node
[    0.006903] Early memory node ranges
[    0.006904]   node   0: [mem 0x0000000000001000-0x000000000009efff]
[    0.006905]   node   0: [mem 0x0000000000100000-0x000000007ffdffff]
[    0.006906] Initmem setup node 0 [mem 0x0000000000001000-0x000000007ffdffff]
[    0.007665] On node 0, zone DMA: 1 pages in unavailable ranges
[    0.007723] On node 0, zone DMA: 97 pages in unavailable ranges
[    0.023337] On node 0, zone DMA32: 32 pages in unavailable ranges
[    0.112787] kasan: KernelAddressSanitizer initialized
[    0.113567] ACPI: PM-Timer IO Port: 0x608
[    0.113575] ACPI: LAPIC_NMI (acpi_id[0xff] dfl dfl lint[0x1])
[    0.113629] IOAPIC[0]: apic_id 0, version 17, address 0xfec00000, GSI 0-23
[    0.113632] ACPI: INT_SRC_OVR (bus 0 bus_irq 0 global_irq 2 dfl dfl)
[    0.113634] ACPI: INT_SRC_OVR (bus 0 bus_irq 5 global_irq 5 high level)
[    0.113635] ACPI: INT_SRC_OVR (bus 0 bus_irq 9 global_irq 9 high level)
[    0.113635] ACPI: INT_SRC_OVR (bus 0 bus_irq 10 global_irq 10 high level)
[    0.113636] ACPI: INT_SRC_OVR (bus 0 bus_irq 11 global_irq 11 high level)
[    0.113639] ACPI: Using ACPI (MADT) for SMP configuration information
[    0.113640] ACPI: HPET id: 0x8086a201 base: 0xfed00000
[    0.113644] TSC deadline timer available
[    0.113650] smpboot: Allowing 2 CPUs, 0 hotplug CPUs
[    0.113682] kvm-guest: KVM setup pv remote TLB flush
[    0.113692] kvm-guest: setup PV sched yield
[    0.113715] PM: hibernation: Registered nosave memory: [mem 0x00000000-0x00000fff]
[    0.113716] PM: hibernation: Registered nosave memory: [mem 0x0009f000-0x0009ffff]
[    0.113717] PM: hibernation: Registered nosave memory: [mem 0x000a0000-0x000effff]
[    0.113717] PM: hibernation: Registered nosave memory: [mem 0x000f0000-0x000fffff]
[    0.113718] [mem 0x80000000-0xfeffbfff] available for PCI devices
[    0.113719] Booting paravirtualized kernel on KVM
[    0.113721] clocksource: refined-jiffies: mask: 0xffffffff max_cycles: 0xffffffff, max_idle_ns: 1910969940391419 ns
[    0.123958] setup_percpu: NR_CPUS:64 nr_cpumask_bits:2 nr_cpu_ids:2 nr_node_ids:1
[    0.124754] percpu: Embedded 66 pages/cpu s232168 r8192 d29976 u1048576
[    0.124810] Kernel command line: console=ttyS0 oops=panic nokaslr rdinit=/init
[    0.124881] random: crng init done
[    0.125500] Dentry cache hash table entries: 262144 (order: 9, 2097152 bytes, linear)
[    0.126210] Inode-cache hash table entries: 131072 (order: 8, 1048576 bytes, linear)
[    0.126278] Fallback order for Node 0: 0 
[    0.126281] Built 1 zonelists, mobility grouping on.  Total pages: 515808
[    0.126282] Policy zone: DMA32
[    0.126284] mem auto-init: stack:all(zero), heap alloc:off, heap free:off
[    0.126284] stackdepot: allocating hash table via alloc_large_system_hash
[    0.135385] stackdepot hash table entries: 1048576 (order: 11, 8388608 bytes, linear)
[    0.155139] Memory: 1692960K/2096632K available (49152K kernel code, 7946K rwdata, 10072K rodata, 5644K init, 2948K bss, 403416K reserved, 0K cma-reserved)
[    0.155275] SLUB: HWalign=64, Order=0-3, MinObjects=0, CPUs=2, Nodes=1
[    0.156332] Dynamic Preempt: voluntary
[    0.156517] rcu: Preemptible hierarchical RCU implementation.
[    0.156518] rcu: 	RCU event tracing is enabled.
[    0.156519] rcu: 	RCU restricting CPUs from NR_CPUS=64 to nr_cpu_ids=2.
[    0.156520] 	Trampoline variant of Tasks RCU enabled.
[    0.156521] rcu: RCU calculated value of scheduler-enlistment delay is 100 jiffies.
[    0.156522] rcu: Adjusting geometry for rcu_fanout_leaf=16, nr_cpu_ids=2
[    0.164837] NR_IRQS: 4352, nr_irqs: 440, preallocated irqs: 16
[    0.165106] rcu: srcu_init: Setting srcu_struct sizes based on contention.
[    0.173556] Console: colour VGA+ 80x25
[    0.173619] printk: console [ttyS0] enabled
[    0.340461] ACPI: Core revision 20230331
[    0.341790] clocksource: hpet: mask: 0xffffffff max_cycles: 0xffffffff, max_idle_ns: 19112604467 ns
[    0.344372] APIC: Switch to symmetric I/O mode setup
[    0.346607] kvm-guest: setup PV IPIs
[    0.350939] ..TIMER: vector=0x30 apic1=0 pin1=2 apic2=-1 pin2=-1
[    0.353022] clocksource: tsc-early: mask: 0xffffffffffffffff max_cycles: 0x2b2c8ec87c7, max_idle_ns: 440795278598 ns
[    0.357511] Calibrating delay loop (skipped) preset value.. 5990.40 BogoMIPS (lpj=2995200)
[    0.360152] x86/cpu: User Mode Instruction Prevention (UMIP) activated
[    0.362703] Last level iTLB entries: 4KB 0, 2MB 0, 4MB 0
[    0.364522] Last level dTLB entries: 4KB 0, 2MB 0, 4MB 0, 1GB 0
[    0.365768] Spectre V1 : Mitigation: usercopy/swapgs barriers and __user pointer sanitization
[    0.366527] Spectre V2 : Mitigation: Enhanced / Automatic IBRS
[    0.367511] Spectre V2 : Spectre v2 / SpectreRSB mitigation: Filling RSB on context switch
[    0.368511] Spectre V2 : Spectre v2 / PBRSB-eIBRS: Retire a single CALL on VMEXIT
[    0.369515] RETBleed: Mitigation: Enhanced IBRS
[    0.371526] Spectre V2 : mitigation: Enabling conditional Indirect Branch Prediction Barrier
[    0.372519] Speculative Store Bypass: Mitigation: Speculative Store Bypass disabled via prctl
[    0.374498] MMIO Stale Data: Unknown: No mitigations
[    0.375651] x86/fpu: Supporting XSAVE feature 0x001: 'x87 floating point registers'
[    0.377515] x86/fpu: Supporting XSAVE feature 0x002: 'SSE registers'
[    0.378548] x86/fpu: Supporting XSAVE feature 0x004: 'AVX registers'
[    0.380572] x86/fpu: xstate_offset[2]:  576, xstate_sizes[2]:  256
[    0.382704] x86/fpu: Enabled xstate features 0x7, context size is 832 bytes, using 'compacted' format.
[    0.435164] Freeing SMP alternatives memory: 44K
[    0.435562] pid_max: default: 32768 minimum: 301
[    0.440183] LSM: initializing lsm=capability,selinux,integrity
[    0.442023] SELinux:  Initializing.
[    0.446047] Mount-cache hash table entries: 4096 (order: 3, 32768 bytes, linear)
[    0.446639] Mountpoint-cache hash table entries: 4096 (order: 3, 32768 bytes, linear)
[    0.452291] smpboot: CPU0: 13th Gen Intel(R) Core(TM) i9-13900H (family: 0x6, model: 0xba, stepping: 0x2)
[    0.456927] RCU Tasks: Setting shift to 1 and lim to 1 rcu_task_cb_adjust=1.
[    0.459300] Performance Events: unsupported p6 CPU model 186 no PMU driver, software events only.
[    0.459639] signal: max sigframe size: 1776
[    0.461653] rcu: Hierarchical SRCU implementation.
[    0.462619] rcu: 	Max phase no-delay instances is 400.
[    0.468223] smp: Bringing up secondary CPUs ...
[    0.469394] smpboot: x86: Booting SMP configuration:
[    0.469540] .... node  #0, CPUs:      #1
[    0.471576] smp: Brought up 1 node, 2 CPUs
[    0.473586] smpboot: Max logical packages: 1
[    0.474822] smpboot: Total of 2 processors activated (11980.80 BogoMIPS)
[    0.487303] devtmpfs: initialized
[    0.503969] clocksource: jiffies: mask: 0xffffffff max_cycles: 0xffffffff, max_idle_ns: 1911260446275000 ns
[    0.504813] futex hash table entries: 512 (order: 3, 32768 bytes, linear)
[    0.506490] PM: RTC time: 07:31:41, date: 2026-05-13
[    0.508669] NET: Registered PF_NETLINK/PF_ROUTE protocol family
[    0.510870] audit: initializing netlink subsys (disabled)
[    0.511882] audit: type=2000 audit(1778657502.632:1): state=initialized audit_enabled=0 res=1
[    0.514479] thermal_sys: Registered thermal governor 'step_wise'
[    0.514479] thermal_sys: Registered thermal governor 'user_space'
[    0.521867] cpuidle: using governor menu
[    0.525642] PCI: Using configuration type 1 for base access
[    0.530011] kprobes: kprobe jump-optimization is enabled. All kprobes are optimized if possible.
[    0.539352] HugeTLB: registered 2.00 MiB page size, pre-allocated 0 pages
[    0.541798] HugeTLB: 28 KiB vmemmap can be freed for a 2.00 MiB page
[    0.555614] ACPI: Added _OSI(Module Device)
[    0.557599] ACPI: Added _OSI(Processor Device)
[    0.558567] ACPI: Added _OSI(3.0 _SCP Extensions)
[    0.560747] ACPI: Added _OSI(Processor Aggregator Device)
[    0.596479] ACPI: 1 ACPI AML tables successfully acquired and loaded
[    0.668796] ACPI: Interpreter enabled
[    0.670364] ACPI: PM: (supports S0 S3 S4 S5)
[    0.670546] ACPI: Using IOAPIC for interrupt routing
[    0.673183] PCI: Using host bridge windows from ACPI; if necessary, use "pci=nocrs" and report a bug
[    0.673571] PCI: Using E820 reservations for host bridge windows
[    0.679929] ACPI: Enabled 2 GPEs in block 00 to 0F
[    0.820789] ACPI: PCI Root Bridge [PCI0] (domain 0000 [bus 00-ff])
[    0.822479] acpi PNP0A03:00: _OSC: OS supports [ASPM ClockPM Segments MSI HPX-Type3]
[    0.823537] acpi PNP0A03:00: _OSC: not requesting OS control; OS requires [ExtendedConfig ASPM ClockPM MSI]
[    0.824870] acpi PNP0A03:00: fail to add MMCONFIG information, can't access extended configuration space under this bridge
[    0.827127] PCI host bridge to bus 0000:00
[    0.827671] pci_bus 0000:00: root bus resource [io  0x0000-0x0cf7 window]
[    0.828704] pci_bus 0000:00: root bus resource [io  0x0d00-0xffff window]
[    0.829744] pci_bus 0000:00: root bus resource [mem 0x000a0000-0x000bffff window]
[    0.830630] pci_bus 0000:00: root bus resource [mem 0x80000000-0xfebfffff window]
[    0.831620] pci_bus 0000:00: root bus resource [mem 0x100000000-0x17fffffff window]
[    0.832620] pci_bus 0000:00: root bus resource [bus 00-ff]
[    0.835845] pci 0000:00:00.0: [8086:1237] type 00 class 0x060000
[    0.895579] pci 0000:00:01.0: [8086:7000] type 00 class 0x060100
[    0.927933] pci 0000:00:01.1: [8086:7010] type 00 class 0x010180
[    0.930534] pci 0000:00:01.1: reg 0x20: [io  0xc040-0xc04f]
[    0.932253] pci 0000:00:01.1: legacy IDE quirk: reg 0x10: [io  0x01f0-0x01f7]
[    0.932580] pci 0000:00:01.1: legacy IDE quirk: reg 0x14: [io  0x03f6]
[    0.933740] pci 0000:00:01.1: legacy IDE quirk: reg 0x18: [io  0x0170-0x0177]
[    0.934501] pci 0000:00:01.1: legacy IDE quirk: reg 0x1c: [io  0x0376]
[    0.940110] pci 0000:00:01.3: [8086:7113] type 00 class 0x068000
[    0.941989] pci 0000:00:01.3: quirk: [io  0x0600-0x063f] claimed by PIIX4 ACPI
[    0.942589] pci 0000:00:01.3: quirk: [io  0x0700-0x070f] claimed by PIIX4 SMB
[    0.945765] pci 0000:00:02.0: [1234:1111] type 00 class 0x030000
[    0.948116] pci 0000:00:02.0: reg 0x10: [mem 0xfd000000-0xfdffffff pref]
[    0.950617] pci 0000:00:02.0: reg 0x18: [mem 0xfebf0000-0xfebf0fff]
[    0.954590] pci 0000:00:02.0: reg 0x30: [mem 0xfebe0000-0xfebeffff pref]
[    0.956096] pci 0000:00:02.0: Video device with shadowed ROM at [mem 0x000c0000-0x000dffff]
[    0.974967] pci 0000:00:03.0: [8086:100e] type 00 class 0x020000
[    0.977201] pci 0000:00:03.0: reg 0x10: [mem 0xfebc0000-0xfebdffff]
[    0.978694] pci 0000:00:03.0: reg 0x14: [io  0xc000-0xc03f]
[    0.985046] pci 0000:00:03.0: reg 0x30: [mem 0xfeb80000-0xfebbffff pref]
[    1.051715] ACPI: PCI: Interrupt link LNKA configured for IRQ 10
[    1.059479] ACPI: PCI: Interrupt link LNKB configured for IRQ 10
[    1.063374] ACPI: PCI: Interrupt link LNKC configured for IRQ 11
[    1.067162] ACPI: PCI: Interrupt link LNKD configured for IRQ 11
[    1.073045] ACPI: PCI: Interrupt link LNKS configured for IRQ 9
[    1.085468] iommu: Default domain type: Translated 
[    1.086518] iommu: DMA domain TLB invalidation policy: lazy mode 
[    1.090637] SCSI subsystem initialized
[    1.094829] ACPI: bus type USB registered
[    1.097479] usbcore: registered new interface driver usbfs
[    1.100455] usbcore: registered new interface driver hub
[    1.102890] usbcore: registered new device driver usb
[    1.106794] pps_core: LinuxPPS API ver. 1 registered
[    1.108498] pps_core: Software ver. 5.3.6 - Copyright 2005-2007 Rodolfo Giometti <giometti@linux.it>
[    1.109728] PTP clock support registered
[    1.117304] Advanced Linux Sound Architecture Driver Initialized.
[    1.128207] NetLabel: Initializing
[    1.129676] NetLabel:  domain hash size = 128
[    1.129676] NetLabel:  protocols = UNLABELED CIPSOv4 CALIPSO
[    1.129676] NetLabel:  unlabeled traffic allowed by default
[    1.134053] PCI: Using ACPI for IRQ routing
[    1.139745] pci 0000:00:02.0: vgaarb: setting as boot VGA device
[    1.140479] pci 0000:00:02.0: vgaarb: bridge control possible
[    1.140479] pci 0000:00:02.0: vgaarb: VGA device added: decodes=io+mem,owns=io+mem,locks=none
[    1.145661] vgaarb: loaded
[    1.148999] hpet0: at MMIO 0xfed00000, IRQs 2, 8, 0
[    1.150561] hpet0: 3 comparators, 64-bit 100.000000 MHz counter
[    1.155917] clocksource: Switched to clocksource kvm-clock
[    1.363699] kwatchdog (34) used greatest stack depth: 30952 bytes left
[    1.497353] VFS: Disk quotas dquot_6.6.0
[    1.498926] VFS: Dquot-cache hash table entries: 512 (order 0, 4096 bytes)
[    1.502795] pnp: PnP ACPI init
[    1.520399] pnp: PnP ACPI: found 6 devices
[    1.572949] clocksource: acpi_pm: mask: 0xffffff max_cycles: 0xffffff, max_idle_ns: 2085701024 ns
[    1.593965] NET: Registered PF_INET protocol family
[    1.596796] IP idents hash table entries: 32768 (order: 6, 262144 bytes, linear)
[    1.609339] tcp_listen_portaddr_hash hash table entries: 1024 (order: 2, 16384 bytes, linear)
[    1.613554] Table-perturb hash table entries: 65536 (order: 6, 262144 bytes, linear)
[    1.616598] TCP established hash table entries: 16384 (order: 5, 131072 bytes, linear)
[    1.619733] TCP bind hash table entries: 16384 (order: 7, 524288 bytes, linear)
[    1.625857] TCP: Hash tables configured (established 16384 bind 16384)
[    1.630180] UDP hash table entries: 1024 (order: 3, 32768 bytes, linear)
[    1.632596] UDP-Lite hash table entries: 1024 (order: 3, 32768 bytes, linear)
[    1.635781] NET: Registered PF_UNIX/PF_LOCAL protocol family
[    1.643873] RPC: Registered named UNIX socket transport module.
[    1.646133] RPC: Registered udp transport module.
[    1.647574] RPC: Registered tcp transport module.
[    1.649207] RPC: Registered tcp NFSv4.1 backchannel transport module.
[    1.670347] pci_bus 0000:00: resource 4 [io  0x0000-0x0cf7 window]
[    1.672664] pci_bus 0000:00: resource 5 [io  0x0d00-0xffff window]
[    1.675839] pci_bus 0000:00: resource 6 [mem 0x000a0000-0x000bffff window]
[    1.679609] pci_bus 0000:00: resource 7 [mem 0x80000000-0xfebfffff window]
[    1.682195] pci_bus 0000:00: resource 8 [mem 0x100000000-0x17fffffff window]
[    1.686684] pci 0000:00:01.0: PIIX3: Enabling Passive Release
[    1.689414] pci 0000:00:00.0: Limiting direct PCI/PCI transfers
[    1.700733] pci 0000:00:00.0: quirk_natoma+0x0/0xb0 took 11073 usecs
[    1.702806] PCI: CLS 0 bytes, default 64
[    1.708319] Unpacking initramfs...
[    1.711670] RAPL PMU: API unit is 2^-32 Joules, 0 fixed counters, 10737418240 ms ovfl timer
[    1.714245] clocksource: tsc: mask: 0xffffffffffffffff max_cycles: 0x2b2c8ec87c7, max_idle_ns: 440795278598 ns
[    1.726421] Initialise system trusted keyrings
[    1.728297] workingset: timestamp_bits=56 max_order=19 bucket_order=0
[    1.742278] NFS: Registering the id_resolver key type
[    1.743769] Key type id_resolver registered
[    1.747662] Key type id_legacy registered
[    1.749770] 9p: Installing v9fs 9p2000 file system support
[    1.768323] Key type asymmetric registered
[    1.770821] Asymmetric key parser 'x509' registered
[    1.773757] Block layer SCSI generic (bsg) driver version 0.4 loaded (major 251)
[    1.776206] io scheduler mq-deadline registered
[    1.777827] io scheduler kyber registered
[    1.793217] input: Power Button as /devices/LNXSYSTM:00/LNXPWRBN:00/input/input0
[    1.800141] ACPI: button: Power Button [PWRF]
[    1.803721] Freeing initrd memory: 1336K
[    1.806898] Serial: 8250/16550 driver, 4 ports, IRQ sharing enabled
[    1.811143] 00:04: ttyS0 at I/O 0x3f8 (irq = 4, base_baud = 115200) is a 16550A
[    1.870214] Non-volatile memory driver v1.3
[    1.872223] Linux agpgart interface v0.103
[    1.879032] ACPI: bus type drm_connector registered
[    1.958955] loop: module loaded
[    1.973276] scsi host0: ata_piix
[    1.981703] scsi host1: ata_piix
[    1.984191] ata1: PATA max MWDMA2 cmd 0x1f0 ctl 0x3f6 bmdma 0xc040 irq 14
[    1.986120] ata2: PATA max MWDMA2 cmd 0x170 ctl 0x376 bmdma 0xc048 irq 15
[    2.002978] e100: Intel(R) PRO/100 Network Driver
[    2.004765] e100: Copyright(c) 1999-2006 Intel Corporation
[    2.007895] e1000: Intel(R) PRO/1000 Network Driver
[    2.009474] e1000: Copyright (c) 1999-2006 Intel Corporation.
[    2.147096] ata2: found unknown device (class 0)
[    2.149437] ata2.00: ATAPI: QEMU DVD-ROM, 2.5+, max UDMA/100
[    2.152688] scsi 1:0:0:0: CD-ROM            QEMU     QEMU DVD-ROM     2.5+ PQ: 0 ANSI: 5
[    2.177473] sr 1:0:0:0: [sr0] scsi3-mmc drive: 4x/4x cd/rw xa/form2 tray
[    2.179862] cdrom: Uniform CD-ROM driver Revision: 3.20
[    3.399016] ACPI: \_SB_.LNKC: Enabled at IRQ 11
[    3.892863] e1000 0000:00:03.0 eth0: (PCI:33MHz:32-bit) 52:54:00:12:34:56
[    3.897207] e1000 0000:00:03.0 eth0: Intel(R) PRO/1000 Network Connection
[    3.900180] e1000e: Intel(R) PRO/1000 Network Driver
[    3.901854] e1000e: Copyright(c) 1999 - 2015 Intel Corporation.
[    3.903780] sky2: driver version 1.30
[    3.907175] usbcore: registered new interface driver usblp
[    3.910227] usbcore: registered new interface driver usb-storage
[    3.914513] i8042: PNP: PS/2 Controller [PNP0303:KBD,PNP0f13:MOU] at 0x60,0x64 irq 1,12
[    3.925577] serio: i8042 KBD port at 0x60,0x64 irq 1
[    3.927235] serio: i8042 AUX port at 0x60,0x64 irq 12
[    3.932153] rtc_cmos 00:05: RTC can wake from S4
[    3.934997] input: AT Translated Set 2 keyboard as /devices/platform/i8042/serio0/input/input1
[    3.939623] rtc_cmos 00:05: registered as rtc0
[    3.941112] rtc_cmos 00:05: alarms up to one day, y3k, 242 bytes nvram, hpet irqs
[    3.951589] device-mapper: ioctl: 4.48.0-ioctl (2023-03-01) initialised: dm-devel@redhat.com
[    3.954863] intel_pstate: CPU model not supported
[    3.957654] hid: raw HID events driver (C) Jiri Kosina
[    3.988402] usbcore: registered new interface driver usbhid
[    3.989913] usbhid: USB HID core driver
[    4.024264] Initializing XFRM netlink socket
[    4.025783] NET: Registered PF_INET6 protocol family
[    4.039931] Segment Routing with IPv6
[    4.041539] In-situ OAM (IOAM) with IPv6
[    4.043498] sit: IPv6, IPv4 and MPLS over IPv4 tunneling driver
[    4.051758] NET: Registered PF_PACKET protocol family
[    4.054542] 9pnet: Installing 9P2000 support
[    4.056242] Key type dns_resolver registered
[    4.065594] IPI shorthand broadcast: enabled
[    4.161720] sched_clock: Marking stable (3973068285, 188363603)->(4488933392, -327501504)
[    4.167975] registered taskstats version 1
[    4.168910] Loading compiled-in X.509 certificates
[    4.225710] PM:   Magic number: 10:189:521
[    4.229221] printk: console [netcon0] enabled
[    4.230883] netconsole: network logging started
[    4.238117] cfg80211: Loading compiled-in X.509 certificates for regulatory database
[    4.242895] kworker/u4:2 (52) used greatest stack depth: 29536 bytes left
[    4.252776] Loaded X.509 cert 'sforshee: 00b28ddf47aef9cea7'
[    4.256013] platform regulatory.0: Direct firmware load for regulatory.db failed with error -2
[    4.258710] ALSA device list:
[    4.259262]   No soundcards found.
[    4.260051] cfg80211: failed to load regulatory.db
[    4.265890] Freeing unused kernel image (initmem) memory: 5644K
[    4.273956] Write protecting the kernel read-only data: 59392k
[    4.275765] Freeing unused kernel image (rodata/data gap) memory: 168K
[    4.292181] x86/mm: Checked W+X mappings: passed, no W+X pages found.
[    4.313791] Run /init as init process
[    4.346028] mount (56) used greatest stack depth: 28760 bytes left

secb: rootfs ready
---- poc begin ----
poc: userns+netns ready
poc:   err type=2566 err=-2 (No such file or directory)
poc: trigger-batch: sent (oks=4 errs=1)
poc:   err type=2562 err=-2 (No such file or directory)
poc: deltable: sent (oks=0 errs=1)
poc:   err type=2566 err=-2 (No such file or directory)
poc: trigger-batch: sent (oks=4 errs=1)
poc:   err type=2562 err=-2 (No such file or directory)
poc: deltable: sent (oks=0 errs=1)
poc:   err type=2566 err=-2 (No such file or directory)
poc: trigger-batch: sent (oks=4 errs=1)
poc:   err type=2562 err=-2 (No such file or directory)
poc: deltable: sent (oks=0 errs=1)
poc:   err type=2566 err=-2 (No such file or directory)
poc: trigger-batch: sent (oks=4 errs=1)
poc:   err type=2562 err=-2 (No such file or directory)
poc: deltable: sent (oks=0 errs=1)
poc:   err type=2566 err=-2 (No such file or directory)
poc: trigger-batch: sent (oks=4 errs=1)
[    4.574298] input: ImExPS/2 Generic Explorer Mouse as /devices/platform/i8042/serio1/input/input3
poc:   err type=2562 err=-2 (No such file or directory)
poc: deltable: sent (oks=0 errs=1)
poc:   err type=2566 err=-2 (No such file or directory)
poc: trigger-batch: sent (oks=4 errs=1)
poc:   err type=2562 err=-2 (No such file or directory)
poc: deltable: sent (oks=0 errs=1)
poc:   err type=2566 err=-2 (No such file or directory)
poc: trigger-batch: sent (oks=4 errs=1)
poc:   err type=2562 err=-2 (No such file or directory)
poc: deltable: sent (oks=0 errs=1)
poc:   err type=2566 err=-2 (No such file or directory)
poc: trigger-batch: sent (oks=4 errs=1)
poc:   err type=2562 err=-2 (No such file or directory)
poc: deltable: sent (oks=0 errs=1)
poc:   err type=2566 err=-2 (No such file or directory)
poc: trigger-batch: sent (oks=4 errs=1)
poc:   err type=2562 err=-2 (No such file or directory)
poc: deltable: sent (oks=0 errs=1)
poc:   err type=2566 err=-2 (No such file or directory)
poc: trigger-batch: sent (oks=4 errs=1)
poc:   err type=2562 err=-2 (No such file or directory)
poc: deltable: sent (oks=0 errs=1)
poc:   err type=2566 err=-2 (No such file or directory)
poc: trigger-batch: sent (oks=4 errs=1)
poc:   err type=2562 err=-2 (No such file or directory)
poc: deltable: sent (oks=0 errs=1)
poc:   err type=2566 err=-2 (No such file or directory)
poc: trigger-batch: sent (oks=4 errs=1)
poc:   err type=2562 err=-2 (No such file or directory)
poc: deltable: sent (oks=0 errs=1)
poc:   err type=2566 err=-2 (No such file or directory)
poc: trigger-batch: sent (oks=4 errs=1)
poc:   err type=2562 err=-2 (No such file or directory)
poc: deltable: sent (oks=0 errs=1)
poc:   err type=2566 err=-2 (No such file or directory)
poc: trigger-batch: sent (oks=4 errs=1)
poc:   err type=2562 err=-2 (No such file or directory)
poc: deltable: sent (oks=0 errs=1)
poc:   err type=2566 err=-2 (No such file or directory)
poc: trigger-batch: sent (oks=4 errs=1)
poc:   err type=2562 err=-2 (No such file or directory)
poc: deltable: sent (oks=0 errs=1)
poc:   err type=2566 err=-2 (No such file or directory)
poc: trigger-batch: sent (oks=4 errs=1)
poc:   err type=2562 err=-2 (No such file or directory)
poc: deltable: sent (oks=0 errs=1)
poc:   err type=2566 err=-2 (No such file or directory)
poc: trigger-batch: sent (oks=4 errs=1)
poc:   err type=2562 err=-2 (No such file or directory)
poc: deltable: sent (oks=0 errs=1)
poc:   err type=2566 err=-2 (No such file or directory)
poc: trigger-batch: sent (oks=4 errs=1)
poc:   err type=2562 err=-2 (No such file or directory)
poc: deltable: sent (oks=0 errs=1)
poc:   err type=2566 err=-2 (No such file or directory)
poc: trigger-batch: sent (oks=4 errs=1)
poc:   err type=2562 err=-2 (No such file or directory)
poc: deltable: sent (oks=0 errs=1)
poc:   err type=2566 err=-2 (No such file or directory)
poc: trigger-batch: sent (oks=4 errs=1)
poc:   err type=2562 err=-2 (No such file or directory)
poc: deltable: sent (oks=0 errs=1)
poc:   err type=2566 err=-2 (No such file or directory)
poc: trigger-batch: sent (oks=4 errs=1)
poc:   err type=2562 err=-2 (No such file or directory)
poc: deltable: sent (oks=0 errs=1)
poc:   err type=2566 err=-2 (No such file or directory)
poc: trigger-batch: sent (oks=4 errs=1)
poc:   err type=2562 err=-2 (No such file or directory)
poc: deltable: sent (oks=0 errs=1)
poc:   err type=2566 err=-2 (No such file or directory)
poc: trigger-batch: sent (oks=4 errs=1)
poc:   err type=2562 err=-2 (No such file or directory)
poc: deltable: sent (oks=0 errs=1)
poc:   err type=2566 err=-2 (No such file or directory)
poc: trigger-batch: sent (oks=4 errs=1)
poc:   err type=2562 err=-2 (No such file or directory)
poc: deltable: sent (oks=0 errs=1)
poc:   err type=2566 err=-2 (No such file or directory)
poc: trigger-batch: sent (oks=4 errs=1)
poc:   err type=2562 err=-2 (No such file or directory)
poc: deltable: sent (oks=0 errs=1)
poc:   err type=2566 err=-2 (No such file or directory)
poc: trigger-batch: sent (oks=4 errs=1)
poc:   err type=2562 err=-2 (No such file or directory)
poc: deltable: sent (oks=0 errs=1)
poc:   err type=2566 err=-2 (No such file or directory)
poc: trigger-batch: sent (oks=4 errs=1)
poc:   err type=2562 err=-2 (No such file or directory)
poc: deltable: sent (oks=0 errs=1)
poc:   err type=2566 err=-2 (No such file or directory)
poc: trigger-batch: sent (oks=4 errs=1)
poc:   err type=2562 err=-2 (No such file or directory)
poc: deltable: sent (oks=0 errs=1)
poc:   err type=2566 err=-2 (No such file or directory)
poc: trigger-batch: sent (oks=4 errs=1)
poc:   err type=2562 err=-2 (No such file or directory)
poc: deltable: sent (oks=0 errs=1)
poc:   err type=2566 err=-2 (No such file or directory)
poc: trigger-batch: sent (oks=4 errs=1)
poc:   err type=2562 err=-2 (No such file or directory)
poc: deltable: sent (oks=0 errs=1)
poc:   err type=2566 err=-2 (No such file or directory)
poc: trigger-batch: sent (oks=4 errs=1)
poc:   err type=2562 err=-2 (No such file or directory)
poc: deltable: sent (oks=0 errs=1)
poc:   err type=2566 err=-2 (No such file or directory)
poc: trigger-batch: sent (oks=4 errs=1)
poc:   err type=2562 err=-2 (No such file or directory)
poc: deltable: sent (oks=0 errs=1)
poc: done
[    6.141534] poc (62) used greatest stack depth: 26576 bytes left
---- poc end rc=0 ----
secb: poc exited without crashing the kernel
[    7.578216] ACPI: PM: Preparing to enter system sleep state S5
[    7.579677] reboot: Power down
NO_CRASH_DETECTED
