bash: warning: setlocale: LC_ALL: cannot change locale (en_US.UTF-8)
c[?7l[2J[0mSeaBIOS (version 1.16.2-debian-1.16.2-1)


iPXE (http://ipxe.org) 00:03.0 CA00 PCI2.10 PnP PMM+7EFCEF00+7EF0EF00 CA00
Press Ctrl-B to configure iPXE (PCI 00:03.0)...                                                                               


Booting from ROM..c[?7l[2J[    0.000000] Linux version 6.13.0-rc7-00116-g598856d91830-dirty (root@buildkitsandbox) (gcc (Debian 12.2.0-14+deb12u1) 12.2.0, GNU ld (GNU Binutils for Debian) 2.40) #2 SMP PREEMPT_DYNAMIC Tue May  5 15:48:37 UTC 2026
[    0.000000] Command line: console=ttyS0 oops=panic nokaslr rdinit=/init
[    0.000000] BIOS-provided physical RAM map:
[    0.000000] BIOS-e820: [mem 0x0000000000000000-0x000000000009fbff] usable
[    0.000000] BIOS-e820: [mem 0x000000000009fc00-0x000000000009ffff] reserved
[    0.000000] BIOS-e820: [mem 0x00000000000f0000-0x00000000000fffff] reserved
[    0.000000] BIOS-e820: [mem 0x0000000000100000-0x000000007ffdffff] usable
[    0.000000] BIOS-e820: [mem 0x000000007ffe0000-0x000000007fffffff] reserved
[    0.000000] BIOS-e820: [mem 0x00000000feffc000-0x00000000feffffff] reserved
[    0.000000] BIOS-e820: [mem 0x00000000fffc0000-0x00000000ffffffff] reserved
[    0.000000] NX (Execute Disable) protection: active
[    0.000000] APIC: Static calls initialized
[    0.000000] SMBIOS 2.8 present.
[    0.000000] DMI: QEMU Standard PC (i440FX + PIIX, 1996), BIOS 1.16.2-debian-1.16.2-1 04/01/2014
[    0.000000] DMI: Memory slots populated: 1/1
[    0.000000] Hypervisor detected: KVM
[    0.000000] kvm-clock: Using msrs 4b564d01 and 4b564d00
[    0.000000] kvm-clock: using sched offset of 306279960 cycles
[    0.000002] clocksource: kvm-clock: mask: 0xffffffffffffffff max_cycles: 0x1cd42e4dffb, max_idle_ns: 881590591483 ns
[    0.000005] tsc: Detected 3187.200 MHz processor
[    0.000304] last_pfn = 0x7ffe0 max_arch_pfn = 0x400000000
[    0.000322] MTRR map: 4 entries (3 fixed + 1 variable; max 19), built from 8 variable MTRRs
[    0.000324] x86/PAT: Configuration [0-7]: WB  WC  UC- UC  WB  WP  UC- WT  
[    0.002011] found SMP MP-table at [mem 0x000f5ba0-0x000f5baf]
[    0.002016] Using GB pages for direct mapping
[    0.002112] RAMDISK: [mem 0x7fe8f000-0x7ffdffff]
[    0.002116] ACPI: Early table checksum verification disabled
[    0.002117] ACPI: RSDP 0x00000000000F59D0 000014 (v00 BOCHS )
[    0.002119] ACPI: RSDT 0x000000007FFE1B33 000034 (v01 BOCHS  BXPC     00000001 BXPC 00000001)
[    0.002124] ACPI: FACP 0x000000007FFE19DF 000074 (v01 BOCHS  BXPC     00000001 BXPC 00000001)
[    0.002127] ACPI: DSDT 0x000000007FFE0040 00199F (v01 BOCHS  BXPC     00000001 BXPC 00000001)
[    0.002129] ACPI: FACS 0x000000007FFE0000 000040
[    0.002130] ACPI: APIC 0x000000007FFE1A53 000080 (v01 BOCHS  BXPC     00000001 BXPC 00000001)
[    0.002132] ACPI: HPET 0x000000007FFE1AD3 000038 (v01 BOCHS  BXPC     00000001 BXPC 00000001)
[    0.002133] ACPI: WAET 0x000000007FFE1B0B 000028 (v01 BOCHS  BXPC     00000001 BXPC 00000001)
[    0.002134] ACPI: Reserving FACP table memory at [mem 0x7ffe19df-0x7ffe1a52]
[    0.002135] ACPI: Reserving DSDT table memory at [mem 0x7ffe0040-0x7ffe19de]
[    0.002136] ACPI: Reserving FACS table memory at [mem 0x7ffe0000-0x7ffe003f]
[    0.002136] ACPI: Reserving APIC table memory at [mem 0x7ffe1a53-0x7ffe1ad2]
[    0.002137] ACPI: Reserving HPET table memory at [mem 0x7ffe1ad3-0x7ffe1b0a]
[    0.002137] ACPI: Reserving WAET table memory at [mem 0x7ffe1b0b-0x7ffe1b32]
[    0.002308] No NUMA configuration found
[    0.002308] Faking a node at [mem 0x0000000000000000-0x000000007ffdffff]
[    0.002310] NODE_DATA(0) allocated [mem 0x7fe8b940-0x7fe8efff]
[    0.002317] Zone ranges:
[    0.002317]   DMA      [mem 0x0000000000001000-0x0000000000ffffff]
[    0.002318]   DMA32    [mem 0x0000000001000000-0x000000007ffdffff]
[    0.002319]   Normal   empty
[    0.002320] Movable zone start for each node
[    0.002320] Early memory node ranges
[    0.002320]   node   0: [mem 0x0000000000001000-0x000000000009efff]
[    0.002321]   node   0: [mem 0x0000000000100000-0x000000007ffdffff]
[    0.002322] Initmem setup node 0 [mem 0x0000000000001000-0x000000007ffdffff]
[    0.003374] On node 0, zone DMA: 1 pages in unavailable ranges
[    0.003410] On node 0, zone DMA: 97 pages in unavailable ranges
[    0.018745] On node 0, zone DMA32: 32 pages in unavailable ranges
[    0.284642] kasan: KernelAddressSanitizer initialized
[    0.284842] ACPI: PM-Timer IO Port: 0x608
[    0.284852] ACPI: LAPIC_NMI (acpi_id[0xff] dfl dfl lint[0x1])
[    0.284880] IOAPIC[0]: apic_id 0, version 17, address 0xfec00000, GSI 0-23
[    0.284883] ACPI: INT_SRC_OVR (bus 0 bus_irq 0 global_irq 2 dfl dfl)
[    0.284884] ACPI: INT_SRC_OVR (bus 0 bus_irq 5 global_irq 5 high level)
[    0.284889] ACPI: INT_SRC_OVR (bus 0 bus_irq 9 global_irq 9 high level)
[    0.284890] ACPI: INT_SRC_OVR (bus 0 bus_irq 10 global_irq 10 high level)
[    0.284891] ACPI: INT_SRC_OVR (bus 0 bus_irq 11 global_irq 11 high level)
[    0.284893] ACPI: Using ACPI (MADT) for SMP configuration information
[    0.284894] ACPI: HPET id: 0x8086a201 base: 0xfed00000
[    0.284896] TSC deadline timer available
[    0.284899] CPU topo: Max. logical packages:   1
[    0.284899] CPU topo: Max. logical dies:       1
[    0.284900] CPU topo: Max. dies per package:   1
[    0.284902] CPU topo: Max. threads per core:   1
[    0.284902] CPU topo: Num. cores per package:     2
[    0.284903] CPU topo: Num. threads per package:   2
[    0.284903] CPU topo: Allowing 2 present CPUs plus 0 hotplug CPUs
[    0.284915] kvm-guest: APIC: eoi() replaced with kvm_guest_apic_eoi_write()
[    0.284927] kvm-guest: KVM setup pv remote TLB flush
[    0.284929] kvm-guest: setup PV sched yield
[    0.284934] PM: hibernation: Registered nosave memory: [mem 0x00000000-0x00000fff]
[    0.284935] PM: hibernation: Registered nosave memory: [mem 0x0009f000-0x0009ffff]
[    0.284936] PM: hibernation: Registered nosave memory: [mem 0x000a0000-0x000effff]
[    0.284936] PM: hibernation: Registered nosave memory: [mem 0x000f0000-0x000fffff]
[    0.284937] [mem 0x80000000-0xfeffbfff] available for PCI devices
[    0.284938] Booting paravirtualized kernel on KVM
[    0.284940] clocksource: refined-jiffies: mask: 0xffffffff max_cycles: 0xffffffff, max_idle_ns: 1910969940391419 ns
[    0.293225] setup_percpu: NR_CPUS:64 nr_cpumask_bits:2 nr_cpu_ids:2 nr_node_ids:1
[    0.294319] percpu: Embedded 68 pages/cpu s240920 r8192 d29416 u1048576
[    0.294345] Kernel command line: console=ttyS0 oops=panic nokaslr rdinit=/init
[    0.294386] random: crng init done
[    0.294387] printk: log buffer data + meta data: 262144 + 917504 = 1179648 bytes
[    0.294442] Dentry cache hash table entries: 262144 (order: 9, 2097152 bytes, linear)
[    0.295314] Inode-cache hash table entries: 131072 (order: 8, 1048576 bytes, linear)
[    0.295346] Fallback order for Node 0: 0 
[    0.295348] Built 1 zonelists, mobility grouping on.  Total pages: 524158
[    0.295349] Policy zone: DMA32
[    0.295350] mem auto-init: stack:all(zero), heap alloc:off, heap free:off
[    0.295350] stackdepot: allocating hash table via alloc_large_system_hash
[    0.295351] stackdepot hash table entries: 1048576 (order: 12, 16777216 bytes, linear)
[    0.323642] SLUB: HWalign=64, Order=0-3, MinObjects=0, CPUs=2, Nodes=1
[    0.324625] Dynamic Preempt: voluntary
[    0.326127] rcu: Preemptible hierarchical RCU implementation.
[    0.326129] rcu: 	RCU event tracing is enabled.
[    0.326129] rcu: 	RCU restricting CPUs from NR_CPUS=64 to nr_cpu_ids=2.
[    0.326130] 	Trampoline variant of Tasks RCU enabled.
[    0.326131] 	Tracing variant of Tasks RCU enabled.
[    0.326131] rcu: RCU calculated value of scheduler-enlistment delay is 100 jiffies.
[    0.326132] rcu: Adjusting geometry for rcu_fanout_leaf=16, nr_cpu_ids=2
[    0.326145] RCU Tasks: Setting shift to 1 and lim to 1 rcu_task_cb_adjust=1 rcu_task_cpu_ids=2.
[    0.326147] RCU Tasks Trace: Setting shift to 1 and lim to 1 rcu_task_cb_adjust=1 rcu_task_cpu_ids=2.
[    0.333768] NR_IRQS: 4352, nr_irqs: 440, preallocated irqs: 16
[    0.334003] rcu: srcu_init: Setting srcu_struct sizes based on contention.
[    0.336196] Console: colour VGA+ 80x25
[    0.336226] printk: legacy console [ttyS0] enabled
[    0.374562] ACPI: Core revision 20240827
[    0.374896] clocksource: hpet: mask: 0xffffffff max_cycles: 0xffffffff, max_idle_ns: 19112604467 ns
[    0.375445] APIC: Switch to symmetric I/O mode setup
[    0.375721] kvm-guest: APIC: send_IPI_mask() replaced with kvm_send_ipi_mask()
[    0.376118] kvm-guest: APIC: send_IPI_mask_allbutself() replaced with kvm_send_ipi_mask_allbutself()
[    0.376629] kvm-guest: setup PV IPIs
[    0.377443] ..TIMER: vector=0x30 apic1=0 pin1=2 apic2=-1 pin2=-1
[    0.377784] clocksource: tsc-early: mask: 0xffffffffffffffff max_cycles: 0x2df10e7656b, max_idle_ns: 440795364873 ns
[    0.378359] Calibrating delay loop (skipped) preset value.. 6374.40 BogoMIPS (lpj=3187200)
[    0.379435] x86/cpu: User Mode Instruction Prevention (UMIP) activated
[    0.379839] Last level iTLB entries: 4KB 0, 2MB 0, 4MB 0
[    0.380357] Last level dTLB entries: 4KB 0, 2MB 0, 4MB 0, 1GB 0
[    0.380686] Spectre V1 : Mitigation: usercopy/swapgs barriers and __user pointer sanitization
[    0.381150] Spectre V2 : Spectre BHI mitigation: SW BHB clearing on syscall and VM exit
[    0.381357] Spectre V2 : Mitigation: Enhanced / Automatic IBRS
[    0.381678] Spectre V2 : Spectre v2 / SpectreRSB mitigation: Filling RSB on context switch
[    0.382357] Spectre V2 : Spectre v2 / PBRSB-eIBRS: Retire a single CALL on VMEXIT
[    0.382769] Spectre V2 : mitigation: Enabling conditional Indirect Branch Prediction Barrier
[    0.383357] Speculative Store Bypass: Mitigation: Speculative Store Bypass disabled via prctl
[    0.383826] MMIO Stale Data: Unknown: No mitigations
[    0.384099] Register File Data Sampling: Vulnerable: No microcode
[    0.384368] x86/fpu: Supporting XSAVE feature 0x001: 'x87 floating point registers'
[    0.384800] x86/fpu: Supporting XSAVE feature 0x002: 'SSE registers'
[    0.385158] x86/fpu: Supporting XSAVE feature 0x004: 'AVX registers'
[    0.385357] x86/fpu: Supporting XSAVE feature 0x200: 'Protection Keys User registers'
[    0.385799] x86/fpu: xstate_offset[2]:  576, xstate_sizes[2]:  256
[    0.386357] x86/fpu: xstate_offset[9]:  832, xstate_sizes[9]:    8
[    0.386708] x86/fpu: Enabled xstate features 0x207, context size is 840 bytes, using 'compacted' format.
[    0.402781] Freeing SMP alternatives memory: 48K
[    0.403104] pid_max: default: 32768 minimum: 301
[    0.403398] LSM: initializing lsm=capability,selinux
[    0.403701] SELinux:  Initializing.
[    0.404362] Mount-cache hash table entries: 4096 (order: 3, 32768 bytes, linear)
[    0.404807] Mountpoint-cache hash table entries: 4096 (order: 3, 32768 bytes, linear)
[    0.405766] smpboot: CPU0: Intel(R) Core(TM) i9-14900K (family: 0x6, model: 0xb7, stepping: 0x1)
[    0.406356] Performance Events: unsupported p6 CPU model 183 no PMU driver, software events only.
[    0.406384] signal: max sigframe size: 3632
[    0.406653] rcu: Hierarchical SRCU implementation.
[    0.406925] rcu: 	Max phase no-delay instances is 400.
[    0.407272] Timer migration: 1 hierarchy levels; 8 children per group; 1 crossnode level
[    0.407699] smp: Bringing up secondary CPUs ...
[    0.408069] smpboot: x86: Booting SMP configuration:
[    0.408351] .... node  #0, CPUs:      #1
[    0.408466] smp: Brought up 1 node, 2 CPUs
[    0.408844] smpboot: Total of 2 processors activated (12748.80 BogoMIPS)
[    0.409498] Memory: 1675384K/2096632K available (51200K kernel code, 8665K rwdata, 11200K rodata, 6004K init, 1448K bss, 416196K reserved, 0K cma-reserved)
[    0.411415] devtmpfs: initialized
[    0.413556] clocksource: jiffies: mask: 0xffffffff max_cycles: 0xffffffff, max_idle_ns: 1911260446275000 ns
[    0.413556] futex hash table entries: 512 (order: 3, 32768 bytes, linear)
[    0.413858] PM: RTC time: 15:52:25, date: 2026-05-05
[    0.414265] NET: Registered PF_NETLINK/PF_ROUTE protocol family
[    0.415540] audit: initializing netlink subsys (disabled)
[    0.415864] audit: type=2000 audit(1777996345.962:1): state=initialized audit_enabled=0 res=1
[    0.415864] thermal_sys: Registered thermal governor 'step_wise'
[    0.416360] thermal_sys: Registered thermal governor 'user_space'
[    0.417201] cpuidle: using governor menu
[    0.417777] PCI: Using configuration type 1 for base access
[    0.418136] kprobes: kprobe jump-optimization is enabled. All kprobes are optimized if possible.
[    0.418435] HugeTLB: registered 2.00 MiB page size, pre-allocated 0 pages
[    0.418813] HugeTLB: 28 KiB vmemmap can be freed for a 2.00 MiB page
[    0.419398] ACPI: Added _OSI(Module Device)
[    0.419398] ACPI: Added _OSI(Processor Device)
[    0.419398] ACPI: Added _OSI(3.0 _SCP Extensions)
[    0.419632] ACPI: Added _OSI(Processor Aggregator Device)
[    0.427545] ACPI: 1 ACPI AML tables successfully acquired and loaded
[    0.434565] ACPI: Interpreter enabled
[    0.434817] ACPI: PM: (supports S0 S3 S4 S5)
[    0.435073] ACPI: Using IOAPIC for interrupt routing
[    0.435383] PCI: Using host bridge windows from ACPI; if necessary, use "pci=nocrs" and report a bug
[    0.435915] PCI: Using E820 reservations for host bridge windows
[    0.436648] ACPI: Enabled 2 GPEs in block 00 to 0F
[    0.448276] ACPI: PCI Root Bridge [PCI0] (domain 0000 [bus 00-ff])
[    0.448365] acpi PNP0A03:00: _OSC: OS supports [ASPM ClockPM Segments MSI HPX-Type3]
[    0.448822] acpi PNP0A03:00: _OSC: not requesting OS control; OS requires [ExtendedConfig ASPM ClockPM MSI]
[    0.449404] acpi PNP0A03:00: fail to add MMCONFIG information, can't access extended configuration space under this bridge
[    0.450194] PCI host bridge to bus 0000:00
[    0.450379] pci_bus 0000:00: root bus resource [io  0x0000-0x0cf7 window]
[    0.450780] pci_bus 0000:00: root bus resource [io  0x0d00-0xffff window]
[    0.451174] pci_bus 0000:00: root bus resource [mem 0x000a0000-0x000bffff window]
[    0.452359] pci_bus 0000:00: root bus resource [mem 0x80000000-0xfebfffff window]
[    0.452806] pci_bus 0000:00: root bus resource [mem 0x100000000-0x17fffffff window]
[    0.453252] pci_bus 0000:00: root bus resource [bus 00-ff]
[    0.453386] pci 0000:00:00.0: [8086:1237] type 00 class 0x060000 conventional PCI endpoint
[    0.457597] pci 0000:00:01.0: [8086:7000] type 00 class 0x060100 conventional PCI endpoint
[    0.461785] pci 0000:00:01.1: [8086:7010] type 00 class 0x010180 conventional PCI endpoint
[    0.463243] pci 0000:00:01.1: BAR 4 [io  0xc040-0xc04f]
[    0.463734] pci 0000:00:01.1: BAR 0 [io  0x01f0-0x01f7]: legacy IDE quirk
[    0.464133] pci 0000:00:01.1: BAR 1 [io  0x03f6]: legacy IDE quirk
[    0.464358] pci 0000:00:01.1: BAR 2 [io  0x0170-0x0177]: legacy IDE quirk
[    0.464777] pci 0000:00:01.1: BAR 3 [io  0x0376]: legacy IDE quirk
[    0.465291] pci 0000:00:01.3: [8086:7113] type 00 class 0x068000 conventional PCI endpoint
[    0.466584] pci 0000:00:01.3: quirk: [io  0x0600-0x063f] claimed by PIIX4 ACPI
[    0.467006] pci 0000:00:01.3: quirk: [io  0x0700-0x070f] claimed by PIIX4 SMB
[    0.467514] pci 0000:00:02.0: [1234:1111] type 00 class 0x030000 conventional PCI endpoint
[    0.468512] pci 0000:00:02.0: BAR 0 [mem 0xfd000000-0xfdffffff pref]
[    0.469476] pci 0000:00:02.0: BAR 2 [mem 0xfebf0000-0xfebf0fff]
[    0.471334] pci 0000:00:02.0: ROM [mem 0xfebe0000-0xfebeffff pref]
[    0.471407] pci 0000:00:02.0: Video device with shadowed ROM at [mem 0x000c0000-0x000dffff]
[    0.475442] pci 0000:00:03.0: [8086:100e] type 00 class 0x020000 conventional PCI endpoint
[    0.476358] pci 0000:00:03.0: BAR 0 [mem 0xfebc0000-0xfebdffff]
[    0.477142] pci 0000:00:03.0: BAR 1 [io  0xc000-0xc03f]
[    0.479062] pci 0000:00:03.0: ROM [mem 0xfeb80000-0xfebbffff pref]
[    0.483812] ACPI: PCI: Interrupt link LNKA configured for IRQ 10
[    0.484577] ACPI: PCI: Interrupt link LNKB configured for IRQ 10
[    0.485298] ACPI: PCI: Interrupt link LNKC configured for IRQ 11
[    0.486691] ACPI: PCI: Interrupt link LNKD configured for IRQ 11
[    0.487177] ACPI: PCI: Interrupt link LNKS configured for IRQ 9
[    0.488261] iommu: Default domain type: Translated
[    0.488358] iommu: DMA domain TLB invalidation policy: lazy mode
[    0.488969] SCSI subsystem initialized
[    0.489434] ACPI: bus type USB registered
[    0.489434] usbcore: registered new interface driver usbfs
[    0.489727] usbcore: registered new interface driver hub
[    0.490047] usbcore: registered new device driver usb
[    0.491397] pps_core: LinuxPPS API ver. 1 registered
[    0.491705] pps_core: Software ver. 5.3.6 - Copyright 2005-2007 Rodolfo Giometti <giometti@linux.it>
[    0.492256] PTP clock support registered
[    0.492414] Advanced Linux Sound Architecture Driver Initialized.
[    0.493098] NetLabel: Initializing
[    0.493358] NetLabel:  domain hash size = 128
[    0.493614] NetLabel:  protocols = UNLABELED CIPSOv4 CALIPSO
[    0.493974] NetLabel:  unlabeled traffic allowed by default
[    0.494410] PCI: Using ACPI for IRQ routing
[    0.495371] pci 0000:00:02.0: vgaarb: setting as boot VGA device
[    0.495717] pci 0000:00:02.0: vgaarb: bridge control possible
[    0.496053] pci 0000:00:02.0: vgaarb: VGA device added: decodes=io+mem,owns=io+mem,locks=none
[    0.496358] vgaarb: loaded
[    0.496571] hpet0: at MMIO 0xfed00000, IRQs 2, 8, 0
[    0.496857] hpet0: 3 comparators, 64-bit 100.000000 MHz counter
[    0.501401] clocksource: Switched to clocksource kvm-clock
[    0.501935] VFS: Disk quotas dquot_6.6.0
[    0.502174] VFS: Dquot-cache hash table entries: 512 (order 0, 4096 bytes)
[    0.502805] pnp: PnP ACPI init
[    0.503950] pnp: PnP ACPI: found 6 devices
[    0.513320] clocksource: acpi_pm: mask: 0xffffff max_cycles: 0xffffff, max_idle_ns: 2085701024 ns
[    0.513873] NET: Registered PF_INET protocol family
[    0.514203] IP idents hash table entries: 32768 (order: 6, 262144 bytes, linear)
[    0.515040] tcp_listen_portaddr_hash hash table entries: 1024 (order: 2, 16384 bytes, linear)
[    0.515541] Table-perturb hash table entries: 65536 (order: 6, 262144 bytes, linear)
[    0.515995] TCP established hash table entries: 16384 (order: 5, 131072 bytes, linear)
[    0.518092] TCP bind hash table entries: 16384 (order: 7, 524288 bytes, linear)
[    0.518550] TCP: Hash tables configured (established 16384 bind 16384)
[    0.518958] UDP hash table entries: 1024 (order: 4, 65536 bytes, linear)
[    0.519360] UDP-Lite hash table entries: 1024 (order: 4, 65536 bytes, linear)
[    0.519834] NET: Registered PF_UNIX/PF_LOCAL protocol family
[    0.520354] RPC: Registered named UNIX socket transport module.
[    0.520701] RPC: Registered udp transport module.
[    0.520980] RPC: Registered tcp transport module.
[    0.521256] RPC: Registered tcp-with-tls transport module.
[    0.521578] RPC: Registered tcp NFSv4.1 backchannel transport module.
[    0.522261] pci_bus 0000:00: resource 4 [io  0x0000-0x0cf7 window]
[    0.522630] pci_bus 0000:00: resource 5 [io  0x0d00-0xffff window]
[    0.522996] pci_bus 0000:00: resource 6 [mem 0x000a0000-0x000bffff window]
[    0.523399] pci_bus 0000:00: resource 7 [mem 0x80000000-0xfebfffff window]
[    0.523796] pci_bus 0000:00: resource 8 [mem 0x100000000-0x17fffffff window]
[    0.524280] pci 0000:00:01.0: PIIX3: Enabling Passive Release
[    0.524622] pci 0000:00:00.0: Limiting direct PCI/PCI transfers
[    0.524994] PCI: CLS 0 bytes, default 64
[    0.525278] RAPL PMU: API unit is 2^-32 Joules, 0 fixed counters, 10737418240 ms ovfl timer
[    0.525356] Unpacking initramfs...
[    0.525773] clocksource: tsc: mask: 0xffffffffffffffff max_cycles: 0x2df10e7656b, max_idle_ns: 440795364873 ns
[    0.528476] Initialise system trusted keyrings
[    0.528795] workingset: timestamp_bits=56 max_order=19 bucket_order=0
[    0.529537] NFS: Registering the id_resolver key type
[    0.529840] Key type id_resolver registered
[    0.530088] Key type id_legacy registered
[    0.530378] 9p: Installing v9fs 9p2000 file system support
[    0.537705] Key type asymmetric registered
[    0.537991] Asymmetric key parser 'x509' registered
[    0.538316] Block layer SCSI generic (bsg) driver version 0.4 loaded (major 251)
[    0.538772] io scheduler mq-deadline registered
[    0.539041] io scheduler kyber registered
[    0.539577] input: Power Button as /devices/LNXSYSTM:00/LNXPWRBN:00/input/input0
[    0.540103] ACPI: button: Power Button [PWRF]
[    0.540478] Freeing initrd memory: 1348K
[    0.540931] Serial: 8250/16550 driver, 4 ports, IRQ sharing enabled
[    0.541461] 00:04: ttyS0 at I/O 0x3f8 (irq = 4, base_baud = 115200) is a 16550A
[    0.542564] Non-volatile memory driver v1.3
[    0.542811] Linux agpgart interface v0.103
[    0.543123] ACPI: bus type drm_connector registered
[    0.548451] loop: module loaded
[    0.549701] scsi host0: ata_piix
[    0.550093] scsi host1: ata_piix
[    0.550373] ata1: PATA max MWDMA2 cmd 0x1f0 ctl 0x3f6 bmdma 0xc040 irq 14 lpm-pol 0
[    0.550815] ata2: PATA max MWDMA2 cmd 0x170 ctl 0x376 bmdma 0xc048 irq 15 lpm-pol 0
[    0.551892] e100: Intel(R) PRO/100 Network Driver
[    0.552169] e100: Copyright(c) 1999-2006 Intel Corporation
[    0.552647] e1000: Intel(R) PRO/1000 Network Driver
[    0.552932] e1000: Copyright (c) 1999-2006 Intel Corporation.
[    0.705446] ata2: found unknown device (class 0)
[    0.706139] ata2.00: ATAPI: QEMU DVD-ROM, 2.5+, max UDMA/100
[    0.707236] scsi 1:0:0:0: CD-ROM            QEMU     QEMU DVD-ROM     2.5+ PQ: 0 ANSI: 5
[    0.725680] sr 1:0:0:0: [sr0] scsi3-mmc drive: 4x/4x cd/rw xa/form2 tray
[    0.726081] cdrom: Uniform CD-ROM driver Revision: 3.20
[    0.738784] sr 1:0:0:0: Attached scsi generic sg0 type 5
[    0.839023] ACPI: \_SB_.LNKC: Enabled at IRQ 11
[    1.123834] e1000 0000:00:03.0 eth0: (PCI:33MHz:32-bit) 52:54:00:12:34:56
[    1.124237] e1000 0000:00:03.0 eth0: Intel(R) PRO/1000 Network Connection
[    1.124660] e1000e: Intel(R) PRO/1000 Network Driver
[    1.124956] e1000e: Copyright(c) 1999 - 2015 Intel Corporation.
[    1.125360] sky2: driver version 1.30
[    1.125886] usbcore: registered new interface driver usblp
[    1.126228] usbcore: registered new interface driver usb-storage
[    1.126636] i8042: PNP: PS/2 Controller [PNP0303:KBD,PNP0f13:MOU] at 0x60,0x64 irq 1,12
[    1.127562] serio: i8042 KBD port at 0x60,0x64 irq 1
[    1.127861] serio: i8042 AUX port at 0x60,0x64 irq 12
[    1.128494] input: AT Translated Set 2 keyboard as /devices/platform/i8042/serio0/input/input1
[    1.129078] rtc_cmos 00:05: RTC can wake from S4
[    1.129952] rtc_cmos 00:05: registered as rtc0
[    1.130279] rtc_cmos 00:05: alarms up to one day, y3k, 242 bytes nvram, hpet irqs
[    1.131380] device-mapper: ioctl: 4.48.0-ioctl (2023-03-01) initialised: dm-devel@lists.linux.dev
[    1.131915] intel_pstate: CPU model not supported
[    1.132217] hid: raw HID events driver (C) Jiri Kosina
[    1.132744] usbcore: registered new interface driver usbhid
[    1.133067] usbhid: USB HID core driver
[    1.135230] Initializing XFRM netlink socket
[    1.135585] NET: Registered PF_INET6 protocol family
[    1.136343] Segment Routing with IPv6
[    1.136589] In-situ OAM (IOAM) with IPv6
[    1.136853] sit: IPv6, IPv4 and MPLS over IPv4 tunneling driver
[    1.137419] NET: Registered PF_PACKET protocol family
[    1.137743] 9pnet: Installing 9P2000 support
[    1.138008] Key type dns_resolver registered
[    1.138505] IPI shorthand broadcast: enabled
[    1.148027] sched_clock: Marking stable (1105001160, 42348057)->(1150146887, -2797670)
[    1.148640] registered taskstats version 1
[    1.148874] Loading compiled-in X.509 certificates
[    1.157398] Demotion targets for Node 0: null
[    1.157754] PM:   Magic number: 10:299:891
[    1.158011] event_source msr: hash matches
[    1.158275] printk: legacy console [netcon0] enabled
[    1.158586] netconsole: network logging started
[    1.159437] cfg80211: Loading compiled-in X.509 certificates for regulatory database
[    1.160178] kworker/u8:1 (56) used greatest stack depth: 29472 bytes left
[    1.160940] Loaded X.509 cert 'sforshee: 00b28ddf47aef9cea7'
[    1.161401] Loaded X.509 cert 'wens: 61c038651aabdcf94bd0ac7ff06c7248db18c600'
[    1.161863] platform regulatory.0: Direct firmware load for regulatory.db failed with error -2
[    1.162365] cfg80211: failed to load regulatory.db
[    1.162658] ALSA device list:
[    1.162833]   No soundcards found.
[    1.163788] Freeing unused kernel image (initmem) memory: 6004K
[    1.164033] Write protecting the kernel read-only data: 63488k
[    1.164486] Freeing unused kernel image (rodata/data gap) memory: 1088K
[    1.172994] x86/mm: Checked W+X mappings: passed, no W+X pages found.
[    1.173289] Run /init as init process
[    1.173961] mkdir (59) used greatest stack depth: 28872 bytes left
[    1.174435] mount (60) used greatest stack depth: 28304 bytes left
[    1.176010] mount (64) used greatest stack depth: 28208 bytes left

secb: rootfs ready
---- poc begin ----
poc: starting
poc: entered user+net namespace
poc: lo is up
poc: root DRR 1: added
poc: class 1:1 (drr, q=0x8000) added
poc: class 1:2 (drr, q=0x8000) added
poc: class 1:3 (drr, q=1) added
poc: inner DRR 11: added under 1:1
poc: plug 13: added under 1:3
poc: class 11:11 (drr, q=0x8000) added
poc: pfifo 777: added under 11:11
poc: graft: NL err=-22 (Invalid argument)
poc: graft returned error (may still have taken effect)
poc: deleted class 1:1
[    1.184735] drr_dequeue: plug qdisc D: is non-work-conserving?
poc: enqueued into plug class 1:3 (active list: [plug])
poc: enqueued into fifo_B class 1:2 (active list: [plug, fifo_B])
poc: deleted class 1:2 (UAF seeded)
poc: plug released; drr_dequeue should fire UAF
poc: post-trigger packets sent
poc: done (expect KASAN use-after-free in drr_dequeue / qdisc_tree_reduce_backlog)
[    1.186652] poc (66) used greatest stack depth: 26928 bytes left
---- poc end rc=0 ----
secb: poc exited without crashing the kernel
[    1.548996] input: ImExPS/2 Generic Explorer Mouse as /devices/platform/i8042/serio1/input/input3
[    2.429097] ACPI: PM: Preparing to enter system sleep state S5
[    2.429447] reboot: Power down
NO_CRASH_DETECTED
