bash: warning: setlocale: LC_ALL: cannot change locale (en_US.UTF-8)
c[?7l[2J[0mSeaBIOS (version 1.16.2-debian-1.16.2-1)


iPXE (http://ipxe.org) 00:03.0 CA00 PCI2.10 PnP PMM+7EFCEF00+7EF0EF00 CA00
Press Ctrl-B to configure iPXE (PCI 00:03.0)...                                                                               


Booting from ROM..c[?7l[2J[    0.000000] Linux version 6.13.0-rc7-00114-g12e070eb6964-dirty (root@buildkitsandbox) (gcc (Debian 12.2.0-14+deb12u1) 12.2.0, GNU ld (GNU Binutils for Debian) 2.40) #1 SMP PREEMPT_DYNAMIC Tue May  5 15:45:11 UTC 2026
[    0.000000] Command line: console=ttyS0 oops=panic nokaslr rdinit=/init
[    0.000000] BIOS-provided physical RAM map:
[    0.000000] BIOS-e820: [mem 0x0000000000000000-0x000000000009fbff] usable
[    0.000000] BIOS-e820: [mem 0x000000000009fc00-0x000000000009ffff] reserved
[    0.000000] BIOS-e820: [mem 0x00000000000f0000-0x00000000000fffff] reserved
[    0.000000] BIOS-e820: [mem 0x0000000000100000-0x000000007ffdffff] usable
[    0.000000] BIOS-e820: [mem 0x000000007ffe0000-0x000000007fffffff] reserved
[    0.000000] BIOS-e820: [mem 0x00000000feffc000-0x00000000feffffff] reserved
[    0.000000] BIOS-e820: [mem 0x00000000fffc0000-0x00000000ffffffff] reserved
[    0.000000] NX (Execute Disable) protection: active
[    0.000000] APIC: Static calls initialized
[    0.000000] SMBIOS 2.8 present.
[    0.000000] DMI: QEMU Standard PC (i440FX + PIIX, 1996), BIOS 1.16.2-debian-1.16.2-1 04/01/2014
[    0.000000] DMI: Memory slots populated: 1/1
[    0.000000] Hypervisor detected: KVM
[    0.000000] kvm-clock: Using msrs 4b564d01 and 4b564d00
[    0.000000] kvm-clock: using sched offset of 248834152 cycles
[    0.000002] clocksource: kvm-clock: mask: 0xffffffffffffffff max_cycles: 0x1cd42e4dffb, max_idle_ns: 881590591483 ns
[    0.000004] tsc: Detected 3187.200 MHz processor
[    0.000326] last_pfn = 0x7ffe0 max_arch_pfn = 0x400000000
[    0.000345] MTRR map: 4 entries (3 fixed + 1 variable; max 19), built from 8 variable MTRRs
[    0.000347] x86/PAT: Configuration [0-7]: WB  WC  UC- UC  WB  WP  UC- WT  
[    0.002116] found SMP MP-table at [mem 0x000f5ba0-0x000f5baf]
[    0.002122] Using GB pages for direct mapping
[    0.002223] RAMDISK: [mem 0x7fe8f000-0x7ffdffff]
[    0.002227] ACPI: Early table checksum verification disabled
[    0.002229] ACPI: RSDP 0x00000000000F59D0 000014 (v00 BOCHS )
[    0.002231] ACPI: RSDT 0x000000007FFE1B33 000034 (v01 BOCHS  BXPC     00000001 BXPC 00000001)
[    0.002235] ACPI: FACP 0x000000007FFE19DF 000074 (v01 BOCHS  BXPC     00000001 BXPC 00000001)
[    0.002239] ACPI: DSDT 0x000000007FFE0040 00199F (v01 BOCHS  BXPC     00000001 BXPC 00000001)
[    0.002241] ACPI: FACS 0x000000007FFE0000 000040
[    0.002242] ACPI: APIC 0x000000007FFE1A53 000080 (v01 BOCHS  BXPC     00000001 BXPC 00000001)
[    0.002244] ACPI: HPET 0x000000007FFE1AD3 000038 (v01 BOCHS  BXPC     00000001 BXPC 00000001)
[    0.002245] ACPI: WAET 0x000000007FFE1B0B 000028 (v01 BOCHS  BXPC     00000001 BXPC 00000001)
[    0.002246] ACPI: Reserving FACP table memory at [mem 0x7ffe19df-0x7ffe1a52]
[    0.002247] ACPI: Reserving DSDT table memory at [mem 0x7ffe0040-0x7ffe19de]
[    0.002248] ACPI: Reserving FACS table memory at [mem 0x7ffe0000-0x7ffe003f]
[    0.002248] ACPI: Reserving APIC table memory at [mem 0x7ffe1a53-0x7ffe1ad2]
[    0.002249] ACPI: Reserving HPET table memory at [mem 0x7ffe1ad3-0x7ffe1b0a]
[    0.002249] ACPI: Reserving WAET table memory at [mem 0x7ffe1b0b-0x7ffe1b32]
[    0.002430] No NUMA configuration found
[    0.002431] Faking a node at [mem 0x0000000000000000-0x000000007ffdffff]
[    0.002432] NODE_DATA(0) allocated [mem 0x7fe8b940-0x7fe8efff]
[    0.002440] Zone ranges:
[    0.002440]   DMA      [mem 0x0000000000001000-0x0000000000ffffff]
[    0.002441]   DMA32    [mem 0x0000000001000000-0x000000007ffdffff]
[    0.002442]   Normal   empty
[    0.002443] Movable zone start for each node
[    0.002443] Early memory node ranges
[    0.002444]   node   0: [mem 0x0000000000001000-0x000000000009efff]
[    0.002445]   node   0: [mem 0x0000000000100000-0x000000007ffdffff]
[    0.002445] Initmem setup node 0 [mem 0x0000000000001000-0x000000007ffdffff]
[    0.002618] On node 0, zone DMA: 1 pages in unavailable ranges
[    0.002655] On node 0, zone DMA: 97 pages in unavailable ranges
[    0.009147] On node 0, zone DMA32: 32 pages in unavailable ranges
[    0.036587] kasan: KernelAddressSanitizer initialized
[    0.036795] ACPI: PM-Timer IO Port: 0x608
[    0.036802] ACPI: LAPIC_NMI (acpi_id[0xff] dfl dfl lint[0x1])
[    0.036827] IOAPIC[0]: apic_id 0, version 17, address 0xfec00000, GSI 0-23
[    0.036829] ACPI: INT_SRC_OVR (bus 0 bus_irq 0 global_irq 2 dfl dfl)
[    0.036831] ACPI: INT_SRC_OVR (bus 0 bus_irq 5 global_irq 5 high level)
[    0.036831] ACPI: INT_SRC_OVR (bus 0 bus_irq 9 global_irq 9 high level)
[    0.036832] ACPI: INT_SRC_OVR (bus 0 bus_irq 10 global_irq 10 high level)
[    0.036833] ACPI: INT_SRC_OVR (bus 0 bus_irq 11 global_irq 11 high level)
[    0.036835] ACPI: Using ACPI (MADT) for SMP configuration information
[    0.036835] ACPI: HPET id: 0x8086a201 base: 0xfed00000
[    0.036837] TSC deadline timer available
[    0.036840] CPU topo: Max. logical packages:   1
[    0.036840] CPU topo: Max. logical dies:       1
[    0.036841] CPU topo: Max. dies per package:   1
[    0.036842] CPU topo: Max. threads per core:   1
[    0.036843] CPU topo: Num. cores per package:     2
[    0.036844] CPU topo: Num. threads per package:   2
[    0.036844] CPU topo: Allowing 2 present CPUs plus 0 hotplug CPUs
[    0.036857] kvm-guest: APIC: eoi() replaced with kvm_guest_apic_eoi_write()
[    0.036869] kvm-guest: KVM setup pv remote TLB flush
[    0.036871] kvm-guest: setup PV sched yield
[    0.036876] PM: hibernation: Registered nosave memory: [mem 0x00000000-0x00000fff]
[    0.036877] PM: hibernation: Registered nosave memory: [mem 0x0009f000-0x0009ffff]
[    0.036877] PM: hibernation: Registered nosave memory: [mem 0x000a0000-0x000effff]
[    0.036878] PM: hibernation: Registered nosave memory: [mem 0x000f0000-0x000fffff]
[    0.036879] [mem 0x80000000-0xfeffbfff] available for PCI devices
[    0.036880] Booting paravirtualized kernel on KVM
[    0.036882] clocksource: refined-jiffies: mask: 0xffffffff max_cycles: 0xffffffff, max_idle_ns: 1910969940391419 ns
[    0.045568] setup_percpu: NR_CPUS:64 nr_cpumask_bits:2 nr_cpu_ids:2 nr_node_ids:1
[    0.045801] percpu: Embedded 68 pages/cpu s240920 r8192 d29416 u1048576
[    0.045829] Kernel command line: console=ttyS0 oops=panic nokaslr rdinit=/init
[    0.045870] random: crng init done
[    0.045871] printk: log buffer data + meta data: 262144 + 917504 = 1179648 bytes
[    0.045965] Dentry cache hash table entries: 262144 (order: 9, 2097152 bytes, linear)
[    0.046143] Inode-cache hash table entries: 131072 (order: 8, 1048576 bytes, linear)
[    0.046178] Fallback order for Node 0: 0 
[    0.046179] Built 1 zonelists, mobility grouping on.  Total pages: 524158
[    0.046180] Policy zone: DMA32
[    0.046181] mem auto-init: stack:all(zero), heap alloc:off, heap free:off
[    0.046182] stackdepot: allocating hash table via alloc_large_system_hash
[    0.046183] stackdepot hash table entries: 1048576 (order: 12, 16777216 bytes, linear)
[    0.067525] SLUB: HWalign=64, Order=0-3, MinObjects=0, CPUs=2, Nodes=1
[    0.068525] Dynamic Preempt: voluntary
[    0.068771] rcu: Preemptible hierarchical RCU implementation.
[    0.068772] rcu: 	RCU event tracing is enabled.
[    0.068772] rcu: 	RCU restricting CPUs from NR_CPUS=64 to nr_cpu_ids=2.
[    0.068774] 	Trampoline variant of Tasks RCU enabled.
[    0.068775] 	Tracing variant of Tasks RCU enabled.
[    0.068775] rcu: RCU calculated value of scheduler-enlistment delay is 100 jiffies.
[    0.068776] rcu: Adjusting geometry for rcu_fanout_leaf=16, nr_cpu_ids=2
[    0.068790] RCU Tasks: Setting shift to 1 and lim to 1 rcu_task_cb_adjust=1 rcu_task_cpu_ids=2.
[    0.068792] RCU Tasks Trace: Setting shift to 1 and lim to 1 rcu_task_cb_adjust=1 rcu_task_cpu_ids=2.
[    0.076842] NR_IRQS: 4352, nr_irqs: 440, preallocated irqs: 16
[    0.077073] rcu: srcu_init: Setting srcu_struct sizes based on contention.
[    0.079342] Console: colour VGA+ 80x25
[    0.079371] printk: legacy console [ttyS0] enabled
[    0.117988] ACPI: Core revision 20240827
[    0.118324] clocksource: hpet: mask: 0xffffffff max_cycles: 0xffffffff, max_idle_ns: 19112604467 ns
[    0.118877] APIC: Switch to symmetric I/O mode setup
[    0.119283] kvm-guest: APIC: send_IPI_mask() replaced with kvm_send_ipi_mask()
[    0.119690] kvm-guest: APIC: send_IPI_mask_allbutself() replaced with kvm_send_ipi_mask_allbutself()
[    0.120228] kvm-guest: setup PV IPIs
[    0.121061] ..TIMER: vector=0x30 apic1=0 pin1=2 apic2=-1 pin2=-1
[    0.121417] clocksource: tsc-early: mask: 0xffffffffffffffff max_cycles: 0x2df10e7656b, max_idle_ns: 440795364873 ns
[    0.122021] Calibrating delay loop (skipped) preset value.. 6374.40 BogoMIPS (lpj=3187200)
[    0.122566] x86/cpu: User Mode Instruction Prevention (UMIP) activated
[    0.123069] Last level iTLB entries: 4KB 0, 2MB 0, 4MB 0
[    0.123372] Last level dTLB entries: 4KB 0, 2MB 0, 4MB 0, 1GB 0
[    0.123713] Spectre V1 : Mitigation: usercopy/swapgs barriers and __user pointer sanitization
[    0.124020] Spectre V2 : Spectre BHI mitigation: SW BHB clearing on syscall and VM exit
[    0.124477] Spectre V2 : Mitigation: Enhanced / Automatic IBRS
[    0.125018] Spectre V2 : Spectre v2 / SpectreRSB mitigation: Filling RSB on context switch
[    0.125473] Spectre V2 : Spectre v2 / PBRSB-eIBRS: Retire a single CALL on VMEXIT
[    0.125888] Spectre V2 : mitigation: Enabling conditional Indirect Branch Prediction Barrier
[    0.126019] Speculative Store Bypass: Mitigation: Speculative Store Bypass disabled via prctl
[    0.126489] MMIO Stale Data: Unknown: No mitigations
[    0.127018] Register File Data Sampling: Vulnerable: No microcode
[    0.127365] x86/fpu: Supporting XSAVE feature 0x001: 'x87 floating point registers'
[    0.127803] x86/fpu: Supporting XSAVE feature 0x002: 'SSE registers'
[    0.128018] x86/fpu: Supporting XSAVE feature 0x004: 'AVX registers'
[    0.128381] x86/fpu: Supporting XSAVE feature 0x200: 'Protection Keys User registers'
[    0.129018] x86/fpu: xstate_offset[2]:  576, xstate_sizes[2]:  256
[    0.129370] x86/fpu: xstate_offset[9]:  832, xstate_sizes[9]:    8
[    0.129723] x86/fpu: Enabled xstate features 0x207, context size is 840 bytes, using 'compacted' format.
[    0.146359] Freeing SMP alternatives memory: 48K
[    0.146679] pid_max: default: 32768 minimum: 301
[    0.146982] LSM: initializing lsm=capability,selinux
[    0.147039] SELinux:  Initializing.
[    0.147528] Mount-cache hash table entries: 4096 (order: 3, 32768 bytes, linear)
[    0.148021] Mountpoint-cache hash table entries: 4096 (order: 3, 32768 bytes, linear)
[    0.149080] smpboot: CPU0: Intel(R) Core(TM) i9-14900K (family: 0x6, model: 0xb7, stepping: 0x1)
[    0.149800] Performance Events: unsupported p6 CPU model 183 no PMU driver, software events only.
[    0.150040] signal: max sigframe size: 3632
[    0.150311] rcu: Hierarchical SRCU implementation.
[    0.150586] rcu: 	Max phase no-delay instances is 400.
[    0.150932] Timer migration: 1 hierarchy levels; 8 children per group; 1 crossnode level
[    0.151359] smp: Bringing up secondary CPUs ...
[    0.151735] smpboot: x86: Booting SMP configuration:
[    0.152020] .... node  #0, CPUs:      #1
[    0.152099] smp: Brought up 1 node, 2 CPUs
[    0.152489] smpboot: Total of 2 processors activated (12748.80 BogoMIPS)
[    0.153149] Memory: 1675384K/2096632K available (51200K kernel code, 8665K rwdata, 11200K rodata, 6004K init, 1448K bss, 416196K reserved, 0K cma-reserved)
[    0.154078] devtmpfs: initialized
[    0.156111] clocksource: jiffies: mask: 0xffffffff max_cycles: 0xffffffff, max_idle_ns: 1911260446275000 ns
[    0.156683] futex hash table entries: 512 (order: 3, 32768 bytes, linear)
[    0.157124] PM: RTC time: 15:47:44, date: 2026-05-05
[    0.157516] NET: Registered PF_NETLINK/PF_ROUTE protocol family
[    0.158049] audit: initializing netlink subsys (disabled)
[    0.158387] audit: type=2000 audit(1777996064.604:1): state=initialized audit_enabled=0 res=1
[    0.158387] thermal_sys: Registered thermal governor 'step_wise'
[    0.158542] thermal_sys: Registered thermal governor 'user_space'
[    0.159030] cpuidle: using governor menu
[    0.159802] PCI: Using configuration type 1 for base access
[    0.160076] kprobes: kprobe jump-optimization is enabled. All kprobes are optimized if possible.
[    0.160624] HugeTLB: registered 2.00 MiB page size, pre-allocated 0 pages
[    0.161019] HugeTLB: 28 KiB vmemmap can be freed for a 2.00 MiB page
[    0.162150] ACPI: Added _OSI(Module Device)
[    0.162394] ACPI: Added _OSI(Processor Device)
[    0.162651] ACPI: Added _OSI(3.0 _SCP Extensions)
[    0.162920] ACPI: Added _OSI(Processor Aggregator Device)
[    0.168672] ACPI: 1 ACPI AML tables successfully acquired and loaded
[    0.176781] ACPI: Interpreter enabled
[    0.176781] ACPI: PM: (supports S0 S3 S4 S5)
[    0.176970] ACPI: Using IOAPIC for interrupt routing
[    0.178043] PCI: Using host bridge windows from ACPI; if necessary, use "pci=nocrs" and report a bug
[    0.178565] PCI: Using E820 reservations for host bridge windows
[    0.179227] ACPI: Enabled 2 GPEs in block 00 to 0F
[    0.190148] ACPI: PCI Root Bridge [PCI0] (domain 0000 [bus 00-ff])
[    0.190515] acpi PNP0A03:00: _OSC: OS supports [ASPM ClockPM Segments MSI HPX-Type3]
[    0.190956] acpi PNP0A03:00: _OSC: not requesting OS control; OS requires [ExtendedConfig ASPM ClockPM MSI]
[    0.191066] acpi PNP0A03:00: fail to add MMCONFIG information, can't access extended configuration space under this bridge
[    0.191842] PCI host bridge to bus 0000:00
[    0.192040] pci_bus 0000:00: root bus resource [io  0x0000-0x0cf7 window]
[    0.192428] pci_bus 0000:00: root bus resource [io  0x0d00-0xffff window]
[    0.192817] pci_bus 0000:00: root bus resource [mem 0x000a0000-0x000bffff window]
[    0.193020] pci_bus 0000:00: root bus resource [mem 0x80000000-0xfebfffff window]
[    0.193445] pci_bus 0000:00: root bus resource [mem 0x100000000-0x17fffffff window]
[    0.193880] pci_bus 0000:00: root bus resource [bus 00-ff]
[    0.195047] pci 0000:00:00.0: [8086:1237] type 00 class 0x060000 conventional PCI endpoint
[    0.199186] pci 0000:00:01.0: [8086:7000] type 00 class 0x060100 conventional PCI endpoint
[    0.203313] pci 0000:00:01.1: [8086:7010] type 00 class 0x010180 conventional PCI endpoint
[    0.204629] pci 0000:00:01.1: BAR 4 [io  0xc040-0xc04f]
[    0.205289] pci 0000:00:01.1: BAR 0 [io  0x01f0-0x01f7]: legacy IDE quirk
[    0.205674] pci 0000:00:01.1: BAR 1 [io  0x03f6]: legacy IDE quirk
[    0.206019] pci 0000:00:01.1: BAR 2 [io  0x0170-0x0177]: legacy IDE quirk
[    0.206408] pci 0000:00:01.1: BAR 3 [io  0x0376]: legacy IDE quirk
[    0.206903] pci 0000:00:01.3: [8086:7113] type 00 class 0x068000 conventional PCI endpoint
[    0.207241] pci 0000:00:01.3: quirk: [io  0x0600-0x063f] claimed by PIIX4 ACPI
[    0.207653] pci 0000:00:01.3: quirk: [io  0x0700-0x070f] claimed by PIIX4 SMB
[    0.208166] pci 0000:00:02.0: [1234:1111] type 00 class 0x030000 conventional PCI endpoint
[    0.209217] pci 0000:00:02.0: BAR 0 [mem 0xfd000000-0xfdffffff pref]
[    0.210318] pci 0000:00:02.0: BAR 2 [mem 0xfebf0000-0xfebf0fff]
[    0.212023] pci 0000:00:02.0: ROM [mem 0xfebe0000-0xfebeffff pref]
[    0.212437] pci 0000:00:02.0: Video device with shadowed ROM at [mem 0x000c0000-0x000dffff]
[    0.216458] pci 0000:00:03.0: [8086:100e] type 00 class 0x020000 conventional PCI endpoint
[    0.218224] pci 0000:00:03.0: BAR 0 [mem 0xfebc0000-0xfebdffff]
[    0.218952] pci 0000:00:03.0: BAR 1 [io  0xc000-0xc03f]
[    0.220903] pci 0000:00:03.0: ROM [mem 0xfeb80000-0xfebbffff pref]
[    0.225481] ACPI: PCI: Interrupt link LNKA configured for IRQ 10
[    0.226187] ACPI: PCI: Interrupt link LNKB configured for IRQ 10
[    0.226880] ACPI: PCI: Interrupt link LNKC configured for IRQ 11
[    0.227359] ACPI: PCI: Interrupt link LNKD configured for IRQ 11
[    0.227841] ACPI: PCI: Interrupt link LNKS configured for IRQ 9
[    0.229931] iommu: Default domain type: Translated
[    0.230019] iommu: DMA domain TLB invalidation policy: lazy mode
[    0.230548] SCSI subsystem initialized
[    0.231100] ACPI: bus type USB registered
[    0.231100] usbcore: registered new interface driver usbfs
[    0.231542] usbcore: registered new interface driver hub
[    0.231863] usbcore: registered new device driver usb
[    0.232057] pps_core: LinuxPPS API ver. 1 registered
[    0.232341] pps_core: Software ver. 5.3.6 - Copyright 2005-2007 Rodolfo Giometti <giometti@linux.it>
[    0.232867] PTP clock support registered
[    0.233073] Advanced Linux Sound Architecture Driver Initialized.
[    0.233789] NetLabel: Initializing
[    0.234020] NetLabel:  domain hash size = 128
[    0.234270] NetLabel:  protocols = UNLABELED CIPSOv4 CALIPSO
[    0.234627] NetLabel:  unlabeled traffic allowed by default
[    0.235052] PCI: Using ACPI for IRQ routing
[    0.236031] pci 0000:00:02.0: vgaarb: setting as boot VGA device
[    0.236377] pci 0000:00:02.0: vgaarb: bridge control possible
[    0.236704] pci 0000:00:02.0: vgaarb: VGA device added: decodes=io+mem,owns=io+mem,locks=none
[    0.237019] vgaarb: loaded
[    0.237233] hpet0: at MMIO 0xfed00000, IRQs 2, 8, 0
[    0.237514] hpet0: 3 comparators, 64-bit 100.000000 MHz counter
[    0.241074] clocksource: Switched to clocksource kvm-clock
[    0.241667] VFS: Disk quotas dquot_6.6.0
[    0.241900] VFS: Dquot-cache hash table entries: 512 (order 0, 4096 bytes)
[    0.242514] pnp: PnP ACPI init
[    0.243830] pnp: PnP ACPI: found 6 devices
[    0.251756] clocksource: acpi_pm: mask: 0xffffff max_cycles: 0xffffff, max_idle_ns: 2085701024 ns
[    0.252311] NET: Registered PF_INET protocol family
[    0.252630] IP idents hash table entries: 32768 (order: 6, 262144 bytes, linear)
[    0.253446] tcp_listen_portaddr_hash hash table entries: 1024 (order: 2, 16384 bytes, linear)
[    0.253932] Table-perturb hash table entries: 65536 (order: 6, 262144 bytes, linear)
[    0.254390] TCP established hash table entries: 16384 (order: 5, 131072 bytes, linear)
[    0.255013] TCP bind hash table entries: 16384 (order: 7, 524288 bytes, linear)
[    0.255452] TCP: Hash tables configured (established 16384 bind 16384)
[    0.255853] UDP hash table entries: 1024 (order: 4, 65536 bytes, linear)
[    0.256242] UDP-Lite hash table entries: 1024 (order: 4, 65536 bytes, linear)
[    0.256709] NET: Registered PF_UNIX/PF_LOCAL protocol family
[    0.257214] RPC: Registered named UNIX socket transport module.
[    0.257553] RPC: Registered udp transport module.
[    0.257826] RPC: Registered tcp transport module.
[    0.258110] RPC: Registered tcp-with-tls transport module.
[    0.258433] RPC: Registered tcp NFSv4.1 backchannel transport module.
[    0.259127] pci_bus 0000:00: resource 4 [io  0x0000-0x0cf7 window]
[    0.259492] pci_bus 0000:00: resource 5 [io  0x0d00-0xffff window]
[    0.259855] pci_bus 0000:00: resource 6 [mem 0x000a0000-0x000bffff window]
[    0.260258] pci_bus 0000:00: resource 7 [mem 0x80000000-0xfebfffff window]
[    0.260661] pci_bus 0000:00: resource 8 [mem 0x100000000-0x17fffffff window]
[    0.261156] pci 0000:00:01.0: PIIX3: Enabling Passive Release
[    0.261489] pci 0000:00:00.0: Limiting direct PCI/PCI transfers
[    0.261854] PCI: CLS 0 bytes, default 64
[    0.262141] RAPL PMU: API unit is 2^-32 Joules, 0 fixed counters, 10737418240 ms ovfl timer
[    0.262206] Unpacking initramfs...
[    0.262635] clocksource: tsc: mask: 0xffffffffffffffff max_cycles: 0x2df10e7656b, max_idle_ns: 440795364873 ns
[    0.264949] Initialise system trusted keyrings
[    0.265265] workingset: timestamp_bits=56 max_order=19 bucket_order=0
[    0.266198] NFS: Registering the id_resolver key type
[    0.266504] Key type id_resolver registered
[    0.266750] Key type id_legacy registered
[    0.267037] 9p: Installing v9fs 9p2000 file system support
[    0.273779] Key type asymmetric registered
[    0.274073] Asymmetric key parser 'x509' registered
[    0.274408] Block layer SCSI generic (bsg) driver version 0.4 loaded (major 251)
[    0.274865] io scheduler mq-deadline registered
[    0.275140] io scheduler kyber registered
[    0.275561] input: Power Button as /devices/LNXSYSTM:00/LNXPWRBN:00/input/input0
[    0.275848] Freeing initrd memory: 1348K
[    0.276320] ACPI: button: Power Button [PWRF]
[    0.276929] Serial: 8250/16550 driver, 4 ports, IRQ sharing enabled
[    0.277474] 00:04: ttyS0 at I/O 0x3f8 (irq = 4, base_baud = 115200) is a 16550A
[    0.278644] Non-volatile memory driver v1.3
[    0.278900] Linux agpgart interface v0.103
[    0.279220] ACPI: bus type drm_connector registered
[    0.282048] loop: module loaded
[    0.283461] scsi host0: ata_piix
[    0.283853] scsi host1: ata_piix
[    0.284184] ata1: PATA max MWDMA2 cmd 0x1f0 ctl 0x3f6 bmdma 0xc040 irq 14 lpm-pol 0
[    0.284645] ata2: PATA max MWDMA2 cmd 0x170 ctl 0x376 bmdma 0xc048 irq 15 lpm-pol 0
[    0.285746] e100: Intel(R) PRO/100 Network Driver
[    0.286020] e100: Copyright(c) 1999-2006 Intel Corporation
[    0.286347] e1000: Intel(R) PRO/1000 Network Driver
[    0.286626] e1000: Copyright (c) 1999-2006 Intel Corporation.
[    0.440144] ata2: found unknown device (class 0)
[    0.440759] ata2.00: ATAPI: QEMU DVD-ROM, 2.5+, max UDMA/100
[    0.441929] scsi 1:0:0:0: CD-ROM            QEMU     QEMU DVD-ROM     2.5+ PQ: 0 ANSI: 5
[    0.457450] sr 1:0:0:0: [sr0] scsi3-mmc drive: 4x/4x cd/rw xa/form2 tray
[    0.457848] cdrom: Uniform CD-ROM driver Revision: 3.20
[    0.467783] sr 1:0:0:0: Attached scsi generic sg0 type 5
[    0.577071] ACPI: \_SB_.LNKC: Enabled at IRQ 11
[    0.861708] e1000 0000:00:03.0 eth0: (PCI:33MHz:32-bit) 52:54:00:12:34:56
[    0.862123] e1000 0000:00:03.0 eth0: Intel(R) PRO/1000 Network Connection
[    0.862538] e1000e: Intel(R) PRO/1000 Network Driver
[    0.862821] e1000e: Copyright(c) 1999 - 2015 Intel Corporation.
[    0.863186] sky2: driver version 1.30
[    0.863639] usbcore: registered new interface driver usblp
[    0.863964] usbcore: registered new interface driver usb-storage
[    0.864355] i8042: PNP: PS/2 Controller [PNP0303:KBD,PNP0f13:MOU] at 0x60,0x64 irq 1,12
[    0.865263] serio: i8042 KBD port at 0x60,0x64 irq 1
[    0.865552] serio: i8042 AUX port at 0x60,0x64 irq 12
[    0.866465] input: AT Translated Set 2 keyboard as /devices/platform/i8042/serio0/input/input1
[    0.867071] rtc_cmos 00:05: RTC can wake from S4
[    0.867953] rtc_cmos 00:05: registered as rtc0
[    0.868337] rtc_cmos 00:05: alarms up to one day, y3k, 242 bytes nvram, hpet irqs
[    0.869224] device-mapper: ioctl: 4.48.0-ioctl (2023-03-01) initialised: dm-devel@lists.linux.dev
[    0.869762] intel_pstate: CPU model not supported
[    0.870122] hid: raw HID events driver (C) Jiri Kosina
[    0.870657] usbcore: registered new interface driver usbhid
[    0.870991] usbhid: USB HID core driver
[    0.871835] Initializing XFRM netlink socket
[    0.872214] NET: Registered PF_INET6 protocol family
[    0.872903] Segment Routing with IPv6
[    0.873151] In-situ OAM (IOAM) with IPv6
[    0.873426] sit: IPv6, IPv4 and MPLS over IPv4 tunneling driver
[    0.873988] NET: Registered PF_PACKET protocol family
[    0.874319] 9pnet: Installing 9P2000 support
[    0.874590] Key type dns_resolver registered
[    0.875082] IPI shorthand broadcast: enabled
[    0.882923] sched_clock: Marking stable (840000982, 41940426)->(883367920, -1426512)
[    0.883534] registered taskstats version 1
[    0.883778] Loading compiled-in X.509 certificates
[    0.890147] Demotion targets for Node 0: null
[    0.890495] PM:   Magic number: 10:196:790
[    0.890773] printk: legacy console [netcon0] enabled
[    0.891079] netconsole: network logging started
[    0.891721] cfg80211: Loading compiled-in X.509 certificates for regulatory database
[    0.892306] kworker/u8:1 (56) used greatest stack depth: 29088 bytes left
[    0.892701] kworker/u8:1 (57) used greatest stack depth: 29064 bytes left
[    0.893123] Loaded X.509 cert 'sforshee: 00b28ddf47aef9cea7'
[    0.893569] Loaded X.509 cert 'wens: 61c038651aabdcf94bd0ac7ff06c7248db18c600'
[    0.894093] ALSA device list:
[    0.894269]   No soundcards found.
[    0.895247] Freeing unused kernel image (initmem) memory: 6004K
[    0.895590] platform regulatory.0: Direct firmware load for regulatory.db failed with error -2
[    0.895926] cfg80211: failed to load regulatory.db
[    0.896327] Write protecting the kernel read-only data: 63488k
[    0.896763] Freeing unused kernel image (rodata/data gap) memory: 1088K
[    0.904770] x86/mm: Checked W+X mappings: passed, no W+X pages found.
[    0.905056] Run /init as init process
[    0.905728] mkdir (59) used greatest stack depth: 28872 bytes left
[    0.906205] mount (60) used greatest stack depth: 28304 bytes left
[    0.907646] mount (64) used greatest stack depth: 28288 bytes left

secb: rootfs ready
---- poc begin ----
poc: starting
poc: entered user+net namespace
poc: lo is up
poc: root DRR 1: added
poc: class 1:1 (drr, q=0x8000) added
poc: class 1:2 (drr, q=0x8000) added
poc: class 1:3 (drr, q=1) added
poc: inner DRR 11: added under 1:1
poc: plug 13: added under 1:3
poc: class 11:11 (drr, q=0x8000) added
poc: pfifo 777: added under 11:11
poc: grafted FIFO 777: from 11:11 to 1:2 (stale [    0.913596] drr_dequeue: plug qdisc D: is non-work-conserving?
sch->parent)
poc: deleted class 1:1
poc: enqueued into plug class 1:3 (active [    0.914097] ------------[ cut here ]------------
list: [plug])
p[    0.914324] WARNING: CPU: 0 PID: 66 at net/sched/sch_api.c:813 qdisc_tree_reduce_backlog+0x359/0x4b0
oc: enqueued int[    0.914731] Modules linked in:
o fifo_B class 1[    0.914914] CPU: 0 UID: 0 PID: 66 Comm: poc Not tainted 6.13.0-rc7-00114-g12e070eb6964-dirty #1
:2 (active list:[    0.915309] Hardware name: QEMU Standard PC (i440FX + PIIX, 1996), BIOS 1.16.2-debian-1.16.2-1 04/01/2014
 [plug, fifo_B])[    0.915731] RIP: 0010:qdisc_tree_reduce_backlog+0x359/0x4b0

[    0.916008] Code: 8d 7b 10 48 89 f8 48 c1 e8 03 80 3c 28 00 0f 85 26 01 00 00 48 8b 7b 10 e8 24 b2 ff ff 48 89 c3 48 85 c0 0f 85 7a fd ff ff 90 <0f> 0b 90 48 83 c4 20 5b 5d 41 5c 41 5d 41 5e 41 5f e9 f1 77 da fd
[    0.916733] RSP: 0018:ffffc900004075e8 EFLAGS: 00010246
[    0.916938] RAX: 1ffff11001394c7b RBX: 0000000000000000 RCX: ffff888009c63c10
[    0.917219] RDX: 0000000000000000 RSI: 00000000000b0000 RDI: ffff888009ca63d8
[    0.917496] RBP: dffffc0000000000 R08: 0000000000000000 R09: fffffbfff0a9e980
[    0.917771] R10: ffffffff854f4c07 R11: dffffc0000000000 R12: 0000000000000001
[    0.918050] R13: ffff888009ca6000 R14: 00000000000b000b R15: 0000000000000001
[    0.918328] FS:  0000000014209380(0000) GS:ffff88806d000000(0000) knlGS:0000000000000000
[    0.918640] CS:  0010 DS: 0000 ES: 0000 CR0: 0000000080050033
[    0.918866] CR2: 00000000004b01b0 CR3: 00000000070a2006 CR4: 0000000000770ef0
[    0.919146] PKRU: 55555554
[    0.919256] Call Trace:
[    0.919356]  <TASK>
[    0.919444]  ? __warn+0xcc/0x260
[    0.919576]  ? qdisc_tree_reduce_backlog+0x359/0x4b0
[    0.919771]  ? report_bug+0x261/0x2c0
[    0.919919]  ? handle_bug+0x54/0xa0
[    0.920063]  ? exc_invalid_op+0x17/0x50
[    0.920215]  ? asm_exc_invalid_op+0x1a/0x20
[    0.920382]  ? qdisc_tree_reduce_backlog+0x359/0x4b0
[    0.920577]  ? qdisc_tree_reduce_backlog+0x2fa/0x4b0
[    0.920771]  drr_delete_class+0x1fa/0x470
[    0.920931]  ? __pfx_drr_delete_class+0x10/0x10
[    0.921114]  ? unwind_next_frame+0xc42/0x2440
[    0.921288]  tc_ctl_tclass+0xe7d/0x12a0
[    0.921441]  ? __pfx_tc_ctl_tclass+0x10/0x10
[    0.921611]  ? arch_stack_walk+0xa7/0x100
[    0.921771]  ? avc_has_perm_noaudit+0x8e/0x140
[    0.921950]  ? mutex_lock+0x8c/0xe0
[    0.922093]  ? __pfx_mutex_lock+0x10/0x10
[    0.922252]  rtnetlink_rcv_msg+0x365/0xa40
[    0.922415]  ? __pfx_rtnetlink_rcv_msg+0x10/0x10
[    0.922597]  ? __pfx_sock_has_perm+0x10/0x10
[    0.922767]  netlink_rcv_skb+0x12f/0x370
[    0.922922]  ? __pfx_rtnetlink_rcv_msg+0x10/0x10
[    0.923109]  ? __pfx_netlink_rcv_skb+0x10/0x10
[    0.923285]  ? __pfx___netlink_lookup+0x10/0x10
[    0.923464]  ? _copy_from_iter+0x214/0x1130
[    0.923630]  netlink_unicast+0x5c2/0x830
[    0.923786]  ? __pfx_netlink_unicast+0x10/0x10
[    0.923960]  ? __pfx_ldsem_down_read+0x10/0x10
[    0.924136]  netlink_sendmsg+0x75c/0xc00
[    0.924291]  ? __pfx_netlink_sendmsg+0x10/0x10
[    0.924467]  ? ldsem_up_read+0x12/0x40
[    0.924618]  __sys_sendto+0x3ae/0x420
[    0.924765]  ? __pfx___sys_sendto+0x10/0x10
[    0.924931]  ? alloc_fd+0x335/0x5b0
[    0.925076]  ? ksys_write+0xf8/0x1c0
[    0.925221]  ? __pfx_ksys_write+0x10/0x10
[    0.925379]  __x64_sys_sendto+0xdb/0x1b0
[    0.925536]  ? clear_bhb_loop+0x55/0xb0
[    0.925688]  ? clear_bhb_loop+0x55/0xb0
[    0.925840]  ? clear_bhb_loop+0x55/0xb0
[    0.925994]  do_syscall_64+0xa6/0x1a0
[    0.926141]  entry_SYSCALL_64_after_hwframe+0x77/0x7f
[    0.926339] RIP: 0033:0x43c503
[    0.926463] Code: 64 89 02 48 c7 c0 ff ff ff ff eb b7 66 2e 0f 1f 84 00 00 00 00 00 90 80 3d 81 1b 07 00 00 41 89 ca 74 14 b8 2c 00 00 00 0f 05 <48> 3d 00 f0 ff ff 77 75 c3 0f 1f 40 00 55 48 83 ec 30 44 89 4c 24
[    0.927173] RSP: 002b:00007ffc058008a8 EFLAGS: 00000202 ORIG_RAX: 000000000000002c
[    0.927465] RAX: ffffffffffffffda RBX: 0000000000000003 RCX: 000000000043c503
[    0.927740] RDX: 0000000000000024 RSI: 00007ffc058018e0 RDI: 0000000000000003
[    0.928018] RBP: 0000000000480078 R08: 00007ffc058008b4 R09: 000000000000000c
[    0.928300] R10: 0000000000000000 R11: 0000000000000202 R12: 0000000000000005
[    0.928576] R13: 00007ffc05801a40 R14: 00007ffc05801a30 R15: 00007ffc05801a1f
[    0.928851]  </TASK>
[    0.928945] ---[ end trace 0000000000000000 ]---
poc: deleted class 1:2 (UAF seeded)
poc: plug released; drr_dequeue [    0.929538] ==================================================================
should fire UAF[    0.929852] BUG: KASAN: slab-use-after-free in drr_dequeue+0x8ce/0xb60

[    0.930138] Write of size 8 at addr ffff888009871258 by task poc/66
[    0.930391] 
[    0.930457] CPU: 0 UID: 0 PID: 66 Comm: poc Tainted: G        W          6.13.0-rc7-00114-g12e070eb6964-dirty #1
[    0.930849] Tainted: [W]=WARN
[    0.930969] Hardware name: QEMU Standard PC (i440FX + PIIX, 1996), BIOS 1.16.2-debian-1.16.2-1 04/01/2014
[    0.931334] Call Trace:
[    0.931433]  <TASK>
[    0.931520]  dump_stack_lvl+0x53/0x70
[    0.931667]  print_report+0xce/0x660
[    0.931810]  ? drr_dequeue+0x8ce/0xb60
[    0.931959]  kasan_report+0xc6/0x100
[    0.932105]  ? drr_dequeue+0x8ce/0xb60
[    0.932255]  drr_dequeue+0x8ce/0xb60
[    0.932403]  __qdisc_run+0x16f/0x1770
[    0.932556]  ? dev_qdisc_enqueue+0x3b/0x140
[    0.932725]  __dev_queue_xmit+0x13bf/0x3220
[    0.932896]  ? __alloc_skb+0x148/0x2d0
[    0.933049]  ? __pfx___alloc_skb+0x10/0x10
[    0.933215]  ? __pfx___dev_queue_xmit+0x10/0x10
[    0.933395]  ? selinux_ip_postroute_compat+0x365/0x440
[    0.933596]  ? sock_alloc_send_pskb+0x69c/0x820
[    0.933776]  ? unwind_next_frame+0xc42/0x2440
[    0.933948]  ? selinux_ip_postroute+0x3fb/0xaf0
[    0.934128]  ip_finish_output2+0x755/0x1a60
[    0.934299]  ? __pfx_ip_finish_output2+0x10/0x10
[    0.934487]  __ip_finish_output.part.0+0x4cd/0x930
[    0.934682]  ? __pfx___ip_finish_output.part.0+0x10/0x10
[    0.934896]  ? nf_hook_slow+0xa2/0x1c0
[    0.935048]  ip_output+0x25d/0x5d0
[    0.935188]  ? __ip_local_out+0x311/0x400
[    0.935351]  ? __pfx_ip_output+0x10/0x10
[    0.935512]  ? __pfx_ip_finish_output+0x10/0x10
[    0.935697]  ? ip_make_skb+0x234/0x2d0
[    0.935851]  ? __pfx_ip_generic_getfrag+0x10/0x10
[    0.936040]  ip_send_skb+0x113/0x150
[    0.936183]  udp_send_skb+0x661/0x13b0
[    0.936339]  udp_sendmsg+0x11b4/0x1dc0
[    0.936494]  ? __pfx_ip_generic_getfrag+0x10/0x10
[    0.936685]  ? __pfx_udp_sendmsg+0x10/0x10
[    0.936852]  ? up_read+0x1a/0xb0
[    0.936988]  ? __pfx_ldsem_down_read+0x10/0x10
[    0.937166]  ? __pfx_netlink_recvmsg+0x10/0x10
[    0.937348]  ? mutex_unlock+0x7e/0xd0
[    0.937499]  ? ldsem_up_read+0x12/0x40
[    0.937653]  __sys_sendto+0x35f/0x420
[    0.937804]  ? __pfx___sys_sendto+0x10/0x10
[    0.937975]  ? alloc_fd+0x335/0x5b0
[    0.938117]  ? ksys_write+0xf8/0x1c0
[    0.938260]  ? __pfx_ksys_write+0x10/0x10
[    0.938418]  __x64_sys_sendto+0xdb/0x1b0
[    0.938574]  ? clear_bhb_loop+0x55/0xb0
[    0.938725]  ? clear_bhb_loop+0x55/0xb0
[    0.938877]  ? clear_bhb_loop+0x55/0xb0
[    0.939029]  do_syscall_64+0xa6/0x1a0
[    0.939176]  entry_SYSCALL_64_after_hwframe+0x77/0x7f
[    0.939374] RIP: 0033:0x43c503
[    0.939498] Code: 64 89 02 48 c7 c0 ff ff ff ff eb b7 66 2e 0f 1f 84 00 00 00 00 00 90 80 3d 81 1b 07 00 00 41 89 ca 74 14 b8 2c 00 00 00 0f 05 <48> 3d 00 f0 ff ff 77 75 c3 0f 1f 40 00 55 48 83 ec 30 44 89 4c 24
[    0.940205] RSP: 002b:00007ffc058019e8 EFLAGS: 00000202 ORIG_RAX: 000000000000002c
[    0.940498] RAX: ffffffffffffffda RBX: 0000000000000003 RCX: 000000000043c503
[    0.940773] RDX: 0000000000000001 RSI: 00007ffc05801a1f RDI: 0000000000000005
[    0.941048] RBP: 0000000000000008 R08: 00007ffc05801a30 R09: 0000000000000010
[    0.941325] R10: 0000000000000000 R11: 0000000000000202 R12: 0000000000000005
[    0.941601] R13: 00007ffc05801a40 R14: 00007ffc05801a30 R15: 00007ffc05801a1f
[    0.941876]  </TASK>
[    0.941967] 
[    0.942032] Allocated by task 66:
[    0.942167]  kasan_save_stack+0x33/0x60
[    0.942319]  kasan_save_track+0x14/0x30
[    0.942470]  __kasan_kmalloc+0x8f/0xa0
[    0.942619]  drr_change_class+0x36f/0xae0
[    0.942777]  tc_ctl_tclass+0x3d6/0x12a0
[    0.942929]  rtnetlink_rcv_msg+0x365/0xa40
[    0.943092]  netlink_rcv_skb+0x12f/0x370
[    0.943247]  netlink_unicast+0x5c2/0x830
[    0.943402]  netlink_sendmsg+0x75c/0xc00
[    0.943557]  __sys_sendto+0x3ae/0x420
[    0.943703]  __x64_sys_sendto+0xdb/0x1b0
[    0.943858]  do_syscall_64+0xa6/0x1a0
[    0.944004]  entry_SYSCALL_64_after_hwframe+0x77/0x7f
[    0.944199] 
[    0.944265] Freed by task 66:
[    0.944385]  kasan_save_stack+0x33/0x60
[    0.944537]  kasan_save_track+0x14/0x30
[    0.944689]  kasan_save_free_info+0x3b/0x60
[    0.944854]  __kasan_slab_free+0x37/0x50
[    0.945009]  kfree+0xcf/0x360
[    0.945133]  drr_delete_class+0x2c4/0x470
[    0.945290]  tc_ctl_tclass+0xe7d/0x12a0
[    0.945442]  rtnetlink_rcv_msg+0x365/0xa40
[    0.945604]  netlink_rcv_skb+0x12f/0x370
[    0.945759]  netlink_unicast+0x5c2/0x830
[    0.945914]  netlink_sendmsg+0x75c/0xc00
[    0.946072]  __sys_sendto+0x3ae/0x420
[    0.946219]  __x64_sys_sendto+0xdb/0x1b0
[    0.946374]  do_syscall_64+0xa6/0x1a0
[    0.946519]  entry_SYSCALL_64_after_hwframe+0x77/0x7f
[    0.946716] 
[    0.946782] The buggy address belongs to the object at ffff888009871200
[    0.946782]  which belongs to the cache kmalloc-128 of size 128
[    0.947256] The buggy address is located 88 bytes inside of
[    0.947256]  freed 128-byte region [ffff888009871200, ffff888009871280)
[    0.947718] 
[    0.947783] The buggy address belongs to the physical page:
[    0.947999] page: refcount:1 mapcount:0 mapping:0000000000000000 index:0x0 pfn:0x9871
[    0.948301] flags: 0x100000000000000(node=0|zone=1)
[    0.948493] page_type: f5(slab)
[    0.948621] raw: 0100000000000000 ffff888006841a00 dead000000000122 0000000000000000
[    0.948920] raw: 0000000000000000 0000000080100010 00000001f5000000 0000000000000000
[    0.949218] page dumped because: kasan: bad access detected
[    0.949435] 
[    0.949500] Memory state around the buggy address:
[    0.949688]  ffff888009871100: fa fb fb fb fb fb fb fb fb fb fb fb fb fb fb fb
[    0.949967]  ffff888009871180: fc fc fc fc fc fc fc fc fc fc fc fc fc fc fc fc
[    0.950248] >ffff888009871200: fa fb fb fb fb fb fb fb fb fb fb fb fb fb fb fb
[    0.950527]                                                     ^
[    0.950763]  ffff888009871280: fc fc fc fc fc fc fc fc fc fc fc fc fc fc fc fc
[    0.951042]  ffff888009871300: 00 00 00 00 00 00 00 00 00 00 00 00 00 00 fc fc
[    0.951323] ==================================================================
[    0.951604] Disabling lock debugging due to kernel taint
[    0.951811] drr_dequeue: pfifo qdisc 309: is non-work-conserving?
poc: post-trigger packets sent
poc: done (expect KASAN use-after-free in drr_dequeue / qdisc_tree_reduce_backlog)
[    0.953371] poc (66) used greatest stack depth: 25888 bytes left
---- poc end rc=0 ----
secb: poc exited without crashing the kernel
[    1.281244] input: ImExPS/2 Generic Explorer Mouse as /devices/platform/i8042/serio1/input/input3
[    2.194550] ACPI: PM: Preparing to enter system sleep state S5
[    2.194983] reboot: Power down
CONFIRMED: KASAN_UAF
