c[?7l[2J[0mSeaBIOS (version 1.16.2-debian-1.16.2-1)


iPXE (http://ipxe.org) 00:03.0 CA00 PCI2.10 PnP PMM+7EFCEF00+7EF0EF00 CA00
Press Ctrl-B to configure iPXE (PCI 00:03.0)...                                                                               


Booting from ROM..c[?7l[2J[    0.000000] Linux version 6.6.0-rc5-01555-g35c038b0a4be-dirty (root@buildkitsandbox) (gcc (Debian 12.2.0-14+deb12u1) 12.2.0, GNU ld (GNU Binutils for Debian) 2.40) #1 SMP PREEMPT_DYNAMIC Tue May  5 10:07:04 UTC 2026
[    0.000000] Command line: console=ttyS0 oops=panic nokaslr rdinit=/init
[    0.000000] BIOS-provided physical RAM map:
[    0.000000] BIOS-e820: [mem 0x0000000000000000-0x000000000009fbff] usable
[    0.000000] BIOS-e820: [mem 0x000000000009fc00-0x000000000009ffff] reserved
[    0.000000] BIOS-e820: [mem 0x00000000000f0000-0x00000000000fffff] reserved
[    0.000000] BIOS-e820: [mem 0x0000000000100000-0x000000007ffdffff] usable
[    0.000000] BIOS-e820: [mem 0x000000007ffe0000-0x000000007fffffff] reserved
[    0.000000] BIOS-e820: [mem 0x00000000feffc000-0x00000000feffffff] reserved
[    0.000000] BIOS-e820: [mem 0x00000000fffc0000-0x00000000ffffffff] reserved
[    0.000000] NX (Execute Disable) protection: active
[    0.000000] APIC: Static calls initialized
[    0.000000] SMBIOS 2.8 present.
[    0.000000] DMI: QEMU Standard PC (i440FX + PIIX, 1996), BIOS 1.16.2-debian-1.16.2-1 04/01/2014
[    0.000000] Hypervisor detected: KVM
[    0.000000] kvm-clock: Using msrs 4b564d01 and 4b564d00
[    0.000001] kvm-clock: using sched offset of 285957772 cycles
[    0.000003] clocksource: kvm-clock: mask: 0xffffffffffffffff max_cycles: 0x1cd42e4dffb, max_idle_ns: 881590591483 ns
[    0.000005] tsc: Detected 3187.200 MHz processor
[    0.000299] last_pfn = 0x7ffe0 max_arch_pfn = 0x400000000
[    0.000320] MTRR map: 4 entries (3 fixed + 1 variable; max 19), built from 8 variable MTRRs
[    0.000322] x86/PAT: Configuration [0-7]: WB  WC  UC- UC  WB  WP  UC- WT  
[    0.002100] found SMP MP-table at [mem 0x000f5ba0-0x000f5baf]
[    0.002109] Using GB pages for direct mapping
[    0.002110] Incomplete global flushes, disabling PCID
[    0.002402] RAMDISK: [mem 0x7fe91000-0x7ffdffff]
[    0.002405] ACPI: Early table checksum verification disabled
[    0.002407] ACPI: RSDP 0x00000000000F59D0 000014 (v00 BOCHS )
[    0.002410] ACPI: RSDT 0x000000007FFE1B33 000034 (v01 BOCHS  BXPC     00000001 BXPC 00000001)
[    0.002414] ACPI: FACP 0x000000007FFE19DF 000074 (v01 BOCHS  BXPC     00000001 BXPC 00000001)
[    0.002419] ACPI: DSDT 0x000000007FFE0040 00199F (v01 BOCHS  BXPC     00000001 BXPC 00000001)
[    0.002422] ACPI: FACS 0x000000007FFE0000 000040
[    0.002424] ACPI: APIC 0x000000007FFE1A53 000080 (v01 BOCHS  BXPC     00000001 BXPC 00000001)
[    0.002426] ACPI: HPET 0x000000007FFE1AD3 000038 (v01 BOCHS  BXPC     00000001 BXPC 00000001)
[    0.002428] ACPI: WAET 0x000000007FFE1B0B 000028 (v01 BOCHS  BXPC     00000001 BXPC 00000001)
[    0.002430] ACPI: Reserving FACP table memory at [mem 0x7ffe19df-0x7ffe1a52]
[    0.002431] ACPI: Reserving DSDT table memory at [mem 0x7ffe0040-0x7ffe19de]
[    0.002432] ACPI: Reserving FACS table memory at [mem 0x7ffe0000-0x7ffe003f]
[    0.002432] ACPI: Reserving APIC table memory at [mem 0x7ffe1a53-0x7ffe1ad2]
[    0.002433] ACPI: Reserving HPET table memory at [mem 0x7ffe1ad3-0x7ffe1b0a]
[    0.002433] ACPI: Reserving WAET table memory at [mem 0x7ffe1b0b-0x7ffe1b32]
[    0.002608] No NUMA configuration found
[    0.002609] Faking a node at [mem 0x0000000000000000-0x000000007ffdffff]
[    0.002610] NODE_DATA(0) allocated [mem 0x7fe8d000-0x7fe90fff]
[    0.002618] Zone ranges:
[    0.002618]   DMA      [mem 0x0000000000001000-0x0000000000ffffff]
[    0.002620]   DMA32    [mem 0x0000000001000000-0x000000007ffdffff]
[    0.002620]   Normal   empty
[    0.002621] Movable zone start for each node
[    0.002621] Early memory node ranges
[    0.002622]   node   0: [mem 0x0000000000001000-0x000000000009efff]
[    0.002623]   node   0: [mem 0x0000000000100000-0x000000007ffdffff]
[    0.002623] Initmem setup node 0 [mem 0x0000000000001000-0x000000007ffdffff]
[    0.003341] On node 0, zone DMA: 1 pages in unavailable ranges
[    0.003378] On node 0, zone DMA: 97 pages in unavailable ranges
[    0.023810] On node 0, zone DMA32: 32 pages in unavailable ranges
[    0.168509] kasan: KernelAddressSanitizer initialized
[    0.168712] ACPI: PM-Timer IO Port: 0x608
[    0.168719] ACPI: LAPIC_NMI (acpi_id[0xff] dfl dfl lint[0x1])
[    0.168746] IOAPIC[0]: apic_id 0, version 17, address 0xfec00000, GSI 0-23
[    0.168748] ACPI: INT_SRC_OVR (bus 0 bus_irq 0 global_irq 2 dfl dfl)
[    0.168750] ACPI: INT_SRC_OVR (bus 0 bus_irq 5 global_irq 5 high level)
[    0.168750] ACPI: INT_SRC_OVR (bus 0 bus_irq 9 global_irq 9 high level)
[    0.168751] ACPI: INT_SRC_OVR (bus 0 bus_irq 10 global_irq 10 high level)
[    0.168752] ACPI: INT_SRC_OVR (bus 0 bus_irq 11 global_irq 11 high level)
[    0.168754] ACPI: Using ACPI (MADT) for SMP configuration information
[    0.168754] ACPI: HPET id: 0x8086a201 base: 0xfed00000
[    0.168757] TSC deadline timer available
[    0.168758] smpboot: Allowing 2 CPUs, 0 hotplug CPUs
[    0.168772] kvm-guest: APIC: eoi() replaced with kvm_guest_apic_eoi_write()
[    0.168785] kvm-guest: KVM setup pv remote TLB flush
[    0.168787] kvm-guest: setup PV sched yield
[    0.168791] PM: hibernation: Registered nosave memory: [mem 0x00000000-0x00000fff]
[    0.168793] PM: hibernation: Registered nosave memory: [mem 0x0009f000-0x0009ffff]
[    0.168793] PM: hibernation: Registered nosave memory: [mem 0x000a0000-0x000effff]
[    0.168794] PM: hibernation: Registered nosave memory: [mem 0x000f0000-0x000fffff]
[    0.168795] [mem 0x80000000-0xfeffbfff] available for PCI devices
[    0.168796] Booting paravirtualized kernel on KVM
[    0.168797] clocksource: refined-jiffies: mask: 0xffffffff max_cycles: 0xffffffff, max_idle_ns: 1910969940391419 ns
[    0.177126] setup_percpu: NR_CPUS:64 nr_cpumask_bits:2 nr_cpu_ids:2 nr_node_ids:1
[    0.177942] percpu: Embedded 66 pages/cpu s232744 r8192 d29400 u1048576
[    0.177970] Kernel command line: console=ttyS0 oops=panic nokaslr rdinit=/init
[    0.178014] random: crng init done
[    0.178092] Dentry cache hash table entries: 262144 (order: 9, 2097152 bytes, linear)
[    0.179196] Inode-cache hash table entries: 131072 (order: 8, 1048576 bytes, linear)
[    0.179229] Fallback order for Node 0: 0 
[    0.179231] Built 1 zonelists, mobility grouping on.  Total pages: 515808
[    0.179232] Policy zone: DMA32
[    0.179233] mem auto-init: stack:all(zero), heap alloc:off, heap free:off
[    0.179233] stackdepot: allocating hash table via alloc_large_system_hash
[    0.183670] stackdepot hash table entries: 1048576 (order: 11, 8388608 bytes, linear)
[    0.203519] Memory: 1690652K/2096632K available (49152K kernel code, 8037K rwdata, 10316K rodata, 5712K init, 2668K bss, 405724K reserved, 0K cma-reserved)
[    0.203641] SLUB: HWalign=64, Order=0-3, MinObjects=0, CPUs=2, Nodes=1
[    0.204603] Dynamic Preempt: voluntary
[    0.205751] rcu: Preemptible hierarchical RCU implementation.
[    0.205752] rcu: 	RCU event tracing is enabled.
[    0.205752] rcu: 	RCU restricting CPUs from NR_CPUS=64 to nr_cpu_ids=2.
[    0.205753] 	Trampoline variant of Tasks RCU enabled.
[    0.205754] rcu: RCU calculated value of scheduler-enlistment delay is 100 jiffies.
[    0.205755] rcu: Adjusting geometry for rcu_fanout_leaf=16, nr_cpu_ids=2
[    0.211727] NR_IRQS: 4352, nr_irqs: 440, preallocated irqs: 16
[    0.211947] rcu: srcu_init: Setting srcu_struct sizes based on contention.
[    0.214150] Console: colour VGA+ 80x25
[    0.214176] printk: console [ttyS0] enabled
[    0.250024] ACPI: Core revision 20230628
[    0.250363] clocksource: hpet: mask: 0xffffffff max_cycles: 0xffffffff, max_idle_ns: 19112604467 ns
[    0.250916] APIC: Switch to symmetric I/O mode setup
[    0.251323] kvm-guest: APIC: send_IPI_mask() replaced with kvm_send_ipi_mask()
[    0.251724] kvm-guest: APIC: send_IPI_mask_allbutself() replaced with kvm_send_ipi_mask_allbutself()
[    0.252356] kvm-guest: setup PV IPIs
[    0.253185] ..TIMER: vector=0x30 apic1=0 pin1=2 apic2=-1 pin2=-1
[    0.253530] clocksource: tsc-early: mask: 0xffffffffffffffff max_cycles: 0x2df10e7656b, max_idle_ns: 440795364873 ns
[    0.254229] Calibrating delay loop (skipped) preset value.. 6374.40 BogoMIPS (lpj=3187200)
[    0.254761] x86/cpu: User Mode Instruction Prevention (UMIP) activated
[    0.255277] Last level iTLB entries: 4KB 0, 2MB 0, 4MB 0
[    0.255576] Last level dTLB entries: 4KB 0, 2MB 0, 4MB 0, 1GB 0
[    0.256229] Spectre V1 : Mitigation: usercopy/swapgs barriers and __user pointer sanitization
[    0.256699] Spectre V2 : Mitigation: Enhanced / Automatic IBRS
[    0.257020] Spectre V2 : Spectre v2 / SpectreRSB mitigation: Filling RSB on context switch
[    0.257225] Spectre V2 : Spectre v2 / PBRSB-eIBRS: Retire a single CALL on VMEXIT
[    0.257642] Spectre V2 : mitigation: Enabling conditional Indirect Branch Prediction Barrier
[    0.258227] Speculative Store Bypass: Mitigation: Speculative Store Bypass disabled via prctl
[    0.258701] MMIO Stale Data: Unknown: No mitigations
[    0.259238] x86/fpu: Supporting XSAVE feature 0x001: 'x87 floating point registers'
[    0.259677] x86/fpu: Supporting XSAVE feature 0x002: 'SSE registers'
[    0.260038] x86/fpu: Supporting XSAVE feature 0x004: 'AVX registers'
[    0.260226] x86/fpu: Supporting XSAVE feature 0x200: 'Protection Keys User registers'
[    0.260671] x86/fpu: xstate_offset[2]:  576, xstate_sizes[2]:  256
[    0.261225] x86/fpu: xstate_offset[9]:  832, xstate_sizes[9]:    8
[    0.261580] x86/fpu: Enabled xstate features 0x207, context size is 840 bytes, using 'compacted' format.
[    0.278655] Freeing SMP alternatives memory: 48K
[    0.278974] pid_max: default: 32768 minimum: 301
[    0.279265] LSM: initializing lsm=capability,selinux,integrity
[    0.279607] SELinux:  Initializing.
[    0.279867] Mount-cache hash table entries: 4096 (order: 3, 32768 bytes, linear)
[    0.281227] Mountpoint-cache hash table entries: 4096 (order: 3, 32768 bytes, linear)
[    0.282450] smpboot: CPU0: Intel(R) Core(TM) i9-14900K (family: 0x6, model: 0xb7, stepping: 0x1)
[    0.283131] RCU Tasks: Setting shift to 1 and lim to 1 rcu_task_cb_adjust=1.
[    0.283241] Performance Events: unsupported p6 CPU model 183 no PMU driver, software events only.
[    0.283763] signal: max sigframe size: 3632
[    0.284031] rcu: Hierarchical SRCU implementation.
[    0.284226] rcu: 	Max phase no-delay instances is 400.
[    0.284872] smp: Bringing up secondary CPUs ...
[    0.285272] smpboot: x86: Booting SMP configuration:
[    0.285555] .... node  #0, CPUs:      #1
[    0.285620] smp: Brought up 1 node, 2 CPUs
[    0.286226] smpboot: Max logical packages: 1
[    0.286471] smpboot: Total of 2 processors activated (12748.80 BogoMIPS)
[    0.287241] devtmpfs: initialized
[    0.289347] clocksource: jiffies: mask: 0xffffffff max_cycles: 0xffffffff, max_idle_ns: 1911260446275000 ns
[    0.289871] futex hash table entries: 512 (order: 3, 32768 bytes, linear)
[    0.290327] PM: RTC time: 10:10:10, date: 2026-05-05
[    0.290719] NET: Registered PF_NETLINK/PF_ROUTE protocol family
[    0.291244] audit: initializing netlink subsys (disabled)
[    0.291583] audit: type=2000 audit(1777975810.731:1): state=initialized audit_enabled=0 res=1
[    0.291583] thermal_sys: Registered thermal governor 'step_wise'
[    0.291754] thermal_sys: Registered thermal governor 'user_space'
[    0.292238] cpuidle: using governor menu
[    0.292996] PCI: Using configuration type 1 for base access
[    0.293356] kprobes: kprobe jump-optimization is enabled. All kprobes are optimized if possible.
[    0.296283] HugeTLB: registered 2.00 MiB page size, pre-allocated 0 pages
[    0.296646] HugeTLB: 28 KiB vmemmap can be freed for a 2.00 MiB page
[    0.297294] ACPI: Added _OSI(Module Device)
[    0.297537] ACPI: Added _OSI(Processor Device)
[    0.297794] ACPI: Added _OSI(3.0 _SCP Extensions)
[    0.298064] ACPI: Added _OSI(Processor Aggregator Device)
[    0.304771] ACPI: 1 ACPI AML tables successfully acquired and loaded
[    0.311957] ACPI: _OSC evaluation for CPUs failed, trying _PDC
[    0.312693] ACPI: Interpreter enabled
[    0.312933] ACPI: PM: (supports S0 S3 S4 S5)
[    0.313179] ACPI: Using IOAPIC for interrupt routing
[    0.313251] PCI: Using host bridge windows from ACPI; if necessary, use "pci=nocrs" and report a bug
[    0.313768] PCI: Using E820 reservations for host bridge windows
[    0.314433] ACPI: Enabled 2 GPEs in block 00 to 0F
[    0.324395] ACPI: PCI Root Bridge [PCI0] (domain 0000 [bus 00-ff])
[    0.324762] acpi PNP0A03:00: _OSC: OS supports [ASPM ClockPM Segments MSI HPX-Type3]
[    0.325207] acpi PNP0A03:00: _OSC: not requesting OS control; OS requires [ExtendedConfig ASPM ClockPM MSI]
[    0.326273] acpi PNP0A03:00: fail to add MMCONFIG information, can't access extended configuration space under this bridge
[    0.327051] PCI host bridge to bus 0000:00
[    0.327227] pci_bus 0000:00: root bus resource [io  0x0000-0x0cf7 window]
[    0.327615] pci_bus 0000:00: root bus resource [io  0x0d00-0xffff window]
[    0.328001] pci_bus 0000:00: root bus resource [mem 0x000a0000-0x000bffff window]
[    0.328226] pci_bus 0000:00: root bus resource [mem 0x80000000-0xfebfffff window]
[    0.328653] pci_bus 0000:00: root bus resource [mem 0x100000000-0x17fffffff window]
[    0.329087] pci_bus 0000:00: root bus resource [bus 00-ff]
[    0.329273] pci 0000:00:00.0: [8086:1237] type 00 class 0x060000
[    0.333361] pci 0000:00:01.0: [8086:7000] type 00 class 0x060100
[    0.338738] pci 0000:00:01.1: [8086:7010] type 00 class 0x010180
[    0.340108] pci 0000:00:01.1: reg 0x20: [io  0xc040-0xc04f]
[    0.340591] pci 0000:00:01.1: legacy IDE quirk: reg 0x10: [io  0x01f0-0x01f7]
[    0.340999] pci 0000:00:01.1: legacy IDE quirk: reg 0x14: [io  0x03f6]
[    0.341230] pci 0000:00:01.1: legacy IDE quirk: reg 0x18: [io  0x0170-0x0177]
[    0.341635] pci 0000:00:01.1: legacy IDE quirk: reg 0x1c: [io  0x0376]
[    0.342164] pci 0000:00:01.3: [8086:7113] type 00 class 0x068000
[    0.342449] pci 0000:00:01.3: quirk: [io  0x0600-0x063f] claimed by PIIX4 ACPI
[    0.342865] pci 0000:00:01.3: quirk: [io  0x0700-0x070f] claimed by PIIX4 SMB
[    0.343372] pci 0000:00:02.0: [1234:1111] type 00 class 0x030000
[    0.344230] pci 0000:00:02.0: reg 0x10: [mem 0xfd000000-0xfdffffff pref]
[    0.346969] pci 0000:00:02.0: reg 0x18: [mem 0xfebf0000-0xfebf0fff]
[    0.348420] pci 0000:00:02.0: reg 0x30: [mem 0xfebe0000-0xfebeffff pref]
[    0.348868] pci 0000:00:02.0: Video device with shadowed ROM at [mem 0x000c0000-0x000dffff]
[    0.352844] pci 0000:00:03.0: [8086:100e] type 00 class 0x020000
[    0.353458] pci 0000:00:03.0: reg 0x10: [mem 0xfebc0000-0xfebdffff]
[    0.354212] pci 0000:00:03.0: reg 0x14: [io  0xc000-0xc03f]
[    0.356211] pci 0000:00:03.0: reg 0x30: [mem 0xfeb80000-0xfebbffff pref]
[    0.362094] ACPI: PCI: Interrupt link LNKA configured for IRQ 10
[    0.362577] ACPI: PCI: Interrupt link LNKB configured for IRQ 10
[    0.363268] ACPI: PCI: Interrupt link LNKC configured for IRQ 11
[    0.364021] ACPI: PCI: Interrupt link LNKD configured for IRQ 11
[    0.365368] ACPI: PCI: Interrupt link LNKS configured for IRQ 9
[    0.365661] iommu: Default domain type: Translated
[    0.365941] iommu: DMA domain TLB invalidation policy: lazy mode
[    0.366224] SCSI subsystem initialized
[    0.367303] ACPI: bus type USB registered
[    0.367569] usbcore: registered new interface driver usbfs
[    0.368240] usbcore: registered new interface driver hub
[    0.368558] usbcore: registered new device driver usb
[    0.368888] pps_core: LinuxPPS API ver. 1 registered
[    0.369176] pps_core: Software ver. 5.3.6 - Copyright 2005-2007 Rodolfo Giometti <giometti@linux.it>
[    0.369233] PTP clock support registered
[    0.369498] Advanced Linux Sound Architecture Driver Initialized.
[    0.370313] NetLabel: Initializing
[    0.370514] NetLabel:  domain hash size = 128
[    0.370768] NetLabel:  protocols = UNLABELED CIPSOv4 CALIPSO
[    0.371127] NetLabel:  unlabeled traffic allowed by default
[    0.371278] PCI: Using ACPI for IRQ routing
[    0.372242] pci 0000:00:02.0: vgaarb: setting as boot VGA device
[    0.372585] pci 0000:00:02.0: vgaarb: bridge control possible
[    0.372921] pci 0000:00:02.0: vgaarb: VGA device added: decodes=io+mem,owns=io+mem,locks=none
[    0.373227] vgaarb: loaded
[    0.373455] hpet0: at MMIO 0xfed00000, IRQs 2, 8, 0
[    0.373744] hpet0: 3 comparators, 64-bit 100.000000 MHz counter
[    0.380276] clocksource: Switched to clocksource kvm-clock
[    0.380781] VFS: Disk quotas dquot_6.6.0
[    0.381030] VFS: Dquot-cache hash table entries: 512 (order 0, 4096 bytes)
[    0.382208] pnp: PnP ACPI init
[    0.383444] pnp: PnP ACPI: found 6 devices
[    0.390439] clocksource: acpi_pm: mask: 0xffffff max_cycles: 0xffffff, max_idle_ns: 2085701024 ns
[    0.391005] NET: Registered PF_INET protocol family
[    0.391337] IP idents hash table entries: 32768 (order: 6, 262144 bytes, linear)
[    0.392162] tcp_listen_portaddr_hash hash table entries: 1024 (order: 2, 16384 bytes, linear)
[    0.392658] Table-perturb hash table entries: 65536 (order: 6, 262144 bytes, linear)
[    0.393113] TCP established hash table entries: 16384 (order: 5, 131072 bytes, linear)
[    0.393594] TCP bind hash table entries: 16384 (order: 7, 524288 bytes, linear)
[    0.394819] TCP: Hash tables configured (established 16384 bind 16384)
[    0.395243] UDP hash table entries: 1024 (order: 3, 32768 bytes, linear)
[    0.395647] UDP-Lite hash table entries: 1024 (order: 3, 32768 bytes, linear)
[    0.396137] NET: Registered PF_UNIX/PF_LOCAL protocol family
[    0.396631] RPC: Registered named UNIX socket transport module.
[    0.396977] RPC: Registered udp transport module.
[    0.397250] RPC: Registered tcp transport module.
[    0.397530] RPC: Registered tcp-with-tls transport module.
[    0.397850] RPC: Registered tcp NFSv4.1 backchannel transport module.
[    0.398542] pci_bus 0000:00: resource 4 [io  0x0000-0x0cf7 window]
[    0.398902] pci_bus 0000:00: resource 5 [io  0x0d00-0xffff window]
[    0.399260] pci_bus 0000:00: resource 6 [mem 0x000a0000-0x000bffff window]
[    0.399659] pci_bus 0000:00: resource 7 [mem 0x80000000-0xfebfffff window]
[    0.400057] pci_bus 0000:00: resource 8 [mem 0x100000000-0x17fffffff window]
[    0.400550] pci 0000:00:01.0: PIIX3: Enabling Passive Release
[    0.400891] pci 0000:00:00.0: Limiting direct PCI/PCI transfers
[    0.401263] PCI: CLS 0 bytes, default 64
[    0.401602] Unpacking initramfs...
[    0.403506] RAPL PMU: API unit is 2^-32 Joules, 0 fixed counters, 10737418240 ms ovfl timer
[    0.404016] clocksource: tsc: mask: 0xffffffffffffffff max_cycles: 0x2df10e7656b, max_idle_ns: 440795364873 ns
[    0.407405] Initialise system trusted keyrings
[    0.407726] workingset: timestamp_bits=56 max_order=19 bucket_order=0
[    0.408390] NFS: Registering the id_resolver key type
[    0.408693] Key type id_resolver registered
[    0.408941] Key type id_legacy registered
[    0.409217] 9p: Installing v9fs 9p2000 file system support
[    0.414309] Key type asymmetric registered
[    0.414609] Asymmetric key parser 'x509' registered
[    0.414932] Block layer SCSI generic (bsg) driver version 0.4 loaded (major 251)
[    0.415388] io scheduler mq-deadline registered
[    0.415659] io scheduler kyber registered
[    0.416089] input: Power Button as /devices/LNXSYSTM:00/LNXPWRBN:00/input/input0
[    0.416441] Freeing initrd memory: 1340K
[    0.416953] ACPI: button: Power Button [PWRF]
[    0.417557] Serial: 8250/16550 driver, 4 ports, IRQ sharing enabled
[    0.418089] 00:04: ttyS0 at I/O 0x3f8 (irq = 4, base_baud = 115200) is a 16550A
[    0.420841] Non-volatile memory driver v1.3
[    0.421096] Linux agpgart interface v0.103
[    0.421417] ACPI: bus type drm_connector registered
[    0.424014] loop: module loaded
[    0.425168] scsi host0: ata_piix
[    0.425577] scsi host1: ata_piix
[    0.425849] ata1: PATA max MWDMA2 cmd 0x1f0 ctl 0x3f6 bmdma 0xc040 irq 14
[    0.426245] ata2: PATA max MWDMA2 cmd 0x170 ctl 0x376 bmdma 0xc048 irq 15
[    0.427328] e100: Intel(R) PRO/100 Network Driver
[    0.427608] e100: Copyright(c) 1999-2006 Intel Corporation
[    0.427947] e1000: Intel(R) PRO/1000 Network Driver
[    0.428241] e1000: Copyright (c) 1999-2006 Intel Corporation.
[    0.579483] ata2: found unknown device (class 0)
[    0.581149] ata2.00: ATAPI: QEMU DVD-ROM, 2.5+, max UDMA/100
[    0.583426] scsi 1:0:0:0: CD-ROM            QEMU     QEMU DVD-ROM     2.5+ PQ: 0 ANSI: 5
[    0.602106] sr 1:0:0:0: [sr0] scsi3-mmc drive: 4x/4x cd/rw xa/form2 tray
[    0.603286] cdrom: Uniform CD-ROM driver Revision: 3.20
[    0.610170] sr 1:0:0:0: Attached scsi generic sg0 type 5
[    0.732220] ACPI: \_SB_.LNKC: Enabled at IRQ 11
[    1.021846] e1000 0000:00:03.0 eth0: (PCI:33MHz:32-bit) 52:54:00:12:34:56
[    1.022249] e1000 0000:00:03.0 eth0: Intel(R) PRO/1000 Network Connection
[    1.022819] e1000e: Intel(R) PRO/1000 Network Driver
[    1.023111] e1000e: Copyright(c) 1999 - 2015 Intel Corporation.
[    1.023480] sky2: driver version 1.30
[    1.023944] usbcore: registered new interface driver usblp
[    1.024285] usbcore: registered new interface driver usb-storage
[    1.024684] i8042: PNP: PS/2 Controller [PNP0303:KBD,PNP0f13:MOU] at 0x60,0x64 irq 1,12
[    1.025616] serio: i8042 KBD port at 0x60,0x64 irq 1
[    1.025912] serio: i8042 AUX port at 0x60,0x64 irq 12
[    1.026542] input: AT Translated Set 2 keyboard as /devices/platform/i8042/serio0/input/input1
[    1.027304] rtc_cmos 00:05: RTC can wake from S4
[    1.028212] rtc_cmos 00:05: registered as rtc0
[    1.028577] rtc_cmos 00:05: alarms up to one day, y3k, 242 bytes nvram, hpet irqs
[    1.029321] device-mapper: ioctl: 4.48.0-ioctl (2023-03-01) initialised: dm-devel@redhat.com
[    1.029818] intel_pstate: CPU model not supported
[    1.030116] hid: raw HID events driver (C) Jiri Kosina
[    1.032071] usbcore: registered new interface driver usbhid
[    1.032403] usbhid: USB HID core driver
[    1.033105] Initializing XFRM netlink socket
[    1.033400] NET: Registered PF_INET6 protocol family
[    1.034046] Segment Routing with IPv6
[    1.034277] In-situ OAM (IOAM) with IPv6
[    1.034549] sit: IPv6, IPv4 and MPLS over IPv4 tunneling driver
[    1.035117] NET: Registered PF_PACKET protocol family
[    1.035449] 9pnet: Installing 9P2000 support
[    1.035721] Key type dns_resolver registered
[    1.036183] IPI shorthand broadcast: enabled
[    1.046035] sched_clock: Marking stable (1006001494, 39272007)->(1046871308, -1597807)
[    1.046670] registered taskstats version 1
[    1.046914] Loading compiled-in X.509 certificates
[    1.052795] PM:   Magic number: 10:45:173
[    1.053067] printk: console [netcon0] enabled
[    1.053325] netconsole: network logging started
[    1.053663] cfg80211: Loading compiled-in X.509 certificates for regulatory database
[    1.054901] kworker/u4:1 (52) used greatest stack depth: 29536 bytes left
[    1.055604] Loaded X.509 cert 'sforshee: 00b28ddf47aef9cea7'
[    1.055980] platform regulatory.0: Direct firmware load for regulatory.db failed with error -2
[    1.056481] cfg80211: failed to load regulatory.db
[    1.056774] ALSA device list:
[    1.056954]   No soundcards found.
[    1.057876] Freeing unused kernel image (initmem) memory: 5712K
[    1.062303] Write protecting the kernel read-only data: 61440k
[    1.062876] Freeing unused kernel image (rodata/data gap) memory: 1972K
[    1.070548] x86/mm: Checked W+X mappings: passed, no W+X pages found.
[    1.070836] Run /init as init process
[    1.071991] mount (56) used greatest stack depth: 28784 bytes left

secb: rootfs ready
---- poc begin ----
poc: CVE-2024-1086 trigger (kctf exp121 port)
poc: userns ready
poc: lo up
poc: NETLINK_NETFILTER fd=3
poc: ruleset sent (0 errs)
poc: bursting 256 raw IP proto=69 packets to 127.0.0.2 (PRE_ROUTING hook)
[    1.079106] ==================================================================
[    1.079485] BUG: KASAN: slab-use-after-free in ip_rcv+0x24f/0x270
[    1.079814] Read of size 8 at addr ffff888009877290 by task poc/62
[    1.080137] 
[    1.080223] CPU: 1 PID: 62 Comm: poc Not tainted 6.6.0-rc5-01555-g35c038b0a4be-dirty #1
[    1.080531] Hardware name: QEMU Standard PC (i440FX + PIIX, 1996), BIOS 1.16.2-debian-1.16.2-1 04/01/2014
[    1.080898] Call Trace:
[    1.080999]  <IRQ>
[    1.081083]  dump_stack_lvl+0x36/0x50
[    1.081232]  print_report+0xcf/0x660
[    1.081377]  ? ip_rcv+0x24f/0x270
[    1.081511]  kasan_report+0xc7/0x100
[    1.081653]  ? ip_rcv+0x24f/0x270
[    1.081790]  ip_rcv+0x24f/0x270
[    1.081918]  ? __pfx_ip_rcv+0x10/0x10
[    1.082064]  ? __pfx_ip_rcv_finish+0x10/0x10
[    1.082234]  ? __wake_up_common+0x108/0x3f0
[    1.082401]  ? __pfx_ip_rcv+0x10/0x10
[    1.082547]  __netif_receive_skb_one_core+0x163/0x1b0
[    1.082748]  ? __pfx___netif_receive_skb_one_core+0x10/0x10
[    1.082964]  ? _raw_spin_lock_irq+0x81/0xe0
[    1.083130]  process_backlog+0x18b/0x520
[    1.083286]  __napi_poll+0x9e/0x4f0
[    1.083426]  net_rx_action+0x897/0xd50
[    1.083576]  ? __pfx_net_rx_action+0x10/0x10
[    1.083748]  ? serial8250_default_handle_irq+0x80/0x1e0
[    1.083954]  ? serial8250_interrupt+0x102/0x160
[    1.084132]  ? _raw_spin_lock+0x80/0xe0
[    1.084284]  ? __pfx__raw_spin_lock+0x10/0x10
[    1.084457]  __do_softirq+0x1bf/0x5b5
[    1.084604]  ? __pfx___do_softirq+0x10/0x10
[    1.084771]  do_softirq+0x3e/0x60
[    1.084905]  </IRQ>
[    1.084992]  <TASK>
[    1.085080]  __local_bh_enable_ip+0x63/0x70
[    1.085244]  __dev_queue_xmit+0x8bb/0x2e40
[    1.085407]  ? _raw_write_lock_bh+0x84/0xe0
[    1.085572]  ? __pfx__raw_write_lock_bh+0x10/0x10
[    1.085759]  ? __kasan_kmalloc+0x8f/0xa0
[    1.085914]  ? __pfx___dev_queue_xmit+0x10/0x10
[    1.086093]  ? _raw_write_lock_bh+0x84/0xe0
[    1.086258]  ? __pfx__raw_write_lock_bh+0x10/0x10
[    1.086443]  ? eth_header+0x14f/0x180
[    1.086590]  ? neigh_resolve_output+0x3b5/0x7e0
[    1.086772]  ip_finish_output2+0x8f7/0x1ad0
[    1.086937]  ? __pfx___alloc_skb+0x10/0x10
[    1.087099]  ? __pfx_ip_finish_output2+0x10/0x10
[    1.087280]  ? _raw_spin_lock_bh+0x84/0xe0
[    1.087442]  __ip_finish_output.part.0+0x274/0x950
[    1.087630]  ? __pfx___ip_finish_output.part.0+0x10/0x10
[    1.087839]  ? nf_hook_slow+0xa2/0x170
[    1.087989]  ? copyin+0x2a/0x50
[    1.088117]  ip_output+0x25d/0x5d0
[    1.088254]  ? __pfx_ip_output+0x10/0x10
[    1.088409]  ? __pfx_ip_finish_output+0x10/0x10
[    1.088588]  ? netlbl_enabled+0x15/0x60
[    1.088744]  ? selinux_ip_output+0x17/0x170
[    1.088913]  ? nf_hook_slow+0xa2/0x170
[    1.089062]  raw_sendmsg+0x20dc/0x2680
[    1.089213]  ? __pfx_raw_sendmsg+0x10/0x10
[    1.089374]  ? __pfx__raw_spin_lock_irqsave+0x10/0x10
[    1.089573]  ? __pfx_dst_output+0x10/0x10
[    1.089734]  ? _raw_spin_lock_irqsave+0x86/0xe0
[    1.089914]  ? __pfx_selinux_socket_sendmsg+0x10/0x10
[    1.090112]  ? __pfx___wake_up_common_lock+0x10/0x10
[    1.090307]  ? __fget_light+0x52/0x4e0
[    1.090457]  ? __pfx_mutex_unlock+0x10/0x10
[    1.090623]  ? __sys_sendto+0x380/0x430
[    1.090781]  __sys_sendto+0x380/0x430
[    1.090928]  ? __pfx___sys_sendto+0x10/0x10
[    1.091093]  ? ksys_write+0xf9/0x1d0
[    1.091237]  ? __pfx_ksys_write+0x10/0x10
[    1.091396]  __x64_sys_sendto+0xdb/0x1b0
[    1.091551]  ? exit_to_user_mode_prepare+0x2a/0x110
[    1.091745]  ? syscall_exit_to_user_mode+0x2f/0x50
[    1.091934]  do_syscall_64+0x3b/0x90
[    1.092077]  entry_SYSCALL_64_after_hwframe+0x6e/0xd8
[    1.092277] RIP: 0033:0x43bdb3
[    1.092401] Code: c7 c2 b8 ff ff ff f7 d8 64 89 02 48 c7 c0 ff ff ff ff eb b8 0f 1f 00 80 3d b1 c2 06 00 00 41 89 ca 74 14 b8 2c 00 00 00 0f 05 <48> 3d 00 f0 ff ff 77 75 c3 0f 1f 40 00 55 48 83 ec 30 44 89 4c 24
[    1.093110] RSP: 002b:00007fffd3a90198 EFLAGS: 00000202 ORIG_RAX: 000000000000002c
[    1.093402] RAX: ffffffffffffffda RBX: 0000000000000100 RCX: 000000000043bdb3
[    1.093679] RDX: 0000000000000054 RSI: 00007fffd3a90220 RDI: 0000000000000004
[    1.094051] RBP: 00007fffd3a90220 R08: 00007fffd3a90200 R09: 0000000000000010
[    1.094424] R10: 0000000000000000 R11: 0000000000000202 R12: 0000000000000004
[    1.094774] R13: 00007fffd3a90200 R14: 0000000000000000 R15: 0000000000000000
[    1.095049]  </TASK>
[    1.095140] 
[    1.095206] Allocated by task 62:
[    1.095339]  kasan_save_stack+0x33/0x60
[    1.095491]  kasan_set_track+0x25/0x30
[    1.095639]  __kasan_slab_alloc+0x6e/0x70
[    1.095800]  kmem_cache_alloc_node+0x10e/0x280
[    1.095976]  __alloc_skb+0x1cd/0x280
[    1.096118]  alloc_skb_with_frags+0x79/0x620
[    1.096288]  sock_alloc_send_pskb+0x67b/0x810
[    1.096460]  raw_sendmsg+0x1256/0x2680
[    1.096609]  __sys_sendto+0x380/0x430
[    1.096756]  __x64_sys_sendto+0xdb/0x1b0
[    1.096911]  do_syscall_64+0x3b/0x90
[    1.097053]  entry_SYSCALL_64_after_hwframe+0x6e/0xd8
[    1.097250] 
[    1.097316] Freed by task 62:
[    1.097436]  kasan_save_stack+0x33/0x60
[    1.097588]  kasan_set_track+0x25/0x30
[    1.097738]  kasan_save_free_info+0x2b/0x50
[    1.097903]  __kasan_slab_free+0x10a/0x180
[    1.098063]  kmem_cache_free+0xa5/0x370
[    1.098215]  nf_hook_slow+0x127/0x170
[    1.098361]  ip_rcv+0x11a/0x270
[    1.098488]  __netif_receive_skb_one_core+0x163/0x1b0
[    1.098686]  process_backlog+0x18b/0x520
[    1.098841]  __napi_poll+0x9e/0x4f0
[    1.098981]  net_rx_action+0x897/0xd50
[    1.099130]  __do_softirq+0x1bf/0x5b5
[    1.099275] 
[    1.099341] The buggy address belongs to the object at ffff888009877280
[    1.099341]  which belongs to the cache skbuff_head_cache of size 224
[    1.099835] The buggy address is located 16 bytes inside of
[    1.099835]  freed 224-byte region [ffff888009877280, ffff888009877360)
[    1.100295] 
[    1.100361] The buggy address belongs to the physical page:
[    1.100576] page:000000003b8cf1e9 refcount:1 mapcount:0 mapping:0000000000000000 index:0x0 pfn:0x9877
[    1.100929] flags: 0x100000000000800(slab|node=0|zone=1)
[    1.101136] page_type: 0xffffffff()
[    1.101277] raw: 0100000000000800 ffff888006985a00 dead000000000122 0000000000000000
[    1.101573] raw: 0000000000000000 00000000800c000c 00000001ffffffff 0000000000000000
[    1.101871] page dumped because: kasan: bad access detected
[    1.102086] 
[    1.102152] Memory state around the buggy address:
[    1.102339]  ffff888009877180: fb fb fb fb fb fb fb fb fb fb fb fb fb fb fb fb
[    1.102617]  ffff888009877200: fb fb fb fb fc fc fc fc fc fc fc fc fc fc fc fc
[    1.102897] >ffff888009877280: fa fb fb fb fb fb fb fb fb fb fb fb fb fb fb fb
[    1.103182]                          ^
[    1.103335]  ffff888009877300: fb fb fb fb fb fb fb fb fb fb fb fb fc fc fc fc
[    1.103613]  ffff888009877380: fc fc fc fc fc fc fc fc fc fc fc fc fc fc fc fc
[    1.103893] ==================================================================
[    1.104175] Disabling lock debugging due to kernel taint
poc: raw sendto: ok=256 err=0
poc: teardown sent (0 errs)
[    1.653834] input: ImExPS/2 Generic Explorer Mouse as /devices/platform/i8042/serio1/input/input3
[    3.258143] poc (62) used greatest stack depth: 27288 bytes left
poc: done
---- poc end rc=0 ----
secb: poc exited without crashing the kernel
[    4.504778] ACPI: PM: Preparing to enter system sleep state S5
[    4.505220] reboot: Power down
CONFIRMED: KASAN_UAF
