bash: warning: setlocale: LC_ALL: cannot change locale (en_US.UTF-8)
c[?7l[2J[0mSeaBIOS (version 1.16.2-debian-1.16.2-1)


iPXE (http://ipxe.org) 00:03.0 CA00 PCI2.10 PnP PMM+7EFCEF00+7EF0EF00 CA00
Press Ctrl-B to configure iPXE (PCI 00:03.0)...                                                                               


Booting from ROM...
c[?7l[2JNo EFI environment detected.
early console in extract_kernel
input_data: 0x0000000004bec3a8
input_len: 0x0000000001991b47
output: 0x0000000001000000
output_len: 0x0000000005507b14
kernel_total_size: 0x0000000005230000
needed_size: 0x0000000005600000
trampoline_32bit: 0x000000000009d000


KASLR disabled: 'nokaslr' on cmdline.


Decompressing Linux... Parsing ELF... No relocation needed... done.
Booting the kernel (entry_offset: 0x0000000000000000).
[    0.000000] Linux version 6.4.0-04322-gc451410ca7e3-dirty (root@buildkitsandbox) (gcc (Debian 12.2.0-14+deb12u1) 12.2.0, GNU ld (GNU Binutils for Debian) 2.40) #1 SMP PREEMPT_DYNAMIC Sun May 17 09:29:48 UTC 2026
[    0.000000] Command line: console=ttyS0 oops=panic panic=-1 nokaslr earlyprintk=serial
[    0.000000] BIOS-provided physical RAM map:
[    0.000000] BIOS-e820: [mem 0x0000000000000000-0x000000000009fbff] usable
[    0.000000] BIOS-e820: [mem 0x000000000009fc00-0x000000000009ffff] reserved
[    0.000000] BIOS-e820: [mem 0x00000000000f0000-0x00000000000fffff] reserved
[    0.000000] BIOS-e820: [mem 0x0000000000100000-0x000000007ffdffff] usable
[    0.000000] BIOS-e820: [mem 0x000000007ffe0000-0x000000007fffffff] reserved
[    0.000000] BIOS-e820: [mem 0x00000000feffc000-0x00000000feffffff] reserved
[    0.000000] BIOS-e820: [mem 0x00000000fffc0000-0x00000000ffffffff] reserved
[    0.000000] printk: bootconsole [earlyser0] enabled
[    0.000000] NX (Execute Disable) protection: active
[    0.000000] SMBIOS 2.8 present.
[    0.000000] DMI: QEMU Standard PC (i440FX + PIIX, 1996), BIOS 1.16.2-debian-1.16.2-1 04/01/2014
[    0.000000] Hypervisor detected: KVM
[    0.000000] kvm-clock: Using msrs 4b564d01 and 4b564d00
[    0.000002] kvm-clock: using sched offset of 435275332 cycles
[    0.001307] clocksource: kvm-clock: mask: 0xffffffffffffffff max_cycles: 0x1cd42e4dffb, max_idle_ns: 881590591483 ns
[    0.005344] tsc: Detected 2995.198 MHz processor
[    0.008059] last_pfn = 0x7ffe0 max_arch_pfn = 0x400000000
[    0.009526] MTRR map: 4 entries (3 fixed + 1 variable; max 19), built from 8 variable MTRRs
[    0.011620] x86/PAT: Configuration [0-7]: WB  WC  UC- UC  WB  WP  UC- WT  
[    0.019023] found SMP MP-table at [mem 0x000f5ba0-0x000f5baf]
[    0.020583] Using GB pages for direct mapping
[    0.021683] Incomplete global flushes, disabling PCID
[    0.021827] RAMDISK: [mem 0x7fe8f000-0x7ffdffff]
[    0.024923] ACPI: Early table checksum verification disabled
[    0.027052] ACPI: RSDP 0x00000000000F59D0 000014 (v00 BOCHS )
[    0.029023] ACPI: RSDT 0x000000007FFE1B33 000034 (v01 BOCHS  BXPC     00000001 BXPC 00000001)
[    0.031870] ACPI: FACP 0x000000007FFE19DF 000074 (v01 BOCHS  BXPC     00000001 BXPC 00000001)
[    0.034751] ACPI: DSDT 0x000000007FFE0040 00199F (v01 BOCHS  BXPC     00000001 BXPC 00000001)
[    0.036798] ACPI: FACS 0x000000007FFE0000 000040
[    0.037894] ACPI: APIC 0x000000007FFE1A53 000080 (v01 BOCHS  BXPC     00000001 BXPC 00000001)
[    0.040070] ACPI: HPET 0x000000007FFE1AD3 000038 (v01 BOCHS  BXPC     00000001 BXPC 00000001)
[    0.042268] ACPI: WAET 0x000000007FFE1B0B 000028 (v01 BOCHS  BXPC     00000001 BXPC 00000001)
[    0.044835] ACPI: Reserving FACP table memory at [mem 0x7ffe19df-0x7ffe1a52]
[    0.047180] ACPI: Reserving DSDT table memory at [mem 0x7ffe0040-0x7ffe19de]
[    0.049176] ACPI: Reserving FACS table memory at [mem 0x7ffe0000-0x7ffe003f]
[    0.051912] ACPI: Reserving APIC table memory at [mem 0x7ffe1a53-0x7ffe1ad2]
[    0.054256] ACPI: Reserving HPET table memory at [mem 0x7ffe1ad3-0x7ffe1b0a]
[    0.056029] ACPI: Reserving WAET table memory at [mem 0x7ffe1b0b-0x7ffe1b32]
[    0.058360] No NUMA configuration found
[    0.059289] Faking a node at [mem 0x0000000000000000-0x000000007ffdffff]
[    0.060903] NODE_DATA(0) allocated [mem 0x7fe8b000-0x7fe8efff]
[    0.062221] Zone ranges:
[    0.062784]   DMA      [mem 0x0000000000001000-0x0000000000ffffff]
[    0.064762]   DMA32    [mem 0x0000000001000000-0x000000007ffdffff]
[    0.066450]   Normal   empty
[    0.067248] Movable zone start for each node
[    0.068478] Early memory node ranges
[    0.069436]   node   0: [mem 0x0000000000001000-0x000000000009efff]
[    0.071970]   node   0: [mem 0x0000000000100000-0x000000007ffdffff]
[    0.074436] Initmem setup node 0 [mem 0x0000000000001000-0x000000007ffdffff]
[    0.076474] On node 0, zone DMA: 1 pages in unavailable ranges
[    0.076518] On node 0, zone DMA: 97 pages in unavailable ranges
[    0.086334] On node 0, zone DMA32: 32 pages in unavailable ranges
[    0.130098] kasan: KernelAddressSanitizer initialized
[    0.133680] ACPI: PM-Timer IO Port: 0x608
[    0.134893] ACPI: LAPIC_NMI (acpi_id[0xff] dfl dfl lint[0x1])
[    0.138514] IOAPIC[0]: apic_id 0, version 17, address 0xfec00000, GSI 0-23
[    0.140616] ACPI: INT_SRC_OVR (bus 0 bus_irq 0 global_irq 2 dfl dfl)
[    0.142468] ACPI: INT_SRC_OVR (bus 0 bus_irq 5 global_irq 5 high level)
[    0.144467] ACPI: INT_SRC_OVR (bus 0 bus_irq 9 global_irq 9 high level)
[    0.146750] ACPI: INT_SRC_OVR (bus 0 bus_irq 10 global_irq 10 high level)
[    0.148516] ACPI: INT_SRC_OVR (bus 0 bus_irq 11 global_irq 11 high level)
[    0.150376] ACPI: Using ACPI (MADT) for SMP configuration information
[    0.152044] ACPI: HPET id: 0x8086a201 base: 0xfed00000
[    0.153548] TSC deadline timer available
[    0.154945] smpboot: Allowing 2 CPUs, 0 hotplug CPUs
[    0.156643] kvm-guest: KVM setup pv remote TLB flush
[    0.158102] kvm-guest: setup PV sched yield
[    0.159274] PM: hibernation: Registered nosave memory: [mem 0x00000000-0x00000fff]
[    0.161798] PM: hibernation: Registered nosave memory: [mem 0x0009f000-0x0009ffff]
[    0.164390] PM: hibernation: Registered nosave memory: [mem 0x000a0000-0x000effff]
[    0.166529] PM: hibernation: Registered nosave memory: [mem 0x000f0000-0x000fffff]
[    0.168727] [mem 0x80000000-0xfeffbfff] available for PCI devices
[    0.170257] Booting paravirtualized kernel on KVM
[    0.171623] clocksource: refined-jiffies: mask: 0xffffffff max_cycles: 0xffffffff, max_idle_ns: 1910969940391419 ns
[    0.186274] setup_percpu: NR_CPUS:64 nr_cpumask_bits:2 nr_cpu_ids:2 nr_node_ids:1
[    0.188596] percpu: Embedded 66 pages/cpu s232104 r8192 d30040 u1048576
[    0.190555] Kernel command line: console=ttyS0 oops=panic panic=-1 nokaslr earlyprintk=serial
[    0.193965] Unknown kernel command line parameters "nokaslr", will be passed to user space.
[    0.196011] random: crng init done
[    0.197508] Dentry cache hash table entries: 262144 (order: 9, 2097152 bytes, linear)
[    0.199696] Inode-cache hash table entries: 131072 (order: 8, 1048576 bytes, linear)
[    0.204911] Fallback order for Node 0: 0 
[    0.204917] Built 1 zonelists, mobility grouping on.  Total pages: 515808
[    0.207586] Policy zone: DMA32
[    0.208388] mem auto-init: stack:all(zero), heap alloc:off, heap free:off
[    0.210067] stackdepot: allocating hash table via alloc_large_system_hash
[    0.213517] stackdepot hash table entries: 1048576 (order: 11, 8388608 bytes, linear)
[    0.236416] Memory: 1692948K/2096632K available (49152K kernel code, 7939K rwdata, 10036K rodata, 5612K init, 3044K bss, 403428K reserved, 0K cma-reserved)
[    0.239541] SLUB: HWalign=64, Order=0-3, MinObjects=0, CPUs=2, Nodes=1
Poking KASLR using RDRAND RDTSC...
[    0.242838] Dynamic Preempt: voluntary
[    0.243996] rcu: Preemptible hierarchical RCU implementation.
[    0.245280] rcu: 	RCU event tracing is enabled.
[    0.246436] rcu: 	RCU restricting CPUs from NR_CPUS=64 to nr_cpu_ids=2.
[    0.248252] 	Trampoline variant of Tasks RCU enabled.
[    0.249405] rcu: RCU calculated value of scheduler-enlistment delay is 100 jiffies.
[    0.251465] rcu: Adjusting geometry for rcu_fanout_leaf=16, nr_cpu_ids=2
[    0.261808] NR_IRQS: 4352, nr_irqs: 440, preallocated irqs: 16
[    0.263348] rcu: srcu_init: Setting srcu_struct sizes based on contention.
[    0.273245] Console: colour VGA+ 80x25
[    0.274134] printk: console [ttyS0] enabled
[    0.274134] printk: console [ttyS0] enabled
[    0.275959] printk: bootconsole [earlyser0] disabled
[    0.275959] printk: bootconsole [earlyser0] disabled
[    0.278154] ACPI: Core revision 20230331
[    0.279423] clocksource: hpet: mask: 0xffffffff max_cycles: 0xffffffff, max_idle_ns: 19112604467 ns
[    0.281652] APIC: Switch to symmetric I/O mode setup
[    0.282780] kvm-guest: setup PV IPIs
[    0.285579] ..TIMER: vector=0x30 apic1=0 pin1=2 apic2=-1 pin2=-1
[    0.287015] clocksource: tsc-early: mask: 0xffffffffffffffff max_cycles: 0x2b2c8d6afc8, max_idle_ns: 440795331172 ns
[    0.289481] Calibrating delay loop (skipped) preset value.. 5990.39 BogoMIPS (lpj=2995198)
[    0.291022] x86/cpu: User Mode Instruction Prevention (UMIP) activated
[    0.291620] Last level iTLB entries: 4KB 0, 2MB 0, 4MB 0
[    0.292477] Last level dTLB entries: 4KB 0, 2MB 0, 4MB 0, 1GB 0
[    0.293497] Spectre V1 : Mitigation: usercopy/swapgs barriers and __user pointer sanitization
[    0.294486] Spectre V2 : Mitigation: Enhanced / Automatic IBRS
[    0.295478] Spectre V2 : Spectre v2 / SpectreRSB mitigation: Filling RSB on context switch
[    0.296479] Spectre V2 : Spectre v2 / PBRSB-eIBRS: Retire a single CALL on VMEXIT
[    0.297479] RETBleed: Mitigation: Enhanced IBRS
[    0.298482] Spectre V2 : mitigation: Enabling conditional Indirect Branch Prediction Barrier
[    0.299479] Speculative Store Bypass: Mitigation: Speculative Store Bypass disabled via prctl
[    0.301478] MMIO Stale Data: Unknown: No mitigations
[    0.302525] x86/fpu: Supporting XSAVE feature 0x001: 'x87 floating point registers'
[    0.303479] x86/fpu: Supporting XSAVE feature 0x002: 'SSE registers'
[    0.304478] x86/fpu: Supporting XSAVE feature 0x004: 'AVX registers'
[    0.305478] x86/fpu: xstate_offset[2]:  576, xstate_sizes[2]:  256
[    0.306479] x86/fpu: Enabled xstate features 0x7, context size is 832 bytes, using 'compacted' format.
[    0.324887] Freeing SMP alternatives memory: 44K
[    0.325483] pid_max: default: 32768 minimum: 301
[    0.326559] LSM: initializing lsm=capability,selinux,integrity
[    0.327524] SELinux:  Initializing.
[    0.328583] Mount-cache hash table entries: 4096 (order: 3, 32768 bytes, linear)
[    0.329487] Mountpoint-cache hash table entries: 4096 (order: 3, 32768 bytes, linear)
[    0.332002] smpboot: CPU0: 13th Gen Intel(R) Core(TM) i9-13900H (family: 0x6, model: 0xba, stepping: 0x2)
[    0.332701] RCU Tasks: Setting shift to 1 and lim to 1 rcu_task_cb_adjust=1.
[    0.333512] Performance Events: unsupported p6 CPU model 186 no PMU driver, software events only.
[    0.334543] signal: max sigframe size: 1776
[    0.335533] rcu: Hierarchical SRCU implementation.
[    0.336483] rcu: 	Max phase no-delay instances is 400.
[    0.337977] smp: Bringing up secondary CPUs ...
[    0.338697] smpboot: x86: Booting SMP configuration:
[    0.339490] .... node  #0, CPUs:      #1
[    0.340573] smp: Brought up 1 node, 2 CPUs
[    0.342487] smpboot: Max logical packages: 1
[    0.343502] smpboot: Total of 2 processors activated (11980.79 BogoMIPS)
[    0.345810] devtmpfs: initialized
[    0.348642] clocksource: jiffies: mask: 0xffffffff max_cycles: 0xffffffff, max_idle_ns: 1911260446275000 ns
[    0.349486] futex hash table entries: 512 (order: 3, 32768 bytes, linear)
[    0.350713] PM: RTC time: 09:30:53, date: 2026-05-17
[    0.351696] NET: Registered PF_NETLINK/PF_ROUTE protocol family
[    0.353172] audit: initializing netlink subsys (disabled)
[    0.353634] audit: type=2000 audit(1779010254.143:1): state=initialized audit_enabled=0 res=1
[    0.353826] thermal_sys: Registered thermal governor 'step_wise'
[    0.354484] thermal_sys: Registered thermal governor 'user_space'
[    0.355521] cpuidle: using governor menu
[    0.361325] PCI: Using configuration type 1 for base access
[    0.361765] kprobes: kprobe jump-optimization is enabled. All kprobes are optimized if possible.
[    0.364684] HugeTLB: registered 2.00 MiB page size, pre-allocated 0 pages
[    0.365484] HugeTLB: 28 KiB vmemmap can be freed for a 2.00 MiB page
[    0.368012] ACPI: Added _OSI(Module Device)
[    0.368485] ACPI: Added _OSI(Processor Device)
[    0.369482] ACPI: Added _OSI(3.0 _SCP Extensions)
[    0.370487] ACPI: Added _OSI(Processor Aggregator Device)
[    0.380920] ACPI: 1 ACPI AML tables successfully acquired and loaded
[    0.437867] ACPI: Interpreter enabled
[    0.438535] ACPI: PM: (supports S0 S3 S4 S5)
[    0.439398] ACPI: Using IOAPIC for interrupt routing
[    0.439554] PCI: Using host bridge windows from ACPI; if necessary, use "pci=nocrs" and report a bug
[    0.440486] PCI: Using E820 reservations for host bridge windows
[    0.441976] ACPI: Enabled 2 GPEs in block 00 to 0F
[    0.455440] ACPI: PCI Root Bridge [PCI0] (domain 0000 [bus 00-ff])
[    0.455505] acpi PNP0A03:00: _OSC: OS supports [ASPM ClockPM Segments MSI HPX-Type3]
[    0.456487] acpi PNP0A03:00: _OSC: not requesting OS control; OS requires [ExtendedConfig ASPM ClockPM MSI]
[    0.457571] acpi PNP0A03:00: fail to add MMCONFIG information, can't access extended configuration space under this bridge
[    0.458705] PCI host bridge to bus 0000:00
[    0.459486] pci_bus 0000:00: root bus resource [io  0x0000-0x0cf7 window]
[    0.460486] pci_bus 0000:00: root bus resource [io  0x0d00-0xffff window]
[    0.461495] pci_bus 0000:00: root bus resource [mem 0x000a0000-0x000bffff window]
[    0.462496] pci_bus 0000:00: root bus resource [mem 0x80000000-0xfebfffff window]
[    0.463612] pci_bus 0000:00: root bus resource [mem 0x100000000-0x17fffffff window]
[    0.464504] pci_bus 0000:00: root bus resource [bus 00-ff]
[    0.465747] pci 0000:00:00.0: [8086:1237] type 00 class 0x060000
[    0.472080] pci 0000:00:01.0: [8086:7000] type 00 class 0x060100
[    0.478326] pci 0000:00:01.1: [8086:7010] type 00 class 0x010180
[    0.480048] pci 0000:00:01.1: reg 0x20: [io  0xc040-0xc04f]
[    0.481249] pci 0000:00:01.1: legacy IDE quirk: reg 0x10: [io  0x01f0-0x01f7]
[    0.481485] pci 0000:00:01.1: legacy IDE quirk: reg 0x14: [io  0x03f6]
[    0.482483] pci 0000:00:01.1: legacy IDE quirk: reg 0x18: [io  0x0170-0x0177]
[    0.483483] pci 0000:00:01.1: legacy IDE quirk: reg 0x1c: [io  0x0376]
[    0.484852] pci 0000:00:01.3: [8086:7113] type 00 class 0x068000
[    0.486363] pci 0000:00:01.3: quirk: [io  0x0600-0x063f] claimed by PIIX4 ACPI
[    0.486499] pci 0000:00:01.3: quirk: [io  0x0700-0x070f] claimed by PIIX4 SMB
[    0.487940] pci 0000:00:02.0: [1234:1111] type 00 class 0x030000
[    0.489550] pci 0000:00:02.0: reg 0x10: [mem 0xfd000000-0xfdffffff pref]
[    0.491950] pci 0000:00:02.0: reg 0x18: [mem 0xfebf0000-0xfebf0fff]
[    0.495974] pci 0000:00:02.0: reg 0x30: [mem 0xfebe0000-0xfebeffff pref]
[    0.496790] pci 0000:00:02.0: Video device with shadowed ROM at [mem 0x000c0000-0x000dffff]
[    0.503064] pci 0000:00:03.0: [8086:100e] type 00 class 0x020000
[    0.504358] pci 0000:00:03.0: reg 0x10: [mem 0xfebc0000-0xfebdffff]
[    0.505549] pci 0000:00:03.0: reg 0x14: [io  0xc000-0xc03f]
[    0.509937] pci 0000:00:03.0: reg 0x30: [mem 0xfeb80000-0xfebbffff pref]
[    0.517370] ACPI: PCI: Interrupt link LNKA configured for IRQ 10
[    0.518025] ACPI: PCI: Interrupt link LNKB configured for IRQ 10
[    0.518977] ACPI: PCI: Interrupt link LNKC configured for IRQ 11
[    0.520005] ACPI: PCI: Interrupt link LNKD configured for IRQ 11
[    0.521052] ACPI: PCI: Interrupt link LNKS configured for IRQ 9
[    0.522960] iommu: Default domain type: Translated 
[    0.523483] iommu: DMA domain TLB invalidation policy: lazy mode 
[    0.524755] SCSI subsystem initialized
[    0.525679] ACPI: bus type USB registered
[    0.526526] usbcore: registered new interface driver usbfs
[    0.527502] usbcore: registered new interface driver hub
[    0.528500] usbcore: registered new device driver usb
[    0.529529] pps_core: LinuxPPS API ver. 1 registered
[    0.530482] pps_core: Software ver. 5.3.6 - Copyright 2005-2007 Rodolfo Giometti <giometti@linux.it>
[    0.533492] PTP clock support registered
[    0.534580] Advanced Linux Sound Architecture Driver Initialized.
[    0.535596] NetLabel: Initializing
[    0.536410] NetLabel:  domain hash size = 128
[    0.537483] NetLabel:  protocols = UNLABELED CIPSOv4 CALIPSO
[    0.539528] NetLabel:  unlabeled traffic allowed by default
[    0.540537] PCI: Using ACPI for IRQ routing
[    0.541715] pci 0000:00:02.0: vgaarb: setting as boot VGA device
[    0.542476] pci 0000:00:02.0: vgaarb: bridge control possible
[    0.542476] pci 0000:00:02.0: vgaarb: VGA device added: decodes=io+mem,owns=io+mem,locks=none
[    0.545483] vgaarb: loaded
[    0.546310] hpet0: at MMIO 0xfed00000, IRQs 2, 8, 0
[    0.548485] hpet0: 3 comparators, 64-bit 100.000000 MHz counter
[    0.551562] clocksource: Switched to clocksource kvm-clock
[    0.553228] VFS: Disk quotas dquot_6.6.0
[    0.554383] VFS: Dquot-cache hash table entries: 512 (order 0, 4096 bytes)
[    0.558147] pnp: PnP ACPI init
[    0.560309] pnp: PnP ACPI: found 6 devices
[    0.568894] clocksource: acpi_pm: mask: 0xffffff max_cycles: 0xffffff, max_idle_ns: 2085701024 ns
[    0.571804] NET: Registered PF_INET protocol family
[    0.574370] IP idents hash table entries: 32768 (order: 6, 262144 bytes, linear)
[    0.577138] tcp_listen_portaddr_hash hash table entries: 1024 (order: 2, 16384 bytes, linear)
[    0.579665] Table-perturb hash table entries: 65536 (order: 6, 262144 bytes, linear)
[    0.581633] TCP established hash table entries: 16384 (order: 5, 131072 bytes, linear)
[    0.583746] TCP bind hash table entries: 16384 (order: 7, 524288 bytes, linear)
[    0.585687] TCP: Hash tables configured (established 16384 bind 16384)
[    0.589268] UDP hash table entries: 1024 (order: 3, 32768 bytes, linear)
[    0.591027] UDP-Lite hash table entries: 1024 (order: 3, 32768 bytes, linear)
[    0.593286] NET: Registered PF_UNIX/PF_LOCAL protocol family
[    0.595485] RPC: Registered named UNIX socket transport module.
[    0.597203] RPC: Registered udp transport module.
[    0.598518] RPC: Registered tcp transport module.
[    0.599823] RPC: Registered tcp NFSv4.1 backchannel transport module.
[    0.602323] pci_bus 0000:00: resource 4 [io  0x0000-0x0cf7 window]
[    0.604039] pci_bus 0000:00: resource 5 [io  0x0d00-0xffff window]
[    0.605678] pci_bus 0000:00: resource 6 [mem 0x000a0000-0x000bffff window]
[    0.607555] pci_bus 0000:00: resource 7 [mem 0x80000000-0xfebfffff window]
[    0.609350] pci_bus 0000:00: resource 8 [mem 0x100000000-0x17fffffff window]
[    0.611917] pci 0000:00:01.0: PIIX3: Enabling Passive Release
[    0.613563] pci 0000:00:00.0: Limiting direct PCI/PCI transfers
[    0.615348] PCI: CLS 0 bytes, default 64
[    0.616664] Unpacking initramfs...
[    0.620176] RAPL PMU: API unit is 2^-32 Joules, 0 fixed counters, 10737418240 ms ovfl timer
[    0.622312] clocksource: tsc: mask: 0xffffffffffffffff max_cycles: 0x2b2c8d6afc8, max_idle_ns: 440795331172 ns
[    0.627119] Initialise system trusted keyrings
[    0.628605] workingset: timestamp_bits=56 max_order=19 bucket_order=0
[    0.631688] NFS: Registering the id_resolver key type
[    0.633199] Key type id_resolver registered
[    0.634394] Key type id_legacy registered
[    0.635839] 9p: Installing v9fs 9p2000 file system support
[    0.642236] Freeing initrd memory: 1348K
[    0.645539] Key type asymmetric registered
[    0.646750] Asymmetric key parser 'x509' registered
[    0.648237] Block layer SCSI generic (bsg) driver version 0.4 loaded (major 251)
[    0.651626] io scheduler mq-deadline registered
[    0.652918] io scheduler kyber registered
[    0.654433] input: Power Button as /devices/LNXSYSTM:00/LNXPWRBN:00/input/input0
[    0.657238] ACPI: button: Power Button [PWRF]
[    0.659228] Serial: 8250/16550 driver, 4 ports, IRQ sharing enabled
[    0.661248] 00:04: ttyS0 at I/O 0x3f8 (irq = 4, base_baud = 115200) is a 16550A
[    0.664248] Non-volatile memory driver v1.3
[    0.665436] Linux agpgart interface v0.103
[    0.666709] ACPI: bus type drm_connector registered
[    0.673233] loop: module loaded
[    0.676101] scsi host0: ata_piix
[    0.677423] scsi host1: ata_piix
[    0.678469] ata1: PATA max MWDMA2 cmd 0x1f0 ctl 0x3f6 bmdma 0xc040 irq 14
[    0.680294] ata2: PATA max MWDMA2 cmd 0x170 ctl 0x376 bmdma 0xc048 irq 15
[    0.682704] e100: Intel(R) PRO/100 Network Driver
[    0.684354] e100: Copyright(c) 1999-2006 Intel Corporation
[    0.685843] e1000: Intel(R) PRO/1000 Network Driver
[    0.688086] e1000: Copyright (c) 1999-2006 Intel Corporation.
[    0.839663] ata2: found unknown device (class 0)
[    0.841644] ata2.00: ATAPI: QEMU DVD-ROM, 2.5+, max UDMA/100
[    0.844380] scsi 1:0:0:0: CD-ROM            QEMU     QEMU DVD-ROM     2.5+ PQ: 0 ANSI: 5
[    0.860858] sr 1:0:0:0: [sr0] scsi3-mmc drive: 4x/4x cd/rw xa/form2 tray
[    0.862510] cdrom: Uniform CD-ROM driver Revision: 3.20
[    1.106515] ACPI: \_SB_.LNKC: Enabled at IRQ 11
[    1.460643] e1000 0000:00:03.0 eth0: (PCI:33MHz:32-bit) 52:54:00:12:34:56
[    1.463776] e1000 0000:00:03.0 eth0: Intel(R) PRO/1000 Network Connection
[    1.465276] e1000e: Intel(R) PRO/1000 Network Driver
[    1.466289] e1000e: Copyright(c) 1999 - 2015 Intel Corporation.
[    1.467630] sky2: driver version 1.30
[    1.468856] usbcore: registered new interface driver usblp
[    1.469913] usbcore: registered new interface driver usb-storage
[    1.472094] i8042: PNP: PS/2 Controller [PNP0303:KBD,PNP0f13:MOU] at 0x60,0x64 irq 1,12
[    1.476839] serio: i8042 KBD port at 0x60,0x64 irq 1
[    1.478295] serio: i8042 AUX port at 0x60,0x64 irq 12
[    1.480409] rtc_cmos 00:05: RTC can wake from S4
[    1.482664] input: AT Translated Set 2 keyboard as /devices/platform/i8042/serio0/input/input1
[    1.483918] rtc_cmos 00:05: registered as rtc0
[    1.486372] rtc_cmos 00:05: alarms up to one day, y3k, 242 bytes nvram, hpet irqs
[    1.489407] device-mapper: ioctl: 4.48.0-ioctl (2023-03-01) initialised: dm-devel@redhat.com
[    1.491730] intel_pstate: CPU model not supported
[    1.492904] hid: raw HID events driver (C) Jiri Kosina
[    1.494346] usbcore: registered new interface driver usbhid
[    1.496899] usbhid: USB HID core driver
[    1.499288] Initializing XFRM netlink socket
[    1.500568] NET: Registered PF_INET6 protocol family
[    1.503699] Segment Routing with IPv6
[    1.505191] In-situ OAM (IOAM) with IPv6
[    1.506146] sit: IPv6, IPv4 and MPLS over IPv4 tunneling driver
[    1.507865] NET: Registered PF_PACKET protocol family
[    1.509291] 9pnet: Installing 9P2000 support
[    1.510389] Key type dns_resolver registered
[    1.511901] IPI shorthand broadcast: enabled
[    1.524025] sched_clock: Marking stable (1503012895, 21004571)->(1616618930, -92601464)
[    1.526095] registered taskstats version 1
[    1.527206] Loading compiled-in X.509 certificates
[    1.536102] PM:   Magic number: 10:701:525
[    1.537269] printk: console [netcon0] enabled
[    1.538305] netconsole: network logging started
[    1.539480] cfg80211: Loading compiled-in X.509 certificates for regulatory database
[    1.541636] kworker/u4:1 (50) used greatest stack depth: 29536 bytes left
[    1.543493] Loaded X.509 cert 'sforshee: 00b28ddf47aef9cea7'
[    1.544879] platform regulatory.0: Direct firmware load for regulatory.db failed with error -2
[    1.546905] cfg80211: failed to load regulatory.db
[    1.546933] ALSA device list:
[    1.548743]   No soundcards found.
[    1.550621] Freeing unused kernel image (initmem) memory: 5612K
[    1.557125] Write protecting the kernel read-only data: 59392k
[    1.558064] Freeing unused kernel image (rodata/data gap) memory: 204K
[    1.568463] x86/mm: Checked W+X mappings: passed, no W+X pages found.
[    1.569355] Run /init as init process
[    1.571661] mount (54) used greatest stack depth: 28760 bytes left

secb: rootfs ready
---- poc begin ----
[poc] veth p1<->p2 ready; p1 MAC=00:00:00:00:00:20
[poc] mv0 (mode=source) created on p2
[poc] macvlan(invalid% on p2+srcMAC): EXP-FAIL err=-22 (Invalid argument)[    1.586684] ==================================================================
[    1.587654] BUG: KASAN: slab-use-after-free in macvlan_forward_source+0x4b8/0x510
[    1.589729] Read of size 2 at addr ffff88800a072974 by task kworker/1:2/46
[    1.591094] 
[    1.591396] CPU: 1 PID: 46 Comm: kworker/1:2 Not tainted 6.4.0-04322-gc451410ca7e3-dirty #1
[    1.592470] Hardware name: QEMU Standard PC (i440FX + PIIX, 1996), BIOS 1.16.2-debian-1.16.2-1 04/01/2014
[    1.593911] Workqueue: mld mld_ifc_work
[    1.594494] Call Trace:
[    1.594870]  <IRQ>
[    1.595130]  dump_stack_lvl+0x36/0x50
[    1.595623]  print_report+0xcf/0x660
[    1.596095]  ? macvlan_forward_source+0x4b8/0x510
[    1.596751]  kasan_report+0xc7/0x100
[    1.597232]  ? macvlan_forward_source+0x4b8/0x510
[    1.597842]  macvlan_forward_source+0x4b8/0x510
[    1.598511]  ? __kasan_record_aux_stack+0x94/0xa0
[    1.599148]  ? call_timer_fn+0x23/0x1c0
[    1.599751]  ? __run_timers+0x4a9/0x960
[    1.600305]  ? __pfx_macvlan_handle_frame+0x10/0x10
[    1.601023]  macvlan_handle_frame+0x228/0xc30
[    1.601735]  ? file_tty_write.constprop.0+0x408/0x880
[    1.602448]  ? vfs_write+0x50a/0xcb0
[    1.602981]  ? __pfx_macvlan_handle_frame+0x10/0x10
[    1.603721]  __netif_receive_skb_core.constprop.0+0x663/0x3440
[    1.604629]  ? __pfx___netif_receive_skb_core.constprop.0+0x10/0x10
[    1.605669]  ? _raw_spin_lock_irqsave+0x86/0xe0
[    1.606371]  ? __pfx__raw_spin_lock_irqsave+0x10/0x10
[    1.607200]  ? __send_ipi_mask+0x1e9/0x3e0
[    1.607840]  ? llist_add_batch+0xbe/0x130
[    1.608433]  ? kvm_sched_clock_read+0x11/0x20
[    1.609331]  __netif_receive_skb_one_core+0xaa/0x1b0
[    1.610267]  ? __pfx___netif_receive_skb_one_core+0x10/0x10
[    1.611225]  ? _raw_spin_lock_irq+0x81/0xe0
[    1.611961]  process_backlog+0x18b/0x520
[    1.612555]  ? __pfx_try_to_wake_up+0x10/0x10
[    1.613216]  __napi_poll+0x9e/0x4f0
[    1.613773]  net_rx_action+0x897/0xd50
[    1.614377]  ? __pfx_net_rx_action+0x10/0x10
[    1.615039]  ? __pfx_rcu_core+0x10/0x10
[    1.615592]  __do_softirq+0x1bf/0x5b5
[    1.616173]  ? __pfx___do_softirq+0x10/0x10
[    1.616832]  do_softirq+0x3e/0x60
[    1.617447]  </IRQ>
[    1.617752]  <TASK>
[    1.618113]  __local_bh_enable_ip+0x63/0x70
[    1.618708]  __dev_queue_xmit+0x8e4/0x30c0
[    1.619388]  ? __pfx___dev_queue_xmit+0x10/0x10
[    1.620177]  ? _raw_write_lock_bh+0x84/0xe0
[    1.620805]  ? __pfx__raw_write_lock_bh+0x10/0x10
[    1.621566]  ? eth_header+0x14f/0x180
[    1.622194]  ? neigh_resolve_output+0x3b5/0x7e0
[    1.622965]  ? ipv6_chk_mcast_addr+0x291/0x390
[    1.623746]  ip6_finish_output2+0x8eb/0x18b0
[    1.624417]  ? __pfx_ip6_finish_output2+0x10/0x10
[    1.625212]  ? ip6_mtu+0xea/0x130
[    1.625799]  ? __ip6_finish_output+0x282/0x890
[    1.626504]  ? nf_hook_slow+0xa2/0x170
[    1.627366]  ip6_output+0x1b5/0x3c0
[    1.628033]  ? __pfx_ip6_output+0x10/0x10
[    1.628761]  ? __pfx_ip6_finish_output+0x10/0x10
[    1.629483]  ? netlbl_enabled+0x15/0x60
[    1.630140]  ? selinux_ip_output+0x17/0x170
[    1.630844]  ? nf_hook_slow+0xa2/0x170
[    1.631417]  NF_HOOK.constprop.0+0xd3/0x200
[    1.632142]  ? __pfx_NF_HOOK.constprop.0+0x10/0x10
[    1.632902]  ? __pfx_xfrm_lookup_with_ifid+0x10/0x10
[    1.633692]  ? __pfx_dst_output+0x10/0x10
[    1.634418]  ? icmp6_dst_alloc+0x3d4/0x650
[    1.635065]  ? icmpv6_flow_init+0x37/0x230
[    1.635759]  mld_sendpack+0x60f/0xb50
[    1.636375]  ? __pfx_mld_sendpack+0x10/0x10
[    1.637034]  ? __pfx_mutex_lock+0x10/0x10
[    1.637738]  ? __schedule+0x9db/0x2260
[    1.638315]  mld_ifc_work+0x492/0xb20
[    1.638968]  ? _raw_spin_lock_irq+0x81/0xe0
[    1.639587]  ? read_word_at_a_time+0xe/0x20
[    1.640319]  ? strscpy+0xad/0x290
[    1.640829]  process_one_work+0x801/0x1500
[    1.641454]  worker_thread+0xed/0x1390
[    1.642080]  ? __kthread_parkme+0x7e/0x140
[    1.642731]  ? __pfx_worker_thread+0x10/0x10
[    1.643464]  kthread+0x29b/0x370
[    1.644032]  ? __pfx_kthread+0x10/0x10
[    1.644727]  ret_from_fork+0x29/0x50
[    1.645464]  </TASK>
[    1.645878] 
[    1.646162] Allocated by task 60:
[    1.646730]  kasan_save_stack+0x33/0x60
[    1.647336]  kasan_set_track+0x25/0x30
[    1.647989]  __kasan_kmalloc+0x8f/0xa0
[    1.648651]  __kmalloc_node+0x5c/0x160
[    1.649193]  alloc_netdev_mqs+0x5f/0xff0
[    1.649880]  rtnl_create_link+0xac9/0xe50
[    1.650530]  __rtnl_newlink+0xd71/0x1520
[    1.651224]  rtnl_newlink+0x5d/0x90
[    1.651829]  rtnetlink_rcv_msg+0x35d/0x9d0
[    1.652475]  netlink_rcv_skb+0x12f/0x370
[    1.653181]  netlink_unicast+0x588/0x7f0
[    1.653888]  netlink_sendmsg+0x7b7/0xc60
[    1.654467]  sock_sendmsg+0x13d/0x180
[    1.655018]  ____sys_sendmsg+0x5c5/0x7f0
[    1.655621]  ___sys_sendmsg+0x100/0x180
[    1.656253]  __sys_sendmsg+0xe6/0x190
[    1.656919]  do_syscall_64+0x3b/0x90
[    1.657602]  entry_SYSCALL_64_after_hwframe+0x6e/0xd8
[    1.658438] 
[    1.658741] Freed by task 60:
[    1.659319]  kasan_save_stack+0x33/0x60
[    1.660035]  kasan_set_track+0x25/0x30
[    1.660669]  kasan_save_free_info+0x2b/0x50
[    1.661470]  __kasan_slab_free+0x10a/0x180
[    1.662167]  __kmem_cache_free+0x82/0x1c0
[    1.662847]  __rtnl_newlink+0x1133/0x1520
[    1.663463]  rtnl_newlink+0x5d/0x90
[    1.664012]  rtnetlink_rcv_msg+0x35d/0x9d0
[    1.664691]  netlink_rcv_skb+0x12f/0x370
[    1.665395]  netlink_unicast+0x588/0x7f0
[    1.666032]  netlink_sendmsg+0x7b7/0xc60
[    1.666715]  sock_sendmsg+0x13d/0x180
[    1.667316]  ____sys_sendmsg+0x5c5/0x7f0
[    1.668039]  ___sys_sendmsg+0x100/0x180
[    1.668702]  __sys_sendmsg+0xe6/0x190
[    1.669352]  do_syscall_64+0x3b/0x90
[    1.669935]  entry_SYSCALL_64_after_hwframe+0x6e/0xd8
[    1.670809] 
[    1.671134] The buggy address belongs to the object at ffff88800a072000
[    1.671134]  which belongs to the cache kmalloc-4k of size 4096
[    1.673205] The buggy address is located 2420 bytes inside of
[    1.673205]  freed 4096-byte region [ffff88800a072000, ffff88800a073000)
[    1.675324] 
[    1.675599] The buggy address belongs to the physical page:
[    1.676598] page:00000000080ebcba refcount:1 mapcount:0 mapping:0000000000000000 index:0x0 pfn:0xa070
[    1.678256] head:00000000080ebcba order:3 entire_mapcount:0 nr_pages_mapped:0 pincount:0
[    1.679264] flags: 0x100000000010200(slab|head|node=0|zone=1)
[    1.680218] page_type: 0xffffffff()
[    1.680833] raw: 0100000000010200 ffff888006442140 dead000000000122 0000000000000000
[    1.682153] raw: 0000000000000000 0000000080040004 00000001ffffffff 0000000000000000
[    1.683547] page dumped because: kasan: bad access detected
[    1.684546] 
[    1.684865] Memory state around the buggy address:
[    1.685681]  ffff88800a072800: fb fb fb fb fb fb fb fb fb fb fb fb fb fb fb fb
[    1.686880]  ffff88800a072880: fb fb fb fb fb fb fb fb fb fb fb fb fb fb fb fb
[    1.688262] >ffff88800a072900: fb fb fb fb fb fb fb fb fb fb fb fb fb fb fb fb
[    1.689518]                                                              ^
[    1.690659]  ffff88800a072980: fb fb fb fb fb fb fb fb fb fb fb fb fb fb fb fb
[    1.691958]  ffff88800a072a00: fb fb fb fb fb fb fb fb fb fb fb fb fb fb fb fb
[    1.693180] ==================================================================

[poc] failing macvlan registered source MAC then failed -> UAF set up
[    1.695885] Disabling lock debugging due to kernel taint
[poc] P1 rc=64
[poc] P2 rc=64
[poc] P3 rc=64
[    2.112914] input: ImExPS/2 Generic Explorer Mouse as /devices/platform/i8042/serio1/input/input3
[    3.777691] poc (60) used greatest stack depth: 25504 bytes left
---- poc end rc=0 ----
secb: poc exited without crashing the kernel
[    5.122616] ACPI: PM: Preparing to enter system sleep state S5
[    5.123509] reboot: Power down
CONFIRMED: KASAN_UAF
