bash: warning: setlocale: LC_ALL: cannot change locale (en_US.UTF-8)
c[?7l[2J[0mSeaBIOS (version 1.16.2-debian-1.16.2-1)


iPXE (http://ipxe.org) 00:03.0 CA00 PCI2.10 PnP PMM+7EFCEF00+7EF0EF00 CA00
Press Ctrl-B to configure iPXE (PCI 00:03.0)...                                                                               


Booting from ROM...
c[?7l[2J[    0.000000] Linux version 6.5.0-rc3-00174-g7bf105380989-dirty (root@buildkitsandbox) (gcc (Debian 12.2.0-14+deb12u1) 12.2.0, GNU ld (GNU Binutils for Debian) 2.40) #2 SMP PREEMPT_DYNAMIC Tue May  5 11:17:15 UTC 2026
[    0.000000] Command line: console=ttyS0 oops=panic nokaslr rdinit=/init
[    0.000000] BIOS-provided physical RAM map:
[    0.000000] BIOS-e820: [mem 0x0000000000000000-0x000000000009fbff] usable
[    0.000000] BIOS-e820: [mem 0x000000000009fc00-0x000000000009ffff] reserved
[    0.000000] BIOS-e820: [mem 0x00000000000f0000-0x00000000000fffff] reserved
[    0.000000] BIOS-e820: [mem 0x0000000000100000-0x000000007ffdffff] usable
[    0.000000] BIOS-e820: [mem 0x000000007ffe0000-0x000000007fffffff] reserved
[    0.000000] BIOS-e820: [mem 0x00000000feffc000-0x00000000feffffff] reserved
[    0.000000] BIOS-e820: [mem 0x00000000fffc0000-0x00000000ffffffff] reserved
[    0.000000] NX (Execute Disable) protection: active
[    0.000000] SMBIOS 2.8 present.
[    0.000000] DMI: QEMU Standard PC (i440FX + PIIX, 1996), BIOS 1.16.2-debian-1.16.2-1 04/01/2014
[    0.000000] Hypervisor detected: KVM
[    0.000000] kvm-clock: Using msrs 4b564d01 and 4b564d00
[    0.000001] kvm-clock: using sched offset of 324189929 cycles
[    0.000002] clocksource: kvm-clock: mask: 0xffffffffffffffff max_cycles: 0x1cd42e4dffb, max_idle_ns: 881590591483 ns
[    0.000004] tsc: Detected 3187.200 MHz processor
[    0.000303] last_pfn = 0x7ffe0 max_arch_pfn = 0x400000000
[    0.000320] MTRR map: 4 entries (3 fixed + 1 variable; max 19), built from 8 variable MTRRs
[    0.000322] x86/PAT: Configuration [0-7]: WB  WC  UC- UC  WB  WP  UC- WT  
[    0.004077] found SMP MP-table at [mem 0x000f5ba0-0x000f5baf]
[    0.004085] Using GB pages for direct mapping
[    0.004085] Incomplete global flushes, disabling PCID
[    0.004181] RAMDISK: [mem 0x7fe92000-0x7ffdffff]
[    0.004187] ACPI: Early table checksum verification disabled
[    0.004189] ACPI: RSDP 0x00000000000F59D0 000014 (v00 BOCHS )
[    0.004193] ACPI: RSDT 0x000000007FFE1B33 000034 (v01 BOCHS  BXPC     00000001 BXPC 00000001)
[    0.004199] ACPI: FACP 0x000000007FFE19DF 000074 (v01 BOCHS  BXPC     00000001 BXPC 00000001)
[    0.004204] ACPI: DSDT 0x000000007FFE0040 00199F (v01 BOCHS  BXPC     00000001 BXPC 00000001)
[    0.004207] ACPI: FACS 0x000000007FFE0000 000040
[    0.004209] ACPI: APIC 0x000000007FFE1A53 000080 (v01 BOCHS  BXPC     00000001 BXPC 00000001)
[    0.004212] ACPI: HPET 0x000000007FFE1AD3 000038 (v01 BOCHS  BXPC     00000001 BXPC 00000001)
[    0.004214] ACPI: WAET 0x000000007FFE1B0B 000028 (v01 BOCHS  BXPC     00000001 BXPC 00000001)
[    0.004216] ACPI: Reserving FACP table memory at [mem 0x7ffe19df-0x7ffe1a52]
[    0.004217] ACPI: Reserving DSDT table memory at [mem 0x7ffe0040-0x7ffe19de]
[    0.004218] ACPI: Reserving FACS table memory at [mem 0x7ffe0000-0x7ffe003f]
[    0.004219] ACPI: Reserving APIC table memory at [mem 0x7ffe1a53-0x7ffe1ad2]
[    0.004220] ACPI: Reserving HPET table memory at [mem 0x7ffe1ad3-0x7ffe1b0a]
[    0.004220] ACPI: Reserving WAET table memory at [mem 0x7ffe1b0b-0x7ffe1b32]
[    0.004390] No NUMA configuration found
[    0.004390] Faking a node at [mem 0x0000000000000000-0x000000007ffdffff]
[    0.004392] NODE_DATA(0) allocated [mem 0x7fe8e000-0x7fe91fff]
[    0.004422] Zone ranges:
[    0.004423]   DMA      [mem 0x0000000000001000-0x0000000000ffffff]
[    0.004424]   DMA32    [mem 0x0000000001000000-0x000000007ffdffff]
[    0.004424]   Normal   empty
[    0.004425] Movable zone start for each node
[    0.004425] Early memory node ranges
[    0.004426]   node   0: [mem 0x0000000000001000-0x000000000009efff]
[    0.004426]   node   0: [mem 0x0000000000100000-0x000000007ffdffff]
[    0.004427] Initmem setup node 0 [mem 0x0000000000001000-0x000000007ffdffff]
[    0.006077] On node 0, zone DMA: 1 pages in unavailable ranges
[    0.006111] On node 0, zone DMA: 97 pages in unavailable ranges
[    0.022992] On node 0, zone DMA32: 32 pages in unavailable ranges
[    0.131640] kasan: KernelAddressSanitizer initialized
[    0.131846] ACPI: PM-Timer IO Port: 0x608
[    0.131853] ACPI: LAPIC_NMI (acpi_id[0xff] dfl dfl lint[0x1])
[    0.131883] IOAPIC[0]: apic_id 0, version 17, address 0xfec00000, GSI 0-23
[    0.131885] ACPI: INT_SRC_OVR (bus 0 bus_irq 0 global_irq 2 dfl dfl)
[    0.131887] ACPI: INT_SRC_OVR (bus 0 bus_irq 5 global_irq 5 high level)
[    0.131888] ACPI: INT_SRC_OVR (bus 0 bus_irq 9 global_irq 9 high level)
[    0.131888] ACPI: INT_SRC_OVR (bus 0 bus_irq 10 global_irq 10 high level)
[    0.131889] ACPI: INT_SRC_OVR (bus 0 bus_irq 11 global_irq 11 high level)
[    0.131892] ACPI: Using ACPI (MADT) for SMP configuration information
[    0.131893] ACPI: HPET id: 0x8086a201 base: 0xfed00000
[    0.131895] TSC deadline timer available
[    0.131897] smpboot: Allowing 2 CPUs, 0 hotplug CPUs
[    0.131914] kvm-guest: KVM setup pv remote TLB flush
[    0.131916] kvm-guest: setup PV sched yield
[    0.131921] PM: hibernation: Registered nosave memory: [mem 0x00000000-0x00000fff]
[    0.131922] PM: hibernation: Registered nosave memory: [mem 0x0009f000-0x0009ffff]
[    0.131923] PM: hibernation: Registered nosave memory: [mem 0x000a0000-0x000effff]
[    0.131923] PM: hibernation: Registered nosave memory: [mem 0x000f0000-0x000fffff]
[    0.131925] [mem 0x80000000-0xfeffbfff] available for PCI devices
[    0.131926] Booting paravirtualized kernel on KVM
[    0.131928] clocksource: refined-jiffies: mask: 0xffffffff max_cycles: 0xffffffff, max_idle_ns: 1910969940391419 ns
[    0.139596] setup_percpu: NR_CPUS:64 nr_cpumask_bits:2 nr_cpu_ids:2 nr_node_ids:1
[    0.140306] percpu: Embedded 66 pages/cpu s232104 r8192 d30040 u1048576
[    0.140332] Kernel command line: console=ttyS0 oops=panic nokaslr rdinit=/init
[    0.140378] random: crng init done
[    0.141008] Dentry cache hash table entries: 262144 (order: 9, 2097152 bytes, linear)
[    0.141556] Inode-cache hash table entries: 131072 (order: 8, 1048576 bytes, linear)
[    0.141597] Fallback order for Node 0: 0 
[    0.141600] Built 1 zonelists, mobility grouping on.  Total pages: 515808
[    0.141601] Policy zone: DMA32
[    0.141602] mem auto-init: stack:all(zero), heap alloc:off, heap free:off
[    0.141603] stackdepot: allocating hash table via alloc_large_system_hash
[    0.144305] stackdepot hash table entries: 1048576 (order: 11, 8388608 bytes, linear)
[    0.163661] Memory: 1692960K/2096632K available (49152K kernel code, 7980K rwdata, 10184K rodata, 5648K init, 2900K bss, 403416K reserved, 0K cma-reserved)
[    0.163781] SLUB: HWalign=64, Order=0-3, MinObjects=0, CPUs=2, Nodes=1
[    0.164718] Dynamic Preempt: voluntary
[    0.165369] rcu: Preemptible hierarchical RCU implementation.
[    0.165370] rcu: 	RCU event tracing is enabled.
[    0.165370] rcu: 	RCU restricting CPUs from NR_CPUS=64 to nr_cpu_ids=2.
[    0.165372] 	Trampoline variant of Tasks RCU enabled.
[    0.165372] rcu: RCU calculated value of scheduler-enlistment delay is 100 jiffies.
[    0.165373] rcu: Adjusting geometry for rcu_fanout_leaf=16, nr_cpu_ids=2
[    0.171121] NR_IRQS: 4352, nr_irqs: 440, preallocated irqs: 16
[    0.171325] rcu: srcu_init: Setting srcu_struct sizes based on contention.
[    0.173570] Console: colour VGA+ 80x25
[    0.173596] printk: console [ttyS0] enabled
[    0.209736] ACPI: Core revision 20230331
[    0.210076] clocksource: hpet: mask: 0xffffffff max_cycles: 0xffffffff, max_idle_ns: 19112604467 ns
[    0.210637] APIC: Switch to symmetric I/O mode setup
[    0.210918] kvm-guest: setup PV IPIs
[    0.211742] ..TIMER: vector=0x30 apic1=0 pin1=2 apic2=-1 pin2=-1
[    0.212093] clocksource: tsc-early: mask: 0xffffffffffffffff max_cycles: 0x2df10e7656b, max_idle_ns: 440795364873 ns
[    0.212691] Calibrating delay loop (skipped) preset value.. 6374.40 BogoMIPS (lpj=3187200)
[    0.213224] x86/cpu: User Mode Instruction Prevention (UMIP) activated
[    0.213703] Last level iTLB entries: 4KB 0, 2MB 0, 4MB 0
[    0.214001] Last level dTLB entries: 4KB 0, 2MB 0, 4MB 0, 1GB 0
[    0.214334] Spectre V1 : Mitigation: usercopy/swapgs barriers and __user pointer sanitization
[    0.214688] Spectre V2 : Mitigation: Enhanced / Automatic IBRS
[    0.215017] Spectre V2 : Spectre v2 / SpectreRSB mitigation: Filling RSB on context switch
[    0.215478] Spectre V2 : Spectre v2 / PBRSB-eIBRS: Retire a single CALL on VMEXIT
[    0.215688] Spectre V2 : mitigation: Enabling conditional Indirect Branch Prediction Barrier
[    0.216157] Speculative Store Bypass: Mitigation: Speculative Store Bypass disabled via prctl
[    0.216687] MMIO Stale Data: Unknown: No mitigations
[    0.216977] x86/fpu: Supporting XSAVE feature 0x001: 'x87 floating point registers'
[    0.217687] x86/fpu: Supporting XSAVE feature 0x002: 'SSE registers'
[    0.218055] x86/fpu: Supporting XSAVE feature 0x004: 'AVX registers'
[    0.218419] x86/fpu: Supporting XSAVE feature 0x200: 'Protection Keys User registers'
[    0.218687] x86/fpu: xstate_offset[2]:  576, xstate_sizes[2]:  256
[    0.219042] x86/fpu: xstate_offset[9]:  832, xstate_sizes[9]:    8
[    0.219399] x86/fpu: Enabled xstate features 0x207, context size is 840 bytes, using 'compacted' format.
[    0.235997] Freeing SMP alternatives memory: 44K
[    0.236276] pid_max: default: 32768 minimum: 301
[    0.236584] LSM: initializing lsm=capability,selinux,integrity
[    0.236693] SELinux:  Initializing.
[    0.236986] Mount-cache hash table entries: 4096 (order: 3, 32768 bytes, linear)
[    0.237429] Mountpoint-cache hash table entries: 4096 (order: 3, 32768 bytes, linear)
[    0.239852] smpboot: CPU0: Intel(R) Core(TM) i9-14900K (family: 0x6, model: 0xb7, stepping: 0x1)
[    0.240523] RCU Tasks: Setting shift to 1 and lim to 1 rcu_task_cb_adjust=1.
[    0.240706] Performance Events: unsupported p6 CPU model 183 no PMU driver, software events only.
[    0.241233] signal: max sigframe size: 3632
[    0.241514] rcu: Hierarchical SRCU implementation.
[    0.241688] rcu: 	Max phase no-delay instances is 400.
[    0.242352] smp: Bringing up secondary CPUs ...
[    0.242740] smpboot: x86: Booting SMP configuration:
[    0.243029] .... node  #0, CPUs:      #1
[    0.243108] smp: Brought up 1 node, 2 CPUs
[    0.243688] smpboot: Max logical packages: 1
[    0.243937] smpboot: Total of 2 processors activated (12748.80 BogoMIPS)
[    0.245758] devtmpfs: initialized
[    0.247398] clocksource: jiffies: mask: 0xffffffff max_cycles: 0xffffffff, max_idle_ns: 1911260446275000 ns
[    0.247690] futex hash table entries: 512 (order: 3, 32768 bytes, linear)
[    0.248193] PM: RTC time: 11:20:53, date: 2026-05-05
[    0.248601] NET: Registered PF_NETLINK/PF_ROUTE protocol family
[    0.248881] audit: initializing netlink subsys (disabled)
[    0.249229] audit: type=2000 audit(1777980053.870:1): state=initialized audit_enabled=0 res=1
[    0.249229] thermal_sys: Registered thermal governor 'step_wise'
[    0.249688] thermal_sys: Registered thermal governor 'user_space'
[    0.250048] cpuidle: using governor menu
[    0.250865] PCI: Using configuration type 1 for base access
[    0.251327] kprobes: kprobe jump-optimization is enabled. All kprobes are optimized if possible.
[    0.253686] HugeTLB: registered 2.00 MiB page size, pre-allocated 0 pages
[    0.253686] HugeTLB: 28 KiB vmemmap can be freed for a 2.00 MiB page
[    0.253802] ACPI: Added _OSI(Module Device)
[    0.254049] ACPI: Added _OSI(Processor Device)
[    0.254310] ACPI: Added _OSI(3.0 _SCP Extensions)
[    0.254583] ACPI: Added _OSI(Processor Aggregator Device)
[    0.261659] ACPI: 1 ACPI AML tables successfully acquired and loaded
[    0.307213] ACPI: Interpreter enabled
[    0.307469] ACPI: PM: (supports S0 S3 S4 S5)
[    0.307688] ACPI: Using IOAPIC for interrupt routing
[    0.308009] PCI: Using host bridge windows from ACPI; if necessary, use "pci=nocrs" and report a bug
[    0.308544] PCI: Using E820 reservations for host bridge windows
[    0.309018] ACPI: Enabled 2 GPEs in block 00 to 0F
[    0.318860] ACPI: PCI Root Bridge [PCI0] (domain 0000 [bus 00-ff])
[    0.319227] acpi PNP0A03:00: _OSC: OS supports [ASPM ClockPM Segments MSI HPX-Type3]
[    0.319677] acpi PNP0A03:00: _OSC: not requesting OS control; OS requires [ExtendedConfig ASPM ClockPM MSI]
[    0.319736] acpi PNP0A03:00: fail to add MMCONFIG information, can't access extended configuration space under this bridge
[    0.320532] PCI host bridge to bus 0000:00
[    0.320689] pci_bus 0000:00: root bus resource [io  0x0000-0x0cf7 window]
[    0.321100] pci_bus 0000:00: root bus resource [io  0x0d00-0xffff window]
[    0.321493] pci_bus 0000:00: root bus resource [mem 0x000a0000-0x000bffff window]
[    0.321688] pci_bus 0000:00: root bus resource [mem 0x80000000-0xfebfffff window]
[    0.322122] pci_bus 0000:00: root bus resource [mem 0x100000000-0x17fffffff window]
[    0.322564] pci_bus 0000:00: root bus resource [bus 00-ff]
[    0.322739] pci 0000:00:00.0: [8086:1237] type 00 class 0x060000
[    0.326864] pci 0000:00:01.0: [8086:7000] type 00 class 0x060100
[    0.331215] pci 0000:00:01.1: [8086:7010] type 00 class 0x010180
[    0.332522] pci 0000:00:01.1: reg 0x20: [io  0xc040-0xc04f]
[    0.333106] pci 0000:00:01.1: legacy IDE quirk: reg 0x10: [io  0x01f0-0x01f7]
[    0.333519] pci 0000:00:01.1: legacy IDE quirk: reg 0x14: [io  0x03f6]
[    0.333688] pci 0000:00:01.1: legacy IDE quirk: reg 0x18: [io  0x0170-0x0177]
[    0.334100] pci 0000:00:01.1: legacy IDE quirk: reg 0x1c: [io  0x0376]
[    0.334619] pci 0000:00:01.3: [8086:7113] type 00 class 0x068000
[    0.334913] pci 0000:00:01.3: quirk: [io  0x0600-0x063f] claimed by PIIX4 ACPI
[    0.335334] pci 0000:00:01.3: quirk: [io  0x0700-0x070f] claimed by PIIX4 SMB
[    0.335836] pci 0000:00:02.0: [1234:1111] type 00 class 0x030000
[    0.336946] pci 0000:00:02.0: reg 0x10: [mem 0xfd000000-0xfdffffff pref]
[    0.338411] pci 0000:00:02.0: reg 0x18: [mem 0xfebf0000-0xfebf0fff]
[    0.340719] pci 0000:00:02.0: reg 0x30: [mem 0xfebe0000-0xfebeffff pref]
[    0.341565] pci 0000:00:02.0: Video device with shadowed ROM at [mem 0x000c0000-0x000dffff]
[    0.345618] pci 0000:00:03.0: [8086:100e] type 00 class 0x020000
[    0.346033] pci 0000:00:03.0: reg 0x10: [mem 0xfebc0000-0xfebdffff]
[    0.346688] pci 0000:00:03.0: reg 0x14: [io  0xc000-0xc03f]
[    0.348350] pci 0000:00:03.0: reg 0x30: [mem 0xfeb80000-0xfebbffff pref]
[    0.353305] ACPI: PCI: Interrupt link LNKA configured for IRQ 10
[    0.354012] ACPI: PCI: Interrupt link LNKB configured for IRQ 10
[    0.354705] ACPI: PCI: Interrupt link LNKC configured for IRQ 11
[    0.355396] ACPI: PCI: Interrupt link LNKD configured for IRQ 11
[    0.355826] ACPI: PCI: Interrupt link LNKS configured for IRQ 9
[    0.357261] iommu: Default domain type: Translated
[    0.357542] iommu: DMA domain TLB invalidation policy: lazy mode
[    0.357994] SCSI subsystem initialized
[    0.358264] ACPI: bus type USB registered
[    0.358264] usbcore: registered new interface driver usbfs
[    0.358435] usbcore: registered new interface driver hub
[    0.358686] usbcore: registered new device driver usb
[    0.359737] pps_core: LinuxPPS API ver. 1 registered
[    0.360025] pps_core: Software ver. 5.3.6 - Copyright 2005-2007 Rodolfo Giometti <giometti@linux.it>
[    0.360586] PTP clock support registered
[    0.360790] Advanced Linux Sound Architecture Driver Initialized.
[    0.361796] NetLabel: Initializing
[    0.361997] NetLabel:  domain hash size = 128
[    0.362250] NetLabel:  protocols = UNLABELED CIPSOv4 CALIPSO
[    0.362624] NetLabel:  unlabeled traffic allowed by default
[    0.362769] PCI: Using ACPI for IRQ routing
[    0.363072] pci 0000:00:02.0: vgaarb: setting as boot VGA device
[    0.363072] pci 0000:00:02.0: vgaarb: bridge control possible
[    0.363383] pci 0000:00:02.0: vgaarb: VGA device added: decodes=io+mem,owns=io+mem,locks=none
[    0.364689] vgaarb: loaded
[    0.364938] hpet0: at MMIO 0xfed00000, IRQs 2, 8, 0
[    0.365225] hpet0: 3 comparators, 64-bit 100.000000 MHz counter
[    0.370743] clocksource: Switched to clocksource kvm-clock
[    0.371314] VFS: Disk quotas dquot_6.6.0
[    0.371557] VFS: Dquot-cache hash table entries: 512 (order 0, 4096 bytes)
[    0.372573] pnp: PnP ACPI init
[    0.373823] pnp: PnP ACPI: found 6 devices
[    0.382128] clocksource: acpi_pm: mask: 0xffffff max_cycles: 0xffffff, max_idle_ns: 2085701024 ns
[    0.382717] NET: Registered PF_INET protocol family
[    0.383073] IP idents hash table entries: 32768 (order: 6, 262144 bytes, linear)
[    0.383988] tcp_listen_portaddr_hash hash table entries: 1024 (order: 2, 16384 bytes, linear)
[    0.384487] Table-perturb hash table entries: 65536 (order: 6, 262144 bytes, linear)
[    0.384939] TCP established hash table entries: 16384 (order: 5, 131072 bytes, linear)
[    0.385418] TCP bind hash table entries: 16384 (order: 7, 524288 bytes, linear)
[    0.385859] TCP: Hash tables configured (established 16384 bind 16384)
[    0.386276] UDP hash table entries: 1024 (order: 3, 32768 bytes, linear)
[    0.386668] UDP-Lite hash table entries: 1024 (order: 3, 32768 bytes, linear)
[    0.387176] NET: Registered PF_UNIX/PF_LOCAL protocol family
[    0.387706] RPC: Registered named UNIX socket transport module.
[    0.388048] RPC: Registered udp transport module.
[    0.388323] RPC: Registered tcp transport module.
[    0.388613] RPC: Registered tcp-with-tls transport module.
[    0.388930] RPC: Registered tcp NFSv4.1 backchannel transport module.
[    0.389636] pci_bus 0000:00: resource 4 [io  0x0000-0x0cf7 window]
[    0.389999] pci_bus 0000:00: resource 5 [io  0x0d00-0xffff window]
[    0.390373] pci_bus 0000:00: resource 6 [mem 0x000a0000-0x000bffff window]
[    0.390786] pci_bus 0000:00: resource 7 [mem 0x80000000-0xfebfffff window]
[    0.391196] pci_bus 0000:00: resource 8 [mem 0x100000000-0x17fffffff window]
[    0.391708] pci 0000:00:01.0: PIIX3: Enabling Passive Release
[    0.392059] pci 0000:00:00.0: Limiting direct PCI/PCI transfers
[    0.392450] PCI: CLS 0 bytes, default 64
[    0.393661] Unpacking initramfs...
[    0.396503] RAPL PMU: API unit is 2^-32 Joules, 0 fixed counters, 10737418240 ms ovfl timer
[    0.397030] clocksource: tsc: mask: 0xffffffffffffffff max_cycles: 0x2df10e7656b, max_idle_ns: 440795364873 ns
[    0.401783] Initialise system trusted keyrings
[    0.402336] workingset: timestamp_bits=56 max_order=19 bucket_order=0
[    0.403101] NFS: Registering the id_resolver key type
[    0.403431] Key type id_resolver registered
[    0.403690] Key type id_legacy registered
[    0.403993] 9p: Installing v9fs 9p2000 file system support
[    0.407427] Freeing initrd memory: 1336K
[    0.409892] Key type asymmetric registered
[    0.410178] Asymmetric key parser 'x509' registered
[    0.410493] Block layer SCSI generic (bsg) driver version 0.4 loaded (major 251)
[    0.410972] io scheduler mq-deadline registered
[    0.411247] io scheduler kyber registered
[    0.411695] input: Power Button as /devices/LNXSYSTM:00/LNXPWRBN:00/input/input0
[    0.412260] ACPI: button: Power Button [PWRF]
[    0.412862] Serial: 8250/16550 driver, 4 ports, IRQ sharing enabled
[    0.413430] 00:04: ttyS0 at I/O 0x3f8 (irq = 4, base_baud = 115200) is a 16550A
[    0.414540] Non-volatile memory driver v1.3
[    0.414787] Linux agpgart interface v0.103
[    0.415121] ACPI: bus type drm_connector registered
[    0.419143] loop: module loaded
[    0.420440] scsi host0: ata_piix
[    0.420854] scsi host1: ata_piix
[    0.421129] ata1: PATA max MWDMA2 cmd 0x1f0 ctl 0x3f6 bmdma 0xc040 irq 14
[    0.421532] ata2: PATA max MWDMA2 cmd 0x170 ctl 0x376 bmdma 0xc048 irq 15
[    0.422367] e100: Intel(R) PRO/100 Network Driver
[    0.422643] e100: Copyright(c) 1999-2006 Intel Corporation
[    0.422971] e1000: Intel(R) PRO/1000 Network Driver
[    0.423257] e1000: Copyright (c) 1999-2006 Intel Corporation.
[    0.579572] ata2: found unknown device (class 0)
[    0.580204] ata2.00: ATAPI: QEMU DVD-ROM, 2.5+, max UDMA/100
[    0.581188] scsi 1:0:0:0: CD-ROM            QEMU     QEMU DVD-ROM     2.5+ PQ: 0 ANSI: 5
[    0.613624] sr 1:0:0:0: [sr0] scsi3-mmc drive: 4x/4x cd/rw xa/form2 tray
[    0.614021] cdrom: Uniform CD-ROM driver Revision: 3.20
[    0.620137] sr 1:0:0:0: Attached scsi generic sg0 type 5
[    0.723474] ACPI: \_SB_.LNKC: Enabled at IRQ 11
[    1.011948] e1000 0000:00:03.0 eth0: (PCI:33MHz:32-bit) 52:54:00:12:34:56
[    1.012342] e1000 0000:00:03.0 eth0: Intel(R) PRO/1000 Network Connection
[    1.012783] e1000e: Intel(R) PRO/1000 Network Driver
[    1.013087] e1000e: Copyright(c) 1999 - 2015 Intel Corporation.
[    1.013456] sky2: driver version 1.30
[    1.014009] usbcore: registered new interface driver usblp
[    1.014352] usbcore: registered new interface driver usb-storage
[    1.014778] i8042: PNP: PS/2 Controller [PNP0303:KBD,PNP0f13:MOU] at 0x60,0x64 irq 1,12
[    1.015721] serio: i8042 KBD port at 0x60,0x64 irq 1
[    1.016022] serio: i8042 AUX port at 0x60,0x64 irq 12
[    1.016778] rtc_cmos 00:05: RTC can wake from S4
[    1.017158] input: AT Translated Set 2 keyboard as /devices/platform/i8042/serio0/input/input1
[    1.018823] rtc_cmos 00:05: registered as rtc0
[    1.019149] rtc_cmos 00:05: alarms up to one day, y3k, 242 bytes nvram, hpet irqs
[    1.019803] device-mapper: ioctl: 4.48.0-ioctl (2023-03-01) initialised: dm-devel@redhat.com
[    1.020296] intel_pstate: CPU model not supported
[    1.020605] hid: raw HID events driver (C) Jiri Kosina
[    1.021144] usbcore: registered new interface driver usbhid
[    1.021472] usbhid: USB HID core driver
[    1.022952] Initializing XFRM netlink socket
[    1.023253] NET: Registered PF_INET6 protocol family
[    1.024036] Segment Routing with IPv6
[    1.024266] In-situ OAM (IOAM) with IPv6
[    1.024561] sit: IPv6, IPv4 and MPLS over IPv4 tunneling driver
[    1.025134] NET: Registered PF_PACKET protocol family
[    1.025482] 9pnet: Installing 9P2000 support
[    1.025756] Key type dns_resolver registered
[    1.026248] IPI shorthand broadcast: enabled
[    1.034491] sched_clock: Marking stable (995001082, 39355963)->(1041895249, -7538204)
[    1.035069] registered taskstats version 1
[    1.035311] Loading compiled-in X.509 certificates
[    1.041615] PM:   Magic number: 10:804:326
[    1.041898] printk: console [netcon0] enabled
[    1.042152] netconsole: network logging started
[    1.042524] cfg80211: Loading compiled-in X.509 certificates for regulatory database
[    1.043312] kworker/u4:2 (51) used greatest stack depth: 29536 bytes left
[    1.043944] Loaded X.509 cert 'sforshee: 00b28ddf47aef9cea7'
[    1.044292] ALSA device list:
[    1.044480]   No soundcards found.
[    1.046685] Freeing unused kernel image (initmem) memory: 5648K
[    1.046982] platform regulatory.0: Direct firmware load for regulatory.db failed with error -2
[    1.047319] cfg80211: failed to load regulatory.db
[    1.047545] Write protecting the kernel read-only data: 59392k
[    1.047842] Freeing unused kernel image (rodata/data gap) memory: 56K
[    1.055367] x86/mm: Checked W+X mappings: passed, no W+X pages found.
[    1.055669] Run /init as init process
[    1.057189] mount (55) used greatest stack depth: 28760 bytes left

secb: rootfs ready
---- poc begin ----
poc: start: CVE-2023-4207 cls_fw UAF (tcf_result copy on update)
[    1.637835] input: ImExPS/2 Generic Explorer Mouse as /devices/platform/i8042/serio1/input/input3
[    2.116175] poc (61) used greatest stack depth: 26728 bytes left
poc: done
---- poc end rc=0 ----
secb: poc exited without crashing the kernel
[    3.358603] ACPI: PM: Preparing to enter system sleep state S5
[    3.358927] reboot: Power down
NO_CRASH_DETECTED
