bash: warning: setlocale: LC_ALL: cannot change locale (en_US.UTF-8)
c[?7l[2J[0mSeaBIOS (version 1.16.2-debian-1.16.2-1)


iPXE (http://ipxe.org) 00:03.0 CA00 PCI2.10 PnP PMM+7EFCEF00+7EF0EF00 CA00
Press Ctrl-B to configure iPXE (PCI 00:03.0)...                                                                               


Booting from ROM..c[?7l[2J[    0.000000] Linux version 6.5.0-rc3-00172-g3044b16e7c6f-dirty (root@buildkitsandbox) (gcc (Debian 12.2.0-14+deb12u1) 12.2.0, GNU ld (GNU Binutils for Debian) 2.40) #1 SMP PREEMPT_DYNAMIC Tue May  5 11:14:17 UTC 2026
[    0.000000] Command line: console=ttyS0 oops=panic nokaslr rdinit=/init
[    0.000000] BIOS-provided physical RAM map:
[    0.000000] BIOS-e820: [mem 0x0000000000000000-0x000000000009fbff] usable
[    0.000000] BIOS-e820: [mem 0x000000000009fc00-0x000000000009ffff] reserved
[    0.000000] BIOS-e820: [mem 0x00000000000f0000-0x00000000000fffff] reserved
[    0.000000] BIOS-e820: [mem 0x0000000000100000-0x000000007ffdffff] usable
[    0.000000] BIOS-e820: [mem 0x000000007ffe0000-0x000000007fffffff] reserved
[    0.000000] BIOS-e820: [mem 0x00000000feffc000-0x00000000feffffff] reserved
[    0.000000] BIOS-e820: [mem 0x00000000fffc0000-0x00000000ffffffff] reserved
[    0.000000] NX (Execute Disable) protection: active
[    0.000000] SMBIOS 2.8 present.
[    0.000000] DMI: QEMU Standard PC (i440FX + PIIX, 1996), BIOS 1.16.2-debian-1.16.2-1 04/01/2014
[    0.000000] Hypervisor detected: KVM
[    0.000000] kvm-clock: Using msrs 4b564d01 and 4b564d00
[    0.000000] kvm-clock: using sched offset of 233522605 cycles
[    0.000002] clocksource: kvm-clock: mask: 0xffffffffffffffff max_cycles: 0x1cd42e4dffb, max_idle_ns: 881590591483 ns
[    0.000004] tsc: Detected 3187.200 MHz processor
[    0.000305] last_pfn = 0x7ffe0 max_arch_pfn = 0x400000000
[    0.000323] MTRR map: 4 entries (3 fixed + 1 variable; max 19), built from 8 variable MTRRs
[    0.000324] x86/PAT: Configuration [0-7]: WB  WC  UC- UC  WB  WP  UC- WT  
[    0.002169] found SMP MP-table at [mem 0x000f5ba0-0x000f5baf]
[    0.002176] Using GB pages for direct mapping
[    0.002176] Incomplete global flushes, disabling PCID
[    0.002259] RAMDISK: [mem 0x7fe92000-0x7ffdffff]
[    0.002263] ACPI: Early table checksum verification disabled
[    0.002265] ACPI: RSDP 0x00000000000F59D0 000014 (v00 BOCHS )
[    0.002267] ACPI: RSDT 0x000000007FFE1B33 000034 (v01 BOCHS  BXPC     00000001 BXPC 00000001)
[    0.002272] ACPI: FACP 0x000000007FFE19DF 000074 (v01 BOCHS  BXPC     00000001 BXPC 00000001)
[    0.002275] ACPI: DSDT 0x000000007FFE0040 00199F (v01 BOCHS  BXPC     00000001 BXPC 00000001)
[    0.002277] ACPI: FACS 0x000000007FFE0000 000040
[    0.002278] ACPI: APIC 0x000000007FFE1A53 000080 (v01 BOCHS  BXPC     00000001 BXPC 00000001)
[    0.002280] ACPI: HPET 0x000000007FFE1AD3 000038 (v01 BOCHS  BXPC     00000001 BXPC 00000001)
[    0.002281] ACPI: WAET 0x000000007FFE1B0B 000028 (v01 BOCHS  BXPC     00000001 BXPC 00000001)
[    0.002282] ACPI: Reserving FACP table memory at [mem 0x7ffe19df-0x7ffe1a52]
[    0.002283] ACPI: Reserving DSDT table memory at [mem 0x7ffe0040-0x7ffe19de]
[    0.002284] ACPI: Reserving FACS table memory at [mem 0x7ffe0000-0x7ffe003f]
[    0.002284] ACPI: Reserving APIC table memory at [mem 0x7ffe1a53-0x7ffe1ad2]
[    0.002285] ACPI: Reserving HPET table memory at [mem 0x7ffe1ad3-0x7ffe1b0a]
[    0.002285] ACPI: Reserving WAET table memory at [mem 0x7ffe1b0b-0x7ffe1b32]
[    0.002456] No NUMA configuration found
[    0.002457] Faking a node at [mem 0x0000000000000000-0x000000007ffdffff]
[    0.002458] NODE_DATA(0) allocated [mem 0x7fe8e000-0x7fe91fff]
[    0.002465] Zone ranges:
[    0.002465]   DMA      [mem 0x0000000000001000-0x0000000000ffffff]
[    0.002466]   DMA32    [mem 0x0000000001000000-0x000000007ffdffff]
[    0.002467]   Normal   empty
[    0.002468] Movable zone start for each node
[    0.002468] Early memory node ranges
[    0.002468]   node   0: [mem 0x0000000000001000-0x000000000009efff]
[    0.002469]   node   0: [mem 0x0000000000100000-0x000000007ffdffff]
[    0.002470] Initmem setup node 0 [mem 0x0000000000001000-0x000000007ffdffff]
[    0.002649] On node 0, zone DMA: 1 pages in unavailable ranges
[    0.002682] On node 0, zone DMA: 97 pages in unavailable ranges
[    0.008833] On node 0, zone DMA32: 32 pages in unavailable ranges
[    0.059246] kasan: KernelAddressSanitizer initialized
[    0.059433] ACPI: PM-Timer IO Port: 0x608
[    0.059439] ACPI: LAPIC_NMI (acpi_id[0xff] dfl dfl lint[0x1])
[    0.059467] IOAPIC[0]: apic_id 0, version 17, address 0xfec00000, GSI 0-23
[    0.059468] ACPI: INT_SRC_OVR (bus 0 bus_irq 0 global_irq 2 dfl dfl)
[    0.059470] ACPI: INT_SRC_OVR (bus 0 bus_irq 5 global_irq 5 high level)
[    0.059471] ACPI: INT_SRC_OVR (bus 0 bus_irq 9 global_irq 9 high level)
[    0.059472] ACPI: INT_SRC_OVR (bus 0 bus_irq 10 global_irq 10 high level)
[    0.059472] ACPI: INT_SRC_OVR (bus 0 bus_irq 11 global_irq 11 high level)
[    0.059474] ACPI: Using ACPI (MADT) for SMP configuration information
[    0.059475] ACPI: HPET id: 0x8086a201 base: 0xfed00000
[    0.059477] TSC deadline timer available
[    0.059478] smpboot: Allowing 2 CPUs, 0 hotplug CPUs
[    0.059495] kvm-guest: KVM setup pv remote TLB flush
[    0.059497] kvm-guest: setup PV sched yield
[    0.059502] PM: hibernation: Registered nosave memory: [mem 0x00000000-0x00000fff]
[    0.059503] PM: hibernation: Registered nosave memory: [mem 0x0009f000-0x0009ffff]
[    0.059503] PM: hibernation: Registered nosave memory: [mem 0x000a0000-0x000effff]
[    0.059504] PM: hibernation: Registered nosave memory: [mem 0x000f0000-0x000fffff]
[    0.059505] [mem 0x80000000-0xfeffbfff] available for PCI devices
[    0.059506] Booting paravirtualized kernel on KVM
[    0.059507] clocksource: refined-jiffies: mask: 0xffffffff max_cycles: 0xffffffff, max_idle_ns: 1910969940391419 ns
[    0.067080] setup_percpu: NR_CPUS:64 nr_cpumask_bits:2 nr_cpu_ids:2 nr_node_ids:1
[    0.067434] percpu: Embedded 66 pages/cpu s232104 r8192 d30040 u1048576
[    0.067459] Kernel command line: console=ttyS0 oops=panic nokaslr rdinit=/init
[    0.067508] random: crng init done
[    0.068208] Dentry cache hash table entries: 262144 (order: 9, 2097152 bytes, linear)
[    0.068770] Inode-cache hash table entries: 131072 (order: 8, 1048576 bytes, linear)
[    0.068802] Fallback order for Node 0: 0 
[    0.068804] Built 1 zonelists, mobility grouping on.  Total pages: 515808
[    0.068805] Policy zone: DMA32
[    0.068806] mem auto-init: stack:all(zero), heap alloc:off, heap free:off
[    0.068806] stackdepot: allocating hash table via alloc_large_system_hash
[    0.070955] stackdepot hash table entries: 1048576 (order: 11, 8388608 bytes, linear)
[    0.090372] Memory: 1692960K/2096632K available (49152K kernel code, 7980K rwdata, 10184K rodata, 5648K init, 2900K bss, 403416K reserved, 0K cma-reserved)
[    0.090497] SLUB: HWalign=64, Order=0-3, MinObjects=0, CPUs=2, Nodes=1
[    0.091379] Dynamic Preempt: voluntary
[    0.092361] rcu: Preemptible hierarchical RCU implementation.
[    0.092362] rcu: 	RCU event tracing is enabled.
[    0.092362] rcu: 	RCU restricting CPUs from NR_CPUS=64 to nr_cpu_ids=2.
[    0.092364] 	Trampoline variant of Tasks RCU enabled.
[    0.092364] rcu: RCU calculated value of scheduler-enlistment delay is 100 jiffies.
[    0.092365] rcu: Adjusting geometry for rcu_fanout_leaf=16, nr_cpu_ids=2
[    0.098068] NR_IRQS: 4352, nr_irqs: 440, preallocated irqs: 16
[    0.098268] rcu: srcu_init: Setting srcu_struct sizes based on contention.
[    0.100434] Console: colour VGA+ 80x25
[    0.100458] printk: console [ttyS0] enabled
[    0.134699] ACPI: Core revision 20230331
[    0.135029] clocksource: hpet: mask: 0xffffffff max_cycles: 0xffffffff, max_idle_ns: 19112604467 ns
[    0.135583] APIC: Switch to symmetric I/O mode setup
[    0.135980] kvm-guest: setup PV IPIs
[    0.136813] ..TIMER: vector=0x30 apic1=0 pin1=2 apic2=-1 pin2=-1
[    0.137157] clocksource: tsc-early: mask: 0xffffffffffffffff max_cycles: 0x2df10e7656b, max_idle_ns: 440795364873 ns
[    0.137873] Calibrating delay loop (skipped) preset value.. 6374.40 BogoMIPS (lpj=3187200)
[    0.138400] x86/cpu: User Mode Instruction Prevention (UMIP) activated
[    0.138922] Last level iTLB entries: 4KB 0, 2MB 0, 4MB 0
[    0.139219] Last level dTLB entries: 4KB 0, 2MB 0, 4MB 0, 1GB 0
[    0.139876] Spectre V1 : Mitigation: usercopy/swapgs barriers and __user pointer sanitization
[    0.140348] Spectre V2 : Mitigation: Enhanced / Automatic IBRS
[    0.140685] Spectre V2 : Spectre v2 / SpectreRSB mitigation: Filling RSB on context switch
[    0.140871] Spectre V2 : Spectre v2 / PBRSB-eIBRS: Retire a single CALL on VMEXIT
[    0.141293] Spectre V2 : mitigation: Enabling conditional Indirect Branch Prediction Barrier
[    0.141872] Speculative Store Bypass: Mitigation: Speculative Store Bypass disabled via prctl
[    0.142870] MMIO Stale Data: Unknown: No mitigations
[    0.143160] x86/fpu: Supporting XSAVE feature 0x001: 'x87 floating point registers'
[    0.143597] x86/fpu: Supporting XSAVE feature 0x002: 'SSE registers'
[    0.143870] x86/fpu: Supporting XSAVE feature 0x004: 'AVX registers'
[    0.144232] x86/fpu: Supporting XSAVE feature 0x200: 'Protection Keys User registers'
[    0.144870] x86/fpu: xstate_offset[2]:  576, xstate_sizes[2]:  256
[    0.145224] x86/fpu: xstate_offset[9]:  832, xstate_sizes[9]:    8
[    0.145576] x86/fpu: Enabled xstate features 0x207, context size is 840 bytes, using 'compacted' format.
[    0.161532] Freeing SMP alternatives memory: 44K
[    0.161851] pid_max: default: 32768 minimum: 301
[    0.161906] LSM: initializing lsm=capability,selinux,integrity
[    0.162245] SELinux:  Initializing.
[    0.162499] Mount-cache hash table entries: 4096 (order: 3, 32768 bytes, linear)
[    0.162873] Mountpoint-cache hash table entries: 4096 (order: 3, 32768 bytes, linear)
[    0.164226] smpboot: CPU0: Intel(R) Core(TM) i9-14900K (family: 0x6, model: 0xb7, stepping: 0x1)
[    0.164870] RCU Tasks: Setting shift to 1 and lim to 1 rcu_task_cb_adjust=1.
[    0.164886] Performance Events: unsupported p6 CPU model 183 no PMU driver, software events only.
[    0.165405] signal: max sigframe size: 3632
[    0.165669] rcu: Hierarchical SRCU implementation.
[    0.165874] rcu: 	Max phase no-delay instances is 400.
[    0.166514] smp: Bringing up secondary CPUs ...
[    0.166881] smpboot: x86: Booting SMP configuration:
[    0.167164] .... node  #0, CPUs:      #1
[    0.167268] smp: Brought up 1 node, 2 CPUs
[    0.167872] smpboot: Max logical packages: 1
[    0.168116] smpboot: Total of 2 processors activated (12748.80 BogoMIPS)
[    0.169915] devtmpfs: initialized
[    0.172298] clocksource: jiffies: mask: 0xffffffff max_cycles: 0xffffffff, max_idle_ns: 1911260446275000 ns
[    0.172872] futex hash table entries: 512 (order: 3, 32768 bytes, linear)
[    0.173353] PM: RTC time: 11:16:29, date: 2026-05-05
[    0.173785] NET: Registered PF_NETLINK/PF_ROUTE protocol family
[    0.174058] audit: initializing netlink subsys (disabled)
[    0.174394] audit: type=2000 audit(1777979790.326:1): state=initialized audit_enabled=0 res=1
[    0.174394] thermal_sys: Registered thermal governor 'step_wise'
[    0.174871] thermal_sys: Registered thermal governor 'user_space'
[    0.175225] cpuidle: using governor menu
[    0.175985] PCI: Using configuration type 1 for base access
[    0.176436] kprobes: kprobe jump-optimization is enabled. All kprobes are optimized if possible.
[    0.179013] HugeTLB: registered 2.00 MiB page size, pre-allocated 0 pages
[    0.179429] HugeTLB: 28 KiB vmemmap can be freed for a 2.00 MiB page
[    0.180076] ACPI: Added _OSI(Module Device)
[    0.180384] ACPI: Added _OSI(Processor Device)
[    0.180710] ACPI: Added _OSI(3.0 _SCP Extensions)
[    0.180873] ACPI: Added _OSI(Processor Aggregator Device)
[    0.190860] ACPI: 1 ACPI AML tables successfully acquired and loaded
[    0.230506] ACPI: Interpreter enabled
[    0.230924] ACPI: PM: (supports S0 S3 S4 S5)
[    0.231189] ACPI: Using IOAPIC for interrupt routing
[    0.231497] PCI: Using host bridge windows from ACPI; if necessary, use "pci=nocrs" and report a bug
[    0.231871] PCI: Using E820 reservations for host bridge windows
[    0.232556] ACPI: Enabled 2 GPEs in block 00 to 0F
[    0.242409] ACPI: PCI Root Bridge [PCI0] (domain 0000 [bus 00-ff])
[    0.242884] acpi PNP0A03:00: _OSC: OS supports [ASPM ClockPM Segments MSI HPX-Type3]
[    0.243337] acpi PNP0A03:00: _OSC: not requesting OS control; OS requires [ExtendedConfig ASPM ClockPM MSI]
[    0.243927] acpi PNP0A03:00: fail to add MMCONFIG information, can't access extended configuration space under this bridge
[    0.244710] PCI host bridge to bus 0000:00
[    0.244872] pci_bus 0000:00: root bus resource [io  0x0000-0x0cf7 window]
[    0.245266] pci_bus 0000:00: root bus resource [io  0x0d00-0xffff window]
[    0.245656] pci_bus 0000:00: root bus resource [mem 0x000a0000-0x000bffff window]
[    0.245872] pci_bus 0000:00: root bus resource [mem 0x80000000-0xfebfffff window]
[    0.246303] pci_bus 0000:00: root bus resource [mem 0x100000000-0x17fffffff window]
[    0.246742] pci_bus 0000:00: root bus resource [bus 00-ff]
[    0.246919] pci 0000:00:00.0: [8086:1237] type 00 class 0x060000
[    0.250994] pci 0000:00:01.0: [8086:7000] type 00 class 0x060100
[    0.255424] pci 0000:00:01.1: [8086:7010] type 00 class 0x010180
[    0.256612] pci 0000:00:01.1: reg 0x20: [io  0xc040-0xc04f]
[    0.257365] pci 0000:00:01.1: legacy IDE quirk: reg 0x10: [io  0x01f0-0x01f7]
[    0.257777] pci 0000:00:01.1: legacy IDE quirk: reg 0x14: [io  0x03f6]
[    0.257871] pci 0000:00:01.1: legacy IDE quirk: reg 0x18: [io  0x0170-0x0177]
[    0.258282] pci 0000:00:01.1: legacy IDE quirk: reg 0x1c: [io  0x0376]
[    0.258799] pci 0000:00:01.3: [8086:7113] type 00 class 0x068000
[    0.259095] pci 0000:00:01.3: quirk: [io  0x0600-0x063f] claimed by PIIX4 ACPI
[    0.259514] pci 0000:00:01.3: quirk: [io  0x0700-0x070f] claimed by PIIX4 SMB
[    0.260017] pci 0000:00:02.0: [1234:1111] type 00 class 0x030000
[    0.260848] pci 0000:00:02.0: reg 0x10: [mem 0xfd000000-0xfdffffff pref]
[    0.261706] pci 0000:00:02.0: reg 0x18: [mem 0xfebf0000-0xfebf0fff]
[    0.263434] pci 0000:00:02.0: reg 0x30: [mem 0xfebe0000-0xfebeffff pref]
[    0.263875] pci 0000:00:02.0: Video device with shadowed ROM at [mem 0x000c0000-0x000dffff]
[    0.267994] pci 0000:00:03.0: [8086:100e] type 00 class 0x020000
[    0.268654] pci 0000:00:03.0: reg 0x10: [mem 0xfebc0000-0xfebdffff]
[    0.269129] pci 0000:00:03.0: reg 0x14: [io  0xc000-0xc03f]
[    0.270694] pci 0000:00:03.0: reg 0x30: [mem 0xfeb80000-0xfebbffff pref]
[    0.275454] ACPI: PCI: Interrupt link LNKA configured for IRQ 10
[    0.276157] ACPI: PCI: Interrupt link LNKB configured for IRQ 10
[    0.276837] ACPI: PCI: Interrupt link LNKC configured for IRQ 11
[    0.277209] ACPI: PCI: Interrupt link LNKD configured for IRQ 11
[    0.277686] ACPI: PCI: Interrupt link LNKS configured for IRQ 9
[    0.278751] iommu: Default domain type: Translated
[    0.278871] iommu: DMA domain TLB invalidation policy: lazy mode
[    0.279383] SCSI subsystem initialized
[    0.279613] ACPI: bus type USB registered
[    0.279613] usbcore: registered new interface driver usbfs
[    0.279884] usbcore: registered new interface driver hub
[    0.280208] usbcore: registered new device driver usb
[    0.280539] pps_core: LinuxPPS API ver. 1 registered
[    0.280827] pps_core: Software ver. 5.3.6 - Copyright 2005-2007 Rodolfo Giometti <giometti@linux.it>
[    0.280878] PTP clock support registered
[    0.281927] Advanced Linux Sound Architecture Driver Initialized.
[    0.281961] NetLabel: Initializing
[    0.282161] NetLabel:  domain hash size = 128
[    0.282415] NetLabel:  protocols = UNLABELED CIPSOv4 CALIPSO
[    0.282777] NetLabel:  unlabeled traffic allowed by default
[    0.283906] PCI: Using ACPI for IRQ routing
[    0.284202] pci 0000:00:02.0: vgaarb: setting as boot VGA device
[    0.284247] pci 0000:00:02.0: vgaarb: bridge control possible
[    0.284588] pci 0000:00:02.0: vgaarb: VGA device added: decodes=io+mem,owns=io+mem,locks=none
[    0.284871] vgaarb: loaded
[    0.285085] hpet0: at MMIO 0xfed00000, IRQs 2, 8, 0
[    0.285373] hpet0: 3 comparators, 64-bit 100.000000 MHz counter
[    0.289907] clocksource: Switched to clocksource kvm-clock
[    0.321543] VFS: Disk quotas dquot_6.6.0
[    0.322239] VFS: Dquot-cache hash table entries: 512 (order 0, 4096 bytes)
[    0.323592] pnp: PnP ACPI init
[    0.326000] pnp: PnP ACPI: found 6 devices
[    0.336116] clocksource: acpi_pm: mask: 0xffffff max_cycles: 0xffffff, max_idle_ns: 2085701024 ns
[    0.336683] NET: Registered PF_INET protocol family
[    0.337018] IP idents hash table entries: 32768 (order: 6, 262144 bytes, linear)
[    0.337824] tcp_listen_portaddr_hash hash table entries: 1024 (order: 2, 16384 bytes, linear)
[    0.338321] Table-perturb hash table entries: 65536 (order: 6, 262144 bytes, linear)
[    0.338786] TCP established hash table entries: 16384 (order: 5, 131072 bytes, linear)
[    0.339261] TCP bind hash table entries: 16384 (order: 7, 524288 bytes, linear)
[    0.339712] TCP: Hash tables configured (established 16384 bind 16384)
[    0.340945] UDP hash table entries: 1024 (order: 3, 32768 bytes, linear)
[    0.341347] UDP-Lite hash table entries: 1024 (order: 3, 32768 bytes, linear)
[    0.341840] NET: Registered PF_UNIX/PF_LOCAL protocol family
[    0.342333] RPC: Registered named UNIX socket transport module.
[    0.342689] RPC: Registered udp transport module.
[    0.342976] RPC: Registered tcp transport module.
[    0.343282] RPC: Registered tcp-with-tls transport module.
[    0.343640] RPC: Registered tcp NFSv4.1 backchannel transport module.
[    0.344393] pci_bus 0000:00: resource 4 [io  0x0000-0x0cf7 window]
[    0.344802] pci_bus 0000:00: resource 5 [io  0x0d00-0xffff window]
[    0.345202] pci_bus 0000:00: resource 6 [mem 0x000a0000-0x000bffff window]
[    0.345649] pci_bus 0000:00: resource 7 [mem 0x80000000-0xfebfffff window]
[    0.346096] pci_bus 0000:00: resource 8 [mem 0x100000000-0x17fffffff window]
[    0.346647] pci 0000:00:01.0: PIIX3: Enabling Passive Release
[    0.347028] pci 0000:00:00.0: Limiting direct PCI/PCI transfers
[    0.347442] PCI: CLS 0 bytes, default 64
[    0.347765] Unpacking initramfs...
[    0.352682] RAPL PMU: API unit is 2^-32 Joules, 0 fixed counters, 10737418240 ms ovfl timer
[    0.353191] clocksource: tsc: mask: 0xffffffffffffffff max_cycles: 0x2df10e7656b, max_idle_ns: 440795364873 ns
[    0.354908] Initialise system trusted keyrings
[    0.355218] workingset: timestamp_bits=56 max_order=19 bucket_order=0
[    0.355873] NFS: Registering the id_resolver key type
[    0.356176] Key type id_resolver registered
[    0.356420] Key type id_legacy registered
[    0.356697] 9p: Installing v9fs 9p2000 file system support
[    0.361272] Freeing initrd memory: 1336K
[    0.361742] Key type asymmetric registered
[    0.362025] Asymmetric key parser 'x509' registered
[    0.362327] Block layer SCSI generic (bsg) driver version 0.4 loaded (major 251)
[    0.362774] io scheduler mq-deadline registered
[    0.363040] io scheduler kyber registered
[    0.363426] input: Power Button as /devices/LNXSYSTM:00/LNXPWRBN:00/input/input0
[    0.363952] ACPI: button: Power Button [PWRF]
[    0.364484] Serial: 8250/16550 driver, 4 ports, IRQ sharing enabled
[    0.365007] 00:04: ttyS0 at I/O 0x3f8 (irq = 4, base_baud = 115200) is a 16550A
[    0.366100] Non-volatile memory driver v1.3
[    0.366347] Linux agpgart interface v0.103
[    0.366659] ACPI: bus type drm_connector registered
[    0.370842] loop: module loaded
[    0.372001] scsi host0: ata_piix
[    0.372389] scsi host1: ata_piix
[    0.372666] ata1: PATA max MWDMA2 cmd 0x1f0 ctl 0x3f6 bmdma 0xc040 irq 14
[    0.373064] ata2: PATA max MWDMA2 cmd 0x170 ctl 0x376 bmdma 0xc048 irq 15
[    0.373870] e100: Intel(R) PRO/100 Network Driver
[    0.374145] e100: Copyright(c) 1999-2006 Intel Corporation
[    0.374474] e1000: Intel(R) PRO/1000 Network Driver
[    0.374762] e1000: Copyright (c) 1999-2006 Intel Corporation.
[    0.528890] ata2: found unknown device (class 0)
[    0.529500] ata2.00: ATAPI: QEMU DVD-ROM, 2.5+, max UDMA/100
[    0.530418] scsi 1:0:0:0: CD-ROM            QEMU     QEMU DVD-ROM     2.5+ PQ: 0 ANSI: 5
[    0.578868] sr 1:0:0:0: [sr0] scsi3-mmc drive: 4x/4x cd/rw xa/form2 tray
[    0.579264] cdrom: Uniform CD-ROM driver Revision: 3.20
[    0.584391] sr 1:0:0:0: Attached scsi generic sg0 type 5
[    0.673554] ACPI: \_SB_.LNKC: Enabled at IRQ 11
[    0.962222] e1000 0000:00:03.0 eth0: (PCI:33MHz:32-bit) 52:54:00:12:34:56
[    0.962646] e1000 0000:00:03.0 eth0: Intel(R) PRO/1000 Network Connection
[    0.963079] e1000e: Intel(R) PRO/1000 Network Driver
[    0.963369] e1000e: Copyright(c) 1999 - 2015 Intel Corporation.
[    0.963735] sky2: driver version 1.30
[    0.964268] usbcore: registered new interface driver usblp
[    0.964621] usbcore: registered new interface driver usb-storage
[    0.965030] i8042: PNP: PS/2 Controller [PNP0303:KBD,PNP0f13:MOU] at 0x60,0x64 irq 1,12
[    0.965949] serio: i8042 KBD port at 0x60,0x64 irq 1
[    0.966244] serio: i8042 AUX port at 0x60,0x64 irq 12
[    0.966820] rtc_cmos 00:05: RTC can wake from S4
[    0.967355] input: AT Translated Set 2 keyboard as /devices/platform/i8042/serio0/input/input1
[    0.969028] rtc_cmos 00:05: registered as rtc0
[    0.969347] rtc_cmos 00:05: alarms up to one day, y3k, 242 bytes nvram, hpet irqs
[    0.969973] device-mapper: ioctl: 4.48.0-ioctl (2023-03-01) initialised: dm-devel@redhat.com
[    0.970463] intel_pstate: CPU model not supported
[    0.970765] hid: raw HID events driver (C) Jiri Kosina
[    0.971286] usbcore: registered new interface driver usbhid
[    0.971612] usbhid: USB HID core driver
[    0.973620] Initializing XFRM netlink socket
[    0.973907] NET: Registered PF_INET6 protocol family
[    0.974502] Segment Routing with IPv6
[    0.974733] In-situ OAM (IOAM) with IPv6
[    0.975005] sit: IPv6, IPv4 and MPLS over IPv4 tunneling driver
[    0.975559] NET: Registered PF_PACKET protocol family
[    0.975895] 9pnet: Installing 9P2000 support
[    0.976164] Key type dns_resolver registered
[    0.976629] IPI shorthand broadcast: enabled
[    0.985186] sched_clock: Marking stable (947000991, 37597311)->(992272713, -7674411)
[    0.985756] registered taskstats version 1
[    0.986003] Loading compiled-in X.509 certificates
[    0.992790] PM:   Magic number: 10:254:276
[    0.993055] tty tty13: hash matches
[    0.993275] printk: console [netcon0] enabled
[    0.993529] netconsole: network logging started
[    0.993876] cfg80211: Loading compiled-in X.509 certificates for regulatory database
[    0.994483] kworker/u4:1 (51) used greatest stack depth: 29520 bytes left
[    0.995063] Loaded X.509 cert 'sforshee: 00b28ddf47aef9cea7'
[    0.995435] platform regulatory.0: Direct firmware load for regulatory.db failed with error -2
[    0.995943] cfg80211: failed to load regulatory.db
[    0.995950] ALSA device list:
[    0.996404]   No soundcards found.
[    0.997318] Freeing unused kernel image (initmem) memory: 5648K
[    1.003668] Write protecting the kernel read-only data: 59392k
[    1.004076] Freeing unused kernel image (rodata/data gap) memory: 56K
[    1.011709] x86/mm: Checked W+X mappings: passed, no W+X pages found.
[    1.011998] Run /init as init process
[    1.013221] mount (55) used greatest stack depth: 28704 bytes left

secb: rootfs ready
---- poc begin ----
poc: start: CVE-2023-4207 cls_fw UAF (tcf_result copy on update)
[    1.595163] input: ImExPS/2 Generic Explorer Mouse as /devices/platform/i8042/serio1/input/input3
[    2.076089] poc (61) used greatest stack depth: 27504 bytes left
poc: done
---- poc end rc=0 ----
secb: poc exited without crashing the kernel
[    2.095959] ==================================================================
[    2.097474] BUG: KASAN: slab-use-after-free in htb_unbind_filter+0x42/0x50
[    2.098915] Read of size 4 at addr ffff88800a048078 by task kworker/u4:1/25
[    2.100326] 
[    2.100675] CPU: 1 PID: 25 Comm: kworker/u4:1 Not tainted 6.5.0-rc3-00172-g3044b16e7c6f-dirty #1
[    2.102459] Hardware name: QEMU Standard PC (i440FX + PIIX, 1996), BIOS 1.16.2-debian-1.16.2-1 04/01/2014
[    2.104394] Workqueue: netns cleanup_net
[    2.105224] Call Trace:
[    2.105756]  <TASK>
[    2.106215]  dump_stack_lvl+0x36/0x50
[    2.106991]  print_report+0xcf/0x660
[    2.107754]  ? htb_unbind_filter+0x42/0x50
[    2.108603]  kasan_report+0xc7/0x100
[    2.109364]  ? htb_unbind_filter+0x42/0x50
[    2.110226]  htb_unbind_filter+0x42/0x50
[    2.111048]  fw_destroy+0x245/0x540
[    2.111788]  ? __pfx_fw_destroy+0x10/0x10
[    2.112616]  ? mutex_lock+0x8d/0xe0
[    2.113363]  ? __pfx_mutex_lock+0x10/0x10
[    2.114270]  tcf_proto_destroy+0x69/0x2c0
[    2.115099]  tcf_chain_flush+0x183/0x2e0
[    2.115572]  __tcf_block_put+0xf3/0x2b0
[    2.116038]  ? tcf_block_put+0xb8/0x110
[    2.116503]  tcf_block_put+0xcb/0x110
[    2.116950]  ? __pfx_tcf_block_put+0x10/0x10
[    2.117466]  ? hrtimer_try_to_cancel+0x1d/0x350
[    2.118016]  htb_destroy+0x110/0xc70
[    2.118451]  ? hrtimer_try_to_cancel+0x1d/0x350
[    2.119000]  ? __pfx_ndisc_netdev_event+0x10/0x10
[    2.119565]  ? __pfx_htb_destroy+0x10/0x10
[    2.120058]  ? rtnl_is_locked+0x10/0x20
[    2.120521]  ? htb_reset+0x26e/0x4a0
[    2.120961]  ? qdisc_reset+0x6a/0x530
[    2.121238]  ? dev_close_many+0x227/0x400
[    2.121532]  __qdisc_destroy+0x96/0x260
[    2.121815]  dev_shutdown+0x1f8/0x360
[    2.122085]  unregister_netdevice_many_notify+0x65a/0x1450
[    2.122479]  ? __pfx_unregister_netdevice_many_notify+0x10/0x10
[    2.122906]  ? unregister_netdevice_queue+0x68/0x280
[    2.123266]  ? __pfx_unregister_netdevice_queue+0x10/0x10
[    2.123654]  ? __pfx_mutex_lock+0x10/0x10
[    2.123950]  ? __pfx_netdev_run_todo+0x10/0x10
[    2.124274]  default_device_exit_batch+0x392/0x500
[    2.124622]  ? __pfx_default_device_exit_batch+0x10/0x10
[    2.125009]  ? ops_exit_list+0x91/0x140
[    2.125290]  cleanup_net+0x3b3/0x980
[    2.125554]  ? __pfx_cleanup_net+0x10/0x10
[    2.125855]  ? _raw_spin_lock_irq+0x81/0xe0
[    2.126160]  ? read_word_at_a_time+0xe/0x20
[    2.126453]  ? strscpy+0xad/0x290
[    2.126588]  process_one_work+0x801/0x1500
[    2.126754]  worker_thread+0xed/0x1390
[    2.126904]  ? __pfx_worker_thread+0x10/0x10
[    2.127074]  kthread+0x29b/0x370
[    2.127207]  ? __pfx_kthread+0x10/0x10
[    2.127357]  ret_from_fork+0x2c/0x70
[    2.127501]  ? __pfx_kthread+0x10/0x10
[    2.127651]  ret_from_fork_asm+0x1b/0x30
[    2.127810] RIP: 0000:0x0
[    2.127920] Code: Unable to access opcode bytes at 0xffffffffffffffd6.
[    2.128173] RSP: 0000:0000000000000000 EFLAGS: 00000000 ORIG_RAX: 0000000000000000
[    2.128466] RAX: 0000000000000000 RBX: 0000000000000000 RCX: 0000000000000000
[    2.128745] RDX: 0000000000000000 RSI: 0000000000000000 RDI: 0000000000000000
[    2.129022] RBP: 0000000000000000 R08: 0000000000000000 R09: 0000000000000000
[    2.129299] R10: 0000000000000000 R11: 0000000000000000 R12: 0000000000000000
[    2.129575] R13: 0000000000000000 R14: 0000000000000000 R15: 0000000000000000
[    2.129854]  </TASK>
[    2.129945] 
[    2.130011] Allocated by task 61:
[    2.130145]  kasan_save_stack+0x33/0x60
[    2.130298]  kasan_set_track+0x25/0x30
[    2.130448]  __kasan_kmalloc+0x8f/0xa0
[    2.130598]  htb_change_class+0xee4/0x3050
[    2.130762]  tc_ctl_tclass+0x3cf/0xf40
[    2.130912]  rtnetlink_rcv_msg+0x35d/0x9d0
[    2.131075]  netlink_rcv_skb+0x12f/0x370
[    2.131231]  netlink_unicast+0x588/0x7f0
[    2.131387]  netlink_sendmsg+0x7b7/0xc60
[    2.131542]  sock_sendmsg+0x13d/0x180
[    2.131689]  ____sys_sendmsg+0x5c5/0x7f0
[    2.131846]  ___sys_sendmsg+0x100/0x180
[    2.132000]  __sys_sendmsg+0xe6/0x190
[    2.132146]  do_syscall_64+0x3b/0x90
[    2.132290]  entry_SYSCALL_64_after_hwframe+0x6e/0xd8
[    2.132491] 
[    2.132556] Freed by task 61:
[    2.132677]  kasan_save_stack+0x33/0x60
[    2.132832]  kasan_set_track+0x25/0x30
[    2.132982]  kasan_save_free_info+0x2b/0x50
[    2.133147]  __kasan_slab_free+0x10a/0x180
[    2.133310]  __kmem_cache_free+0x82/0x1c0
[    2.133469]  htb_delete+0x4ec/0xce0
[    2.133609]  tc_ctl_tclass+0x9af/0xf40
[    2.133760]  rtnetlink_rcv_msg+0x35d/0x9d0
[    2.133923]  netlink_rcv_skb+0x12f/0x370
[    2.134078]  netlink_unicast+0x588/0x7f0
[    2.134234]  netlink_sendmsg+0x7b7/0xc60
[    2.134389]  sock_sendmsg+0x13d/0x180
[    2.134536]  ____sys_sendmsg+0x5c5/0x7f0
[    2.134691]  ___sys_sendmsg+0x100/0x180
[    2.134846]  __sys_sendmsg+0xe6/0x190
[    2.134992]  do_syscall_64+0x3b/0x90
[    2.135136]  entry_SYSCALL_64_after_hwframe+0x6e/0xd8
[    2.135334] 
[    2.135400] The buggy address belongs to the object at ffff88800a048000
[    2.135400]  which belongs to the cache kmalloc-1k of size 1024
[    2.135878] The buggy address is located 120 bytes inside of
[    2.135878]  freed 1024-byte region [ffff88800a048000, ffff88800a048400)
[    2.136349] 
[    2.136415] The buggy address belongs to the physical page:
[    2.136632] page:0000000095281fdf refcount:1 mapcount:0 mapping:0000000000000000 index:0x0 pfn:0xa048
[    2.136988] head:0000000095281fdf order:3 entire_mapcount:0 nr_pages_mapped:0 pincount:0
[    2.137300] flags: 0x100000000010200(slab|head|node=0|zone=1)
[    2.137526] page_type: 0xffffffff()
[    2.137667] raw: 0100000000010200 ffff888006441dc0 dead000000000122 0000000000000000
[    2.137968] raw: 0000000000000000 0000000080100010 00000001ffffffff 0000000000000000
[    2.138266] page dumped because: kasan: bad access detected
[    2.138483] 
[    2.138548] Memory state around the buggy address:
[    2.138737]  ffff88800a047f00: fc fc fc fc fc fc fc fc fc fc fc fc fc fc fc fc
[    2.139018]  ffff88800a047f80: fc fc fc fc fc fc fc fc fc fc fc fc fc fc fc fc
[    2.139298] >ffff88800a048000: fa fb fb fb fb fb fb fb fb fb fb fb fb fb fb fb
[    2.139577]                                                                 ^
[    2.139856]  ffff88800a048080: fb fb fb fb fb fb fb fb fb fb fb fb fb fb fb fb
[    2.140135]  ffff88800a048100: fb fb fb fb fb fb fb fb fb fb fb fb fb fb fb fb
[    2.140415] ==================================================================
[    2.140699] Disabling lock debugging due to kernel taint
[    3.317456] ACPI: PM: Preparing to enter system sleep state S5
[    3.317939] reboot: Power down
CONFIRMED: KASAN_UAF
