bash: warning: setlocale: LC_ALL: cannot change locale (en_US.UTF-8)
c[?7l[2J[0mSeaBIOS (version 1.16.2-debian-1.16.2-1)
Booting from ROM...
c[?7l[2Jearly console in extract_kernel
input_data: 0x000000000d2592bf
input_len: 0x0000000004ba7892
output: 0x0000000001000000
output_len: 0x000000000f0c6ae0
kernel_total_size: 0x0000000010e26000
needed_size: 0x0000000011000000
trampoline_32bit: 0x000000000009d000

Decompressing Linux... Parsing ELF... done.
Booting the kernel.
[    0.000000][    T0] Linux version 6.1.0-rc8-g85fe0d25f228-dirty (root@buildkitsandbox) (gcc (Debian 12.2.0-14+deb12u1) 12.2.0, GNU ld (GNU Binutils for Debian) 2.40) #2 SMP PREEMPT_DYNAMIC Sat May 23 02:02:56 UTC 2026
[    0.000000][    T0] Command line: console=ttyS0 oops=panic panic=86400 nokaslr earlyprintk=serial rdinit=/init
[    0.000000][    T0] KERNEL supported cpus:
[    0.000000][    T0]   Intel GenuineIntel
[    0.000000][    T0]   AMD AuthenticAMD
[    0.000000][    T0] x86/fpu: Supporting XSAVE feature 0x001: 'x87 floating point registers'
[    0.000000][    T0] x86/fpu: Supporting XSAVE feature 0x002: 'SSE registers'
[    0.000000][    T0] x86/fpu: Supporting XSAVE feature 0x004: 'AVX registers'
[    0.000000][    T0] x86/fpu: xstate_offset[2]:  576, xstate_sizes[2]:  256
[    0.000000][    T0] x86/fpu: Enabled xstate features 0x7, context size is 832 bytes, using 'compacted' format.
[    0.000000][    T0] signal: max sigframe size: 1776
[    0.000000][    T0] BIOS-provided physical RAM map:
[    0.000000][    T0] BIOS-e820: [mem 0x0000000000000000-0x000000000009fbff] usable
[    0.000000][    T0] BIOS-e820: [mem 0x000000000009fc00-0x000000000009ffff] reserved
[    0.000000][    T0] BIOS-e820: [mem 0x00000000000f0000-0x00000000000fffff] reserved
[    0.000000][    T0] BIOS-e820: [mem 0x0000000000100000-0x000000007ffdffff] usable
[    0.000000][    T0] BIOS-e820: [mem 0x000000007ffe0000-0x000000007fffffff] reserved
[    0.000000][    T0] BIOS-e820: [mem 0x00000000feffc000-0x00000000feffffff] reserved
[    0.000000][    T0] BIOS-e820: [mem 0x00000000fffc0000-0x00000000ffffffff] reserved
[    0.000000][    T0] printk: bootconsole [earlyser0] enabled
[    0.000000][    T0] NX (Execute Disable) protection: active
[    0.000000][    T0] SMBIOS 2.8 present.
[    0.000000][    T0] DMI: QEMU Standard PC (i440FX + PIIX, 1996), BIOS 1.16.2-debian-1.16.2-1 04/01/2014
[    0.000000][    T0] Hypervisor detected: KVM
[    0.000000][    T0] kvm-clock: Using msrs 4b564d01 and 4b564d00
[    0.000024][    T0] kvm-clock: using sched offset of 2038833898 cycles
[    0.004825][    T0] clocksource: kvm-clock: mask: 0xffffffffffffffff max_cycles: 0x1cd42e4dffb, max_idle_ns: 881590591483 ns
[    0.026357][    T0] tsc: Detected 2995.200 MHz processor
[    0.037422][    T0] last_pfn = 0x7ffe0 max_arch_pfn = 0x400000000
[    0.041449][    T0] x86/PAT: Configuration [0-7]: WB  WC  UC- UC  WB  WP  UC- WT  
[    0.057107][    T0] found SMP MP-table at [mem 0x000f5ba0-0x000f5baf]
[    0.066382][    T0] Using GB pages for direct mapping
[    0.070413][    T0] RAMDISK: [mem 0x7fe8f000-0x7ffdffff]
[    0.073051][    T0] ACPI: Early table checksum verification disabled
[    0.076559][    T0] ACPI: RSDP 0x00000000000F59D0 000014 (v00 BOCHS )
[    0.081878][    T0] ACPI: RSDT 0x000000007FFE1B33 000034 (v01 BOCHS  BXPC     00000001 BXPC 00000001)
[    0.089486][    T0] ACPI: FACP 0x000000007FFE19DF 000074 (v01 BOCHS  BXPC     00000001 BXPC 00000001)
[    0.094560][    T0] ACPI: DSDT 0x000000007FFE0040 00199F (v01 BOCHS  BXPC     00000001 BXPC 00000001)
[    0.101268][    T0] ACPI: FACS 0x000000007FFE0000 000040
[    0.107261][    T0] ACPI: APIC 0x000000007FFE1A53 000080 (v01 BOCHS  BXPC     00000001 BXPC 00000001)
[    0.113053][    T0] ACPI: HPET 0x000000007FFE1AD3 000038 (v01 BOCHS  BXPC     00000001 BXPC 00000001)
[    0.118458][    T0] ACPI: WAET 0x000000007FFE1B0B 000028 (v01 BOCHS  BXPC     00000001 BXPC 00000001)
[    0.125195][    T0] ACPI: Reserving FACP table memory at [mem 0x7ffe19df-0x7ffe1a52]
[    0.128555][    T0] ACPI: Reserving DSDT table memory at [mem 0x7ffe0040-0x7ffe19de]
[    0.131577][    T0] ACPI: Reserving FACS table memory at [mem 0x7ffe0000-0x7ffe003f]
[    0.138343][    T0] ACPI: Reserving APIC table memory at [mem 0x7ffe1a53-0x7ffe1ad2]
[    0.144586][    T0] ACPI: Reserving HPET table memory at [mem 0x7ffe1ad3-0x7ffe1b0a]
[    0.147458][    T0] ACPI: Reserving WAET table memory at [mem 0x7ffe1b0b-0x7ffe1b32]
[    0.151994][    T0] No NUMA configuration found
[    0.155775][    T0] Faking a node at [mem 0x0000000000000000-0x000000007ffdffff]
[    0.163021][    T0] NODE_DATA(0) allocated [mem 0x7fe89000-0x7fe8efff]
[    0.184336][    T0] Zone ranges:
[    0.186114][    T0]   DMA      [mem 0x0000000000001000-0x0000000000ffffff]
[    0.192338][    T0]   DMA32    [mem 0x0000000001000000-0x000000007ffdffff]
[    0.200624][    T0]   Normal   empty
[    0.202643][    T0]   Device   empty
[    0.204719][    T0] Movable zone start for each node
[    0.209194][    T0] Early memory node ranges
[    0.214001][    T0]   node   0: [mem 0x0000000000001000-0x000000000009efff]
[    0.220309][    T0]   node   0: [mem 0x0000000000100000-0x000000007ffdffff]
[    0.225109][    T0] Initmem setup node 0 [mem 0x0000000000001000-0x000000007ffdffff]
[    0.232350][    T0] On node 0, zone DMA: 1 pages in unavailable ranges
[    0.232540][    T0] On node 0, zone DMA: 97 pages in unavailable ranges
[    0.247653][    T0] On node 0, zone DMA32: 32 pages in unavailable ranges
[    0.428952][    T0] kasan: KernelAddressSanitizer initialized
[    0.438687][    T0] ACPI: PM-Timer IO Port: 0x608
[    0.445018][    T0] ACPI: LAPIC_NMI (acpi_id[0xff] dfl dfl lint[0x1])
[    0.450019][    T0] IOAPIC[0]: apic_id 0, version 17, address 0xfec00000, GSI 0-23
[    0.452802][    T0] ACPI: INT_SRC_OVR (bus 0 bus_irq 0 global_irq 2 dfl dfl)
[    0.463418][    T0] ACPI: INT_SRC_OVR (bus 0 bus_irq 5 global_irq 5 high level)
[    0.467768][    T0] ACPI: INT_SRC_OVR (bus 0 bus_irq 9 global_irq 9 high level)
[    0.471479][    T0] ACPI: INT_SRC_OVR (bus 0 bus_irq 10 global_irq 10 high level)
[    0.482512][    T0] ACPI: INT_SRC_OVR (bus 0 bus_irq 11 global_irq 11 high level)
[    0.489878][    T0] ACPI: Using ACPI (MADT) for SMP configuration information
[    0.492883][    T0] ACPI: HPET id: 0x8086a201 base: 0xfed00000
[    0.499803][    T0] TSC deadline timer available
[    0.505465][    T0] smpboot: Allowing 2 CPUs, 0 hotplug CPUs
[    0.512363][    T0] kvm-guest: KVM setup pv remote TLB flush
[    0.518794][    T0] kvm-guest: setup PV sched yield
[    0.524195][    T0] PM: hibernation: Registered nosave memory: [mem 0x00000000-0x00000fff]
[    0.530872][    T0] PM: hibernation: Registered nosave memory: [mem 0x0009f000-0x0009ffff]
[    0.538367][    T0] PM: hibernation: Registered nosave memory: [mem 0x000a0000-0x000effff]
[    0.543022][    T0] PM: hibernation: Registered nosave memory: [mem 0x000f0000-0x000fffff]
[    0.549682][    T0] [mem 0x80000000-0xfeffbfff] available for PCI devices
[    0.555764][    T0] Booting paravirtualized kernel on KVM
[    0.557953][    T0] clocksource: refined-jiffies: mask: 0xffffffff max_cycles: 0xffffffff, max_idle_ns: 19112604462750000 ns
[    0.621988][    T0] setup_percpu: NR_CPUS:8 nr_cpumask_bits:2 nr_cpu_ids:2 nr_node_ids:1
[    0.631106][    T0] percpu: Embedded 70 pages/cpu s248456 r8192 d30072 u1048576
[    0.637747][    T0] kvm-guest: PV spinlocks enabled
[    0.643235][    T0] PV qspinlock hash table entries: 256 (order: 0, 4096 bytes, linear)
[    0.648181][    T0] Fallback order for Node 0: 0 
[    0.653463][    T0] Built 1 zonelists, mobility grouping on.  Total pages: 515808
[    0.659036][    T0] Policy zone: DMA32
[    0.661347][    T0] Kernel command line: console=ttyS0 oops=panic panic=86400 nokaslr earlyprintk=serial rdinit=/init
[    0.672907][    T0] random: crng init done
[    0.680485][    T0] Dentry cache hash table entries: 262144 (order: 9, 2097152 bytes, linear)
[    0.685578][    T0] Inode-cache hash table entries: 131072 (order: 8, 1048576 bytes, linear)
[    0.691610][    T0] mem auto-init: stack:off, heap alloc:on, heap free:off
[    0.701024][    T0] stackdepot hash table entries: 1048576 (order: 11, 8388608 bytes, linear)
[    0.919979][    T0] Memory: 1474092K/2096632K available (149535K kernel code, 36086K rwdata, 30260K rodata, 2880K init, 34024K bss, 622284K reserved, 0K cma-reserved)
[    0.935291][    T0] SLUB: HWalign=64, Order=0-3, MinObjects=0, CPUs=2, Nodes=1
[    0.946037][    T0] Dynamic Preempt: full
[    0.952390][    T0] Running RCU self tests
[    0.954671][    T0] rcu: Preemptible hierarchical RCU implementation.
[    0.957547][    T0] rcu: 	RCU lockdep checking is enabled.
[    0.962044][    T0] rcu: 	RCU restricting CPUs from NR_CPUS=8 to nr_cpu_ids=2.
[    0.965671][    T0] rcu: 	RCU callback double-/use-after-free debug is enabled.
[    0.968843][    T0] rcu: 	RCU debug extended QS entry/exit.
[    0.972230][    T0] 	Trampoline variant of Tasks RCU enabled.
[    0.982882][    T0] 	Tracing variant of Tasks RCU enabled.
[    0.987469][    T0] rcu: RCU calculated value of scheduler-enlistment delay is 10 jiffies.
[    0.995464][    T0] rcu: Adjusting geometry for rcu_fanout_leaf=16, nr_cpu_ids=2
[    1.056813][    T0] NR_IRQS: 4352, nr_irqs: 440, preallocated irqs: 16
[    1.063503][    T0] rcu: srcu_init: Setting srcu_struct sizes based on contention.
[    1.077896][    T0] kfence: initialized - using 2097152 bytes for 255 objects at 0x(____ptrval____)-0x(____ptrval____)
[    1.152309][    T0] Console: colour VGA+ 80x25
[    1.154800][    T0] printk: console [ttyS0] enabled
[    1.154800][    T0] printk: console [ttyS0] enabled
[    1.162972][    T0] printk: bootconsole [earlyser0] disabled
[    1.162972][    T0] printk: bootconsole [earlyser0] disabled
[    1.172174][    T0] Lock dependency validator: Copyright (c) 2006 Red Hat, Inc., Ingo Molnar
[    1.175397][    T0] ... MAX_LOCKDEP_SUBCLASSES:  8
[    1.183764][    T0] ... MAX_LOCK_DEPTH:          48
[    1.187173][    T0] ... MAX_LOCKDEP_KEYS:        8192
[    1.188991][    T0] ... CLASSHASH_SIZE:          4096
[    1.190584][    T0] ... MAX_LOCKDEP_ENTRIES:     131072
[    1.192243][    T0] ... MAX_LOCKDEP_CHAINS:      262144
[    1.204793][    T0] ... CHAINHASH_SIZE:          131072
[    1.210740][    T0]  memory used by lock dependency info: 20657 kB
[    1.228509][    T0]  memory used for stack traces: 8320 kB
[    1.242292][    T0]  per task-struct memory footprint: 1920 bytes
[    1.248550][    T0] ACPI: Core revision 20220331
[    1.262418][    T0] clocksource: hpet: mask: 0xffffffff max_cycles: 0xffffffff, max_idle_ns: 19112604467 ns
[    1.276175][    T0] APIC: Switch to symmetric I/O mode setup
[    1.283358][    T0] x2apic enabled
[    1.289548][    T0] Switched APIC routing to physical x2apic.
[    1.300367][    T0] kvm-guest: setup PV IPIs
[    1.318332][    T0] ..TIMER: vector=0x30 apic1=0 pin1=2 apic2=-1 pin2=-1
[    1.327900][    T0] clocksource: tsc-early: mask: 0xffffffffffffffff max_cycles: 0x2b2c8ec87c7, max_idle_ns: 440795278598 ns
[    1.342196][    T0] Calibrating delay loop (skipped) preset value.. 5990.40 BogoMIPS (lpj=29952000)
[    1.352173][    T0] pid_max: default: 32768 minimum: 301
[    1.363407][    T0] LSM: Security Framework initializing
[    1.372561][    T0] landlock: Up and running.
[    1.374707][    T0] Yama: becoming mindful.
[    1.376265][    T0] TOMOYO Linux initialized
[    1.378052][    T0] AppArmor: AppArmor initialized
[    1.382215][    T0] LSM support for eBPF active
[    1.392944][    T0] Mount-cache hash table entries: 4096 (order: 3, 32768 bytes, linear)
[    1.402272][    T0] Mountpoint-cache hash table entries: 4096 (order: 3, 32768 bytes, linear)
[    1.425561][    T0] x86/cpu: User Mode Instruction Prevention (UMIP) activated
[    1.429739][    T0] Last level iTLB entries: 4KB 0, 2MB 0, 4MB 0
[    1.432145][    T0] Last level dTLB entries: 4KB 0, 2MB 0, 4MB 0, 1GB 0
[    1.438162][    T0] Spectre V1 : Mitigation: usercopy/swapgs barriers and __user pointer sanitization
[    1.442216][    T0] Spectre V2 : WARNING: Unprivileged eBPF is enabled with eIBRS on, data leaks possible via Spectre v2 BHB attacks!
[    1.452149][    T0] Spectre V2 : Mitigation: Enhanced IBRS
[    1.454062][    T0] Spectre V2 : Spectre v2 / SpectreRSB mitigation: Filling RSB on context switch
[    1.462148][    T0] Spectre V2 : Spectre v2 / PBRSB-eIBRS: Retire a single CALL on VMEXIT
[    1.472133][    T0] RETBleed: Mitigation: Enhanced IBRS
[    1.479214][    T0] Spectre V2 : mitigation: Enabling conditional Indirect Branch Prediction Barrier
[    1.482290][    T0] Speculative Store Bypass: Mitigation: Speculative Store Bypass disabled via prctl
[    1.492166][    T0] MMIO Stale Data: Unknown: No mitigations
[    1.527526][    T0] Freeing SMP alternatives memory: 116K
[    1.532448][    T1] smpboot: CPU0: 13th Gen Intel(R) Core(TM) i9-13900H (family: 0x6, model: 0xba, stepping: 0x2)
[    1.538561][    T1] cblist_init_generic: Setting adjustable number of callback queues.
[    1.542252][    T1] cblist_init_generic: Setting shift to 1 and lim to 1.
[    1.554215][    T1] cblist_init_generic: Setting shift to 1 and lim to 1.
[    1.558230][    T1] Running RCU-tasks wait API self tests
[    1.662522][    T1] Performance Events: unsupported p6 CPU model 186 no PMU driver, software events only.
[    1.666940][    T1] rcu: Hierarchical SRCU implementation.
[    1.669854][    T1] rcu: 	Max phase no-delay instances is 1000.
[    1.681342][    T1] NMI watchdog: Perf NMI watchdog permanently disabled
[    1.682561][   T13] Callback from call_rcu_tasks_trace() invoked.
[    1.695508][    T1] smp: Bringing up secondary CPUs ...
[    1.703819][    T1] x86: Booting SMP configuration:
[    1.710860][    T1] .... node  #0, CPUs:      #1
[    1.716174][    T1] smp: Brought up 1 node, 2 CPUs
[    1.716174][    T1] smpboot: Max logical packages: 1
[    1.716564][    T1] smpboot: Total of 2 processors activated (11980.80 BogoMIPS)
[    1.726355][    T1] devtmpfs: initialized
[    1.726355][    T1] x86/mm: Memory block size: 128MB
[    1.742907][    T1] clocksource: jiffies: mask: 0xffffffff max_cycles: 0xffffffff, max_idle_ns: 19112604462750000 ns
[    1.753940][    T1] futex hash table entries: 512 (order: 4, 65536 bytes, linear)
[    1.762142][    T1] PM: RTC time: 02:04:26, date: 2026-05-23
[    1.778627][    T1] NET: Registered PF_NETLINK/PF_ROUTE protocol family
[    1.783814][    T1] audit: initializing netlink subsys (disabled)
[    1.793285][   T27] audit: type=2000 audit(1779501867.109:1): state=initialized audit_enabled=0 res=1
[    1.803747][    T1] thermal_sys: Registered thermal governor 'step_wise'
[    1.811580][    T1] thermal_sys: Registered thermal governor 'user_space'
[    1.812540][    T1] cpuidle: using governor menu
[    1.817563][    T1] NET: Registered PF_QIPCRTR protocol family
[    1.832751][    T1] PCI: Using configuration type 1 for base access
[    1.883246][   T12] Callback from call_rcu_tasks() invoked.
[    2.085238][    T1] HugeTLB: registered 1.00 GiB page size, pre-allocated 0 pages
[    2.092167][    T1] HugeTLB: 16380 KiB vmemmap can be freed for a 1.00 GiB page
[    2.095075][    T1] HugeTLB: registered 2.00 MiB page size, pre-allocated 0 pages
[    2.102677][    T1] HugeTLB: 28 KiB vmemmap can be freed for a 2.00 MiB page
[    2.113590][    T1] cryptd: max_cpu_qlen set to 1000
[    2.118416][    T1] raid6: skipped pq benchmark and selected avx2x4
[    2.122295][    T1] raid6: using avx2x2 recovery algorithm
[    2.129534][    T1] ACPI: Added _OSI(Module Device)
[    2.132237][    T1] ACPI: Added _OSI(Processor Device)
[    2.135288][    T1] ACPI: Added _OSI(3.0 _SCP Extensions)
[    2.137007][    T1] ACPI: Added _OSI(Processor Aggregator Device)
[    2.178497][    T1] ACPI: 1 ACPI AML tables successfully acquired and loaded
[    2.210876][    T1] ACPI: Interpreter enabled
[    2.213492][    T1] ACPI: PM: (supports S0 S3 S4 S5)
[    2.217982][    T1] ACPI: Using IOAPIC for interrupt routing
[    2.222323][    T1] PCI: Using host bridge windows from ACPI; if necessary, use "pci=nocrs" and report a bug
[    2.230542][    T1] PCI: Using E820 reservations for host bridge windows
[    2.236439][    T1] ACPI: Enabled 2 GPEs in block 00 to 0F
[    2.318286][    T1] ACPI: PCI Root Bridge [PCI0] (domain 0000 [bus 00-ff])
[    2.323559][    T1] acpi PNP0A03:00: _OSC: OS supports [ASPM ClockPM Segments MSI HPX-Type3]
[    2.327121][    T1] acpi PNP0A03:00: _OSC: not requesting OS control; OS requires [ExtendedConfig ASPM ClockPM MSI]
[    2.331711][    T1] acpi PNP0A03:00: fail to add MMCONFIG information, can't access extended PCI configuration space under this bridge.
[    2.344192][    T1] PCI host bridge to bus 0000:00
[    2.345818][    T1] pci_bus 0000:00: root bus resource [io  0x0000-0x0cf7 window]
[    2.348807][    T1] pci_bus 0000:00: root bus resource [io  0x0d00-0xffff window]
[    2.352324][    T1] pci_bus 0000:00: root bus resource [mem 0x000a0000-0x000bffff window]
[    2.358228][    T1] pci_bus 0000:00: root bus resource [mem 0x80000000-0xfebfffff window]
[    2.361529][    T1] pci_bus 0000:00: root bus resource [mem 0x100000000-0x17fffffff window]
[    2.362283][    T1] pci_bus 0000:00: root bus resource [bus 00-ff]
[    2.372355][    T1] pci 0000:00:00.0: [8086:1237] type 00 class 0x060000
[    2.407744][    T1] pci 0000:00:01.0: [8086:7000] type 00 class 0x060100
[    2.431148][    T1] pci 0000:00:01.1: [8086:7010] type 00 class 0x010180
[    2.435639][    T1] pci 0000:00:01.1: reg 0x20: [io  0xc000-0xc00f]
[    2.441500][    T1] pci 0000:00:01.1: legacy IDE quirk: reg 0x10: [io  0x01f0-0x01f7]
[    2.442167][    T1] pci 0000:00:01.1: legacy IDE quirk: reg 0x14: [io  0x03f6]
[    2.444641][    T1] pci 0000:00:01.1: legacy IDE quirk: reg 0x18: [io  0x0170-0x0177]
[    2.447344][    T1] pci 0000:00:01.1: legacy IDE quirk: reg 0x1c: [io  0x0376]
[    2.456425][    T1] pci 0000:00:01.3: [8086:7113] type 00 class 0x068000
[    2.468440][    T1] pci 0000:00:01.3: quirk: [io  0x0600-0x063f] claimed by PIIX4 ACPI
[    2.472192][    T1] pci 0000:00:01.3: quirk: [io  0x0700-0x070f] claimed by PIIX4 SMB
[    2.476191][    T1] pci 0000:00:02.0: [1234:1111] type 00 class 0x030000
[    2.483597][    T1] pci 0000:00:02.0: reg 0x10: [mem 0xfd000000-0xfdffffff pref]
[    2.499560][    T1] pci 0000:00:02.0: reg 0x18: [mem 0xfebf0000-0xfebf0fff]
[    2.513108][    T1] pci 0000:00:02.0: reg 0x30: [mem 0xfebe0000-0xfebeffff pref]
[    2.516690][    T1] pci 0000:00:02.0: Video device with shadowed ROM at [mem 0x000c0000-0x000dffff]
[    2.562595][    T1] ACPI: PCI: Interrupt link LNKA configured for IRQ 10
[    2.573191][    T1] ACPI: PCI: Interrupt link LNKB configured for IRQ 10
[    2.580837][    T1] ACPI: PCI: Interrupt link LNKC configured for IRQ 11
[    2.584889][    T1] ACPI: PCI: Interrupt link LNKD configured for IRQ 11
[    2.592919][    T1] ACPI: PCI: Interrupt link LNKS configured for IRQ 9
[    2.600783][    T1] iommu: Default domain type: Translated 
[    2.602147][    T1] iommu: DMA domain TLB invalidation policy: lazy mode 
[    2.607654][    T1] SCSI subsystem initialized
[    2.611656][    T1] ACPI: bus type USB registered
[    2.612544][    T1] usbcore: registered new interface driver usbfs
[    2.622658][    T1] usbcore: registered new interface driver hub
[    2.634140][    T1] usbcore: registered new device driver usb
[    2.642391][    T1] mc: Linux media interface: v0.10
[    2.644537][    T1] videodev: Linux video capture interface: v2.00
[    2.652567][    T1] pps_core: LinuxPPS API ver. 1 registered
[    2.654528][    T1] pps_core: Software ver. 5.3.6 - Copyright 2005-2007 Rodolfo Giometti <giometti@linux.it>
[    2.657110][    T1] PTP clock support registered
[    2.658591][    T1] EDAC MC: Ver: 3.0.0
[    2.660786][    T1] Advanced Linux Sound Architecture Driver Initialized.
[    2.664673][    T1] Bluetooth: Core ver 2.22
[    2.665589][    T1] NET: Registered PF_BLUETOOTH protocol family
[    2.666950][    T1] Bluetooth: HCI device and connection manager initialized
[    2.670244][    T1] Bluetooth: HCI socket layer initialized
[    2.672183][    T1] Bluetooth: L2CAP socket layer initialized
[    2.674930][    T1] Bluetooth: SCO socket layer initialized
[    2.679306][    T1] NET: Registered PF_ATMPVC protocol family
[    2.681304][    T1] NET: Registered PF_ATMSVC protocol family
[    2.682338][    T1] NetLabel: Initializing
[    2.684167][    T1] NetLabel:  domain hash size = 128
[    2.686088][    T1] NetLabel:  protocols = UNLABELED CIPSOv4 CALIPSO
[    2.692439][    T1] NetLabel:  unlabeled traffic allowed by default
[    2.699758][    T1] nfc: nfc_init: NFC Core ver 0.1
[    2.702354][    T1] NET: Registered PF_NFC protocol family
[    2.704180][    T1] PCI: Using ACPI for IRQ routing
[    2.712771][    T1] pci 0000:00:02.0: vgaarb: setting as boot VGA device
[    2.715659][    T1] pci 0000:00:02.0: vgaarb: bridge control possible
[    2.718194][    T1] pci 0000:00:02.0: vgaarb: VGA device added: decodes=io+mem,owns=io+mem,locks=none
[    2.722155][    T1] vgaarb: loaded
[    2.728165][    T1] hpet0: at MMIO 0xfed00000, IRQs 2, 8, 0
[    2.730655][    T1] hpet0: 3 comparators, 64-bit 100.000000 MHz counter
[    2.737439][    T1] clocksource: Switched to clocksource kvm-clock
[    2.754602][    T1] VFS: Disk quotas dquot_6.6.0
[    2.757868][    T1] VFS: Dquot-cache hash table entries: 512 (order 0, 4096 bytes)
[    2.765892][    T1] FS-Cache: Loaded
[    2.769664][    T1] CacheFiles: Loaded
[    2.772481][    T1] TOMOYO: 2.6.0
[    2.773963][    T1] Mandatory Access Control activated.
[    2.782365][    T1] AppArmor: AppArmor Filesystem Enabled
[    2.789393][    T1] pnp: PnP ACPI init
[    2.800381][    T1] pnp: PnP ACPI: found 6 devices
[    2.829462][    T1] clocksource: acpi_pm: mask: 0xffffff max_cycles: 0xffffff, max_idle_ns: 2085701024 ns
[    2.837217][    T1] NET: Registered PF_INET protocol family
[    2.841827][    T1] IP idents hash table entries: 32768 (order: 6, 262144 bytes, linear)
[    2.849493][    T1] tcp_listen_portaddr_hash hash table entries: 1024 (order: 4, 73728 bytes, linear)
[    2.855494][    T1] Table-perturb hash table entries: 65536 (order: 6, 262144 bytes, linear)
[    2.864666][    T1] TCP established hash table entries: 16384 (order: 5, 131072 bytes, linear)
[    2.871665][    T1] TCP bind hash table entries: 16384 (order: 9, 2359296 bytes, linear)
[    2.881723][    T1] TCP: Hash tables configured (established 16384 bind 16384)
[    2.890557][    T1] MPTCP token hash table entries: 2048 (order: 5, 180224 bytes, linear)
[    2.895430][    T1] UDP hash table entries: 1024 (order: 5, 163840 bytes, linear)
[    2.900980][    T1] UDP-Lite hash table entries: 1024 (order: 5, 163840 bytes, linear)
[    2.910576][    T1] NET: Registered PF_UNIX/PF_LOCAL protocol family
[    2.915746][    T1] RPC: Registered named UNIX socket transport module.
[    2.918258][    T1] RPC: Registered udp transport module.
[    2.920097][    T1] RPC: Registered tcp transport module.
[    2.921872][    T1] RPC: Registered tcp NFSv4.1 backchannel transport module.
[    2.926889][    T1] NET: Registered PF_XDP protocol family
[    2.928842][    T1] pci_bus 0000:00: resource 4 [io  0x0000-0x0cf7 window]
[    2.930820][    T1] pci_bus 0000:00: resource 5 [io  0x0d00-0xffff window]
[    2.933280][    T1] pci_bus 0000:00: resource 6 [mem 0x000a0000-0x000bffff window]
[    2.940977][    T1] pci_bus 0000:00: resource 7 [mem 0x80000000-0xfebfffff window]
[    2.945668][    T1] pci_bus 0000:00: resource 8 [mem 0x100000000-0x17fffffff window]
[    2.951201][    T1] pci 0000:00:01.0: PIIX3: Enabling Passive Release
[    2.955758][    T1] pci 0000:00:00.0: Limiting direct PCI/PCI transfers
[    2.959373][    T1] PCI: CLS 0 bytes, default 64
[    2.964637][    T1] ACPI: bus type thunderbolt registered
[    2.969721][   T45] Trying to unpack rootfs image as initramfs...
[    2.973710][    T1] RAPL PMU: API unit is 2^-32 Joules, 0 fixed counters, 10737418240 ms ovfl timer
[    3.085385][    T1] kvm: already loaded vendor module 'kvm_intel'
[    3.089917][    T1] clocksource: tsc: mask: 0xffffffffffffffff max_cycles: 0x2b2c8ec87c7, max_idle_ns: 440795278598 ns
[    3.132802][   T65] cryptomgr_test (65) used greatest stack depth: 29824 bytes left
[    3.206556][   T45] Freeing initrd memory: 1348K
[    3.208968][   T60] kworker/u4:4 (60) used greatest stack depth: 28208 bytes left
[    3.214090][   T66] kworker/u4:4 (66) used greatest stack depth: 27808 bytes left
[    6.552578][    T1] Initialise system trusted keyrings
[    6.563037][    T1] workingset: timestamp_bits=40 max_order=19 bucket_order=0
[    6.612405][    T1] zbud: loaded
[    6.630162][    T1] DLM installed
[    6.638831][    T1] squashfs: version 4.0 (2009/01/31) Phillip Lougher
[    6.662809][    T1] NFS: Registering the id_resolver key type
[    6.673243][    T1] Key type id_resolver registered
[    6.674945][    T1] Key type id_legacy registered
[    6.677202][    T1] nfs4filelayout_init: NFSv4 File Layout Driver Registering...
[    6.687956][    T1] nfs4flexfilelayout_init: NFSv4 Flexfile Layout Driver Registering...
[    6.704156][    T1] Key type cifs.spnego registered
[    6.708314][    T1] Key type cifs.idmap registered
[    6.711445][    T1] ntfs: driver 2.1.32 [Flags: R/W].
[    6.715812][    T1] ntfs3: Max link count 4000
[    6.719488][    T1] ntfs3: Enabled Linux POSIX ACLs support
[    6.722954][    T1] ntfs3: Read-only LZX/Xpress compression included
[    6.730023][    T1] efs: 1.0a - http://aeschi.ch.eu.org/efs/
[    6.742591][    T1] jffs2: version 2.2. (NAND) (SUMMARY)  © 2001-2006 Red Hat, Inc.
[    6.752985][    T1] romfs: ROMFS MTD (C) 2007 Red Hat, Inc.
[    6.760232][    T1] QNX4 filesystem 0.2.3 registered.
[    6.763737][    T1] qnx6: QNX6 filesystem 1.0.0 registered.
[    6.773676][    T1] fuse: init (API version 7.37)
[    6.793285][    T1] orangefs_debugfs_init: called with debug mask: :none: :0:
[    6.801282][    T1] orangefs_init: module version upstream loaded
[    6.810690][    T1] JFS: nTxBlock = 8192, nTxLock = 65536
[    6.827073][    T1] SGI XFS with ACLs, security attributes, realtime, quota, no debug enabled
[    6.847742][    T1] 9p: Installing v9fs 9p2000 file system support
[    6.855105][    T1] NILFS version 2 loaded
[    6.859724][    T1] befs: version: 0.9.3
[    6.865978][    T1] ocfs2: Registered cluster interface o2cb
[    6.869123][    T1] ocfs2: Registered cluster interface user
[    6.879444][    T1] OCFS2 User DLM kernel interface loaded
[    6.895542][    T1] gfs2: GFS2 installed
[    6.920570][    T1] ceph: loaded (mds proto 32)
[    6.955667][    T1] NET: Registered PF_ALG protocol family
[    6.963413][    T1] xor: automatically using best checksumming function   avx       
[    6.967332][    T1] async_tx: api initialized (async)
[    6.969546][    T1] Key type asymmetric registered
[    6.971631][    T1] Asymmetric key parser 'x509' registered
[    6.980983][    T1] Asymmetric key parser 'pkcs8' registered
[    6.984321][    T1] Key type pkcs7_test registered
[    7.002095][    T1] alg: self-tests for CTR-KDF (hmac(sha256)) passed
[    7.005514][    T1] Block layer SCSI generic (bsg) driver version 0.4 loaded (major 240)
[    7.013572][    T1] io scheduler mq-deadline registered
[    7.019343][    T1] io scheduler kyber registered
[    7.023201][    T1] io scheduler bfq registered
[    7.041090][    T1] input: Power Button as /devices/LNXSYSTM:00/LNXPWRBN:00/input/input0
[    7.041425][  T172] kworker/u4:0 (172) used greatest stack depth: 27680 bytes left
[    7.085948][    T1] ACPI: button: Power Button [PWRF]
[    7.093581][  T188] kworker/u4:0 (188) used greatest stack depth: 27504 bytes left
[    7.123989][  T230] kworker/u4:1 (230) used greatest stack depth: 26960 bytes left
[    7.443524][    T1] N_HDLC line discipline registered with maxframe=4096
[    7.449825][    T1] Serial: 8250/16550 driver, 4 ports, IRQ sharing enabled
[    7.458755][    T1] 00:04: ttyS0 at I/O 0x3f8 (irq = 4, base_baud = 115200) is a 16550A
[    7.500077][    T1] Non-volatile memory driver v1.3
[    7.507185][    T1] Linux agpgart interface v0.103
[    7.518740][    T1] ACPI: bus type drm_connector registered
[    7.537491][    T1] [drm] Initialized vgem 1.0.0 20120112 for vgem on minor 0
[    7.549831][    T1] [drm] Initialized vkms 1.0.0 20180514 for vkms on minor 1
[    7.628016][    T1] Console: switching to colour frame buffer device 128x48
[    7.655156][    T1] platform vkms: [drm] fb0: vkmsdrmfb frame buffer device
[    7.663046][    T1] usbcore: registered new interface driver udl
[    7.672775][    T1] bochs-drm 0000:00:02.0: vgaarb: deactivate vga console
[    7.684778][    T1] [drm] Found bochs VGA, ID 0xb0c5.
[    7.686896][    T1] [drm] Framebuffer size 16384 kB @ 0xfd000000, mmio @ 0xfebf0000.
[    7.704050][    T1] [drm] Found EDID data blob.
[    7.716182][    T1] [drm] Initialized bochs-drm 1.0.0 20130925 for 0000:00:02.0 on minor 2
[    7.727025][    T1] fbcon: bochs-drmdrmfb (fb1) is primary device
[    7.727057][    T1] fbcon: Remapping primary device, fb1, to tty 1-63
[    8.734788][    T1] bochs-drm 0000:00:02.0: [drm] fb1: bochs-drmdrmfb frame buffer device
[    8.750869][   T45] Floppy drive(s): fd0 is 2.88M AMI BIOS
[    8.784835][   T45] FDC 0 is a S82078B
[    8.800593][    T1] brd: module loaded
[    8.879687][    T1] loop: module loaded
[    9.001356][    T1] zram: Added device: zram0
[    9.029878][    T1] null_blk: disk nullb0 created
[    9.039376][    T1] null_blk: module loaded
[    9.045535][    T1] Guest personality initialized and is inactive
[    9.060688][    T1] VMCI host device registered (name=vmci, major=10, minor=119)
[    9.065405][    T1] Initialized host personality
[    9.071150][    T1] usbcore: registered new interface driver rtsx_usb
[    9.077400][    T1] usbcore: registered new interface driver viperboard
[    9.086117][    T1] usbcore: registered new interface driver dln2
[    9.094524][    T1] usbcore: registered new interface driver pn533_usb
[    9.104192][    T1] nfcsim 0.2 initialized
[    9.110505][    T1] usbcore: registered new interface driver port100
[    9.124229][    T1] usbcore: registered new interface driver nfcmrvl
[    9.136787][    T1] Loading iSCSI transport class v2.0-870.
[    9.148758][    T1] st: Version 20160209, fixed bufsize 32768, s/g segs 256
[    9.199892][    T1] scsi host0: ata_piix
[    9.210371][    T1] scsi host1: ata_piix
[    9.218108][    T1] ata1: PATA max MWDMA2 cmd 0x1f0 ctl 0x3f6 bmdma 0xc000 irq 14
[    9.229435][    T1] ata2: PATA max MWDMA2 cmd 0x170 ctl 0x376 bmdma 0xc008 irq 15
[    9.241285][    T1] Rounding down aligned max_sectors from 4294967295 to 4294967288
[    9.249186][    T1] db_root: cannot open: /etc/target
[    9.259020][    T1] slram: not enough parameters.
[    9.271198][    T1] ftl_cs: FTL header not found.
[    9.294649][    T1] wireguard: WireGuard 1.0.0 loaded. See www.wireguard.com for information.
[    9.298514][    T1] wireguard: Copyright (C) 2015-2019 Jason A. Donenfeld <Jason@zx2c4.com>. All Rights Reserved.
[    9.310679][    T1] eql: Equalizer2002: Simon Janes (simon@ncm.com) and David S. Miller (davem@redhat.com)
[    9.324279][    T1] MACsec IEEE 802.1AE
[    9.335467][    T1] tun: Universal TUN/TAP device driver, 1.6
[    9.354049][    T1] vcan: Virtual CAN interface driver
[    9.357194][    T1] vxcan: Virtual CAN Tunnel driver
[    9.359314][    T1] slcan: serial line CAN interface driver
[    9.361565][    T1] CAN device driver interface
[    9.366352][    T1] usbcore: registered new interface driver usb_8dev
[    9.371394][    T1] usbcore: registered new interface driver ems_usb
[    9.376886][    T1] usbcore: registered new interface driver gs_usb
[    9.379251][    T1] usbcore: registered new interface driver kvaser_usb
[    9.385383][    T1] usbcore: registered new interface driver mcba_usb
[    9.392350][    T1] usbcore: registered new interface driver peak_usb
[    9.395412][    T1] e100: Intel(R) PRO/100 Network Driver
[    9.398048][    T1] e100: Copyright(c) 1999-2006 Intel Corporation
[    9.405631][    T1] e1000: Intel(R) PRO/1000 Network Driver
[    9.413243][    T1] e1000: Copyright (c) 1999-2006 Intel Corporation.
[    9.429186][ T1005] ata2: found unknown device (class 0)
[    9.431249][    T1] e1000e: Intel(R) PRO/1000 Network Driver
[    9.434381][    T1] e1000e: Copyright(c) 1999 - 2015 Intel Corporation.
[    9.440345][ T1005] ata2.00: ATAPI: QEMU DVD-ROM, 2.5+, max UDMA/100
[    9.446714][    T1] mkiss: AX.25 Multikiss, Hans Albas PE1AYX
[    9.450719][    T1] AX.25: 6pack driver, Revision: 0.3.0
[    9.453214][    T1] AX.25: bpqether driver version 004
[    9.459936][    T1] PPP generic driver version 2.4.2
[    9.466990][   T55] scsi 1:0:0:0: CD-ROM            QEMU     QEMU DVD-ROM     2.5+ PQ: 0 ANSI: 5
[    9.467195][    T1] PPP BSD Compression module registered
[    9.476562][    T1] PPP Deflate Compression module registered
[    9.480752][    T1] PPP MPPE Compression module registered
[    9.488177][    T1] NET: Registered PF_PPPOX protocol family
[    9.491078][    T1] PPTP driver version 0.8.5
[    9.494366][    T1] SLIP: version 0.8.4-NET3.019-NEWTTY (dynamic channels, max=256) (6 bit encapsulation enabled).
[    9.502653][    T1] CSLIP: code copyright 1989 Regents of the University of California.
[    9.507234][    T1] SLIP linefill/keepalive option.
[    9.509159][    T1] hdlc: HDLC support module revision 1.22
[    9.513868][    T1] LAPB Ethernet driver version 0.02
[    9.522938][    T1] usbcore: registered new interface driver ath9k_htc
[    9.525380][    T1] usbcore: registered new interface driver carl9170
[    9.527740][    T1] usbcore: registered new interface driver ath6kl_usb
[    9.530751][    T1] usbcore: registered new interface driver ar5523
[    9.535135][    T1] usbcore: registered new interface driver ath10k_usb
[    9.543169][    T1] usbcore: registered new interface driver rndis_wlan
[    9.546462][    T1] mac80211_hwsim: initializing netlink
[    9.599798][    T1] usbcore: registered new interface driver atusb
[    9.625030][    T1] mac802154_hwsim mac802154_hwsim: Added 2 mac802154 hwsim hardware radios
[    9.630096][    T1] VMware vmxnet3 virtual NIC driver - version 1.7.0.0-k-NAPI
[    9.634347][   T55] sr 1:0:0:0: [sr0] scsi3-mmc drive: 4x/4x cd/rw xa/form2 tray
[    9.636176][    T1] usbcore: registered new interface driver catc
[    9.637762][   T55] cdrom: Uniform CD-ROM driver Revision: 3.20
[    9.646970][    T1] usbcore: registered new interface driver kaweth
[    9.653121][    T1] pegasus: Pegasus/Pegasus II USB Ethernet driver
[    9.670468][    T1] usbcore: registered new interface driver pegasus
[    9.686391][    T1] usbcore: registered new interface driver rtl8150
[    9.689213][    T1] usbcore: registered new interface driver r8152
[    9.691374][    T1] hso: drivers/net/usb/hso.c: Option Wireless
[    9.696084][    T1] usbcore: registered new interface driver hso
[    9.702840][    T1] usbcore: registered new interface driver lan78xx
[    9.705230][    T1] usbcore: registered new interface driver asix
[    9.706493][    T1] usbcore: registered new interface driver ax88179_178a
[    9.708113][    T1] usbcore: registered new interface driver cdc_ether
[    9.709969][    T1] usbcore: registered new interface driver cdc_eem
[    9.712976][    T1] usbcore: registered new interface driver dm9601
[    9.715696][    T1] usbcore: registered new interface driver sr9700
[    9.720055][    T1] usbcore: registered new interface driver CoreChips
[    9.721729][    T1] usbcore: registered new interface driver smsc75xx
[    9.723971][    T1] usbcore: registered new interface driver smsc95xx
[    9.727269][    T1] usbcore: registered new interface driver gl620a
[    9.730299][    T1] usbcore: registered new interface driver net1080
[    9.735354][   T55] sr 1:0:0:0: Attached scsi generic sg0 type 5
[    9.738603][    T1] usbcore: registered new interface driver plusb
[    9.743510][    T1] usbcore: registered new interface driver rndis_host
[    9.748049][    T1] usbcore: registered new interface driver cdc_subset
[    9.754087][    T1] usbcore: registered new interface driver zaurus
[    9.757177][    T1] usbcore: registered new interface driver MOSCHIP usb-ethernet driver
[    9.764193][    T1] usbcore: registered new interface driver int51x1
[    9.769550][    T1] usbcore: registered new interface driver cdc_phonet
[    9.777047][    T1] usbcore: registered new interface driver kalmia
[    9.781748][    T1] usbcore: registered new interface driver ipheth
[    9.786386][    T1] usbcore: registered new interface driver sierra_net
[    9.790719][    T1] usbcore: registered new interface driver cx82310_eth
[    9.794538][    T1] usbcore: registered new interface driver cdc_ncm
[    9.801981][    T1] usbcore: registered new interface driver huawei_cdc_ncm
[    9.807009][    T1] usbcore: registered new interface driver lg-vl600
[    9.810534][    T1] usbcore: registered new interface driver qmi_wwan
[    9.816076][    T1] usbcore: registered new interface driver cdc_mbim
[    9.827155][    T1] usbcore: registered new interface driver ch9200
[    9.830838][    T1] usbcore: registered new interface driver r8153_ecm
[    9.843421][    T1] VFIO - User Level meta-driver version: 0.3
[    9.855610][    T1] aoe: AoE v85 initialised.
[    9.880212][    T1] Warning! fotg210_hcd should always be loaded before uhci_hcd and ohci_hcd, not after
[    9.889629][    T1] SPI driver max3421-hcd has no spi_device_id for maxim,max3421
[    9.895485][    T1] usbcore: registered new interface driver cdc_acm
[    9.898601][    T1] cdc_acm: USB Abstract Control Model driver for USB modems and ISDN adapters
[    9.905095][    T1] usbcore: registered new interface driver usblp
[    9.910351][    T1] usbcore: registered new interface driver cdc_wdm
[    9.916676][    T1] usbcore: registered new interface driver usbtmc
[    9.924904][    T1] usbcore: registered new interface driver uas
[    9.929143][    T1] usbcore: registered new interface driver usb-storage
[    9.933046][    T1] usbcore: registered new interface driver ums-alauda
[    9.936600][    T1] usbcore: registered new interface driver ums-cypress
[    9.944495][    T1] usbcore: registered new interface driver ums-datafab
[    9.954311][    T1] usbcore: registered new interface driver ums_eneub6250
[    9.962355][    T1] usbcore: registered new interface driver ums-freecom
[    9.967854][    T1] usbcore: registered new interface driver ums-isd200
[    9.971151][    T1] usbcore: registered new interface driver ums-jumpshot
[    9.975006][    T1] usbcore: registered new interface driver ums-karma
[    9.979019][    T1] usbcore: registered new interface driver ums-onetouch
[    9.983751][    T1] usbcore: registered new interface driver ums-realtek
[    9.987864][    T1] usbcore: registered new interface driver ums-sddr09
[    9.991664][    T1] usbcore: registered new interface driver ums-sddr55
[    9.995516][    T1] usbcore: registered new interface driver ums-usbat
[   10.001634][    T1] usbcore: registered new interface driver mdc800
[   10.007259][    T1] mdc800: v0.7.5 (30/10/2000):USB Driver for Mustek MDC800 Digital Camera
[   10.012544][    T1] usbcore: registered new interface driver microtekX6
[   10.021300][    T1] usbcore: registered new interface driver usbserial_generic
[   10.025818][    T1] usbserial: USB Serial support registered for generic
[   10.030060][    T1] usbcore: registered new interface driver aircable
[   10.036984][    T1] usbserial: USB Serial support registered for aircable
[   10.045025][    T1] usbcore: registered new interface driver ark3116
[   10.047678][    T1] usbserial: USB Serial support registered for ark3116
[   10.050352][    T1] usbcore: registered new interface driver belkin_sa
[   10.052843][    T1] usbserial: USB Serial support registered for Belkin / Peracom / GoHubs USB Serial Adapter
[   10.060836][    T1] usbcore: registered new interface driver ch341
[   10.063894][    T1] usbserial: USB Serial support registered for ch341-uart
[   10.066764][    T1] usbcore: registered new interface driver cp210x
[   10.069439][    T1] usbserial: USB Serial support registered for cp210x
[   10.072378][    T1] usbcore: registered new interface driver cyberjack
[   10.076545][    T1] usbserial: USB Serial support registered for Reiner SCT Cyberjack USB card reader
[   10.081198][    T1] usbcore: registered new interface driver cypress_m8
[   10.083542][    T1] usbserial: USB Serial support registered for DeLorme Earthmate USB
[   10.086107][    T1] usbserial: USB Serial support registered for HID->COM RS232 Adapter
[   10.088550][    T1] usbserial: USB Serial support registered for Nokia CA-42 V2 Adapter
[   10.091248][    T1] usbcore: registered new interface driver usb_debug
[   10.093839][    T1] usbserial: USB Serial support registered for debug
[   10.099570][    T1] usbserial: USB Serial support registered for xhci_dbc
[   10.105899][    T1] usbcore: registered new interface driver digi_acceleport
[   10.114322][    T1] usbserial: USB Serial support registered for Digi 2 port USB adapter
[   10.119509][    T1] usbserial: USB Serial support registered for Digi 4 port USB adapter
[   10.124400][    T1] usbcore: registered new interface driver io_edgeport
[   10.128125][    T1] usbserial: USB Serial support registered for Edgeport 2 port adapter
[   10.133937][    T1] usbserial: USB Serial support registered for Edgeport 4 port adapter
[   10.138973][    T1] usbserial: USB Serial support registered for Edgeport 8 port adapter
[   10.142918][    T1] usbserial: USB Serial support registered for EPiC device
[   10.147595][    T1] usbcore: registered new interface driver io_ti
[   10.150310][    T1] usbserial: USB Serial support registered for Edgeport TI 1 port adapter
[   10.159179][    T1] usbserial: USB Serial support registered for Edgeport TI 2 port adapter
[   10.162511][    T1] usbcore: registered new interface driver empeg
[   10.164659][    T1] usbserial: USB Serial support registered for empeg
[   10.170854][    T1] usbcore: registered new interface driver f81534a_ctrl
[   10.177084][    T1] usbcore: registered new interface driver f81232
[   10.179677][    T1] usbserial: USB Serial support registered for f81232
[   10.183198][    T1] usbserial: USB Serial support registered for f81534a
[   10.186263][    T1] usbcore: registered new interface driver f81534
[   10.189824][    T1] usbserial: USB Serial support registered for Fintek F81532/F81534
[   10.195388][    T1] usbcore: registered new interface driver ftdi_sio
[   10.198600][    T1] usbserial: USB Serial support registered for FTDI USB Serial Device
[   10.204559][    T1] usbcore: registered new interface driver garmin_gps
[   10.208461][    T1] usbserial: USB Serial support registered for Garmin GPS usb/tty
[   10.214507][    T1] usbcore: registered new interface driver ipaq
[   10.219296][    T1] usbserial: USB Serial support registered for PocketPC PDA
[   10.228223][    T1] usbcore: registered new interface driver ipw
[   10.232607][    T1] usbserial: USB Serial support registered for IPWireless converter
[   10.239528][    T1] usbcore: registered new interface driver ir_usb
[   10.243332][    T1] usbserial: USB Serial support registered for IR Dongle
[   10.249211][    T1] usbcore: registered new interface driver iuu_phoenix
[   10.255941][    T1] usbserial: USB Serial support registered for iuu_phoenix
[   10.264622][    T1] usbcore: registered new interface driver keyspan
[   10.272769][    T1] usbserial: USB Serial support registered for Keyspan - (without firmware)
[   10.279191][    T1] usbserial: USB Serial support registered for Keyspan 1 port adapter
[   10.283760][    T1] usbserial: USB Serial support registered for Keyspan 2 port adapter
[   10.289440][    T1] usbserial: USB Serial support registered for Keyspan 4 port adapter
[   10.292549][    T1] usbcore: registered new interface driver keyspan_pda
[   10.294900][    T1] usbserial: USB Serial support registered for Keyspan PDA
[   10.297445][    T1] usbserial: USB Serial support registered for Keyspan PDA - (prerenumeration)
[   10.301152][    T1] usbcore: registered new interface driver kl5kusb105
[   10.304640][    T1] usbserial: USB Serial support registered for KL5KUSB105D / PalmConnect
[   10.320963][    T1] usbcore: registered new interface driver kobil_sct
[   10.324926][    T1] usbserial: USB Serial support registered for KOBIL USB smart card terminal
[   10.336582][    T1] usbcore: registered new interface driver mct_u232
[   10.345045][    T1] usbserial: USB Serial support registered for MCT U232
[   10.350674][    T1] usbcore: registered new interface driver metro_usb
[   10.354688][    T1] usbserial: USB Serial support registered for Metrologic USB to Serial
[   10.359619][    T1] usbcore: registered new interface driver mos7720
[   10.367225][    T1] usbserial: USB Serial support registered for Moschip 2 port adapter
[   10.375889][    T1] usbcore: registered new interface driver mos7840
[   10.379839][    T1] usbserial: USB Serial support registered for Moschip 7840/7820 USB Serial Driver
[   10.390893][    T1] usbcore: registered new interface driver mxuport
[   10.395040][    T1] usbserial: USB Serial support registered for MOXA UPort
[   10.400514][    T1] usbcore: registered new interface driver navman
[   10.403881][    T1] usbserial: USB Serial support registered for navman
[   10.411963][    T1] usbcore: registered new interface driver omninet
[   10.420859][    T1] usbserial: USB Serial support registered for ZyXEL - omni.net usb
[   10.428784][    T1] usbcore: registered new interface driver opticon
[   10.432626][    T1] usbserial: USB Serial support registered for opticon
[   10.436436][    T1] usbcore: registered new interface driver option
[   10.442501][    T1] usbserial: USB Serial support registered for GSM modem (1-port)
[   10.448510][    T1] usbcore: registered new interface driver oti6858
[   10.452059][    T1] usbserial: USB Serial support registered for oti6858
[   10.460006][    T1] usbcore: registered new interface driver pl2303
[   10.465797][    T1] usbserial: USB Serial support registered for pl2303
[   10.470758][    T1] usbcore: registered new interface driver qcaux
[   10.477609][    T1] usbserial: USB Serial support registered for qcaux
[   10.485834][    T1] usbcore: registered new interface driver qcserial
[   10.494789][    T1] usbserial: USB Serial support registered for Qualcomm USB modem
[   10.500480][    T1] usbcore: registered new interface driver quatech2
[   10.504161][    T1] usbserial: USB Serial support registered for Quatech 2nd gen USB to Serial Driver
[   10.509415][    T1] usbcore: registered new interface driver safe_serial
[   10.514663][    T1] usbserial: USB Serial support registered for safe_serial
[   10.525141][    T1] usbcore: registered new interface driver sierra
[   10.528377][    T1] usbserial: USB Serial support registered for Sierra USB modem
[   10.532084][    T1] usbcore: registered new interface driver usb_serial_simple
[   10.537426][    T1] usbserial: USB Serial support registered for carelink
[   10.542110][    T1] usbserial: USB Serial support registered for zio
[   10.547465][    T1] usbserial: USB Serial support registered for funsoft
[   10.551606][    T1] usbserial: USB Serial support registered for flashloader
[   10.558916][    T1] usbserial: USB Serial support registered for google
[   10.563569][    T1] usbserial: USB Serial support registered for libtransistor
[   10.570229][    T1] usbserial: USB Serial support registered for vivopay
[   10.574238][    T1] usbserial: USB Serial support registered for moto_modem
[   10.583088][    T1] usbserial: USB Serial support registered for motorola_tetra
[   10.589502][    T1] usbserial: USB Serial support registered for nokia
[   10.592755][    T1] usbserial: USB Serial support registered for novatel_gps
[   10.595821][    T1] usbserial: USB Serial support registered for hp4x
[   10.600598][    T1] usbserial: USB Serial support registered for suunto
[   10.606260][    T1] usbserial: USB Serial support registered for siemens_mpi
[   10.611595][    T1] usbcore: registered new interface driver spcp8x5
[   10.615568][    T1] usbserial: USB Serial support registered for SPCP8x5
[   10.621345][    T1] usbcore: registered new interface driver ssu100
[   10.627270][    T1] usbserial: USB Serial support registered for Quatech SSU-100 USB to Serial Driver
[   10.631790][    T1] usbcore: registered new interface driver symbolserial
[   10.636051][    T1] usbserial: USB Serial support registered for symbol
[   10.640744][    T1] usbcore: registered new interface driver ti_usb_3410_5052
[   10.644832][    T1] usbserial: USB Serial support registered for TI USB 3410 1 port adapter
[   10.648698][    T1] usbserial: USB Serial support registered for TI USB 5052 2 port adapter
[   10.657649][    T1] usbcore: registered new interface driver upd78f0730
[   10.661443][    T1] usbserial: USB Serial support registered for upd78f0730
[   10.665580][    T1] usbcore: registered new interface driver visor
[   10.671120][    T1] usbserial: USB Serial support registered for Handspring Visor / Palm OS
[   10.683540][    T1] usbserial: USB Serial support registered for Sony Clie 5.0
[   10.687771][    T1] usbserial: USB Serial support registered for Sony Clie 3.5
[   10.693898][    T1] usbcore: registered new interface driver wishbone_serial
[   10.698730][    T1] usbserial: USB Serial support registered for wishbone_serial
[   10.707134][    T1] usbcore: registered new interface driver whiteheat
[   10.710170][    T1] usbserial: USB Serial support registered for Connect Tech - WhiteHEAT - (prerenumeration)
[   10.717157][    T1] usbserial: USB Serial support registered for Connect Tech - WhiteHEAT
[   10.723857][    T1] usbcore: registered new interface driver xr_serial
[   10.727148][    T1] usbserial: USB Serial support registered for xr_serial
[   10.732665][    T1] usbcore: registered new interface driver xsens_mt
[   10.736091][    T1] usbserial: USB Serial support registered for xsens_mt
[   10.740872][    T1] usbcore: registered new interface driver adutux
[   10.745003][    T1] usbcore: registered new interface driver appledisplay
[   10.748933][    T1] usbcore: registered new interface driver cypress_cy7c63
[   10.753251][    T1] usbcore: registered new interface driver cytherm
[   10.756652][    T1] usbcore: registered new interface driver emi26 - firmware loader
[   10.764040][    T1] usbcore: registered new interface driver emi62 - firmware loader
[   10.770847][    T1] ftdi_elan: driver ftdi-elan
[   10.774408][    T1] usbcore: registered new interface driver ftdi-elan
[   10.779349][    T1] usbcore: registered new interface driver idmouse
[   10.785362][    T1] usbcore: registered new interface driver iowarrior
[   10.789649][    T1] usbcore: registered new interface driver isight_firmware
[   10.793938][    T1] usbcore: registered new interface driver usblcd
[   10.798663][    T1] usbcore: registered new interface driver ldusb
[   10.802587][    T1] usbcore: registered new interface driver legousbtower
[   10.806283][    T1] usbcore: registered new interface driver usbtest
[   10.809423][    T1] usbcore: registered new interface driver usb_ehset_test
[   10.813747][    T1] usbcore: registered new interface driver trancevibrator
[   10.817569][    T1] usbcore: registered new interface driver uss720
[   10.820240][    T1] uss720: USB Parport Cable driver for Cables using the Lucent Technologies USS720 Chip
[   10.825941][    T1] uss720: NOTE: this is a special purpose driver to allow nonstandard
[   10.834098][    T1] uss720: protocols (eg. bitbang) over USS720 usb to parallel cables
[   10.838420][    T1] uss720: If you just want to connect to a printer, use usblp instead
[   10.845919][    T1] usbcore: registered new interface driver usbsevseg
[   10.850862][    T1] usbcore: registered new interface driver yurex
[   10.855597][    T1] usbcore: registered new interface driver chaoskey
[   10.860327][    T1] usbcore: registered new interface driver sisusb
[   10.863797][    T1] usbcore: registered new interface driver lvs
[   10.867638][    T1] usbcore: registered new interface driver cxacru
[   10.870265][    T1] usbcore: registered new interface driver speedtch
[   10.874966][    T1] usbcore: registered new interface driver ueagle-atm
[   10.878053][    T1] xusbatm: malformed module parameters
[   10.883387][    T1] dummy_hcd dummy_hcd.0: USB Host+Gadget Emulator, driver 02 May 2005
[   10.887322][    T1] dummy_hcd dummy_hcd.0: Dummy host controller
[   10.894276][    T1] dummy_hcd dummy_hcd.0: new USB bus registered, assigned bus number 1
[   10.905624][    T1] usb usb1: New USB device found, idVendor=1d6b, idProduct=0002, bcdDevice= 6.01
[   10.909922][    T1] usb usb1: New USB device strings: Mfr=3, Product=2, SerialNumber=1
[   10.913529][    T1] usb usb1: Product: Dummy host controller
[   10.917257][    T1] usb usb1: Manufacturer: Linux 6.1.0-rc8-g85fe0d25f228-dirty dummy_hcd
[   10.922424][    T1] usb usb1: SerialNumber: dummy_hcd.0
[   10.931320][    T1] hub 1-0:1.0: USB hub found
[   10.936892][    T1] hub 1-0:1.0: 1 port detected
[   10.954826][    T1] gadgetfs: USB Gadget filesystem, version 24 Aug 2004
[   10.964950][    T1] vhci_hcd vhci_hcd.0: USB/IP Virtual Host Controller
[   10.971421][    T1] vhci_hcd vhci_hcd.0: new USB bus registered, assigned bus number 2
[   10.980516][    T1] vhci_hcd: created sysfs vhci_hcd.0
[   10.985394][    T1] usb usb2: New USB device found, idVendor=1d6b, idProduct=0002, bcdDevice= 6.01
[   10.990670][    T1] usb usb2: New USB device strings: Mfr=3, Product=2, SerialNumber=1
[   10.997529][    T1] usb usb2: Product: USB/IP Virtual Host Controller
[   11.000277][    T1] usb usb2: Manufacturer: Linux 6.1.0-rc8-g85fe0d25f228-dirty vhci_hcd
[   11.005735][    T1] usb usb2: SerialNumber: vhci_hcd.0
[   11.013672][    T1] hub 2-0:1.0: USB hub found
[   11.019953][    T1] hub 2-0:1.0: 8 ports detected
[   11.027474][    T1] vhci_hcd vhci_hcd.0: USB/IP Virtual Host Controller
[   11.035979][    T1] vhci_hcd vhci_hcd.0: new USB bus registered, assigned bus number 3
[   11.040578][    T1] usb usb3: We don't know the algorithms for LPM for this host, disabling LPM.
[   11.045037][    T1] usb usb3: New USB device found, idVendor=1d6b, idProduct=0003, bcdDevice= 6.01
[   11.049298][    T1] usb usb3: New USB device strings: Mfr=3, Product=2, SerialNumber=1
[   11.053918][    T1] usb usb3: Product: USB/IP Virtual Host Controller
[   11.062769][    T1] usb usb3: Manufacturer: Linux 6.1.0-rc8-g85fe0d25f228-dirty vhci_hcd
[   11.067139][    T1] usb usb3: SerialNumber: vhci_hcd.0
[   11.075817][    T1] hub 3-0:1.0: USB hub found
[   11.080615][    T1] hub 3-0:1.0: 8 ports detected
[   11.094559][    T1] vhci_hcd vhci_hcd.1: USB/IP Virtual Host Controller
[   11.098816][    T1] vhci_hcd vhci_hcd.1: new USB bus registered, assigned bus number 4
[   11.102740][    T1] usb usb4: New USB device found, idVendor=1d6b, idProduct=0002, bcdDevice= 6.01
[   11.106116][    T1] usb usb4: New USB device strings: Mfr=3, Product=2, SerialNumber=1
[   11.109035][    T1] usb usb4: Product: USB/IP Virtual Host Controller
[   11.111215][    T1] usb usb4: Manufacturer: Linux 6.1.0-rc8-g85fe0d25f228-dirty vhci_hcd
[   11.119430][    T1] usb usb4: SerialNumber: vhci_hcd.1
[   11.129484][    T1] hub 4-0:1.0: USB hub found
[   11.132506][    T1] hub 4-0:1.0: 8 ports detected
[   11.141761][    T1] vhci_hcd vhci_hcd.1: USB/IP Virtual Host Controller
[   11.154473][    T1] vhci_hcd vhci_hcd.1: new USB bus registered, assigned bus number 5
[   11.163171][    T1] usb usb5: We don't know the algorithms for LPM for this host, disabling LPM.
[   11.166205][    T1] usb usb5: New USB device found, idVendor=1d6b, idProduct=0003, bcdDevice= 6.01
[   11.169010][    T1] usb usb5: New USB device strings: Mfr=3, Product=2, SerialNumber=1
[   11.171692][    T1] usb usb5: Product: USB/IP Virtual Host Controller
[   11.175049][    T1] usb usb5: Manufacturer: Linux 6.1.0-rc8-g85fe0d25f228-dirty vhci_hcd
[   11.185806][    T1] usb usb5: SerialNumber: vhci_hcd.1
[   11.191398][    T1] hub 5-0:1.0: USB hub found
[   11.193818][    T1] hub 5-0:1.0: 8 ports detected
[   11.204168][    T1] vhci_hcd vhci_hcd.2: USB/IP Virtual Host Controller
[   11.213107][    T1] vhci_hcd vhci_hcd.2: new USB bus registered, assigned bus number 6
[   11.225793][    T1] usb usb6: New USB device found, idVendor=1d6b, idProduct=0002, bcdDevice= 6.01
[   11.230049][    T1] usb usb6: New USB device strings: Mfr=3, Product=2, SerialNumber=1
[   11.234257][    T1] usb usb6: Product: USB/IP Virtual Host Controller
[   11.237834][    T1] usb usb6: Manufacturer: Linux 6.1.0-rc8-g85fe0d25f228-dirty vhci_hcd
[   11.242420][    T1] usb usb6: SerialNumber: vhci_hcd.2
[   11.249748][    T1] hub 6-0:1.0: USB hub found
[   11.251766][    T1] hub 6-0:1.0: 8 ports detected
[   11.257949][    T1] vhci_hcd vhci_hcd.2: USB/IP Virtual Host Controller
[   11.261281][    T1] vhci_hcd vhci_hcd.2: new USB bus registered, assigned bus number 7
[   11.264070][    T1] usb usb7: We don't know the algorithms for LPM for this host, disabling LPM.
[   11.267255][    T1] usb usb7: New USB device found, idVendor=1d6b, idProduct=0003, bcdDevice= 6.01
[   11.270070][    T1] usb usb7: New USB device strings: Mfr=3, Product=2, SerialNumber=1
[   11.273710][    T1] usb usb7: Product: USB/IP Virtual Host Controller
[   11.279043][    T1] usb usb7: Manufacturer: Linux 6.1.0-rc8-g85fe0d25f228-dirty vhci_hcd
[   11.286492][    T1] usb usb7: SerialNumber: vhci_hcd.2
[   11.294599][    T1] hub 7-0:1.0: USB hub found
[   11.301466][    T1] hub 7-0:1.0: 8 ports detected
[   11.313959][    T1] vhci_hcd vhci_hcd.3: USB/IP Virtual Host Controller
[   11.323677][    T1] vhci_hcd vhci_hcd.3: new USB bus registered, assigned bus number 8
[   11.328888][    T1] usb usb8: New USB device found, idVendor=1d6b, idProduct=0002, bcdDevice= 6.01
[   11.332501][    T1] usb usb8: New USB device strings: Mfr=3, Product=2, SerialNumber=1
[   11.335323][    T1] usb usb8: Product: USB/IP Virtual Host Controller
[   11.339958][    T1] usb usb8: Manufacturer: Linux 6.1.0-rc8-g85fe0d25f228-dirty vhci_hcd
[   11.344721][    T1] usb usb8: SerialNumber: vhci_hcd.3
[   11.351998][    T1] hub 8-0:1.0: USB hub found
[   11.358730][    T1] hub 8-0:1.0: 8 ports detected
[   11.368408][    T1] vhci_hcd vhci_hcd.3: USB/IP Virtual Host Controller
[   11.371276][    T1] vhci_hcd vhci_hcd.3: new USB bus registered, assigned bus number 9
[   11.379020][    T1] usb usb9: We don't know the algorithms for LPM for this host, disabling LPM.
[   11.386403][    T1] usb usb9: New USB device found, idVendor=1d6b, idProduct=0003, bcdDevice= 6.01
[   11.392703][    T1] usb usb9: New USB device strings: Mfr=3, Product=2, SerialNumber=1
[   11.398637][    T1] usb usb9: Product: USB/IP Virtual Host Controller
[   11.404467][    T1] usb usb9: Manufacturer: Linux 6.1.0-rc8-g85fe0d25f228-dirty vhci_hcd
[   11.408008][    T1] usb usb9: SerialNumber: vhci_hcd.3
[   11.413396][    T1] hub 9-0:1.0: USB hub found
[   11.419173][    T1] hub 9-0:1.0: 8 ports detected
[   11.425019][    T1] vhci_hcd vhci_hcd.4: USB/IP Virtual Host Controller
[   11.428218][    T1] vhci_hcd vhci_hcd.4: new USB bus registered, assigned bus number 10
[   11.436875][    T1] usb usb10: New USB device found, idVendor=1d6b, idProduct=0002, bcdDevice= 6.01
[   11.440866][    T1] usb usb10: New USB device strings: Mfr=3, Product=2, SerialNumber=1
[   11.443750][    T1] usb usb10: Product: USB/IP Virtual Host Controller
[   11.451105][    T1] usb usb10: Manufacturer: Linux 6.1.0-rc8-g85fe0d25f228-dirty vhci_hcd
[   11.454127][    T1] usb usb10: SerialNumber: vhci_hcd.4
[   11.459700][    T1] hub 10-0:1.0: USB hub found
[   11.462302][    T1] hub 10-0:1.0: 8 ports detected
[   11.472042][    T1] vhci_hcd vhci_hcd.4: USB/IP Virtual Host Controller
[   11.480959][    T1] vhci_hcd vhci_hcd.4: new USB bus registered, assigned bus number 11
[   11.489693][    T1] usb usb11: We don't know the algorithms for LPM for this host, disabling LPM.
[   11.493004][    T1] usb usb11: New USB device found, idVendor=1d6b, idProduct=0003, bcdDevice= 6.01
[   11.497746][    T1] usb usb11: New USB device strings: Mfr=3, Product=2, SerialNumber=1
[   11.506919][    T1] usb usb11: Product: USB/IP Virtual Host Controller
[   11.515101][    T1] usb usb11: Manufacturer: Linux 6.1.0-rc8-g85fe0d25f228-dirty vhci_hcd
[   11.519087][    T1] usb usb11: SerialNumber: vhci_hcd.4
[   11.529252][    T1] hub 11-0:1.0: USB hub found
[   11.531878][    T1] hub 11-0:1.0: 8 ports detected
[   11.550632][    T1] vhci_hcd vhci_hcd.5: USB/IP Virtual Host Controller
[   11.560596][    T1] vhci_hcd vhci_hcd.5: new USB bus registered, assigned bus number 12
[   11.567963][    T1] usb usb12: New USB device found, idVendor=1d6b, idProduct=0002, bcdDevice= 6.01
[   11.570886][    T1] usb usb12: New USB device strings: Mfr=3, Product=2, SerialNumber=1
[   11.573661][    T1] usb usb12: Product: USB/IP Virtual Host Controller
[   11.579144][    T1] usb usb12: Manufacturer: Linux 6.1.0-rc8-g85fe0d25f228-dirty vhci_hcd
[   11.588395][    T1] usb usb12: SerialNumber: vhci_hcd.5
[   11.595684][    T1] hub 12-0:1.0: USB hub found
[   11.599984][    T1] hub 12-0:1.0: 8 ports detected
[   11.609077][    T1] vhci_hcd vhci_hcd.5: USB/IP Virtual Host Controller
[   11.615537][    T1] vhci_hcd vhci_hcd.5: new USB bus registered, assigned bus number 13
[   11.620392][    T1] usb usb13: We don't know the algorithms for LPM for this host, disabling LPM.
[   11.627536][    T1] usb usb13: New USB device found, idVendor=1d6b, idProduct=0003, bcdDevice= 6.01
[   11.631827][    T1] usb usb13: New USB device strings: Mfr=3, Product=2, SerialNumber=1
[   11.635986][    T1] usb usb13: Product: USB/IP Virtual Host Controller
[   11.639682][    T1] usb usb13: Manufacturer: Linux 6.1.0-rc8-g85fe0d25f228-dirty vhci_hcd
[   11.646457][    T1] usb usb13: SerialNumber: vhci_hcd.5
[   11.653838][    T1] hub 13-0:1.0: USB hub found
[   11.655572][    T1] hub 13-0:1.0: 8 ports detected
[   11.662849][    T1] vhci_hcd vhci_hcd.6: USB/IP Virtual Host Controller
[   11.668521][    T1] vhci_hcd vhci_hcd.6: new USB bus registered, assigned bus number 14
[   11.673469][    T1] usb usb14: New USB device found, idVendor=1d6b, idProduct=0002, bcdDevice= 6.01
[   11.676867][    T1] usb usb14: New USB device strings: Mfr=3, Product=2, SerialNumber=1
[   11.684534][    T1] usb usb14: Product: USB/IP Virtual Host Controller
[   11.688055][    T1] usb usb14: Manufacturer: Linux 6.1.0-rc8-g85fe0d25f228-dirty vhci_hcd
[   11.692925][    T1] usb usb14: SerialNumber: vhci_hcd.6
[   11.702669][    T1] hub 14-0:1.0: USB hub found
[   11.705482][    T1] hub 14-0:1.0: 8 ports detected
[   11.716143][    T1] vhci_hcd vhci_hcd.6: USB/IP Virtual Host Controller
[   11.725466][    T1] vhci_hcd vhci_hcd.6: new USB bus registered, assigned bus number 15
[   11.728580][    T1] usb usb15: We don't know the algorithms for LPM for this host, disabling LPM.
[   11.731471][    T1] usb usb15: New USB device found, idVendor=1d6b, idProduct=0003, bcdDevice= 6.01
[   11.736993][    T1] usb usb15: New USB device strings: Mfr=3, Product=2, SerialNumber=1
[   11.746095][    T1] usb usb15: Product: USB/IP Virtual Host Controller
[   11.747908][    T1] usb usb15: Manufacturer: Linux 6.1.0-rc8-g85fe0d25f228-dirty vhci_hcd
[   11.750305][    T1] usb usb15: SerialNumber: vhci_hcd.6
[   11.759464][    T1] hub 15-0:1.0: USB hub found
[   11.763273][    T1] hub 15-0:1.0: 8 ports detected
[   11.769704][    T1] vhci_hcd vhci_hcd.7: USB/IP Virtual Host Controller
[   11.777032][    T1] vhci_hcd vhci_hcd.7: new USB bus registered, assigned bus number 16
[   11.781826][    T1] usb usb16: New USB device found, idVendor=1d6b, idProduct=0002, bcdDevice= 6.01
[   11.784723][    T1] usb usb16: New USB device strings: Mfr=3, Product=2, SerialNumber=1
[   11.787066][    T1] usb usb16: Product: USB/IP Virtual Host Controller
[   11.791240][    T1] usb usb16: Manufacturer: Linux 6.1.0-rc8-g85fe0d25f228-dirty vhci_hcd
[   11.798461][    T1] usb usb16: SerialNumber: vhci_hcd.7
[   11.806930][    T1] hub 16-0:1.0: USB hub found
[   11.809236][    T1] hub 16-0:1.0: 8 ports detected
[   11.818050][    T1] vhci_hcd vhci_hcd.7: USB/IP Virtual Host Controller
[   11.822962][    T1] vhci_hcd vhci_hcd.7: new USB bus registered, assigned bus number 17
[   11.825748][    T1] usb usb17: We don't know the algorithms for LPM for this host, disabling LPM.
[   11.828900][    T1] usb usb17: New USB device found, idVendor=1d6b, idProduct=0003, bcdDevice= 6.01
[   11.834227][    T1] usb usb17: New USB device strings: Mfr=3, Product=2, SerialNumber=1
[   11.838819][    T1] usb usb17: Product: USB/IP Virtual Host Controller
[   11.842832][    T1] usb usb17: Manufacturer: Linux 6.1.0-rc8-g85fe0d25f228-dirty vhci_hcd
[   11.847193][    T1] usb usb17: SerialNumber: vhci_hcd.7
[   11.854683][    T1] hub 17-0:1.0: USB hub found
[   11.859936][    T1] hub 17-0:1.0: 8 ports detected
[   11.871138][    T1] vhci_hcd vhci_hcd.8: USB/IP Virtual Host Controller
[   11.874540][    T1] vhci_hcd vhci_hcd.8: new USB bus registered, assigned bus number 18
[   11.878612][    T1] usb usb18: New USB device found, idVendor=1d6b, idProduct=0002, bcdDevice= 6.01
[   11.885556][    T1] usb usb18: New USB device strings: Mfr=3, Product=2, SerialNumber=1
[   11.894660][    T1] usb usb18: Product: USB/IP Virtual Host Controller
[   11.899332][    T1] usb usb18: Manufacturer: Linux 6.1.0-rc8-g85fe0d25f228-dirty vhci_hcd
[   11.907657][    T1] usb usb18: SerialNumber: vhci_hcd.8
[   11.915070][    T1] hub 18-0:1.0: USB hub found
[   11.922061][    T1] hub 18-0:1.0: 8 ports detected
[   11.928762][    T1] vhci_hcd vhci_hcd.8: USB/IP Virtual Host Controller
[   11.939962][    T1] vhci_hcd vhci_hcd.8: new USB bus registered, assigned bus number 19
[   11.946029][    T1] usb usb19: We don't know the algorithms for LPM for this host, disabling LPM.
[   11.952845][    T1] usb usb19: New USB device found, idVendor=1d6b, idProduct=0003, bcdDevice= 6.01
[   11.962683][    T1] usb usb19: New USB device strings: Mfr=3, Product=2, SerialNumber=1
[   11.966137][    T1] usb usb19: Product: USB/IP Virtual Host Controller
[   11.969273][    T1] usb usb19: Manufacturer: Linux 6.1.0-rc8-g85fe0d25f228-dirty vhci_hcd
[   11.976632][    T1] usb usb19: SerialNumber: vhci_hcd.8
[   11.986397][    T1] hub 19-0:1.0: USB hub found
[   11.989077][    T1] hub 19-0:1.0: 8 ports detected
[   11.998755][    T1] vhci_hcd vhci_hcd.9: USB/IP Virtual Host Controller
[   12.001667][    T1] vhci_hcd vhci_hcd.9: new USB bus registered, assigned bus number 20
[   12.009395][    T1] usb usb20: New USB device found, idVendor=1d6b, idProduct=0002, bcdDevice= 6.01
[   12.019973][    T1] usb usb20: New USB device strings: Mfr=3, Product=2, SerialNumber=1
[   12.028835][    T1] usb usb20: Product: USB/IP Virtual Host Controller
[   12.032326][    T1] usb usb20: Manufacturer: Linux 6.1.0-rc8-g85fe0d25f228-dirty vhci_hcd
[   12.034978][    T1] usb usb20: SerialNumber: vhci_hcd.9
[   12.041246][    T1] hub 20-0:1.0: USB hub found
[   12.044192][    T1] hub 20-0:1.0: 8 ports detected
[   12.050248][    T1] vhci_hcd vhci_hcd.9: USB/IP Virtual Host Controller
[   12.053052][    T1] vhci_hcd vhci_hcd.9: new USB bus registered, assigned bus number 21
[   12.056786][    T1] usb usb21: We don't know the algorithms for LPM for this host, disabling LPM.
[   12.064980][    T1] usb usb21: New USB device found, idVendor=1d6b, idProduct=0003, bcdDevice= 6.01
[   12.068762][    T1] usb usb21: New USB device strings: Mfr=3, Product=2, SerialNumber=1
[   12.071368][    T1] usb usb21: Product: USB/IP Virtual Host Controller
[   12.076836][    T1] usb usb21: Manufacturer: Linux 6.1.0-rc8-g85fe0d25f228-dirty vhci_hcd
[   12.081280][    T1] usb usb21: SerialNumber: vhci_hcd.9
[   12.092979][    T1] hub 21-0:1.0: USB hub found
[   12.100080][    T1] hub 21-0:1.0: 8 ports detected
[   12.109727][    T1] vhci_hcd vhci_hcd.10: USB/IP Virtual Host Controller
[   12.121254][    T1] vhci_hcd vhci_hcd.10: new USB bus registered, assigned bus number 22
[   12.128004][    T1] usb usb22: New USB device found, idVendor=1d6b, idProduct=0002, bcdDevice= 6.01
[   12.135695][    T1] usb usb22: New USB device strings: Mfr=3, Product=2, SerialNumber=1
[   12.145095][    T1] usb usb22: Product: USB/IP Virtual Host Controller
[   12.150213][    T1] usb usb22: Manufacturer: Linux 6.1.0-rc8-g85fe0d25f228-dirty vhci_hcd
[   12.155825][    T1] usb usb22: SerialNumber: vhci_hcd.10
[   12.162831][    T1] hub 22-0:1.0: USB hub found
[   12.166489][    T1] hub 22-0:1.0: 8 ports detected
[   12.174977][    T1] vhci_hcd vhci_hcd.10: USB/IP Virtual Host Controller
[   12.179808][    T1] vhci_hcd vhci_hcd.10: new USB bus registered, assigned bus number 23
[   12.186582][    T1] usb usb23: We don't know the algorithms for LPM for this host, disabling LPM.
[   12.192305][    T1] usb usb23: New USB device found, idVendor=1d6b, idProduct=0003, bcdDevice= 6.01
[   12.195410][    T1] usb usb23: New USB device strings: Mfr=3, Product=2, SerialNumber=1
[   12.198930][    T1] usb usb23: Product: USB/IP Virtual Host Controller
[   12.203674][    T1] usb usb23: Manufacturer: Linux 6.1.0-rc8-g85fe0d25f228-dirty vhci_hcd
[   12.207511][    T1] usb usb23: SerialNumber: vhci_hcd.10
[   12.213917][    T1] hub 23-0:1.0: USB hub found
[   12.220290][    T1] hub 23-0:1.0: 8 ports detected
[   12.227395][    T1] vhci_hcd vhci_hcd.11: USB/IP Virtual Host Controller
[   12.231463][    T1] vhci_hcd vhci_hcd.11: new USB bus registered, assigned bus number 24
[   12.240396][    T1] usb usb24: New USB device found, idVendor=1d6b, idProduct=0002, bcdDevice= 6.01
[   12.247208][    T1] usb usb24: New USB device strings: Mfr=3, Product=2, SerialNumber=1
[   12.250518][    T1] usb usb24: Product: USB/IP Virtual Host Controller
[   12.259972][    T1] usb usb24: Manufacturer: Linux 6.1.0-rc8-g85fe0d25f228-dirty vhci_hcd
[   12.272004][    T1] usb usb24: SerialNumber: vhci_hcd.11
[   12.280104][    T1] hub 24-0:1.0: USB hub found
[   12.284435][    T1] hub 24-0:1.0: 8 ports detected
[   12.293762][    T1] vhci_hcd vhci_hcd.11: USB/IP Virtual Host Controller
[   12.303520][    T1] vhci_hcd vhci_hcd.11: new USB bus registered, assigned bus number 25
[   12.311644][    T1] usb usb25: We don't know the algorithms for LPM for this host, disabling LPM.
[   12.325332][    T1] usb usb25: New USB device found, idVendor=1d6b, idProduct=0003, bcdDevice= 6.01
[   12.329823][    T1] usb usb25: New USB device strings: Mfr=3, Product=2, SerialNumber=1
[   12.339133][    T1] usb usb25: Product: USB/IP Virtual Host Controller
[   12.342345][    T1] usb usb25: Manufacturer: Linux 6.1.0-rc8-g85fe0d25f228-dirty vhci_hcd
[   12.346504][    T1] usb usb25: SerialNumber: vhci_hcd.11
[   12.352667][    T1] hub 25-0:1.0: USB hub found
[   12.355925][    T1] hub 25-0:1.0: 8 ports detected
[   12.363943][    T1] vhci_hcd vhci_hcd.12: USB/IP Virtual Host Controller
[   12.370256][    T1] vhci_hcd vhci_hcd.12: new USB bus registered, assigned bus number 26
[   12.380941][    T1] usb usb26: New USB device found, idVendor=1d6b, idProduct=0002, bcdDevice= 6.01
[   12.384302][    T1] usb usb26: New USB device strings: Mfr=3, Product=2, SerialNumber=1
[   12.389513][    T1] usb usb26: Product: USB/IP Virtual Host Controller
[   12.397883][    T1] usb usb26: Manufacturer: Linux 6.1.0-rc8-g85fe0d25f228-dirty vhci_hcd
[   12.403046][    T1] usb usb26: SerialNumber: vhci_hcd.12
[   12.409002][    T1] hub 26-0:1.0: USB hub found
[   12.415741][    T1] hub 26-0:1.0: 8 ports detected
[   12.422789][    T1] vhci_hcd vhci_hcd.12: USB/IP Virtual Host Controller
[   12.428880][    T1] vhci_hcd vhci_hcd.12: new USB bus registered, assigned bus number 27
[   12.436137][    T1] usb usb27: We don't know the algorithms for LPM for this host, disabling LPM.
[   12.447400][    T1] usb usb27: New USB device found, idVendor=1d6b, idProduct=0003, bcdDevice= 6.01
[   12.451557][    T1] usb usb27: New USB device strings: Mfr=3, Product=2, SerialNumber=1
[   12.459950][    T1] usb usb27: Product: USB/IP Virtual Host Controller
[   12.465071][    T1] usb usb27: Manufacturer: Linux 6.1.0-rc8-g85fe0d25f228-dirty vhci_hcd
[   12.467824][    T1] usb usb27: SerialNumber: vhci_hcd.12
[   12.473962][    T1] hub 27-0:1.0: USB hub found
[   12.479397][    T1] hub 27-0:1.0: 8 ports detected
[   12.485170][    T1] vhci_hcd vhci_hcd.13: USB/IP Virtual Host Controller
[   12.491332][    T1] vhci_hcd vhci_hcd.13: new USB bus registered, assigned bus number 28
[   12.496705][    T1] usb usb28: New USB device found, idVendor=1d6b, idProduct=0002, bcdDevice= 6.01
[   12.501003][    T1] usb usb28: New USB device strings: Mfr=3, Product=2, SerialNumber=1
[   12.506130][    T1] usb usb28: Product: USB/IP Virtual Host Controller
[   12.509645][    T1] usb usb28: Manufacturer: Linux 6.1.0-rc8-g85fe0d25f228-dirty vhci_hcd
[   12.521800][    T1] usb usb28: SerialNumber: vhci_hcd.13
[   12.533068][    T1] hub 28-0:1.0: USB hub found
[   12.536766][    T1] hub 28-0:1.0: 8 ports detected
[   12.553813][    T1] vhci_hcd vhci_hcd.13: USB/IP Virtual Host Controller
[   12.562742][    T1] vhci_hcd vhci_hcd.13: new USB bus registered, assigned bus number 29
[   12.567750][    T1] usb usb29: We don't know the algorithms for LPM for this host, disabling LPM.
[   12.571844][    T1] usb usb29: New USB device found, idVendor=1d6b, idProduct=0003, bcdDevice= 6.01
[   12.575436][    T1] usb usb29: New USB device strings: Mfr=3, Product=2, SerialNumber=1
[   12.578723][    T1] usb usb29: Product: USB/IP Virtual Host Controller
[   12.582032][    T1] usb usb29: Manufacturer: Linux 6.1.0-rc8-g85fe0d25f228-dirty vhci_hcd
[   12.586777][    T1] usb usb29: SerialNumber: vhci_hcd.13
[   12.593073][    T1] hub 29-0:1.0: USB hub found
[   12.595359][    T1] hub 29-0:1.0: 8 ports detected
[   12.604469][    T1] vhci_hcd vhci_hcd.14: USB/IP Virtual Host Controller
[   12.612308][    T1] vhci_hcd vhci_hcd.14: new USB bus registered, assigned bus number 30
[   12.616702][    T1] usb usb30: New USB device found, idVendor=1d6b, idProduct=0002, bcdDevice= 6.01
[   12.626636][    T1] usb usb30: New USB device strings: Mfr=3, Product=2, SerialNumber=1
[   12.632960][    T1] usb usb30: Product: USB/IP Virtual Host Controller
[   12.635694][    T1] usb usb30: Manufacturer: Linux 6.1.0-rc8-g85fe0d25f228-dirty vhci_hcd
[   12.641742][    T1] usb usb30: SerialNumber: vhci_hcd.14
[   12.649643][    T1] hub 30-0:1.0: USB hub found
[   12.654174][    T1] hub 30-0:1.0: 8 ports detected
[   12.666996][    T1] vhci_hcd vhci_hcd.14: USB/IP Virtual Host Controller
[   12.672241][    T1] vhci_hcd vhci_hcd.14: new USB bus registered, assigned bus number 31
[   12.676605][    T1] usb usb31: We don't know the algorithms for LPM for this host, disabling LPM.
[   12.682924][    T1] usb usb31: New USB device found, idVendor=1d6b, idProduct=0003, bcdDevice= 6.01
[   12.690185][    T1] usb usb31: New USB device strings: Mfr=3, Product=2, SerialNumber=1
[   12.693974][    T1] usb usb31: Product: USB/IP Virtual Host Controller
[   12.700281][    T1] usb usb31: Manufacturer: Linux 6.1.0-rc8-g85fe0d25f228-dirty vhci_hcd
[   12.708262][    T1] usb usb31: SerialNumber: vhci_hcd.14
[   12.716700][    T1] hub 31-0:1.0: USB hub found
[   12.721993][    T1] hub 31-0:1.0: 8 ports detected
[   12.727430][    T1] vhci_hcd vhci_hcd.15: USB/IP Virtual Host Controller
[   12.732254][    T1] vhci_hcd vhci_hcd.15: new USB bus registered, assigned bus number 32
[   12.742710][    T1] usb usb32: New USB device found, idVendor=1d6b, idProduct=0002, bcdDevice= 6.01
[   12.746307][    T1] usb usb32: New USB device strings: Mfr=3, Product=2, SerialNumber=1
[   12.752022][    T1] usb usb32: Product: USB/IP Virtual Host Controller
[   12.755460][    T1] usb usb32: Manufacturer: Linux 6.1.0-rc8-g85fe0d25f228-dirty vhci_hcd
[   12.765122][    T1] usb usb32: SerialNumber: vhci_hcd.15
[   12.771130][    T1] hub 32-0:1.0: USB hub found
[   12.774161][    T1] hub 32-0:1.0: 8 ports detected
[   12.779465][    T1] vhci_hcd vhci_hcd.15: USB/IP Virtual Host Controller
[   12.783847][    T1] vhci_hcd vhci_hcd.15: new USB bus registered, assigned bus number 33
[   12.788699][    T1] usb usb33: We don't know the algorithms for LPM for this host, disabling LPM.
[   12.797433][    T1] usb usb33: New USB device found, idVendor=1d6b, idProduct=0003, bcdDevice= 6.01
[   12.803536][    T1] usb usb33: New USB device strings: Mfr=3, Product=2, SerialNumber=1
[   12.807912][    T1] usb usb33: Product: USB/IP Virtual Host Controller
[   12.816302][    T1] usb usb33: Manufacturer: Linux 6.1.0-rc8-g85fe0d25f228-dirty vhci_hcd
[   12.820096][    T1] usb usb33: SerialNumber: vhci_hcd.15
[   12.826709][    T1] hub 33-0:1.0: USB hub found
[   12.830104][    T1] hub 33-0:1.0: 8 ports detected
[   12.836942][    T1] usbcore: registered new device driver usbip-host
[   12.841081][    T1] i8042: PNP: PS/2 Controller [PNP0303:KBD,PNP0f13:MOU] at 0x60,0x64 irq 1,12
[   12.852655][    T1] serio: i8042 KBD port at 0x60,0x64 irq 1
[   12.860336][    T1] serio: i8042 AUX port at 0x60,0x64 irq 12
[   12.871086][    T1] mousedev: PS/2 mouse device common for all mice
[   12.875503][    T1] usbcore: registered new interface driver appletouch
[   12.883586][    T1] usbcore: registered new interface driver bcm5974
[   12.890011][  T924] input: AT Translated Set 2 keyboard as /devices/platform/i8042/serio0/input/input1
[   12.891488][    T1] usbcore: registered new interface driver synaptics_usb
[   12.904418][    T1] usbcore: registered new interface driver iforce
[   12.915669][    T1] usbcore: registered new interface driver xpad
[   12.922921][    T1] usbcore: registered new interface driver usb_acecad
[   12.928733][    T1] usbcore: registered new interface driver aiptek
[   12.931031][    T1] usbcore: registered new interface driver hanwang
[   12.935073][    T1] usbcore: registered new interface driver kbtab
[   12.945920][    T1] usbcore: registered new interface driver pegasus_notetaker
[   12.957944][    T1] usbcore: registered new interface driver usbtouchscreen
[   12.961577][    T1] usbcore: registered new interface driver sur40
[   12.964603][    T1] usbcore: registered new interface driver ati_remote2
[   12.966934][    T1] cm109: Keymap for Komunikate KIP1000 phone loaded
[   12.972396][    T1] usbcore: registered new interface driver cm109
[   12.975151][    T1] cm109: CM109 phone driver: 20080805 (C) Alfred E. Heggestad
[   12.980432][    T1] usbcore: registered new interface driver ims_pcu
[   12.983162][    T1] usbcore: registered new interface driver keyspan_remote
[   12.985924][    T1] usbcore: registered new interface driver powermate
[   12.993343][    T1] usbcore: registered new interface driver yealink
[   13.000797][    T1] rtc_cmos 00:05: RTC can wake from S4
[   13.011612][    T1] rtc_cmos 00:05: registered as rtc0
[   13.015810][    T1] rtc_cmos 00:05: alarms up to one day, y3k, 242 bytes nvram, hpet irqs
[   13.020913][    T1] i2c_dev: i2c /dev entries driver
[   13.023279][    T1] usbcore: registered new interface driver i2c-diolan-u2c
[   13.026124][    T1] usbcore: registered new interface driver RobotFuzz Open Source InterFace, OSIF
[   13.031959][    T1] usbcore: registered new interface driver i2c-tiny-usb
[   13.035567][    T1] usbcore: registered new interface driver igorplugusb
[   13.043759][    T1] usbcore: registered new interface driver iguanair
[   13.047101][    T1] usbcore: registered new interface driver imon
[   13.051423][    T1] usbcore: registered new interface driver mceusb
[   13.053884][    T1] usbcore: registered new interface driver redrat3
[   13.061447][    T1] usbcore: registered new interface driver streamzap
[   13.066803][    T1] usbcore: registered new interface driver ttusbir
[   13.076132][    T1] usbcore: registered new interface driver ati_remote
[   13.082539][    T1] b2c2-flexcop: B2C2 FlexcopII/II(b)/III digital TV receiver chip loaded successfully
[   13.088192][    T1] usbcore: registered new interface driver b2c2_flexcop_usb
[   13.092023][    T1] usbcore: registered new interface driver dvb_usb_vp7045
[   13.100625][    T1] usbcore: registered new interface driver dvb_usb_vp702x
[   13.103337][    T1] usbcore: registered new interface driver dvb_usb_gp8psk
[   13.108555][    T1] usbcore: registered new interface driver dvb_usb_dtt200u
[   13.112321][    T1] usbcore: registered new interface driver dvb_usb_a800
[   13.119905][    T1] usbcore: registered new interface driver dvb_usb_dibusb_mb
[   13.127493][    T1] usbcore: registered new interface driver dvb_usb_dibusb_mc
[   13.136043][    T1] usbcore: registered new interface driver dvb_usb_nova_t_usb2
[   13.143363][    T1] usbcore: registered new interface driver dvb_usb_umt_010
[   13.149470][    T1] usbcore: registered new interface driver dvb_usb_m920x
[   13.155255][    T1] usbcore: registered new interface driver dvb_usb_digitv
[   13.163413][    T1] usbcore: registered new interface driver dvb_usb_cxusb
[   13.172434][    T1] usbcore: registered new interface driver dvb_usb_ttusb2
[   13.180181][    T1] usbcore: registered new interface driver dvb_usb_dib0700
[   13.188513][    T1] usbcore: registered new interface driver opera1
[   13.193896][    T1] usbcore: registered new interface driver dvb_usb_af9005
[   13.202724][    T1] usbcore: registered new interface driver pctv452e
[   13.206024][    T1] usbcore: registered new interface driver dw2102
[   13.210975][    T1] usbcore: registered new interface driver dvb_usb_dtv5100
[   13.219804][    T1] usbcore: registered new interface driver cinergyT2
[   13.226812][    T1] usbcore: registered new interface driver dvb_usb_az6027
[   13.233421][    T1] usbcore: registered new interface driver dvb_usb_technisat_usb2
[   13.241986][    T1] usbcore: registered new interface driver dvb_usb_af9015
[   13.249102][    T1] usbcore: registered new interface driver dvb_usb_af9035
[   13.259165][    T1] usbcore: registered new interface driver dvb_usb_anysee
[   13.267287][    T1] usbcore: registered new interface driver dvb_usb_au6610
[   13.276583][    T1] usbcore: registered new interface driver dvb_usb_az6007
[   13.283102][    T1] usbcore: registered new interface driver dvb_usb_ce6230
[   13.287584][    T1] usbcore: registered new interface driver dvb_usb_ec168
[   13.291533][    T1] usbcore: registered new interface driver dvb_usb_lmedm04
[   13.295483][    T1] usbcore: registered new interface driver dvb_usb_gl861
[   13.301873][    T1] usbcore: registered new interface driver dvb_usb_mxl111sf
[   13.307270][    T1] usbcore: registered new interface driver dvb_usb_rtl28xxu
[   13.311199][    T1] usbcore: registered new interface driver dvb_usb_dvbsky
[   13.315251][    T1] usbcore: registered new interface driver zd1301
[   13.321263][    T1] usbcore: registered new interface driver s2255
[   13.328187][    T1] usbcore: registered new interface driver smsusb
[   13.334916][    T1] usbcore: registered new interface driver ttusb
[   13.344016][    T1] usbcore: registered new interface driver ttusb-dec
[   13.355838][    T1] usbcore: registered new interface driver Abilis Systems as10x usb driver
[   13.361917][    T1] usbcore: registered new interface driver airspy
[   13.365707][    T1] gspca_main: v2.14.0 registered
[   13.368733][    T1] usbcore: registered new interface driver benq
[   13.372870][    T1] usbcore: registered new interface driver conex
[   13.376023][    T1] usbcore: registered new interface driver cpia1
[   13.380919][    T1] usbcore: registered new interface driver dtcs033
[   13.385629][    T1] usbcore: registered new interface driver etoms
[   13.389401][    T1] usbcore: registered new interface driver finepix
[   13.392355][    T1] usbcore: registered new interface driver jeilinj
[   13.394757][    T1] usbcore: registered new interface driver jl2005bcd
[   13.398599][    T1] usbcore: registered new interface driver kinect
[   13.403791][    T1] usbcore: registered new interface driver konica
[   13.410059][    T1] usbcore: registered new interface driver mars
[   13.414967][    T1] usbcore: registered new interface driver mr97310a
[   13.417180][    T1] usbcore: registered new interface driver nw80x
[   13.423331][    T1] usbcore: registered new interface driver ov519
[   13.427143][    T1] usbcore: registered new interface driver ov534
[   13.431801][    T1] usbcore: registered new interface driver ov534_9
[   13.435490][    T1] usbcore: registered new interface driver pac207
[   13.442689][    T1] usbcore: registered new interface driver gspca_pac7302
[   13.446574][    T1] usbcore: registered new interface driver pac7311
[   13.452686][    T1] usbcore: registered new interface driver se401
[   13.455848][    T1] usbcore: registered new interface driver sn9c2028
[   13.460005][    T1] usbcore: registered new interface driver gspca_sn9c20x
[   13.465606][    T1] usbcore: registered new interface driver sonixb
[   13.468829][    T1] usbcore: registered new interface driver sonixj
[   13.471242][    T1] usbcore: registered new interface driver spca500
[   13.474087][    T1] usbcore: registered new interface driver spca501
[   13.483899][    T1] usbcore: registered new interface driver spca505
[   13.488419][    T1] usbcore: registered new interface driver spca506
[   13.496288][    T1] usbcore: registered new interface driver spca508
[   13.505816][    T1] usbcore: registered new interface driver spca561
[   13.508636][    T1] usbcore: registered new interface driver spca1528
[   13.514521][    T1] usbcore: registered new interface driver sq905
[   13.522039][    T1] usbcore: registered new interface driver sq905c
[   13.526134][    T1] usbcore: registered new interface driver sq930x
[   13.535955][    T1] usbcore: registered new interface driver sunplus
[   13.540540][    T1] usbcore: registered new interface driver stk014
[   13.546680][    T1] usbcore: registered new interface driver stk1135
[   13.550143][    T1] usbcore: registered new interface driver stv0680
[   13.557601][    T1] usbcore: registered new interface driver t613
[   13.561495][    T1] usbcore: registered new interface driver gspca_topro
[   13.566354][    T1] usbcore: registered new interface driver touptek
[   13.574974][    T1] usbcore: registered new interface driver tv8532
[   13.579888][  T924] input: ImExPS/2 Generic Explorer Mouse as /devices/platform/i8042/serio1/input/input3
[   13.580675][    T1] usbcore: registered new interface driver vc032x
[   13.591897][    T1] usbcore: registered new interface driver vicam
[   13.595306][    T1] usbcore: registered new interface driver xirlink-cit
[   13.599871][    T1] usbcore: registered new interface driver gspca_zc3xx
[   13.605601][    T1] usbcore: registered new interface driver ALi m5602
[   13.615652][    T1] usbcore: registered new interface driver STV06xx
[   13.618494][    T1] usbcore: registered new interface driver gspca_gl860
[   13.623673][    T1] usbcore: registered new interface driver hackrf
[   13.628209][    T1] usbcore: registered new interface driver msi2500
[   13.631350][    T1] usbcore: registered new interface driver Philips webcam
[   13.634339][    T1] usbcore: registered new interface driver uvcvideo
[   13.636748][    T1] au0828: au0828 driver loaded
[   13.641413][    T1] usbcore: registered new interface driver au0828
[   13.648928][    T1] usbcore: registered new interface driver cx231xx
[   13.651987][    T1] usbcore: registered new interface driver em28xx
[   13.655917][    T1] em28xx: Registered (Em28xx v4l2 Extension) extension
[   13.659919][    T1] em28xx: Registered (Em28xx Audio Extension) extension
[   13.662878][    T1] em28xx: Registered (Em28xx dvb Extension) extension
[   13.665114][    T1] em28xx: Registered (Em28xx Input Extension) extension
[   13.669680][    T1] usbcore: registered new interface driver go7007
[   13.673206][    T1] usbcore: registered new interface driver go7007-loader
[   13.677231][    T1] usbcore: registered new interface driver hdpvr
[   13.681656][    T1] usbcore: registered new interface driver pvrusb2
[   13.687961][    T1] pvrusb2: V4L in-tree version:Hauppauge WinTV-PVR-USB2 MPEG2 Encoder/Tuner
[   13.692938][    T1] pvrusb2: Debug mask is 31 (0x1f)
[   13.695753][    T1] usbcore: registered new interface driver stk1160
[   13.706113][    T1] usbcore: registered new interface driver usbtv
[   13.717208][    T1] dvbdev: DVB: registering new adapter (dvb_vidtv_bridge)
[   13.730402][    T1] i2c i2c-0: DVB: registering adapter 0 frontend 0 (Dummy demod for DVB-T/T2/C/S/S2)...
[   13.736914][    T1] dvbdev: dvb_create_media_entity: media entity 'Dummy demod for DVB-T/T2/C/S/S2' registered.
[   13.748053][    T1] dvbdev: dvb_create_media_entity: media entity 'dvb-demux' registered.
[   13.759493][    T1] vidtv vidtv.0: Successfully initialized vidtv!
[   13.769159][    T1] vicodec vicodec.0: Device 'stateful-encoder' registered as /dev/video0
[   13.779377][    T1] vicodec vicodec.0: Device 'stateful-decoder' registered as /dev/video1
[   13.787837][    T1] vicodec vicodec.0: Device 'stateless-decoder' registered as /dev/video2
[   13.800466][    T1] vim2m vim2m.0: Device registered as /dev/video0
[   13.820531][    T1] vivid-000: using single planar format API
[   13.839779][    T1] vivid-000: CEC adapter cec0 registered for HDMI input 0
[   13.848417][    T1] vivid-000: V4L2 capture device registered as video7
[   13.861828][    T1] vivid-000: CEC adapter cec1 registered for HDMI output 0
[   13.873029][    T1] vivid-000: V4L2 output device registered as video8
[   13.879848][    T1] vivid-000: V4L2 capture device registered as vbi0, supports raw and sliced VBI
[   13.884526][    T1] vivid-000: V4L2 output device registered as vbi1, supports raw and sliced VBI
[   13.895789][    T1] vivid-000: V4L2 capture device registered as swradio0
[   13.901702][    T1] vivid-000: V4L2 receiver device registered as radio0
[   13.906404][    T1] vivid-000: V4L2 transmitter device registered as radio1
[   13.915181][    T1] vivid-000: V4L2 metadata capture device registered as video9
[   13.920275][    T1] vivid-000: V4L2 metadata output device registered as video10
[   13.923430][    T1] vivid-000: V4L2 touch capture device registered as v4l-touch0
[   13.937322][    T1] usbcore: registered new interface driver radioshark2
[   13.940697][    T1] usbcore: registered new interface driver radioshark
[   13.943060][    T1] usbcore: registered new interface driver radio-si470x
[   13.949869][    T1] usbcore: registered new interface driver radio-usb-si4713
[   13.958085][    T1] usbcore: registered new interface driver dsbr100
[   13.963244][    T1] usbcore: registered new interface driver radio-keene
[   13.968820][    T1] usbcore: registered new interface driver radio-ma901
[   13.974701][    T1] usbcore: registered new interface driver radio-mr800
[   13.978987][    T1] usbcore: registered new interface driver radio-raremono
[   13.986596][    T1] usbcore: registered new interface driver pcwd_usb
[   13.995105][    T1] device-mapper: core: CONFIG_IMA_DISABLE_HTABLE is disabled. Duplicate IMA measurements will not be recorded in the IMA log.
[   14.005613][    T1] device-mapper: uevent: version 1.0.3
[   14.010200][    T1] device-mapper: ioctl: 4.47.0-ioctl (2022-07-28) initialised: dm-devel@redhat.com
[   14.027527][    T1] device-mapper: multipath round-robin: version 1.2.0 loaded
[   14.035086][    T1] device-mapper: multipath queue-length: version 0.2.0 loaded
[   14.040686][    T1] device-mapper: multipath service-time: version 0.3.0 loaded
[   14.044646][    T1] device-mapper: raid: Loading target version 1.15.1
[   14.049514][    T1] Bluetooth: HCI UART driver ver 2.3
[   14.053461][    T1] Bluetooth: HCI UART protocol H4 registered
[   14.057651][    T1] Bluetooth: HCI UART protocol BCSP registered
[   14.062464][    T1] Bluetooth: HCI UART protocol LL registered
[   14.071343][    T1] Bluetooth: HCI UART protocol Three-wire (H5) registered
[   14.074096][    T1] Bluetooth: HCI UART protocol QCA registered
[   14.076042][    T1] Bluetooth: HCI UART protocol AG6XX registered
[   14.079236][    T1] Bluetooth: HCI UART protocol Marvell registered
[   14.082632][    T1] usbcore: registered new interface driver bcm203x
[   14.089142][    T1] usbcore: registered new interface driver bpa10x
[   14.092226][    T1] usbcore: registered new interface driver bfusb
[   14.095675][    T1] usbcore: registered new interface driver btusb
[   14.099952][    T1] usbcore: registered new interface driver ath3k
[   14.105846][    T1] CAPI 2.0 started up with major 68 (middleware)
[   14.108050][    T1] Modular ISDN core version 1.1.29
[   14.111487][    T1] NET: Registered PF_ISDN protocol family
[   14.113438][    T1] DSP module 2.0
[   14.114558][    T1] mISDN_dsp: DSP clocks every 80 samples. This equals 1 jiffies.
[   14.131705][    T1] mISDN: Layer-1-over-IP driver Rev. 2.00
[   14.137656][    T1] 0 virtual devices registered
[   14.140009][    T1] usbcore: registered new interface driver HFC-S_USB
[   14.143200][    T1] intel_pstate: CPU model not supported
[   14.145420][    T1] VUB300 Driver rom wait states = 1C irqpoll timeout = 0400
[   14.151113][    T1] usbcore: registered new interface driver vub300
[   14.164488][    T1] usbcore: registered new interface driver ushc
[   14.178305][    T1] iscsi: registered transport (iser)
[   14.181902][    T1] SoftiWARP attached
[   14.195312][    T1] hid: raw HID events driver (C) Jiri Kosina
[   14.236839][    T1] usbcore: registered new interface driver usbhid
[   14.259937][    T1] usbhid: USB HID core driver
[   14.267343][    T1] usbcore: registered new interface driver es2_ap_driver
[   14.271534][    T1] comedi: version 0.7.76 - http://www.comedi.org
[   14.278248][    T1] usbcore: registered new interface driver dt9812
[   14.283484][    T1] usbcore: registered new interface driver ni6501
[   14.289407][    T1] usbcore: registered new interface driver usbdux
[   14.295650][    T1] usbcore: registered new interface driver usbduxfast
[   14.300683][    T1] usbcore: registered new interface driver usbduxsigma
[   14.305939][    T1] usbcore: registered new interface driver vmk80xx
[   14.310035][    T1] usbcore: registered new interface driver prism2_usb
[   14.314110][    T1] usbcore: registered new interface driver r8712u
[   14.316690][    T1] greybus: registered new driver hid
[   14.327700][    T1] greybus: registered new driver gbphy
[   14.331220][    T1] gb_gbphy: registered new driver usb
[   14.334182][    T1] asus_wmi: ASUS WMI generic driver loaded
[   14.414639][    T1] usbcore: registered new interface driver snd-usb-audio
[   14.423954][    T1] usbcore: registered new interface driver snd-ua101
[   14.428524][    T1] usbcore: registered new interface driver snd-usb-usx2y
[   14.436952][    T1] usbcore: registered new interface driver snd-usb-us122l
[   14.442971][    T1] usbcore: registered new interface driver snd-usb-caiaq
[   14.447016][    T1] usbcore: registered new interface driver snd-usb-6fire
[   14.451406][    T1] usbcore: registered new interface driver snd-usb-hiface
[   14.464750][    T1] usbcore: registered new interface driver snd-bcd2000
[   14.474880][    T1] usbcore: registered new interface driver snd_usb_pod
[   14.480048][    T1] usbcore: registered new interface driver snd_usb_podhd
[   14.483766][    T1] usbcore: registered new interface driver snd_usb_toneport
[   14.496179][    T1] usbcore: registered new interface driver snd_usb_variax
[   14.506059][    T1] drop_monitor: Initializing network drop monitor service
[   14.521944][    T1] NET: Registered PF_LLC protocol family
[   14.530189][    T1] GACT probability on
[   14.533036][    T1] Mirror/redirect action on
[   14.540885][    T1] Simple TC action Loaded
[   14.556983][    T1] netem: version 1.3
[   14.561357][    T1] u32 classifier
[   14.565174][    T1]     Performance counters on
[   14.568094][    T1]     input device check on
[   14.570170][    T1]     Actions configured
[   14.581497][    T1] xt_time: kernel timezone is -0000
[   14.587351][    T1] IPVS: Registered protocols (TCP, UDP, SCTP, AH, ESP)
[   14.595132][    T1] IPVS: Connection hash table configured (size=4096, memory=32Kbytes)
[   14.601421][    T1] IPVS: ipvs loaded.
[   14.603677][    T1] IPVS: [rr] scheduler registered.
[   14.606130][    T1] IPVS: [wrr] scheduler registered.
[   14.609429][    T1] IPVS: [lc] scheduler registered.
[   14.612409][    T1] IPVS: [wlc] scheduler registered.
[   14.614664][    T1] IPVS: [fo] scheduler registered.
[   14.616772][    T1] IPVS: [ovf] scheduler registered.
[   14.620194][    T1] IPVS: [lblc] scheduler registered.
[   14.623213][    T1] IPVS: [lblcr] scheduler registered.
[   14.625415][    T1] IPVS: [dh] scheduler registered.
[   14.627224][    T1] IPVS: [sh] scheduler registered.
[   14.629463][    T1] IPVS: [mh] scheduler registered.
[   14.631746][    T1] IPVS: [sed] scheduler registered.
[   14.634720][    T1] IPVS: [nq] scheduler registered.
[   14.641401][    T1] IPVS: [twos] scheduler registered.
[   14.645612][    T1] IPVS: [sip] pe registered.
[   14.647511][    T1] ipip: IPv4 and MPLS over IPv4 tunneling driver
[   14.653027][    T1] gre: GRE over IPv4 demultiplexor driver
[   14.655150][    T1] ip_gre: GRE over IPv4 tunneling driver
[   14.662862][    T1] IPv4 over IPsec tunneling driver
[   14.670973][    T1] ipt_CLUSTERIP: ClusterIP Version 0.8 loaded successfully
[   14.674457][    T1] Initializing XFRM netlink socket
[   14.681533][    T1] IPsec XFRM device driver
[   14.686051][    T1] NET: Registered PF_INET6 protocol family
[   14.711223][    T1] Segment Routing with IPv6
[   14.714647][    T1] RPL Segment Routing with IPv6
[   14.717523][    T1] In-situ OAM (IOAM) with IPv6
[   14.723347][    T1] mip6: Mobile IPv6
[   14.731118][    T1] sit: IPv6, IPv4 and MPLS over IPv4 tunneling driver
[   14.752999][    T1] ip6_gre: GRE over IPv6 tunneling driver
[   14.766394][    T1] NET: Registered PF_PACKET protocol family
[   14.773494][    T1] NET: Registered PF_KEY protocol family
[   14.778600][    T1] Bridge firewalling registered
[   14.785049][    T1] NET: Registered PF_X25 protocol family
[   14.788813][    T1] X25: Linux Version 0.2
[   14.797556][    T1] NET: Registered PF_NETROM protocol family
[   14.826625][    T1] NET: Registered PF_ROSE protocol family
[   14.830060][    T1] NET: Registered PF_AX25 protocol family
[   14.836281][    T1] can: controller area network core
[   14.842033][    T1] NET: Registered PF_CAN protocol family
[   14.845539][    T1] can: raw protocol
[   14.848297][    T1] can: broadcast manager protocol
[   14.851403][    T1] can: netlink gateway - max_hops=1
[   14.860185][    T1] can: SAE J1939
[   14.864213][    T1] can: isotp protocol
[   14.870478][    T1] Bluetooth: RFCOMM TTY layer initialized
[   14.876336][    T1] Bluetooth: RFCOMM socket layer initialized
[   14.882948][    T1] Bluetooth: RFCOMM ver 1.11
[   14.885531][    T1] Bluetooth: BNEP (Ethernet Emulation) ver 1.3
[   14.888912][    T1] Bluetooth: BNEP filters: protocol multicast
[   14.893528][    T1] Bluetooth: BNEP socket layer initialized
[   14.899137][    T1] Bluetooth: CMTP (CAPI Emulation) ver 1.0
[   14.903713][    T1] Bluetooth: CMTP socket layer initialized
[   14.905953][    T1] Bluetooth: HIDP (Human Interface Emulation) ver 1.2
