bash: warning: setlocale: LC_ALL: cannot change locale (en_US.UTF-8)
c[?7l[2J[0mSeaBIOS (version 1.16.2-debian-1.16.2-1)
Booting from ROM...
c[?7l[2Jearly console in extract_kernel
input_data: 0x000000000d2592bf
input_len: 0x0000000004ba7b36
output: 0x0000000001000000
output_len: 0x000000000f0c6ae0
kernel_total_size: 0x0000000010e26000
needed_size: 0x0000000011000000
trampoline_32bit: 0x000000000009d000

Decompressing Linux... Parsing ELF... done.
Booting the kernel.
[    0.000000][    T0] Linux version 6.1.0-rc8-g3ecc37918c80-dirty (root@buildkitsandbox) (gcc (Debian 12.2.0-14+deb12u1) 12.2.0, GNU ld (GNU Binutils for Debian) 2.40) #1 SMP PREEMPT_DYNAMIC Sat May 23 01:57:13 UTC 2026
[    0.000000][    T0] Command line: console=ttyS0 oops=panic panic=86400 nokaslr earlyprintk=serial rdinit=/init
[    0.000000][    T0] KERNEL supported cpus:
[    0.000000][    T0]   Intel GenuineIntel
[    0.000000][    T0]   AMD AuthenticAMD
[    0.000000][    T0] x86/fpu: Supporting XSAVE feature 0x001: 'x87 floating point registers'
[    0.000000][    T0] x86/fpu: Supporting XSAVE feature 0x002: 'SSE registers'
[    0.000000][    T0] x86/fpu: Supporting XSAVE feature 0x004: 'AVX registers'
[    0.000000][    T0] x86/fpu: xstate_offset[2]:  576, xstate_sizes[2]:  256
[    0.000000][    T0] x86/fpu: Enabled xstate features 0x7, context size is 832 bytes, using 'compacted' format.
[    0.000000][    T0] signal: max sigframe size: 1776
[    0.000000][    T0] BIOS-provided physical RAM map:
[    0.000000][    T0] BIOS-e820: [mem 0x0000000000000000-0x000000000009fbff] usable
[    0.000000][    T0] BIOS-e820: [mem 0x000000000009fc00-0x000000000009ffff] reserved
[    0.000000][    T0] BIOS-e820: [mem 0x00000000000f0000-0x00000000000fffff] reserved
[    0.000000][    T0] BIOS-e820: [mem 0x0000000000100000-0x000000007ffdffff] usable
[    0.000000][    T0] BIOS-e820: [mem 0x000000007ffe0000-0x000000007fffffff] reserved
[    0.000000][    T0] BIOS-e820: [mem 0x00000000feffc000-0x00000000feffffff] reserved
[    0.000000][    T0] BIOS-e820: [mem 0x00000000fffc0000-0x00000000ffffffff] reserved
[    0.000000][    T0] printk: bootconsole [earlyser0] enabled
[    0.000000][    T0] NX (Execute Disable) protection: active
[    0.000000][    T0] SMBIOS 2.8 present.
[    0.000000][    T0] DMI: QEMU Standard PC (i440FX + PIIX, 1996), BIOS 1.16.2-debian-1.16.2-1 04/01/2014
[    0.000000][    T0] Hypervisor detected: KVM
[    0.000000][    T0] kvm-clock: Using msrs 4b564d01 and 4b564d00
[    0.000227][    T0] kvm-clock: using sched offset of 2908044950 cycles
[    0.010626][    T0] clocksource: kvm-clock: mask: 0xffffffffffffffff max_cycles: 0x1cd42e4dffb, max_idle_ns: 881590591483 ns
[    0.033254][    T0] tsc: Detected 2995.200 MHz processor
[    0.092878][    T0] last_pfn = 0x7ffe0 max_arch_pfn = 0x400000000
[    0.099539][    T0] x86/PAT: Configuration [0-7]: WB  WC  UC- UC  WB  WP  UC- WT  
[    0.134535][    T0] found SMP MP-table at [mem 0x000f5ba0-0x000f5baf]
[    0.140996][    T0] Using GB pages for direct mapping
[    0.153555][    T0] RAMDISK: [mem 0x7fe8f000-0x7ffdffff]
[    0.158996][    T0] ACPI: Early table checksum verification disabled
[    0.166465][    T0] ACPI: RSDP 0x00000000000F59D0 000014 (v00 BOCHS )
[    0.177633][    T0] ACPI: RSDT 0x000000007FFE1B33 000034 (v01 BOCHS  BXPC     00000001 BXPC 00000001)
[    0.188433][    T0] ACPI: FACP 0x000000007FFE19DF 000074 (v01 BOCHS  BXPC     00000001 BXPC 00000001)
[    0.226056][    T0] ACPI: DSDT 0x000000007FFE0040 00199F (v01 BOCHS  BXPC     00000001 BXPC 00000001)
[    0.245137][    T0] ACPI: FACS 0x000000007FFE0000 000040
[    0.250233][    T0] ACPI: APIC 0x000000007FFE1A53 000080 (v01 BOCHS  BXPC     00000001 BXPC 00000001)
[    0.262062][    T0] ACPI: HPET 0x000000007FFE1AD3 000038 (v01 BOCHS  BXPC     00000001 BXPC 00000001)
[    0.278673][    T0] ACPI: WAET 0x000000007FFE1B0B 000028 (v01 BOCHS  BXPC     00000001 BXPC 00000001)
[    0.286605][    T0] ACPI: Reserving FACP table memory at [mem 0x7ffe19df-0x7ffe1a52]
[    0.293481][    T0] ACPI: Reserving DSDT table memory at [mem 0x7ffe0040-0x7ffe19de]
[    0.303099][    T0] ACPI: Reserving FACS table memory at [mem 0x7ffe0000-0x7ffe003f]
[    0.313691][    T0] ACPI: Reserving APIC table memory at [mem 0x7ffe1a53-0x7ffe1ad2]
[    0.332206][    T0] ACPI: Reserving HPET table memory at [mem 0x7ffe1ad3-0x7ffe1b0a]
[    0.338739][    T0] ACPI: Reserving WAET table memory at [mem 0x7ffe1b0b-0x7ffe1b32]
[    0.353693][    T0] No NUMA configuration found
[    0.359479][    T0] Faking a node at [mem 0x0000000000000000-0x000000007ffdffff]
[    0.364173][    T0] NODE_DATA(0) allocated [mem 0x7fe89000-0x7fe8efff]
[    0.410186][    T0] Zone ranges:
[    0.412287][    T0]   DMA      [mem 0x0000000000001000-0x0000000000ffffff]
[    0.425747][    T0]   DMA32    [mem 0x0000000001000000-0x000000007ffdffff]
[    0.434153][    T0]   Normal   empty
[    0.440536][    T0]   Device   empty
[    0.443928][    T0] Movable zone start for each node
[    0.449738][    T0] Early memory node ranges
[    0.457882][    T0]   node   0: [mem 0x0000000000001000-0x000000000009efff]
[    0.464966][    T0]   node   0: [mem 0x0000000000100000-0x000000007ffdffff]
[    0.474685][    T0] Initmem setup node 0 [mem 0x0000000000001000-0x000000007ffdffff]
[    0.481950][    T0] On node 0, zone DMA: 1 pages in unavailable ranges
[    0.482376][    T0] On node 0, zone DMA: 97 pages in unavailable ranges
[    0.532807][    T0] On node 0, zone DMA32: 32 pages in unavailable ranges
[    0.857290][    T0] kasan: KernelAddressSanitizer initialized
[    0.880228][    T0] ACPI: PM-Timer IO Port: 0x608
[    0.886325][    T0] ACPI: LAPIC_NMI (acpi_id[0xff] dfl dfl lint[0x1])
[    0.894608][    T0] IOAPIC[0]: apic_id 0, version 17, address 0xfec00000, GSI 0-23
[    0.911210][    T0] ACPI: INT_SRC_OVR (bus 0 bus_irq 0 global_irq 2 dfl dfl)
[    0.919313][    T0] ACPI: INT_SRC_OVR (bus 0 bus_irq 5 global_irq 5 high level)
[    0.930044][    T0] ACPI: INT_SRC_OVR (bus 0 bus_irq 9 global_irq 9 high level)
[    0.944347][    T0] ACPI: INT_SRC_OVR (bus 0 bus_irq 10 global_irq 10 high level)
[    0.949840][    T0] ACPI: INT_SRC_OVR (bus 0 bus_irq 11 global_irq 11 high level)
[    0.956677][    T0] ACPI: Using ACPI (MADT) for SMP configuration information
[    0.963116][    T0] ACPI: HPET id: 0x8086a201 base: 0xfed00000
[    0.968437][    T0] TSC deadline timer available
[    0.971489][    T0] smpboot: Allowing 2 CPUs, 0 hotplug CPUs
[    0.975973][    T0] kvm-guest: KVM setup pv remote TLB flush
[    0.980668][    T0] kvm-guest: setup PV sched yield
[    0.987342][    T0] PM: hibernation: Registered nosave memory: [mem 0x00000000-0x00000fff]
[    0.995093][    T0] PM: hibernation: Registered nosave memory: [mem 0x0009f000-0x0009ffff]
[    1.024794][    T0] PM: hibernation: Registered nosave memory: [mem 0x000a0000-0x000effff]
[    1.032447][    T0] PM: hibernation: Registered nosave memory: [mem 0x000f0000-0x000fffff]
[    1.043158][    T0] [mem 0x80000000-0xfeffbfff] available for PCI devices
[    1.050189][    T0] Booting paravirtualized kernel on KVM
[    1.057447][    T0] clocksource: refined-jiffies: mask: 0xffffffff max_cycles: 0xffffffff, max_idle_ns: 19112604462750000 ns
[    1.196377][    T0] setup_percpu: NR_CPUS:8 nr_cpumask_bits:2 nr_cpu_ids:2 nr_node_ids:1
[    1.204923][    T0] percpu: Embedded 70 pages/cpu s248456 r8192 d30072 u1048576
[    1.213383][    T0] kvm-guest: PV spinlocks enabled
[    1.219388][    T0] PV qspinlock hash table entries: 256 (order: 0, 4096 bytes, linear)
[    1.228788][    T0] Fallback order for Node 0: 0 
[    1.232285][    T0] Built 1 zonelists, mobility grouping on.  Total pages: 515808
[    1.237328][    T0] Policy zone: DMA32
[    1.243012][    T0] Kernel command line: console=ttyS0 oops=panic panic=86400 nokaslr earlyprintk=serial rdinit=/init
[    1.259183][    T0] random: crng init done
[    1.269358][    T0] Dentry cache hash table entries: 262144 (order: 9, 2097152 bytes, linear)
[    1.277210][    T0] Inode-cache hash table entries: 131072 (order: 8, 1048576 bytes, linear)
[    1.287492][    T0] mem auto-init: stack:off, heap alloc:on, heap free:off
[    1.301582][    T0] stackdepot hash table entries: 1048576 (order: 11, 8388608 bytes, linear)
[    2.405309][    T0] Memory: 1474092K/2096632K available (149535K kernel code, 36086K rwdata, 30260K rodata, 2880K init, 34024K bss, 622284K reserved, 0K cma-reserved)
[    2.437696][    T0] SLUB: HWalign=64, Order=0-3, MinObjects=0, CPUs=2, Nodes=1
[    2.488860][    T0] Dynamic Preempt: full
[    2.498234][    T0] Running RCU self tests
[    2.506986][    T0] rcu: Preemptible hierarchical RCU implementation.
[    2.512161][    T0] rcu: 	RCU lockdep checking is enabled.
[    2.517656][    T0] rcu: 	RCU restricting CPUs from NR_CPUS=8 to nr_cpu_ids=2.
[    2.529530][    T0] rcu: 	RCU callback double-/use-after-free debug is enabled.
[    2.542980][    T0] rcu: 	RCU debug extended QS entry/exit.
[    2.553128][    T0] 	Trampoline variant of Tasks RCU enabled.
[    2.557880][    T0] 	Tracing variant of Tasks RCU enabled.
[    2.563215][    T0] rcu: RCU calculated value of scheduler-enlistment delay is 10 jiffies.
[    2.571121][    T0] rcu: Adjusting geometry for rcu_fanout_leaf=16, nr_cpu_ids=2
[    2.838869][    T0] NR_IRQS: 4352, nr_irqs: 440, preallocated irqs: 16
[    2.857731][    T0] rcu: srcu_init: Setting srcu_struct sizes based on contention.
[    2.881937][    T0] kfence: initialized - using 2097152 bytes for 255 objects at 0x(____ptrval____)-0x(____ptrval____)
[    2.940042][    T0] Console: colour VGA+ 80x25
[    2.946205][    T0] printk: console [ttyS0] enabled
[    2.946205][    T0] printk: console [ttyS0] enabled
[    2.960308][    T0] printk: bootconsole [earlyser0] disabled
[    2.960308][    T0] printk: bootconsole [earlyser0] disabled
[    2.976238][    T0] Lock dependency validator: Copyright (c) 2006 Red Hat, Inc., Ingo Molnar
[    2.980501][    T0] ... MAX_LOCKDEP_SUBCLASSES:  8
[    2.983882][    T0] ... MAX_LOCK_DEPTH:          48
[    2.989437][    T0] ... MAX_LOCKDEP_KEYS:        8192
[    2.997410][    T0] ... CLASSHASH_SIZE:          4096
[    3.001521][    T0] ... MAX_LOCKDEP_ENTRIES:     131072
[    3.008795][    T0] ... MAX_LOCKDEP_CHAINS:      262144
[    3.021479][    T0] ... CHAINHASH_SIZE:          131072
[    3.028067][    T0]  memory used by lock dependency info: 20657 kB
[    3.033159][    T0]  memory used for stack traces: 8320 kB
[    3.037240][    T0]  per task-struct memory footprint: 1920 bytes
[    3.050112][    T0] ACPI: Core revision 20220331
[    3.055018][    T0] clocksource: hpet: mask: 0xffffffff max_cycles: 0xffffffff, max_idle_ns: 19112604467 ns
[    3.061611][    T0] APIC: Switch to symmetric I/O mode setup
[    3.070872][    T0] x2apic enabled
[    3.089598][    T0] Switched APIC routing to physical x2apic.
[    3.102111][    T0] kvm-guest: setup PV IPIs
[    3.137185][    T0] ..TIMER: vector=0x30 apic1=0 pin1=2 apic2=-1 pin2=-1
[    3.141892][    T0] clocksource: tsc-early: mask: 0xffffffffffffffff max_cycles: 0x2b2c8ec87c7, max_idle_ns: 440795278598 ns
[    3.158891][    T0] Calibrating delay loop (skipped) preset value.. 5990.40 BogoMIPS (lpj=29952000)
[    3.169064][    T0] pid_max: default: 32768 minimum: 301
[    3.179930][    T0] LSM: Security Framework initializing
[    3.184891][    T0] landlock: Up and running.
[    3.187995][    T0] Yama: becoming mindful.
[    3.200456][    T0] TOMOYO Linux initialized
[    3.221480][    T0] AppArmor: AppArmor initialized
[    3.238896][    T0] LSM support for eBPF active
[    3.264876][    T0] Mount-cache hash table entries: 4096 (order: 3, 32768 bytes, linear)
[    3.278769][    T0] Mountpoint-cache hash table entries: 4096 (order: 3, 32768 bytes, linear)
[    3.401636][    T0] x86/cpu: User Mode Instruction Prevention (UMIP) activated
[    3.408765][    T0] Last level iTLB entries: 4KB 0, 2MB 0, 4MB 0
[    3.412381][    T0] Last level dTLB entries: 4KB 0, 2MB 0, 4MB 0, 1GB 0
[    3.420486][    T0] Spectre V1 : Mitigation: usercopy/swapgs barriers and __user pointer sanitization
[    3.430692][    T0] Spectre V2 : WARNING: Unprivileged eBPF is enabled with eIBRS on, data leaks possible via Spectre v2 BHB attacks!
[    3.448862][    T0] Spectre V2 : Mitigation: Enhanced IBRS
[    3.451384][    T0] Spectre V2 : Spectre v2 / SpectreRSB mitigation: Filling RSB on context switch
[    3.459069][    T0] Spectre V2 : Spectre v2 / PBRSB-eIBRS: Retire a single CALL on VMEXIT
[    3.468913][    T0] RETBleed: Mitigation: Enhanced IBRS
[    3.479377][    T0] Spectre V2 : mitigation: Enabling conditional Indirect Branch Prediction Barrier
[    3.489500][    T0] Speculative Store Bypass: Mitigation: Speculative Store Bypass disabled via prctl
[    3.508755][    T0] MMIO Stale Data: Unknown: No mitigations
[    3.619987][    T0] Freeing SMP alternatives memory: 116K
[    3.657188][    T1] smpboot: CPU0: 13th Gen Intel(R) Core(TM) i9-13900H (family: 0x6, model: 0xba, stepping: 0x2)
[    3.711269][    T1] cblist_init_generic: Setting adjustable number of callback queues.
[    3.720319][    T1] cblist_init_generic: Setting shift to 1 and lim to 1.
[    3.725347][    T1] cblist_init_generic: Setting shift to 1 and lim to 1.
[    3.729217][    T1] Running RCU-tasks wait API self tests
[    3.840191][    T1] Performance Events: unsupported p6 CPU model 186 no PMU driver, software events only.
[    3.846577][    T1] rcu: Hierarchical SRCU implementation.
[    3.848684][    T1] rcu: 	Max phase no-delay instances is 1000.
[    3.858801][   T13] Callback from call_rcu_tasks_trace() invoked.
[    3.891941][    T1] NMI watchdog: Perf NMI watchdog permanently disabled
[    3.895786][    T1] smp: Bringing up secondary CPUs ...
[    3.899439][    T1] x86: Booting SMP configuration:
[    3.907289][    T1] .... node  #0, CPUs:      #1
[    3.950336][    T1] smp: Brought up 1 node, 2 CPUs
[    3.954689][    T1] smpboot: Max logical packages: 1
[    3.958802][    T1] smpboot: Total of 2 processors activated (11980.80 BogoMIPS)
[    4.062117][   T12] Callback from call_rcu_tasks() invoked.
[    4.061374][    T1] devtmpfs: initialized
[    4.075346][    T1] x86/mm: Memory block size: 128MB
[    4.232280][    T1] clocksource: jiffies: mask: 0xffffffff max_cycles: 0xffffffff, max_idle_ns: 19112604462750000 ns
[    4.243730][    T1] futex hash table entries: 512 (order: 4, 65536 bytes, linear)
[    4.285612][    T1] PM: RTC time: 01:59:40, date: 2026-05-23
[    4.326445][    T1] NET: Registered PF_NETLINK/PF_ROUTE protocol family
[    4.373528][    T1] audit: initializing netlink subsys (disabled)
[    4.436766][   T27] audit: type=2000 audit(1779501580.612:1): state=initialized audit_enabled=0 res=1
[    4.503329][    T1] thermal_sys: Registered thermal governor 'step_wise'
[    4.503347][    T1] thermal_sys: Registered thermal governor 'user_space'
[    4.507711][    T1] cpuidle: using governor menu
[    4.525155][    T1] NET: Registered PF_QIPCRTR protocol family
[    4.539262][    T1] PCI: Using configuration type 1 for base access
[    6.806703][    T1] HugeTLB: registered 1.00 GiB page size, pre-allocated 0 pages
[    6.811872][    T1] HugeTLB: 16380 KiB vmemmap can be freed for a 1.00 GiB page
[    6.848877][    T1] HugeTLB: registered 2.00 MiB page size, pre-allocated 0 pages
[    6.868994][    T1] HugeTLB: 28 KiB vmemmap can be freed for a 2.00 MiB page
[    6.920496][    T1] cryptd: max_cpu_qlen set to 1000
[    6.956455][    T1] raid6: skipped pq benchmark and selected avx2x4
[    6.969376][    T1] raid6: using avx2x2 recovery algorithm
[    7.003366][    T1] ACPI: Added _OSI(Module Device)
[    7.009293][    T1] ACPI: Added _OSI(Processor Device)
[    7.014261][    T1] ACPI: Added _OSI(3.0 _SCP Extensions)
[    7.018838][    T1] ACPI: Added _OSI(Processor Aggregator Device)
[    7.184375][    T1] ACPI: 1 ACPI AML tables successfully acquired and loaded
[    7.390445][    T1] ACPI: Interpreter enabled
[    7.393369][    T1] ACPI: PM: (supports S0 S3 S4 S5)
[    7.399392][    T1] ACPI: Using IOAPIC for interrupt routing
[    7.402285][    T1] PCI: Using host bridge windows from ACPI; if necessary, use "pci=nocrs" and report a bug
[    7.410413][    T1] PCI: Using E820 reservations for host bridge windows
[    7.447160][    T1] ACPI: Enabled 2 GPEs in block 00 to 0F
[    7.981467][    T1] ACPI: PCI Root Bridge [PCI0] (domain 0000 [bus 00-ff])
[    7.985968][    T1] acpi PNP0A03:00: _OSC: OS supports [ASPM ClockPM Segments MSI HPX-Type3]
[    7.989970][    T1] acpi PNP0A03:00: _OSC: not requesting OS control; OS requires [ExtendedConfig ASPM ClockPM MSI]
[    7.997111][    T1] acpi PNP0A03:00: fail to add MMCONFIG information, can't access extended PCI configuration space under this bridge.
[    8.030916][    T1] PCI host bridge to bus 0000:00
[    8.036503][    T1] pci_bus 0000:00: root bus resource [io  0x0000-0x0cf7 window]
[    8.041037][    T1] pci_bus 0000:00: root bus resource [io  0x0d00-0xffff window]
[    8.052577][    T1] pci_bus 0000:00: root bus resource [mem 0x000a0000-0x000bffff window]
[    8.060975][    T1] pci_bus 0000:00: root bus resource [mem 0x80000000-0xfebfffff window]
[    8.069208][    T1] pci_bus 0000:00: root bus resource [mem 0x100000000-0x17fffffff window]
[    8.076305][    T1] pci_bus 0000:00: root bus resource [bus 00-ff]
[    8.080578][    T1] pci 0000:00:00.0: [8086:1237] type 00 class 0x060000
[    8.138872][    T1] pci 0000:00:01.0: [8086:7000] type 00 class 0x060100
[    8.192070][    T1] pci 0000:00:01.1: [8086:7010] type 00 class 0x010180
[    8.218461][    T1] pci 0000:00:01.1: reg 0x20: [io  0xc000-0xc00f]
[    8.220904][    T1] pci 0000:00:01.1: legacy IDE quirk: reg 0x10: [io  0x01f0-0x01f7]
[    8.225852][    T1] pci 0000:00:01.1: legacy IDE quirk: reg 0x14: [io  0x03f6]
[    8.238857][    T1] pci 0000:00:01.1: legacy IDE quirk: reg 0x18: [io  0x0170-0x0177]
[    8.244984][    T1] pci 0000:00:01.1: legacy IDE quirk: reg 0x1c: [io  0x0376]
[    8.253833][    T1] pci 0000:00:01.3: [8086:7113] type 00 class 0x068000
[    8.270890][    T1] pci 0000:00:01.3: quirk: [io  0x0600-0x063f] claimed by PIIX4 ACPI
[    8.279955][    T1] pci 0000:00:01.3: quirk: [io  0x0700-0x070f] claimed by PIIX4 SMB
[    8.289490][    T1] pci 0000:00:01.3: quirk_piix4_acpi+0x0/0x200 took 19531 usecs
[    8.310075][    T1] pci 0000:00:02.0: [1234:1111] type 00 class 0x030000
[    8.316749][    T1] pci 0000:00:02.0: reg 0x10: [mem 0xfd000000-0xfdffffff pref]
[    8.331349][    T1] pci 0000:00:02.0: reg 0x18: [mem 0xfebf0000-0xfebf0fff]
[    8.408958][    T1] pci 0000:00:02.0: reg 0x30: [mem 0xfebe0000-0xfebeffff pref]
[    8.446080][    T1] pci 0000:00:02.0: Video device with shadowed ROM at [mem 0x000c0000-0x000dffff]
[    8.555647][    T1] ACPI: PCI: Interrupt link LNKA configured for IRQ 10
[    8.581140][    T1] ACPI: PCI: Interrupt link LNKB configured for IRQ 10
[    8.699385][    T1] ACPI: PCI: Interrupt link LNKC configured for IRQ 11
[    8.744365][    T1] ACPI: PCI: Interrupt link LNKD configured for IRQ 11
[    8.762261][    T1] ACPI: PCI: Interrupt link LNKS configured for IRQ 9
[    8.864898][    T1] iommu: Default domain type: Translated 
[    8.869001][    T1] iommu: DMA domain TLB invalidation policy: lazy mode 
[    8.958657][    T1] SCSI subsystem initialized
[    8.962754][    T1] ACPI: bus type USB registered
[    8.990294][    T1] usbcore: registered new interface driver usbfs
[    9.021634][    T1] usbcore: registered new interface driver hub
[    9.025812][    T1] usbcore: registered new device driver usb
[    9.048657][    T1] mc: Linux media interface: v0.10
[    9.060440][    T1] videodev: Linux video capture interface: v2.00
[    9.128657][    T1] pps_core: LinuxPPS API ver. 1 registered
[    9.129660][    T1] pps_core: Software ver. 5.3.6 - Copyright 2005-2007 Rodolfo Giometti <giometti@linux.it>
[    9.206083][    T1] PTP clock support registered
[    9.288143][    T1] EDAC MC: Ver: 3.0.0
[    9.294496][    T1] Advanced Linux Sound Architecture Driver Initialized.
[    9.317410][    T1] Bluetooth: Core ver 2.22
[    9.322773][    T1] NET: Registered PF_BLUETOOTH protocol family
[    9.328696][    T1] Bluetooth: HCI device and connection manager initialized
[    9.335264][    T1] Bluetooth: HCI socket layer initialized
[    9.344119][    T1] Bluetooth: L2CAP socket layer initialized
[    9.356881][    T1] Bluetooth: SCO socket layer initialized
[    9.360010][    T1] NET: Registered PF_ATMPVC protocol family
[    9.365458][    T1] NET: Registered PF_ATMSVC protocol family
[    9.369869][    T1] NetLabel: Initializing
[    9.372412][    T1] NetLabel:  domain hash size = 128
[    9.376597][    T1] NetLabel:  protocols = UNLABELED CIPSOv4 CALIPSO
[    9.401097][    T1] NetLabel:  unlabeled traffic allowed by default
[    9.414357][    T1] nfc: nfc_init: NFC Core ver 0.1
[    9.432042][    T1] NET: Registered PF_NFC protocol family
[    9.453209][    T1] PCI: Using ACPI for IRQ routing
[    9.555167][    T1] pci 0000:00:02.0: vgaarb: setting as boot VGA device
[    9.558657][    T1] pci 0000:00:02.0: vgaarb: bridge control possible
[    9.558657][    T1] pci 0000:00:02.0: vgaarb: VGA device added: decodes=io+mem,owns=io+mem,locks=none
[    9.559804][    T1] vgaarb: loaded
[    9.583942][    T1] hpet0: at MMIO 0xfed00000, IRQs 2, 8, 0
[    9.587951][    T1] hpet0: 3 comparators, 64-bit 100.000000 MHz counter
[    9.603346][    T1] clocksource: Switched to clocksource kvm-clock
[    9.660621][    T1] VFS: Disk quotas dquot_6.6.0
[    9.665356][    T1] VFS: Dquot-cache hash table entries: 512 (order 0, 4096 bytes)
[    9.674590][    T1] FS-Cache: Loaded
[    9.683820][    T1] CacheFiles: Loaded
[    9.694730][    T1] TOMOYO: 2.6.0
[    9.697405][    T1] Mandatory Access Control activated.
[    9.726077][    T1] AppArmor: AppArmor Filesystem Enabled
[    9.731480][    T1] pnp: PnP ACPI init
[    9.829720][    T1] pnp: PnP ACPI: found 6 devices
[   10.066623][    T1] clocksource: acpi_pm: mask: 0xffffff max_cycles: 0xffffff, max_idle_ns: 2085701024 ns
[   10.134268][    T1] NET: Registered PF_INET protocol family
[   10.176089][    T1] IP idents hash table entries: 32768 (order: 6, 262144 bytes, linear)
[   10.199422][    T1] tcp_listen_portaddr_hash hash table entries: 1024 (order: 4, 73728 bytes, linear)
[   10.228474][    T1] Table-perturb hash table entries: 65536 (order: 6, 262144 bytes, linear)
[   10.282186][    T1] TCP established hash table entries: 16384 (order: 5, 131072 bytes, linear)
[   10.333128][    T1] TCP bind hash table entries: 16384 (order: 9, 2359296 bytes, linear)
[   10.342304][    T1] TCP: Hash tables configured (established 16384 bind 16384)
[   10.359482][    T1] MPTCP token hash table entries: 2048 (order: 5, 180224 bytes, linear)
[   10.370516][    T1] UDP hash table entries: 1024 (order: 5, 163840 bytes, linear)
[   10.406726][    T1] UDP-Lite hash table entries: 1024 (order: 5, 163840 bytes, linear)
[   10.488971][    T1] NET: Registered PF_UNIX/PF_LOCAL protocol family
[   10.499301][    T1] RPC: Registered named UNIX socket transport module.
[   10.517781][    T1] RPC: Registered udp transport module.
[   10.523224][    T1] RPC: Registered tcp transport module.
[   10.526142][    T1] RPC: Registered tcp NFSv4.1 backchannel transport module.
[   10.591534][    T1] NET: Registered PF_XDP protocol family
[   10.594862][    T1] pci_bus 0000:00: resource 4 [io  0x0000-0x0cf7 window]
[   10.602414][    T1] pci_bus 0000:00: resource 5 [io  0x0d00-0xffff window]
[   10.631643][    T1] pci_bus 0000:00: resource 6 [mem 0x000a0000-0x000bffff window]
[   10.650298][    T1] pci_bus 0000:00: resource 7 [mem 0x80000000-0xfebfffff window]
[   10.664661][    T1] pci_bus 0000:00: resource 8 [mem 0x100000000-0x17fffffff window]
[   10.726988][    T1] pci 0000:00:01.0: PIIX3: Enabling Passive Release
[   10.741445][    T1] pci 0000:00:00.0: quirk_passive_release+0x0/0xf0 took 15803 usecs
[   10.748412][    T1] pci 0000:00:00.0: Limiting direct PCI/PCI transfers
[   10.757368][    T1] PCI: CLS 0 bytes, default 64
[   10.825864][    T1] ACPI: bus type thunderbolt registered
[   10.847293][    T1] RAPL PMU: API unit is 2^-32 Joules, 0 fixed counters, 10737418240 ms ovfl timer
[   10.894786][   T11] Trying to unpack rootfs image as initramfs...
[   11.557633][    T1] kvm: already loaded vendor module 'kvm_intel'
[   11.616383][    T1] clocksource: tsc: mask: 0xffffffffffffffff max_cycles: 0x2b2c8ec87c7, max_idle_ns: 440795278598 ns
[   11.782504][   T66] cryptomgr_test (66) used greatest stack depth: 29824 bytes left
[   13.017804][   T11] Freeing initrd memory: 1348K
[   13.068164][   T60] kworker/u4:4 (60) used greatest stack depth: 27808 bytes left
[   13.159028][    C1] hrtimer: interrupt took 56212307 ns
[   18.758440][    T1] Initialise system trusted keyrings
[   18.762189][    T1] workingset: timestamp_bits=40 max_order=19 bucket_order=0
[   18.813528][    T1] zbud: loaded
[   18.830528][    T1] DLM installed
[   18.842395][    T1] squashfs: version 4.0 (2009/01/31) Phillip Lougher
[   18.857326][    T1] NFS: Registering the id_resolver key type
[   18.860346][    T1] Key type id_resolver registered
[   18.863246][    T1] Key type id_legacy registered
[   18.867128][    T1] nfs4filelayout_init: NFSv4 File Layout Driver Registering...
[   18.870898][    T1] nfs4flexfilelayout_init: NFSv4 Flexfile Layout Driver Registering...
[   18.884271][    T1] Key type cifs.spnego registered
[   18.891388][    T1] Key type cifs.idmap registered
[   18.894727][    T1] ntfs: driver 2.1.32 [Flags: R/W].
[   18.900982][    T1] ntfs3: Max link count 4000
[   18.904688][    T1] ntfs3: Enabled Linux POSIX ACLs support
[   18.907794][    T1] ntfs3: Read-only LZX/Xpress compression included
[   18.913487][    T1] efs: 1.0a - http://aeschi.ch.eu.org/efs/
[   18.917872][    T1] jffs2: version 2.2. (NAND) (SUMMARY)  © 2001-2006 Red Hat, Inc.
[   18.930568][    T1] romfs: ROMFS MTD (C) 2007 Red Hat, Inc.
[   18.935318][    T1] QNX4 filesystem 0.2.3 registered.
[   18.942133][    T1] qnx6: QNX6 filesystem 1.0.0 registered.
[   18.947844][    T1] fuse: init (API version 7.37)
[   18.958002][    T1] orangefs_debugfs_init: called with debug mask: :none: :0:
[   18.962093][    T1] orangefs_init: module version upstream loaded
[   18.966037][    T1] JFS: nTxBlock = 8192, nTxLock = 65536
[   18.990289][    T1] SGI XFS with ACLs, security attributes, realtime, quota, no debug enabled
[   19.017981][    T1] 9p: Installing v9fs 9p2000 file system support
[   19.028173][    T1] NILFS version 2 loaded
[   19.031985][    T1] befs: version: 0.9.3
[   19.043812][    T1] ocfs2: Registered cluster interface o2cb
[   19.048106][    T1] ocfs2: Registered cluster interface user
[   19.051476][    T1] OCFS2 User DLM kernel interface loaded
[   19.075817][    T1] gfs2: GFS2 installed
[   19.093909][    T1] ceph: loaded (mds proto 32)
[   19.117653][    T1] NET: Registered PF_ALG protocol family
[   19.122243][    T1] xor: automatically using best checksumming function   avx       
[   19.130236][    T1] async_tx: api initialized (async)
[   19.135015][    T1] Key type asymmetric registered
[   19.137175][    T1] Asymmetric key parser 'x509' registered
[   19.139465][    T1] Asymmetric key parser 'pkcs8' registered
[   19.144321][    T1] Key type pkcs7_test registered
[   19.157939][    T1] alg: self-tests for CTR-KDF (hmac(sha256)) passed
[   19.163610][    T1] Block layer SCSI generic (bsg) driver version 0.4 loaded (major 240)
[   19.171613][    T1] io scheduler mq-deadline registered
[   19.176812][    T1] io scheduler kyber registered
[   19.180676][    T1] io scheduler bfq registered
[   19.200678][    T1] input: Power Button as /devices/LNXSYSTM:00/LNXPWRBN:00/input/input0
[   19.210140][    T1] ACPI: button: Power Button [PWRF]
[   19.223033][  T187] kworker/u4:2 (187) used greatest stack depth: 27504 bytes left
[   19.534724][    T1] N_HDLC line discipline registered with maxframe=4096
[   19.542883][    T1] Serial: 8250/16550 driver, 4 ports, IRQ sharing enabled
[   19.549834][    T1] 00:04: ttyS0 at I/O 0x3f8 (irq = 4, base_baud = 115200) is a 16550A
[   19.574351][    T1] Non-volatile memory driver v1.3
[   19.581544][    T1] Linux agpgart interface v0.103
[   19.587013][    T1] ACPI: bus type drm_connector registered
[   19.597609][    T1] [drm] Initialized vgem 1.0.0 20120112 for vgem on minor 0
[   19.604468][    T1] [drm] Initialized vkms 1.0.0 20180514 for vkms on minor 1
[   19.668379][    T1] Console: switching to colour frame buffer device 128x48
[   19.685763][    T1] platform vkms: [drm] fb0: vkmsdrmfb frame buffer device
[   19.688450][    T1] usbcore: registered new interface driver udl
[   19.690749][    T1] bochs-drm 0000:00:02.0: vgaarb: deactivate vga console
[   19.702778][    T1] [drm] Found bochs VGA, ID 0xb0c5.
[   19.704618][    T1] [drm] Framebuffer size 16384 kB @ 0xfd000000, mmio @ 0xfebf0000.
[   19.711396][    T1] [drm] Found EDID data blob.
[   19.718987][    T1] [drm] Initialized bochs-drm 1.0.0 20130925 for 0000:00:02.0 on minor 2
[   19.736789][    T1] fbcon: bochs-drmdrmfb (fb1) is primary device
[   19.736822][    T1] fbcon: Remapping primary device, fb1, to tty 1-63
[   20.488280][    T1] bochs-drm 0000:00:02.0: [drm] fb1: bochs-drmdrmfb frame buffer device
[   20.506652][   T32] Floppy drive(s): fd0 is 2.88M AMI BIOS
[   20.562478][   T32] FDC 0 is a S82078B
[   20.566590][    T1] brd: module loaded
[   20.631882][    T1] loop: module loaded
[   20.715235][    T1] zram: Added device: zram0
[   20.725110][    T1] null_blk: disk nullb0 created
[   20.731255][    T1] null_blk: module loaded
[   20.740590][    T1] Guest personality initialized and is inactive
[   20.751511][    T1] VMCI host device registered (name=vmci, major=10, minor=119)
[   20.757948][    T1] Initialized host personality
[   20.760645][    T1] usbcore: registered new interface driver rtsx_usb
[   20.768088][    T1] usbcore: registered new interface driver viperboard
[   20.775586][    T1] usbcore: registered new interface driver dln2
[   20.778349][    T1] usbcore: registered new interface driver pn533_usb
[   20.785159][    T1] nfcsim 0.2 initialized
[   20.791322][    T1] usbcore: registered new interface driver port100
[   20.793454][    T1] usbcore: registered new interface driver nfcmrvl
[   20.803114][    T1] Loading iSCSI transport class v2.0-870.
[   20.815170][    T1] st: Version 20160209, fixed bufsize 32768, s/g segs 256
[   20.830842][  T979] kworker/u4:1 (979) used greatest stack depth: 27120 bytes left
[   20.849517][    T1] scsi host0: ata_piix
[   20.863642][    T1] scsi host1: ata_piix
[   20.873815][    T1] ata1: PATA max MWDMA2 cmd 0x1f0 ctl 0x3f6 bmdma 0xc000 irq 14
[   20.876703][    T1] ata2: PATA max MWDMA2 cmd 0x170 ctl 0x376 bmdma 0xc008 irq 15
[   20.896067][    T1] Rounding down aligned max_sectors from 4294967295 to 4294967288
[   20.904859][    T1] db_root: cannot open: /etc/target
[   20.910122][    T1] slram: not enough parameters.
[   20.929887][    T1] ftl_cs: FTL header not found.
[   20.972620][    T1] wireguard: WireGuard 1.0.0 loaded. See www.wireguard.com for information.
[   20.980028][    T1] wireguard: Copyright (C) 2015-2019 Jason A. Donenfeld <Jason@zx2c4.com>. All Rights Reserved.
[   20.985190][    T1] eql: Equalizer2002: Simon Janes (simon@ncm.com) and David S. Miller (davem@redhat.com)
[   21.004553][    T1] MACsec IEEE 802.1AE
[   21.022510][    T1] tun: Universal TUN/TAP device driver, 1.6
[   21.034195][    T1] vcan: Virtual CAN interface driver
[   21.040574][    T1] vxcan: Virtual CAN Tunnel driver
[   21.043166][    T1] slcan: serial line CAN interface driver
[   21.045060][    T1] CAN device driver interface
[   21.048343][    T1] usbcore: registered new interface driver usb_8dev
[   21.056242][    T1] usbcore: registered new interface driver ems_usb
[   21.065859][    T1] usbcore: registered new interface driver gs_usb
[   21.071413][ T1004] ata2: found unknown device (class 0)
[   21.078101][    T1] usbcore: registered new interface driver kvaser_usb
[   21.087539][    T1] usbcore: registered new interface driver mcba_usb
[   21.090636][ T1004] ata2.00: ATAPI: QEMU DVD-ROM, 2.5+, max UDMA/100
[   21.095619][    T1] usbcore: registered new interface driver peak_usb
[   21.101082][    T1] e100: Intel(R) PRO/100 Network Driver
[   21.104996][    T1] e100: Copyright(c) 1999-2006 Intel Corporation
[   21.110456][   T11] scsi 1:0:0:0: CD-ROM            QEMU     QEMU DVD-ROM     2.5+ PQ: 0 ANSI: 5
[   21.110615][    T1] e1000: Intel(R) PRO/1000 Network Driver
[   21.117689][    T1] e1000: Copyright (c) 1999-2006 Intel Corporation.
[   21.123205][    T1] e1000e: Intel(R) PRO/1000 Network Driver
[   21.125803][    T1] e1000e: Copyright(c) 1999 - 2015 Intel Corporation.
[   21.131999][    T1] mkiss: AX.25 Multikiss, Hans Albas PE1AYX
[   21.138279][    T1] AX.25: 6pack driver, Revision: 0.3.0
[   21.146020][    T1] AX.25: bpqether driver version 004
[   21.150252][    T1] PPP generic driver version 2.4.2
[   21.155468][    T1] PPP BSD Compression module registered
[   21.157193][    T1] PPP Deflate Compression module registered
[   21.159609][    T1] PPP MPPE Compression module registered
[   21.161557][    T1] NET: Registered PF_PPPOX protocol family
[   21.164837][    T1] PPTP driver version 0.8.5
[   21.166687][    T1] SLIP: version 0.8.4-NET3.019-NEWTTY (dynamic channels, max=256) (6 bit encapsulation enabled).
[   21.171351][    T1] CSLIP: code copyright 1989 Regents of the University of California.
[   21.175753][    T1] SLIP linefill/keepalive option.
[   21.180979][    T1] hdlc: HDLC support module revision 1.22
[   21.183851][    T1] LAPB Ethernet driver version 0.02
[   21.189451][    T1] usbcore: registered new interface driver ath9k_htc
[   21.195379][    T1] usbcore: registered new interface driver carl9170
[   21.199528][    T1] usbcore: registered new interface driver ath6kl_usb
[   21.205939][    T1] usbcore: registered new interface driver ar5523
[   21.214079][    T1] usbcore: registered new interface driver ath10k_usb
[   21.217433][    T1] usbcore: registered new interface driver rndis_wlan
[   21.222689][    T1] mac80211_hwsim: initializing netlink
[   21.253726][    T1] usbcore: registered new interface driver atusb
[   21.264939][   T11] sr 1:0:0:0: [sr0] scsi3-mmc drive: 4x/4x cd/rw xa/form2 tray
[   21.274182][   T11] cdrom: Uniform CD-ROM driver Revision: 3.20
[   21.276821][    T1] mac802154_hwsim mac802154_hwsim: Added 2 mac802154 hwsim hardware radios
[   21.289632][    T1] VMware vmxnet3 virtual NIC driver - version 1.7.0.0-k-NAPI
[   21.293553][    T1] usbcore: registered new interface driver catc
[   21.297660][    T1] usbcore: registered new interface driver kaweth
[   21.303629][    T1] pegasus: Pegasus/Pegasus II USB Ethernet driver
[   21.310295][    T1] usbcore: registered new interface driver pegasus
[   21.313616][    T1] usbcore: registered new interface driver rtl8150
[   21.317748][    T1] usbcore: registered new interface driver r8152
[   21.322410][    T1] hso: drivers/net/usb/hso.c: Option Wireless
[   21.324605][    T1] usbcore: registered new interface driver hso
[   21.332317][    T1] usbcore: registered new interface driver lan78xx
[   21.336957][    T1] usbcore: registered new interface driver asix
[   21.338915][   T11] sr 1:0:0:0: Attached scsi generic sg0 type 5
[   21.340928][    T1] usbcore: registered new interface driver ax88179_178a
[   21.347545][    T1] usbcore: registered new interface driver cdc_ether
[   21.350857][    T1] usbcore: registered new interface driver cdc_eem
[   21.354168][    T1] usbcore: registered new interface driver dm9601
[   21.357955][    T1] usbcore: registered new interface driver sr9700
[   21.363670][    T1] usbcore: registered new interface driver CoreChips
[   21.370437][    T1] usbcore: registered new interface driver smsc75xx
[   21.374737][    T1] usbcore: registered new interface driver smsc95xx
[   21.378127][    T1] usbcore: registered new interface driver gl620a
[   21.382212][    T1] usbcore: registered new interface driver net1080
[   21.385524][    T1] usbcore: registered new interface driver plusb
[   21.388641][    T1] usbcore: registered new interface driver rndis_host
[   21.391792][    T1] usbcore: registered new interface driver cdc_subset
[   21.395949][    T1] usbcore: registered new interface driver zaurus
[   21.403779][    T1] usbcore: registered new interface driver MOSCHIP usb-ethernet driver
[   21.407119][    T1] usbcore: registered new interface driver int51x1
[   21.412167][    T1] usbcore: registered new interface driver cdc_phonet
[   21.418259][    T1] usbcore: registered new interface driver kalmia
[   21.431257][    T1] usbcore: registered new interface driver ipheth
[   21.442753][    T1] usbcore: registered new interface driver sierra_net
[   21.445594][    T1] usbcore: registered new interface driver cx82310_eth
[   21.451287][    T1] usbcore: registered new interface driver cdc_ncm
[   21.456369][    T1] usbcore: registered new interface driver huawei_cdc_ncm
[   21.461241][    T1] usbcore: registered new interface driver lg-vl600
[   21.467771][    T1] usbcore: registered new interface driver qmi_wwan
[   21.471146][    T1] usbcore: registered new interface driver cdc_mbim
[   21.474074][    T1] usbcore: registered new interface driver ch9200
[   21.478116][    T1] usbcore: registered new interface driver r8153_ecm
[   21.487032][    T1] VFIO - User Level meta-driver version: 0.3
[   21.497513][    T1] aoe: AoE v85 initialised.
[   21.513689][    T1] Warning! fotg210_hcd should always be loaded before uhci_hcd and ohci_hcd, not after
[   21.527513][    T1] SPI driver max3421-hcd has no spi_device_id for maxim,max3421
[   21.533036][    T1] usbcore: registered new interface driver cdc_acm
[   21.536604][    T1] cdc_acm: USB Abstract Control Model driver for USB modems and ISDN adapters
[   21.543322][    T1] usbcore: registered new interface driver usblp
[   21.546804][    T1] usbcore: registered new interface driver cdc_wdm
[   21.552835][    T1] usbcore: registered new interface driver usbtmc
[   21.561514][    T1] usbcore: registered new interface driver uas
[   21.564956][    T1] usbcore: registered new interface driver usb-storage
[   21.571194][    T1] usbcore: registered new interface driver ums-alauda
[   21.574846][    T1] usbcore: registered new interface driver ums-cypress
[   21.578461][    T1] usbcore: registered new interface driver ums-datafab
[   21.586373][    T1] usbcore: registered new interface driver ums_eneub6250
[   21.593578][    T1] usbcore: registered new interface driver ums-freecom
[   21.598559][    T1] usbcore: registered new interface driver ums-isd200
[   21.602561][    T1] usbcore: registered new interface driver ums-jumpshot
[   21.607447][    T1] usbcore: registered new interface driver ums-karma
[   21.609808][    T1] usbcore: registered new interface driver ums-onetouch
[   21.612342][    T1] usbcore: registered new interface driver ums-realtek
[   21.615551][    T1] usbcore: registered new interface driver ums-sddr09
[   21.623011][    T1] usbcore: registered new interface driver ums-sddr55
[   21.630542][    T1] usbcore: registered new interface driver ums-usbat
[   21.634307][    T1] usbcore: registered new interface driver mdc800
[   21.637753][    T1] mdc800: v0.7.5 (30/10/2000):USB Driver for Mustek MDC800 Digital Camera
[   21.642681][    T1] usbcore: registered new interface driver microtekX6
[   21.647451][    T1] usbcore: registered new interface driver usbserial_generic
[   21.652294][    T1] usbserial: USB Serial support registered for generic
[   21.656963][    T1] usbcore: registered new interface driver aircable
[   21.663015][    T1] usbserial: USB Serial support registered for aircable
[   21.667532][    T1] usbcore: registered new interface driver ark3116
[   21.670810][    T1] usbserial: USB Serial support registered for ark3116
[   21.674090][    T1] usbcore: registered new interface driver belkin_sa
[   21.677528][    T1] usbserial: USB Serial support registered for Belkin / Peracom / GoHubs USB Serial Adapter
[   21.686871][    T1] usbcore: registered new interface driver ch341
[   21.690620][    T1] usbserial: USB Serial support registered for ch341-uart
[   21.693992][    T1] usbcore: registered new interface driver cp210x
[   21.697932][    T1] usbserial: USB Serial support registered for cp210x
[   21.702568][    T1] usbcore: registered new interface driver cyberjack
[   21.705884][    T1] usbserial: USB Serial support registered for Reiner SCT Cyberjack USB card reader
[   21.716358][    T1] usbcore: registered new interface driver cypress_m8
[   21.722944][    T1] usbserial: USB Serial support registered for DeLorme Earthmate USB
[   21.726207][    T1] usbserial: USB Serial support registered for HID->COM RS232 Adapter
[   21.731467][    T1] usbserial: USB Serial support registered for Nokia CA-42 V2 Adapter
[   21.737306][    T1] usbcore: registered new interface driver usb_debug
[   21.742429][    T1] usbserial: USB Serial support registered for debug
[   21.745888][    T1] usbserial: USB Serial support registered for xhci_dbc
[   21.750960][    T1] usbcore: registered new interface driver digi_acceleport
[   21.754828][    T1] usbserial: USB Serial support registered for Digi 2 port USB adapter
[   21.759769][    T1] usbserial: USB Serial support registered for Digi 4 port USB adapter
[   21.765765][    T1] usbcore: registered new interface driver io_edgeport
[   21.769946][    T1] usbserial: USB Serial support registered for Edgeport 2 port adapter
[   21.777848][    T1] usbserial: USB Serial support registered for Edgeport 4 port adapter
[   21.783292][    T1] usbserial: USB Serial support registered for Edgeport 8 port adapter
[   21.787878][    T1] usbserial: USB Serial support registered for EPiC device
[   21.792955][    T1] usbcore: registered new interface driver io_ti
[   21.798262][    T1] usbserial: USB Serial support registered for Edgeport TI 1 port adapter
[   21.803437][    T1] usbserial: USB Serial support registered for Edgeport TI 2 port adapter
[   21.807837][    T1] usbcore: registered new interface driver empeg
[   21.812491][    T1] usbserial: USB Serial support registered for empeg
[   21.821247][    T1] usbcore: registered new interface driver f81534a_ctrl
[   21.825446][    T1] usbcore: registered new interface driver f81232
[   21.832290][    T1] usbserial: USB Serial support registered for f81232
[   21.836296][    T1] usbserial: USB Serial support registered for f81534a
[   21.841038][    T1] usbcore: registered new interface driver f81534
[   21.844619][    T1] usbserial: USB Serial support registered for Fintek F81532/F81534
[   21.854886][    T1] usbcore: registered new interface driver ftdi_sio
[   21.859407][    T1] usbserial: USB Serial support registered for FTDI USB Serial Device
[   21.863669][    T1] usbcore: registered new interface driver garmin_gps
[   21.868017][    T1] usbserial: USB Serial support registered for Garmin GPS usb/tty
[   21.874697][    T1] usbcore: registered new interface driver ipaq
[   21.879369][    T1] usbserial: USB Serial support registered for PocketPC PDA
[   21.884374][    T1] usbcore: registered new interface driver ipw
[   21.887157][    T1] usbserial: USB Serial support registered for IPWireless converter
[   21.891845][    T1] usbcore: registered new interface driver ir_usb
[   21.895356][    T1] usbserial: USB Serial support registered for IR Dongle
[   21.900802][    T1] usbcore: registered new interface driver iuu_phoenix
[   21.905015][    T1] usbserial: USB Serial support registered for iuu_phoenix
[   21.912725][    T1] usbcore: registered new interface driver keyspan
[   21.915995][    T1] usbserial: USB Serial support registered for Keyspan - (without firmware)
[   21.920638][    T1] usbserial: USB Serial support registered for Keyspan 1 port adapter
[   21.927211][    T1] usbserial: USB Serial support registered for Keyspan 2 port adapter
[   21.932424][    T1] usbserial: USB Serial support registered for Keyspan 4 port adapter
[   21.936955][    T1] usbcore: registered new interface driver keyspan_pda
[   21.942677][    T1] usbserial: USB Serial support registered for Keyspan PDA
[   21.947245][    T1] usbserial: USB Serial support registered for Keyspan PDA - (prerenumeration)
[   21.951801][    T1] usbcore: registered new interface driver kl5kusb105
[   21.954893][    T1] usbserial: USB Serial support registered for KL5KUSB105D / PalmConnect
[   21.961075][    T1] usbcore: registered new interface driver kobil_sct
[   21.964608][    T1] usbserial: USB Serial support registered for KOBIL USB smart card terminal
[   21.970674][    T1] usbcore: registered new interface driver mct_u232
[   21.972953][    T1] usbserial: USB Serial support registered for MCT U232
[   21.975010][    T1] usbcore: registered new interface driver metro_usb
[   21.976999][    T1] usbserial: USB Serial support registered for Metrologic USB to Serial
[   21.980907][    T1] usbcore: registered new interface driver mos7720
[   21.987269][    T1] usbserial: USB Serial support registered for Moschip 2 port adapter
[   21.996266][    T1] usbcore: registered new interface driver mos7840
[   22.000245][    T1] usbserial: USB Serial support registered for Moschip 7840/7820 USB Serial Driver
[   22.005837][    T1] usbcore: registered new interface driver mxuport
[   22.008035][    T1] usbserial: USB Serial support registered for MOXA UPort
[   22.013037][    T1] usbcore: registered new interface driver navman
[   22.022462][    T1] usbserial: USB Serial support registered for navman
[   22.026928][    T1] usbcore: registered new interface driver omninet
[   22.031057][    T1] usbserial: USB Serial support registered for ZyXEL - omni.net usb
[   22.037406][    T1] usbcore: registered new interface driver opticon
[   22.045792][    T1] usbserial: USB Serial support registered for opticon
[   22.050157][    T1] usbcore: registered new interface driver option
[   22.053802][    T1] usbserial: USB Serial support registered for GSM modem (1-port)
[   22.063776][    T1] usbcore: registered new interface driver oti6858
[   22.070099][    T1] usbserial: USB Serial support registered for oti6858
[   22.073172][    T1] usbcore: registered new interface driver pl2303
[   22.076295][    T1] usbserial: USB Serial support registered for pl2303
[   22.082946][    T1] usbcore: registered new interface driver qcaux
[   22.085661][    T1] usbserial: USB Serial support registered for qcaux
[   22.088990][    T1] usbcore: registered new interface driver qcserial
[   22.091323][    T1] usbserial: USB Serial support registered for Qualcomm USB modem
[   22.096320][    T1] usbcore: registered new interface driver quatech2
[   22.100891][    T1] usbserial: USB Serial support registered for Quatech 2nd gen USB to Serial Driver
[   22.109865][    T1] usbcore: registered new interface driver safe_serial
[   22.113561][    T1] usbserial: USB Serial support registered for safe_serial
[   22.117777][    T1] usbcore: registered new interface driver sierra
[   22.122161][    T1] usbserial: USB Serial support registered for Sierra USB modem
[   22.126365][    T1] usbcore: registered new interface driver usb_serial_simple
[   22.131559][    T1] usbserial: USB Serial support registered for carelink
[   22.135945][    T1] usbserial: USB Serial support registered for zio
[   22.141748][    T1] usbserial: USB Serial support registered for funsoft
[   22.146442][    T1] usbserial: USB Serial support registered for flashloader
[   22.153352][    T1] usbserial: USB Serial support registered for google
[   22.157329][    T1] usbserial: USB Serial support registered for libtransistor
[   22.161658][    T1] usbserial: USB Serial support registered for vivopay
[   22.166239][    T1] usbserial: USB Serial support registered for moto_modem
[   22.170501][    T1] usbserial: USB Serial support registered for motorola_tetra
[   22.174433][    T1] usbserial: USB Serial support registered for nokia
[   22.181115][    T1] usbserial: USB Serial support registered for novatel_gps
[   22.184757][    T1] usbserial: USB Serial support registered for hp4x
[   22.188225][    T1] usbserial: USB Serial support registered for suunto
[   22.193836][    T1] usbserial: USB Serial support registered for siemens_mpi
[   22.200327][    T1] usbcore: registered new interface driver spcp8x5
[   22.203780][    T1] usbserial: USB Serial support registered for SPCP8x5
[   22.209146][    T1] usbcore: registered new interface driver ssu100
[   22.212786][    T1] usbserial: USB Serial support registered for Quatech SSU-100 USB to Serial Driver
[   22.220390][    T1] usbcore: registered new interface driver symbolserial
[   22.225620][    T1] usbserial: USB Serial support registered for symbol
[   22.231811][    T1] usbcore: registered new interface driver ti_usb_3410_5052
[   22.234679][    T1] usbserial: USB Serial support registered for TI USB 3410 1 port adapter
[   22.240105][    T1] usbserial: USB Serial support registered for TI USB 5052 2 port adapter
[   22.244036][    T1] usbcore: registered new interface driver upd78f0730
[   22.248442][    T1] usbserial: USB Serial support registered for upd78f0730
[   22.253836][    T1] usbcore: registered new interface driver visor
[   22.257518][    T1] usbserial: USB Serial support registered for Handspring Visor / Palm OS
[   22.265863][    T1] usbserial: USB Serial support registered for Sony Clie 5.0
[   22.273564][    T1] usbserial: USB Serial support registered for Sony Clie 3.5
[   22.280828][    T1] usbcore: registered new interface driver wishbone_serial
[   22.285568][    T1] usbserial: USB Serial support registered for wishbone_serial
[   22.292207][    T1] usbcore: registered new interface driver whiteheat
[   22.296276][    T1] usbserial: USB Serial support registered for Connect Tech - WhiteHEAT - (prerenumeration)
[   22.302321][    T1] usbserial: USB Serial support registered for Connect Tech - WhiteHEAT
[   22.308401][    T1] usbcore: registered new interface driver xr_serial
[   22.311871][    T1] usbserial: USB Serial support registered for xr_serial
[   22.316063][    T1] usbcore: registered new interface driver xsens_mt
[   22.320762][    T1] usbserial: USB Serial support registered for xsens_mt
[   22.326207][    T1] usbcore: registered new interface driver adutux
[   22.330231][    T1] usbcore: registered new interface driver appledisplay
[   22.337447][    T1] usbcore: registered new interface driver cypress_cy7c63
[   22.343069][    T1] usbcore: registered new interface driver cytherm
[   22.346633][    T1] usbcore: registered new interface driver emi26 - firmware loader
[   22.350952][    T1] usbcore: registered new interface driver emi62 - firmware loader
[   22.355618][    T1] ftdi_elan: driver ftdi-elan
[   22.358000][    T1] usbcore: registered new interface driver ftdi-elan
[   22.364668][    T1] usbcore: registered new interface driver idmouse
[   22.367891][    T1] usbcore: registered new interface driver iowarrior
[   22.371809][    T1] usbcore: registered new interface driver isight_firmware
[   22.376311][    T1] usbcore: registered new interface driver usblcd
[   22.380938][    T1] usbcore: registered new interface driver ldusb
[   22.384201][    T1] usbcore: registered new interface driver legousbtower
[   22.390888][    T1] usbcore: registered new interface driver usbtest
[   22.395266][    T1] usbcore: registered new interface driver usb_ehset_test
[   22.402755][    T1] usbcore: registered new interface driver trancevibrator
[   22.407676][    T1] usbcore: registered new interface driver uss720
[   22.412814][    T1] uss720: USB Parport Cable driver for Cables using the Lucent Technologies USS720 Chip
[   22.418316][    T1] uss720: NOTE: this is a special purpose driver to allow nonstandard
[   22.423357][    T1] uss720: protocols (eg. bitbang) over USS720 usb to parallel cables
[   22.428136][    T1] uss720: If you just want to connect to a printer, use usblp instead
[   22.436497][    T1] usbcore: registered new interface driver usbsevseg
[   22.445854][    T1] usbcore: registered new interface driver yurex
[   22.453660][    T1] usbcore: registered new interface driver chaoskey
[   22.461074][    T1] usbcore: registered new interface driver sisusb
[   22.465755][    T1] usbcore: registered new interface driver lvs
[   22.473206][    T1] usbcore: registered new interface driver cxacru
[   22.477195][    T1] usbcore: registered new interface driver speedtch
[   22.482196][    T1] usbcore: registered new interface driver ueagle-atm
[   22.487219][    T1] xusbatm: malformed module parameters
[   22.492729][    T1] dummy_hcd dummy_hcd.0: USB Host+Gadget Emulator, driver 02 May 2005
[   22.496939][    T1] dummy_hcd dummy_hcd.0: Dummy host controller
[   22.504888][    T1] dummy_hcd dummy_hcd.0: new USB bus registered, assigned bus number 1
[   22.513355][    T1] usb usb1: New USB device found, idVendor=1d6b, idProduct=0002, bcdDevice= 6.01
[   22.518168][    T1] usb usb1: New USB device strings: Mfr=3, Product=2, SerialNumber=1
[   22.524398][    T1] usb usb1: Product: Dummy host controller
[   22.531402][    T1] usb usb1: Manufacturer: Linux 6.1.0-rc8-g3ecc37918c80-dirty dummy_hcd
[   22.535880][    T1] usb usb1: SerialNumber: dummy_hcd.0
[   22.544078][    T1] hub 1-0:1.0: USB hub found
[   22.547342][    T1] hub 1-0:1.0: 1 port detected
[   22.562563][    T1] gadgetfs: USB Gadget filesystem, version 24 Aug 2004
[   22.575143][    T1] vhci_hcd vhci_hcd.0: USB/IP Virtual Host Controller
[   22.582649][    T1] vhci_hcd vhci_hcd.0: new USB bus registered, assigned bus number 2
[   22.587729][    T1] vhci_hcd: created sysfs vhci_hcd.0
[   22.592954][    T1] usb usb2: New USB device found, idVendor=1d6b, idProduct=0002, bcdDevice= 6.01
[   22.597030][    T1] usb usb2: New USB device strings: Mfr=3, Product=2, SerialNumber=1
[   22.601522][    T1] usb usb2: Product: USB/IP Virtual Host Controller
[   22.605294][    T1] usb usb2: Manufacturer: Linux 6.1.0-rc8-g3ecc37918c80-dirty vhci_hcd
[   22.612703][    T1] usb usb2: SerialNumber: vhci_hcd.0
[   22.621038][    T1] hub 2-0:1.0: USB hub found
[   22.625488][    T1] hub 2-0:1.0: 8 ports detected
[   22.638269][    T1] vhci_hcd vhci_hcd.0: USB/IP Virtual Host Controller
[   22.647832][    T1] vhci_hcd vhci_hcd.0: new USB bus registered, assigned bus number 3
[   22.654161][    T1] usb usb3: We don't know the algorithms for LPM for this host, disabling LPM.
[   22.664081][    T1] usb usb3: New USB device found, idVendor=1d6b, idProduct=0003, bcdDevice= 6.01
[   22.669462][    T1] usb usb3: New USB device strings: Mfr=3, Product=2, SerialNumber=1
[   22.673623][    T1] usb usb3: Product: USB/IP Virtual Host Controller
[   22.679607][    T1] usb usb3: Manufacturer: Linux 6.1.0-rc8-g3ecc37918c80-dirty vhci_hcd
[   22.684242][    T1] usb usb3: SerialNumber: vhci_hcd.0
[   22.691404][    T1] hub 3-0:1.0: USB hub found
[   22.694611][    T1] hub 3-0:1.0: 8 ports detected
[   22.703109][    T1] vhci_hcd vhci_hcd.1: USB/IP Virtual Host Controller
[   22.709786][    T1] vhci_hcd vhci_hcd.1: new USB bus registered, assigned bus number 4
[   22.721402][    T1] usb usb4: New USB device found, idVendor=1d6b, idProduct=0002, bcdDevice= 6.01
[   22.730582][    T1] usb usb4: New USB device strings: Mfr=3, Product=2, SerialNumber=1
[   22.736433][    T1] usb usb4: Product: USB/IP Virtual Host Controller
[   22.740399][    T1] usb usb4: Manufacturer: Linux 6.1.0-rc8-g3ecc37918c80-dirty vhci_hcd
[   22.745405][    T1] usb usb4: SerialNumber: vhci_hcd.1
[   22.756355][    T1] hub 4-0:1.0: USB hub found
[   22.759543][    T1] hub 4-0:1.0: 8 ports detected
[   22.768258][    T1] vhci_hcd vhci_hcd.1: USB/IP Virtual Host Controller
[   22.775461][    T1] vhci_hcd vhci_hcd.1: new USB bus registered, assigned bus number 5
[   22.780720][    T1] usb usb5: We don't know the algorithms for LPM for this host, disabling LPM.
[   22.785305][    T1] usb usb5: New USB device found, idVendor=1d6b, idProduct=0003, bcdDevice= 6.01
[   22.790737][    T1] usb usb5: New USB device strings: Mfr=3, Product=2, SerialNumber=1
[   22.799184][    T1] usb usb5: Product: USB/IP Virtual Host Controller
[   22.802706][    T1] usb usb5: Manufacturer: Linux 6.1.0-rc8-g3ecc37918c80-dirty vhci_hcd
[   22.812060][    T1] usb usb5: SerialNumber: vhci_hcd.1
[   22.822913][    T1] hub 5-0:1.0: USB hub found
[   22.826746][    T1] hub 5-0:1.0: 8 ports detected
[   22.839919][    T1] vhci_hcd vhci_hcd.2: USB/IP Virtual Host Controller
[   22.845052][    T1] vhci_hcd vhci_hcd.2: new USB bus registered, assigned bus number 6
[   22.851761][    T1] usb usb6: New USB device found, idVendor=1d6b, idProduct=0002, bcdDevice= 6.01
[   22.857860][    T1] usb usb6: New USB device strings: Mfr=3, Product=2, SerialNumber=1
[   22.863063][    T1] usb usb6: Product: USB/IP Virtual Host Controller
[   22.867297][    T1] usb usb6: Manufacturer: Linux 6.1.0-rc8-g3ecc37918c80-dirty vhci_hcd
[   22.874399][    T1] usb usb6: SerialNumber: vhci_hcd.2
[   22.884465][    T1] hub 6-0:1.0: USB hub found
[   22.886880][    T1] hub 6-0:1.0: 8 ports detected
[   22.899215][    T1] vhci_hcd vhci_hcd.2: USB/IP Virtual Host Controller
[   22.904041][    T1] vhci_hcd vhci_hcd.2: new USB bus registered, assigned bus number 7
[   22.910142][    T1] usb usb7: We don't know the algorithms for LPM for this host, disabling LPM.
[   22.918151][    T1] usb usb7: New USB device found, idVendor=1d6b, idProduct=0003, bcdDevice= 6.01
[   22.923502][    T1] usb usb7: New USB device strings: Mfr=3, Product=2, SerialNumber=1
[   22.928332][    T1] usb usb7: Product: USB/IP Virtual Host Controller
[   22.932390][    T1] usb usb7: Manufacturer: Linux 6.1.0-rc8-g3ecc37918c80-dirty vhci_hcd
[   22.937962][    T1] usb usb7: SerialNumber: vhci_hcd.2
[   22.944737][    T1] hub 7-0:1.0: USB hub found
[   22.949569][    T1] hub 7-0:1.0: 8 ports detected
[   22.962025][    T1] vhci_hcd vhci_hcd.3: USB/IP Virtual Host Controller
[   22.972269][    T1] vhci_hcd vhci_hcd.3: new USB bus registered, assigned bus number 8
[   22.980752][    T1] usb usb8: New USB device found, idVendor=1d6b, idProduct=0002, bcdDevice= 6.01
[   22.989127][    T1] usb usb8: New USB device strings: Mfr=3, Product=2, SerialNumber=1
[   22.998045][    T1] usb usb8: Product: USB/IP Virtual Host Controller
[   23.003687][    T1] usb usb8: Manufacturer: Linux 6.1.0-rc8-g3ecc37918c80-dirty vhci_hcd
[   23.010329][    T1] usb usb8: SerialNumber: vhci_hcd.3
[   23.024398][    T1] hub 8-0:1.0: USB hub found
[   23.032860][    T1] hub 8-0:1.0: 8 ports detected
[   23.041451][    T1] vhci_hcd vhci_hcd.3: USB/IP Virtual Host Controller
[   23.047969][    T1] vhci_hcd vhci_hcd.3: new USB bus registered, assigned bus number 9
[   23.053270][    T1] usb usb9: We don't know the algorithms for LPM for this host, disabling LPM.
[   23.060384][    T1] usb usb9: New USB device found, idVendor=1d6b, idProduct=0003, bcdDevice= 6.01
[   23.067887][    T1] usb usb9: New USB device strings: Mfr=3, Product=2, SerialNumber=1
[   23.072919][    T1] usb usb9: Product: USB/IP Virtual Host Controller
[   23.076525][    T1] usb usb9: Manufacturer: Linux 6.1.0-rc8-g3ecc37918c80-dirty vhci_hcd
[   23.083007][    T1] usb usb9: SerialNumber: vhci_hcd.3
[   23.091709][    T1] hub 9-0:1.0: USB hub found
[   23.095789][    T1] hub 9-0:1.0: 8 ports detected
[   23.109150][    T1] vhci_hcd vhci_hcd.4: USB/IP Virtual Host Controller
[   23.117115][    T1] vhci_hcd vhci_hcd.4: new USB bus registered, assigned bus number 10
[   23.123069][    T1] usb usb10: New USB device found, idVendor=1d6b, idProduct=0002, bcdDevice= 6.01
[   23.128268][    T1] usb usb10: New USB device strings: Mfr=3, Product=2, SerialNumber=1
[   23.132248][    T1] usb usb10: Product: USB/IP Virtual Host Controller
[   23.136095][    T1] usb usb10: Manufacturer: Linux 6.1.0-rc8-g3ecc37918c80-dirty vhci_hcd
[   23.140753][    T1] usb usb10: SerialNumber: vhci_hcd.4
[   23.149745][    T1] hub 10-0:1.0: USB hub found
[   23.153014][    T1] hub 10-0:1.0: 8 ports detected
[   23.161454][    T1] vhci_hcd vhci_hcd.4: USB/IP Virtual Host Controller
[   23.169066][    T1] vhci_hcd vhci_hcd.4: new USB bus registered, assigned bus number 11
[   23.176519][    T1] usb usb11: We don't know the algorithms for LPM for this host, disabling LPM.
[   23.182950][    T1] usb usb11: New USB device found, idVendor=1d6b, idProduct=0003, bcdDevice= 6.01
[   23.188137][    T1] usb usb11: New USB device strings: Mfr=3, Product=2, SerialNumber=1
[   23.197368][    T1] usb usb11: Product: USB/IP Virtual Host Controller
[   23.201112][    T1] usb usb11: Manufacturer: Linux 6.1.0-rc8-g3ecc37918c80-dirty vhci_hcd
[   23.206689][    T1] usb usb11: SerialNumber: vhci_hcd.4
[   23.217765][    T1] hub 11-0:1.0: USB hub found
[   23.220702][    T1] hub 11-0:1.0: 8 ports detected
[   23.229110][    T1] vhci_hcd vhci_hcd.5: USB/IP Virtual Host Controller
[   23.237218][    T1] vhci_hcd vhci_hcd.5: new USB bus registered, assigned bus number 12
[   23.245281][    T1] usb usb12: New USB device found, idVendor=1d6b, idProduct=0002, bcdDevice= 6.01
[   23.250765][    T1] usb usb12: New USB device strings: Mfr=3, Product=2, SerialNumber=1
[   23.255004][    T1] usb usb12: Product: USB/IP Virtual Host Controller
[   23.258588][    T1] usb usb12: Manufacturer: Linux 6.1.0-rc8-g3ecc37918c80-dirty vhci_hcd
[   23.263296][    T1] usb usb12: SerialNumber: vhci_hcd.5
[   23.273664][    T1] hub 12-0:1.0: USB hub found
[   23.276266][    T1] hub 12-0:1.0: 8 ports detected
[   23.285554][    T1] vhci_hcd vhci_hcd.5: USB/IP Virtual Host Controller
[   23.294479][    T1] vhci_hcd vhci_hcd.5: new USB bus registered, assigned bus number 13
[   23.303222][    T1] usb usb13: We don't know the algorithms for LPM for this host, disabling LPM.
[   23.314424][    T1] usb usb13: New USB device found, idVendor=1d6b, idProduct=0003, bcdDevice= 6.01
[   23.319876][    T1] usb usb13: New USB device strings: Mfr=3, Product=2, SerialNumber=1
[   23.326592][    T1] usb usb13: Product: USB/IP Virtual Host Controller
[   23.330522][    T1] usb usb13: Manufacturer: Linux 6.1.0-rc8-g3ecc37918c80-dirty vhci_hcd
[   23.335119][    T1] usb usb13: SerialNumber: vhci_hcd.5
[   23.345078][    T1] hub 13-0:1.0: USB hub found
[   23.348499][    T1] hub 13-0:1.0: 8 ports detected
[   23.367865][    T1] vhci_hcd vhci_hcd.6: USB/IP Virtual Host Controller
[   23.374897][    T1] vhci_hcd vhci_hcd.6: new USB bus registered, assigned bus number 14
[   23.382580][    T1] usb usb14: New USB device found, idVendor=1d6b, idProduct=0002, bcdDevice= 6.01
[   23.388008][    T1] usb usb14: New USB device strings: Mfr=3, Product=2, SerialNumber=1
[   23.395346][    T1] usb usb14: Product: USB/IP Virtual Host Controller
[   23.400532][    T1] usb usb14: Manufacturer: Linux 6.1.0-rc8-g3ecc37918c80-dirty vhci_hcd
[   23.404640][    T1] usb usb14: SerialNumber: vhci_hcd.6
[   23.418357][    T1] hub 14-0:1.0: USB hub found
[   23.433181][    T1] hub 14-0:1.0: 8 ports detected
[   23.442754][    T1] vhci_hcd vhci_hcd.6: USB/IP Virtual Host Controller
[   23.450281][    T1] vhci_hcd vhci_hcd.6: new USB bus registered, assigned bus number 15
[   23.455192][    T1] usb usb15: We don't know the algorithms for LPM for this host, disabling LPM.
[   23.469427][    T1] usb usb15: New USB device found, idVendor=1d6b, idProduct=0003, bcdDevice= 6.01
[   23.480705][    T1] usb usb15: New USB device strings: Mfr=3, Product=2, SerialNumber=1
[   23.487495][    T1] usb usb15: Product: USB/IP Virtual Host Controller
[   23.492484][    T1] usb usb15: Manufacturer: Linux 6.1.0-rc8-g3ecc37918c80-dirty vhci_hcd
[   23.497786][    T1] usb usb15: SerialNumber: vhci_hcd.6
[   23.508260][    T1] hub 15-0:1.0: USB hub found
[   23.513240][    T1] hub 15-0:1.0: 8 ports detected
[   23.527345][    T1] vhci_hcd vhci_hcd.7: USB/IP Virtual Host Controller
[   23.535581][    T1] vhci_hcd vhci_hcd.7: new USB bus registered, assigned bus number 16
[   23.541566][    T1] usb usb16: New USB device found, idVendor=1d6b, idProduct=0002, bcdDevice= 6.01
[   23.546519][    T1] usb usb16: New USB device strings: Mfr=3, Product=2, SerialNumber=1
[   23.553051][    T1] usb usb16: Product: USB/IP Virtual Host Controller
[   23.556777][    T1] usb usb16: Manufacturer: Linux 6.1.0-rc8-g3ecc37918c80-dirty vhci_hcd
[   23.562893][    T1] usb usb16: SerialNumber: vhci_hcd.7
[   23.568137][    T1] hub 16-0:1.0: USB hub found
[   23.574300][    T1] hub 16-0:1.0: 8 ports detected
[   23.584638][    T1] vhci_hcd vhci_hcd.7: USB/IP Virtual Host Controller
[   23.595877][    T1] vhci_hcd vhci_hcd.7: new USB bus registered, assigned bus number 17
[   23.606119][    T1] usb usb17: We don't know the algorithms for LPM for this host, disabling LPM.
[   23.616009][    T1] usb usb17: New USB device found, idVendor=1d6b, idProduct=0003, bcdDevice= 6.01
[   23.621435][    T1] usb usb17: New USB device strings: Mfr=3, Product=2, SerialNumber=1
[   23.625396][    T1] usb usb17: Product: USB/IP Virtual Host Controller
[   23.629391][    T1] usb usb17: Manufacturer: Linux 6.1.0-rc8-g3ecc37918c80-dirty vhci_hcd
[   23.634543][    T1] usb usb17: SerialNumber: vhci_hcd.7
[   23.645398][    T1] hub 17-0:1.0: USB hub found
[   23.650135][    T1] hub 17-0:1.0: 8 ports detected
[   23.661488][    T1] vhci_hcd vhci_hcd.8: USB/IP Virtual Host Controller
[   23.668125][    T1] vhci_hcd vhci_hcd.8: new USB bus registered, assigned bus number 18
[   23.673649][    T1] usb usb18: New USB device found, idVendor=1d6b, idProduct=0002, bcdDevice= 6.01
[   23.679135][    T1] usb usb18: New USB device strings: Mfr=3, Product=2, SerialNumber=1
[   23.681753][    T1] usb usb18: Product: USB/IP Virtual Host Controller
[   23.686390][    T1] usb usb18: Manufacturer: Linux 6.1.0-rc8-g3ecc37918c80-dirty vhci_hcd
[   23.691935][    T1] usb usb18: SerialNumber: vhci_hcd.8
[   23.697934][    T1] hub 18-0:1.0: USB hub found
[   23.700023][    T1] hub 18-0:1.0: 8 ports detected
[   23.704341][    T1] vhci_hcd vhci_hcd.8: USB/IP Virtual Host Controller
[   23.710514][    T1] vhci_hcd vhci_hcd.8: new USB bus registered, assigned bus number 19
[   23.718298][    T1] usb usb19: We don't know the algorithms for LPM for this host, disabling LPM.
[   23.724126][    T1] usb usb19: New USB device found, idVendor=1d6b, idProduct=0003, bcdDevice= 6.01
[   23.729460][    T1] usb usb19: New USB device strings: Mfr=3, Product=2, SerialNumber=1
[   23.733384][    T1] usb usb19: Product: USB/IP Virtual Host Controller
[   23.735963][    T1] usb usb19: Manufacturer: Linux 6.1.0-rc8-g3ecc37918c80-dirty vhci_hcd
[   23.739807][    T1] usb usb19: SerialNumber: vhci_hcd.8
[   23.745223][    T1] hub 19-0:1.0: USB hub found
[   23.750408][    T1] hub 19-0:1.0: 8 ports detected
[   23.757193][    T1] vhci_hcd vhci_hcd.9: USB/IP Virtual Host Controller
[   23.762863][    T1] vhci_hcd vhci_hcd.9: new USB bus registered, assigned bus number 20
[   23.771758][    T1] usb usb20: New USB device found, idVendor=1d6b, idProduct=0002, bcdDevice= 6.01
[   23.775998][    T1] usb usb20: New USB device strings: Mfr=3, Product=2, SerialNumber=1
[   23.782500][    T1] usb usb20: Product: USB/IP Virtual Host Controller
[   23.786200][    T1] usb usb20: Manufacturer: Linux 6.1.0-rc8-g3ecc37918c80-dirty vhci_hcd
[   23.790851][    T1] usb usb20: SerialNumber: vhci_hcd.9
[   23.800915][    T1] hub 20-0:1.0: USB hub found
[   23.806971][    T1] hub 20-0:1.0: 8 ports detected
[   23.814505][    T1] vhci_hcd vhci_hcd.9: USB/IP Virtual Host Controller
[   23.818563][    T1] vhci_hcd vhci_hcd.9: new USB bus registered, assigned bus number 21
[   23.825891][    T1] usb usb21: We don't know the algorithms for LPM for this host, disabling LPM.
[   23.831312][    T1] usb usb21: New USB device found, idVendor=1d6b, idProduct=0003, bcdDevice= 6.01
[   23.835481][    T1] usb usb21: New USB device strings: Mfr=3, Product=2, SerialNumber=1
[   23.840230][    T1] usb usb21: Product: USB/IP Virtual Host Controller
[   23.842629][    T1] usb usb21: Manufacturer: Linux 6.1.0-rc8-g3ecc37918c80-dirty vhci_hcd
[   23.845766][    T1] usb usb21: SerialNumber: vhci_hcd.9
[   23.852278][    T1] hub 21-0:1.0: USB hub found
[   23.859013][    T1] hub 21-0:1.0: 8 ports detected
[   23.867707][    T1] vhci_hcd vhci_hcd.10: USB/IP Virtual Host Controller
[   23.873712][    T1] vhci_hcd vhci_hcd.10: new USB bus registered, assigned bus number 22
[   23.881107][    T1] usb usb22: New USB device found, idVendor=1d6b, idProduct=0002, bcdDevice= 6.01
[   23.886626][    T1] usb usb22: New USB device strings: Mfr=3, Product=2, SerialNumber=1
[   23.893849][    T1] usb usb22: Product: USB/IP Virtual Host Controller
[   23.896753][    T1] usb usb22: Manufacturer: Linux 6.1.0-rc8-g3ecc37918c80-dirty vhci_hcd
[   23.899294][    T1] usb usb22: SerialNumber: vhci_hcd.10
[   23.906899][    T1] hub 22-0:1.0: USB hub found
[   23.909518][    T1] hub 22-0:1.0: 8 ports detected
[   23.919076][    T1] vhci_hcd vhci_hcd.10: USB/IP Virtual Host Controller
[   23.928370][    T1] vhci_hcd vhci_hcd.10: new USB bus registered, assigned bus number 23
[   23.934393][    T1] usb usb23: We don't know the algorithms for LPM for this host, disabling LPM.
[   23.939014][    T1] usb usb23: New USB device found, idVendor=1d6b, idProduct=0003, bcdDevice= 6.01
[   23.943203][    T1] usb usb23: New USB device strings: Mfr=3, Product=2, SerialNumber=1
[   23.946511][    T1] usb usb23: Product: USB/IP Virtual Host Controller
[   23.949917][    T1] usb usb23: Manufacturer: Linux 6.1.0-rc8-g3ecc37918c80-dirty vhci_hcd
[   23.959249][    T1] usb usb23: SerialNumber: vhci_hcd.10
[   23.967537][    T1] hub 23-0:1.0: USB hub found
[   23.971746][    T1] hub 23-0:1.0: 8 ports detected
[   23.989415][    T1] vhci_hcd vhci_hcd.11: USB/IP Virtual Host Controller
[   23.995916][    T1] vhci_hcd vhci_hcd.11: new USB bus registered, assigned bus number 24
[   24.004800][    T1] usb usb24: New USB device found, idVendor=1d6b, idProduct=0002, bcdDevice= 6.01
[   24.010355][    T1] usb usb24: New USB device strings: Mfr=3, Product=2, SerialNumber=1
[   24.015522][    T1] usb usb24: Product: USB/IP Virtual Host Controller
[   24.021366][    T1] usb usb24: Manufacturer: Linux 6.1.0-rc8-g3ecc37918c80-dirty vhci_hcd
[   24.026427][    T1] usb usb24: SerialNumber: vhci_hcd.11
[   24.043224][    T1] hub 24-0:1.0: USB hub found
[   24.046331][    T1] hub 24-0:1.0: 8 ports detected
[   24.057155][    T1] vhci_hcd vhci_hcd.11: USB/IP Virtual Host Controller
[   24.063103][    T1] vhci_hcd vhci_hcd.11: new USB bus registered, assigned bus number 25
[   24.073898][    T1] usb usb25: We don't know the algorithms for LPM for this host, disabling LPM.
[   24.080504][    T1] usb usb25: New USB device found, idVendor=1d6b, idProduct=0003, bcdDevice= 6.01
[   24.085181][    T1] usb usb25: New USB device strings: Mfr=3, Product=2, SerialNumber=1
[   24.089189][    T1] usb usb25: Product: USB/IP Virtual Host Controller
[   24.092295][    T1] usb usb25: Manufacturer: Linux 6.1.0-rc8-g3ecc37918c80-dirty vhci_hcd
[   24.096335][    T1] usb usb25: SerialNumber: vhci_hcd.11
[   24.102582][    T1] hub 25-0:1.0: USB hub found
[   24.107505][    T1] hub 25-0:1.0: 8 ports detected
[   24.118829][    T1] vhci_hcd vhci_hcd.12: USB/IP Virtual Host Controller
[   24.124104][    T1] vhci_hcd vhci_hcd.12: new USB bus registered, assigned bus number 26
[   24.129053][    T1] usb usb26: New USB device found, idVendor=1d6b, idProduct=0002, bcdDevice= 6.01
[   24.135818][    T1] usb usb26: New USB device strings: Mfr=3, Product=2, SerialNumber=1
[   24.140657][    T1] usb usb26: Product: USB/IP Virtual Host Controller
[   24.144832][    T1] usb usb26: Manufacturer: Linux 6.1.0-rc8-g3ecc37918c80-dirty vhci_hcd
[   24.150998][    T1] usb usb26: SerialNumber: vhci_hcd.12
[   24.159303][    T1] hub 26-0:1.0: USB hub found
[   24.162694][    T1] hub 26-0:1.0: 8 ports detected
[   24.173769][    T1] vhci_hcd vhci_hcd.12: USB/IP Virtual Host Controller
[   24.178340][    T1] vhci_hcd vhci_hcd.12: new USB bus registered, assigned bus number 27
[   24.183660][    T1] usb usb27: We don't know the algorithms for LPM for this host, disabling LPM.
[   24.189363][    T1] usb usb27: New USB device found, idVendor=1d6b, idProduct=0003, bcdDevice= 6.01
[   24.196333][    T1] usb usb27: New USB device strings: Mfr=3, Product=2, SerialNumber=1
[   24.200602][    T1] usb usb27: Product: USB/IP Virtual Host Controller
[   24.203611][    T1] usb usb27: Manufacturer: Linux 6.1.0-rc8-g3ecc37918c80-dirty vhci_hcd
[   24.208525][    T1] usb usb27: SerialNumber: vhci_hcd.12
[   24.215677][    T1] hub 27-0:1.0: USB hub found
[   24.219977][    T1] hub 27-0:1.0: 8 ports detected
[   24.229225][    T1] vhci_hcd vhci_hcd.13: USB/IP Virtual Host Controller
[   24.234292][    T1] vhci_hcd vhci_hcd.13: new USB bus registered, assigned bus number 28
[   24.242866][    T1] usb usb28: New USB device found, idVendor=1d6b, idProduct=0002, bcdDevice= 6.01
[   24.247573][    T1] usb usb28: New USB device strings: Mfr=3, Product=2, SerialNumber=1
[   24.253101][    T1] usb usb28: Product: USB/IP Virtual Host Controller
[   24.256929][    T1] usb usb28: Manufacturer: Linux 6.1.0-rc8-g3ecc37918c80-dirty vhci_hcd
[   24.261672][    T1] usb usb28: SerialNumber: vhci_hcd.13
[   24.267656][    T1] hub 28-0:1.0: USB hub found
[   24.269510][    T1] hub 28-0:1.0: 8 ports detected
[   24.275050][    T1] vhci_hcd vhci_hcd.13: USB/IP Virtual Host Controller
[   24.280547][    T1] vhci_hcd vhci_hcd.13: new USB bus registered, assigned bus number 29
[   24.285359][    T1] usb usb29: We don't know the algorithms for LPM for this host, disabling LPM.
[   24.292786][    T1] usb usb29: New USB device found, idVendor=1d6b, idProduct=0003, bcdDevice= 6.01
[   24.296102][    T1] usb usb29: New USB device strings: Mfr=3, Product=2, SerialNumber=1
[   24.300199][    T1] usb usb29: Product: USB/IP Virtual Host Controller
[   24.305913][    T1] usb usb29: Manufacturer: Linux 6.1.0-rc8-g3ecc37918c80-dirty vhci_hcd
[   24.310547][    T1] usb usb29: SerialNumber: vhci_hcd.13
[   24.317907][    T1] hub 29-0:1.0: USB hub found
[   24.322982][    T1] hub 29-0:1.0: 8 ports detected
[   24.329914][    T1] vhci_hcd vhci_hcd.14: USB/IP Virtual Host Controller
[   24.333371][    T1] vhci_hcd vhci_hcd.14: new USB bus registered, assigned bus number 30
[   24.338233][    T1] usb usb30: New USB device found, idVendor=1d6b, idProduct=0002, bcdDevice= 6.01
[   24.341521][    T1] usb usb30: New USB device strings: Mfr=3, Product=2, SerialNumber=1
[   24.344870][    T1] usb usb30: Product: USB/IP Virtual Host Controller
[   24.348058][    T1] usb usb30: Manufacturer: Linux 6.1.0-rc8-g3ecc37918c80-dirty vhci_hcd
[   24.353302][    T1] usb usb30: SerialNumber: vhci_hcd.14
[   24.360384][    T1] hub 30-0:1.0: USB hub found
[   24.366862][    T1] hub 30-0:1.0: 8 ports detected
[   24.375823][    T1] vhci_hcd vhci_hcd.14: USB/IP Virtual Host Controller
[   24.381420][    T1] vhci_hcd vhci_hcd.14: new USB bus registered, assigned bus number 31
[   24.391341][    T1] usb usb31: We don't know the algorithms for LPM for this host, disabling LPM.
[   24.398877][    T1] usb usb31: New USB device found, idVendor=1d6b, idProduct=0003, bcdDevice= 6.01
[   24.406652][    T1] usb usb31: New USB device strings: Mfr=3, Product=2, SerialNumber=1
[   24.414069][    T1] usb usb31: Product: USB/IP Virtual Host Controller
[   24.416802][    T1] usb usb31: Manufacturer: Linux 6.1.0-rc8-g3ecc37918c80-dirty vhci_hcd
[   24.420458][    T1] usb usb31: SerialNumber: vhci_hcd.14
[   24.426629][    T1] hub 31-0:1.0: USB hub found
[   24.432225][    T1] hub 31-0:1.0: 8 ports detected
[   24.446815][    T1] vhci_hcd vhci_hcd.15: USB/IP Virtual Host Controller
[   24.452837][    T1] vhci_hcd vhci_hcd.15: new USB bus registered, assigned bus number 32
[   24.457764][    T1] usb usb32: New USB device found, idVendor=1d6b, idProduct=0002, bcdDevice= 6.01
[   24.464088][    T1] usb usb32: New USB device strings: Mfr=3, Product=2, SerialNumber=1
[   24.467428][    T1] usb usb32: Product: USB/IP Virtual Host Controller
[   24.470218][    T1] usb usb32: Manufacturer: Linux 6.1.0-rc8-g3ecc37918c80-dirty vhci_hcd
[   24.473148][    T1] usb usb32: SerialNumber: vhci_hcd.15
[   24.478854][    T1] hub 32-0:1.0: USB hub found
[   24.481210][    T1] hub 32-0:1.0: 8 ports detected
[   24.489683][    T1] vhci_hcd vhci_hcd.15: USB/IP Virtual Host Controller
[   24.499972][    T1] vhci_hcd vhci_hcd.15: new USB bus registered, assigned bus number 33
[   24.507512][    T1] usb usb33: We don't know the algorithms for LPM for this host, disabling LPM.
[   24.511551][    T1] usb usb33: New USB device found, idVendor=1d6b, idProduct=0003, bcdDevice= 6.01
[   24.515034][    T1] usb usb33: New USB device strings: Mfr=3, Product=2, SerialNumber=1
[   24.522868][    T1] usb usb33: Product: USB/IP Virtual Host Controller
[   24.526451][    T1] usb usb33: Manufacturer: Linux 6.1.0-rc8-g3ecc37918c80-dirty vhci_hcd
[   24.530142][    T1] usb usb33: SerialNumber: vhci_hcd.15
[   24.540919][    T1] hub 33-0:1.0: USB hub found
[   24.544616][    T1] hub 33-0:1.0: 8 ports detected
[   24.553333][    T1] usbcore: registered new device driver usbip-host
[   24.560434][    T1] i8042: PNP: PS/2 Controller [PNP0303:KBD,PNP0f13:MOU] at 0x60,0x64 irq 1,12
[   24.570731][    T1] serio: i8042 KBD port at 0x60,0x64 irq 1
[   24.579165][    T1] serio: i8042 AUX port at 0x60,0x64 irq 12
[   24.584393][    T1] mousedev: PS/2 mouse device common for all mice
[   24.593243][    T1] usbcore: registered new interface driver appletouch
[   24.601478][   T26] input: AT Translated Set 2 keyboard as /devices/platform/i8042/serio0/input/input1
[   24.605049][    T1] usbcore: registered new interface driver bcm5974
[   24.615966][    T1] usbcore: registered new interface driver synaptics_usb
[   24.622837][    T1] usbcore: registered new interface driver iforce
[   24.634719][    T1] usbcore: registered new interface driver xpad
[   24.641498][    T1] usbcore: registered new interface driver usb_acecad
[   24.647037][    T1] usbcore: registered new interface driver aiptek
[   24.652009][    T1] usbcore: registered new interface driver hanwang
[   24.655383][    T1] usbcore: registered new interface driver kbtab
[   24.657696][    T1] usbcore: registered new interface driver pegasus_notetaker
[   24.665951][    T1] usbcore: registered new interface driver usbtouchscreen
[   24.675254][    T1] usbcore: registered new interface driver sur40
[   24.683878][    T1] usbcore: registered new interface driver ati_remote2
[   24.687497][    T1] cm109: Keymap for Komunikate KIP1000 phone loaded
[   24.695377][    T1] usbcore: registered new interface driver cm109
[   24.702355][    T1] cm109: CM109 phone driver: 20080805 (C) Alfred E. Heggestad
[   24.710367][    T1] usbcore: registered new interface driver ims_pcu
[   24.713143][    T1] usbcore: registered new interface driver keyspan_remote
[   24.717251][    T1] usbcore: registered new interface driver powermate
[   24.726742][    T1] usbcore: registered new interface driver yealink
[   24.733885][    T1] rtc_cmos 00:05: RTC can wake from S4
[   24.752867][    T1] rtc_cmos 00:05: registered as rtc0
[   24.761607][    T1] rtc_cmos 00:05: alarms up to one day, y3k, 242 bytes nvram, hpet irqs
[   24.767189][    T1] i2c_dev: i2c /dev entries driver
[   24.770196][    T1] usbcore: registered new interface driver i2c-diolan-u2c
[   24.773216][    T1] usbcore: registered new interface driver RobotFuzz Open Source InterFace, OSIF
[   24.785806][    T1] usbcore: registered new interface driver i2c-tiny-usb
[   24.789243][    T1] usbcore: registered new interface driver igorplugusb
[   24.792974][    T1] usbcore: registered new interface driver iguanair
[   24.796137][    T1] usbcore: registered new interface driver imon
[   24.810446][    T1] usbcore: registered new interface driver mceusb
[   24.815084][    T1] usbcore: registered new interface driver redrat3
[   24.828608][    T1] usbcore: registered new interface driver streamzap
[   24.832842][    T1] usbcore: registered new interface driver ttusbir
[   24.838785][    T1] usbcore: registered new interface driver ati_remote
[   24.846447][    T1] b2c2-flexcop: B2C2 FlexcopII/II(b)/III digital TV receiver chip loaded successfully
[   24.864699][    T1] usbcore: registered new interface driver b2c2_flexcop_usb
[   24.868348][    T1] usbcore: registered new interface driver dvb_usb_vp7045
[   24.876153][    T1] usbcore: registered new interface driver dvb_usb_vp702x
[   24.879557][    T1] usbcore: registered new interface driver dvb_usb_gp8psk
[   24.890362][    T1] usbcore: registered new interface driver dvb_usb_dtt200u
[   24.893715][    T1] usbcore: registered new interface driver dvb_usb_a800
[   24.897214][    T1] usbcore: registered new interface driver dvb_usb_dibusb_mb
[   24.901663][    T1] usbcore: registered new interface driver dvb_usb_dibusb_mc
[   24.905741][    T1] usbcore: registered new interface driver dvb_usb_nova_t_usb2
[   24.917215][    T1] usbcore: registered new interface driver dvb_usb_umt_010
[   24.925180][    T1] usbcore: registered new interface driver dvb_usb_m920x
[   24.933468][    T1] usbcore: registered new interface driver dvb_usb_digitv
[   24.938206][    T1] usbcore: registered new interface driver dvb_usb_cxusb
[   24.943688][    T1] usbcore: registered new interface driver dvb_usb_ttusb2
[   24.952742][    T1] usbcore: registered new interface driver dvb_usb_dib0700
[   24.962177][    T1] usbcore: registered new interface driver opera1
[   24.965027][    T1] usbcore: registered new interface driver dvb_usb_af9005
[   24.969113][    T1] usbcore: registered new interface driver pctv452e
[   24.980912][    T1] usbcore: registered new interface driver dw2102
[   24.986530][    T1] usbcore: registered new interface driver dvb_usb_dtv5100
[   24.992854][    T1] usbcore: registered new interface driver cinergyT2
[   25.001372][    T1] usbcore: registered new interface driver dvb_usb_az6027
[   25.004747][    T1] usbcore: registered new interface driver dvb_usb_technisat_usb2
[   25.009840][    T1] usbcore: registered new interface driver dvb_usb_af9015
[   25.021312][    T1] usbcore: registered new interface driver dvb_usb_af9035
[   25.033447][    T1] usbcore: registered new interface driver dvb_usb_anysee
[   25.043996][    T1] usbcore: registered new interface driver dvb_usb_au6610
[   25.047102][    T1] usbcore: registered new interface driver dvb_usb_az6007
[   25.051794][    T1] usbcore: registered new interface driver dvb_usb_ce6230
[   25.064384][    T1] usbcore: registered new interface driver dvb_usb_ec168
[   25.072859][    T1] usbcore: registered new interface driver dvb_usb_lmedm04
[   25.084339][    T1] usbcore: registered new interface driver dvb_usb_gl861
[   25.089912][    T1] usbcore: registered new interface driver dvb_usb_mxl111sf
[   25.092726][    T1] usbcore: registered new interface driver dvb_usb_rtl28xxu
[   25.095738][    T1] usbcore: registered new interface driver dvb_usb_dvbsky
[   25.100985][    T1] usbcore: registered new interface driver zd1301
[   25.103726][    T1] usbcore: registered new interface driver s2255
[   25.110919][    T1] usbcore: registered new interface driver smsusb
[   25.113501][    T1] usbcore: registered new interface driver ttusb
[   25.116040][    T1] usbcore: registered new interface driver ttusb-dec
[   25.121141][    T1] usbcore: registered new interface driver Abilis Systems as10x usb driver
[   25.134750][    T1] usbcore: registered new interface driver airspy
[   25.137365][    T1] gspca_main: v2.14.0 registered
[   25.147898][    T1] usbcore: registered new interface driver benq
[   25.150862][    T1] usbcore: registered new interface driver conex
[   25.153287][    T1] usbcore: registered new interface driver cpia1
[   25.156703][    T1] usbcore: registered new interface driver dtcs033
[   25.166856][    T1] usbcore: registered new interface driver etoms
[   25.170363][    T1] usbcore: registered new interface driver finepix
[   25.173766][    T1] usbcore: registered new interface driver jeilinj
[   25.187331][    T1] usbcore: registered new interface driver jl2005bcd
[   25.192200][    T1] usbcore: registered new interface driver kinect
[   25.200176][    T1] usbcore: registered new interface driver konica
[   25.205192][    T1] usbcore: registered new interface driver mars
[   25.208393][    T1] usbcore: registered new interface driver mr97310a
[   25.212194][    T1] usbcore: registered new interface driver nw80x
[   25.215751][    T1] usbcore: registered new interface driver ov519
[   25.224671][    T1] usbcore: registered new interface driver ov534
[   25.229453][    T1] usbcore: registered new interface driver ov534_9
[   25.236100][    T1] usbcore: registered new interface driver pac207
[   25.238579][    T1] usbcore: registered new interface driver gspca_pac7302
[   25.242550][    T1] usbcore: registered new interface driver pac7311
[   25.245175][    T1] usbcore: registered new interface driver se401
[   25.248200][    T1] usbcore: registered new interface driver sn9c2028
[   25.251477][    T1] usbcore: registered new interface driver gspca_sn9c20x
[   25.255880][    T1] usbcore: registered new interface driver sonixb
[   25.259131][    T1] usbcore: registered new interface driver sonixj
[   25.263014][    T1] usbcore: registered new interface driver spca500
[   25.267099][    T1] usbcore: registered new interface driver spca501
[   25.269957][    T1] usbcore: registered new interface driver spca505
[   25.275010][    T1] usbcore: registered new interface driver spca506
[   25.281081][    T1] usbcore: registered new interface driver spca508
[   25.286079][    T1] usbcore: registered new interface driver spca561
[   25.292695][    T1] usbcore: registered new interface driver spca1528
[   25.295404][    T1] usbcore: registered new interface driver sq905
[   25.297709][    T1] usbcore: registered new interface driver sq905c
[   25.312705][    T1] usbcore: registered new interface driver sq930x
[   25.320662][    T1] usbcore: registered new interface driver sunplus
[   25.323562][   T26] input: ImExPS/2 Generic Explorer Mouse as /devices/platform/i8042/serio1/input/input3
[   25.332750][    T1] usbcore: registered new interface driver stk014
[   25.332944][    T1] usbcore: registered new interface driver stk1135
[   25.333122][    T1] usbcore: registered new interface driver stv0680
[   25.333376][    T1] usbcore: registered new interface driver t613
[   25.333962][    T1] usbcore: registered new interface driver gspca_topro
[   25.334132][    T1] usbcore: registered new interface driver touptek
[   25.374202][    T1] usbcore: registered new interface driver tv8532
[   25.379886][    T1] usbcore: registered new interface driver vc032x
[   25.387010][    T1] usbcore: registered new interface driver vicam
[   25.392175][    T1] usbcore: registered new interface driver xirlink-cit
[   25.395722][    T1] usbcore: registered new interface driver gspca_zc3xx
[   25.402519][    T1] usbcore: registered new interface driver ALi m5602
[   25.408656][    T1] usbcore: registered new interface driver STV06xx
[   25.414092][    T1] usbcore: registered new interface driver gspca_gl860
[   25.416996][    T1] usbcore: registered new interface driver hackrf
[   25.422209][    T1] usbcore: registered new interface driver msi2500
[   25.432347][    T1] usbcore: registered new interface driver Philips webcam
[   25.441284][    T1] usbcore: registered new interface driver uvcvideo
[   25.443855][    T1] au0828: au0828 driver loaded
[   25.445960][    T1] usbcore: registered new interface driver au0828
[   25.451478][    T1] usbcore: registered new interface driver cx231xx
[   25.457355][    T1] usbcore: registered new interface driver em28xx
[   25.463966][    T1] em28xx: Registered (Em28xx v4l2 Extension) extension
[   25.466796][    T1] em28xx: Registered (Em28xx Audio Extension) extension
[   25.469864][    T1] em28xx: Registered (Em28xx dvb Extension) extension
[   25.475095][    T1] em28xx: Registered (Em28xx Input Extension) extension
[   25.480859][    T1] usbcore: registered new interface driver go7007
[   25.483508][    T1] usbcore: registered new interface driver go7007-loader
[   25.486774][    T1] usbcore: registered new interface driver hdpvr
[   25.497856][    T1] usbcore: registered new interface driver pvrusb2
[   25.504437][    T1] pvrusb2: V4L in-tree version:Hauppauge WinTV-PVR-USB2 MPEG2 Encoder/Tuner
[   25.515414][    T1] pvrusb2: Debug mask is 31 (0x1f)
[   25.528101][    T1] usbcore: registered new interface driver stk1160
[   25.536003][    T1] usbcore: registered new interface driver usbtv
[   25.546514][    T1] dvbdev: DVB: registering new adapter (dvb_vidtv_bridge)
[   25.565440][    T1] i2c i2c-0: DVB: registering adapter 0 frontend 0 (Dummy demod for DVB-T/T2/C/S/S2)...
[   25.579240][    T1] dvbdev: dvb_create_media_entity: media entity 'Dummy demod for DVB-T/T2/C/S/S2' registered.
[   25.590450][    T1] dvbdev: dvb_create_media_entity: media entity 'dvb-demux' registered.
[   25.609151][    T1] vidtv vidtv.0: Successfully initialized vidtv!
[   25.614917][    T1] vicodec vicodec.0: Device 'stateful-encoder' registered as /dev/video0
[   25.620163][    T1] vicodec vicodec.0: Device 'stateful-decoder' registered as /dev/video1
[   25.626517][    T1] vicodec vicodec.0: Device 'stateless-decoder' registered as /dev/video2
[   25.645979][    T1] vim2m vim2m.0: Device registered as /dev/video0
[   25.675976][    T1] vivid-000: using single planar format API
[   25.693021][    T1] vivid-000: CEC adapter cec0 registered for HDMI input 0
[   25.706465][    T1] vivid-000: V4L2 capture device registered as video7
[   25.721456][    T1] vivid-000: CEC adapter cec1 registered for HDMI output 0
[   25.731675][    T1] vivid-000: V4L2 output device registered as video8
[   25.744966][    T1] vivid-000: V4L2 capture device registered as vbi0, supports raw and sliced VBI
[   25.759277][    T1] vivid-000: V4L2 output device registered as vbi1, supports raw and sliced VBI
[   25.765573][    T1] vivid-000: V4L2 capture device registered as swradio0
[   25.769050][    T1] vivid-000: V4L2 receiver device registered as radio0
[   25.777244][    T1] vivid-000: V4L2 transmitter device registered as radio1
[   25.785465][    T1] vivid-000: V4L2 metadata capture device registered as video9
[   25.793045][    T1] vivid-000: V4L2 metadata output device registered as video10
[   25.796872][    T1] vivid-000: V4L2 touch capture device registered as v4l-touch0
[   25.810327][    T1] usbcore: registered new interface driver radioshark2
[   25.821131][    T1] usbcore: registered new interface driver radioshark
[   25.823734][    T1] usbcore: registered new interface driver radio-si470x
[   25.826318][    T1] usbcore: registered new interface driver radio-usb-si4713
[   25.829783][    T1] usbcore: registered new interface driver dsbr100
[   25.834697][    T1] usbcore: registered new interface driver radio-keene
[   25.839761][    T1] usbcore: registered new interface driver radio-ma901
[   25.847423][    T1] usbcore: registered new interface driver radio-mr800
[   25.854216][    T1] usbcore: registered new interface driver radio-raremono
[   25.860618][    T1] usbcore: registered new interface driver pcwd_usb
[   25.865705][    T1] device-mapper: core: CONFIG_IMA_DISABLE_HTABLE is disabled. Duplicate IMA measurements will not be recorded in the IMA log.
[   25.878151][    T1] device-mapper: uevent: version 1.0.3
[   25.883449][    T1] device-mapper: ioctl: 4.47.0-ioctl (2022-07-28) initialised: dm-devel@redhat.com
[   25.899028][    T1] device-mapper: multipath round-robin: version 1.2.0 loaded
[   25.902285][    T1] device-mapper: multipath queue-length: version 0.2.0 loaded
[   25.913638][    T1] device-mapper: multipath service-time: version 0.3.0 loaded
[   25.924789][    T1] device-mapper: raid: Loading target version 1.15.1
[   25.937390][    T1] Bluetooth: HCI UART driver ver 2.3
[   25.949569][    T1] Bluetooth: HCI UART protocol H4 registered
[   25.954971][    T1] Bluetooth: HCI UART protocol BCSP registered
[   25.962073][    T1] Bluetooth: HCI UART protocol LL registered
[   25.967855][    T1] Bluetooth: HCI UART protocol Three-wire (H5) registered
[   25.974622][    T1] Bluetooth: HCI UART protocol QCA registered
[   25.978182][    T1] Bluetooth: HCI UART protocol AG6XX registered
[   25.984820][    T1] Bluetooth: HCI UART protocol Marvell registered
[   25.993012][    T1] usbcore: registered new interface driver bcm203x
[   26.002733][    T1] usbcore: registered new interface driver bpa10x
[   26.008130][    T1] usbcore: registered new interface driver bfusb
[   26.027189][    T1] usbcore: registered new interface driver btusb
[   26.038251][    T1] usbcore: registered new interface driver ath3k
[   26.042963][    T1] CAPI 2.0 started up with major 68 (middleware)
[   26.045878][    T1] Modular ISDN core version 1.1.29
[   26.052626][    T1] NET: Registered PF_ISDN protocol family
[   26.054704][    T1] DSP module 2.0
[   26.055947][    T1] mISDN_dsp: DSP clocks every 80 samples. This equals 1 jiffies.
[   26.080518][    T1] mISDN: Layer-1-over-IP driver Rev. 2.00
[   26.083681][    T1] 0 virtual devices registered
[   26.090760][    T1] usbcore: registered new interface driver HFC-S_USB
[   26.101395][    T1] intel_pstate: CPU model not supported
[   26.104499][    T1] VUB300 Driver rom wait states = 1C irqpoll timeout = 0400
[   26.113351][    T1] usbcore: registered new interface driver vub300
[   26.120937][    T1] usbcore: registered new interface driver ushc
[   26.140747][    T1] iscsi: registered transport (iser)
[   26.154922][    T1] SoftiWARP attached
[   26.184661][    T1] hid: raw HID events driver (C) Jiri Kosina
[   26.247208][    T1] usbcore: registered new interface driver usbhid
[   26.258880][    T1] usbhid: USB HID core driver
[   26.270360][    T1] usbcore: registered new interface driver es2_ap_driver
[   26.275714][    T1] comedi: version 0.7.76 - http://www.comedi.org
[   26.281633][    T1] usbcore: registered new interface driver dt9812
[   26.284813][    T1] usbcore: registered new interface driver ni6501
[   26.289906][    T1] usbcore: registered new interface driver usbdux
[   26.295592][    T1] usbcore: registered new interface driver usbduxfast
[   26.299271][    T1] usbcore: registered new interface driver usbduxsigma
[   26.303618][    T1] usbcore: registered new interface driver vmk80xx
[   26.307135][    T1] usbcore: registered new interface driver prism2_usb
[   26.311709][    T1] usbcore: registered new interface driver r8712u
[   26.317568][    T1] greybus: registered new driver hid
[   26.326647][    T1] greybus: registered new driver gbphy
[   26.335296][    T1] gb_gbphy: registered new driver usb
[   26.342270][    T1] asus_wmi: ASUS WMI generic driver loaded
[   26.422345][    T1] usbcore: registered new interface driver snd-usb-audio
[   26.428091][    T1] usbcore: registered new interface driver snd-ua101
[   26.433455][    T1] usbcore: registered new interface driver snd-usb-usx2y
[   26.436536][    T1] usbcore: registered new interface driver snd-usb-us122l
[   26.441497][    T1] usbcore: registered new interface driver snd-usb-caiaq
[   26.448396][    T1] usbcore: registered new interface driver snd-usb-6fire
[   26.456475][    T1] usbcore: registered new interface driver snd-usb-hiface
[   26.462677][    T1] usbcore: registered new interface driver snd-bcd2000
[   26.467606][    T1] usbcore: registered new interface driver snd_usb_pod
[   26.481605][    T1] usbcore: registered new interface driver snd_usb_podhd
[   26.484618][    T1] usbcore: registered new interface driver snd_usb_toneport
[   26.496856][    T1] usbcore: registered new interface driver snd_usb_variax
[   26.501904][    T1] drop_monitor: Initializing network drop monitor service
[   26.508025][    T1] NET: Registered PF_LLC protocol family
[   26.511589][    T1] GACT probability on
[   26.513339][    T1] Mirror/redirect action on
[   26.515514][    T1] Simple TC action Loaded
[   26.522394][    T1] netem: version 1.3
[   26.524659][    T1] u32 classifier
[   26.532208][    T1]     Performance counters on
[   26.535696][    T1]     input device check on
[   26.537341][    T1]     Actions configured
[   26.560714][    T1] xt_time: kernel timezone is -0000
[   26.563694][    T1] IPVS: Registered protocols (TCP, UDP, SCTP, AH, ESP)
[   26.572689][    T1] IPVS: Connection hash table configured (size=4096, memory=32Kbytes)
[   26.586411][    T1] IPVS: ipvs loaded.
[   26.590839][    T1] IPVS: [rr] scheduler registered.
[   26.594395][    T1] IPVS: [wrr] scheduler registered.
[   26.600735][    T1] IPVS: [lc] scheduler registered.
[   26.608389][    T1] IPVS: [wlc] scheduler registered.
[   26.614197][    T1] IPVS: [fo] scheduler registered.
[   26.615325][    T1] IPVS: [ovf] scheduler registered.
[   26.617016][    T1] IPVS: [lblc] scheduler registered.
[   26.618111][    T1] IPVS: [lblcr] scheduler registered.
[   26.619242][    T1] IPVS: [dh] scheduler registered.
[   26.620250][    T1] IPVS: [sh] scheduler registered.
[   26.623849][    T1] IPVS: [mh] scheduler registered.
[   26.628202][    T1] IPVS: [sed] scheduler registered.
[   26.630611][    T1] IPVS: [nq] scheduler registered.
[   26.631638][    T1] IPVS: [twos] scheduler registered.
[   26.633685][    T1] IPVS: [sip] pe registered.
[   26.634874][    T1] ipip: IPv4 and MPLS over IPv4 tunneling driver
[   26.638526][    T1] gre: GRE over IPv4 demultiplexor driver
[   26.645618][    T1] ip_gre: GRE over IPv4 tunneling driver
[   26.659968][    T1] IPv4 over IPsec tunneling driver
[   26.667241][    T1] ipt_CLUSTERIP: ClusterIP Version 0.8 loaded successfully
[   26.674080][    T1] Initializing XFRM netlink socket
[   26.675872][    T1] IPsec XFRM device driver
[   26.683735][    T1] NET: Registered PF_INET6 protocol family
[   26.711280][    T1] Segment Routing with IPv6
[   26.717699][    T1] RPL Segment Routing with IPv6
[   26.720847][    T1] In-situ OAM (IOAM) with IPv6
[   26.723355][    T1] mip6: Mobile IPv6
[   26.727289][    T1] sit: IPv6, IPv4 and MPLS over IPv4 tunneling driver
[   26.736584][    T1] ip6_gre: GRE over IPv6 tunneling driver
[   26.742162][    T1] NET: Registered PF_PACKET protocol family
[   26.744865][    T1] NET: Registered PF_KEY protocol family
[   26.753300][    T1] Bridge firewalling registered
[   26.758420][    T1] NET: Registered PF_X25 protocol family
[   26.765033][    T1] X25: Linux Version 0.2
[   26.779790][    T1] NET: Registered PF_NETROM protocol family
[   26.804843][    T1] NET: Registered PF_ROSE protocol family
[   26.810377][    T1] NET: Registered PF_AX25 protocol family
[   26.812324][    T1] can: controller area network core
[   26.814392][    T1] NET: Registered PF_CAN protocol family
[   26.817718][    T1] can: raw protocol
[   26.826855][    T1] can: broadcast manager protocol
[   26.830911][    T1] can: netlink gateway - max_hops=1
[   26.834473][    T1] can: SAE J1939
[   26.840763][    T1] can: isotp protocol
[   26.847606][    T1] Bluetooth: RFCOMM TTY layer initialized
[   26.851507][    T1] Bluetooth: RFCOMM socket layer initialized
[   26.853737][    T1] Bluetooth: RFCOMM ver 1.11
[   26.857885][    T1] Bluetooth: BNEP (Ethernet Emulation) ver 1.3
[   26.861305][    T1] Bluetooth: BNEP filters: protocol multicast
[   26.867961][    T1] Bluetooth: BNEP socket layer initialized
[   26.871355][    T1] Bluetooth: CMTP (CAPI Emulation) ver 1.0
[   26.875692][    T1] Bluetooth: CMTP socket layer initialized
