bash: warning: setlocale: LC_ALL: cannot change locale (en_US.UTF-8)
c[?7l[2J[0mSeaBIOS (version 1.16.2-debian-1.16.2-1)
Booting from ROM...
c[?7l[2Jearly console in extract_kernel
input_data: 0x00000000148352a3
input_len: 0x0000000005fb0ca0
output: 0x0000000001000000
output_len: 0x00000000124f7c90
kernel_total_size: 0x0000000019826000
needed_size: 0x0000000019a00000
trampoline_32bit: 0x0000000000000000

Decompressing Linux... Parsing ELF... done.
Booting the kernel (entry_offset: 0x0000000000000108).
[    0.000000][    T0] Linux version 6.13.0-rc3-geabcdba3ad40-dirty (root@buildkitsandbox) (gcc (Debian 12.2.0-14+deb12u1) 12.2.0, GNU ld (GNU Binutils for Debian) 2.40) #1 SMP PREEMPT_DYNAMIC Sun May 24 08:08:56 UTC 2026
[    0.000000][    T0] Command line: console=ttyS0 oops=panic panic=86400 nokaslr earlyprintk=serial rdinit=/init
[    0.000000][    T0] KERNEL supported cpus:
[    0.000000][    T0]   Intel GenuineIntel
[    0.000000][    T0]   AMD AuthenticAMD
[    0.000000][    T0] BIOS-provided physical RAM map:
[    0.000000][    T0] BIOS-e820: [mem 0x0000000000000000-0x000000000009fbff] usable
[    0.000000][    T0] BIOS-e820: [mem 0x000000000009fc00-0x000000000009ffff] reserved
[    0.000000][    T0] BIOS-e820: [mem 0x00000000000f0000-0x00000000000fffff] reserved
[    0.000000][    T0] BIOS-e820: [mem 0x0000000000100000-0x000000007ffdffff] usable
[    0.000000][    T0] BIOS-e820: [mem 0x000000007ffe0000-0x000000007fffffff] reserved
[    0.000000][    T0] BIOS-e820: [mem 0x00000000feffc000-0x00000000feffffff] reserved
[    0.000000][    T0] BIOS-e820: [mem 0x00000000fffc0000-0x00000000ffffffff] reserved
[    0.000000][    T0] BIOS-e820: [mem 0x000000fd00000000-0x000000ffffffffff] reserved
[    0.000000][    T0] printk: legacy bootconsole [earlyser0] enabled
[    0.000000][    T0] NX (Execute Disable) protection: active
[    0.000000][    T0] APIC: Static calls initialized
[    0.000000][    T0] SMBIOS 2.8 present.
[    0.000000][    T0] DMI: QEMU Standard PC (i440FX + PIIX, 1996), BIOS 1.16.2-debian-1.16.2-1 04/01/2014
[    0.000000][    T0] DMI: Memory slots populated: 1/1
[    0.000000][    T0] Hypervisor detected: KVM
[    0.000000][    T0] kvm-clock: Using msrs 4b564d01 and 4b564d00
[    0.000003][    T0] kvm-clock: using sched offset of 4029779443 cycles
[    0.000812][    T0] clocksource: kvm-clock: mask: 0xffffffffffffffff max_cycles: 0x1cd42e4dffb, max_idle_ns: 881590591483 ns
[    0.003149][    T0] tsc: Detected 3493.436 MHz processor
[    0.013724][    T0] last_pfn = 0x7ffe0 max_arch_pfn = 0x400000000
[    0.014605][    T0] MTRR map: 4 entries (3 fixed + 1 variable; max 19), built from 8 variable MTRRs
[    0.015804][    T0] x86/PAT: Configuration [0-7]: WB  WC  UC- UC  WB  WP  UC- WT  
[    0.020724][    T0] found SMP MP-table at [mem 0x000f5ba0-0x000f5baf]
[    0.021614][    T0] Using GB pages for direct mapping
[    0.025250][    T0] RAMDISK: [mem 0x7fe87000-0x7ffdffff]
[    0.025966][    T0] ACPI: Early table checksum verification disabled
[    0.026814][    T0] ACPI: RSDP 0x00000000000F59D0 000014 (v00 BOCHS )
[    0.027700][    T0] ACPI: RSDT 0x000000007FFE1B33 000034 (v01 BOCHS  BXPC     00000001 BXPC 00000001)
[    0.028956][    T0] ACPI: FACP 0x000000007FFE19DF 000074 (v01 BOCHS  BXPC     00000001 BXPC 00000001)
[    0.030202][    T0] ACPI: DSDT 0x000000007FFE0040 00199F (v01 BOCHS  BXPC     00000001 BXPC 00000001)
[    0.031448][    T0] ACPI: FACS 0x000000007FFE0000 000040
[    0.032171][    T0] ACPI: APIC 0x000000007FFE1A53 000080 (v01 BOCHS  BXPC     00000001 BXPC 00000001)
[    0.033426][    T0] ACPI: HPET 0x000000007FFE1AD3 000038 (v01 BOCHS  BXPC     00000001 BXPC 00000001)
[    0.034666][    T0] ACPI: WAET 0x000000007FFE1B0B 000028 (v01 BOCHS  BXPC     00000001 BXPC 00000001)
[    0.035913][    T0] ACPI: Reserving FACP table memory at [mem 0x7ffe19df-0x7ffe1a52]
[    0.037010][    T0] ACPI: Reserving DSDT table memory at [mem 0x7ffe0040-0x7ffe19de]
[    0.038041][    T0] ACPI: Reserving FACS table memory at [mem 0x7ffe0000-0x7ffe003f]
[    0.039080][    T0] ACPI: Reserving APIC table memory at [mem 0x7ffe1a53-0x7ffe1ad2]
[    0.040109][    T0] ACPI: Reserving HPET table memory at [mem 0x7ffe1ad3-0x7ffe1b0a]
[    0.041146][    T0] ACPI: Reserving WAET table memory at [mem 0x7ffe1b0b-0x7ffe1b32]
[    0.043244][    T0] No NUMA configuration found
[    0.043852][    T0] Faking a node at [mem 0x0000000000000000-0x000000007ffdffff]
[    0.044845][    T0] NODE_DATA(0) allocated [mem 0x7fe81340-0x7fe86dff]
[    0.101343][    T0] Zone ranges:
[    0.101844][    T0]   DMA      [mem 0x0000000000001000-0x0000000000ffffff]
[    0.102743][    T0]   DMA32    [mem 0x0000000001000000-0x000000007ffdffff]
[    0.103637][    T0]   Normal   empty
[    0.104112][    T0]   Device   empty
[    0.104585][    T0] Movable zone start for each node
[    0.105235][    T0] Early memory node ranges
[    0.105782][    T0]   node   0: [mem 0x0000000000001000-0x000000000009efff]
[    0.106672][    T0]   node   0: [mem 0x0000000000100000-0x000000007ffdffff]
[    0.107581][    T0] Initmem setup node 0 [mem 0x0000000000001000-0x000000007ffdffff]
[    0.108603][    T0] On node 0, zone DMA: 1 pages in unavailable ranges
[    0.109691][    T0] On node 0, zone DMA: 97 pages in unavailable ranges
[    0.136561][    T0] On node 0, zone DMA32: 32 pages in unavailable ranges
[    0.781372][    T0] kasan: KernelAddressSanitizer initialized
[    0.782550][    T0] ACPI: PM-Timer IO Port: 0x608
[    0.783269][    T0] ACPI: LAPIC_NMI (acpi_id[0xff] dfl dfl lint[0x1])
[    0.784258][    T0] IOAPIC[0]: apic_id 0, version 17, address 0xfec00000, GSI 0-23
[    0.785368][    T0] ACPI: INT_SRC_OVR (bus 0 bus_irq 0 global_irq 2 dfl dfl)
[    0.786394][    T0] ACPI: INT_SRC_OVR (bus 0 bus_irq 5 global_irq 5 high level)
[    0.787459][    T0] ACPI: INT_SRC_OVR (bus 0 bus_irq 9 global_irq 9 high level)
[    0.788529][    T0] ACPI: INT_SRC_OVR (bus 0 bus_irq 10 global_irq 10 high level)
[    0.789681][    T0] ACPI: INT_SRC_OVR (bus 0 bus_irq 11 global_irq 11 high level)
[    0.790806][    T0] ACPI: Using ACPI (MADT) for SMP configuration information
[    0.791876][    T0] ACPI: HPET id: 0x8086a201 base: 0xfed00000
[    0.792751][    T0] TSC deadline timer available
[    0.793452][    T0] CPU topo: Max. logical packages:   1
[    0.794231][    T0] CPU topo: Max. logical dies:       1
[    0.795012][    T0] CPU topo: Max. dies per package:   1
[    0.795818][    T0] CPU topo: Max. threads per core:   1
[    0.796595][    T0] CPU topo: Num. cores per package:     2
[    0.797422][    T0] CPU topo: Num. threads per package:   2
[    0.798262][    T0] CPU topo: Allowing 2 present CPUs plus 0 hotplug CPUs
[    0.799321][    T0] kvm-guest: APIC: eoi() replaced with kvm_guest_apic_eoi_write()
[    0.800482][    T0] kvm-guest: KVM setup pv remote TLB flush
[    0.801334][    T0] kvm-guest: setup PV sched yield
[    0.802108][    T0] PM: hibernation: Registered nosave memory: [mem 0x00000000-0x00000fff]
[    0.803336][    T0] PM: hibernation: Registered nosave memory: [mem 0x0009f000-0x0009ffff]
[    0.804522][    T0] PM: hibernation: Registered nosave memory: [mem 0x000a0000-0x000effff]
[    0.805724][    T0] PM: hibernation: Registered nosave memory: [mem 0x000f0000-0x000fffff]
[    0.806945][    T0] [mem 0x80000000-0xfeffbfff] available for PCI devices
[    0.807944][    T0] Booting paravirtualized kernel on KVM
[    0.808763][    T0] clocksource: refined-jiffies: mask: 0xffffffff max_cycles: 0xffffffff, max_idle_ns: 19112604462750000 ns
[    0.858803][    T0] setup_percpu: NR_CPUS:8 nr_cpumask_bits:2 nr_cpu_ids:2 nr_node_ids:1
[    0.860343][    T0] percpu: Embedded 74 pages/cpu s265288 r8192 d29624 u1048576
[    0.861605][    T0] kvm-guest: PV spinlocks enabled
[    0.862373][    T0] PV qspinlock hash table entries: 256 (order: 0, 4096 bytes, linear)
[    0.863615][    T0] Kernel command line: console=ttyS0 oops=panic panic=86400 nokaslr earlyprintk=serial rdinit=/init
[    0.865715][    T0] random: crng init done
[    0.866354][    T0] printk: log buffer data + meta data: 262144 + 917504 = 1179648 bytes
[    0.867741][    T0] Dentry cache hash table entries: 262144 (order: 9, 2097152 bytes, linear)
[    0.869267][    T0] Inode-cache hash table entries: 131072 (order: 8, 1048576 bytes, linear)
[    0.870724][    T0] Fallback order for Node 0: 0 
[    0.870737][    T0] Built 1 zonelists, mobility grouping on.  Total pages: 524158
[    0.872627][    T0] Policy zone: DMA32
[    0.873502][    T0] mem auto-init: stack:all(zero), heap alloc:on, heap free:off
[    0.874636][    T0] stackdepot: allocating hash table via alloc_large_system_hash
[    0.875823][    T0] stackdepot hash table entries: 1048576 (order: 12, 16777216 bytes, linear)
[    1.033099][    T0] SLUB: HWalign=64, Order=0-3, MinObjects=0, CPUs=2, Nodes=1
[    1.038416][    T0] allocated 4194304 bytes of page_ext
[    1.039825][    T0] Dynamic Preempt: full
[    1.041818][    T0] Running RCU self tests
[    1.042468][    T0] Running RCU synchronous self tests
[    1.043289][    T0] rcu: Preemptible hierarchical RCU implementation.
[    1.044288][    T0] rcu: 	RCU lockdep checking is enabled.
[    1.045148][    T0] rcu: 	RCU restricting CPUs from NR_CPUS=8 to nr_cpu_ids=2.
[    1.046275][    T0] rcu: 	RCU callback double-/use-after-free debug is enabled.
[    1.047402][    T0] rcu: 	RCU debug extended QS entry/exit.
[    1.048270][    T0] 	Trampoline variant of Tasks RCU enabled.
[    1.049160][    T0] 	Tracing variant of Tasks RCU enabled.
[    1.050016][    T0] rcu: RCU calculated value of scheduler-enlistment delay is 10 jiffies.
[    1.051301][    T0] rcu: Adjusting geometry for rcu_fanout_leaf=16, nr_cpu_ids=2
[    1.052522][    T0] Running RCU synchronous self tests
[    1.053335][    T0] RCU Tasks: Setting shift to 1 and lim to 1 rcu_task_cb_adjust=1 rcu_task_cpu_ids=2.
[    1.054799][    T0] RCU Tasks Trace: Setting shift to 1 and lim to 1 rcu_task_cb_adjust=1 rcu_task_cpu_ids=2.
[    1.153621][    T0] NR_IRQS: 4352, nr_irqs: 440, preallocated irqs: 16
[    1.155233][    T0] rcu: srcu_init: Setting srcu_struct sizes based on contention.
[    1.156727][    T0] kfence: initialized - using 2097152 bytes for 255 objects at 0x(____ptrval____)-0x(____ptrval____)
[    1.166464][    T0] Console: colour VGA+ 80x25
[    1.167236][    T0] printk: legacy console [ttyS0] enabled
[    1.167236][    T0] printk: legacy console [ttyS0] enabled
[    1.168928][    T0] printk: legacy bootconsole [earlyser0] disabled
[    1.168928][    T0] printk: legacy bootconsole [earlyser0] disabled
[    1.170872][    T0] Lock dependency validator: Copyright (c) 2006 Red Hat, Inc., Ingo Molnar
[    1.172174][    T0] ... MAX_LOCKDEP_SUBCLASSES:  8
[    1.172930][    T0] ... MAX_LOCK_DEPTH:          48
[    1.173694][    T0] ... MAX_LOCKDEP_KEYS:        8192
[    1.174482][    T0] ... CLASSHASH_SIZE:          4096
[    1.175273][    T0] ... MAX_LOCKDEP_ENTRIES:     1048576
[    1.176114][    T0] ... MAX_LOCKDEP_CHAINS:      1048576
[    1.176957][    T0] ... CHAINHASH_SIZE:          524288
[    1.177766][    T0]  memory used by lock dependency info: 106625 kB
[    1.178741][    T0]  memory used for stack traces: 8320 kB
[    1.179598][    T0]  per task-struct memory footprint: 1920 bytes
[    1.180620][    T0] ACPI: Core revision 20240827
[    1.181719][    T0] clocksource: hpet: mask: 0xffffffff max_cycles: 0xffffffff, max_idle_ns: 19112604467 ns
[    1.183434][    T0] APIC: Switch to symmetric I/O mode setup
[    1.184498][    T0] x2apic enabled
[    1.185517][    T0] APIC: Switched APIC routing to: physical x2apic
[    1.186500][    T0] kvm-guest: APIC: send_IPI_mask() replaced with kvm_send_ipi_mask()
[    1.187732][    T0] kvm-guest: APIC: send_IPI_mask_allbutself() replaced with kvm_send_ipi_mask_allbutself()
[    1.189245][    T0] kvm-guest: setup PV IPIs
[    1.191296][    T0] ..TIMER: vector=0x30 apic1=0 pin1=2 apic2=-1 pin2=-1
[    1.192327][    T0] clocksource: tsc-early: mask: 0xffffffffffffffff max_cycles: 0x325b186289d, max_idle_ns: 440795326624 ns
[    1.194115][    T0] Calibrating delay loop (skipped) preset value.. 6986.87 BogoMIPS (lpj=34934360)
[    1.195548][    T0] x86/cpu: User Mode Instruction Prevention (UMIP) activated
[    1.196782][    T0] Last level iTLB entries: 4KB 512, 2MB 255, 4MB 127
[    1.197574][    T0] Last level dTLB entries: 4KB 512, 2MB 255, 4MB 127, 1GB 0
[    1.198434][    T0] Spectre V1 : Mitigation: usercopy/swapgs barriers and __user pointer sanitization
[    1.199524][    T0] Spectre V2 : Mitigation: Retpolines
[    1.200148][    T0] Spectre V2 : Spectre v2 / SpectreRSB mitigation: Filling RSB on context switch
[    1.201203][    T0] Spectre V2 : Spectre v2 / SpectreRSB : Filling RSB on VMEXIT
[    1.202070][    T0] Spectre V2 : Enabling Speculation Barrier for firmware calls
[    1.202948][    T0] RETBleed: Mitigation: untrained return thunk
[    1.204114][    T0] Spectre V2 : mitigation: Enabling conditional Indirect Branch Prediction Barrier
[    1.205205][    T0] Speculative Store Bypass: Mitigation: Speculative Store Bypass disabled via prctl
[    1.206287][    T0] Speculative Return Stack Overflow: IBPB-extending microcode not applied!
[    1.207276][    T0] Speculative Return Stack Overflow: WARNING: See https://kernel.org/doc/html/latest/admin-guide/hw-vuln/srso.html for mitigation options.
[    1.207283][    T0] Speculative Return Stack Overflow: Vulnerable: Safe RET, no microcode
[    1.209887][    T0] x86/fpu: Supporting XSAVE feature 0x001: 'x87 floating point registers'
[    1.210857][    T0] x86/fpu: Supporting XSAVE feature 0x002: 'SSE registers'
[    1.211693][    T0] x86/fpu: Supporting XSAVE feature 0x004: 'AVX registers'
[    1.212523][    T0] x86/fpu: xstate_offset[2]:  576, xstate_sizes[2]:  256
[    1.213338][    T0] x86/fpu: Enabled xstate features 0x7, context size is 832 bytes, using 'compacted' format.
[    1.538220][    T0] Freeing SMP alternatives memory: 124K
[    1.538939][    T0] pid_max: default: 32768 minimum: 301
[    1.539914][    T0] LSM: initializing lsm=lockdown,capability,landlock,yama,safesetid,tomoyo,apparmor,bpf,ima,evm
[    1.541977][    T0] landlock: Up and running.
[    1.542523][    T0] Yama: becoming mindful.
[    1.543582][    T0] TOMOYO Linux initialized
[    1.545399][    T0] AppArmor: AppArmor initialized
[    1.549150][    T0] LSM support for eBPF active
[    1.550484][    T0] Mount-cache hash table entries: 4096 (order: 3, 32768 bytes, linear)
[    1.551485][    T0] Mountpoint-cache hash table entries: 4096 (order: 3, 32768 bytes, linear)
[    1.556438][    T0] Running RCU synchronous self tests
[    1.557080][    T0] Running RCU synchronous self tests
[    1.558479][    T1] smpboot: CPU0: AMD Ryzen Threadripper PRO 3975WX 32-Cores (family: 0x17, model: 0x31, stepping: 0x0)
[    1.565010][    T1] Running RCU Tasks wait API self tests
[    1.674653][    T1] Running RCU Tasks Trace wait API self tests
[    1.675551][    T1] Performance Events: Fam17h+ core perfctr, AMD PMU driver.
[    1.676676][    T1] ... version:                0
[    1.677278][    T1] ... bit width:              48
[    1.677882][    T1] ... generic registers:      6
[    1.678475][    T1] ... value mask:             0000ffffffffffff
[    1.679211][    T1] ... max period:             00007fffffffffff
[    1.679945][    T1] ... fixed-purpose events:   0
[    1.680530][    T1] ... event mask:             000000000000003f
[    1.682620][    T1] signal: max sigframe size: 1776
[    1.683699][    T1] rcu: Hierarchical SRCU implementation.
[    1.684117][    T1] rcu: 	Max phase no-delay instances is 1000.
[    1.685649][    T1] Timer migration: 1 hierarchy levels; 8 children per group; 1 crossnode level
[    1.694304][   T15] Callback from call_rcu_tasks_trace() invoked.
[    1.769032][    T1] smp: Bringing up secondary CPUs ...
[    1.771813][    T1] smpboot: x86: Booting SMP configuration:
[    1.772713][    T1] .... node  #0, CPUs:      #1
[    1.774218][    T1] smp: Brought up 1 node, 2 CPUs
[    1.774967][    T1] smpboot: Total of 2 processors activated (13973.74 BogoMIPS)
[    1.777210][    T1] Memory: 1296248K/2096632K available (167936K kernel code, 40898K rwdata, 38828K rodata, 26576K init, 119844K bss, 789484K reserved, 0K cma-reserved)
[    1.781058][    T1] devtmpfs: initialized
[    1.784986][    T1] x86/mm: Memory block size: 128MB
[    1.816247][    T1] Running RCU synchronous self tests
[    1.817098][    T1] Running RCU synchronous self tests
[    1.818001][    T1] clocksource: jiffies: mask: 0xffffffff max_cycles: 0xffffffff, max_idle_ns: 19112604462750000 ns
[    1.818001][    T1] futex hash table entries: 512 (order: 4, 65536 bytes, linear)
[    1.827135][    T1] PM: RTC time: 18:00:23, date: 2026-05-24
[    1.833650][    T1] NET: Registered PF_NETLINK/PF_ROUTE protocol family
[    1.833650][    T1] audit: initializing netlink subsys (disabled)
[    1.845367][   T29] audit: type=2000 audit(1779645624.004:1): state=initialized audit_enabled=0 res=1
[    1.847315][    T1] thermal_sys: Registered thermal governor 'step_wise'
[    1.847338][    T1] thermal_sys: Registered thermal governor 'user_space'
[    1.848386][    T1] cpuidle: using governor menu
[    1.848386][    T1] NET: Registered PF_QIPCRTR protocol family
[    1.848386][    T1] dca service started, version 1.12.1
[    1.848386][    T1] PCI: Using configuration type 1 for base access
[    1.848386][    T1] PCI: Using configuration type 1 for extended access
[    1.855850][    T1] HugeTLB: registered 1.00 GiB page size, pre-allocated 0 pages
[    1.857005][    T1] HugeTLB: 16380 KiB vmemmap can be freed for a 1.00 GiB page
[    1.864171][    T1] HugeTLB: registered 2.00 MiB page size, pre-allocated 0 pages
[    1.865291][    T1] HugeTLB: 28 KiB vmemmap can be freed for a 2.00 MiB page
[    1.891342][    T1] cryptd: max_cpu_qlen set to 1000
[    1.894333][   T14] Callback from call_rcu_tasks() invoked.
[    1.905529][    T1] raid6: skipped pq benchmark and selected avx2x4
[    1.914124][    T1] raid6: using avx2x2 recovery algorithm
[    1.916503][    T1] ACPI: Added _OSI(Module Device)
[    1.917257][    T1] ACPI: Added _OSI(Processor Device)
[    1.918047][    T1] ACPI: Added _OSI(3.0 _SCP Extensions)
[    1.918866][    T1] ACPI: Added _OSI(Processor Aggregator Device)
[    1.970031][    T1] ACPI: 1 ACPI AML tables successfully acquired and loaded
[    2.003479][    T1] ACPI: Interpreter enabled
[    2.005123][    T1] ACPI: PM: (supports S0 S3 S4 S5)
[    2.005928][    T1] ACPI: Using IOAPIC for interrupt routing
[    2.007053][    T1] PCI: Using host bridge windows from ACPI; if necessary, use "pci=nocrs" and report a bug
[    2.008516][    T1] PCI: Using E820 reservations for host bridge windows
[    2.013090][    T1] ACPI: Enabled 2 GPEs in block 00 to 0F
[    2.129872][    T1] ACPI: PCI Root Bridge [PCI0] (domain 0000 [bus 00-ff])
[    2.131035][    T1] acpi PNP0A03:00: _OSC: OS supports [ExtendedConfig ASPM ClockPM Segments MSI HPX-Type3]
[    2.136345][    T1] PCI host bridge to bus 0000:00
[    2.137278][    T1] pci_bus 0000:00: root bus resource [io  0x0000-0x0cf7 window]
[    2.138435][    T1] pci_bus 0000:00: root bus resource [io  0x0d00-0xffff window]
[    2.139577][    T1] pci_bus 0000:00: root bus resource [mem 0x000a0000-0x000bffff window]
[    2.140815][    T1] pci_bus 0000:00: root bus resource [mem 0x80000000-0xfebfffff window]
[    2.142101][    T1] pci_bus 0000:00: root bus resource [mem 0x100000000-0x17fffffff window]
[    2.143376][    T1] pci_bus 0000:00: root bus resource [bus 00-ff]
[    2.144589][    T1] pci 0000:00:00.0: [8086:1237] type 00 class 0x060000 conventional PCI endpoint
[    2.177674][    T1] pci 0000:00:01.0: [8086:7000] type 00 class 0x060100 conventional PCI endpoint
[    2.210316][    T1] pci 0000:00:01.1: [8086:7010] type 00 class 0x010180 conventional PCI endpoint
[    2.213231][    T1] pci 0000:00:01.1: BAR 4 [io  0xc000-0xc00f]
[    2.215040][    T1] pci 0000:00:01.1: BAR 0 [io  0x01f0-0x01f7]: legacy IDE quirk
[    2.216183][    T1] pci 0000:00:01.1: BAR 1 [io  0x03f6]: legacy IDE quirk
[    2.217241][    T1] pci 0000:00:01.1: BAR 2 [io  0x0170-0x0177]: legacy IDE quirk
[    2.218374][    T1] pci 0000:00:01.1: BAR 3 [io  0x0376]: legacy IDE quirk
[    2.220607][    T1] pci 0000:00:01.3: [8086:7113] type 00 class 0x068000 conventional PCI endpoint
[    2.222727][    T1] pci 0000:00:01.3: quirk: [io  0x0600-0x063f] claimed by PIIX4 ACPI
[    2.223947][    T1] pci 0000:00:01.3: quirk: [io  0x0700-0x070f] claimed by PIIX4 SMB
[    2.225791][    T1] pci 0000:00:02.0: [1234:1111] type 00 class 0x030000 conventional PCI endpoint
[    2.232315][    T1] pci 0000:00:02.0: BAR 0 [mem 0xfd000000-0xfdffffff pref]
[    2.234932][    T1] pci 0000:00:02.0: BAR 2 [mem 0xfebf0000-0xfebf0fff]
[    2.239508][    T1] pci 0000:00:02.0: ROM [mem 0xfebe0000-0xfebeffff pref]
[    2.240846][    T1] pci 0000:00:02.0: Video device with shadowed ROM at [mem 0x000c0000-0x000dffff]
[    2.282744][    T1] ACPI: PCI: Interrupt link LNKA configured for IRQ 10
[    2.286954][    T1] ACPI: PCI: Interrupt link LNKB configured for IRQ 10
[    2.291016][    T1] ACPI: PCI: Interrupt link LNKC configured for IRQ 11
[    2.295079][    T1] ACPI: PCI: Interrupt link LNKD configured for IRQ 11
[    2.297357][    T1] ACPI: PCI: Interrupt link LNKS configured for IRQ 9
[    2.324171][    T1] iommu: Default domain type: Translated
[    2.325036][    T1] iommu: DMA domain TLB invalidation policy: lazy mode
[    2.329842][    T1] SCSI subsystem initialized
[    2.332174][    T1] ACPI: bus type USB registered
[    2.333360][    T1] usbcore: registered new interface driver usbfs
[    2.334862][    T1] usbcore: registered new interface driver hub
[    2.335976][    T1] usbcore: registered new device driver usb
[    2.338397][    T1] mc: Linux media interface: v0.10
[    2.339342][    T1] videodev: Linux video capture interface: v2.00
[    2.340905][    T1] pps_core: LinuxPPS API ver. 1 registered
[    2.341777][    T1] pps_core: Software ver. 5.3.6 - Copyright 2005-2007 Rodolfo Giometti <giometti@linux.it>
[    2.343333][    T1] PTP clock support registered
[    2.364673][    T1] EDAC MC: Ver: 3.0.0
[    2.386871][    T1] Advanced Linux Sound Architecture Driver Initialized.
[    2.392530][    T1] Bluetooth: Core ver 2.22
[    2.393267][    T1] NET: Registered PF_BLUETOOTH protocol family
[    2.394061][    T1] Bluetooth: HCI device and connection manager initialized
[    2.394164][    T1] Bluetooth: HCI socket layer initialized
[    2.394919][    T1] Bluetooth: L2CAP socket layer initialized
[    2.395769][    T1] Bluetooth: SCO socket layer initialized
[    2.396618][    T1] NET: Registered PF_ATMPVC protocol family
[    2.397423][    T1] NET: Registered PF_ATMSVC protocol family
[    2.398456][    T1] NetLabel: Initializing
[    2.399042][    T1] NetLabel:  domain hash size = 128
[    2.399762][    T1] NetLabel:  protocols = UNLABELED CIPSOv4 CALIPSO
[    2.401015][    T1] NetLabel:  unlabeled traffic allowed by default
[    2.402579][    T1] nfc: nfc_init: NFC Core ver 0.1
[    2.404470][    T1] NET: Registered PF_NFC protocol family
[    2.405393][    T1] PCI: Using ACPI for IRQ routing
[    2.406727][    T1] pci 0000:00:02.0: vgaarb: setting as boot VGA device
[    2.406727][    T1] pci 0000:00:02.0: vgaarb: bridge control possible
[    2.406727][    T1] pci 0000:00:02.0: vgaarb: VGA device added: decodes=io+mem,owns=io+mem,locks=none
[    2.407322][    T1] vgaarb: loaded
[    2.409211][    T1] hpet0: at MMIO 0xfed00000, IRQs 2, 8, 0
[    2.410023][    T1] hpet0: 3 comparators, 64-bit 100.000000 MHz counter
[    2.419794][    T1] clocksource: Switched to clocksource kvm-clock
[    2.424100][    T1] VFS: Disk quotas dquot_6.6.0
[    2.424100][    T1] VFS: Dquot-cache hash table entries: 512 (order 0, 4096 bytes)
[    2.426472][    T1] netfs: FS-Cache loaded
[    2.428165][    T1] CacheFiles: Loaded
[    2.429200][    T1] TOMOYO: 2.6.0
[    2.429688][    T1] Mandatory Access Control activated.
[    2.433650][    T1] AppArmor: AppArmor Filesystem Enabled
[    2.434869][    T1] pnp: PnP ACPI init
[    2.446030][    T1] pnp: PnP ACPI: found 6 devices
[    2.548634][    T1] clocksource: acpi_pm: mask: 0xffffff max_cycles: 0xffffff, max_idle_ns: 2085701024 ns
[    2.550534][    T1] NET: Registered PF_INET protocol family
[    2.552609][    T1] IP idents hash table entries: 32768 (order: 6, 262144 bytes, linear)
[    2.557429][    T1] tcp_listen_portaddr_hash hash table entries: 1024 (order: 4, 73728 bytes, linear)
[    2.558735][    T1] Table-perturb hash table entries: 65536 (order: 6, 262144 bytes, linear)
[    2.559893][    T1] TCP established hash table entries: 16384 (order: 5, 131072 bytes, linear)
[    2.570743][    T1] TCP bind hash table entries: 16384 (order: 9, 2359296 bytes, linear)
[    2.574031][    T1] TCP: Hash tables configured (established 16384 bind 16384)
[    2.576192][    T1] MPTCP token hash table entries: 2048 (order: 5, 180224 bytes, linear)
[    2.577636][    T1] UDP hash table entries: 1024 (order: 6, 262144 bytes, linear)
[    2.579022][    T1] UDP-Lite hash table entries: 1024 (order: 6, 262144 bytes, linear)
[    2.581114][    T1] NET: Registered PF_UNIX/PF_LOCAL protocol family
[    2.594211][    T1] RPC: Registered named UNIX socket transport module.
[    2.595148][    T1] RPC: Registered udp transport module.
[    2.595839][    T1] RPC: Registered tcp transport module.
[    2.596675][    T1] RPC: Registered tcp-with-tls transport module.
[    2.597630][    T1] RPC: Registered tcp NFSv4.1 backchannel transport module.
[    2.612834][    T1] NET: Registered PF_XDP protocol family
[    2.614011][    T1] pci_bus 0000:00: resource 4 [io  0x0000-0x0cf7 window]
[    2.615108][    T1] pci_bus 0000:00: resource 5 [io  0x0d00-0xffff window]
[    2.616187][    T1] pci_bus 0000:00: resource 6 [mem 0x000a0000-0x000bffff window]
[    2.617368][    T1] pci_bus 0000:00: resource 7 [mem 0x80000000-0xfebfffff window]
[    2.618608][    T1] pci_bus 0000:00: resource 8 [mem 0x100000000-0x17fffffff window]
[    2.620867][    T1] pci 0000:00:01.0: PIIX3: Enabling Passive Release
[    2.621876][    T1] pci 0000:00:00.0: Limiting direct PCI/PCI transfers
[    2.623138][    T1] PCI: CLS 0 bytes, default 64
[    2.629980][   T12] Trying to unpack rootfs image as initramfs...
[    2.637875][    T1] ACPI: bus type thunderbolt registered
[    2.640139][    T1] kvm_intel: VMX not supported by CPU 0
[    2.641263][    T1] kvm_amd: Nested Virtualization enabled
[    2.642124][    T1] kvm_amd: Nested Paging enabled
[    2.684187][    T1] clocksource: tsc: mask: 0xffffffffffffffff max_cycles: 0x325b186289d, max_idle_ns: 440795326624 ns
[    2.693809][    T1] AES CTR mode by8 optimization enabled
[    3.022429][   T12] Freeing initrd memory: 1380K
[    3.024018][   T69] kworker/u8:4 (69) used greatest stack depth: 28608 bytes left
[    3.025019][   T66] kworker/u8:4 (66) used greatest stack depth: 28416 bytes left
[    3.029879][   T77] kworker/u8:4 (77) used greatest stack depth: 28016 bytes left
[   14.264643][    T1] Initialise system trusted keyrings
[   14.266997][   T82] kworker/u8:2 (82) used greatest stack depth: 27536 bytes left
[   14.267226][    T1] workingset: timestamp_bits=40 max_order=19 bucket_order=0
[   14.273865][    T1] DLM installed
[   14.277112][    T1] squashfs: version 4.0 (2009/01/31) Phillip Lougher
[   14.281894][    T1] NFS: Registering the id_resolver key type
[   14.282789][    T1] Key type id_resolver registered
[   14.283473][    T1] Key type id_legacy registered
[   14.284218][    T1] nfs4filelayout_init: NFSv4 File Layout Driver Registering...
[   14.285273][    T1] nfs4flexfilelayout_init: NFSv4 Flexfile Layout Driver Registering...
[   14.294576][    T1] Key type cifs.spnego registered
[   14.295472][    T1] Key type cifs.idmap registered
[   14.298798][    T1] ntfs3: Enabled Linux POSIX ACLs support
[   14.299548][    T1] ntfs3: Read-only LZX/Xpress compression included
[   14.300556][    T1] efs: 1.0a - http://aeschi.ch.eu.org/efs/
[   14.301357][    T1] jffs2: version 2.2. (NAND) (SUMMARY)  © 2001-2006 Red Hat, Inc.
[   14.303429][    T1] romfs: ROMFS MTD (C) 2007 Red Hat, Inc.
[   14.304274][    T1] QNX4 filesystem 0.2.3 registered.
[   14.305005][    T1] qnx6: QNX6 filesystem 1.0.0 registered.
[   14.306406][    T1] fuse: init (API version 7.41)
[   14.309120][    T1] orangefs_debugfs_init: called with debug mask: :none: :0:
[   14.310830][    T1] orangefs_init: module version upstream loaded
[   14.312078][    T1] JFS: nTxBlock = 8192, nTxLock = 65536
[   14.326095][    T1] SGI XFS with ACLs, security attributes, realtime, quota, no debug enabled
[   14.330184][    T1] 9p: Installing v9fs 9p2000 file system support
[   14.331308][    T1] NILFS version 2 loaded
[   14.331835][    T1] befs: version: 0.9.3
[   14.332944][    T1] ocfs2: Registered cluster interface o2cb
[   14.334250][    T1] ocfs2: Registered cluster interface user
[   14.335464][    T1] OCFS2 User DLM kernel interface loaded
[   14.347740][    T1] gfs2: GFS2 installed
[   14.356007][    T1] ceph: loaded (mds proto 32)
[   14.399472][    T1] NET: Registered PF_ALG protocol family
[   14.400383][    T1] xor: automatically using best checksumming function   avx       
[   14.401396][    T1] async_tx: api initialized (async)
[   14.402076][    T1] Key type asymmetric registered
[   14.402727][    T1] Asymmetric key parser 'x509' registered
[   14.403486][    T1] Asymmetric key parser 'pkcs8' registered
[   14.404230][    T1] Key type pkcs7_test registered
[   14.405215][    T1] Block layer SCSI generic (bsg) driver version 0.4 loaded (major 238)
[   14.407059][    T1] io scheduler mq-deadline registered
[   14.407938][    T1] io scheduler kyber registered
[   14.408814][    T1] io scheduler bfq registered
[   14.415463][    T1] input: Power Button as /devices/LNXSYSTM:00/LNXPWRBN:00/input/input0
[   14.422968][    T1] ACPI: button: Power Button [PWRF]
[   14.440520][    T1] ioatdma: Intel(R) QuickData Technology Driver 5.00
[   14.571484][  T381] kworker/u8:0 (381) used greatest stack depth: 27472 bytes left
[   14.772650][    T1] N_HDLC line discipline registered with maxframe=4096
[   14.773729][    T1] Serial: 8250/16550 driver, 4 ports, IRQ sharing enabled
[   14.778819][    T1] 00:04: ttyS0 at I/O 0x3f8 (irq = 4, base_baud = 115200) is a 16550A
[   14.800773][  T725] kworker/u8:2 (725) used greatest stack depth: 27248 bytes left
[   14.805151][    T1] Non-volatile memory driver v1.3
[   14.806054][    T1] Linux agpgart interface v0.103
[   14.809046][    T1] usbcore: registered new interface driver xillyusb
[   14.812657][    T1] ACPI: bus type drm_connector registered
[   14.817586][    T1] [drm] Initialized vgem 1.0.0 for vgem on minor 0
[   14.824882][    T1] [drm] Initialized vkms 1.0.0 for vkms on minor 1
[   14.899876][    T1] Console: switching to colour frame buffer device 128x48
[   14.917575][    T1] platform vkms: [drm] fb0: vkmsdrmfb frame buffer device
[   14.919393][    T1] usbcore: registered new interface driver udl
[   14.921068][    T1] bochs-drm 0000:00:02.0: vgaarb: deactivate vga console
[   14.930656][    T1] [drm] Found bochs VGA, ID 0xb0c5.
[   14.932265][    T1] [drm] Framebuffer size 16384 kB @ 0xfd000000, mmio @ 0xfebf0000.
[   14.940752][    T1] [drm] Initialized bochs-drm 1.0.0 for 0000:00:02.0 on minor 2
[   14.982776][    T1] fbcon: bochs-drmdrmfb (fb1) is primary device
[   14.982805][    T1] fbcon: Remapping primary device, fb1, to tty 1-63
[   16.671646][    T1] bochs-drm 0000:00:02.0: [drm] fb1: bochs-drmdrmfb frame buffer device
[   16.673785][    T1] usbcore: registered new interface driver gm12u320
[   16.676422][    T1] usbcore: registered new interface driver gud
[   16.733337][    T1] brd: module loaded
[   16.808560][    T1] loop: module loaded
[   16.888456][  T877] kworker/u8:2 (877) used greatest stack depth: 26736 bytes left
[   16.935992][    T1] zram: Added device: zram0
[   16.945970][    T1] null_blk: disk nullb0 created
[   16.946643][    T1] null_blk: module loaded
[   16.947891][    T1] Guest personality initialized and is inactive
[   16.949911][    T1] VMCI host device registered (name=vmci, major=10, minor=118)
[   16.950872][    T1] Initialized host personality
[   16.951611][    T1] usbcore: registered new interface driver rtsx_usb
[   16.954563][    T1] usbcore: registered new interface driver viperboard
[   16.955677][    T1] usbcore: registered new interface driver dln2
[   16.956892][    T1] usbcore: registered new interface driver pn533_usb
[   16.962987][    T1] nfcsim 0.2 initialized
[   16.964196][    T1] usbcore: registered new interface driver port100
[   16.965825][    T1] usbcore: registered new interface driver nfcmrvl
[   16.974653][    T1] Loading iSCSI transport class v2.0-870.
[   16.982523][    T1] st: Version 20160209, fixed bufsize 32768, s/g segs 256
[   17.021487][    T1] scsi host0: ata_piix
[   17.025310][    T1] scsi host1: ata_piix
[   17.027388][    T1] ata1: PATA max MWDMA2 cmd 0x1f0 ctl 0x3f6 bmdma 0xc000 irq 14 lpm-pol 0
[   17.028533][    T1] ata2: PATA max MWDMA2 cmd 0x170 ctl 0x376 bmdma 0xc008 irq 15 lpm-pol 0
[   17.034052][    T1] Rounding down aligned max_sectors from 4294967295 to 4294967288
[   17.035531][    T1] db_root: cannot open: /etc/target
[   17.037026][    T1] slram: not enough parameters.
[   17.041729][    T1] ftl_cs: FTL header not found.
[   17.073630][    T1] wireguard: WireGuard 1.0.0 loaded. See www.wireguard.com for information.
[   17.078175][    T1] wireguard: Copyright (C) 2015-2019 Jason A. Donenfeld <Jason@zx2c4.com>. All Rights Reserved.
[   17.079430][    T1] eql: Equalizer2002: Simon Janes (simon@ncm.com) and David S. Miller (davem@redhat.com)
[   17.088625][    T1] MACsec IEEE 802.1AE
[   17.104595][    T1] usbcore: registered new interface driver mvusb_mdio
[   17.107393][    T1] tun: Universal TUN/TAP device driver, 1.6
[   17.112362][    T1] vcan: Virtual CAN interface driver
[   17.113088][    T1] vxcan: Virtual CAN Tunnel driver
[   17.113752][    T1] slcan: serial line CAN interface driver
[   17.114487][    T1] CAN device driver interface
[   17.115243][    T1] usbcore: registered new interface driver usb_8dev
[   17.116202][    T1] usbcore: registered new interface driver ems_usb
[   17.119083][    T1] usbcore: registered new interface driver esd_usb
[   17.120051][    T1] usbcore: registered new interface driver etas_es58x
[   17.121026][    T1] usbcore: registered new interface driver f81604
[   17.121950][    T1] usbcore: registered new interface driver gs_usb
[   17.123403][    T1] usbcore: registered new interface driver kvaser_usb
[   17.124382][    T1] usbcore: registered new interface driver mcba_usb
[   17.125367][    T1] usbcore: registered new interface driver peak_usb
[   17.126337][    T1] usbcore: registered new interface driver ucan
[   17.127437][    T1] e100: Intel(R) PRO/100 Network Driver
[   17.130785][    T1] e100: Copyright(c) 1999-2006 Intel Corporation
[   17.132362][    T1] e1000: Intel(R) PRO/1000 Network Driver
[   17.133075][    T1] e1000: Copyright (c) 1999-2006 Intel Corporation.
[   17.134096][    T1] e1000e: Intel(R) PRO/1000 Network Driver
[   17.134820][    T1] e1000e: Copyright(c) 1999 - 2015 Intel Corporation.
[   17.146533][    T1] mkiss: AX.25 Multikiss, Hans Albas PE1AYX
[   17.147508][    T1] AX.25: bpqether driver version 004
[   17.148334][    T1] PPP generic driver version 2.4.2
[   17.149783][    T1] PPP BSD Compression module registered
[   17.150474][    T1] PPP Deflate Compression module registered
[   17.151238][    T1] PPP MPPE Compression module registered
[   17.151923][    T1] NET: Registered PF_PPPOX protocol family
[   17.152683][    T1] PPTP driver version 0.8.5
[   17.153786][    T1] SLIP: version 0.8.4-NET3.019-NEWTTY (dynamic channels, max=256) (6 bit encapsulation enabled).
[   17.155046][    T1] CSLIP: code copyright 1989 Regents of the University of California.
[   17.156025][    T1] SLIP linefill/keepalive option.
[   17.156642][    T1] hdlc: HDLC support module revision 1.22
[   17.157367][    T1] LAPB Ethernet driver version 0.02
[   17.158675][    T1] usbcore: registered new interface driver ath9k_htc
[   17.159645][    T1] usbcore: registered new interface driver carl9170
[   17.160603][    T1] usbcore: registered new interface driver ath6kl_usb
[   17.161576][    T1] usbcore: registered new interface driver ar5523
[   17.162697][    T1] usbcore: registered new interface driver ath10k_usb
[   17.163691][    T1] usbcore: registered new interface driver plfxlc
[   17.164721][    T1] mac80211_hwsim: initializing netlink
[   17.188045][ T1004] ata2: found unknown device (class 0)
[   17.191308][    T1] usbcore: registered new interface driver atusb
[   17.193242][ T1004] ata2.00: ATAPI: QEMU DVD-ROM, 2.5+, max UDMA/100
[   17.197177][   T42] scsi 1:0:0:0: CD-ROM            QEMU     QEMU DVD-ROM     2.5+ PQ: 0 ANSI: 5
[   17.222329][    T1] mac802154_hwsim mac802154_hwsim: Added 2 mac802154 hwsim hardware radios
[   17.224463][    T1] VMware vmxnet3 virtual NIC driver - version 1.9.0.0-k-NAPI
[   17.225717][    T1] usbcore: registered new interface driver catc
[   17.226638][    T1] usbcore: registered new interface driver kaweth
[   17.227427][    T1] pegasus: Pegasus/Pegasus II USB Ethernet driver
[   17.228451][    T1] usbcore: registered new interface driver pegasus
[   17.229413][    T1] usbcore: registered new interface driver rtl8150
[   17.230345][    T1] usbcore: registered new device driver r8152-cfgselector
[   17.231388][    T1] usbcore: registered new interface driver r8152
[   17.233577][    T1] usbcore: registered new interface driver hso
[   17.234734][    T1] usbcore: registered new interface driver lan78xx
[   17.235910][    T1] usbcore: registered new interface driver asix
[   17.237118][    T1] usbcore: registered new interface driver ax88179_178a
[   17.238405][    T1] usbcore: registered new interface driver cdc_ether
[   17.239624][    T1] usbcore: registered new interface driver cdc_eem
[   17.240796][    T1] usbcore: registered new interface driver dm9601
[   17.241965][    T1] usbcore: registered new interface driver sr9700
[   17.243147][    T1] usbcore: registered new interface driver CoreChips
[   17.244423][    T1] usbcore: registered new interface driver smsc75xx
[   17.245612][    T1] usbcore: registered new interface driver smsc95xx
[   17.246811][    T1] usbcore: registered new interface driver gl620a
[   17.248066][    T1] usbcore: registered new interface driver net1080
[   17.249414][    T1] usbcore: registered new interface driver plusb
[   17.250450][    T1] usbcore: registered new interface driver rndis_host
[   17.251456][    T1] usbcore: registered new interface driver cdc_subset
[   17.252438][    T1] usbcore: registered new interface driver zaurus
[   17.254346][    T1] usbcore: registered new interface driver MOSCHIP usb-ethernet driver
[   17.255745][    T1] usbcore: registered new interface driver int51x1
[   17.256941][    T1] usbcore: registered new interface driver cdc_phonet
[   17.258047][    T1] usbcore: registered new interface driver kalmia
[   17.258981][    T1] usbcore: registered new interface driver ipheth
[   17.259884][    T1] usbcore: registered new interface driver sierra_net
[   17.260846][    T1] usbcore: registered new interface driver cx82310_eth
[   17.261828][    T1] usbcore: registered new interface driver cdc_ncm
[   17.262779][    T1] usbcore: registered new interface driver huawei_cdc_ncm
[   17.263788][    T1] usbcore: registered new interface driver lg-vl600
[   17.264745][    T1] usbcore: registered new interface driver qmi_wwan
[   17.265714][    T1] usbcore: registered new interface driver cdc_mbim
[   17.266669][    T1] usbcore: registered new interface driver ch9200
[   17.267609][    T1] usbcore: registered new interface driver aqc111
[   17.268651][    T1] usbcore: registered new interface driver r8153_ecm
[   17.278795][   T42] sr 1:0:0:0: [sr0] scsi3-mmc drive: 4x/4x cd/rw xa/form2 tray
[   17.279786][   T42] cdrom: Uniform CD-ROM driver Revision: 3.20
[   17.296980][    T1] VFIO - User Level meta-driver version: 0.3
[   17.306461][    T1] aoe: AoE v85 initialised.
[   17.319932][    T1] SPI driver max3421-hcd has no spi_device_id for maxim,max3421
[   17.321343][    T1] usbcore: registered new interface driver cdc_acm
[   17.322196][    T1] cdc_acm: USB Abstract Control Model driver for USB modems and ISDN adapters
[   17.323753][    T1] usbcore: registered new interface driver usblp
[   17.324682][    T1] usbcore: registered new interface driver cdc_wdm
[   17.325617][    T1] usbcore: registered new interface driver usbtmc
[   17.329222][    T1] usbcore: registered new interface driver uas
[   17.330153][    T1] usbcore: registered new interface driver usb-storage
[   17.331109][    T1] usbcore: registered new interface driver ums-alauda
[   17.332052][    T1] usbcore: registered new interface driver ums-cypress
[   17.333020][    T1] usbcore: registered new interface driver ums-datafab
[   17.333981][    T1] usbcore: registered new interface driver ums_eneub6250
[   17.334053][   T42] sr 1:0:0:0: Attached scsi generic sg0 type 5
[   17.334959][    T1] usbcore: registered new interface driver ums-freecom
[   17.336723][    T1] usbcore: registered new interface driver ums-isd200
[   17.337790][    T1] usbcore: registered new interface driver ums-jumpshot
[   17.338782][    T1] usbcore: registered new interface driver ums-karma
[   17.340187][    T1] usbcore: registered new interface driver ums-onetouch
[   17.341175][    T1] usbcore: registered new interface driver ums-realtek
[   17.342218][    T1] usbcore: registered new interface driver ums-sddr09
[   17.343587][    T1] usbcore: registered new interface driver ums-sddr55
[   17.344541][    T1] usbcore: registered new interface driver ums-usbat
[   17.345573][    T1] usbcore: registered new interface driver mdc800
[   17.346358][    T1] mdc800: v0.7.5 (30/10/2000):USB Driver for Mustek MDC800 Digital Camera
[   17.347538][    T1] usbcore: registered new interface driver microtekX6
[   17.350356][    T1] usbcore: registered new interface driver usbserial_generic
[   17.351605][    T1] usbserial: USB Serial support registered for generic
[   17.352631][    T1] usbcore: registered new interface driver aircable
[   17.353582][    T1] usbserial: USB Serial support registered for aircable
[   17.354554][    T1] usbcore: registered new interface driver ark3116
[   17.355467][    T1] usbserial: USB Serial support registered for ark3116
[   17.356427][    T1] usbcore: registered new interface driver belkin_sa
[   17.357367][    T1] usbserial: USB Serial support registered for Belkin / Peracom / GoHubs USB Serial Adapter
[   17.358785][    T1] usbcore: registered new interface driver ch341
[   17.359664][    T1] usbserial: USB Serial support registered for ch341-uart
[   17.360652][    T1] usbcore: registered new interface driver cp210x
[   17.361547][    T1] usbserial: USB Serial support registered for cp210x
[   17.362518][    T1] usbcore: registered new interface driver cyberjack
[   17.363452][    T1] usbserial: USB Serial support registered for Reiner SCT Cyberjack USB card reader
[   17.365191][    T1] usbcore: registered new interface driver cypress_m8
[   17.366374][    T1] usbserial: USB Serial support registered for DeLorme Earthmate USB
[   17.367925][    T1] usbserial: USB Serial support registered for HID->COM RS232 Adapter
[   17.369035][    T1] usbserial: USB Serial support registered for Nokia CA-42 V2 Adapter
[   17.370185][    T1] usbcore: registered new interface driver usb_debug
[   17.371123][    T1] usbserial: USB Serial support registered for debug
[   17.372049][    T1] usbserial: USB Serial support registered for xhci_dbc
[   17.373605][    T1] usbcore: registered new interface driver digi_acceleport
[   17.374618][    T1] usbserial: USB Serial support registered for Digi 2 port USB adapter
[   17.375731][    T1] usbserial: USB Serial support registered for Digi 4 port USB adapter
[   17.376871][    T1] usbcore: registered new interface driver io_edgeport
[   17.378010][    T1] usbserial: USB Serial support registered for Edgeport 2 port adapter
[   17.379143][    T1] usbserial: USB Serial support registered for Edgeport 4 port adapter
[   17.380382][    T1] usbserial: USB Serial support registered for Edgeport 8 port adapter
[   17.381497][    T1] usbserial: USB Serial support registered for EPiC device
[   17.382527][    T1] usbcore: registered new interface driver io_ti
[   17.383427][    T1] usbserial: USB Serial support registered for Edgeport TI 1 port adapter
[   17.384573][    T1] usbserial: USB Serial support registered for Edgeport TI 2 port adapter
[   17.385787][    T1] usbcore: registered new interface driver empeg
[   17.386689][    T1] usbserial: USB Serial support registered for empeg
[   17.387922][    T1] usbcore: registered new interface driver f81534a_ctrl
[   17.388920][    T1] usbcore: registered new interface driver f81232
[   17.389838][    T1] usbserial: USB Serial support registered for f81232
[   17.390789][    T1] usbserial: USB Serial support registered for f81534a
[   17.391752][    T1] usbcore: registered new interface driver f81534
[   17.392648][    T1] usbserial: USB Serial support registered for Fintek F81532/F81534
[   17.393742][    T1] usbcore: registered new interface driver ftdi_sio
[   17.394690][    T1] usbserial: USB Serial support registered for FTDI USB Serial Device
[   17.395806][    T1] usbcore: registered new interface driver garmin_gps
[   17.396750][    T1] usbserial: USB Serial support registered for Garmin GPS usb/tty
[   17.398374][    T1] usbcore: registered new interface driver ipaq
[   17.399274][    T1] usbserial: USB Serial support registered for PocketPC PDA
[   17.400303][    T1] usbcore: registered new interface driver ipw
[   17.401178][    T1] usbserial: USB Serial support registered for IPWireless converter
[   17.402288][    T1] usbcore: registered new interface driver ir_usb
[   17.403206][    T1] usbserial: USB Serial support registered for IR Dongle
[   17.404193][    T1] usbcore: registered new interface driver iuu_phoenix
[   17.405146][    T1] usbserial: USB Serial support registered for iuu_phoenix
[   17.406151][    T1] usbcore: registered new interface driver keyspan
[   17.407084][    T1] usbserial: USB Serial support registered for Keyspan - (without firmware)
[   17.408349][    T1] usbserial: USB Serial support registered for Keyspan 1 port adapter
[   17.409465][    T1] usbserial: USB Serial support registered for Keyspan 2 port adapter
[   17.410588][    T1] usbserial: USB Serial support registered for Keyspan 4 port adapter
[   17.411874][    T1] usbcore: registered new interface driver keyspan_pda
[   17.413883][    T1] usbserial: USB Serial support registered for Keyspan PDA
[   17.415444][    T1] usbserial: USB Serial support registered for Keyspan PDA - (prerenumeration)
[   17.418222][    T1] usbcore: registered new interface driver kl5kusb105
[   17.419407][    T1] usbserial: USB Serial support registered for KL5KUSB105D / PalmConnect
[   17.420840][    T1] usbcore: registered new interface driver kobil_sct
[   17.422018][    T1] usbserial: USB Serial support registered for KOBIL USB smart card terminal
[   17.423524][    T1] usbcore: registered new interface driver mct_u232
[   17.424721][    T1] usbserial: USB Serial support registered for MCT U232
[   17.425970][    T1] usbcore: registered new interface driver metro_usb
[   17.427171][    T1] usbserial: USB Serial support registered for Metrologic USB to Serial
[   17.430096][    T1] usbcore: registered new interface driver mos7720
[   17.431251][    T1] usbserial: USB Serial support registered for Moschip 2 port adapter
[   17.432680][    T1] usbcore: registered new interface driver mos7840
[   17.433839][    T1] usbserial: USB Serial support registered for Moschip 7840/7820 USB Serial Driver
[   17.435434][    T1] usbcore: registered new interface driver mxuport
[   17.436407][    T1] usbserial: USB Serial support registered for MOXA UPort
[   17.437413][    T1] usbcore: registered new interface driver navman
[   17.438385][    T1] usbserial: USB Serial support registered for navman
[   17.439371][    T1] usbcore: registered new interface driver omninet
[   17.440284][    T1] usbserial: USB Serial support registered for ZyXEL - omni.net usb
[   17.441417][    T1] usbcore: registered new interface driver opticon
[   17.442334][    T1] usbserial: USB Serial support registered for opticon
[   17.443325][    T1] usbcore: registered new interface driver option
[   17.444227][    T1] usbserial: USB Serial support registered for GSM modem (1-port)
[   17.445311][    T1] usbcore: registered new interface driver oti6858
[   17.446219][    T1] usbserial: USB Serial support registered for oti6858
[   17.447212][    T1] usbcore: registered new interface driver pl2303
[   17.448539][    T1] usbserial: USB Serial support registered for pl2303
[   17.449754][    T1] usbcore: registered new interface driver qcaux
[   17.450911][    T1] usbserial: USB Serial support registered for qcaux
[   17.452115][    T1] usbcore: registered new interface driver qcserial
[   17.453270][    T1] usbserial: USB Serial support registered for Qualcomm USB modem
[   17.454654][    T1] usbcore: registered new interface driver quatech2
[   17.455808][    T1] usbserial: USB Serial support registered for Quatech 2nd gen USB to Serial Driver
[   17.457313][    T1] usbcore: registered new interface driver safe_serial
[   17.458580][    T1] usbserial: USB Serial support registered for safe_serial
[   17.459856][    T1] usbcore: registered new interface driver sierra
[   17.461076][    T1] usbserial: USB Serial support registered for Sierra USB modem
[   17.462398][    T1] usbcore: registered new interface driver usb_serial_simple
[   17.463657][    T1] usbserial: USB Serial support registered for carelink
[   17.464843][    T1] usbserial: USB Serial support registered for flashloader
[   17.466060][    T1] usbserial: USB Serial support registered for funsoft
[   17.467275][    T1] usbserial: USB Serial support registered for google
[   17.468353][    T1] usbserial: USB Serial support registered for hp4x
[   17.469292][    T1] usbserial: USB Serial support registered for kaufmann
[   17.470288][    T1] usbserial: USB Serial support registered for libtransistor
[   17.471318][    T1] usbserial: USB Serial support registered for moto_modem
[   17.472315][    T1] usbserial: USB Serial support registered for motorola_tetra
[   17.473346][    T1] usbserial: USB Serial support registered for nokia
[   17.474314][    T1] usbserial: USB Serial support registered for novatel_gps
[   17.475408][    T1] usbserial: USB Serial support registered for siemens_mpi
[   17.476422][    T1] usbserial: USB Serial support registered for suunto
[   17.477362][    T1] usbserial: USB Serial support registered for vivopay
[   17.478372][    T1] usbserial: USB Serial support registered for zio
[   17.479480][    T1] usbcore: registered new interface driver spcp8x5
[   17.480411][    T1] usbserial: USB Serial support registered for SPCP8x5
[   17.481391][    T1] usbcore: registered new interface driver ssu100
[   17.482296][    T1] usbserial: USB Serial support registered for Quatech SSU-100 USB to Serial Driver
[   17.483641][    T1] usbcore: registered new interface driver symbolserial
[   17.484615][    T1] usbserial: USB Serial support registered for symbol
[   17.485583][    T1] usbcore: registered new interface driver ti_usb_3410_5052
[   17.486627][    T1] usbserial: USB Serial support registered for TI USB 3410 1 port adapter
[   17.487834][    T1] usbserial: USB Serial support registered for TI USB 5052 2 port adapter
[   17.489016][    T1] usbcore: registered new interface driver upd78f0730
[   17.489966][    T1] usbserial: USB Serial support registered for upd78f0730
[   17.491010][    T1] usbcore: registered new interface driver visor
[   17.491921][    T1] usbserial: USB Serial support registered for Handspring Visor / Palm OS
[   17.493104][    T1] usbserial: USB Serial support registered for Sony Clie 5.0
[   17.494141][    T1] usbserial: USB Serial support registered for Sony Clie 3.5
[   17.495221][    T1] usbcore: registered new interface driver wishbone_serial
[   17.496243][    T1] usbserial: USB Serial support registered for wishbone_serial
[   17.497338][    T1] usbcore: registered new interface driver whiteheat
[   17.500011][    T1] usbserial: USB Serial support registered for Connect Tech - WhiteHEAT - (prerenumeration)
[   17.501480][    T1] usbserial: USB Serial support registered for Connect Tech - WhiteHEAT
[   17.502731][    T1] usbcore: registered new interface driver xr_serial
[   17.503689][    T1] usbserial: USB Serial support registered for xr_serial
[   17.504731][    T1] usbcore: registered new interface driver xsens_mt
[   17.505691][    T1] usbserial: USB Serial support registered for xsens_mt
[   17.506742][    T1] usbcore: registered new interface driver adutux
[   17.507802][    T1] usbcore: registered new interface driver appledisplay
[   17.508847][    T1] usbcore: registered new interface driver cypress_cy7c63
[   17.509915][    T1] usbcore: registered new interface driver cytherm
[   17.510905][    T1] usbcore: registered new interface driver emi26 - firmware loader
[   17.512043][    T1] usbcore: registered new interface driver emi62 - firmware loader
[   17.513184][    T1] usbcore: registered new device driver apple-mfi-fastcharge
[   17.514290][    T1] usbcore: registered new interface driver ljca
[   17.515235][    T1] usbcore: registered new interface driver idmouse
[   17.516213][    T1] usbcore: registered new interface driver iowarrior
[   17.517225][    T1] usbcore: registered new interface driver isight_firmware
[   17.518683][    T1] usbcore: registered new interface driver usblcd
[   17.519652][    T1] usbcore: registered new interface driver ldusb
[   17.520589][    T1] usbcore: registered new interface driver legousbtower
[   17.521606][    T1] usbcore: registered new interface driver usbtest
[   17.522597][    T1] usbcore: registered new interface driver usb_ehset_test
[   17.523684][    T1] usbcore: registered new interface driver trancevibrator
[   17.524831][    T1] usbcore: registered new interface driver uss720
[   17.525699][    T1] uss720: USB Parport Cable driver for Cables using the Lucent Technologies USS720 Chip
[   17.526897][    T1] uss720: NOTE: this is a special purpose driver to allow nonstandard
[   17.527957][    T1] uss720: protocols (eg. bitbang) over USS720 usb to parallel cables
[   17.528972][    T1] uss720: If you just want to connect to a printer, use usblp instead
[   17.530152][    T1] usbcore: registered new interface driver usbsevseg
[   17.531187][    T1] usbcore: registered new interface driver yurex
[   17.533538][    T1] usbcore: registered new interface driver chaoskey
[   17.534535][    T1] usbcore: registered new interface driver sisusb
[   17.535502][    T1] usbcore: registered new interface driver lvs
[   17.536435][    T1] usbcore: registered new interface driver cxacru
[   17.537398][    T1] usbcore: registered new interface driver speedtch
[   17.538478][    T1] usbcore: registered new interface driver ueagle-atm
[   17.539334][    T1] xusbatm: malformed module parameters
[   17.543608][    T1] dummy_hcd dummy_hcd.0: USB Host+Gadget Emulator, driver 02 May 2005
[   17.544690][    T1] dummy_hcd dummy_hcd.0: Dummy host controller
[   17.547055][    T1] dummy_hcd dummy_hcd.0: new USB bus registered, assigned bus number 1
[   17.549944][    T1] usb usb1: New USB device found, idVendor=1d6b, idProduct=0002, bcdDevice= 6.13
[   17.551195][    T1] usb usb1: New USB device strings: Mfr=3, Product=2, SerialNumber=1
[   17.552195][    T1] usb usb1: Product: Dummy host controller
[   17.552919][    T1] usb usb1: Manufacturer: Linux 6.13.0-rc3-geabcdba3ad40-dirty dummy_hcd
[   17.553950][    T1] usb usb1: SerialNumber: dummy_hcd.0
[   17.561594][    T1] hub 1-0:1.0: USB hub found
[   17.562636][    T1] hub 1-0:1.0: 1 port detected
[   17.572038][    T1] SPI driver max3420-udc has no spi_device_id for maxim,max3421-udc
[   17.573524][    T1] gadgetfs: USB Gadget filesystem, version 24 Aug 2004
[   17.577257][    T1] vhci_hcd vhci_hcd.0: USB/IP Virtual Host Controller
[   17.583392][    T1] vhci_hcd vhci_hcd.0: new USB bus registered, assigned bus number 2
[   17.584958][    T1] vhci_hcd: created sysfs vhci_hcd.0
[   17.586628][    T1] usb usb2: New USB device found, idVendor=1d6b, idProduct=0002, bcdDevice= 6.13
[   17.587808][    T1] usb usb2: New USB device strings: Mfr=3, Product=2, SerialNumber=1
[   17.588807][    T1] usb usb2: Product: USB/IP Virtual Host Controller
[   17.589628][    T1] usb usb2: Manufacturer: Linux 6.13.0-rc3-geabcdba3ad40-dirty vhci_hcd
[   17.590952][    T1] usb usb2: SerialNumber: vhci_hcd.0
[   17.594435][    T1] hub 2-0:1.0: USB hub found
[   17.595305][    T1] hub 2-0:1.0: 8 ports detected
[   17.605650][    T1] vhci_hcd vhci_hcd.0: USB/IP Virtual Host Controller
[   17.607479][    T1] vhci_hcd vhci_hcd.0: new USB bus registered, assigned bus number 3
[   17.609840][    T1] usb usb3: We don't know the algorithms for LPM for this host, disabling LPM.
[   17.611798][    T1] usb usb3: New USB device found, idVendor=1d6b, idProduct=0003, bcdDevice= 6.13
[   17.612955][    T1] usb usb3: New USB device strings: Mfr=3, Product=2, SerialNumber=1
[   17.613992][    T1] usb usb3: Product: USB/IP Virtual Host Controller
[   17.614841][    T1] usb usb3: Manufacturer: Linux 6.13.0-rc3-geabcdba3ad40-dirty vhci_hcd
[   17.615883][    T1] usb usb3: SerialNumber: vhci_hcd.0
[   17.619884][    T1] hub 3-0:1.0: USB hub found
[   17.620674][    T1] hub 3-0:1.0: 8 ports detected
[   17.629917][    T1] vhci_hcd vhci_hcd.1: USB/IP Virtual Host Controller
[   17.633695][    T1] vhci_hcd vhci_hcd.1: new USB bus registered, assigned bus number 4
[   17.635656][    T1] usb usb4: New USB device found, idVendor=1d6b, idProduct=0002, bcdDevice= 6.13
[   17.636789][    T1] usb usb4: New USB device strings: Mfr=3, Product=2, SerialNumber=1
[   17.637831][    T1] usb usb4: Product: USB/IP Virtual Host Controller
[   17.638656][    T1] usb usb4: Manufacturer: Linux 6.13.0-rc3-geabcdba3ad40-dirty vhci_hcd
[   17.639687][    T1] usb usb4: SerialNumber: vhci_hcd.1
[   17.643135][    T1] hub 4-0:1.0: USB hub found
[   17.643907][    T1] hub 4-0:1.0: 8 ports detected
[   17.651889][    T1] vhci_hcd vhci_hcd.1: USB/IP Virtual Host Controller
[   17.653946][    T1] vhci_hcd vhci_hcd.1: new USB bus registered, assigned bus number 5
[   17.655336][    T1] usb usb5: We don't know the algorithms for LPM for this host, disabling LPM.
[   17.657224][    T1] usb usb5: New USB device found, idVendor=1d6b, idProduct=0003, bcdDevice= 6.13
[   17.658404][    T1] usb usb5: New USB device strings: Mfr=3, Product=2, SerialNumber=1
[   17.659417][    T1] usb usb5: Product: USB/IP Virtual Host Controller
[   17.660235][    T1] usb usb5: Manufacturer: Linux 6.13.0-rc3-geabcdba3ad40-dirty vhci_hcd
[   17.661259][    T1] usb usb5: SerialNumber: vhci_hcd.1
[   17.664794][    T1] hub 5-0:1.0: USB hub found
[   17.665707][    T1] hub 5-0:1.0: 8 ports detected
[   17.676480][    T1] vhci_hcd vhci_hcd.2: USB/IP Virtual Host Controller
[   17.678554][    T1] vhci_hcd vhci_hcd.2: new USB bus registered, assigned bus number 6
[   17.680717][    T1] usb usb6: New USB device found, idVendor=1d6b, idProduct=0002, bcdDevice= 6.13
[   17.681840][    T1] usb usb6: New USB device strings: Mfr=3, Product=2, SerialNumber=1
[   17.682838][    T1] usb usb6: Product: USB/IP Virtual Host Controller
[   17.683643][    T1] usb usb6: Manufacturer: Linux 6.13.0-rc3-geabcdba3ad40-dirty vhci_hcd
[   17.684658][    T1] usb usb6: SerialNumber: vhci_hcd.2
[   17.688310][    T1] hub 6-0:1.0: USB hub found
[   17.689083][    T1] hub 6-0:1.0: 8 ports detected
[   17.696782][    T1] vhci_hcd vhci_hcd.2: USB/IP Virtual Host Controller
[   17.700000][    T1] vhci_hcd vhci_hcd.2: new USB bus registered, assigned bus number 7
[   17.701363][    T1] usb usb7: We don't know the algorithms for LPM for this host, disabling LPM.
[   17.703239][    T1] usb usb7: New USB device found, idVendor=1d6b, idProduct=0003, bcdDevice= 6.13
[   17.704367][    T1] usb usb7: New USB device strings: Mfr=3, Product=2, SerialNumber=1
[   17.705354][    T1] usb usb7: Product: USB/IP Virtual Host Controller
[   17.706161][    T1] usb usb7: Manufacturer: Linux 6.13.0-rc3-geabcdba3ad40-dirty vhci_hcd
[   17.707194][    T1] usb usb7: SerialNumber: vhci_hcd.2
[   17.710678][    T1] hub 7-0:1.0: USB hub found
[   17.711449][    T1] hub 7-0:1.0: 8 ports detected
[   17.721076][    T1] vhci_hcd vhci_hcd.3: USB/IP Virtual Host Controller
[   17.723812][    T1] vhci_hcd vhci_hcd.3: new USB bus registered, assigned bus number 8
[   17.725752][    T1] usb usb8: New USB device found, idVendor=1d6b, idProduct=0002, bcdDevice= 6.13
[   17.726885][    T1] usb usb8: New USB device strings: Mfr=3, Product=2, SerialNumber=1
[   17.728227][    T1] usb usb8: Product: USB/IP Virtual Host Controller
[   17.729047][    T1] usb usb8: Manufacturer: Linux 6.13.0-rc3-geabcdba3ad40-dirty vhci_hcd
[   17.730070][    T1] usb usb8: SerialNumber: vhci_hcd.3
[   17.733614][    T1] hub 8-0:1.0: USB hub found
[   17.734387][    T1] hub 8-0:1.0: 8 ports detected
[   17.743180][    T1] vhci_hcd vhci_hcd.3: USB/IP Virtual Host Controller
[   17.744883][    T1] vhci_hcd vhci_hcd.3: new USB bus registered, assigned bus number 9
[   17.746270][    T1] usb usb9: We don't know the algorithms for LPM for this host, disabling LPM.
[   17.748226][    T1] usb usb9: New USB device found, idVendor=1d6b, idProduct=0003, bcdDevice= 6.13
[   17.749358][    T1] usb usb9: New USB device strings: Mfr=3, Product=2, SerialNumber=1
[   17.750351][    T1] usb usb9: Product: USB/IP Virtual Host Controller
[   17.751171][    T1] usb usb9: Manufacturer: Linux 6.13.0-rc3-geabcdba3ad40-dirty vhci_hcd
[   17.752188][    T1] usb usb9: SerialNumber: vhci_hcd.3
[   17.755602][    T1] hub 9-0:1.0: USB hub found
[   17.756364][    T1] hub 9-0:1.0: 8 ports detected
[   17.767111][    T1] vhci_hcd vhci_hcd.4: USB/IP Virtual Host Controller
[   17.769588][    T1] vhci_hcd vhci_hcd.4: new USB bus registered, assigned bus number 10
[   17.771533][    T1] usb usb10: New USB device found, idVendor=1d6b, idProduct=0002, bcdDevice= 6.13
[   17.772831][    T1] usb usb10: New USB device strings: Mfr=3, Product=2, SerialNumber=1
[   17.773904][    T1] usb usb10: Product: USB/IP Virtual Host Controller
[   17.774885][    T1] usb usb10: Manufacturer: Linux 6.13.0-rc3-geabcdba3ad40-dirty vhci_hcd
[   17.776086][    T1] usb usb10: SerialNumber: vhci_hcd.4
[   17.781078][    T1] hub 10-0:1.0: USB hub found
[   17.782702][    T1] hub 10-0:1.0: 8 ports detected
[   17.796504][    T1] vhci_hcd vhci_hcd.4: USB/IP Virtual Host Controller
[   17.801490][    T1] vhci_hcd vhci_hcd.4: new USB bus registered, assigned bus number 11
[   17.803126][    T1] usb usb11: We don't know the algorithms for LPM for this host, disabling LPM.
[   17.805184][    T1] usb usb11: New USB device found, idVendor=1d6b, idProduct=0003, bcdDevice= 6.13
[   17.806458][    T1] usb usb11: New USB device strings: Mfr=3, Product=2, SerialNumber=1
[   17.807555][    T1] usb usb11: Product: USB/IP Virtual Host Controller
[   17.808697][    T1] usb usb11: Manufacturer: Linux 6.13.0-rc3-geabcdba3ad40-dirty vhci_hcd
[   17.809842][    T1] usb usb11: SerialNumber: vhci_hcd.4
[   17.813377][    T1] hub 11-0:1.0: USB hub found
[   17.814288][    T1] hub 11-0:1.0: 8 ports detected
[   17.825025][    T1] vhci_hcd vhci_hcd.5: USB/IP Virtual Host Controller
[   17.826925][    T1] vhci_hcd vhci_hcd.5: new USB bus registered, assigned bus number 12
[   17.829106][    T1] usb usb12: New USB device found, idVendor=1d6b, idProduct=0002, bcdDevice= 6.13
[   17.830515][    T1] usb usb12: New USB device strings: Mfr=3, Product=2, SerialNumber=1
[   17.831779][    T1] usb usb12: Product: USB/IP Virtual Host Controller
[   17.832797][    T1] usb usb12: Manufacturer: Linux 6.13.0-rc3-geabcdba3ad40-dirty vhci_hcd
[   17.834055][    T1] usb usb12: SerialNumber: vhci_hcd.5
[   17.838121][    T1] hub 12-0:1.0: USB hub found
[   17.839034][    T1] hub 12-0:1.0: 8 ports detected
[   17.847881][    T1] vhci_hcd vhci_hcd.5: USB/IP Virtual Host Controller
[   17.849699][    T1] vhci_hcd vhci_hcd.5: new USB bus registered, assigned bus number 13
[   17.851312][    T1] usb usb13: We don't know the algorithms for LPM for this host, disabling LPM.
[   17.853465][    T1] usb usb13: New USB device found, idVendor=1d6b, idProduct=0003, bcdDevice= 6.13
[   17.854872][    T1] usb usb13: New USB device strings: Mfr=3, Product=2, SerialNumber=1
[   17.856118][    T1] usb usb13: Product: USB/IP Virtual Host Controller
[   17.857139][    T1] usb usb13: Manufacturer: Linux 6.13.0-rc3-geabcdba3ad40-dirty vhci_hcd
[   17.858461][    T1] usb usb13: SerialNumber: vhci_hcd.5
[   17.862031][    T1] hub 13-0:1.0: USB hub found
[   17.862943][    T1] hub 13-0:1.0: 8 ports detected
[   17.873455][    T1] vhci_hcd vhci_hcd.6: USB/IP Virtual Host Controller
[   17.875343][    T1] vhci_hcd vhci_hcd.6: new USB bus registered, assigned bus number 14
[   17.877511][    T1] usb usb14: New USB device found, idVendor=1d6b, idProduct=0002, bcdDevice= 6.13
[   17.878979][    T1] usb usb14: New USB device strings: Mfr=3, Product=2, SerialNumber=1
[   17.880231][    T1] usb usb14: Product: USB/IP Virtual Host Controller
[   17.881244][    T1] usb usb14: Manufacturer: Linux 6.13.0-rc3-geabcdba3ad40-dirty vhci_hcd
[   17.882524][    T1] usb usb14: SerialNumber: vhci_hcd.6
[   17.886028][    T1] hub 14-0:1.0: USB hub found
[   17.887165][    T1] hub 14-0:1.0: 8 ports detected
[   17.895076][    T1] vhci_hcd vhci_hcd.6: USB/IP Virtual Host Controller
[   17.897584][    T1] vhci_hcd vhci_hcd.6: new USB bus registered, assigned bus number 15
[   17.899217][    T1] usb usb15: We don't know the algorithms for LPM for this host, disabling LPM.
[   17.901346][    T1] usb usb15: New USB device found, idVendor=1d6b, idProduct=0003, bcdDevice= 6.13
[   17.902757][    T1] usb usb15: New USB device strings: Mfr=3, Product=2, SerialNumber=1
[   17.904037][    T1] usb usb15: Product: USB/IP Virtual Host Controller
[   17.905072][    T1] usb usb15: Manufacturer: Linux 6.13.0-rc3-geabcdba3ad40-dirty vhci_hcd
[   17.906361][    T1] usb usb15: SerialNumber: vhci_hcd.6
[   17.910150][    T1] hub 15-0:1.0: USB hub found
[   17.911072][    T1] hub 15-0:1.0: 8 ports detected
[   17.921678][    T1] vhci_hcd vhci_hcd.7: USB/IP Virtual Host Controller
[   17.923632][    T1] vhci_hcd vhci_hcd.7: new USB bus registered, assigned bus number 16
[   17.925809][    T1] usb usb16: New USB device found, idVendor=1d6b, idProduct=0002, bcdDevice= 6.13
[   17.927225][    T1] usb usb16: New USB device strings: Mfr=3, Product=2, SerialNumber=1
[   17.928506][    T1] usb usb16: Product: USB/IP Virtual Host Controller
[   17.929528][    T1] usb usb16: Manufacturer: Linux 6.13.0-rc3-geabcdba3ad40-dirty vhci_hcd
[   17.930813][    T1] usb usb16: SerialNumber: vhci_hcd.7
[   17.934317][    T1] hub 16-0:1.0: USB hub found
[   17.935236][    T1] hub 16-0:1.0: 8 ports detected
[   17.943610][    T1] vhci_hcd vhci_hcd.7: USB/IP Virtual Host Controller
[   17.945820][    T1] vhci_hcd vhci_hcd.7: new USB bus registered, assigned bus number 17
[   17.947745][    T1] usb usb17: We don't know the algorithms for LPM for this host, disabling LPM.
[   17.949887][    T1] usb usb17: New USB device found, idVendor=1d6b, idProduct=0003, bcdDevice= 6.13
[   17.951281][    T1] usb usb17: New USB device strings: Mfr=3, Product=2, SerialNumber=1
[   17.952520][    T1] usb usb17: Product: USB/IP Virtual Host Controller
[   17.953541][    T1] usb usb17: Manufacturer: Linux 6.13.0-rc3-geabcdba3ad40-dirty vhci_hcd
[   17.954809][    T1] usb usb17: SerialNumber: vhci_hcd.7
[   17.958430][    T1] hub 17-0:1.0: USB hub found
[   17.959345][    T1] hub 17-0:1.0: 8 ports detected
[   17.970355][    T1] vhci_hcd vhci_hcd.8: USB/IP Virtual Host Controller
[   17.972464][    T1] vhci_hcd vhci_hcd.8: new USB bus registered, assigned bus number 18
[   17.974710][    T1] usb usb18: New USB device found, idVendor=1d6b, idProduct=0002, bcdDevice= 6.13
[   17.976125][    T1] usb usb18: New USB device strings: Mfr=3, Product=2, SerialNumber=1
[   17.977373][    T1] usb usb18: Product: USB/IP Virtual Host Controller
[   17.978902][    T1] usb usb18: Manufacturer: Linux 6.13.0-rc3-geabcdba3ad40-dirty vhci_hcd
[   17.980185][    T1] usb usb18: SerialNumber: vhci_hcd.8
[   17.983856][    T1] hub 18-0:1.0: USB hub found
[   17.984778][    T1] hub 18-0:1.0: 8 ports detected
[   17.992600][    T1] vhci_hcd vhci_hcd.8: USB/IP Virtual Host Controller
[   17.995028][    T1] vhci_hcd vhci_hcd.8: new USB bus registered, assigned bus number 19
[   17.996664][    T1] usb usb19: We don't know the algorithms for LPM for this host, disabling LPM.
[   17.999586][    T1] usb usb19: New USB device found, idVendor=1d6b, idProduct=0003, bcdDevice= 6.13
[   18.000997][    T1] usb usb19: New USB device strings: Mfr=3, Product=2, SerialNumber=1
[   18.002238][    T1] usb usb19: Product: USB/IP Virtual Host Controller
[   18.003276][    T1] usb usb19: Manufacturer: Linux 6.13.0-rc3-geabcdba3ad40-dirty vhci_hcd
[   18.004566][    T1] usb usb19: SerialNumber: vhci_hcd.8
[   18.008416][    T1] hub 19-0:1.0: USB hub found
[   18.009351][    T1] hub 19-0:1.0: 8 ports detected
[   18.020122][    T1] vhci_hcd vhci_hcd.9: USB/IP Virtual Host Controller
[   18.021954][    T1] vhci_hcd vhci_hcd.9: new USB bus registered, assigned bus number 20
[   18.024168][    T1] usb usb20: New USB device found, idVendor=1d6b, idProduct=0002, bcdDevice= 6.13
[   18.025586][    T1] usb usb20: New USB device strings: Mfr=3, Product=2, SerialNumber=1
[   18.026841][    T1] usb usb20: Product: USB/IP Virtual Host Controller
[   18.027914][    T1] usb usb20: Manufacturer: Linux 6.13.0-rc3-geabcdba3ad40-dirty vhci_hcd
[   18.029186][    T1] usb usb20: SerialNumber: vhci_hcd.9
[   18.032713][    T1] hub 20-0:1.0: USB hub found
[   18.033615][    T1] hub 20-0:1.0: 8 ports detected
[   18.041848][    T1] vhci_hcd vhci_hcd.9: USB/IP Virtual Host Controller
[   18.044284][    T1] vhci_hcd vhci_hcd.9: new USB bus registered, assigned bus number 21
[   18.045902][    T1] usb usb21: We don't know the algorithms for LPM for this host, disabling LPM.
[   18.048104][    T1] usb usb21: New USB device found, idVendor=1d6b, idProduct=0003, bcdDevice= 6.13
[   18.049505][    T1] usb usb21: New USB device strings: Mfr=3, Product=2, SerialNumber=1
[   18.050749][    T1] usb usb21: Product: USB/IP Virtual Host Controller
[   18.051754][    T1] usb usb21: Manufacturer: Linux 6.13.0-rc3-geabcdba3ad40-dirty vhci_hcd
[   18.053022][    T1] usb usb21: SerialNumber: vhci_hcd.9
[   18.056868][    T1] hub 21-0:1.0: USB hub found
[   18.058135][    T1] hub 21-0:1.0: 8 ports detected
[   18.068970][    T1] vhci_hcd vhci_hcd.10: USB/IP Virtual Host Controller
[   18.070993][    T1] vhci_hcd vhci_hcd.10: new USB bus registered, assigned bus number 22
[   18.073186][    T1] usb usb22: New USB device found, idVendor=1d6b, idProduct=0002, bcdDevice= 6.13
[   18.074630][    T1] usb usb22: New USB device strings: Mfr=3, Product=2, SerialNumber=1
[   18.075871][    T1] usb usb22: Product: USB/IP Virtual Host Controller
[   18.076893][    T1] usb usb22: Manufacturer: Linux 6.13.0-rc3-geabcdba3ad40-dirty vhci_hcd
[   18.078206][    T1] usb usb22: SerialNumber: vhci_hcd.10
[   18.082245][    T1] hub 22-0:1.0: USB hub found
[   18.083338][    T1] hub 22-0:1.0: 8 ports detected
[   18.091309][    T1] vhci_hcd vhci_hcd.10: USB/IP Virtual Host Controller
[   18.093970][    T1] vhci_hcd vhci_hcd.10: new USB bus registered, assigned bus number 23
[   18.095615][    T1] usb usb23: We don't know the algorithms for LPM for this host, disabling LPM.
[   18.097823][    T1] usb usb23: New USB device found, idVendor=1d6b, idProduct=0003, bcdDevice= 6.13
[   18.099233][    T1] usb usb23: New USB device strings: Mfr=3, Product=2, SerialNumber=1
[   18.100474][    T1] usb usb23: Product: USB/IP Virtual Host Controller
[   18.101493][    T1] usb usb23: Manufacturer: Linux 6.13.0-rc3-geabcdba3ad40-dirty vhci_hcd
[   18.102776][    T1] usb usb23: SerialNumber: vhci_hcd.10
[   18.106418][    T1] hub 23-0:1.0: USB hub found
[   18.107544][    T1] hub 23-0:1.0: 8 ports detected
[   18.119781][    T1] vhci_hcd vhci_hcd.11: USB/IP Virtual Host Controller
[   18.121947][    T1] vhci_hcd vhci_hcd.11: new USB bus registered, assigned bus number 24
[   18.124611][    T1] usb usb24: New USB device found, idVendor=1d6b, idProduct=0002, bcdDevice= 6.13
[   18.126103][    T1] usb usb24: New USB device strings: Mfr=3, Product=2, SerialNumber=1
[   18.127413][    T1] usb usb24: Product: USB/IP Virtual Host Controller
[   18.129671][    T1] usb usb24: Manufacturer: Linux 6.13.0-rc3-geabcdba3ad40-dirty vhci_hcd
[   18.131047][    T1] usb usb24: SerialNumber: vhci_hcd.11
[   18.135381][    T1] hub 24-0:1.0: USB hub found
[   18.136427][    T1] hub 24-0:1.0: 8 ports detected
[   18.146850][    T1] vhci_hcd vhci_hcd.11: USB/IP Virtual Host Controller
[   18.150651][    T1] vhci_hcd vhci_hcd.11: new USB bus registered, assigned bus number 25
[   18.152516][    T1] usb usb25: We don't know the algorithms for LPM for this host, disabling LPM.
[   18.155139][    T1] usb usb25: New USB device found, idVendor=1d6b, idProduct=0003, bcdDevice= 6.13
[   18.156642][    T1] usb usb25: New USB device strings: Mfr=3, Product=2, SerialNumber=1
[   18.158312][    T1] usb usb25: Product: USB/IP Virtual Host Controller
[   18.159230][    T1] usb usb25: Manufacturer: Linux 6.13.0-rc3-geabcdba3ad40-dirty vhci_hcd
[   18.160276][    T1] usb usb25: SerialNumber: vhci_hcd.11
[   18.164091][    T1] hub 25-0:1.0: USB hub found
[   18.164908][    T1] hub 25-0:1.0: 8 ports detected
[   18.175350][    T1] vhci_hcd vhci_hcd.12: USB/IP Virtual Host Controller
[   18.177434][    T1] vhci_hcd vhci_hcd.12: new USB bus registered, assigned bus number 26
[   18.180045][    T1] usb usb26: New USB device found, idVendor=1d6b, idProduct=0002, bcdDevice= 6.13
[   18.181475][    T1] usb usb26: New USB device strings: Mfr=3, Product=2, SerialNumber=1
[   18.182742][    T1] usb usb26: Product: USB/IP Virtual Host Controller
[   18.183769][    T1] usb usb26: Manufacturer: Linux 6.13.0-rc3-geabcdba3ad40-dirty vhci_hcd
[   18.185059][    T1] usb usb26: SerialNumber: vhci_hcd.12
[   18.188781][    T1] hub 26-0:1.0: USB hub found
[   18.189695][    T1] hub 26-0:1.0: 8 ports detected
[   18.198390][    T1] vhci_hcd vhci_hcd.12: USB/IP Virtual Host Controller
[   18.200718][    T1] vhci_hcd vhci_hcd.12: new USB bus registered, assigned bus number 27
[   18.202355][    T1] usb usb27: We don't know the algorithms for LPM for this host, disabling LPM.
[   18.204506][    T1] usb usb27: New USB device found, idVendor=1d6b, idProduct=0003, bcdDevice= 6.13
[   18.205909][    T1] usb usb27: New USB device strings: Mfr=3, Product=2, SerialNumber=1
[   18.207170][    T1] usb usb27: Product: USB/IP Virtual Host Controller
[   18.208267][    T1] usb usb27: Manufacturer: Linux 6.13.0-rc3-geabcdba3ad40-dirty vhci_hcd
[   18.209556][    T1] usb usb27: SerialNumber: vhci_hcd.12
[   18.213094][    T1] hub 27-0:1.0: USB hub found
[   18.214006][    T1] hub 27-0:1.0: 8 ports detected
[   18.225172][    T1] vhci_hcd vhci_hcd.13: USB/IP Virtual Host Controller
[   18.227038][    T1] vhci_hcd vhci_hcd.13: new USB bus registered, assigned bus number 28
[   18.229283][    T1] usb usb28: New USB device found, idVendor=1d6b, idProduct=0002, bcdDevice= 6.13
[   18.230700][    T1] usb usb28: New USB device strings: Mfr=3, Product=2, SerialNumber=1
[   18.231946][    T1] usb usb28: Product: USB/IP Virtual Host Controller
[   18.232962][    T1] usb usb28: Manufacturer: Linux 6.13.0-rc3-geabcdba3ad40-dirty vhci_hcd
[   18.234229][    T1] usb usb28: SerialNumber: vhci_hcd.13
[   18.238079][    T1] hub 28-0:1.0: USB hub found
[   18.239005][    T1] hub 28-0:1.0: 8 ports detected
[   18.247212][    T1] vhci_hcd vhci_hcd.13: USB/IP Virtual Host Controller
[   18.249772][    T1] vhci_hcd vhci_hcd.13: new USB bus registered, assigned bus number 29
[   18.251417][    T1] usb usb29: We don't know the algorithms for LPM for this host, disabling LPM.
[   18.253586][    T1] usb usb29: New USB device found, idVendor=1d6b, idProduct=0003, bcdDevice= 6.13
[   18.254989][    T1] usb usb29: New USB device strings: Mfr=3, Product=2, SerialNumber=1
[   18.256235][    T1] usb usb29: Product: USB/IP Virtual Host Controller
[   18.257252][    T1] usb usb29: Manufacturer: Linux 6.13.0-rc3-geabcdba3ad40-dirty vhci_hcd
[   18.258651][    T1] usb usb29: SerialNumber: vhci_hcd.13
[   18.262605][    T1] hub 29-0:1.0: USB hub found
[   18.263688][    T1] hub 29-0:1.0: 8 ports detected
[   18.274577][    T1] vhci_hcd vhci_hcd.14: USB/IP Virtual Host Controller
[   18.276560][    T1] vhci_hcd vhci_hcd.14: new USB bus registered, assigned bus number 30
[   18.278778][    T1] usb usb30: New USB device found, idVendor=1d6b, idProduct=0002, bcdDevice= 6.13
[   18.280189][    T1] usb usb30: New USB device strings: Mfr=3, Product=2, SerialNumber=1
[   18.281432][    T1] usb usb30: Product: USB/IP Virtual Host Controller
[   18.282456][    T1] usb usb30: Manufacturer: Linux 6.13.0-rc3-geabcdba3ad40-dirty vhci_hcd
[   18.283743][    T1] usb usb30: SerialNumber: vhci_hcd.14
[   18.287631][    T1] hub 30-0:1.0: USB hub found
[   18.288749][    T1] hub 30-0:1.0: 8 ports detected
[   18.297020][    T1] vhci_hcd vhci_hcd.14: USB/IP Virtual Host Controller
[   18.299516][    T1] vhci_hcd vhci_hcd.14: new USB bus registered, assigned bus number 31
[   18.301143][    T1] usb usb31: We don't know the algorithms for LPM for this host, disabling LPM.
[   18.303292][    T1] usb usb31: New USB device found, idVendor=1d6b, idProduct=0003, bcdDevice= 6.13
[   18.304693][    T1] usb usb31: New USB device strings: Mfr=3, Product=2, SerialNumber=1
[   18.305934][    T1] usb usb31: Product: USB/IP Virtual Host Controller
[   18.306973][    T1] usb usb31: Manufacturer: Linux 6.13.0-rc3-geabcdba3ad40-dirty vhci_hcd
[   18.308310][    T1] usb usb31: SerialNumber: vhci_hcd.14
[   18.312130][    T1] hub 31-0:1.0: USB hub found
[   18.313198][    T1] hub 31-0:1.0: 8 ports detected
[   18.324131][    T1] vhci_hcd vhci_hcd.15: USB/IP Virtual Host Controller
[   18.326090][    T1] vhci_hcd vhci_hcd.15: new USB bus registered, assigned bus number 32
[   18.328410][    T1] usb usb32: New USB device found, idVendor=1d6b, idProduct=0002, bcdDevice= 6.13
[   18.329819][    T1] usb usb32: New USB device strings: Mfr=3, Product=2, SerialNumber=1
[   18.331073][    T1] usb usb32: Product: USB/IP Virtual Host Controller
[   18.332111][    T1] usb usb32: Manufacturer: Linux 6.13.0-rc3-geabcdba3ad40-dirty vhci_hcd
[   18.333386][    T1] usb usb32: SerialNumber: vhci_hcd.15
[   18.337202][    T1] hub 32-0:1.0: USB hub found
[   18.338327][    T1] hub 32-0:1.0: 8 ports detected
[   18.346292][    T1] vhci_hcd vhci_hcd.15: USB/IP Virtual Host Controller
[   18.349379][    T1] vhci_hcd vhci_hcd.15: new USB bus registered, assigned bus number 33
[   18.351015][    T1] usb usb33: We don't know the algorithms for LPM for this host, disabling LPM.
[   18.353163][    T1] usb usb33: New USB device found, idVendor=1d6b, idProduct=0003, bcdDevice= 6.13
[   18.354570][    T1] usb usb33: New USB device strings: Mfr=3, Product=2, SerialNumber=1
[   18.355828][    T1] usb usb33: Product: USB/IP Virtual Host Controller
[   18.356851][    T1] usb usb33: Manufacturer: Linux 6.13.0-rc3-geabcdba3ad40-dirty vhci_hcd
[   18.358183][    T1] usb usb33: SerialNumber: vhci_hcd.15
[   18.362004][    T1] hub 33-0:1.0: USB hub found
[   18.362950][    T1] hub 33-0:1.0: 8 ports detected
[   18.373500][    T1] usbcore: registered new device driver usbip-host
[   18.381985][    T1] i8042: PNP: PS/2 Controller [PNP0303:KBD,PNP0f13:MOU] at 0x60,0x64 irq 1,12
[   18.393166][    T1] serio: i8042 KBD port at 0x60,0x64 irq 1
[   18.395447][    T1] serio: i8042 AUX port at 0x60,0x64 irq 12
[   18.400362][    T1] mousedev: PS/2 mouse device common for all mice
[   18.404123][    T1] usbcore: registered new interface driver appletouch
[   18.405996][    T1] usbcore: registered new interface driver bcm5974
[   18.409269][  T921] input: AT Translated Set 2 keyboard as /devices/platform/i8042/serio0/input/input1
[   18.410393][    T1] usbcore: registered new interface driver synaptics_usb
[   18.413326][    T1] usbcore: registered new interface driver iforce
[   18.420481][    T1] usbcore: registered new interface driver pxrc
[   18.423501][    T1] usbcore: registered new interface driver xpad
[   18.425909][    T1] usbcore: registered new interface driver usb_acecad
[   18.429455][    T1] usbcore: registered new interface driver aiptek
[   18.430735][    T1] usbcore: registered new interface driver hanwang
[   18.431998][    T1] usbcore: registered new interface driver kbtab
[   18.433232][    T1] usbcore: registered new interface driver pegasus_notetaker
[   18.434775][    T1] usbcore: registered new interface driver usbtouchscreen
[   18.436157][    T1] usbcore: registered new interface driver sur40
[   18.437387][    T1] usbcore: registered new interface driver ati_remote2
[   18.439123][    T1] cm109: Keymap for Komunikate KIP1000 phone loaded
[   18.440420][    T1] usbcore: registered new interface driver cm109
[   18.441409][    T1] cm109: CM109 phone driver: 20080805 (C) Alfred E. Heggestad
[   18.442851][    T1] usbcore: registered new interface driver ims_pcu
[   18.444139][    T1] usbcore: registered new interface driver keyspan_remote
[   18.445522][    T1] usbcore: registered new interface driver powermate
[   18.447265][    T1] usbcore: registered new interface driver yealink
[   18.450691][    T1] rtc_cmos 00:05: RTC can wake from S4
[   18.456373][    T1] rtc_cmos 00:05: registered as rtc0
[   18.457274][    T1] rtc_cmos 00:05: alarms up to one day, y3k, 242 bytes nvram, hpet irqs
[   18.459388][    T1] i2c_dev: i2c /dev entries driver
[   18.461609][    T1] usbcore: registered new interface driver i2c-diolan-u2c
[   18.463967][    T1] usbcore: registered new interface driver i2c-cp2615
[   18.465519][    T1] usbcore: registered new interface driver RobotFuzz Open Source InterFace, OSIF
[   18.467416][    T1] usbcore: registered new interface driver i2c-tiny-usb
[   18.471000][    T1] usbcore: registered new interface driver igorplugusb
[   18.472326][    T1] usbcore: registered new interface driver iguanair
[   18.473672][    T1] usbcore: registered new interface driver imon
[   18.474925][    T1] usbcore: registered new interface driver imon_raw
[   18.476466][    T1] usbcore: registered new interface driver mceusb
[   18.481637][    T1] usbcore: registered new interface driver redrat3
[   18.483061][    T1] usbcore: registered new interface driver streamzap
[   18.484678][    T1] usbcore: registered new interface driver ir_toy
[   18.487085][    T1] usbcore: registered new interface driver ttusbir
[   18.488409][    T1] usbcore: registered new interface driver ati_remote
[   18.489713][    T1] usbcore: registered new interface driver xbox_remote
[   18.491553][    T1] b2c2-flexcop: B2C2 FlexcopII/II(b)/III digital TV receiver chip loaded successfully
[   18.493590][    T1] usbcore: registered new interface driver b2c2_flexcop_usb
[   18.495164][    T1] usbcore: registered new interface driver dvb_usb_vp7045
[   18.496791][    T1] usbcore: registered new interface driver dvb_usb_vp702x
[   18.499127][    T1] usbcore: registered new interface driver dvb_usb_gp8psk
[   18.500691][    T1] usbcore: registered new interface driver dvb_usb_dtt200u
[   18.502285][    T1] usbcore: registered new interface driver dvb_usb_a800
[   18.503988][    T1] usbcore: registered new interface driver dvb_usb_dibusb_mb
[   18.505664][    T1] usbcore: registered new interface driver dvb_usb_dibusb_mc
[   18.507301][    T1] usbcore: registered new interface driver dvb_usb_nova_t_usb2
[   18.510007][    T1] usbcore: registered new interface driver dvb_usb_umt_010
[   18.511584][    T1] usbcore: registered new interface driver dvb_usb_m920x
[   18.513171][    T1] usbcore: registered new interface driver dvb_usb_digitv
[   18.514845][    T1] usbcore: registered new interface driver dvb_usb_cxusb
[   18.516425][    T1] usbcore: registered new interface driver dvb_usb_ttusb2
[   18.518534][    T1] usbcore: registered new interface driver dvb_usb_dib0700
[   18.520166][    T1] usbcore: registered new interface driver opera1
[   18.521710][    T1] usbcore: registered new interface driver dvb_usb_af9005
[   18.522791][    T1] failing symbol_get of non-GPLONLY symbol af9005_rc_decode.
[   18.524529][    T1] failing symbol_get of non-GPLONLY symbol af9005_rc_decode.
[   18.525649][    T1] failing symbol_get of non-GPLONLY symbol rc_map_af9005_table.
[   18.527354][    T1] failing symbol_get of non-GPLONLY symbol rc_map_af9005_table.
[   18.528549][    T1] failing symbol_get of non-GPLONLY symbol rc_map_af9005_table_size.
[   18.530247][    T1] failing symbol_get of non-GPLONLY symbol rc_map_af9005_table_size.
[   18.531490][    T1] af9005: af9005_rc_decode function not found, disabling remote
[   18.532929][    T1] usbcore: registered new interface driver pctv452e
[   18.534331][    T1] usbcore: registered new interface driver dw2102
[   18.535586][    T1] usbcore: registered new interface driver dvb_usb_dtv5100
[   18.536956][    T1] usbcore: registered new interface driver cinergyT2
[   18.538432][    T1] usbcore: registered new interface driver dvb_usb_az6027
[   18.539801][    T1] usbcore: registered new interface driver dvb_usb_technisat_usb2
[   18.541389][    T1] usbcore: registered new interface driver dvb_usb_af9015
[   18.542863][    T1] usbcore: registered new interface driver dvb_usb_af9035
[   18.544198][    T1] usbcore: registered new interface driver dvb_usb_anysee
[   18.545526][    T1] usbcore: registered new interface driver dvb_usb_au6610
[   18.546864][    T1] usbcore: registered new interface driver dvb_usb_az6007
[   18.548275][    T1] usbcore: registered new interface driver dvb_usb_ce6230
[   18.549613][    T1] usbcore: registered new interface driver dvb_usb_ec168
[   18.550960][    T1] usbcore: registered new interface driver dvb_usb_lmedm04
[   18.553466][    T1] usbcore: registered new interface driver dvb_usb_gl861
[   18.554928][    T1] usbcore: registered new interface driver dvb_usb_mxl111sf
[   18.556409][    T1] usbcore: registered new interface driver dvb_usb_rtl28xxu
[   18.557903][    T1] usbcore: registered new interface driver dvb_usb_dvbsky
[   18.559239][    T1] usbcore: registered new interface driver zd1301
[   18.560503][    T1] usbcore: registered new interface driver s2255
[   18.561905][    T1] usbcore: registered new interface driver smsusb
[   18.563186][    T1] usbcore: registered new interface driver ttusb
[   18.564434][    T1] usbcore: registered new interface driver ttusb-dec
[   18.565743][    T1] usbcore: registered new interface driver Abilis Systems as10x usb driver
[   18.567312][    T1] usbcore: registered new interface driver airspy
[   18.568468][    T1] gspca_main: v2.14.0 registered
[   18.569529][    T1] usbcore: registered new interface driver benq
[   18.570760][    T1] usbcore: registered new interface driver conex
[   18.571996][    T1] usbcore: registered new interface driver cpia1
[   18.573244][    T1] usbcore: registered new interface driver dtcs033
[   18.574568][    T1] usbcore: registered new interface driver etoms
[   18.575892][    T1] usbcore: registered new interface driver finepix
[   18.577182][    T1] usbcore: registered new interface driver jeilinj
[   18.578481][    T1] usbcore: registered new interface driver jl2005bcd
[   18.579798][    T1] usbcore: registered new interface driver kinect
[   18.581057][    T1] usbcore: registered new interface driver konica
[   18.582314][    T1] usbcore: registered new interface driver mars
[   18.583566][    T1] usbcore: registered new interface driver mr97310a
[   18.584887][    T1] usbcore: registered new interface driver nw80x
[   18.586224][    T1] usbcore: registered new interface driver ov519
[   18.587482][    T1] usbcore: registered new interface driver ov534
[   18.588748][    T1] usbcore: registered new interface driver ov534_9
[   18.590079][    T1] usbcore: registered new interface driver pac207
[   18.591425][    T1] usbcore: registered new interface driver gspca_pac7302
[   18.592770][    T1] usbcore: registered new interface driver pac7311
[   18.594033][    T1] usbcore: registered new interface driver se401
[   18.595330][    T1] usbcore: registered new interface driver sn9c2028
[   18.596743][    T1] usbcore: registered new interface driver gspca_sn9c20x
[   18.598194][    T1] usbcore: registered new interface driver sonixb
[   18.599588][    T1] usbcore: registered new interface driver sonixj
[   18.600895][    T1] usbcore: registered new interface driver spca500
[   18.602212][    T1] usbcore: registered new interface driver spca501
[   18.603497][    T1] usbcore: registered new interface driver spca505
[   18.604779][    T1] usbcore: registered new interface driver spca506
[   18.606085][    T1] usbcore: registered new interface driver spca508
[   18.607446][    T1] usbcore: registered new interface driver spca561
[   18.608733][    T1] usbcore: registered new interface driver spca1528
[   18.610010][    T1] usbcore: registered new interface driver sq905
[   18.611292][    T1] usbcore: registered new interface driver sq905c
[   18.612560][    T1] usbcore: registered new interface driver sq930x
[   18.614033][    T1] usbcore: registered new interface driver sunplus
[   18.615298][    T1] usbcore: registered new interface driver stk014
[   18.616562][    T1] usbcore: registered new interface driver stk1135
[   18.617877][    T1] usbcore: registered new interface driver stv0680
[   18.619147][    T1] usbcore: registered new interface driver t613
[   18.620380][    T1] usbcore: registered new interface driver gspca_topro
[   18.621747][    T1] usbcore: registered new interface driver touptek
[   18.623089][    T1] usbcore: registered new interface driver tv8532
[   18.624425][    T1] usbcore: registered new interface driver vc032x
[   18.625677][    T1] usbcore: registered new interface driver vicam
[   18.626956][    T1] usbcore: registered new interface driver xirlink-cit
[   18.628498][    T1] usbcore: registered new interface driver gspca_zc3xx
[   18.629811][    T1] usbcore: registered new interface driver ALi m5602
[   18.631116][    T1] usbcore: registered new interface driver STV06xx
[   18.632433][    T1] usbcore: registered new interface driver gspca_gl860
[   18.633748][    T1] usbcore: registered new interface driver hackrf
[   18.635009][    T1] usbcore: registered new interface driver msi2500
[   18.636399][    T1] usbcore: registered new interface driver Philips webcam
[   18.638189][    T1] usbcore: registered new interface driver uvcvideo
[   18.639206][    T1] au0828: au0828 driver loaded
[   18.640286][    T1] usbcore: registered new interface driver au0828
[   18.643067][    T1] usbcore: registered new interface driver cx231xx
[   18.644791][    T1] usbcore: registered new interface driver em28xx
[   18.645797][    T1] em28xx: Registered (Em28xx v4l2 Extension) extension
[   18.646842][    T1] em28xx: Registered (Em28xx Audio Extension) extension
[   18.648681][    T1] em28xx: Registered (Em28xx dvb Extension) extension
[   18.649713][    T1] em28xx: Registered (Em28xx Input Extension) extension
[   18.651111][    T1] usbcore: registered new interface driver go7007
[   18.652406][    T1] usbcore: registered new interface driver go7007-loader
[   18.653910][    T1] usbcore: registered new interface driver hdpvr
[   18.655563][    T1] usbcore: registered new interface driver pvrusb2
[   18.656373][    T1] pvrusb2: V4L in-tree version:Hauppauge WinTV-PVR-USB2 MPEG2 Encoder/Tuner
[   18.657436][    T1] pvrusb2: Debug mask is 31 (0x1f)
[   18.661631][    T1] usbcore: registered new interface driver stk1160
[   18.662839][    T1] usbcore: registered new interface driver usbtv
[   18.668737][    T1] dvbdev: DVB: registering new adapter (dvb_vidtv_bridge)
[   18.673852][    T1] i2c i2c-0: DVB: registering adapter 0 frontend 0 (Dummy demod for DVB-T/T2/C/S/S2)...
[   18.675458][    T1] dvbdev: dvb_create_media_entity: media entity 'Dummy demod for DVB-T/T2/C/S/S2' registered.
[   18.685253][    T1] dvbdev: dvb_create_media_entity: media entity 'dvb-demux' registered.
[   18.693139][    T1] vidtv vidtv.0: Successfully initialized vidtv!
[   18.695882][    T1] vicodec vicodec.0: Device 'stateful-encoder' registered as /dev/video0
[   18.697619][    T1] vicodec vicodec.0: Device 'stateful-decoder' registered as /dev/video1
[   18.701628][    T1] vicodec vicodec.0: Device 'stateless-decoder' registered as /dev/video2
[   18.704480][    T1] vim2m vim2m.0: Device registered as /dev/video0
[   18.725729][    T1] vivid-000: using single planar format API
[   18.742355][    T1] vivid-000: CEC adapter cec0 registered for HDMI input
[   18.744094][    T1] vivid-000: V4L2 capture device registered as video7
[   18.745594][    T1] vivid-000: CEC adapter cec1 registered for HDMI output 0
[   18.747169][    T1] vivid-000: V4L2 output device registered as video8
[   18.751944][    T1] vivid-000: V4L2 capture device registered as vbi0, supports raw and sliced VBI
[   18.753867][    T1] vivid-000: V4L2 output device registered as vbi1, supports raw and sliced VBI
[   18.755721][    T1] vivid-000: V4L2 capture device registered as swradio0
[   18.757389][    T1] vivid-000: V4L2 receiver device registered as radio0
[   18.759005][    T1] vivid-000: V4L2 transmitter device registered as radio1
[   18.760652][    T1] vivid-000: V4L2 metadata capture device registered as video9
[   18.762427][    T1] vivid-000: V4L2 metadata output device registered as video10
[   18.764138][    T1] vivid-000: V4L2 touch capture device registered as v4l-touch0
[   18.778474][    T1] usbcore: registered new interface driver radioshark2
[   18.779827][    T1] usbcore: registered new interface driver radioshark
[   18.781135][    T1] usbcore: registered new interface driver radio-si470x
[   18.782522][    T1] usbcore: registered new interface driver radio-usb-si4713
[   18.783763][    T1] usbcore: registered new interface driver dsbr100
[   18.784881][    T1] usbcore: registered new interface driver radio-keene
[   18.786117][    T1] usbcore: registered new interface driver radio-ma901
[   18.787369][    T1] usbcore: registered new interface driver radio-mr800
[   18.788786][    T1] usbcore: registered new interface driver radio-raremono
[   18.794903][    T1] usbcore: registered new interface driver powerz
[   18.796215][    T1] usbcore: registered new interface driver pcwd_usb
[   18.799739][    T1] device-mapper: core: CONFIG_IMA_DISABLE_HTABLE is disabled. Duplicate IMA measurements will not be recorded in the IMA log.
[   18.801729][    T1] device-mapper: uevent: version 1.0.3
[   18.803590][    T1] device-mapper: ioctl: 4.48.0-ioctl (2023-03-01) initialised: dm-devel@lists.linux.dev
[   18.806400][    T1] device-mapper: multipath round-robin: version 1.2.0 loaded
[   18.807376][    T1] device-mapper: multipath queue-length: version 0.2.0 loaded
[   18.808505][    T1] device-mapper: multipath service-time: version 0.3.0 loaded
[   18.810528][    T1] Bluetooth: HCI UART driver ver 2.3
[   18.811320][    T1] Bluetooth: HCI UART protocol H4 registered
[   18.812067][    T1] Bluetooth: HCI UART protocol BCSP registered
[   18.812974][    T1] Bluetooth: HCI UART protocol LL registered
[   18.813967][    T1] Bluetooth: HCI UART protocol Three-wire (H5) registered
[   18.815123][    T1] Bluetooth: HCI UART protocol QCA registered
[   18.815982][    T1] Bluetooth: HCI UART protocol AG6XX registered
[   18.816929][    T1] Bluetooth: HCI UART protocol Marvell registered
[   18.818255][    T1] usbcore: registered new interface driver bcm203x
[   18.819469][    T1] usbcore: registered new interface driver bpa10x
[   18.820665][    T1] usbcore: registered new interface driver bfusb
[   18.821954][    T1] usbcore: registered new interface driver btusb
[   18.823382][    T1] usbcore: registered new interface driver ath3k
[   18.825308][    T1] Modular ISDN core version 1.1.29
[   18.827399][    T1] NET: Registered PF_ISDN protocol family
[   18.828299][    T1] DSP module 2.0
[   18.828852][    T1] mISDN_dsp: DSP clocks every 80 samples. This equals 1 jiffies.
[   18.859316][    T1] mISDN: Layer-1-over-IP driver Rev. 2.00
[   18.861682][    T1] 0 virtual devices registered
[   18.862678][    T1] usbcore: registered new interface driver HFC-S_USB
[   18.863603][    T1] amd_pstate: the _CPC object is not present in SBIOS or ACPI disabled
[   18.864623][    T1] VUB300 Driver rom wait states = 1C irqpoll timeout = 0400
[   18.866330][    T1] usbcore: registered new interface driver vub300
[   18.870533][    T1] usbcore: registered new interface driver ushc
[   18.875393][  T921] input: ImExPS/2 Generic Explorer Mouse as /devices/platform/i8042/serio1/input/input3
[   18.900830][    T1] iscsi: registered transport (iser)
[   18.903029][    T1] SoftiWARP attached
[   18.934389][    T1] hid: raw HID events driver (C) Jiri Kosina
[   19.004575][    T1] usbcore: registered new interface driver usbhid
[   19.005581][    T1] usbhid: USB HID core driver
[   19.012457][    T1] usbcore: registered new interface driver es2_ap_driver
[   19.013464][    T1] comedi: version 0.7.76 - http://www.comedi.org
[   19.014858][    T1] usbcore: registered new interface driver dt9812
[   19.016978][    T1] usbcore: registered new interface driver ni6501
[   19.019004][    T1] usbcore: registered new interface driver usbdux
[   19.020637][    T1] usbcore: registered new interface driver usbduxfast
[   19.022323][    T1] usbcore: registered new interface driver usbduxsigma
[   19.023800][    T1] usbcore: registered new interface driver vmk80xx
[   19.025072][    T1] greybus: registered new driver hid
[   19.026676][    T1] greybus: registered new driver gbphy
[   19.027892][    T1] gb_gbphy: registered new driver usb
[   19.029021][    T1] asus_wmi: ASUS WMI generic driver loaded
[   19.040357][    T1] gnss: GNSS driver registered with major 493
[   19.041919][    T1] usbcore: registered new interface driver gnss-usb
[   19.043371][    T1] usbcore: registered new interface driver hdm_usb
[   19.119728][    T1] usbcore: registered new interface driver snd-usb-audio
[   19.121165][    T1] usbcore: registered new interface driver snd-ua101
[   19.122468][    T1] usbcore: registered new interface driver snd-usb-usx2y
[   19.123887][    T1] usbcore: registered new interface driver snd-usb-us122l
[   19.125332][    T1] usbcore: registered new interface driver snd-usb-caiaq
[   19.126678][    T1] usbcore: registered new interface driver snd-usb-6fire
[   19.128360][    T1] usbcore: registered new interface driver snd-usb-hiface
[   19.129744][    T1] usbcore: registered new interface driver snd-bcd2000
[   19.131121][    T1] usbcore: registered new interface driver snd_usb_pod
[   19.132477][    T1] usbcore: registered new interface driver snd_usb_podhd
[   19.133878][    T1] usbcore: registered new interface driver snd_usb_toneport
