bash: warning: setlocale: LC_ALL: cannot change locale (en_US.UTF-8)
c[?7l[2J[0mSeaBIOS (version 1.16.2-debian-1.16.2-1)
Booting from ROM...
c[?7l[2Jearly console in extract_kernel
input_data: 0x00000000148362a3
input_len: 0x0000000005fafbb0
output: 0x0000000001000000
output_len: 0x00000000124f7c90
kernel_total_size: 0x0000000019826000
needed_size: 0x0000000019a00000
trampoline_32bit: 0x0000000000000000

Decompressing Linux... Parsing ELF... done.
Booting the kernel (entry_offset: 0x0000000000000108).
[    0.000000][    T0] Linux version 6.13.0-rc3-gfb229009bf6b-dirty (root@buildkitsandbox) (gcc (Debian 12.2.0-14+deb12u1) 12.2.0, GNU ld (GNU Binutils for Debian) 2.40) #2 SMP PREEMPT_DYNAMIC Sun May 24 21:27:09 UTC 2026
[    0.000000][    T0] Command line: console=ttyS0 oops=panic panic=86400 nokaslr earlyprintk=serial rdinit=/init
[    0.000000][    T0] KERNEL supported cpus:
[    0.000000][    T0]   Intel GenuineIntel
[    0.000000][    T0]   AMD AuthenticAMD
[    0.000000][    T0] BIOS-provided physical RAM map:
[    0.000000][    T0] BIOS-e820: [mem 0x0000000000000000-0x000000000009fbff] usable
[    0.000000][    T0] BIOS-e820: [mem 0x000000000009fc00-0x000000000009ffff] reserved
[    0.000000][    T0] BIOS-e820: [mem 0x00000000000f0000-0x00000000000fffff] reserved
[    0.000000][    T0] BIOS-e820: [mem 0x0000000000100000-0x000000007ffdffff] usable
[    0.000000][    T0] BIOS-e820: [mem 0x000000007ffe0000-0x000000007fffffff] reserved
[    0.000000][    T0] BIOS-e820: [mem 0x00000000feffc000-0x00000000feffffff] reserved
[    0.000000][    T0] BIOS-e820: [mem 0x00000000fffc0000-0x00000000ffffffff] reserved
[    0.000000][    T0] BIOS-e820: [mem 0x000000fd00000000-0x000000ffffffffff] reserved
[    0.000000][    T0] printk: legacy bootconsole [earlyser0] enabled
[    0.000000][    T0] NX (Execute Disable) protection: active
[    0.000000][    T0] APIC: Static calls initialized
[    0.000000][    T0] SMBIOS 2.8 present.
[    0.000000][    T0] DMI: QEMU Standard PC (i440FX + PIIX, 1996), BIOS 1.16.2-debian-1.16.2-1 04/01/2014
[    0.000000][    T0] DMI: Memory slots populated: 1/1
[    0.000000][    T0] Hypervisor detected: KVM
[    0.000000][    T0] kvm-clock: Using msrs 4b564d01 and 4b564d00
[    0.000007][    T0] kvm-clock: using sched offset of 1779003033 cycles
[    0.002718][    T0] clocksource: kvm-clock: mask: 0xffffffffffffffff max_cycles: 0x1cd42e4dffb, max_idle_ns: 881590591483 ns
[    0.010606][    T0] tsc: Detected 3493.436 MHz processor
[    0.024945][    T0] last_pfn = 0x7ffe0 max_arch_pfn = 0x400000000
[    0.027777][    T0] MTRR map: 4 entries (3 fixed + 1 variable; max 19), built from 8 variable MTRRs
[    0.031932][    T0] x86/PAT: Configuration [0-7]: WB  WC  UC- UC  WB  WP  UC- WT  
[    0.040801][    T0] found SMP MP-table at [mem 0x000f5ba0-0x000f5baf]
[    0.043986][    T0] Using GB pages for direct mapping
[    0.050869][    T0] RAMDISK: [mem 0x7fe87000-0x7ffdffff]
[    0.053419][    T0] ACPI: Early table checksum verification disabled
[    0.056321][    T0] ACPI: RSDP 0x00000000000F59D0 000014 (v00 BOCHS )
[    0.059493][    T0] ACPI: RSDT 0x000000007FFE1B33 000034 (v01 BOCHS  BXPC     00000001 BXPC 00000001)
[    0.063571][    T0] ACPI: FACP 0x000000007FFE19DF 000074 (v01 BOCHS  BXPC     00000001 BXPC 00000001)
[    0.067709][    T0] ACPI: DSDT 0x000000007FFE0040 00199F (v01 BOCHS  BXPC     00000001 BXPC 00000001)
[    0.071874][    T0] ACPI: FACS 0x000000007FFE0000 000040
[    0.074299][    T0] ACPI: APIC 0x000000007FFE1A53 000080 (v01 BOCHS  BXPC     00000001 BXPC 00000001)
[    0.078722][    T0] ACPI: HPET 0x000000007FFE1AD3 000038 (v01 BOCHS  BXPC     00000001 BXPC 00000001)
[    0.083125][    T0] ACPI: WAET 0x000000007FFE1B0B 000028 (v01 BOCHS  BXPC     00000001 BXPC 00000001)
[    0.087456][    T0] ACPI: Reserving FACP table memory at [mem 0x7ffe19df-0x7ffe1a52]
[    0.091020][    T0] ACPI: Reserving DSDT table memory at [mem 0x7ffe0040-0x7ffe19de]
[    0.094665][    T0] ACPI: Reserving FACS table memory at [mem 0x7ffe0000-0x7ffe003f]
[    0.098097][    T0] ACPI: Reserving APIC table memory at [mem 0x7ffe1a53-0x7ffe1ad2]
[    0.101645][    T0] ACPI: Reserving HPET table memory at [mem 0x7ffe1ad3-0x7ffe1b0a]
[    0.105343][    T0] ACPI: Reserving WAET table memory at [mem 0x7ffe1b0b-0x7ffe1b32]
[    0.110507][    T0] No NUMA configuration found
[    0.112712][    T0] Faking a node at [mem 0x0000000000000000-0x000000007ffdffff]
[    0.116249][    T0] NODE_DATA(0) allocated [mem 0x7fe81340-0x7fe86dff]
[    0.124721][    T0] Zone ranges:
[    0.125468][    T0]   DMA      [mem 0x0000000000001000-0x0000000000ffffff]
[    0.126732][    T0]   DMA32    [mem 0x0000000001000000-0x000000007ffdffff]
[    0.127944][    T0]   Normal   empty
[    0.128587][    T0]   Device   empty
[    0.129342][    T0] Movable zone start for each node
[    0.131751][    T0] Early memory node ranges
[    0.133599][    T0]   node   0: [mem 0x0000000000001000-0x000000000009efff]
[    0.136808][    T0]   node   0: [mem 0x0000000000100000-0x000000007ffdffff]
[    0.139859][    T0] Initmem setup node 0 [mem 0x0000000000001000-0x000000007ffdffff]
[    0.143315][    T0] On node 0, zone DMA: 1 pages in unavailable ranges
[    0.146494][    T0] On node 0, zone DMA: 97 pages in unavailable ranges
[    0.190000][    T0] On node 0, zone DMA32: 32 pages in unavailable ranges
[    0.250940][    T0] kasan: KernelAddressSanitizer initialized
[    0.253996][    T0] ACPI: PM-Timer IO Port: 0x608
[    0.256068][    T0] ACPI: LAPIC_NMI (acpi_id[0xff] dfl dfl lint[0x1])
[    0.259059][    T0] IOAPIC[0]: apic_id 0, version 17, address 0xfec00000, GSI 0-23
[    0.262403][    T0] ACPI: INT_SRC_OVR (bus 0 bus_irq 0 global_irq 2 dfl dfl)
[    0.265534][    T0] ACPI: INT_SRC_OVR (bus 0 bus_irq 5 global_irq 5 high level)
[    0.268939][    T0] ACPI: INT_SRC_OVR (bus 0 bus_irq 9 global_irq 9 high level)
[    0.272443][    T0] ACPI: INT_SRC_OVR (bus 0 bus_irq 10 global_irq 10 high level)
[    0.275906][    T0] ACPI: INT_SRC_OVR (bus 0 bus_irq 11 global_irq 11 high level)
[    0.279463][    T0] ACPI: Using ACPI (MADT) for SMP configuration information
[    0.282884][    T0] ACPI: HPET id: 0x8086a201 base: 0xfed00000
[    0.285617][    T0] TSC deadline timer available
[    0.287681][    T0] CPU topo: Max. logical packages:   1
[    0.290095][    T0] CPU topo: Max. logical dies:       1
[    0.292521][    T0] CPU topo: Max. dies per package:   1
[    0.295146][    T0] CPU topo: Max. threads per core:   1
[    0.297523][    T0] CPU topo: Num. cores per package:     2
[    0.300043][    T0] CPU topo: Num. threads per package:   2
[    0.302693][    T0] CPU topo: Allowing 2 present CPUs plus 0 hotplug CPUs
[    0.305861][    T0] kvm-guest: APIC: eoi() replaced with kvm_guest_apic_eoi_write()
[    0.309471][    T0] kvm-guest: KVM setup pv remote TLB flush
[    0.312143][    T0] kvm-guest: setup PV sched yield
[    0.314474][    T0] PM: hibernation: Registered nosave memory: [mem 0x00000000-0x00000fff]
[    0.318371][    T0] PM: hibernation: Registered nosave memory: [mem 0x0009f000-0x0009ffff]
[    0.322352][    T0] PM: hibernation: Registered nosave memory: [mem 0x000a0000-0x000effff]
[    0.326169][    T0] PM: hibernation: Registered nosave memory: [mem 0x000f0000-0x000fffff]
[    0.329967][    T0] [mem 0x80000000-0xfeffbfff] available for PCI devices
[    0.333353][    T0] Booting paravirtualized kernel on KVM
[    0.335911][    T0] clocksource: refined-jiffies: mask: 0xffffffff max_cycles: 0xffffffff, max_idle_ns: 19112604462750000 ns
[    0.405137][    T0] setup_percpu: NR_CPUS:8 nr_cpumask_bits:2 nr_cpu_ids:2 nr_node_ids:1
[    0.409220][    T0] percpu: Embedded 74 pages/cpu s265288 r8192 d29624 u1048576
[    0.412679][    T0] kvm-guest: PV spinlocks enabled
[    0.414917][    T0] PV qspinlock hash table entries: 256 (order: 0, 4096 bytes, linear)
[    0.418542][    T0] Kernel command line: console=ttyS0 oops=panic panic=86400 nokaslr earlyprintk=serial rdinit=/init
[    0.424180][    T0] random: crng init done
[    0.426214][    T0] printk: log buffer data + meta data: 262144 + 917504 = 1179648 bytes
[    0.430164][    T0] Dentry cache hash table entries: 262144 (order: 9, 2097152 bytes, linear)
[    0.434449][    T0] Inode-cache hash table entries: 131072 (order: 8, 1048576 bytes, linear)
[    0.438636][    T0] Fallback order for Node 0: 0 
[    0.438662][    T0] Built 1 zonelists, mobility grouping on.  Total pages: 524158
[    0.444335][    T0] Policy zone: DMA32
[    0.446623][    T0] mem auto-init: stack:all(zero), heap alloc:on, heap free:off
[    0.450174][    T0] stackdepot: allocating hash table via alloc_large_system_hash
[    0.453720][    T0] stackdepot hash table entries: 1048576 (order: 12, 16777216 bytes, linear)
[    0.716603][    T0] SLUB: HWalign=64, Order=0-3, MinObjects=0, CPUs=2, Nodes=1
[    0.723698][    T0] allocated 4194304 bytes of page_ext
[    0.728491][    T0] Dynamic Preempt: full
[    0.732327][    T0] Running RCU self tests
[    0.735299][    T0] Running RCU synchronous self tests
[    0.738988][    T0] rcu: Preemptible hierarchical RCU implementation.
[    0.743920][    T0] rcu: 	RCU lockdep checking is enabled.
[    0.747880][    T0] rcu: 	RCU restricting CPUs from NR_CPUS=8 to nr_cpu_ids=2.
[    0.753182][    T0] rcu: 	RCU callback double-/use-after-free debug is enabled.
[    0.758291][    T0] rcu: 	RCU debug extended QS entry/exit.
[    0.762285][    T0] 	Trampoline variant of Tasks RCU enabled.
[    0.766348][    T0] 	Tracing variant of Tasks RCU enabled.
[    0.770222][    T0] rcu: RCU calculated value of scheduler-enlistment delay is 10 jiffies.
[    0.775959][    T0] rcu: Adjusting geometry for rcu_fanout_leaf=16, nr_cpu_ids=2
[    0.781334][    T0] Running RCU synchronous self tests
[    0.785038][    T0] RCU Tasks: Setting shift to 1 and lim to 1 rcu_task_cb_adjust=1 rcu_task_cpu_ids=2.
[    0.791627][    T0] RCU Tasks Trace: Setting shift to 1 and lim to 1 rcu_task_cb_adjust=1 rcu_task_cpu_ids=2.
[    0.954309][    T0] NR_IRQS: 4352, nr_irqs: 440, preallocated irqs: 16
[    0.959642][    T0] rcu: srcu_init: Setting srcu_struct sizes based on contention.
[    0.964183][    T0] kfence: initialized - using 2097152 bytes for 255 objects at 0x(____ptrval____)-0x(____ptrval____)
[    0.983468][    T0] Console: colour VGA+ 80x25
[    0.986907][    T0] printk: legacy console [ttyS0] enabled
[    0.986907][    T0] printk: legacy console [ttyS0] enabled
[    0.994710][    T0] printk: legacy bootconsole [earlyser0] disabled
[    0.994710][    T0] printk: legacy bootconsole [earlyser0] disabled
[    1.003661][    T0] Lock dependency validator: Copyright (c) 2006 Red Hat, Inc., Ingo Molnar
[    1.006114][    T0] ... MAX_LOCKDEP_SUBCLASSES:  8
[    1.009226][    T0] ... MAX_LOCK_DEPTH:          48
[    1.012702][    T0] ... MAX_LOCKDEP_KEYS:        8192
[    1.016444][    T0] ... CLASSHASH_SIZE:          4096
[    1.020150][    T0] ... MAX_LOCKDEP_ENTRIES:     1048576
[    1.023955][    T0] ... MAX_LOCKDEP_CHAINS:      1048576
[    1.027805][    T0] ... CHAINHASH_SIZE:          524288
[    1.031543][    T0]  memory used by lock dependency info: 106625 kB
[    1.036107][    T0]  memory used for stack traces: 8320 kB
[    1.040144][    T0]  per task-struct memory footprint: 1920 bytes
[    1.044666][    T0] ACPI: Core revision 20240827
[    1.048758][    T0] clocksource: hpet: mask: 0xffffffff max_cycles: 0xffffffff, max_idle_ns: 19112604467 ns
[    1.056397][    T0] APIC: Switch to symmetric I/O mode setup
[    1.061351][    T0] x2apic enabled
[    1.064713][    T0] APIC: Switched APIC routing to: physical x2apic
[    1.073805][    T0] kvm-guest: APIC: send_IPI_mask() replaced with kvm_send_ipi_mask()
[    1.075217][    T0] kvm-guest: APIC: send_IPI_mask_allbutself() replaced with kvm_send_ipi_mask_allbutself()
[    1.081352][    T0] kvm-guest: setup PV IPIs
[    1.086466][    T0] ..TIMER: vector=0x30 apic1=0 pin1=2 apic2=-1 pin2=-1
[    1.091163][    T0] clocksource: tsc-early: mask: 0xffffffffffffffff max_cycles: 0x325b186289d, max_idle_ns: 440795326624 ns
[    1.099025][    T0] Calibrating delay loop (skipped) preset value.. 6986.87 BogoMIPS (lpj=34934360)
[    1.105416][    T0] x86/cpu: User Mode Instruction Prevention (UMIP) activated
[    1.109260][    T0] Last level iTLB entries: 4KB 512, 2MB 255, 4MB 127
[    1.113748][    T0] Last level dTLB entries: 4KB 512, 2MB 255, 4MB 127, 1GB 0
[    1.119060][    T0] Spectre V1 : Mitigation: usercopy/swapgs barriers and __user pointer sanitization
[    1.129032][    T0] Spectre V2 : Mitigation: Retpolines
[    1.132682][    T0] Spectre V2 : Spectre v2 / SpectreRSB mitigation: Filling RSB on context switch
[    1.139023][    T0] Spectre V2 : Spectre v2 / SpectreRSB : Filling RSB on VMEXIT
[    1.144162][    T0] Spectre V2 : Enabling Speculation Barrier for firmware calls
[    1.149024][    T0] RETBleed: Mitigation: untrained return thunk
[    1.159058][    T0] Spectre V2 : mitigation: Enabling conditional Indirect Branch Prediction Barrier
[    1.165355][    T0] Speculative Store Bypass: Mitigation: Speculative Store Bypass disabled via prctl
[    1.169025][    T0] Speculative Return Stack Overflow: IBPB-extending microcode not applied!
[    1.179024][    T0] Speculative Return Stack Overflow: WARNING: See https://kernel.org/doc/html/latest/admin-guide/hw-vuln/srso.html for mitigation options.
[    1.179042][    T0] Speculative Return Stack Overflow: Vulnerable: Safe RET, no microcode
[    1.199084][    T0] x86/fpu: Supporting XSAVE feature 0x001: 'x87 floating point registers'
[    1.204849][    T0] x86/fpu: Supporting XSAVE feature 0x002: 'SSE registers'
[    1.209022][    T0] x86/fpu: Supporting XSAVE feature 0x004: 'AVX registers'
[    1.213618][    T0] x86/fpu: xstate_offset[2]:  576, xstate_sizes[2]:  256
[    1.219021][    T0] x86/fpu: Enabled xstate features 0x7, context size is 832 bytes, using 'compacted' format.
[    1.690713][    T0] Freeing SMP alternatives memory: 124K
[    1.693359][    T0] pid_max: default: 32768 minimum: 301
[    1.696349][    T0] LSM: initializing lsm=lockdown,capability,landlock,yama,safesetid,tomoyo,apparmor,bpf,ima,evm
[    1.700110][    T0] landlock: Up and running.
[    1.702153][    T0] Yama: becoming mindful.
[    1.704866][    T0] TOMOYO Linux initialized
[    1.711006][    T0] AppArmor: AppArmor initialized
[    1.718005][    T0] LSM support for eBPF active
[    1.720302][    T0] Mount-cache hash table entries: 4096 (order: 3, 32768 bytes, linear)
[    1.723890][    T0] Mountpoint-cache hash table entries: 4096 (order: 3, 32768 bytes, linear)
[    1.735127][    T0] Running RCU synchronous self tests
[    1.737400][    T0] Running RCU synchronous self tests
[    1.740257][    T1] smpboot: CPU0: AMD Ryzen Threadripper PRO 3975WX 32-Cores (family: 0x17, model: 0x31, stepping: 0x0)
[    1.750835][    T1] Running RCU Tasks wait API self tests
[    1.859755][    T1] Running RCU Tasks Trace wait API self tests
[    1.863041][    T1] Performance Events: Fam17h+ core perfctr, AMD PMU driver.
[    1.866894][    T1] ... version:                0
[    1.869041][    T1] ... bit width:              48
[    1.872424][    T1] ... generic registers:      6
[    1.875652][    T1] ... value mask:             0000ffffffffffff
[    1.879152][   T15] Callback from call_rcu_tasks_trace() invoked.
[    1.882181][    T1] ... max period:             00007fffffffffff
[    1.885698][    T1] ... fixed-purpose events:   0
[    1.888420][    T1] ... event mask:             000000000000003f
[    1.891065][    T1] signal: max sigframe size: 1776
[    1.894177][    T1] rcu: Hierarchical SRCU implementation.
[    1.896825][    T1] rcu: 	Max phase no-delay instances is 1000.
[    1.900413][    T1] Timer migration: 1 hierarchy levels; 8 children per group; 1 crossnode level
[    2.022905][    T1] smp: Bringing up secondary CPUs ...
[    2.030707][    T1] smpboot: x86: Booting SMP configuration:
[    2.033571][    T1] .... node  #0, CPUs:      #1
[    2.034045][    T1] smp: Brought up 1 node, 2 CPUs
[    2.039104][    T1] smpboot: Total of 2 processors activated (13973.74 BogoMIPS)
[    2.045316][    T1] Memory: 1296248K/2096632K available (167936K kernel code, 40898K rwdata, 38828K rodata, 26576K init, 119844K bss, 789484K reserved, 0K cma-reserved)
[    2.051756][    T1] devtmpfs: initialized
[    2.053504][    T1] x86/mm: Memory block size: 128MB
[    2.089139][   T14] Callback from call_rcu_tasks() invoked.
[    2.111987][    T1] Running RCU synchronous self tests
[    2.114270][    T1] Running RCU synchronous self tests
[    2.116407][    T1] clocksource: jiffies: mask: 0xffffffff max_cycles: 0xffffffff, max_idle_ns: 19112604462750000 ns
[    2.116407][    T1] futex hash table entries: 512 (order: 4, 65536 bytes, linear)
[    2.129027][    T1] PM: RTC time: 21:29:28, date: 2026-05-24
[    2.139027][    T1] NET: Registered PF_NETLINK/PF_ROUTE protocol family
[    2.148059][    T1] audit: initializing netlink subsys (disabled)
[    2.159652][   T29] audit: type=2000 audit(1779658169.222:1): state=initialized audit_enabled=0 res=1
[    2.164202][    T1] thermal_sys: Registered thermal governor 'step_wise'
[    2.164238][    T1] thermal_sys: Registered thermal governor 'user_space'
[    2.169046][    T1] cpuidle: using governor menu
[    2.177620][    T1] NET: Registered PF_QIPCRTR protocol family
[    2.183078][    T1] dca service started, version 1.12.1
[    2.183078][    T1] PCI: Using configuration type 1 for base access
[    2.184562][    T1] PCI: Using configuration type 1 for extended access
[    2.200171][    T1] HugeTLB: registered 1.00 GiB page size, pre-allocated 0 pages
[    2.204480][    T1] HugeTLB: 16380 KiB vmemmap can be freed for a 1.00 GiB page
[    2.209062][    T1] HugeTLB: registered 2.00 MiB page size, pre-allocated 0 pages
[    2.214273][    T1] HugeTLB: 28 KiB vmemmap can be freed for a 2.00 MiB page
[    2.239543][    T1] cryptd: max_cpu_qlen set to 1000
[    2.271437][    T1] raid6: skipped pq benchmark and selected avx2x4
[    2.274529][    T1] raid6: using avx2x2 recovery algorithm
[    2.279684][    T1] ACPI: Added _OSI(Module Device)
[    2.282530][    T1] ACPI: Added _OSI(Processor Device)
[    2.286133][    T1] ACPI: Added _OSI(3.0 _SCP Extensions)
[    2.289043][    T1] ACPI: Added _OSI(Processor Aggregator Device)
[    2.373114][    T1] ACPI: 1 ACPI AML tables successfully acquired and loaded
[    2.411653][    T1] ACPI: Interpreter enabled
[    2.414465][    T1] ACPI: PM: (supports S0 S3 S4 S5)
[    2.417380][    T1] ACPI: Using IOAPIC for interrupt routing
[    2.419468][    T1] PCI: Using host bridge windows from ACPI; if necessary, use "pci=nocrs" and report a bug
[    2.426370][    T1] PCI: Using E820 reservations for host bridge windows
[    2.434491][    T1] ACPI: Enabled 2 GPEs in block 00 to 0F
[    2.616823][    T1] ACPI: PCI Root Bridge [PCI0] (domain 0000 [bus 00-ff])
[    2.619161][    T1] acpi PNP0A03:00: _OSC: OS supports [ExtendedConfig ASPM ClockPM Segments MSI HPX-Type3]
[    2.632001][    T1] PCI host bridge to bus 0000:00
[    2.635831][    T1] pci_bus 0000:00: root bus resource [io  0x0000-0x0cf7 window]
[    2.639076][    T1] pci_bus 0000:00: root bus resource [io  0x0d00-0xffff window]
[    2.644313][    T1] pci_bus 0000:00: root bus resource [mem 0x000a0000-0x000bffff window]
[    2.649074][    T1] pci_bus 0000:00: root bus resource [mem 0x80000000-0xfebfffff window]
[    2.654834][    T1] pci_bus 0000:00: root bus resource [mem 0x100000000-0x17fffffff window]
[    2.659085][    T1] pci_bus 0000:00: root bus resource [bus 00-ff]
[    2.664244][    T1] pci 0000:00:00.0: [8086:1237] type 00 class 0x060000 conventional PCI endpoint
[    2.718455][    T1] pci 0000:00:01.0: [8086:7000] type 00 class 0x060100 conventional PCI endpoint
[    2.766610][    T1] pci 0000:00:01.1: [8086:7010] type 00 class 0x010180 conventional PCI endpoint
[    2.771719][    T1] pci 0000:00:01.1: BAR 4 [io  0xc000-0xc00f]
[    2.777032][    T1] pci 0000:00:01.1: BAR 0 [io  0x01f0-0x01f7]: legacy IDE quirk
[    2.779048][    T1] pci 0000:00:01.1: BAR 1 [io  0x03f6]: legacy IDE quirk
[    2.783771][    T1] pci 0000:00:01.1: BAR 2 [io  0x0170-0x0177]: legacy IDE quirk
[    2.788928][    T1] pci 0000:00:01.1: BAR 3 [io  0x0376]: legacy IDE quirk
[    2.790889][    T1] pci 0000:00:01.3: [8086:7113] type 00 class 0x068000 conventional PCI endpoint
[    2.797964][    T1] pci 0000:00:01.3: quirk: [io  0x0600-0x063f] claimed by PIIX4 ACPI
[    2.799060][    T1] pci 0000:00:01.3: quirk: [io  0x0700-0x070f] claimed by PIIX4 SMB
[    2.806276][    T1] pci 0000:00:02.0: [1234:1111] type 00 class 0x030000 conventional PCI endpoint
[    2.811078][    T1] pci 0000:00:02.0: BAR 0 [mem 0xfd000000-0xfdffffff pref]
[    2.819052][    T1] pci 0000:00:02.0: BAR 2 [mem 0xfebf0000-0xfebf0fff]
[    2.829054][    T1] pci 0000:00:02.0: ROM [mem 0xfebe0000-0xfebeffff pref]
[    2.834417][    T1] pci 0000:00:02.0: Video device with shadowed ROM at [mem 0x000c0000-0x000dffff]
[    2.900919][    T1] ACPI: PCI: Interrupt link LNKA configured for IRQ 10
[    2.910583][    T1] ACPI: PCI: Interrupt link LNKB configured for IRQ 10
[    2.920140][    T1] ACPI: PCI: Interrupt link LNKC configured for IRQ 11
[    2.929754][    T1] ACPI: PCI: Interrupt link LNKD configured for IRQ 11
[    2.936479][    T1] ACPI: PCI: Interrupt link LNKS configured for IRQ 9
[    2.969113][    T1] iommu: Default domain type: Translated
[    2.972959][    T1] iommu: DMA domain TLB invalidation policy: lazy mode
[    2.983353][    T1] SCSI subsystem initialized
[    3.001129][    T1] ACPI: bus type USB registered
[    3.005308][    T1] usbcore: registered new interface driver usbfs
[    3.009527][    T1] usbcore: registered new interface driver hub
[    3.014161][    T1] usbcore: registered new device driver usb
[    3.021454][    T1] mc: Linux media interface: v0.10
[    3.025352][    T1] videodev: Linux video capture interface: v2.00
[    3.030038][    T1] pps_core: LinuxPPS API ver. 1 registered
[    3.034041][    T1] pps_core: Software ver. 5.3.6 - Copyright 2005-2007 Rodolfo Giometti <giometti@linux.it>
[    3.039221][    T1] PTP clock support registered
[    3.059286][    T1] EDAC MC: Ver: 3.0.0
[    3.067458][    T1] Advanced Linux Sound Architecture Driver Initialized.
[    3.076189][    T1] Bluetooth: Core ver 2.22
[    3.079311][    T1] NET: Registered PF_BLUETOOTH protocol family
[    3.084969][    T1] Bluetooth: HCI device and connection manager initialized
[    3.089136][    T1] Bluetooth: HCI socket layer initialized
[    3.093080][    T1] Bluetooth: L2CAP socket layer initialized
[    3.097227][    T1] Bluetooth: SCO socket layer initialized
[    3.099186][    T1] NET: Registered PF_ATMPVC protocol family
[    3.104469][    T1] NET: Registered PF_ATMSVC protocol family
[    3.109188][    T1] NetLabel: Initializing
[    3.112149][    T1] NetLabel:  domain hash size = 128
[    3.115705][    T1] NetLabel:  protocols = UNLABELED CIPSOv4 CALIPSO
[    3.119666][    T1] NetLabel:  unlabeled traffic allowed by default
[    3.125098][    T1] nfc: nfc_init: NFC Core ver 0.1
[    3.129652][    T1] NET: Registered PF_NFC protocol family
[    3.133874][    T1] PCI: Using ACPI for IRQ routing
[    3.138600][    T1] pci 0000:00:02.0: vgaarb: setting as boot VGA device
[    3.138999][    T1] pci 0000:00:02.0: vgaarb: bridge control possible
[    3.138999][    T1] pci 0000:00:02.0: vgaarb: VGA device added: decodes=io+mem,owns=io+mem,locks=none
[    3.139514][    T1] vgaarb: loaded
[    3.143231][    T1] hpet0: at MMIO 0xfed00000, IRQs 2, 8, 0
[    3.145986][    T1] hpet0: 3 comparators, 64-bit 100.000000 MHz counter
[    3.152263][    T1] clocksource: Switched to clocksource kvm-clock
[    3.158999][    T1] VFS: Disk quotas dquot_6.6.0
[    3.159976][    T1] VFS: Dquot-cache hash table entries: 512 (order 0, 4096 bytes)
[    3.167288][    T1] netfs: FS-Cache loaded
[    3.171009][    T1] CacheFiles: Loaded
[    3.173666][    T1] TOMOYO: 2.6.0
[    3.175443][    T1] Mandatory Access Control activated.
[    3.184075][    T1] AppArmor: AppArmor Filesystem Enabled
[    3.188446][    T1] pnp: PnP ACPI init
[    3.207417][    T1] pnp: PnP ACPI: found 6 devices
[    3.319834][    T1] clocksource: acpi_pm: mask: 0xffffff max_cycles: 0xffffff, max_idle_ns: 2085701024 ns
[    3.327214][    T1] NET: Registered PF_INET protocol family
[    3.331130][    T1] IP idents hash table entries: 32768 (order: 6, 262144 bytes, linear)
[    3.341478][    T1] tcp_listen_portaddr_hash hash table entries: 1024 (order: 4, 73728 bytes, linear)
[    3.349836][    T1] Table-perturb hash table entries: 65536 (order: 6, 262144 bytes, linear)
[    3.356114][    T1] TCP established hash table entries: 16384 (order: 5, 131072 bytes, linear)
[    3.365488][    T1] TCP bind hash table entries: 16384 (order: 9, 2359296 bytes, linear)
[    3.374350][    T1] TCP: Hash tables configured (established 16384 bind 16384)
[    3.380748][    T1] MPTCP token hash table entries: 2048 (order: 5, 180224 bytes, linear)
[    3.386908][    T1] UDP hash table entries: 1024 (order: 6, 262144 bytes, linear)
[    3.392401][    T1] UDP-Lite hash table entries: 1024 (order: 6, 262144 bytes, linear)
[    3.399110][    T1] NET: Registered PF_UNIX/PF_LOCAL protocol family
[    3.437090][    T1] RPC: Registered named UNIX socket transport module.
[    3.442796][    T1] RPC: Registered udp transport module.
[    3.447561][    T1] RPC: Registered tcp transport module.
[    3.452110][    T1] RPC: Registered tcp-with-tls transport module.
[    3.457386][    T1] RPC: Registered tcp NFSv4.1 backchannel transport module.
[    3.479602][    T1] NET: Registered PF_XDP protocol family
[    3.484205][    T1] pci_bus 0000:00: resource 4 [io  0x0000-0x0cf7 window]
[    3.490080][    T1] pci_bus 0000:00: resource 5 [io  0x0d00-0xffff window]
[    3.495911][    T1] pci_bus 0000:00: resource 6 [mem 0x000a0000-0x000bffff window]
[    3.502527][    T1] pci_bus 0000:00: resource 7 [mem 0x80000000-0xfebfffff window]
[    3.509391][    T1] pci_bus 0000:00: resource 8 [mem 0x100000000-0x17fffffff window]
[    3.518011][    T1] pci 0000:00:01.0: PIIX3: Enabling Passive Release
[    3.523590][    T1] pci 0000:00:00.0: Limiting direct PCI/PCI transfers
[    3.529571][    T1] PCI: CLS 0 bytes, default 64
[    3.543182][   T51] Trying to unpack rootfs image as initramfs...
[    3.545608][    T1] ACPI: bus type thunderbolt registered
[    3.552987][    T1] kvm_intel: VMX not supported by CPU 1
[    3.566148][    T1] kvm_amd: Nested Virtualization enabled
[    3.568900][    T1] kvm_amd: Nested Paging enabled
[    3.631396][    T1] clocksource: tsc: mask: 0xffffffffffffffff max_cycles: 0x325b186289d, max_idle_ns: 440795326624 ns
[    3.665215][    T1] AES CTR mode by8 optimization enabled
[    4.037666][   T51] Freeing initrd memory: 1380K
[    4.042196][   T76] kworker/u8:4 (76) used greatest stack depth: 28416 bytes left
[    4.048398][   T68] kworker/u8:4 (68) used greatest stack depth: 28192 bytes left
[   19.530330][    T1] Initialise system trusted keyrings
[   19.534340][    T1] workingset: timestamp_bits=40 max_order=19 bucket_order=0
[   19.544228][    T1] DLM installed
[   19.554695][    T1] squashfs: version 4.0 (2009/01/31) Phillip Lougher
[   19.573792][    T1] NFS: Registering the id_resolver key type
[   19.578547][    T1] Key type id_resolver registered
[   19.580876][    T1] Key type id_legacy registered
[   19.583238][    T1] nfs4filelayout_init: NFSv4 File Layout Driver Registering...
[   19.601015][    T1] nfs4flexfilelayout_init: NFSv4 Flexfile Layout Driver Registering...
[   19.620701][    T1] Key type cifs.spnego registered
[   19.621910][    T1] Key type cifs.idmap registered
[   19.626483][    T1] ntfs3: Enabled Linux POSIX ACLs support
[   19.627575][    T1] ntfs3: Read-only LZX/Xpress compression included
[   19.628959][    T1] efs: 1.0a - http://aeschi.ch.eu.org/efs/
[   19.630096][    T1] jffs2: version 2.2. (NAND) (SUMMARY)  © 2001-2006 Red Hat, Inc.
[   19.633937][    T1] romfs: ROMFS MTD (C) 2007 Red Hat, Inc.
[   19.637048][    T1] QNX4 filesystem 0.2.3 registered.
[   19.639452][    T1] qnx6: QNX6 filesystem 1.0.0 registered.
[   19.645238][    T1] fuse: init (API version 7.41)
[   19.654152][    T1] orangefs_debugfs_init: called with debug mask: :none: :0:
[   19.658709][    T1] orangefs_init: module version upstream loaded
[   19.662085][    T1] JFS: nTxBlock = 8192, nTxLock = 65536
[   19.687136][    T1] SGI XFS with ACLs, security attributes, realtime, quota, no debug enabled
[   19.703520][    T1] 9p: Installing v9fs 9p2000 file system support
[   19.705240][    T1] NILFS version 2 loaded
[   19.706713][    T1] befs: version: 0.9.3
[   19.708384][    T1] ocfs2: Registered cluster interface o2cb
[   19.710221][    T1] ocfs2: Registered cluster interface user
[   19.723896][    T1] OCFS2 User DLM kernel interface loaded
[   19.753153][    T1] gfs2: GFS2 installed
[   19.763971][    T1] ceph: loaded (mds proto 32)
[   19.765790][  T121] kworker/u8:1 (121) used greatest stack depth: 27536 bytes left
[   19.854107][    T1] NET: Registered PF_ALG protocol family
[   19.857317][    T1] xor: automatically using best checksumming function   avx       
[   19.860503][    T1] async_tx: api initialized (async)
[   19.863066][    T1] Key type asymmetric registered
[   19.865783][    T1] Asymmetric key parser 'x509' registered
[   19.868629][    T1] Asymmetric key parser 'pkcs8' registered
[   19.871528][    T1] Key type pkcs7_test registered
[   19.874532][    T1] Block layer SCSI generic (bsg) driver version 0.4 loaded (major 238)
[   19.879810][    T1] io scheduler mq-deadline registered
[   19.880813][    T1] io scheduler kyber registered
[   19.881965][    T1] io scheduler bfq registered
[   19.912199][  T134] kworker/u8:3 (134) used greatest stack depth: 27472 bytes left
[   19.914205][    T1] input: Power Button as /devices/LNXSYSTM:00/LNXPWRBN:00/input/input0
[   19.923795][    T1] ACPI: button: Power Button [PWRF]
[   19.937329][    T1] ioatdma: Intel(R) QuickData Technology Driver 5.00
[   20.465410][    T1] N_HDLC line discipline registered with maxframe=4096
[   20.470783][    T1] Serial: 8250/16550 driver, 4 ports, IRQ sharing enabled
[   20.480576][    T1] 00:04: ttyS0 at I/O 0x3f8 (irq = 4, base_baud = 115200) is a 16550A
[   20.530052][    T1] Non-volatile memory driver v1.3
[   20.532532][    T1] Linux agpgart interface v0.103
[   20.538370][    T1] usbcore: registered new interface driver xillyusb
[   20.552493][    T1] ACPI: bus type drm_connector registered
[   20.567036][    T1] [drm] Initialized vgem 1.0.0 for vgem on minor 0
[   20.583109][    T1] [drm] Initialized vkms 1.0.0 for vkms on minor 1
[   20.685988][    T1] Console: switching to colour frame buffer device 128x48
[   20.719144][    T1] platform vkms: [drm] fb0: vkmsdrmfb frame buffer device
[   20.723267][    T1] usbcore: registered new interface driver udl
[   20.729167][    T1] bochs-drm 0000:00:02.0: vgaarb: deactivate vga console
[   20.743261][    T1] [drm] Found bochs VGA, ID 0xb0c5.
[   20.749533][    T1] [drm] Framebuffer size 16384 kB @ 0xfd000000, mmio @ 0xfebf0000.
[   20.780870][    T1] [drm] Initialized bochs-drm 1.0.0 for 0000:00:02.0 on minor 2
[   20.886145][    T1] fbcon: bochs-drmdrmfb (fb1) is primary device
[   20.886181][    T1] fbcon: Remapping primary device, fb1, to tty 1-63
[   23.431279][    T1] bochs-drm 0000:00:02.0: [drm] fb1: bochs-drmdrmfb frame buffer device
[   23.437870][    T1] usbcore: registered new interface driver gm12u320
[   23.442357][    T1] usbcore: registered new interface driver gud
[   23.502726][  T794] kworker/u8:1 (794) used greatest stack depth: 27248 bytes left
[   23.583300][    T1] brd: module loaded
[   23.789325][    T1] loop: module loaded
[   23.933947][  T878] kworker/u8:5 (878) used greatest stack depth: 27200 bytes left
[   24.039847][    T1] zram: Added device: zram0
[   24.056064][    T1] null_blk: disk nullb0 created
[   24.058585][    T1] null_blk: module loaded
[   24.061885][    T1] Guest personality initialized and is inactive
[   24.067298][    T1] VMCI host device registered (name=vmci, major=10, minor=118)
[   24.070738][    T1] Initialized host personality
[   24.073165][    T1] usbcore: registered new interface driver rtsx_usb
[   24.079366][    T1] usbcore: registered new interface driver viperboard
[   24.083278][    T1] usbcore: registered new interface driver dln2
[   24.089033][    T1] usbcore: registered new interface driver pn533_usb
[   24.097618][    T1] nfcsim 0.2 initialized
[   24.100162][    T1] usbcore: registered new interface driver port100
[   24.107988][    T1] usbcore: registered new interface driver nfcmrvl
[   24.126016][    T1] Loading iSCSI transport class v2.0-870.
[   24.146252][    T1] st: Version 20160209, fixed bufsize 32768, s/g segs 256
[   24.222577][    T1] scsi host0: ata_piix
[   24.233477][    T1] scsi host1: ata_piix
[   24.237502][    T1] ata1: PATA max MWDMA2 cmd 0x1f0 ctl 0x3f6 bmdma 0xc000 irq 14 lpm-pol 0
[   24.241311][    T1] ata2: PATA max MWDMA2 cmd 0x170 ctl 0x376 bmdma 0xc008 irq 15 lpm-pol 0
[   24.258683][    T1] Rounding down aligned max_sectors from 4294967295 to 4294967288
[   24.263565][    T1] db_root: cannot open: /etc/target
[   24.266074][    T1] slram: not enough parameters.
[   24.279365][    T1] ftl_cs: FTL header not found.
[   24.359413][    T1] wireguard: WireGuard 1.0.0 loaded. See www.wireguard.com for information.
[   24.360941][    T1] wireguard: Copyright (C) 2015-2019 Jason A. Donenfeld <Jason@zx2c4.com>. All Rights Reserved.
[   24.362640][    T1] eql: Equalizer2002: Simon Janes (simon@ncm.com) and David S. Miller (davem@redhat.com)
[   24.382244][    T1] MACsec IEEE 802.1AE
[   24.425711][ T1006] ata2: found unknown device (class 0)
[   24.428259][    T1] usbcore: registered new interface driver mvusb_mdio
[   24.436851][    T1] tun: Universal TUN/TAP device driver, 1.6
[   24.443915][    T1] vcan: Virtual CAN interface driver
[   24.450156][    T1] vxcan: Virtual CAN Tunnel driver
[   24.454414][    T1] slcan: serial line CAN interface driver
[   24.454540][ T1006] ata2.00: ATAPI: QEMU DVD-ROM, 2.5+, max UDMA/100
[   24.458362][    T1] CAN device driver interface
[   24.463472][    T1] usbcore: registered new interface driver usb_8dev
[   24.467946][    T1] usbcore: registered new interface driver ems_usb
[   24.471987][    T1] usbcore: registered new interface driver esd_usb
[   24.474001][   T37] scsi 1:0:0:0: CD-ROM            QEMU     QEMU DVD-ROM     2.5+ PQ: 0 ANSI: 5
[   24.477565][    T1] usbcore: registered new interface driver etas_es58x
[   24.485778][    T1] usbcore: registered new interface driver f81604
[   24.489518][    T1] usbcore: registered new interface driver gs_usb
[   24.493332][    T1] usbcore: registered new interface driver kvaser_usb
[   24.505120][    T1] usbcore: registered new interface driver mcba_usb
[   24.508661][    T1] usbcore: registered new interface driver peak_usb
[   24.514304][    T1] usbcore: registered new interface driver ucan
[   24.519566][    T1] e100: Intel(R) PRO/100 Network Driver
[   24.522419][    T1] e100: Copyright(c) 1999-2006 Intel Corporation
[   24.523805][    T1] e1000: Intel(R) PRO/1000 Network Driver
[   24.525058][    T1] e1000: Copyright (c) 1999-2006 Intel Corporation.
[   24.527921][    T1] e1000e: Intel(R) PRO/1000 Network Driver
[   24.529428][    T1] e1000e: Copyright(c) 1999 - 2015 Intel Corporation.
[   24.541737][    T1] mkiss: AX.25 Multikiss, Hans Albas PE1AYX
[   24.544632][    T1] AX.25: bpqether driver version 004
[   24.547298][    T1] PPP generic driver version 2.4.2
[   24.551433][    T1] PPP BSD Compression module registered
[   24.554191][    T1] PPP Deflate Compression module registered
[   24.556976][    T1] PPP MPPE Compression module registered
[   24.559093][    T1] NET: Registered PF_PPPOX protocol family
[   24.561404][    T1] PPTP driver version 0.8.5
[   24.564195][    T1] SLIP: version 0.8.4-NET3.019-NEWTTY (dynamic channels, max=256) (6 bit encapsulation enabled).
[   24.568956][    T1] CSLIP: code copyright 1989 Regents of the University of California.
[   24.572900][    T1] SLIP linefill/keepalive option.
[   24.575257][    T1] hdlc: HDLC support module revision 1.22
[   24.578074][    T1] LAPB Ethernet driver version 0.02
[   24.581870][    T1] usbcore: registered new interface driver ath9k_htc
[   24.585193][    T1] usbcore: registered new interface driver carl9170
[   24.588506][    T1] usbcore: registered new interface driver ath6kl_usb
[   24.591850][    T1] usbcore: registered new interface driver ar5523
[   24.595684][    T1] usbcore: registered new interface driver ath10k_usb
[   24.598902][    T1] usbcore: registered new interface driver plfxlc
[   24.602780][   T37] sr 1:0:0:0: [sr0] scsi3-mmc drive: 4x/4x cd/rw xa/form2 tray
[   24.606157][    T1] mac80211_hwsim: initializing netlink
[   24.608876][   T37] cdrom: Uniform CD-ROM driver Revision: 3.20
[   24.652442][    T1] usbcore: registered new interface driver atusb
[   24.710842][   T37] sr 1:0:0:0: Attached scsi generic sg0 type 5
[   24.732090][    T1] mac802154_hwsim mac802154_hwsim: Added 2 mac802154 hwsim hardware radios
[   24.734306][    T1] VMware vmxnet3 virtual NIC driver - version 1.9.0.0-k-NAPI
[   24.739345][    T1] usbcore: registered new interface driver catc
[   24.741807][    T1] usbcore: registered new interface driver kaweth
[   24.744872][    T1] pegasus: Pegasus/Pegasus II USB Ethernet driver
[   24.749395][    T1] usbcore: registered new interface driver pegasus
[   24.752587][    T1] usbcore: registered new interface driver rtl8150
[   24.756645][    T1] usbcore: registered new device driver r8152-cfgselector
[   24.760273][    T1] usbcore: registered new interface driver r8152
[   24.763540][    T1] usbcore: registered new interface driver hso
[   24.766711][    T1] usbcore: registered new interface driver lan78xx
[   24.769972][    T1] usbcore: registered new interface driver asix
[   24.773009][    T1] usbcore: registered new interface driver ax88179_178a
[   24.776538][    T1] usbcore: registered new interface driver cdc_ether
[   24.779726][    T1] usbcore: registered new interface driver cdc_eem
[   24.782744][    T1] usbcore: registered new interface driver dm9601
[   24.785799][    T1] usbcore: registered new interface driver sr9700
[   24.788898][    T1] usbcore: registered new interface driver CoreChips
[   24.792203][    T1] usbcore: registered new interface driver smsc75xx
[   24.795624][    T1] usbcore: registered new interface driver smsc95xx
[   24.798805][    T1] usbcore: registered new interface driver gl620a
[   24.801932][    T1] usbcore: registered new interface driver net1080
[   24.805132][    T1] usbcore: registered new interface driver plusb
[   24.808190][    T1] usbcore: registered new interface driver rndis_host
[   24.811505][    T1] usbcore: registered new interface driver cdc_subset
[   24.814848][    T1] usbcore: registered new interface driver zaurus
[   24.818511][    T1] usbcore: registered new interface driver MOSCHIP usb-ethernet driver
[   24.822777][    T1] usbcore: registered new interface driver int51x1
[   24.826308][    T1] usbcore: registered new interface driver cdc_phonet
[   24.830030][    T1] usbcore: registered new interface driver kalmia
[   24.833660][    T1] usbcore: registered new interface driver ipheth
[   24.836749][    T1] usbcore: registered new interface driver sierra_net
[   24.839951][    T1] usbcore: registered new interface driver cx82310_eth
[   24.843244][    T1] usbcore: registered new interface driver cdc_ncm
[   24.846601][    T1] usbcore: registered new interface driver huawei_cdc_ncm
[   24.850128][    T1] usbcore: registered new interface driver lg-vl600
[   24.853511][    T1] usbcore: registered new interface driver qmi_wwan
[   24.856721][    T1] usbcore: registered new interface driver cdc_mbim
[   24.859862][    T1] usbcore: registered new interface driver ch9200
[   24.862907][    T1] usbcore: registered new interface driver aqc111
[   24.866169][    T1] usbcore: registered new interface driver r8153_ecm
[   24.877918][    T1] VFIO - User Level meta-driver version: 0.3
[   24.900824][    T1] aoe: AoE v85 initialised.
[   24.916345][    T1] SPI driver max3421-hcd has no spi_device_id for maxim,max3421
[   24.924476][    T1] usbcore: registered new interface driver cdc_acm
[   24.936332][    T1] cdc_acm: USB Abstract Control Model driver for USB modems and ISDN adapters
[   24.940424][    T1] usbcore: registered new interface driver usblp
[   24.944414][    T1] usbcore: registered new interface driver cdc_wdm
[   24.949192][    T1] usbcore: registered new interface driver usbtmc
[   24.954085][    T1] usbcore: registered new interface driver uas
[   24.961237][    T1] usbcore: registered new interface driver usb-storage
[   24.969591][    T1] usbcore: registered new interface driver ums-alauda
[   24.972705][    T1] usbcore: registered new interface driver ums-cypress
[   24.982639][    T1] usbcore: registered new interface driver ums-datafab
[   24.986943][    T1] usbcore: registered new interface driver ums_eneub6250
[   24.991598][    T1] usbcore: registered new interface driver ums-freecom
[   24.996208][    T1] usbcore: registered new interface driver ums-isd200
[   25.000408][    T1] usbcore: registered new interface driver ums-jumpshot
[   25.007184][    T1] usbcore: registered new interface driver ums-karma
[   25.013048][    T1] usbcore: registered new interface driver ums-onetouch
[   25.017508][    T1] usbcore: registered new interface driver ums-realtek
[   25.024277][    T1] usbcore: registered new interface driver ums-sddr09
[   25.030271][    T1] usbcore: registered new interface driver ums-sddr55
[   25.036296][    T1] usbcore: registered new interface driver ums-usbat
[   25.038578][    T1] usbcore: registered new interface driver mdc800
[   25.041626][    T1] mdc800: v0.7.5 (30/10/2000):USB Driver for Mustek MDC800 Digital Camera
[   25.048539][    T1] usbcore: registered new interface driver microtekX6
[   25.053176][    T1] usbcore: registered new interface driver usbserial_generic
[   25.057982][    T1] usbserial: USB Serial support registered for generic
[   25.062027][    T1] usbcore: registered new interface driver aircable
[   25.065899][    T1] usbserial: USB Serial support registered for aircable
[   25.069876][    T1] usbcore: registered new interface driver ark3116
[   25.073793][    T1] usbserial: USB Serial support registered for ark3116
[   25.077980][    T1] usbcore: registered new interface driver belkin_sa
[   25.082006][    T1] usbserial: USB Serial support registered for Belkin / Peracom / GoHubs USB Serial Adapter
[   25.087010][    T1] usbcore: registered new interface driver ch341
[   25.090334][    T1] usbserial: USB Serial support registered for ch341-uart
[   25.094008][    T1] usbcore: registered new interface driver cp210x
[   25.097349][    T1] usbserial: USB Serial support registered for cp210x
[   25.100842][    T1] usbcore: registered new interface driver cyberjack
[   25.104150][    T1] usbserial: USB Serial support registered for Reiner SCT Cyberjack USB card reader
[   25.109029][    T1] usbcore: registered new interface driver cypress_m8
[   25.113484][    T1] usbserial: USB Serial support registered for DeLorme Earthmate USB
[   25.117649][    T1] usbserial: USB Serial support registered for HID->COM RS232 Adapter
[   25.121891][    T1] usbserial: USB Serial support registered for Nokia CA-42 V2 Adapter
[   25.126114][    T1] usbcore: registered new interface driver usb_debug
[   25.129348][    T1] usbserial: USB Serial support registered for debug
[   25.132573][    T1] usbserial: USB Serial support registered for xhci_dbc
[   25.136085][    T1] usbcore: registered new interface driver digi_acceleport
[   25.139675][    T1] usbserial: USB Serial support registered for Digi 2 port USB adapter
[   25.143697][    T1] usbserial: USB Serial support registered for Digi 4 port USB adapter
[   25.147890][    T1] usbcore: registered new interface driver io_edgeport
[   25.151364][    T1] usbserial: USB Serial support registered for Edgeport 2 port adapter
[   25.155614][    T1] usbserial: USB Serial support registered for Edgeport 4 port adapter
[   25.161583][    T1] usbserial: USB Serial support registered for Edgeport 8 port adapter
[   25.166815][    T1] usbserial: USB Serial support registered for EPiC device
[   25.170997][    T1] usbcore: registered new interface driver io_ti
[   25.174308][    T1] usbserial: USB Serial support registered for Edgeport TI 1 port adapter
[   25.178701][    T1] usbserial: USB Serial support registered for Edgeport TI 2 port adapter
[   25.183052][    T1] usbcore: registered new interface driver empeg
[   25.186378][    T1] usbserial: USB Serial support registered for empeg
[   25.189887][    T1] usbcore: registered new interface driver f81534a_ctrl
[   25.193626][    T1] usbcore: registered new interface driver f81232
[   25.197071][    T1] usbserial: USB Serial support registered for f81232
[   25.200531][    T1] usbserial: USB Serial support registered for f81534a
[   25.204006][    T1] usbcore: registered new interface driver f81534
[   25.207321][    T1] usbserial: USB Serial support registered for Fintek F81532/F81534
[   25.211273][    T1] usbcore: registered new interface driver ftdi_sio
[   25.214632][    T1] usbserial: USB Serial support registered for FTDI USB Serial Device
[   25.218880][    T1] usbcore: registered new interface driver garmin_gps
[   25.222336][    T1] usbserial: USB Serial support registered for Garmin GPS usb/tty
[   25.226456][    T1] usbcore: registered new interface driver ipaq
[   25.229711][    T1] usbserial: USB Serial support registered for PocketPC PDA
[   25.233450][    T1] usbcore: registered new interface driver ipw
[   25.236654][    T1] usbserial: USB Serial support registered for IPWireless converter
[   25.240701][    T1] usbcore: registered new interface driver ir_usb
[   25.243954][    T1] usbserial: USB Serial support registered for IR Dongle
[   25.247472][    T1] usbcore: registered new interface driver iuu_phoenix
[   25.250975][    T1] usbserial: USB Serial support registered for iuu_phoenix
[   25.254430][    T1] usbcore: registered new interface driver keyspan
[   25.257534][    T1] usbserial: USB Serial support registered for Keyspan - (without firmware)
[   25.261811][    T1] usbserial: USB Serial support registered for Keyspan 1 port adapter
[   25.265932][    T1] usbserial: USB Serial support registered for Keyspan 2 port adapter
[   25.270060][    T1] usbserial: USB Serial support registered for Keyspan 4 port adapter
[   25.274291][    T1] usbcore: registered new interface driver keyspan_pda
[   25.278198][    T1] usbserial: USB Serial support registered for Keyspan PDA
[   25.281785][    T1] usbserial: USB Serial support registered for Keyspan PDA - (prerenumeration)
[   25.286499][    T1] usbcore: registered new interface driver kl5kusb105
[   25.290088][    T1] usbserial: USB Serial support registered for KL5KUSB105D / PalmConnect
[   25.294590][    T1] usbcore: registered new interface driver kobil_sct
[   25.298823][    T1] usbserial: USB Serial support registered for KOBIL USB smart card terminal
[   25.303125][    T1] usbcore: registered new interface driver mct_u232
[   25.306499][    T1] usbserial: USB Serial support registered for MCT U232
[   25.310092][    T1] usbcore: registered new interface driver metro_usb
[   25.313595][    T1] usbserial: USB Serial support registered for Metrologic USB to Serial
[   25.318057][    T1] usbcore: registered new interface driver mos7720
[   25.321437][    T1] usbserial: USB Serial support registered for Moschip 2 port adapter
[   25.325685][    T1] usbcore: registered new interface driver mos7840
[   25.329097][    T1] usbserial: USB Serial support registered for Moschip 7840/7820 USB Serial Driver
[   25.333221][    T1] usbcore: registered new interface driver mxuport
[   25.334518][    T1] usbserial: USB Serial support registered for MOXA UPort
[   25.336011][    T1] usbcore: registered new interface driver navman
[   25.337351][    T1] usbserial: USB Serial support registered for navman
[   25.338706][    T1] usbcore: registered new interface driver omninet
[   25.340147][    T1] usbserial: USB Serial support registered for ZyXEL - omni.net usb
[   25.341685][    T1] usbcore: registered new interface driver opticon
[   25.342954][    T1] usbserial: USB Serial support registered for opticon
[   25.344307][    T1] usbcore: registered new interface driver option
[   25.345664][    T1] usbserial: USB Serial support registered for GSM modem (1-port)
[   25.347181][    T1] usbcore: registered new interface driver oti6858
[   25.348459][    T1] usbserial: USB Serial support registered for oti6858
[   25.349834][    T1] usbcore: registered new interface driver pl2303
[   25.351110][    T1] usbserial: USB Serial support registered for pl2303
[   25.352476][    T1] usbcore: registered new interface driver qcaux
[   25.353726][    T1] usbserial: USB Serial support registered for qcaux
[   25.355091][    T1] usbcore: registered new interface driver qcserial
[   25.356464][    T1] usbserial: USB Serial support registered for Qualcomm USB modem
[   25.358122][    T1] usbcore: registered new interface driver quatech2
[   25.359422][    T1] usbserial: USB Serial support registered for Quatech 2nd gen USB to Serial Driver
[   25.361250][    T1] usbcore: registered new interface driver safe_serial
[   25.362583][    T1] usbserial: USB Serial support registered for safe_serial
[   25.363991][    T1] usbcore: registered new interface driver sierra
[   25.365456][    T1] usbserial: USB Serial support registered for Sierra USB modem
[   25.366963][    T1] usbcore: registered new interface driver usb_serial_simple
[   25.368389][    T1] usbserial: USB Serial support registered for carelink
[   25.369752][    T1] usbserial: USB Serial support registered for flashloader
[   25.371134][    T1] usbserial: USB Serial support registered for funsoft
[   25.372495][    T1] usbserial: USB Serial support registered for google
[   25.373819][    T1] usbserial: USB Serial support registered for hp4x
[   25.375093][    T1] usbserial: USB Serial support registered for kaufmann
[   25.376498][    T1] usbserial: USB Serial support registered for libtransistor
[   25.377939][    T1] usbserial: USB Serial support registered for moto_modem
[   25.379318][    T1] usbserial: USB Serial support registered for motorola_tetra
[   25.380907][    T1] usbserial: USB Serial support registered for nokia
[   25.382209][    T1] usbserial: USB Serial support registered for novatel_gps
[   25.383606][    T1] usbserial: USB Serial support registered for siemens_mpi
[   25.385004][    T1] usbserial: USB Serial support registered for suunto
[   25.386371][    T1] usbserial: USB Serial support registered for vivopay
[   25.387803][    T1] usbserial: USB Serial support registered for zio
[   25.389137][    T1] usbcore: registered new interface driver spcp8x5
[   25.390390][    T1] usbserial: USB Serial support registered for SPCP8x5
[   25.391738][    T1] usbcore: registered new interface driver ssu100
[   25.393004][    T1] usbserial: USB Serial support registered for Quatech SSU-100 USB to Serial Driver
[   25.394792][    T1] usbcore: registered new interface driver symbolserial
[   25.396460][    T1] usbserial: USB Serial support registered for symbol
[   25.397858][    T1] usbcore: registered new interface driver ti_usb_3410_5052
[   25.399341][    T1] usbserial: USB Serial support registered for TI USB 3410 1 port adapter
[   25.400799][    T1] usbserial: USB Serial support registered for TI USB 5052 2 port adapter
[   25.402482][    T1] usbcore: registered new interface driver upd78f0730
[   25.403969][    T1] usbserial: USB Serial support registered for upd78f0730
[   25.405569][    T1] usbcore: registered new interface driver visor
[   25.406928][    T1] usbserial: USB Serial support registered for Handspring Visor / Palm OS
[   25.408656][    T1] usbserial: USB Serial support registered for Sony Clie 5.0
[   25.410163][    T1] usbserial: USB Serial support registered for Sony Clie 3.5
[   25.411833][    T1] usbcore: registered new interface driver wishbone_serial
[   25.413415][    T1] usbserial: USB Serial support registered for wishbone_serial
[   25.414979][    T1] usbcore: registered new interface driver whiteheat
[   25.417298][    T1] usbserial: USB Serial support registered for Connect Tech - WhiteHEAT - (prerenumeration)
[   25.423261][    T1] usbserial: USB Serial support registered for Connect Tech - WhiteHEAT
[   25.429096][    T1] usbcore: registered new interface driver xr_serial
[   25.433170][    T1] usbserial: USB Serial support registered for xr_serial
[   25.438141][    T1] usbcore: registered new interface driver xsens_mt
[   25.442884][    T1] usbserial: USB Serial support registered for xsens_mt
[   25.448010][    T1] usbcore: registered new interface driver adutux
[   25.452674][    T1] usbcore: registered new interface driver appledisplay
[   25.457762][    T1] usbcore: registered new interface driver cypress_cy7c63
[   25.462887][    T1] usbcore: registered new interface driver cytherm
[   25.467608][    T1] usbcore: registered new interface driver emi26 - firmware loader
[   25.473192][    T1] usbcore: registered new interface driver emi62 - firmware loader
[   25.478908][    T1] usbcore: registered new device driver apple-mfi-fastcharge
[   25.484248][    T1] usbcore: registered new interface driver ljca
[   25.488914][    T1] usbcore: registered new interface driver idmouse
[   25.493768][    T1] usbcore: registered new interface driver iowarrior
[   25.498688][    T1] usbcore: registered new interface driver isight_firmware
[   25.503882][    T1] usbcore: registered new interface driver usblcd
[   25.508660][    T1] usbcore: registered new interface driver ldusb
[   25.513258][    T1] usbcore: registered new interface driver legousbtower
[   25.518364][    T1] usbcore: registered new interface driver usbtest
[   25.523062][    T1] usbcore: registered new interface driver usb_ehset_test
[   25.527686][    T1] usbcore: registered new interface driver trancevibrator
[   25.532318][    T1] usbcore: registered new interface driver uss720
[   25.536404][    T1] uss720: USB Parport Cable driver for Cables using the Lucent Technologies USS720 Chip
[   25.542375][    T1] uss720: NOTE: this is a special purpose driver to allow nonstandard
[   25.547526][    T1] uss720: protocols (eg. bitbang) over USS720 usb to parallel cables
[   25.552529][    T1] uss720: If you just want to connect to a printer, use usblp instead
[   25.558859][    T1] usbcore: registered new interface driver usbsevseg
[   25.563292][    T1] usbcore: registered new interface driver yurex
[   25.568377][    T1] usbcore: registered new interface driver chaoskey
[   25.572871][    T1] usbcore: registered new interface driver sisusb
[   25.577248][    T1] usbcore: registered new interface driver lvs
[   25.581212][    T1] usbcore: registered new interface driver cxacru
[   25.585490][    T1] usbcore: registered new interface driver speedtch
[   25.589743][    T1] usbcore: registered new interface driver ueagle-atm
[   25.594082][    T1] xusbatm: malformed module parameters
[   25.601880][    T1] dummy_hcd dummy_hcd.0: USB Host+Gadget Emulator, driver 02 May 2005
[   25.607090][    T1] dummy_hcd dummy_hcd.0: Dummy host controller
[   25.612634][    T1] dummy_hcd dummy_hcd.0: new USB bus registered, assigned bus number 1
[   25.618694][    T1] usb usb1: New USB device found, idVendor=1d6b, idProduct=0002, bcdDevice= 6.13
[   25.624368][    T1] usb usb1: New USB device strings: Mfr=3, Product=2, SerialNumber=1
[   25.629398][    T1] usb usb1: Product: Dummy host controller
[   25.632965][    T1] usb usb1: Manufacturer: Linux 6.13.0-rc3-gfb229009bf6b-dirty dummy_hcd
[   25.638007][    T1] usb usb1: SerialNumber: dummy_hcd.0
[   25.646695][    T1] hub 1-0:1.0: USB hub found
[   25.650310][    T1] hub 1-0:1.0: 1 port detected
[   25.666287][    T1] SPI driver max3420-udc has no spi_device_id for maxim,max3421-udc
[   25.675122][    T1] gadgetfs: USB Gadget filesystem, version 24 Aug 2004
[   25.690880][    T1] vhci_hcd vhci_hcd.0: USB/IP Virtual Host Controller
[   25.701518][    T1] vhci_hcd vhci_hcd.0: new USB bus registered, assigned bus number 2
[   25.705752][    T1] vhci_hcd: created sysfs vhci_hcd.0
[   25.709396][    T1] usb usb2: New USB device found, idVendor=1d6b, idProduct=0002, bcdDevice= 6.13
[   25.713537][    T1] usb usb2: New USB device strings: Mfr=3, Product=2, SerialNumber=1
[   25.719309][    T1] usb usb2: Product: USB/IP Virtual Host Controller
[   25.723365][    T1] usb usb2: Manufacturer: Linux 6.13.0-rc3-gfb229009bf6b-dirty vhci_hcd
[   25.728509][    T1] usb usb2: SerialNumber: vhci_hcd.0
[   25.736875][    T1] hub 2-0:1.0: USB hub found
[   25.740228][    T1] hub 2-0:1.0: 8 ports detected
[   25.756644][    T1] vhci_hcd vhci_hcd.0: USB/IP Virtual Host Controller
[   25.762813][    T1] vhci_hcd vhci_hcd.0: new USB bus registered, assigned bus number 3
[   25.768639][    T1] usb usb3: We don't know the algorithms for LPM for this host, disabling LPM.
[   25.775849][    T1] usb usb3: New USB device found, idVendor=1d6b, idProduct=0003, bcdDevice= 6.13
[   25.781671][    T1] usb usb3: New USB device strings: Mfr=3, Product=2, SerialNumber=1
[   25.786903][    T1] usb usb3: Product: USB/IP Virtual Host Controller
[   25.791094][    T1] usb usb3: Manufacturer: Linux 6.13.0-rc3-gfb229009bf6b-dirty vhci_hcd
[   25.796642][    T1] usb usb3: SerialNumber: vhci_hcd.0
[   25.807437][    T1] hub 3-0:1.0: USB hub found
[   25.810829][    T1] hub 3-0:1.0: 8 ports detected
[   25.827985][    T1] vhci_hcd vhci_hcd.1: USB/IP Virtual Host Controller
[   25.837091][    T1] vhci_hcd vhci_hcd.1: new USB bus registered, assigned bus number 4
[   25.843622][    T1] usb usb4: New USB device found, idVendor=1d6b, idProduct=0002, bcdDevice= 6.13
[   25.848173][    T1] usb usb4: New USB device strings: Mfr=3, Product=2, SerialNumber=1
[   25.851770][    T1] usb usb4: Product: USB/IP Virtual Host Controller
[   25.854964][    T1] usb usb4: Manufacturer: Linux 6.13.0-rc3-gfb229009bf6b-dirty vhci_hcd
[   25.859440][    T1] usb usb4: SerialNumber: vhci_hcd.1
[   25.883125][    T1] hub 4-0:1.0: USB hub found
[   25.885879][    T1] hub 4-0:1.0: 8 ports detected
[   25.918830][    T1] vhci_hcd vhci_hcd.1: USB/IP Virtual Host Controller
[   25.924106][    T1] vhci_hcd vhci_hcd.1: new USB bus registered, assigned bus number 5
[   25.941413][    T1] usb usb5: We don't know the algorithms for LPM for this host, disabling LPM.
[   25.946913][    T1] usb usb5: New USB device found, idVendor=1d6b, idProduct=0003, bcdDevice= 6.13
[   25.951053][    T1] usb usb5: New USB device strings: Mfr=3, Product=2, SerialNumber=1
[   25.954516][    T1] usb usb5: Product: USB/IP Virtual Host Controller
[   25.957207][    T1] usb usb5: Manufacturer: Linux 6.13.0-rc3-gfb229009bf6b-dirty vhci_hcd
[   25.961462][    T1] usb usb5: SerialNumber: vhci_hcd.1
[   25.974549][    T1] hub 5-0:1.0: USB hub found
[   25.977777][    T1] hub 5-0:1.0: 8 ports detected
[   26.007928][    T1] vhci_hcd vhci_hcd.2: USB/IP Virtual Host Controller
[   26.014635][    T1] vhci_hcd vhci_hcd.2: new USB bus registered, assigned bus number 6
[   26.020223][    T1] usb usb6: New USB device found, idVendor=1d6b, idProduct=0002, bcdDevice= 6.13
[   26.024257][    T1] usb usb6: New USB device strings: Mfr=3, Product=2, SerialNumber=1
[   26.029707][    T1] usb usb6: Product: USB/IP Virtual Host Controller
[   26.032710][    T1] usb usb6: Manufacturer: Linux 6.13.0-rc3-gfb229009bf6b-dirty vhci_hcd
[   26.037276][    T1] usb usb6: SerialNumber: vhci_hcd.2
[   26.049782][    T1] hub 6-0:1.0: USB hub found
[   26.052155][    T1] hub 6-0:1.0: 8 ports detected
[   26.083971][    T1] vhci_hcd vhci_hcd.2: USB/IP Virtual Host Controller
[   26.103287][    T1] vhci_hcd vhci_hcd.2: new USB bus registered, assigned bus number 7
[   26.105497][    T1] usb usb7: We don't know the algorithms for LPM for this host, disabling LPM.
[   26.108367][    T1] usb usb7: New USB device found, idVendor=1d6b, idProduct=0003, bcdDevice= 6.13
[   26.110042][    T1] usb usb7: New USB device strings: Mfr=3, Product=2, SerialNumber=1
[   26.111463][    T1] usb usb7: Product: USB/IP Virtual Host Controller
[   26.112686][    T1] usb usb7: Manufacturer: Linux 6.13.0-rc3-gfb229009bf6b-dirty vhci_hcd
[   26.114225][    T1] usb usb7: SerialNumber: vhci_hcd.2
[   26.122865][    T1] hub 7-0:1.0: USB hub found
[   26.124067][    T1] hub 7-0:1.0: 8 ports detected
[   26.140976][    T1] vhci_hcd vhci_hcd.3: USB/IP Virtual Host Controller
[   26.145618][    T1] vhci_hcd vhci_hcd.3: new USB bus registered, assigned bus number 8
[   26.150948][    T1] usb usb8: New USB device found, idVendor=1d6b, idProduct=0002, bcdDevice= 6.13
[   26.155489][    T1] usb usb8: New USB device strings: Mfr=3, Product=2, SerialNumber=1
[   26.159219][    T1] usb usb8: Product: USB/IP Virtual Host Controller
[   26.162121][    T1] usb usb8: Manufacturer: Linux 6.13.0-rc3-gfb229009bf6b-dirty vhci_hcd
[   26.165797][    T1] usb usb8: SerialNumber: vhci_hcd.3
[   26.172437][    T1] hub 8-0:1.0: USB hub found
[   26.173775][    T1] hub 8-0:1.0: 8 ports detected
[   26.186400][    T1] vhci_hcd vhci_hcd.3: USB/IP Virtual Host Controller
[   26.191890][    T1] vhci_hcd vhci_hcd.3: new USB bus registered, assigned bus number 9
[   26.196404][    T1] usb usb9: We don't know the algorithms for LPM for this host, disabling LPM.
[   26.201930][    T1] usb usb9: New USB device found, idVendor=1d6b, idProduct=0003, bcdDevice= 6.13
[   26.206850][    T1] usb usb9: New USB device strings: Mfr=3, Product=2, SerialNumber=1
[   26.210668][    T1] usb usb9: Product: USB/IP Virtual Host Controller
[   26.213686][    T1] usb usb9: Manufacturer: Linux 6.13.0-rc3-gfb229009bf6b-dirty vhci_hcd
[   26.217746][    T1] usb usb9: SerialNumber: vhci_hcd.3
[   26.224696][    T1] hub 9-0:1.0: USB hub found
[   26.227270][    T1] hub 9-0:1.0: 8 ports detected
[   26.244138][    T1] vhci_hcd vhci_hcd.4: USB/IP Virtual Host Controller
[   26.253056][    T1] vhci_hcd vhci_hcd.4: new USB bus registered, assigned bus number 10
[   26.258381][    T1] usb usb10: New USB device found, idVendor=1d6b, idProduct=0002, bcdDevice= 6.13
[   26.262470][    T1] usb usb10: New USB device strings: Mfr=3, Product=2, SerialNumber=1
[   26.266117][    T1] usb usb10: Product: USB/IP Virtual Host Controller
[   26.269135][    T1] usb usb10: Manufacturer: Linux 6.13.0-rc3-gfb229009bf6b-dirty vhci_hcd
[   26.272912][    T1] usb usb10: SerialNumber: vhci_hcd.4
[   26.279604][    T1] hub 10-0:1.0: USB hub found
[   26.282156][    T1] hub 10-0:1.0: 8 ports detected
[   26.296422][    T1] vhci_hcd vhci_hcd.4: USB/IP Virtual Host Controller
[   26.300857][    T1] vhci_hcd vhci_hcd.4: new USB bus registered, assigned bus number 11
[   26.305607][    T1] usb usb11: We don't know the algorithms for LPM for this host, disabling LPM.
[   26.311349][    T1] usb usb11: New USB device found, idVendor=1d6b, idProduct=0003, bcdDevice= 6.13
[   26.316603][    T1] usb usb11: New USB device strings: Mfr=3, Product=2, SerialNumber=1
[   26.320668][    T1] usb usb11: Product: USB/IP Virtual Host Controller
[   26.323890][    T1] usb usb11: Manufacturer: Linux 6.13.0-rc3-gfb229009bf6b-dirty vhci_hcd
[   26.327910][    T1] usb usb11: SerialNumber: vhci_hcd.4
[   26.335413][    T1] hub 11-0:1.0: USB hub found
[   26.338191][    T1] hub 11-0:1.0: 8 ports detected
[   26.358204][    T1] vhci_hcd vhci_hcd.5: USB/IP Virtual Host Controller
[   26.360712][    T1] vhci_hcd vhci_hcd.5: new USB bus registered, assigned bus number 12
[   26.363588][    T1] usb usb12: New USB device found, idVendor=1d6b, idProduct=0002, bcdDevice= 6.13
[   26.369170][    T1] usb usb12: New USB device strings: Mfr=3, Product=2, SerialNumber=1
[   26.372677][    T1] usb usb12: Product: USB/IP Virtual Host Controller
[   26.377352][    T1] usb usb12: Manufacturer: Linux 6.13.0-rc3-gfb229009bf6b-dirty vhci_hcd
[   26.381019][    T1] usb usb12: SerialNumber: vhci_hcd.5
[   26.392229][    T1] hub 12-0:1.0: USB hub found
[   26.394760][    T1] hub 12-0:1.0: 8 ports detected
[   26.408322][    T1] vhci_hcd vhci_hcd.5: USB/IP Virtual Host Controller
[   26.414252][    T1] vhci_hcd vhci_hcd.5: new USB bus registered, assigned bus number 13
[   26.418639][    T1] usb usb13: We don't know the algorithms for LPM for this host, disabling LPM.
[   26.424188][    T1] usb usb13: New USB device found, idVendor=1d6b, idProduct=0003, bcdDevice= 6.13
[   26.428672][    T1] usb usb13: New USB device strings: Mfr=3, Product=2, SerialNumber=1
[   26.432313][    T1] usb usb13: Product: USB/IP Virtual Host Controller
[   26.435443][    T1] usb usb13: Manufacturer: Linux 6.13.0-rc3-gfb229009bf6b-dirty vhci_hcd
[   26.439221][    T1] usb usb13: SerialNumber: vhci_hcd.5
[   26.450015][    T1] hub 13-0:1.0: USB hub found
[   26.452433][    T1] hub 13-0:1.0: 8 ports detected
[   26.468042][    T1] vhci_hcd vhci_hcd.6: USB/IP Virtual Host Controller
[   26.472245][    T1] vhci_hcd vhci_hcd.6: new USB bus registered, assigned bus number 14
[   26.475833][    T1] usb usb14: New USB device found, idVendor=1d6b, idProduct=0002, bcdDevice= 6.13
[   26.479629][    T1] usb usb14: New USB device strings: Mfr=3, Product=2, SerialNumber=1
[   26.483362][    T1] usb usb14: Product: USB/IP Virtual Host Controller
[   26.486921][    T1] usb usb14: Manufacturer: Linux 6.13.0-rc3-gfb229009bf6b-dirty vhci_hcd
[   26.491092][    T1] usb usb14: SerialNumber: vhci_hcd.6
[   26.498025][    T1] hub 14-0:1.0: USB hub found
[   26.500360][    T1] hub 14-0:1.0: 8 ports detected
[   26.512944][    T1] vhci_hcd vhci_hcd.6: USB/IP Virtual Host Controller
[   26.524923][    T1] vhci_hcd vhci_hcd.6: new USB bus registered, assigned bus number 15
[   26.529088][    T1] usb usb15: We don't know the algorithms for LPM for this host, disabling LPM.
[   26.533875][    T1] usb usb15: New USB device found, idVendor=1d6b, idProduct=0003, bcdDevice= 6.13
[   26.537771][    T1] usb usb15: New USB device strings: Mfr=3, Product=2, SerialNumber=1
[   26.541183][    T1] usb usb15: Product: USB/IP Virtual Host Controller
[   26.544244][    T1] usb usb15: Manufacturer: Linux 6.13.0-rc3-gfb229009bf6b-dirty vhci_hcd
[   26.548372][    T1] usb usb15: SerialNumber: vhci_hcd.6
[   26.555182][    T1] hub 15-0:1.0: USB hub found
[   26.557922][    T1] hub 15-0:1.0: 8 ports detected
[   26.575420][    T1] vhci_hcd vhci_hcd.7: USB/IP Virtual Host Controller
[   26.580184][    T1] vhci_hcd vhci_hcd.7: new USB bus registered, assigned bus number 16
[   26.585736][    T1] usb usb16: New USB device found, idVendor=1d6b, idProduct=0002, bcdDevice= 6.13
[   26.590318][    T1] usb usb16: New USB device strings: Mfr=3, Product=2, SerialNumber=1
[   26.594860][    T1] usb usb16: Product: USB/IP Virtual Host Controller
[   26.600795][    T1] usb usb16: Manufacturer: Linux 6.13.0-rc3-gfb229009bf6b-dirty vhci_hcd
[   26.610123][    T1] usb usb16: SerialNumber: vhci_hcd.7
[   26.617446][    T1] hub 16-0:1.0: USB hub found
[   26.618567][    T1] hub 16-0:1.0: 8 ports detected
[   26.634498][    T1] vhci_hcd vhci_hcd.7: USB/IP Virtual Host Controller
[   26.646070][    T1] vhci_hcd vhci_hcd.7: new USB bus registered, assigned bus number 17
[   26.650729][    T1] usb usb17: We don't know the algorithms for LPM for this host, disabling LPM.
[   26.658187][    T1] usb usb17: New USB device found, idVendor=1d6b, idProduct=0003, bcdDevice= 6.13
[   26.659875][    T1] usb usb17: New USB device strings: Mfr=3, Product=2, SerialNumber=1
[   26.661385][    T1] usb usb17: Product: USB/IP Virtual Host Controller
[   26.662595][    T1] usb usb17: Manufacturer: Linux 6.13.0-rc3-gfb229009bf6b-dirty vhci_hcd
[   26.664100][    T1] usb usb17: SerialNumber: vhci_hcd.7
[   26.671751][    T1] hub 17-0:1.0: USB hub found
[   26.690612][    T1] hub 17-0:1.0: 8 ports detected
[   26.705635][    T1] vhci_hcd vhci_hcd.8: USB/IP Virtual Host Controller
[   26.731499][    T1] vhci_hcd vhci_hcd.8: new USB bus registered, assigned bus number 18
[   26.737052][    T1] usb usb18: New USB device found, idVendor=1d6b, idProduct=0002, bcdDevice= 6.13
[   26.741402][    T1] usb usb18: New USB device strings: Mfr=3, Product=2, SerialNumber=1
[   26.744779][    T1] usb usb18: Product: USB/IP Virtual Host Controller
[   26.747676][    T1] usb usb18: Manufacturer: Linux 6.13.0-rc3-gfb229009bf6b-dirty vhci_hcd
[   26.751454][    T1] usb usb18: SerialNumber: vhci_hcd.8
[   26.757983][    T1] hub 18-0:1.0: USB hub found
[   26.760484][    T1] hub 18-0:1.0: 8 ports detected
[   26.774441][    T1] vhci_hcd vhci_hcd.8: USB/IP Virtual Host Controller
[   26.788990][    T1] vhci_hcd vhci_hcd.8: new USB bus registered, assigned bus number 19
[   26.793715][    T1] usb usb19: We don't know the algorithms for LPM for this host, disabling LPM.
[   26.799825][    T1] usb usb19: New USB device found, idVendor=1d6b, idProduct=0003, bcdDevice= 6.13
[   26.804437][    T1] usb usb19: New USB device strings: Mfr=3, Product=2, SerialNumber=1
[   26.808283][    T1] usb usb19: Product: USB/IP Virtual Host Controller
[   26.811556][    T1] usb usb19: Manufacturer: Linux 6.13.0-rc3-gfb229009bf6b-dirty vhci_hcd
[   26.816369][    T1] usb usb19: SerialNumber: vhci_hcd.8
[   26.823472][    T1] hub 19-0:1.0: USB hub found
[   26.828126][    T1] hub 19-0:1.0: 8 ports detected
[   26.873272][    T1] vhci_hcd vhci_hcd.9: USB/IP Virtual Host Controller
[   26.877838][    T1] vhci_hcd vhci_hcd.9: new USB bus registered, assigned bus number 20
[   26.883356][    T1] usb usb20: New USB device found, idVendor=1d6b, idProduct=0002, bcdDevice= 6.13
[   26.891595][    T1] usb usb20: New USB device strings: Mfr=3, Product=2, SerialNumber=1
[   26.894762][    T1] usb usb20: Product: USB/IP Virtual Host Controller
[   26.897885][    T1] usb usb20: Manufacturer: Linux 6.13.0-rc3-gfb229009bf6b-dirty vhci_hcd
[   26.901782][    T1] usb usb20: SerialNumber: vhci_hcd.9
[   26.908456][    T1] hub 20-0:1.0: USB hub found
[   26.911039][    T1] hub 20-0:1.0: 8 ports detected
[   26.924007][    T1] vhci_hcd vhci_hcd.9: USB/IP Virtual Host Controller
[   26.930012][    T1] vhci_hcd vhci_hcd.9: new USB bus registered, assigned bus number 21
[   26.932511][    T1] usb usb21: We don't know the algorithms for LPM for this host, disabling LPM.
[   26.935986][    T1] usb usb21: New USB device found, idVendor=1d6b, idProduct=0003, bcdDevice= 6.13
[   26.938251][    T1] usb usb21: New USB device strings: Mfr=3, Product=2, SerialNumber=1
[   26.940175][    T1] usb usb21: Product: USB/IP Virtual Host Controller
[   26.941769][    T1] usb usb21: Manufacturer: Linux 6.13.0-rc3-gfb229009bf6b-dirty vhci_hcd
[   26.943754][    T1] usb usb21: SerialNumber: vhci_hcd.9
[   26.955064][    T1] hub 21-0:1.0: USB hub found
[   26.959635][    T1] hub 21-0:1.0: 8 ports detected
[   26.989601][    T1] vhci_hcd vhci_hcd.10: USB/IP Virtual Host Controller
[   27.012884][    T1] vhci_hcd vhci_hcd.10: new USB bus registered, assigned bus number 22
[   27.018204][    T1] usb usb22: New USB device found, idVendor=1d6b, idProduct=0002, bcdDevice= 6.13
[   27.022364][    T1] usb usb22: New USB device strings: Mfr=3, Product=2, SerialNumber=1
[   27.026222][    T1] usb usb22: Product: USB/IP Virtual Host Controller
[   27.045063][    T1] usb usb22: Manufacturer: Linux 6.13.0-rc3-gfb229009bf6b-dirty vhci_hcd
[   27.049074][    T1] usb usb22: SerialNumber: vhci_hcd.10
[   27.057568][    T1] hub 22-0:1.0: USB hub found
[   27.060102][    T1] hub 22-0:1.0: 8 ports detected
[   27.079823][    T1] vhci_hcd vhci_hcd.10: USB/IP Virtual Host Controller
[   27.085638][    T1] vhci_hcd vhci_hcd.10: new USB bus registered, assigned bus number 23
[   27.090171][    T1] usb usb23: We don't know the algorithms for LPM for this host, disabling LPM.
[   27.095797][    T1] usb usb23: New USB device found, idVendor=1d6b, idProduct=0003, bcdDevice= 6.13
[   27.099902][    T1] usb usb23: New USB device strings: Mfr=3, Product=2, SerialNumber=1
[   27.103596][    T1] usb usb23: Product: USB/IP Virtual Host Controller
[   27.106869][    T1] usb usb23: Manufacturer: Linux 6.13.0-rc3-gfb229009bf6b-dirty vhci_hcd
[   27.110934][    T1] usb usb23: SerialNumber: vhci_hcd.10
[   27.118526][    T1] hub 23-0:1.0: USB hub found
[   27.121056][    T1] hub 23-0:1.0: 8 ports detected
[   27.139471][    T1] vhci_hcd vhci_hcd.11: USB/IP Virtual Host Controller
[   27.149075][    T1] vhci_hcd vhci_hcd.11: new USB bus registered, assigned bus number 24
[   27.154386][    T1] usb usb24: New USB device found, idVendor=1d6b, idProduct=0002, bcdDevice= 6.13
[   27.158896][    T1] usb usb24: New USB device strings: Mfr=3, Product=2, SerialNumber=1
[   27.162861][    T1] usb usb24: Product: USB/IP Virtual Host Controller
[   27.166038][    T1] usb usb24: Manufacturer: Linux 6.13.0-rc3-gfb229009bf6b-dirty vhci_hcd
[   27.169839][    T1] usb usb24: SerialNumber: vhci_hcd.11
[   27.177123][    T1] hub 24-0:1.0: USB hub found
[   27.195203][    T1] hub 24-0:1.0: 8 ports detected
[   27.212380][    T1] vhci_hcd vhci_hcd.11: USB/IP Virtual Host Controller
[   27.220902][    T1] vhci_hcd vhci_hcd.11: new USB bus registered, assigned bus number 25
[   27.225680][    T1] usb usb25: We don't know the algorithms for LPM for this host, disabling LPM.
[   27.231580][    T1] usb usb25: New USB device found, idVendor=1d6b, idProduct=0003, bcdDevice= 6.13
[   27.236359][    T1] usb usb25: New USB device strings: Mfr=3, Product=2, SerialNumber=1
[   27.240114][    T1] usb usb25: Product: USB/IP Virtual Host Controller
[   27.243311][    T1] usb usb25: Manufacturer: Linux 6.13.0-rc3-gfb229009bf6b-dirty vhci_hcd
[   27.247932][    T1] usb usb25: SerialNumber: vhci_hcd.11
[   27.255963][    T1] hub 25-0:1.0: USB hub found
[   27.258343][    T1] hub 25-0:1.0: 8 ports detected
[   27.274613][    T1] vhci_hcd vhci_hcd.12: USB/IP Virtual Host Controller
[   27.279515][    T1] vhci_hcd vhci_hcd.12: new USB bus registered, assigned bus number 26
[   27.285044][    T1] usb usb26: New USB device found, idVendor=1d6b, idProduct=0002, bcdDevice= 6.13
[   27.289973][    T1] usb usb26: New USB device strings: Mfr=3, Product=2, SerialNumber=1
[   27.294081][    T1] usb usb26: Product: USB/IP Virtual Host Controller
[   27.297356][    T1] usb usb26: Manufacturer: Linux 6.13.0-rc3-gfb229009bf6b-dirty vhci_hcd
[   27.301340][    T1] usb usb26: SerialNumber: vhci_hcd.12
[   27.308838][    T1] hub 26-0:1.0: USB hub found
[   27.310244][    T1] hub 26-0:1.0: 8 ports detected
[   27.327045][    T1] vhci_hcd vhci_hcd.12: USB/IP Virtual Host Controller
[   27.330101][    T1] vhci_hcd vhci_hcd.12: new USB bus registered, assigned bus number 27
[   27.332499][    T1] usb usb27: We don't know the algorithms for LPM for this host, disabling LPM.
[   27.335831][    T1] usb usb27: New USB device found, idVendor=1d6b, idProduct=0003, bcdDevice= 6.13
[   27.338029][    T1] usb usb27: New USB device strings: Mfr=3, Product=2, SerialNumber=1
[   27.340177][    T1] usb usb27: Product: USB/IP Virtual Host Controller
[   27.343623][    T1] usb usb27: Manufacturer: Linux 6.13.0-rc3-gfb229009bf6b-dirty vhci_hcd
[   27.345107][    T1] usb usb27: SerialNumber: vhci_hcd.12
[   27.359176][    T1] hub 27-0:1.0: USB hub found
[   27.360379][    T1] hub 27-0:1.0: 8 ports detected
[   27.376086][    T1] vhci_hcd vhci_hcd.13: USB/IP Virtual Host Controller
[   27.379921][    T1] vhci_hcd vhci_hcd.13: new USB bus registered, assigned bus number 28
[   27.386453][    T1] usb usb28: New USB device found, idVendor=1d6b, idProduct=0002, bcdDevice= 6.13
[   27.391323][    T1] usb usb28: New USB device strings: Mfr=3, Product=2, SerialNumber=1
[   27.395209][    T1] usb usb28: Product: USB/IP Virtual Host Controller
[   27.400341][    T1] usb usb28: Manufacturer: Linux 6.13.0-rc3-gfb229009bf6b-dirty vhci_hcd
[   27.404364][    T1] usb usb28: SerialNumber: vhci_hcd.13
[   27.418180][    T1] hub 28-0:1.0: USB hub found
[   27.420919][    T1] hub 28-0:1.0: 8 ports detected
[   27.442299][    T1] vhci_hcd vhci_hcd.13: USB/IP Virtual Host Controller
[   27.449638][    T1] vhci_hcd vhci_hcd.13: new USB bus registered, assigned bus number 29
[   27.454550][    T1] usb usb29: We don't know the algorithms for LPM for this host, disabling LPM.
[   27.478062][    T1] usb usb29: New USB device found, idVendor=1d6b, idProduct=0003, bcdDevice= 6.13
[   27.482614][    T1] usb usb29: New USB device strings: Mfr=3, Product=2, SerialNumber=1
[   27.486311][    T1] usb usb29: Product: USB/IP Virtual Host Controller
[   27.488862][    T1] usb usb29: Manufacturer: Linux 6.13.0-rc3-gfb229009bf6b-dirty vhci_hcd
[   27.492065][    T1] usb usb29: SerialNumber: vhci_hcd.13
[   27.500092][    T1] hub 29-0:1.0: USB hub found
[   27.501479][    T1] hub 29-0:1.0: 8 ports detected
[   27.532256][    T1] vhci_hcd vhci_hcd.14: USB/IP Virtual Host Controller
[   27.537830][    T1] vhci_hcd vhci_hcd.14: new USB bus registered, assigned bus number 30
[   27.541293][    T1] usb usb30: New USB device found, idVendor=1d6b, idProduct=0002, bcdDevice= 6.13
[   27.543034][    T1] usb usb30: New USB device strings: Mfr=3, Product=2, SerialNumber=1
[   27.544518][    T1] usb usb30: Product: USB/IP Virtual Host Controller
[   27.547472][    T1] usb usb30: Manufacturer: Linux 6.13.0-rc3-gfb229009bf6b-dirty vhci_hcd
[   27.549084][    T1] usb usb30: SerialNumber: vhci_hcd.14
[   27.559586][    T1] hub 30-0:1.0: USB hub found
[   27.560904][    T1] hub 30-0:1.0: 8 ports detected
[   27.581538][    T1] vhci_hcd vhci_hcd.14: USB/IP Virtual Host Controller
[   27.588210][    T1] vhci_hcd vhci_hcd.14: new USB bus registered, assigned bus number 31
[   27.590447][    T1] usb usb31: We don't know the algorithms for LPM for this host, disabling LPM.
[   27.593319][    T1] usb usb31: New USB device found, idVendor=1d6b, idProduct=0003, bcdDevice= 6.13
[   27.595007][    T1] usb usb31: New USB device strings: Mfr=3, Product=2, SerialNumber=1
[   27.616817][    T1] usb usb31: Product: USB/IP Virtual Host Controller
[   27.618102][    T1] usb usb31: Manufacturer: Linux 6.13.0-rc3-gfb229009bf6b-dirty vhci_hcd
[   27.619615][    T1] usb usb31: SerialNumber: vhci_hcd.14
[   27.625232][    T1] hub 31-0:1.0: USB hub found
[   27.626531][    T1] hub 31-0:1.0: 8 ports detected
[   27.641044][    T1] vhci_hcd vhci_hcd.15: USB/IP Virtual Host Controller
[   27.644029][    T1] vhci_hcd vhci_hcd.15: new USB bus registered, assigned bus number 32
[   27.647146][    T1] usb usb32: New USB device found, idVendor=1d6b, idProduct=0002, bcdDevice= 6.13
[   27.648851][    T1] usb usb32: New USB device strings: Mfr=3, Product=2, SerialNumber=1
[   27.650332][    T1] usb usb32: Product: USB/IP Virtual Host Controller
[   27.651559][    T1] usb usb32: Manufacturer: Linux 6.13.0-rc3-gfb229009bf6b-dirty vhci_hcd
[   27.653119][    T1] usb usb32: SerialNumber: vhci_hcd.15
[   27.659646][    T1] hub 32-0:1.0: USB hub found
[   27.660852][    T1] hub 32-0:1.0: 8 ports detected
[   27.681006][    T1] vhci_hcd vhci_hcd.15: USB/IP Virtual Host Controller
[   27.686174][    T1] vhci_hcd vhci_hcd.15: new USB bus registered, assigned bus number 33
[   27.690799][    T1] usb usb33: We don't know the algorithms for LPM for this host, disabling LPM.
[   27.697500][    T1] usb usb33: New USB device found, idVendor=1d6b, idProduct=0003, bcdDevice= 6.13
[   27.701968][    T1] usb usb33: New USB device strings: Mfr=3, Product=2, SerialNumber=1
[   27.705986][    T1] usb usb33: Product: USB/IP Virtual Host Controller
[   27.709647][    T1] usb usb33: Manufacturer: Linux 6.13.0-rc3-gfb229009bf6b-dirty vhci_hcd
[   27.713667][    T1] usb usb33: SerialNumber: vhci_hcd.15
[   27.726980][    T1] hub 33-0:1.0: USB hub found
[   27.729744][    T1] hub 33-0:1.0: 8 ports detected
[   27.747656][    T1] usbcore: registered new device driver usbip-host
[   27.763926][    T1] i8042: PNP: PS/2 Controller [PNP0303:KBD,PNP0f13:MOU] at 0x60,0x64 irq 1,12
[   27.779118][    T1] serio: i8042 KBD port at 0x60,0x64 irq 1
[   27.784247][    T1] serio: i8042 AUX port at 0x60,0x64 irq 12
[   27.800211][    T1] mousedev: PS/2 mouse device common for all mice
[   27.812090][    T1] usbcore: registered new interface driver appletouch
[   27.818523][  T776] input: AT Translated Set 2 keyboard as /devices/platform/i8042/serio0/input/input1
[   27.819667][    T1] usbcore: registered new interface driver bcm5974
[   27.830393][    T1] usbcore: registered new interface driver synaptics_usb
[   27.834044][    T1] usbcore: registered new interface driver iforce
[   27.837749][    T1] usbcore: registered new interface driver pxrc
[   27.841889][    T1] usbcore: registered new interface driver xpad
[   27.843622][    T1] usbcore: registered new interface driver usb_acecad
[   27.850244][    T1] usbcore: registered new interface driver aiptek
[   27.861607][    T1] usbcore: registered new interface driver hanwang
[   27.865012][    T1] usbcore: registered new interface driver kbtab
[   27.868669][    T1] usbcore: registered new interface driver pegasus_notetaker
[   27.872826][    T1] usbcore: registered new interface driver usbtouchscreen
[   27.876879][    T1] usbcore: registered new interface driver sur40
[   27.880388][    T1] usbcore: registered new interface driver ati_remote2
[   27.883577][    T1] cm109: Keymap for Komunikate KIP1000 phone loaded
[   27.887310][    T1] usbcore: registered new interface driver cm109
[   27.890265][    T1] cm109: CM109 phone driver: 20080805 (C) Alfred E. Heggestad
[   27.894152][    T1] usbcore: registered new interface driver ims_pcu
[   27.897683][    T1] usbcore: registered new interface driver keyspan_remote
[   27.901566][    T1] usbcore: registered new interface driver powermate
[   27.909329][    T1] usbcore: registered new interface driver yealink
[   27.913869][    T1] rtc_cmos 00:05: RTC can wake from S4
[   27.926921][    T1] rtc_cmos 00:05: registered as rtc0
[   27.929448][    T1] rtc_cmos 00:05: alarms up to one day, y3k, 242 bytes nvram, hpet irqs
[   27.934152][    T1] i2c_dev: i2c /dev entries driver
[   27.938722][    T1] usbcore: registered new interface driver i2c-diolan-u2c
[   27.943048][    T1] usbcore: registered new interface driver i2c-cp2615
[   27.950174][    T1] usbcore: registered new interface driver RobotFuzz Open Source InterFace, OSIF
[   27.961774][    T1] usbcore: registered new interface driver i2c-tiny-usb
[   27.968110][    T1] usbcore: registered new interface driver igorplugusb
[   27.977762][    T1] usbcore: registered new interface driver iguanair
[   27.981711][    T1] usbcore: registered new interface driver imon
[   27.985273][    T1] usbcore: registered new interface driver imon_raw
[   27.989530][    T1] usbcore: registered new interface driver mceusb
[   27.993193][    T1] usbcore: registered new interface driver redrat3
[   27.997134][    T1] usbcore: registered new interface driver streamzap
[   28.000923][    T1] usbcore: registered new interface driver ir_toy
[   28.004264][    T1] usbcore: registered new interface driver ttusbir
[   28.009941][    T1] usbcore: registered new interface driver ati_remote
[   28.013678][    T1] usbcore: registered new interface driver xbox_remote
[   28.017649][    T1] b2c2-flexcop: B2C2 FlexcopII/II(b)/III digital TV receiver chip loaded successfully
[   28.022917][    T1] usbcore: registered new interface driver b2c2_flexcop_usb
[   28.029193][    T1] usbcore: registered new interface driver dvb_usb_vp7045
[   28.033139][    T1] usbcore: registered new interface driver dvb_usb_vp702x
[   28.037396][    T1] usbcore: registered new interface driver dvb_usb_gp8psk
[   28.041444][    T1] usbcore: registered new interface driver dvb_usb_dtt200u
[   28.045727][    T1] usbcore: registered new interface driver dvb_usb_a800
[   28.049854][    T1] usbcore: registered new interface driver dvb_usb_dibusb_mb
[   28.054070][    T1] usbcore: registered new interface driver dvb_usb_dibusb_mc
[   28.058416][    T1] usbcore: registered new interface driver dvb_usb_nova_t_usb2
[   28.062671][    T1] usbcore: registered new interface driver dvb_usb_umt_010
[   28.067017][    T1] usbcore: registered new interface driver dvb_usb_m920x
[   28.070879][    T1] usbcore: registered new interface driver dvb_usb_digitv
[   28.075025][    T1] usbcore: registered new interface driver dvb_usb_cxusb
[   28.078846][    T1] usbcore: registered new interface driver dvb_usb_ttusb2
[   28.083045][    T1] usbcore: registered new interface driver dvb_usb_dib0700
[   28.087200][    T1] usbcore: registered new interface driver opera1
[   28.090923][    T1] usbcore: registered new interface driver dvb_usb_af9005
[   28.094323][    T1] failing symbol_get of non-GPLONLY symbol af9005_rc_decode.
[   28.099119][    T1] failing symbol_get of non-GPLONLY symbol af9005_rc_decode.
[   28.102722][    T1] failing symbol_get of non-GPLONLY symbol rc_map_af9005_table.
[   28.107594][    T1] failing symbol_get of non-GPLONLY symbol rc_map_af9005_table.
[   28.111273][    T1] failing symbol_get of non-GPLONLY symbol rc_map_af9005_table_size.
[   28.119398][    T1] failing symbol_get of non-GPLONLY symbol rc_map_af9005_table_size.
[   28.123484][    T1] af9005: af9005_rc_decode function not found, disabling remote
[   28.127851][    T1] usbcore: registered new interface driver pctv452e
[   28.131751][    T1] usbcore: registered new interface driver dw2102
[   28.135981][    T1] usbcore: registered new interface driver dvb_usb_dtv5100
[   28.139937][    T1] usbcore: registered new interface driver cinergyT2
[   28.143737][    T1] usbcore: registered new interface driver dvb_usb_az6027
[   28.147663][    T1] usbcore: registered new interface driver dvb_usb_technisat_usb2
[   28.152101][    T1] usbcore: registered new interface driver dvb_usb_af9015
[   28.156261][    T1] usbcore: registered new interface driver dvb_usb_af9035
[   28.160073][    T1] usbcore: registered new interface driver dvb_usb_anysee
[   28.165012][    T1] usbcore: registered new interface driver dvb_usb_au6610
[   28.170115][    T1] usbcore: registered new interface driver dvb_usb_az6007
[   28.178133][    T1] usbcore: registered new interface driver dvb_usb_ce6230
[   28.182174][    T1] usbcore: registered new interface driver dvb_usb_ec168
[   28.189528][    T1] usbcore: registered new interface driver dvb_usb_lmedm04
[   28.195966][    T1] usbcore: registered new interface driver dvb_usb_gl861
[   28.202384][    T1] usbcore: registered new interface driver dvb_usb_mxl111sf
[   28.222380][    T1] usbcore: registered new interface driver dvb_usb_rtl28xxu
[   28.226453][    T1] usbcore: registered new interface driver dvb_usb_dvbsky
[   28.230293][    T1] usbcore: registered new interface driver zd1301
[   28.233766][    T1] usbcore: registered new interface driver s2255
[   28.237569][    T1] usbcore: registered new interface driver smsusb
[   28.258676][    T1] usbcore: registered new interface driver ttusb
[   28.263140][    T1] usbcore: registered new interface driver ttusb-dec
[   28.268985][    T1] usbcore: registered new interface driver Abilis Systems as10x usb driver
[   28.273258][    T1] usbcore: registered new interface driver airspy
[   28.276817][    T1] gspca_main: v2.14.0 registered
[   28.281239][    T1] usbcore: registered new interface driver benq
[   28.283756][  T776] input: ImExPS/2 Generic Explorer Mouse as /devices/platform/i8042/serio1/input/input3
[   28.285529][    T1] usbcore: registered new interface driver conex
[   28.288606][    T1] usbcore: registered new interface driver cpia1
[   28.290718][    T1] usbcore: registered new interface driver dtcs033
[   28.292388][    T1] usbcore: registered new interface driver etoms
[   28.294572][    T1] usbcore: registered new interface driver finepix
[   28.296691][    T1] usbcore: registered new interface driver jeilinj
[   28.298551][    T1] usbcore: registered new interface driver jl2005bcd
[   28.301622][    T1] usbcore: registered new interface driver kinect
[   28.303279][    T1] usbcore: registered new interface driver konica
[   28.304883][    T1] usbcore: registered new interface driver mars
[   28.306994][    T1] usbcore: registered new interface driver mr97310a
[   28.308684][    T1] usbcore: registered new interface driver nw80x
[   28.312414][    T1] usbcore: registered new interface driver ov519
[   28.314339][    T1] usbcore: registered new interface driver ov534
[   28.316408][    T1] usbcore: registered new interface driver ov534_9
[   28.318491][    T1] usbcore: registered new interface driver pac207
[   28.320185][    T1] usbcore: registered new interface driver gspca_pac7302
[   28.322258][    T1] usbcore: registered new interface driver pac7311
[   28.323910][    T1] usbcore: registered new interface driver se401
[   28.326076][    T1] usbcore: registered new interface driver sn9c2028
[   28.327906][    T1] usbcore: registered new interface driver gspca_sn9c20x
[   28.330013][    T1] usbcore: registered new interface driver sonixb
[   28.331802][    T1] usbcore: registered new interface driver sonixj
[   28.333834][    T1] usbcore: registered new interface driver spca500
[   28.336775][    T1] usbcore: registered new interface driver spca501
[   28.340479][    T1] usbcore: registered new interface driver spca505
[   28.344162][    T1] usbcore: registered new interface driver spca506
[   28.347779][    T1] usbcore: registered new interface driver spca508
[   28.349417][    T1] usbcore: registered new interface driver spca561
[   28.351372][    T1] usbcore: registered new interface driver spca1528
[   28.353121][    T1] usbcore: registered new interface driver sq905
[   28.354721][    T1] usbcore: registered new interface driver sq905c
[   28.356467][    T1] usbcore: registered new interface driver sq930x
[   28.358635][    T1] usbcore: registered new interface driver sunplus
[   28.360179][    T1] usbcore: registered new interface driver stk014
[   28.362063][    T1] usbcore: registered new interface driver stk1135
[   28.363524][    T1] usbcore: registered new interface driver stv0680
[   28.365002][    T1] usbcore: registered new interface driver t613
[   28.366527][    T1] usbcore: registered new interface driver gspca_topro
[   28.367938][    T1] usbcore: registered new interface driver touptek
[   28.376941][    T1] usbcore: registered new interface driver tv8532
[   28.396343][    T1] usbcore: registered new interface driver vc032x
[   28.400066][    T1] usbcore: registered new interface driver vicam
[   28.403706][    T1] usbcore: registered new interface driver xirlink-cit
[   28.407877][    T1] usbcore: registered new interface driver gspca_zc3xx
[   28.411646][    T1] usbcore: registered new interface driver ALi m5602
[   28.431823][    T1] usbcore: registered new interface driver STV06xx
[   28.436430][    T1] usbcore: registered new interface driver gspca_gl860
[   28.441127][    T1] usbcore: registered new interface driver hackrf
[   28.445639][    T1] usbcore: registered new interface driver msi2500
[   28.450314][    T1] usbcore: registered new interface driver Philips webcam
[   28.469327][    T1] usbcore: registered new interface driver uvcvideo
[   28.472363][    T1] au0828: au0828 driver loaded
[   28.476126][    T1] usbcore: registered new interface driver au0828
[   28.480793][    T1] usbcore: registered new interface driver cx231xx
[   28.486405][    T1] usbcore: registered new interface driver em28xx
[   28.503233][    T1] em28xx: Registered (Em28xx v4l2 Extension) extension
[   28.507023][    T1] em28xx: Registered (Em28xx Audio Extension) extension
[   28.510364][    T1] em28xx: Registered (Em28xx dvb Extension) extension
[   28.513641][    T1] em28xx: Registered (Em28xx Input Extension) extension
[   28.518388][    T1] usbcore: registered new interface driver go7007
[   28.521893][    T1] usbcore: registered new interface driver go7007-loader
[   28.526517][    T1] usbcore: registered new interface driver hdpvr
[   28.530696][    T1] usbcore: registered new interface driver pvrusb2
[   28.531967][    T1] pvrusb2: V4L in-tree version:Hauppauge WinTV-PVR-USB2 MPEG2 Encoder/Tuner
[   28.533451][    T1] pvrusb2: Debug mask is 31 (0x1f)
[   28.534792][    T1] usbcore: registered new interface driver stk1160
[   28.536445][    T1] usbcore: registered new interface driver usbtv
[   28.541960][    T1] dvbdev: DVB: registering new adapter (dvb_vidtv_bridge)
[   28.560978][    T1] i2c i2c-0: DVB: registering adapter 0 frontend 0 (Dummy demod for DVB-T/T2/C/S/S2)...
[   28.563417][    T1] dvbdev: dvb_create_media_entity: media entity 'Dummy demod for DVB-T/T2/C/S/S2' registered.
[   28.581790][    T1] dvbdev: dvb_create_media_entity: media entity 'dvb-demux' registered.
[   28.595632][    T1] vidtv vidtv.0: Successfully initialized vidtv!
[   28.602104][    T1] vicodec vicodec.0: Device 'stateful-encoder' registered as /dev/video0
[   28.609682][    T1] vicodec vicodec.0: Device 'stateful-decoder' registered as /dev/video1
[   28.614748][    T1] vicodec vicodec.0: Device 'stateless-decoder' registered as /dev/video2
[   28.634654][    T1] vim2m vim2m.0: Device registered as /dev/video0
[   28.695880][    T1] vivid-000: using single planar format API
[   28.733421][    T1] vivid-000: CEC adapter cec0 registered for HDMI input
[   28.741926][    T1] vivid-000: V4L2 capture device registered as video7
[   28.761636][    T1] vivid-000: CEC adapter cec1 registered for HDMI output 0
[   28.766372][    T1] vivid-000: V4L2 output device registered as video8
[   28.770510][    T1] vivid-000: V4L2 capture device registered as vbi0, supports raw and sliced VBI
[   28.779711][    T1] vivid-000: V4L2 output device registered as vbi1, supports raw and sliced VBI
[   28.785110][    T1] vivid-000: V4L2 capture device registered as swradio0
[   28.789534][    T1] vivid-000: V4L2 receiver device registered as radio0
[   28.792553][    T1] vivid-000: V4L2 transmitter device registered as radio1
[   28.796538][    T1] vivid-000: V4L2 metadata capture device registered as video9
[   28.800165][    T1] vivid-000: V4L2 metadata output device registered as video10
[   28.803094][    T1] vivid-000: V4L2 touch capture device registered as v4l-touch0
[   28.814313][    T1] usbcore: registered new interface driver radioshark2
[   28.816810][    T1] usbcore: registered new interface driver radioshark
[   28.818527][    T1] usbcore: registered new interface driver radio-si470x
[   28.820445][    T1] usbcore: registered new interface driver radio-usb-si4713
[   28.822447][    T1] usbcore: registered new interface driver dsbr100
[   28.824064][    T1] usbcore: registered new interface driver radio-keene
[   28.835011][    T1] usbcore: registered new interface driver radio-ma901
[   28.841503][    T1] usbcore: registered new interface driver radio-mr800
[   28.850307][    T1] usbcore: registered new interface driver radio-raremono
[   28.869526][    T1] usbcore: registered new interface driver powerz
[   28.873712][    T1] usbcore: registered new interface driver pcwd_usb
[   28.919888][    T1] device-mapper: core: CONFIG_IMA_DISABLE_HTABLE is disabled. Duplicate IMA measurements will not be recorded in the IMA log.
[   28.922476][    T1] device-mapper: uevent: version 1.0.3
[   28.928123][    T1] device-mapper: ioctl: 4.48.0-ioctl (2023-03-01) initialised: dm-devel@lists.linux.dev
[   28.955216][    T1] device-mapper: multipath round-robin: version 1.2.0 loaded
[   28.956925][    T1] device-mapper: multipath queue-length: version 0.2.0 loaded
[   28.958581][    T1] device-mapper: multipath service-time: version 0.3.0 loaded
[   28.961766][    T1] Bluetooth: HCI UART driver ver 2.3
[   28.962931][    T1] Bluetooth: HCI UART protocol H4 registered
[   28.964284][    T1] Bluetooth: HCI UART protocol BCSP registered
[   28.966721][    T1] Bluetooth: HCI UART protocol LL registered
[   28.968703][    T1] Bluetooth: HCI UART protocol Three-wire (H5) registered
[   28.970461][    T1] Bluetooth: HCI UART protocol QCA registered
[   28.971518][    T1] Bluetooth: HCI UART protocol AG6XX registered
[   28.973177][    T1] Bluetooth: HCI UART protocol Marvell registered
[   28.975096][    T1] usbcore: registered new interface driver bcm203x
[   28.977298][    T1] usbcore: registered new interface driver bpa10x
[   28.978834][    T1] usbcore: registered new interface driver bfusb
[   28.980589][    T1] usbcore: registered new interface driver btusb
[   28.982475][    T1] usbcore: registered new interface driver ath3k
[   28.984147][    T1] Modular ISDN core version 1.1.29
[   28.987862][    T1] NET: Registered PF_ISDN protocol family
[   28.988976][    T1] DSP module 2.0
[   28.989640][    T1] mISDN_dsp: DSP clocks every 80 samples. This equals 1 jiffies.
[   29.034306][    T1] mISDN: Layer-1-over-IP driver Rev. 2.00
[   29.037657][    T1] 0 virtual devices registered
[   29.039165][    T1] usbcore: registered new interface driver HFC-S_USB
[   29.040414][    T1] amd_pstate: the _CPC object is not present in SBIOS or ACPI disabled
[   29.041932][    T1] VUB300 Driver rom wait states = 1C irqpoll timeout = 0400
[   29.044291][    T1] usbcore: registered new interface driver vub300
[   29.052404][    T1] usbcore: registered new interface driver ushc
[   29.071889][    T1] iscsi: registered transport (iser)
[   29.080803][    T1] SoftiWARP attached
[   29.126214][    T1] hid: raw HID events driver (C) Jiri Kosina
[   29.242528][    T1] usbcore: registered new interface driver usbhid
[   29.250599][    T1] usbhid: USB HID core driver
[   29.271694][    T1] usbcore: registered new interface driver es2_ap_driver
[   29.275502][    T1] comedi: version 0.7.76 - http://www.comedi.org
[   29.280275][    T1] usbcore: registered new interface driver dt9812
[   29.284758][    T1] usbcore: registered new interface driver ni6501
[   29.289346][    T1] usbcore: registered new interface driver usbdux
[   29.292948][    T1] usbcore: registered new interface driver usbduxfast
[   29.297222][    T1] usbcore: registered new interface driver usbduxsigma
[   29.301120][    T1] usbcore: registered new interface driver vmk80xx
[   29.304312][    T1] greybus: registered new driver hid
[   29.308911][    T1] greybus: registered new driver gbphy
[   29.311590][    T1] gb_gbphy: registered new driver usb
[   29.314210][    T1] asus_wmi: ASUS WMI generic driver loaded
[   29.325980][    T1] gnss: GNSS driver registered with major 493
[   29.330401][    T1] usbcore: registered new interface driver gnss-usb
[   29.333953][    T1] usbcore: registered new interface driver hdm_usb
[   29.479113][    T1] usbcore: registered new interface driver snd-usb-audio
[   29.481070][    T1] usbcore: registered new interface driver snd-ua101
[   29.482906][    T1] usbcore: registered new interface driver snd-usb-usx2y
[   29.484780][    T1] usbcore: registered new interface driver snd-usb-us122l
[   29.486853][    T1] usbcore: registered new interface driver snd-usb-caiaq
[   29.488748][    T1] usbcore: registered new interface driver snd-usb-6fire
[   29.490605][    T1] usbcore: registered new interface driver snd-usb-hiface
[   29.492307][    T1] usbcore: registered new interface driver snd-bcd2000
[   29.501892][    T1] usbcore: registered new interface driver snd_usb_pod
[   29.503397][    T1] usbcore: registered new interface driver snd_usb_podhd
[   29.504936][    T1] usbcore: registered new interface driver snd_usb_toneport
[   29.506670][    T1] usbcore: registered new interface driver snd_usb_variax
