c[?7l[2J[0mSeaBIOS (version 1.16.2-debian-1.16.2-1)


iPXE (http://ipxe.org) 00:03.0 CA00 PCI2.10 PnP PMM+BEFCEF00+BEF0EF00 CA00
Press Ctrl-B to configure iPXE (PCI 00:03.0)...                                                                               


Booting from ROM...
c[?7l[2JNo EFI environment detected.
early console in extract_kernel
input_data: 0x0000000004bf03a8
input_len: 0x000000000198d041
output: 0x0000000001000000
output_len: 0x0000000005507868
kernel_total_size: 0x0000000005230000
needed_size: 0x0000000005600000
trampoline_32bit: 0x000000000009d000


KASLR disabled: 'nokaslr' on cmdline.


Decompressing Linux... Parsing ELF... No relocation needed... done.
Booting the kernel (entry_offset: 0x0000000000000000).
[    0.000000] Linux version 6.4.0-04323-g44e6524848e5-dirty (root@buildkitsandbox) (gcc (Debian 12.2.0-14+deb12u1) 12.2.0, GNU ld (GNU Binutils for Debian) 2.40) #2 SMP PREEMPT_DYNAMIC Fri May  8 01:10:28 UTC 2026
[    0.000000] Command line: console=ttyS0 oops=panic panic=-1 nokaslr earlyprintk=serial
[    0.000000] BIOS-provided physical RAM map:
[    0.000000] BIOS-e820: [mem 0x0000000000000000-0x000000000009fbff] usable
[    0.000000] BIOS-e820: [mem 0x000000000009fc00-0x000000000009ffff] reserved
[    0.000000] BIOS-e820: [mem 0x00000000000f0000-0x00000000000fffff] reserved
[    0.000000] BIOS-e820: [mem 0x0000000000100000-0x00000000bffdffff] usable
[    0.000000] BIOS-e820: [mem 0x00000000bffe0000-0x00000000bfffffff] reserved
[    0.000000] BIOS-e820: [mem 0x00000000feffc000-0x00000000feffffff] reserved
[    0.000000] BIOS-e820: [mem 0x00000000fffc0000-0x00000000ffffffff] reserved
[    0.000000] BIOS-e820: [mem 0x0000000100000000-0x000000013fffffff] usable
[    0.000000] printk: bootconsole [earlyser0] enabled
[    0.000000] NX (Execute Disable) protection: active
[    0.000000] SMBIOS 2.8 present.
[    0.000000] DMI: QEMU Standard PC (i440FX + PIIX, 1996), BIOS 1.16.2-debian-1.16.2-1 04/01/2014
[    0.000000] Hypervisor detected: KVM
[    0.000000] kvm-clock: Using msrs 4b564d01 and 4b564d00
[    0.000003] kvm-clock: using sched offset of 468728020 cycles
[    0.004013] clocksource: kvm-clock: mask: 0xffffffffffffffff max_cycles: 0x1cd42e4dffb, max_idle_ns: 881590591483 ns
[    0.008561] tsc: Detected 2995.200 MHz processor
[    0.010614] last_pfn = 0x140000 max_arch_pfn = 0x400000000
[    0.012788] MTRR map: 4 entries (3 fixed + 1 variable; max 19), built from 8 variable MTRRs
[    0.015430] x86/PAT: Configuration [0-7]: WB  WC  UC- UC  WB  WP  UC- WT  
[    0.018472] last_pfn = 0xbffe0 max_arch_pfn = 0x400000000
[    0.026195] found SMP MP-table at [mem 0x000f5ba0-0x000f5baf]
[    0.027871] Using GB pages for direct mapping
[    0.029328] Incomplete global flushes, disabling PCID
[    0.030290] RAMDISK: [mem 0xbfe92000-0xbffdffff]
[    0.033712] ACPI: Early table checksum verification disabled
[    0.035794] ACPI: RSDP 0x00000000000F59B0 000014 (v00 BOCHS )
[    0.037824] ACPI: RSDT 0x00000000BFFE1B33 000034 (v01 BOCHS  BXPC     00000001 BXPC 00000001)
[    0.040914] ACPI: FACP 0x00000000BFFE19DF 000074 (v01 BOCHS  BXPC     00000001 BXPC 00000001)
[    0.043336] ACPI: DSDT 0x00000000BFFE0040 00199F (v01 BOCHS  BXPC     00000001 BXPC 00000001)
[    0.045517] ACPI: FACS 0x00000000BFFE0000 000040
[    0.046753] ACPI: APIC 0x00000000BFFE1A53 000080 (v01 BOCHS  BXPC     00000001 BXPC 00000001)
[    0.049096] ACPI: HPET 0x00000000BFFE1AD3 000038 (v01 BOCHS  BXPC     00000001 BXPC 00000001)
[    0.051663] ACPI: WAET 0x00000000BFFE1B0B 000028 (v01 BOCHS  BXPC     00000001 BXPC 00000001)
[    0.054204] ACPI: Reserving FACP table memory at [mem 0xbffe19df-0xbffe1a52]
[    0.055810] ACPI: Reserving DSDT table memory at [mem 0xbffe0040-0xbffe19de]
[    0.058109] ACPI: Reserving FACS table memory at [mem 0xbffe0000-0xbffe003f]
[    0.060237] ACPI: Reserving APIC table memory at [mem 0xbffe1a53-0xbffe1ad2]
[    0.062320] ACPI: Reserving HPET table memory at [mem 0xbffe1ad3-0xbffe1b0a]
[    0.064220] ACPI: Reserving WAET table memory at [mem 0xbffe1b0b-0xbffe1b32]
[    0.066828] No NUMA configuration found
[    0.070067] Faking a node at [mem 0x0000000000000000-0x000000013fffffff]
[    0.073105] NODE_DATA(0) allocated [mem 0x13fffa000-0x13fffdfff]
[    0.075120] Zone ranges:
[    0.075796]   DMA      [mem 0x0000000000001000-0x0000000000ffffff]
[    0.077692]   DMA32    [mem 0x0000000001000000-0x00000000ffffffff]
[    0.079493]   Normal   [mem 0x0000000100000000-0x000000013fffffff]
[    0.081364] Movable zone start for each node
[    0.082670] Early memory node ranges
[    0.083881]   node   0: [mem 0x0000000000001000-0x000000000009efff]
[    0.085904]   node   0: [mem 0x0000000000100000-0x00000000bffdffff]
[    0.087963]   node   0: [mem 0x0000000100000000-0x000000013fffffff]
[    0.090055] Initmem setup node 0 [mem 0x0000000000001000-0x000000013fffffff]
[    0.093255] On node 0, zone DMA: 1 pages in unavailable ranges
[    0.093306] On node 0, zone DMA: 97 pages in unavailable ranges
[    0.131445] On node 0, zone Normal: 32 pages in unavailable ranges
[    0.323277] kasan: KernelAddressSanitizer initialized
[    0.328772] ACPI: PM-Timer IO Port: 0x608
[    0.329855] ACPI: LAPIC_NMI (acpi_id[0xff] dfl dfl lint[0x1])
[    0.331296] IOAPIC[0]: apic_id 0, version 17, address 0xfec00000, GSI 0-23
[    0.332947] ACPI: INT_SRC_OVR (bus 0 bus_irq 0 global_irq 2 dfl dfl)
[    0.334527] ACPI: INT_SRC_OVR (bus 0 bus_irq 5 global_irq 5 high level)
[    0.336074] ACPI: INT_SRC_OVR (bus 0 bus_irq 9 global_irq 9 high level)
[    0.338602] ACPI: INT_SRC_OVR (bus 0 bus_irq 10 global_irq 10 high level)
[    0.341027] ACPI: INT_SRC_OVR (bus 0 bus_irq 11 global_irq 11 high level)
[    0.343475] ACPI: Using ACPI (MADT) for SMP configuration information
[    0.346118] ACPI: HPET id: 0x8086a201 base: 0xfed00000
[    0.347689] TSC deadline timer available
[    0.348660] smpboot: Allowing 2 CPUs, 0 hotplug CPUs
[    0.349894] kvm-guest: KVM setup pv remote TLB flush
[    0.351263] kvm-guest: setup PV sched yield
[    0.352433] PM: hibernation: Registered nosave memory: [mem 0x00000000-0x00000fff]
[    0.354297] PM: hibernation: Registered nosave memory: [mem 0x0009f000-0x0009ffff]
[    0.357441] PM: hibernation: Registered nosave memory: [mem 0x000a0000-0x000effff]
[    0.360712] PM: hibernation: Registered nosave memory: [mem 0x000f0000-0x000fffff]
[    0.363012] PM: hibernation: Registered nosave memory: [mem 0xbffe0000-0xbfffffff]
[    0.365333] PM: hibernation: Registered nosave memory: [mem 0xc0000000-0xfeffbfff]
[    0.367379] PM: hibernation: Registered nosave memory: [mem 0xfeffc000-0xfeffffff]
[    0.369460] PM: hibernation: Registered nosave memory: [mem 0xff000000-0xfffbffff]
[    0.371518] PM: hibernation: Registered nosave memory: [mem 0xfffc0000-0xffffffff]
[    0.373598] [mem 0xc0000000-0xfeffbfff] available for PCI devices
[    0.376489] Booting paravirtualized kernel on KVM
[    0.377902] clocksource: refined-jiffies: mask: 0xffffffff max_cycles: 0xffffffff, max_idle_ns: 1910969940391419 ns
[    0.393390] setup_percpu: NR_CPUS:64 nr_cpumask_bits:2 nr_cpu_ids:2 nr_node_ids:1
[    0.398596] percpu: Embedded 66 pages/cpu s232104 r8192 d30040 u1048576
[    0.400852] Kernel command line: console=ttyS0 oops=panic panic=-1 nokaslr earlyprintk=serial
[    0.403275] Unknown kernel command line parameters "nokaslr", will be passed to user space.
[    0.406306] random: crng init done
[    0.409482] Dentry cache hash table entries: 524288 (order: 10, 4194304 bytes, linear)
[    0.412898] Inode-cache hash table entries: 262144 (order: 9, 2097152 bytes, linear)
[    0.416125] Fallback order for Node 0: 0 
[    0.416137] Built 1 zonelists, mobility grouping on.  Total pages: 1031904
[    0.419108] Policy zone: Normal
[    0.419791] mem auto-init: stack:all(zero), heap alloc:off, heap free:off
[    0.421533] stackdepot: allocating hash table via alloc_large_system_hash
[    0.426689] stackdepot hash table entries: 1048576 (order: 11, 8388608 bytes, linear)
[    0.428595] software IO TLB: area num 2.
[    0.507617] Memory: 3425816K/4193784K available (49152K kernel code, 7938K rwdata, 10036K rodata, 5616K init, 3044K bss, 767712K reserved, 0K cma-reserved)
[    0.510943] SLUB: HWalign=64, Order=0-3, MinObjects=0, CPUs=2, Nodes=1
Poking KASLR using RDRAND RDTSC...
[    0.514293] Dynamic Preempt: voluntary
[    0.515937] rcu: Preemptible hierarchical RCU implementation.
[    0.517566] rcu: 	RCU event tracing is enabled.
[    0.518809] rcu: 	RCU restricting CPUs from NR_CPUS=64 to nr_cpu_ids=2.
[    0.520395] 	Trampoline variant of Tasks RCU enabled.
[    0.521765] rcu: RCU calculated value of scheduler-enlistment delay is 100 jiffies.
[    0.523832] rcu: Adjusting geometry for rcu_fanout_leaf=16, nr_cpu_ids=2
[    0.535265] NR_IRQS: 4352, nr_irqs: 440, preallocated irqs: 16
[    0.537192] rcu: srcu_init: Setting srcu_struct sizes based on contention.
[    0.548711] Console: colour VGA+ 80x25
[    0.549576] printk: console [ttyS0] enabled
[    0.549576] printk: console [ttyS0] enabled
[    0.551464] printk: bootconsole [earlyser0] disabled
[    0.551464] printk: bootconsole [earlyser0] disabled
[    0.553961] ACPI: Core revision 20230331
[    0.555204] clocksource: hpet: mask: 0xffffffff max_cycles: 0xffffffff, max_idle_ns: 19112604467 ns
[    0.558731] APIC: Switch to symmetric I/O mode setup
[    0.561230] kvm-guest: setup PV IPIs
[    0.564557] ..TIMER: vector=0x30 apic1=0 pin1=2 apic2=-1 pin2=-1
[    0.566103] clocksource: tsc-early: mask: 0xffffffffffffffff max_cycles: 0x2b2c8ec87c7, max_idle_ns: 440795278598 ns
[    0.568796] Calibrating delay loop (skipped) preset value.. 5990.40 BogoMIPS (lpj=2995200)
[    0.571345] x86/cpu: User Mode Instruction Prevention (UMIP) activated
[    0.573890] Last level iTLB entries: 4KB 0, 2MB 0, 4MB 0
[    0.574790] Last level dTLB entries: 4KB 0, 2MB 0, 4MB 0, 1GB 0
[    0.575814] Spectre V1 : Mitigation: usercopy/swapgs barriers and __user pointer sanitization
[    0.576796] Spectre V2 : Mitigation: Enhanced / Automatic IBRS
[    0.577789] Spectre V2 : Spectre v2 / SpectreRSB mitigation: Filling RSB on context switch
[    0.578788] Spectre V2 : Spectre v2 / PBRSB-eIBRS: Retire a single CALL on VMEXIT
[    0.579789] RETBleed: Mitigation: Enhanced IBRS
[    0.580791] Spectre V2 : mitigation: Enabling conditional Indirect Branch Prediction Barrier
[    0.581789] Speculative Store Bypass: Mitigation: Speculative Store Bypass disabled via prctl
[    0.582789] MMIO Stale Data: Unknown: No mitigations
[    0.583834] x86/fpu: Supporting XSAVE feature 0x001: 'x87 floating point registers'
[    0.584788] x86/fpu: Supporting XSAVE feature 0x002: 'SSE registers'
[    0.585788] x86/fpu: Supporting XSAVE feature 0x004: 'AVX registers'
[    0.586788] x86/fpu: xstate_offset[2]:  576, xstate_sizes[2]:  256
[    0.587788] x86/fpu: Enabled xstate features 0x7, context size is 832 bytes, using 'compacted' format.
[    0.607272] Freeing SMP alternatives memory: 44K
[    0.607789] pid_max: default: 32768 minimum: 301
[    0.608857] LSM: initializing lsm=capability,selinux,integrity
[    0.609810] SELinux:  Initializing.
[    0.610874] Mount-cache hash table entries: 8192 (order: 4, 65536 bytes, linear)
[    0.612792] Mountpoint-cache hash table entries: 8192 (order: 4, 65536 bytes, linear)
[    0.614898] smpboot: CPU0: 13th Gen Intel(R) Core(TM) i9-13900H (family: 0x6, model: 0xba, stepping: 0x2)
[    0.615996] RCU Tasks: Setting shift to 1 and lim to 1 rcu_task_cb_adjust=1.
[    0.616819] Performance Events: unsupported p6 CPU model 186 no PMU driver, software events only.
[    0.617842] signal: max sigframe size: 1776
[    0.618834] rcu: Hierarchical SRCU implementation.
[    0.619792] rcu: 	Max phase no-delay instances is 400.
[    0.621295] smp: Bringing up secondary CPUs ...
[    0.622345] smpboot: x86: Booting SMP configuration:
[    0.622794] .... node  #0, CPUs:      #1
[    0.623867] smp: Brought up 1 node, 2 CPUs
[    0.625796] smpboot: Max logical packages: 1
[    0.626794] smpboot: Total of 2 processors activated (11980.80 BogoMIPS)
[    0.629330] devtmpfs: initialized
[    0.631912] clocksource: jiffies: mask: 0xffffffff max_cycles: 0xffffffff, max_idle_ns: 1911260446275000 ns
[    0.632798] futex hash table entries: 512 (order: 3, 32768 bytes, linear)
[    0.634051] PM: RTC time: 01:11:20, date: 2026-05-08
[    0.635022] NET: Registered PF_NETLINK/PF_ROUTE protocol family
[    0.636063] audit: initializing netlink subsys (disabled)
[    0.637692] audit: type=2000 audit(1778202680.144:1): state=initialized audit_enabled=0 res=1
[    0.638022] thermal_sys: Registered thermal governor 'step_wise'
[    0.638793] thermal_sys: Registered thermal governor 'user_space'
[    0.639825] cpuidle: using governor menu
[    0.642230] PCI: Using configuration type 1 for base access
[    0.643011] kprobes: kprobe jump-optimization is enabled. All kprobes are optimized if possible.
[    0.645785] HugeTLB: registered 2.00 MiB page size, pre-allocated 0 pages
[    0.646795] HugeTLB: 28 KiB vmemmap can be freed for a 2.00 MiB page
[    0.649499] ACPI: Added _OSI(Module Device)
[    0.650795] ACPI: Added _OSI(Processor Device)
[    0.651796] ACPI: Added _OSI(3.0 _SCP Extensions)
[    0.652796] ACPI: Added _OSI(Processor Aggregator Device)
[    0.662918] ACPI: 1 ACPI AML tables successfully acquired and loaded
[    0.721355] ACPI: Interpreter enabled
[    0.721844] ACPI: PM: (supports S0 S3 S4 S5)
[    0.722824] ACPI: Using IOAPIC for interrupt routing
[    0.724078] PCI: Using host bridge windows from ACPI; if necessary, use "pci=nocrs" and report a bug
[    0.724794] PCI: Using E820 reservations for host bridge windows
[    0.726369] ACPI: Enabled 2 GPEs in block 00 to 0F
[    0.740081] ACPI: PCI Root Bridge [PCI0] (domain 0000 [bus 00-ff])
[    0.741047] acpi PNP0A03:00: _OSC: OS supports [ASPM ClockPM Segments MSI HPX-Type3]
[    0.741847] acpi PNP0A03:00: _OSC: not requesting OS control; OS requires [ExtendedConfig ASPM ClockPM MSI]
[    0.743114] acpi PNP0A03:00: fail to add MMCONFIG information, can't access extended configuration space under this bridge
[    0.744207] PCI host bridge to bus 0000:00
[    0.744795] pci_bus 0000:00: root bus resource [io  0x0000-0x0cf7 window]
[    0.745797] pci_bus 0000:00: root bus resource [io  0x0d00-0xffff window]
[    0.746798] pci_bus 0000:00: root bus resource [mem 0x000a0000-0x000bffff window]
[    0.747792] pci_bus 0000:00: root bus resource [mem 0xc0000000-0xfebfffff window]
[    0.748799] pci_bus 0000:00: root bus resource [mem 0x140000000-0x1bfffffff window]
[    0.749794] pci_bus 0000:00: root bus resource [bus 00-ff]
[    0.750921] pci 0000:00:00.0: [8086:1237] type 00 class 0x060000
[    0.757682] pci 0000:00:01.0: [8086:7000] type 00 class 0x060100
[    0.763668] pci 0000:00:01.1: [8086:7010] type 00 class 0x010180
[    0.765325] pci 0000:00:01.1: reg 0x20: [io  0xc040-0xc04f]
[    0.766472] pci 0000:00:01.1: legacy IDE quirk: reg 0x10: [io  0x01f0-0x01f7]
[    0.766792] pci 0000:00:01.1: legacy IDE quirk: reg 0x14: [io  0x03f6]
[    0.767791] pci 0000:00:01.1: legacy IDE quirk: reg 0x18: [io  0x0170-0x0177]
[    0.768795] pci 0000:00:01.1: legacy IDE quirk: reg 0x1c: [io  0x0376]
[    0.770170] pci 0000:00:01.3: [8086:7113] type 00 class 0x068000
[    0.771643] pci 0000:00:01.3: quirk: [io  0x0600-0x063f] claimed by PIIX4 ACPI
[    0.771814] pci 0000:00:01.3: quirk: [io  0x0700-0x070f] claimed by PIIX4 SMB
[    0.773243] pci 0000:00:02.0: [1234:1111] type 00 class 0x030000
[    0.774875] pci 0000:00:02.0: reg 0x10: [mem 0xfd000000-0xfdffffff pref]
[    0.777259] pci 0000:00:02.0: reg 0x18: [mem 0xfebf0000-0xfebf0fff]
[    0.781859] pci 0000:00:02.0: reg 0x30: [mem 0xfebe0000-0xfebeffff pref]
[    0.783141] pci 0000:00:02.0: Video device with shadowed ROM at [mem 0x000c0000-0x000dffff]
[    0.790294] pci 0000:00:03.0: [8086:100e] type 00 class 0x020000
[    0.791796] pci 0000:00:03.0: reg 0x10: [mem 0xfebc0000-0xfebdffff]
[    0.793819] pci 0000:00:03.0: reg 0x14: [io  0xc000-0xc03f]
[    0.799268] pci 0000:00:03.0: reg 0x30: [mem 0xfeb80000-0xfebbffff pref]
[    0.807725] ACPI: PCI: Interrupt link LNKA configured for IRQ 10
[    0.808430] ACPI: PCI: Interrupt link LNKB configured for IRQ 10
[    0.809381] ACPI: PCI: Interrupt link LNKC configured for IRQ 11
[    0.810396] ACPI: PCI: Interrupt link LNKD configured for IRQ 11
[    0.811079] ACPI: PCI: Interrupt link LNKS configured for IRQ 9
[    0.813320] iommu: Default domain type: Translated 
[    0.813864] iommu: DMA domain TLB invalidation policy: lazy mode 
[    0.815586] SCSI subsystem initialized
[    0.815917] ACPI: bus type USB registered
[    0.816785] usbcore: registered new interface driver usbfs
[    0.818821] usbcore: registered new interface driver hub
[    0.819838] usbcore: registered new device driver usb
[    0.820876] pps_core: LinuxPPS API ver. 1 registered
[    0.822793] pps_core: Software ver. 5.3.6 - Copyright 2005-2007 Rodolfo Giometti <giometti@linux.it>
[    0.825080] PTP clock support registered
[    0.826972] Advanced Linux Sound Architecture Driver Initialized.
[    0.829459] NetLabel: Initializing
[    0.829886] NetLabel:  domain hash size = 128
[    0.831800] NetLabel:  protocols = UNLABELED CIPSOv4 CALIPSO
[    0.833138] NetLabel:  unlabeled traffic allowed by default
[    0.835914] PCI: Using ACPI for IRQ routing
[    0.838204] pci 0000:00:02.0: vgaarb: setting as boot VGA device
[    0.838785] pci 0000:00:02.0: vgaarb: bridge control possible
[    0.838785] pci 0000:00:02.0: vgaarb: VGA device added: decodes=io+mem,owns=io+mem,locks=none
[    0.850823] vgaarb: loaded
[    0.852187] hpet0: at MMIO 0xfed00000, IRQs 2, 8, 0
[    0.852793] hpet0: 3 comparators, 64-bit 100.000000 MHz counter
[    0.859175] clocksource: Switched to clocksource kvm-clock
[    0.862147] VFS: Disk quotas dquot_6.6.0
[    0.863271] VFS: Dquot-cache hash table entries: 512 (order 0, 4096 bytes)
[    0.865415] pnp: PnP ACPI init
[    0.867891] pnp: PnP ACPI: found 6 devices
[    0.877642] clocksource: acpi_pm: mask: 0xffffff max_cycles: 0xffffff, max_idle_ns: 2085701024 ns
[    0.880549] NET: Registered PF_INET protocol family
[    0.882628] IP idents hash table entries: 65536 (order: 7, 524288 bytes, linear)
[    0.885448] tcp_listen_portaddr_hash hash table entries: 2048 (order: 3, 32768 bytes, linear)
[    0.887763] Table-perturb hash table entries: 65536 (order: 6, 262144 bytes, linear)
[    0.889885] TCP established hash table entries: 32768 (order: 6, 262144 bytes, linear)
[    0.892534] TCP bind hash table entries: 32768 (order: 8, 1048576 bytes, linear)
[    0.894688] TCP: Hash tables configured (established 32768 bind 32768)
[    0.897156] UDP hash table entries: 2048 (order: 4, 65536 bytes, linear)
[    0.899009] UDP-Lite hash table entries: 2048 (order: 4, 65536 bytes, linear)
[    0.902932] NET: Registered PF_UNIX/PF_LOCAL protocol family
[    0.905242] RPC: Registered named UNIX socket transport module.
[    0.906669] RPC: Registered udp transport module.
[    0.907723] RPC: Registered tcp transport module.
[    0.909089] RPC: Registered tcp NFSv4.1 backchannel transport module.
[    0.911396] pci_bus 0000:00: resource 4 [io  0x0000-0x0cf7 window]
[    0.912804] pci_bus 0000:00: resource 5 [io  0x0d00-0xffff window]
[    0.914471] pci_bus 0000:00: resource 6 [mem 0x000a0000-0x000bffff window]
[    0.916259] pci_bus 0000:00: resource 7 [mem 0xc0000000-0xfebfffff window]
[    0.918105] pci_bus 0000:00: resource 8 [mem 0x140000000-0x1bfffffff window]
[    0.920235] pci 0000:00:01.0: PIIX3: Enabling Passive Release
[    0.921828] pci 0000:00:00.0: Limiting direct PCI/PCI transfers
[    0.923627] PCI: CLS 0 bytes, default 64
[    0.924689] PCI-DMA: Using software bounce buffering for IO (SWIOTLB)
[    0.924876] Unpacking initramfs...
[    0.926368] software IO TLB: mapped [mem 0x00000000bbe92000-0x00000000bfe92000] (64MB)
[    0.931195] RAPL PMU: API unit is 2^-32 Joules, 0 fixed counters, 10737418240 ms ovfl timer
[    0.933437] clocksource: tsc: mask: 0xffffffffffffffff max_cycles: 0x2b2c8ec87c7, max_idle_ns: 440795278598 ns
[    0.938502] Initialise system trusted keyrings
[    0.939797] workingset: timestamp_bits=56 max_order=20 bucket_order=0
[    0.941953] NFS: Registering the id_resolver key type
[    0.943384] Key type id_resolver registered
[    0.944434] Key type id_legacy registered
[    0.945598] 9p: Installing v9fs 9p2000 file system support
[    0.951656] Freeing initrd memory: 1336K
[    0.956083] Key type asymmetric registered
[    0.957272] Asymmetric key parser 'x509' registered
[    0.958661] Block layer SCSI generic (bsg) driver version 0.4 loaded (major 251)
[    0.960616] io scheduler mq-deadline registered
[    0.961742] io scheduler kyber registered
[    0.963260] input: Power Button as /devices/LNXSYSTM:00/LNXPWRBN:00/input/input0
[    0.965851] ACPI: button: Power Button [PWRF]
[    0.967709] Serial: 8250/16550 driver, 4 ports, IRQ sharing enabled
[    0.969608] 00:04: ttyS0 at I/O 0x3f8 (irq = 4, base_baud = 115200) is a 16550A
[    0.972644] Non-volatile memory driver v1.3
[    0.974103] Linux agpgart interface v0.103
[    0.975413] ACPI: bus type drm_connector registered
[    0.981253] loop: module loaded
[    0.984088] scsi host0: ata_piix
[    0.985855] scsi host1: ata_piix
[    0.986967] ata1: PATA max MWDMA2 cmd 0x1f0 ctl 0x3f6 bmdma 0xc040 irq 14
[    0.989007] ata2: PATA max MWDMA2 cmd 0x170 ctl 0x376 bmdma 0xc048 irq 15
[    0.992505] e100: Intel(R) PRO/100 Network Driver
[    0.994102] e100: Copyright(c) 1999-2006 Intel Corporation
[    0.995886] e1000: Intel(R) PRO/1000 Network Driver
[    0.997228] e1000: Copyright (c) 1999-2006 Intel Corporation.
[    1.149941] ata2: found unknown device (class 0)
[    1.151938] ata2.00: ATAPI: QEMU DVD-ROM, 2.5+, max UDMA/100
[    1.154896] scsi 1:0:0:0: CD-ROM            QEMU     QEMU DVD-ROM     2.5+ PQ: 0 ANSI: 5
[    1.172996] sr 1:0:0:0: [sr0] scsi3-mmc drive: 4x/4x cd/rw xa/form2 tray
[    1.174339] cdrom: Uniform CD-ROM driver Revision: 3.20
[    1.415321] ACPI: \_SB_.LNKC: Enabled at IRQ 11
[    1.803511] e1000 0000:00:03.0 eth0: (PCI:33MHz:32-bit) 52:54:00:12:34:56
[    1.806118] e1000 0000:00:03.0 eth0: Intel(R) PRO/1000 Network Connection
[    1.807637] e1000e: Intel(R) PRO/1000 Network Driver
[    1.808738] e1000e: Copyright(c) 1999 - 2015 Intel Corporation.
[    1.810090] sky2: driver version 1.30
[    1.811895] usbcore: registered new interface driver usblp
[    1.813366] usbcore: registered new interface driver usb-storage
[    1.815302] i8042: PNP: PS/2 Controller [PNP0303:KBD,PNP0f13:MOU] at 0x60,0x64 irq 1,12
[    1.818873] serio: i8042 KBD port at 0x60,0x64 irq 1
[    1.820291] serio: i8042 AUX port at 0x60,0x64 irq 12
[    1.822703] input: AT Translated Set 2 keyboard as /devices/platform/i8042/serio0/input/input1
[    1.823095] rtc_cmos 00:05: RTC can wake from S4
[    1.827016] rtc_cmos 00:05: registered as rtc0
[    1.828301] rtc_cmos 00:05: alarms up to one day, y3k, 242 bytes nvram, hpet irqs
[    1.830506] device-mapper: ioctl: 4.48.0-ioctl (2023-03-01) initialised: dm-devel@redhat.com
[    1.832568] intel_pstate: CPU model not supported
[    1.834047] hid: raw HID events driver (C) Jiri Kosina
[    1.835823] usbcore: registered new interface driver usbhid
[    1.837352] usbhid: USB HID core driver
[    1.841529] Initializing XFRM netlink socket
[    1.843449] NET: Registered PF_INET6 protocol family
[    1.845846] Segment Routing with IPv6
[    1.846847] In-situ OAM (IOAM) with IPv6
[    1.847773] sit: IPv6, IPv4 and MPLS over IPv4 tunneling driver
[    1.849959] NET: Registered PF_PACKET protocol family
[    1.851274] 9pnet: Installing 9P2000 support
[    1.852673] Key type dns_resolver registered
[    1.854194] NET: Registered PF_VSOCK protocol family
[    1.856289] IPI shorthand broadcast: enabled
[    1.869064] sched_clock: Marking stable (1843011668, 25976304)->(1972894977, -103907005)
[    1.871665] registered taskstats version 1
[    1.872684] Loading compiled-in X.509 certificates
[    1.881838] PM:   Magic number: 10:313:154
[    1.882879] printk: console [netcon0] enabled
[    1.883929] netconsole: network logging started
[    1.885059] cfg80211: Loading compiled-in X.509 certificates for regulatory database
[    1.887350] kworker/u4:1 (51) used greatest stack depth: 29536 bytes left
[    1.888856] kworker/u4:1 (52) used greatest stack depth: 29408 bytes left
[    1.889103] Loaded X.509 cert 'sforshee: 00b28ddf47aef9cea7'
[    1.892649] platform regulatory.0: Direct firmware load for regulatory.db failed with error -2
[    1.894076] ALSA device list:
[    1.894725] cfg80211: failed to load regulatory.db
[    1.895508]   No soundcards found.
[    1.899066] Freeing unused kernel image (initmem) memory: 5616K
[    1.905076] Write protecting the kernel read-only data: 59392k
[    1.906203] Freeing unused kernel image (rodata/data gap) memory: 204K
[    1.917378] x86/mm: Checked W+X mappings: passed, no W+X pages found.
[    1.918418] Run /init as init process
[    1.921819] mount (55) used greatest stack depth: 28760 bytes left

secb: rootfs ready
---- poc begin ----
[*] CVE-2025-21756 PoC starting
[*] probe port = 3594303146
[*] occupied ports 3594303147..3594303170
[*] victim fd = 28
[*] connect#1 (cid=LOCAL): rv=-1 errno=99 (Cannot assign requested address)
[*] connect#2 (cid=HYPER): rv=-1 errno=19 (No such device)
[*] bind(victim): rv=0 errno=19 (No such device)
[*] poc returned without kernel crash
---- poc end rc=0 ----
secb: poc exited without crashing the kernel
[    2.465968] input: ImExPS/2 Generic Explorer Mouse as /devices/platform/i8042/serio1/input/input3
[    3.308751] ACPI: PM: Preparing to enter system sleep state S5
[    3.309731] reboot: Power down
NO_CRASH_DETECTED
