c[?7l[2J[0mSeaBIOS (version 1.16.2-debian-1.16.2-1)


iPXE (http://ipxe.org) 00:03.0 CA00 PCI2.10 PnP PMM+BEFCEF00+BEF0EF00 CA00
Press Ctrl-B to configure iPXE (PCI 00:03.0)...                                                                               


Booting from ROM...
c[?7l[2JNo EFI environment detected.
early console in extract_kernel
input_data: 0x0000000004bf03a8
input_len: 0x000000000198d029
output: 0x0000000001000000
output_len: 0x0000000005507868
kernel_total_size: 0x0000000005230000
needed_size: 0x0000000005600000
trampoline_32bit: 0x000000000009d000


KASLR disabled: 'nokaslr' on cmdline.


Decompressing Linux... Parsing ELF... No relocation needed... done.
Booting the kernel (entry_offset: 0x0000000000000000).
[    0.000000] Linux version 6.4.0-04322-gc451410ca7e3-dirty (root@buildkitsandbox) (gcc (Debian 12.2.0-14+deb12u1) 12.2.0, GNU ld (GNU Binutils for Debian) 2.40) #1 SMP PREEMPT_DYNAMIC Fri May  8 01:02:53 UTC 2026
[    0.000000] Command line: console=ttyS0 oops=panic panic=-1 nokaslr earlyprintk=serial
[    0.000000] BIOS-provided physical RAM map:
[    0.000000] BIOS-e820: [mem 0x0000000000000000-0x000000000009fbff] usable
[    0.000000] BIOS-e820: [mem 0x000000000009fc00-0x000000000009ffff] reserved
[    0.000000] BIOS-e820: [mem 0x00000000000f0000-0x00000000000fffff] reserved
[    0.000000] BIOS-e820: [mem 0x0000000000100000-0x00000000bffdffff] usable
[    0.000000] BIOS-e820: [mem 0x00000000bffe0000-0x00000000bfffffff] reserved
[    0.000000] BIOS-e820: [mem 0x00000000feffc000-0x00000000feffffff] reserved
[    0.000000] BIOS-e820: [mem 0x00000000fffc0000-0x00000000ffffffff] reserved
[    0.000000] BIOS-e820: [mem 0x0000000100000000-0x000000013fffffff] usable
[    0.000000] printk: bootconsole [earlyser0] enabled
[    0.000000] NX (Execute Disable) protection: active
[    0.000000] SMBIOS 2.8 present.
[    0.000000] DMI: QEMU Standard PC (i440FX + PIIX, 1996), BIOS 1.16.2-debian-1.16.2-1 04/01/2014
[    0.000000] Hypervisor detected: KVM
[    0.000000] kvm-clock: Using msrs 4b564d01 and 4b564d00
[    0.000003] kvm-clock: using sched offset of 458722639 cycles
[    0.001413] clocksource: kvm-clock: mask: 0xffffffffffffffff max_cycles: 0x1cd42e4dffb, max_idle_ns: 881590591483 ns
[    0.006399] tsc: Detected 2995.200 MHz processor
[    0.008295] last_pfn = 0x140000 max_arch_pfn = 0x400000000
[    0.009958] MTRR map: 4 entries (3 fixed + 1 variable; max 19), built from 8 variable MTRRs
[    0.012311] x86/PAT: Configuration [0-7]: WB  WC  UC- UC  WB  WP  UC- WT  
[    0.014303] last_pfn = 0xbffe0 max_arch_pfn = 0x400000000
[    0.021409] found SMP MP-table at [mem 0x000f5ba0-0x000f5baf]
[    0.023103] Using GB pages for direct mapping
[    0.024281] Incomplete global flushes, disabling PCID
[    0.025120] RAMDISK: [mem 0xbfe92000-0xbffdffff]
[    0.027807] ACPI: Early table checksum verification disabled
[    0.029418] ACPI: RSDP 0x00000000000F59B0 000014 (v00 BOCHS )
[    0.031094] ACPI: RSDT 0x00000000BFFE1B33 000034 (v01 BOCHS  BXPC     00000001 BXPC 00000001)
[    0.033527] ACPI: FACP 0x00000000BFFE19DF 000074 (v01 BOCHS  BXPC     00000001 BXPC 00000001)
[    0.035871] ACPI: DSDT 0x00000000BFFE0040 00199F (v01 BOCHS  BXPC     00000001 BXPC 00000001)
[    0.038159] ACPI: FACS 0x00000000BFFE0000 000040
[    0.039661] ACPI: APIC 0x00000000BFFE1A53 000080 (v01 BOCHS  BXPC     00000001 BXPC 00000001)
[    0.042102] ACPI: HPET 0x00000000BFFE1AD3 000038 (v01 BOCHS  BXPC     00000001 BXPC 00000001)
[    0.044367] ACPI: WAET 0x00000000BFFE1B0B 000028 (v01 BOCHS  BXPC     00000001 BXPC 00000001)
[    0.046650] ACPI: Reserving FACP table memory at [mem 0xbffe19df-0xbffe1a52]
[    0.048509] ACPI: Reserving DSDT table memory at [mem 0xbffe0040-0xbffe19de]
[    0.050465] ACPI: Reserving FACS table memory at [mem 0xbffe0000-0xbffe003f]
[    0.053209] ACPI: Reserving APIC table memory at [mem 0xbffe1a53-0xbffe1ad2]
[    0.055461] ACPI: Reserving HPET table memory at [mem 0xbffe1ad3-0xbffe1b0a]
[    0.057482] ACPI: Reserving WAET table memory at [mem 0xbffe1b0b-0xbffe1b32]
[    0.060414] No NUMA configuration found
[    0.061533] Faking a node at [mem 0x0000000000000000-0x000000013fffffff]
[    0.063434] NODE_DATA(0) allocated [mem 0x13fffa000-0x13fffdfff]
[    0.065183] Zone ranges:
[    0.065917]   DMA      [mem 0x0000000000001000-0x0000000000ffffff]
[    0.067767]   DMA32    [mem 0x0000000001000000-0x00000000ffffffff]
[    0.069542]   Normal   [mem 0x0000000100000000-0x000000013fffffff]
[    0.071279] Movable zone start for each node
[    0.072757] Early memory node ranges
[    0.073938]   node   0: [mem 0x0000000000001000-0x000000000009efff]
[    0.075936]   node   0: [mem 0x0000000000100000-0x00000000bffdffff]
[    0.077937]   node   0: [mem 0x0000000100000000-0x000000013fffffff]
[    0.080320] Initmem setup node 0 [mem 0x0000000000001000-0x000000013fffffff]
[    0.083088] On node 0, zone DMA: 1 pages in unavailable ranges
[    0.083157] On node 0, zone DMA: 97 pages in unavailable ranges
[    0.119134] On node 0, zone Normal: 32 pages in unavailable ranges
[    0.380100] kasan: KernelAddressSanitizer initialized
[    0.383769] ACPI: PM-Timer IO Port: 0x608
[    0.384819] ACPI: LAPIC_NMI (acpi_id[0xff] dfl dfl lint[0x1])
[    0.387191] IOAPIC[0]: apic_id 0, version 17, address 0xfec00000, GSI 0-23
[    0.389168] ACPI: INT_SRC_OVR (bus 0 bus_irq 0 global_irq 2 dfl dfl)
[    0.390815] ACPI: INT_SRC_OVR (bus 0 bus_irq 5 global_irq 5 high level)
[    0.392478] ACPI: INT_SRC_OVR (bus 0 bus_irq 9 global_irq 9 high level)
[    0.394184] ACPI: INT_SRC_OVR (bus 0 bus_irq 10 global_irq 10 high level)
[    0.395840] ACPI: INT_SRC_OVR (bus 0 bus_irq 11 global_irq 11 high level)
[    0.397551] ACPI: Using ACPI (MADT) for SMP configuration information
[    0.399499] ACPI: HPET id: 0x8086a201 base: 0xfed00000
[    0.401443] TSC deadline timer available
[    0.403389] smpboot: Allowing 2 CPUs, 0 hotplug CPUs
[    0.405093] kvm-guest: KVM setup pv remote TLB flush
[    0.406445] kvm-guest: setup PV sched yield
[    0.407753] PM: hibernation: Registered nosave memory: [mem 0x00000000-0x00000fff]
[    0.409866] PM: hibernation: Registered nosave memory: [mem 0x0009f000-0x0009ffff]
[    0.411762] PM: hibernation: Registered nosave memory: [mem 0x000a0000-0x000effff]
[    0.413596] PM: hibernation: Registered nosave memory: [mem 0x000f0000-0x000fffff]
[    0.415479] PM: hibernation: Registered nosave memory: [mem 0xbffe0000-0xbfffffff]
[    0.417528] PM: hibernation: Registered nosave memory: [mem 0xc0000000-0xfeffbfff]
[    0.419349] PM: hibernation: Registered nosave memory: [mem 0xfeffc000-0xfeffffff]
[    0.421189] PM: hibernation: Registered nosave memory: [mem 0xff000000-0xfffbffff]
[    0.423083] PM: hibernation: Registered nosave memory: [mem 0xfffc0000-0xffffffff]
[    0.424893] [mem 0xc0000000-0xfeffbfff] available for PCI devices
[    0.426638] Booting paravirtualized kernel on KVM
[    0.427930] clocksource: refined-jiffies: mask: 0xffffffff max_cycles: 0xffffffff, max_idle_ns: 1910969940391419 ns
[    0.440891] setup_percpu: NR_CPUS:64 nr_cpumask_bits:2 nr_cpu_ids:2 nr_node_ids:1
[    0.446162] percpu: Embedded 66 pages/cpu s232104 r8192 d30040 u1048576
[    0.447946] Kernel command line: console=ttyS0 oops=panic panic=-1 nokaslr earlyprintk=serial
[    0.450182] Unknown kernel command line parameters "nokaslr", will be passed to user space.
[    0.452344] random: crng init done
[    0.458730] Dentry cache hash table entries: 524288 (order: 10, 4194304 bytes, linear)
[    0.463753] Inode-cache hash table entries: 262144 (order: 9, 2097152 bytes, linear)
[    0.466526] Fallback order for Node 0: 0 
[    0.466533] Built 1 zonelists, mobility grouping on.  Total pages: 1031904
[    0.468594] Policy zone: Normal
[    0.469249] mem auto-init: stack:all(zero), heap alloc:off, heap free:off
[    0.470668] stackdepot: allocating hash table via alloc_large_system_hash
[    0.483776] stackdepot hash table entries: 1048576 (order: 11, 8388608 bytes, linear)
[    0.485660] software IO TLB: area num 2.
[    0.624240] Memory: 3425816K/4193784K available (49152K kernel code, 7938K rwdata, 10036K rodata, 5616K init, 3044K bss, 767712K reserved, 0K cma-reserved)
[    0.627438] SLUB: HWalign=64, Order=0-3, MinObjects=0, CPUs=2, Nodes=1
Poking KASLR using RDRAND RDTSC...
[    0.631228] Dynamic Preempt: voluntary
[    0.633849] rcu: Preemptible hierarchical RCU implementation.
[    0.636908] rcu: 	RCU event tracing is enabled.
[    0.639356] rcu: 	RCU restricting CPUs from NR_CPUS=64 to nr_cpu_ids=2.
[    0.641823] 	Trampoline variant of Tasks RCU enabled.
[    0.642834] rcu: RCU calculated value of scheduler-enlistment delay is 100 jiffies.
[    0.644271] rcu: Adjusting geometry for rcu_fanout_leaf=16, nr_cpu_ids=2
[    0.654911] NR_IRQS: 4352, nr_irqs: 440, preallocated irqs: 16
[    0.657703] rcu: srcu_init: Setting srcu_struct sizes based on contention.
[    0.666757] Console: colour VGA+ 80x25
[    0.667955] printk: console [ttyS0] enabled
[    0.667955] printk: console [ttyS0] enabled
[    0.670352] printk: bootconsole [earlyser0] disabled
[    0.670352] printk: bootconsole [earlyser0] disabled
[    0.674628] ACPI: Core revision 20230331
[    0.676255] clocksource: hpet: mask: 0xffffffff max_cycles: 0xffffffff, max_idle_ns: 19112604467 ns
[    0.678648] APIC: Switch to symmetric I/O mode setup
[    0.679817] kvm-guest: setup PV IPIs
[    0.682541] ..TIMER: vector=0x30 apic1=0 pin1=2 apic2=-1 pin2=-1
[    0.683865] clocksource: tsc-early: mask: 0xffffffffffffffff max_cycles: 0x2b2c8ec87c7, max_idle_ns: 440795278598 ns
[    0.686506] Calibrating delay loop (skipped) preset value.. 5990.40 BogoMIPS (lpj=2995200)
[    0.688223] x86/cpu: User Mode Instruction Prevention (UMIP) activated
[    0.689855] Last level iTLB entries: 4KB 0, 2MB 0, 4MB 0
[    0.690504] Last level dTLB entries: 4KB 0, 2MB 0, 4MB 0, 1GB 0
[    0.691551] Spectre V1 : Mitigation: usercopy/swapgs barriers and __user pointer sanitization
[    0.692513] Spectre V2 : Mitigation: Enhanced / Automatic IBRS
[    0.693504] Spectre V2 : Spectre v2 / SpectreRSB mitigation: Filling RSB on context switch
[    0.694504] Spectre V2 : Spectre v2 / PBRSB-eIBRS: Retire a single CALL on VMEXIT
[    0.695505] RETBleed: Mitigation: Enhanced IBRS
[    0.696508] Spectre V2 : mitigation: Enabling conditional Indirect Branch Prediction Barrier
[    0.697507] Speculative Store Bypass: Mitigation: Speculative Store Bypass disabled via prctl
[    0.698505] MMIO Stale Data: Unknown: No mitigations
[    0.699545] x86/fpu: Supporting XSAVE feature 0x001: 'x87 floating point registers'
[    0.700504] x86/fpu: Supporting XSAVE feature 0x002: 'SSE registers'
[    0.701504] x86/fpu: Supporting XSAVE feature 0x004: 'AVX registers'
[    0.702504] x86/fpu: xstate_offset[2]:  576, xstate_sizes[2]:  256
[    0.703504] x86/fpu: Enabled xstate features 0x7, context size is 832 bytes, using 'compacted' format.
[    0.721501] Freeing SMP alternatives memory: 44K
[    0.721505] pid_max: default: 32768 minimum: 301
[    0.722652] LSM: initializing lsm=capability,selinux,integrity
[    0.723539] SELinux:  Initializing.
[    0.725749] Mount-cache hash table entries: 8192 (order: 4, 65536 bytes, linear)
[    0.726611] Mountpoint-cache hash table entries: 8192 (order: 4, 65536 bytes, linear)
[    0.729671] smpboot: CPU0: 13th Gen Intel(R) Core(TM) i9-13900H (family: 0x6, model: 0xba, stepping: 0x2)
[    0.731474] RCU Tasks: Setting shift to 1 and lim to 1 rcu_task_cb_adjust=1.
[    0.731591] Performance Events: unsupported p6 CPU model 186 no PMU driver, software events only.
[    0.732554] signal: max sigframe size: 1776
[    0.733629] rcu: Hierarchical SRCU implementation.
[    0.734508] rcu: 	Max phase no-delay instances is 400.
[    0.740766] smp: Bringing up secondary CPUs ...
[    0.742150] smpboot: x86: Booting SMP configuration:
[    0.742511] .... node  #0, CPUs:      #1
[    0.743671] smp: Brought up 1 node, 2 CPUs
[    0.745512] smpboot: Max logical packages: 1
[    0.746513] smpboot: Total of 2 processors activated (11980.80 BogoMIPS)
[    0.749513] devtmpfs: initialized
[    0.752702] clocksource: jiffies: mask: 0xffffffff max_cycles: 0xffffffff, max_idle_ns: 1911260446275000 ns
[    0.753513] futex hash table entries: 512 (order: 3, 32768 bytes, linear)
[    0.755485] PM: RTC time: 01:03:57, date: 2026-05-08
[    0.756063] NET: Registered PF_NETLINK/PF_ROUTE protocol family
[    0.756902] audit: initializing netlink subsys (disabled)
[    0.758044] audit: type=2000 audit(1778202237.296:1): state=initialized audit_enabled=0 res=1
[    0.758992] thermal_sys: Registered thermal governor 'step_wise'
[    0.759510] thermal_sys: Registered thermal governor 'user_space'
[    0.760565] cpuidle: using governor menu
[    0.763007] PCI: Using configuration type 1 for base access
[    0.764233] kprobes: kprobe jump-optimization is enabled. All kprobes are optimized if possible.
[    0.768108] HugeTLB: registered 2.00 MiB page size, pre-allocated 0 pages
[    0.769510] HugeTLB: 28 KiB vmemmap can be freed for a 2.00 MiB page
[    0.772050] ACPI: Added _OSI(Module Device)
[    0.772509] ACPI: Added _OSI(Processor Device)
[    0.773507] ACPI: Added _OSI(3.0 _SCP Extensions)
[    0.774477] ACPI: Added _OSI(Processor Aggregator Device)
[    0.783983] ACPI: 1 ACPI AML tables successfully acquired and loaded
[    0.839080] ACPI: Interpreter enabled
[    0.839560] ACPI: PM: (supports S0 S3 S4 S5)
[    0.840508] ACPI: Using IOAPIC for interrupt routing
[    0.841583] PCI: Using host bridge windows from ACPI; if necessary, use "pci=nocrs" and report a bug
[    0.842508] PCI: Using E820 reservations for host bridge windows
[    0.844018] ACPI: Enabled 2 GPEs in block 00 to 0F
[    0.859788] ACPI: PCI Root Bridge [PCI0] (domain 0000 [bus 00-ff])
[    0.860527] acpi PNP0A03:00: _OSC: OS supports [ASPM ClockPM Segments MSI HPX-Type3]
[    0.861510] acpi PNP0A03:00: _OSC: not requesting OS control; OS requires [ExtendedConfig ASPM ClockPM MSI]
[    0.862611] acpi PNP0A03:00: fail to add MMCONFIG information, can't access extended configuration space under this bridge
[    0.863847] PCI host bridge to bus 0000:00
[    0.864525] pci_bus 0000:00: root bus resource [io  0x0000-0x0cf7 window]
[    0.865686] pci_bus 0000:00: root bus resource [io  0x0d00-0xffff window]
[    0.866511] pci_bus 0000:00: root bus resource [mem 0x000a0000-0x000bffff window]
[    0.867511] pci_bus 0000:00: root bus resource [mem 0xc0000000-0xfebfffff window]
[    0.868673] pci_bus 0000:00: root bus resource [mem 0x140000000-0x1bfffffff window]
[    0.869518] pci_bus 0000:00: root bus resource [bus 00-ff]
[    0.870835] pci 0000:00:00.0: [8086:1237] type 00 class 0x060000
[    0.878402] pci 0000:00:01.0: [8086:7000] type 00 class 0x060100
[    0.884478] pci 0000:00:01.1: [8086:7010] type 00 class 0x010180
[    0.886042] pci 0000:00:01.1: reg 0x20: [io  0xc040-0xc04f]
[    0.887225] pci 0000:00:01.1: legacy IDE quirk: reg 0x10: [io  0x01f0-0x01f7]
[    0.887510] pci 0000:00:01.1: legacy IDE quirk: reg 0x14: [io  0x03f6]
[    0.888510] pci 0000:00:01.1: legacy IDE quirk: reg 0x18: [io  0x0170-0x0177]
[    0.889508] pci 0000:00:01.1: legacy IDE quirk: reg 0x1c: [io  0x0376]
[    0.890953] pci 0000:00:01.3: [8086:7113] type 00 class 0x068000
[    0.892465] pci 0000:00:01.3: quirk: [io  0x0600-0x063f] claimed by PIIX4 ACPI
[    0.892530] pci 0000:00:01.3: quirk: [io  0x0700-0x070f] claimed by PIIX4 SMB
[    0.894010] pci 0000:00:02.0: [1234:1111] type 00 class 0x030000
[    0.896138] pci 0000:00:02.0: reg 0x10: [mem 0xfd000000-0xfdffffff pref]
[    0.898176] pci 0000:00:02.0: reg 0x18: [mem 0xfebf0000-0xfebf0fff]
[    0.902501] pci 0000:00:02.0: reg 0x30: [mem 0xfebe0000-0xfebeffff pref]
[    0.904160] pci 0000:00:02.0: Video device with shadowed ROM at [mem 0x000c0000-0x000dffff]
[    0.912948] pci 0000:00:03.0: [8086:100e] type 00 class 0x020000
[    0.914510] pci 0000:00:03.0: reg 0x10: [mem 0xfebc0000-0xfebdffff]
[    0.916487] pci 0000:00:03.0: reg 0x14: [io  0xc000-0xc03f]
[    0.919933] pci 0000:00:03.0: reg 0x30: [mem 0xfeb80000-0xfebbffff pref]
[    0.929925] ACPI: PCI: Interrupt link LNKA configured for IRQ 10
[    0.931201] ACPI: PCI: Interrupt link LNKB configured for IRQ 10
[    0.932168] ACPI: PCI: Interrupt link LNKC configured for IRQ 11
[    0.933511] ACPI: PCI: Interrupt link LNKD configured for IRQ 11
[    0.934796] ACPI: PCI: Interrupt link LNKS configured for IRQ 9
[    0.938561] iommu: Default domain type: Translated 
[    0.939507] iommu: DMA domain TLB invalidation policy: lazy mode 
[    0.941318] SCSI subsystem initialized
[    0.942089] ACPI: bus type USB registered
[    0.942743] usbcore: registered new interface driver usbfs
[    0.944567] usbcore: registered new interface driver hub
[    0.945593] usbcore: registered new device driver usb
[    0.947790] pps_core: LinuxPPS API ver. 1 registered
[    0.948527] pps_core: Software ver. 5.3.6 - Copyright 2005-2007 Rodolfo Giometti <giometti@linux.it>
[    0.950796] PTP clock support registered
[    0.953714] Advanced Linux Sound Architecture Driver Initialized.
[    0.956095] NetLabel: Initializing
[    0.957508] NetLabel:  domain hash size = 128
[    0.958506] NetLabel:  protocols = UNLABELED CIPSOv4 CALIPSO
[    0.959736] NetLabel:  unlabeled traffic allowed by default
[    0.962680] PCI: Using ACPI for IRQ routing
[    0.964605] pci 0000:00:02.0: vgaarb: setting as boot VGA device
[    0.965501] pci 0000:00:02.0: vgaarb: bridge control possible
[    0.965501] pci 0000:00:02.0: vgaarb: VGA device added: decodes=io+mem,owns=io+mem,locks=none
[    0.969514] vgaarb: loaded
[    0.970735] hpet0: at MMIO 0xfed00000, IRQs 2, 8, 0
[    0.972507] hpet0: 3 comparators, 64-bit 100.000000 MHz counter
[    0.976700] clocksource: Switched to clocksource kvm-clock
[    0.979056] VFS: Disk quotas dquot_6.6.0
[    0.980187] VFS: Dquot-cache hash table entries: 512 (order 0, 4096 bytes)
[    0.982853] pnp: PnP ACPI init
[    0.985896] pnp: PnP ACPI: found 6 devices
[    0.998611] clocksource: acpi_pm: mask: 0xffffff max_cycles: 0xffffff, max_idle_ns: 2085701024 ns
[    1.001289] NET: Registered PF_INET protocol family
[    1.004088] IP idents hash table entries: 65536 (order: 7, 524288 bytes, linear)
[    1.008268] tcp_listen_portaddr_hash hash table entries: 2048 (order: 3, 32768 bytes, linear)
[    1.010398] Table-perturb hash table entries: 65536 (order: 6, 262144 bytes, linear)
[    1.012336] TCP established hash table entries: 32768 (order: 6, 262144 bytes, linear)
[    1.014864] TCP bind hash table entries: 32768 (order: 8, 1048576 bytes, linear)
[    1.018834] TCP: Hash tables configured (established 32768 bind 32768)
[    1.022407] UDP hash table entries: 2048 (order: 4, 65536 bytes, linear)
[    1.024700] UDP-Lite hash table entries: 2048 (order: 4, 65536 bytes, linear)
[    1.027850] NET: Registered PF_UNIX/PF_LOCAL protocol family
[    1.030391] RPC: Registered named UNIX socket transport module.
[    1.032067] RPC: Registered udp transport module.
[    1.033407] RPC: Registered tcp transport module.
[    1.034766] RPC: Registered tcp NFSv4.1 backchannel transport module.
[    1.037681] pci_bus 0000:00: resource 4 [io  0x0000-0x0cf7 window]
[    1.039574] pci_bus 0000:00: resource 5 [io  0x0d00-0xffff window]
[    1.041298] pci_bus 0000:00: resource 6 [mem 0x000a0000-0x000bffff window]
[    1.043373] pci_bus 0000:00: resource 7 [mem 0xc0000000-0xfebfffff window]
[    1.045243] pci_bus 0000:00: resource 8 [mem 0x140000000-0x1bfffffff window]
[    1.047988] pci 0000:00:01.0: PIIX3: Enabling Passive Release
[    1.049802] pci 0000:00:00.0: Limiting direct PCI/PCI transfers
[    1.051588] PCI: CLS 0 bytes, default 64
[    1.052883] PCI-DMA: Using software bounce buffering for IO (SWIOTLB)
[    1.053339] Unpacking initramfs...
[    1.054709] software IO TLB: mapped [mem 0x00000000bbe92000-0x00000000bfe92000] (64MB)
[    1.058978] RAPL PMU: API unit is 2^-32 Joules, 0 fixed counters, 10737418240 ms ovfl timer
[    1.061643] clocksource: tsc: mask: 0xffffffffffffffff max_cycles: 0x2b2c8ec87c7, max_idle_ns: 440795278598 ns
[    1.069370] Initialise system trusted keyrings
[    1.070940] workingset: timestamp_bits=56 max_order=20 bucket_order=0
[    1.073665] NFS: Registering the id_resolver key type
[    1.075475] Key type id_resolver registered
[    1.076573] Key type id_legacy registered
[    1.077880] 9p: Installing v9fs 9p2000 file system support
[    1.085580] Freeing initrd memory: 1336K
[    1.086641] Key type asymmetric registered
[    1.087831] Asymmetric key parser 'x509' registered
[    1.089433] Block layer SCSI generic (bsg) driver version 0.4 loaded (major 251)
[    1.091518] io scheduler mq-deadline registered
[    1.092930] io scheduler kyber registered
[    1.094870] input: Power Button as /devices/LNXSYSTM:00/LNXPWRBN:00/input/input0
[    1.097649] ACPI: button: Power Button [PWRF]
[    1.100302] Serial: 8250/16550 driver, 4 ports, IRQ sharing enabled
[    1.102671] 00:04: ttyS0 at I/O 0x3f8 (irq = 4, base_baud = 115200) is a 16550A
[    1.106479] Non-volatile memory driver v1.3
[    1.107696] Linux agpgart interface v0.103
[    1.109092] ACPI: bus type drm_connector registered
[    1.119415] loop: module loaded
[    1.123212] scsi host0: ata_piix
[    1.125040] scsi host1: ata_piix
[    1.126231] ata1: PATA max MWDMA2 cmd 0x1f0 ctl 0x3f6 bmdma 0xc040 irq 14
[    1.127841] ata2: PATA max MWDMA2 cmd 0x170 ctl 0x376 bmdma 0xc048 irq 15
[    1.131304] e100: Intel(R) PRO/100 Network Driver
[    1.132934] e100: Copyright(c) 1999-2006 Intel Corporation
[    1.134521] e1000: Intel(R) PRO/1000 Network Driver
[    1.135874] e1000: Copyright (c) 1999-2006 Intel Corporation.
[    1.283934] ata2: found unknown device (class 0)
[    1.285811] ata2.00: ATAPI: QEMU DVD-ROM, 2.5+, max UDMA/100
[    1.288545] scsi 1:0:0:0: CD-ROM            QEMU     QEMU DVD-ROM     2.5+ PQ: 0 ANSI: 5
[    1.316512] sr 1:0:0:0: [sr0] scsi3-mmc drive: 4x/4x cd/rw xa/form2 tray
[    1.318079] cdrom: Uniform CD-ROM driver Revision: 3.20
[    1.585286] ACPI: \_SB_.LNKC: Enabled at IRQ 11
[    1.941999] e1000 0000:00:03.0 eth0: (PCI:33MHz:32-bit) 52:54:00:12:34:56
[    1.944112] e1000 0000:00:03.0 eth0: Intel(R) PRO/1000 Network Connection
[    1.945936] e1000e: Intel(R) PRO/1000 Network Driver
[    1.947191] e1000e: Copyright(c) 1999 - 2015 Intel Corporation.
[    1.948718] sky2: driver version 1.30
[    1.950426] usbcore: registered new interface driver usblp
[    1.951725] usbcore: registered new interface driver usb-storage
[    1.953338] i8042: PNP: PS/2 Controller [PNP0303:KBD,PNP0f13:MOU] at 0x60,0x64 irq 1,12
[    1.958032] serio: i8042 KBD port at 0x60,0x64 irq 1
[    1.959641] serio: i8042 AUX port at 0x60,0x64 irq 12
[    1.962129] rtc_cmos 00:05: RTC can wake from S4
[    1.964197] input: AT Translated Set 2 keyboard as /devices/platform/i8042/serio0/input/input1
[    1.966143] rtc_cmos 00:05: registered as rtc0
[    1.967700] rtc_cmos 00:05: alarms up to one day, y3k, 242 bytes nvram, hpet irqs
[    1.970441] device-mapper: ioctl: 4.48.0-ioctl (2023-03-01) initialised: dm-devel@redhat.com
[    1.973002] intel_pstate: CPU model not supported
[    1.974276] hid: raw HID events driver (C) Jiri Kosina
[    1.976231] usbcore: registered new interface driver usbhid
[    1.977631] usbhid: USB HID core driver
[    1.981589] Initializing XFRM netlink socket
[    1.982917] NET: Registered PF_INET6 protocol family
[    1.985149] Segment Routing with IPv6
[    1.986005] In-situ OAM (IOAM) with IPv6
[    1.986971] sit: IPv6, IPv4 and MPLS over IPv4 tunneling driver
[    1.988839] NET: Registered PF_PACKET protocol family
[    1.990202] 9pnet: Installing 9P2000 support
[    1.991262] Key type dns_resolver registered
[    1.992415] NET: Registered PF_VSOCK protocol family
[    1.994273] IPI shorthand broadcast: enabled
[    2.019464] sched_clock: Marking stable (1996081133, 23096131)->(2117530976, -98353712)
[    2.022847] registered taskstats version 1
[    2.023933] Loading compiled-in X.509 certificates
[    2.035557] PM:   Magic number: 10:210:53
[    2.037063] printk: console [netcon0] enabled
[    2.038327] netconsole: network logging started
[    2.041076] cfg80211: Loading compiled-in X.509 certificates for regulatory database
[    2.043643] kworker/u4:1 (50) used greatest stack depth: 29536 bytes left
[    2.045899] Loaded X.509 cert 'sforshee: 00b28ddf47aef9cea7'
[    2.047321] ALSA device list:
[    2.048088]   No soundcards found.
[    2.050497] Freeing unused kernel image (initmem) memory: 5616K
[    2.052048] platform regulatory.0: Direct firmware load for regulatory.db failed with error -2
[    2.053820] cfg80211: failed to load regulatory.db
[    2.060178] Write protecting the kernel read-only data: 59392k
[    2.061242] Freeing unused kernel image (rodata/data gap) memory: 204K
[    2.072197] x86/mm: Checked W+X mappings: passed, no W+X pages found.
[    2.073313] Run /init as init process
[    2.079488] mount (55) used greatest stack depth: 28760 bytes left

secb: rootfs ready
---- poc begin ----
[*] CVE-2025-21756 PoC starting
[*] probe port = 3454353168
[*] occupied ports 3454353169..3454353192
[*] victim fd = 28
[*] connect#1 (cid=LOCAL): rv=-1 errno=99 (Canno[    2.098360] ==================================================================
t assign request[    2.099705] BUG: KASAN: slab-use-after-free in __vsock_bind+0x5f2/0x750
ed address)
[*][    2.100837] Read of size 4 at addr ffff888103be0844 by task poc/61
[    2.102098] 
 connect#2 (cid=HYPER): rv=-1 er[    2.102622] CPU: 0 PID: 61 Comm: poc Not tainted 6.4.0-04322-gc451410ca7e3-dirty #1
[    2.104353] Hardware name: QEMU Standard PC (i440FX + PIIX, 1996), BIOS 1.16.2-debian-1.16.2-1 04/01/2014
rno=19 (No such [    2.105680] Call Trace:
device)
[    2.106280]  <TASK>
[    2.106849]  dump_stack_lvl+0x36/0x50
[    2.107454]  print_report+0xcf/0x660
[    2.108076]  ? __vsock_bind+0x5f2/0x750
[    2.108644]  kasan_report+0xc7/0x100
[    2.109241]  ? __vsock_bind+0x5f2/0x750
[    2.109806]  __vsock_bind+0x5f2/0x750
[    2.110421]  ? _raw_spin_lock_bh+0x84/0xe0
[    2.111089]  ? __pfx___vsock_bind+0x10/0x10
[    2.111630]  ? ldsem_up_read+0x12/0x40
[    2.112249]  ? __pfx_n_tty_write+0x10/0x10
[    2.112798]  vsock_bind+0xaf/0x110
[    2.113359]  ? __pfx_vsock_bind+0x10/0x10
[    2.113952]  ? security_socket_bind+0x64/0xa0
[    2.114913]  __sys_bind+0x1a1/0x1e0
[    2.115511]  ? __pfx___sys_bind+0x10/0x10
[    2.116090]  ? __pfx_ksys_write+0x10/0x10
[    2.116662]  __x64_sys_bind+0x6d/0xb0
[    2.117214]  ? syscall_exit_to_user_mode+0x21/0x50
[    2.117985]  do_syscall_64+0x3b/0x90
[    2.118481]  entry_SYSCALL_64_after_hwframe+0x6e/0xd8
[    2.119112] RIP: 0033:0x43b067
[    2.119536] Code: 49 0f bc c4 c1 e0 1a 0d 00 00 04 00 89 01 e9 e0 fe ff ff e8 2b 04 00 00 66 2e 0f 1f 84 00 00 00 00 00 90 b8 31 00 00 00 0f 05 <48> 3d 01 f0 ff ff 73 01 c3 48 c7 c1 b8 ff ff ff f7 d8 64 89 01 48
[    2.122860] RSP: 002b:00007ffecf9272a8 EFLAGS: 00000202 ORIG_RAX: 0000000000000031
[    2.123836] RAX: ffffffffffffffda RBX: 0000000002441338 RCX: 000000000043b067
[    2.124871] RDX: 0000000000000010 RSI: 00007ffecf927300 RDI: 000000000000001c
[    2.126005] RBP: 00007ffecf927300 R08: 0000000000000029 R09: 00007ffecf925026
[    2.126920] R10: 00000000ffffffff R11: 0000000000000202 R12: 000000000000001c
[    2.127942] R13: ffffffff00000028 R14: 00000000ffffffff R15: 0000000000000001
[    2.129651]  </TASK>
[    2.130035] 
[    2.130252] Allocated by task 61:
[    2.131025]  kasan_save_stack+0x33/0x60
[    2.131585]  kasan_set_track+0x25/0x30
[    2.132207]  __kasan_slab_alloc+0x6e/0x70
[    2.132771]  kmem_cache_alloc+0xe7/0x250
[    2.133326]  sk_prot_alloc+0x56/0x220
[    2.133841]  sk_alloc+0x2b/0x5b0
[    2.134347]  __vsock_create.constprop.0+0x29/0xaf0
[    2.135040]  vsock_create+0xf1/0x350
[    2.135510]  __sock_create+0x1c0/0x430
[    2.136014]  __sys_socket+0x118/0x1c0
[    2.136483]  __x64_sys_socket+0x6d/0xb0
[    2.137564]  do_syscall_64+0x3b/0x90
[    2.138192]  entry_SYSCALL_64_after_hwframe+0x6e/0xd8
[    2.139052] 
[    2.139259] Freed by task 61:
[    2.139853]  kasan_save_stack+0x33/0x60
[    2.140429]  kasan_set_track+0x25/0x30
[    2.141029]  kasan_save_free_info+0x2b/0x50
[    2.141926]  __kasan_slab_free+0x10a/0x180
[    2.143232]  kmem_cache_free+0xa5/0x380
[    2.144488]  __sk_destruct+0x395/0x540
[    2.145024]  __vsock_bind+0x5ad/0x750
[    2.145589]  vsock_bind+0xaf/0x110
[    2.146162]  __sys_bind+0x1a1/0x1e0
[    2.146675]  __x64_sys_bind+0x6d/0xb0
[    2.147330]  do_syscall_64+0x3b/0x90
[    2.147872]  entry_SYSCALL_64_after_hwframe+0x6e/0xd8
[    2.148577] 
[    2.148784] The buggy address belongs to the object at ffff888103be0540
[    2.148784]  which belongs to the cache AF_VSOCK of size 1216
[    2.150512] The buggy address is located 772 bytes inside of
[    2.150512]  freed 1216-byte region [ffff888103be0540, ffff888103be0a00)
[    2.152230] 
[    2.152428] The buggy address belongs to the physical page:
[    2.153163] page:0000000080204872 refcount:1 mapcount:0 mapping:0000000000000000 index:0x0 pfn:0x103be0
[    2.154340] head:0000000080204872 order:2 entire_mapcount:0 nr_pages_mapped:0 pincount:0
[    2.155878] flags: 0x200000000010200(slab|head|node=0|zone=2)
[    2.160212] page_type: 0xffffffff()
[    2.161092] raw: 0200000000010200 ffff888103321c80 dead000000000122 0000000000000000
[    2.162509] raw: 0000000000000000 00000000800c000c 00000001ffffffff 0000000000000000
[    2.163707] page dumped because: kasan: bad access detected
[    2.164436] 
[    2.164694] Memory state around the buggy address:
[    2.165330]  ffff888103be0700: fb fb fb fb fb fb fb fb fb fb fb fb fb fb fb fb
[    2.166556]  ffff888103be0780: fb fb fb fb fb fb fb fb fb fb fb fb fb fb fb fb
[    2.167532] >ffff888103be0800: fb fb fb fb fb fb fb fb fb fb fb fb fb fb fb fb
[    2.168434]                                            ^
[    2.169074]  ffff888103be0880: fb fb fb fb fb fb fb fb fb fb fb fb fb fb fb fb
[    2.170050]  ffff888103be0900: fb fb fb fb fb fb fb fb fb fb fb fb fb fb fb fb
[    2.171084] ==================================================================
[    2.171970] Disabling lock debugging due to kernel taint
[    2.172622] ------------[ cut here ]------------
[    2.173457] refcount_t: addition on 0; use-after-free.
[    2.174315] WARNING: CPU: 0 PID: 61 at lib/refcount.c:25 refcount_warn_saturate+0x115/0x150
[    2.176160] Modules linked in:
[    2.176670] CPU: 0 PID: 61 Comm: poc Tainted: G    B              6.4.0-04322-gc451410ca7e3-dirty #1
[    2.178069] Hardware name: QEMU Standard PC (i440FX + PIIX, 1996), BIOS 1.16.2-debian-1.16.2-1 04/01/2014
[    2.179397] RIP: 0010:refcount_warn_saturate+0x115/0x150
[    2.180055] Code: 05 2a ff 0f 0b e9 72 ff ff ff 80 3d c2 4c 2e 03 00 0f 85 65 ff ff ff 48 c7 c7 c0 01 19 84 c6 05 ae 4c 2e 03 01 e8 1b 05 2a ff <0f> 0b e9 4b ff ff ff 48 c7 c7 80 02 19 84 c6 05 92 4c 2e 03 01 e8
[    2.182508] RSP: 0018:ffffc900003ffc90 EFLAGS: 00010282
[    2.183271] RAX: 0000000000000000 RBX: ffff888103be05c0 RCX: dffffc0000000000
[    2.184258] RDX: 0000000000000000 RSI: 1ffff9200007ff37 RDI: 0000000000000001
[    2.185338] RBP: 0000000000000002 R08: 0000000000000001 R09: fffff5200007ff37
[    2.186297] R10: ffffc900003ff9bf R11: 0000000000000000 R12: 1ffff9200007ff97
[    2.187417] R13: ffff888103be05c0 R14: ffff888103be0868 R15: ffff888103be0860
[    2.188479] FS:  0000000002441380(0000) GS:ffff88811b200000(0000) knlGS:0000000000000000
[    2.189679] CS:  0010 DS: 0000 ES: 0000 CR0: 0000000080050033
[    2.190532] CR2: 00007ffecf924b28 CR3: 0000000103c58000 CR4: 0000000000350ef0
[    2.191390] Call Trace:
[    2.191791]  <TASK>
[    2.192046]  ? __warn+0xc8/0x250
[    2.192558]  ? refcount_warn_saturate+0x115/0x150
[    2.193174]  ? report_bug+0x26b/0x2e0
[    2.193657]  ? handle_bug+0x3c/0x70
[    2.195665]  ? exc_invalid_op+0x17/0x40
[    2.196224]  ? asm_exc_invalid_op+0x1a/0x20
[    2.196770]  ? refcount_warn_saturate+0x115/0x150
[    2.197458]  __vsock_bind+0x657/0x750
[    2.197995]  ? __pfx___vsock_bind+0x10/0x10
[    2.198645]  ? ldsem_up_read+0x12/0x40
[    2.199136]  ? __pfx_n_tty_write+0x10/0x10
[    2.199776]  vsock_bind+0xaf/0x110
[    2.200282]  ? __pfx_vsock_bind+0x10/0x10
[    2.200875]  ? security_socket_bind+0x64/0xa0
[    2.201514]  __sys_bind+0x1a1/0x1e0
[    2.201978]  ? __pfx___sys_bind+0x10/0x10
[    2.202524]  ? __pfx_ksys_write+0x10/0x10
[    2.203191]  __x64_sys_bind+0x6d/0xb0
[    2.203773]  ? syscall_exit_to_user_mode+0x21/0x50
[    2.204673]  do_syscall_64+0x3b/0x90
[    2.205240]  entry_SYSCALL_64_after_hwframe+0x6e/0xd8
[    2.206067] RIP: 0033:0x43b067
[    2.206552] Code: 49 0f bc c4 c1 e0 1a 0d 00 00 04 00 89 01 e9 e0 fe ff ff e8 2b 04 00 00 66 2e 0f 1f 84 00 00 00 00 00 90 b8 31 00 00 00 0f 05 <48> 3d 01 f0 ff ff 73 01 c3 48 c7 c1 b8 ff ff ff f7 d8 64 89 01 48
[    2.209434] RSP: 002b:00007ffecf9272a8 EFLAGS: 00000202 ORIG_RAX: 0000000000000031
[    2.210519] RAX: ffffffffffffffda RBX: 0000000002441338 RCX: 000000000043b067
[    2.211527] RDX: 0000000000000010 RSI: 00007ffecf927300 RDI: 000000000000001c
[    2.212536] RBP: 00007ffecf927300 R08: 0000000000000029 R09: 00007ffecf925026
[    2.213510] R10: 00000000ffffffff R11: 0000000000000202 R12: 000000000000001c
[    2.214545] R13: ffffffff00000028 R14: 00000000ffffffff R15: 0000000000000001
[    2.215532]  </TASK>
[    2.215891] ---[ end trace 0000000000000000 ]---
[*] bind(victim): rv=0 errno=19 (No such device)
[*] poc returned without kernel crash
[    2.219118] ------------[ cut here ]------------
[    2.219765] refcount_t: underflow; use-after-free.
[    2.220479] WARNING: CPU: 1 PID: 61 at lib/refcount.c:28 refcount_warn_saturate+0xce/0x150
[    2.221641] Modules linked in:
[    2.222175] CPU: 1 PID: 61 Comm: poc Tainted: G    B   W          6.4.0-04322-gc451410ca7e3-dirty #1
[    2.223491] Hardware name: QEMU Standard PC (i440FX + PIIX, 1996), BIOS 1.16.2-debian-1.16.2-1 04/01/2014
[    2.224750] RIP: 0010:refcount_warn_saturate+0xce/0x150
[    2.225555] Code: 17 4d 2e 03 01 e8 82 05 2a ff 0f 0b eb b5 80 3d 04 4d 2e 03 00 75 ac 48 c7 c7 20 02 19 84 c6 05 f4 4c 2e 03 01 e8 62 05 2a ff <0f> 0b eb 95 80 3d e2 4c 2e 03 00 75 8c 48 c7 c7 e0 02 19 84 c6 05
[    2.228238] RSP: 0018:ffffc900003ffc30 EFLAGS: 00010282
[    2.229004] RAX: 0000000000000000 RBX: ffff888103be05c0 RCX: dffffc0000000000
[    2.229996] RDX: 0000000000000000 RSI: 1ffff9200007ff2b RDI: 0000000000000001
[    2.230993] RBP: 0000000000000003 R08: 0000000000000001 R09: fffff5200007ff2b
[    2.231993] R10: ffffc900003ff95f R11: 0000000000000000 R12: ffffffff860a09a0
[    2.233023] R13: ffffffff860a09a0 R14: ffffffff844e8b40 R15: ffff888103c7d6e8
[    2.234241] FS:  0000000000000000(0000) GS:ffff88811b300000(0000) knlGS:0000000000000000
[    2.235442] CS:  0010 DS: 0000 ES: 0000 CR0: 0000000080050033
[    2.236161] CR2: 0000000000a75730 CR3: 0000000004a66000 CR4: 0000000000350ee0
[    2.237379] Call Trace:
[    2.237754]  <TASK>
[    2.238148]  ? __warn+0xc8/0x250
[    2.238627]  ? refcount_warn_saturate+0xce/0x150
[    2.239309]  ? report_bug+0x26b/0x2e0
[    2.239856]  ? handle_bug+0x3c/0x70
[    2.240403]  ? exc_invalid_op+0x17/0x40
[    2.240992]  ? asm_exc_invalid_op+0x1a/0x20
[    2.241638]  ? refcount_warn_saturate+0xce/0x150
[    2.242354]  vsock_remove_bound+0x11a/0x150
[    2.242918]  __vsock_release+0x36e/0x470
[    2.243549]  vsock_release+0x2f/0xa0
[    2.244110]  __sock_release+0xbd/0x280
[    2.244630]  sock_close+0x10/0x20
[    2.245199]  __fput+0x34b/0xa50
[    2.245714]  task_work_run+0x117/0x1f0
[    2.246328]  ? __pfx_task_work_run+0x10/0x10
[    2.247005]  ? kasan_save_free_info+0x2b/0x50
[    2.247717]  do_exit+0x828/0x2400
[    2.248219]  ? __fget_light+0x52/0x4e0
[    2.248706]  ? __pfx_do_exit+0x10/0x10
[    2.249250]  ? _raw_spin_lock_irq+0x81/0xe0
[    2.249869]  ? __pfx__raw_spin_lock_irq+0x10/0x10
[    2.250528]  ? ksys_write+0xf9/0x1d0
[    2.251042]  ? __pfx_ksys_write+0x10/0x10
[    2.251644]  do_group_exit+0xa8/0x230
[    2.252222]  __x64_sys_exit_group+0x39/0x40
[    2.252864]  do_syscall_64+0x3b/0x90
[    2.253457]  entry_SYSCALL_64_after_hwframe+0x6e/0xd8
[    2.254241] RIP: 0033:0x438169
[    2.254726] Code: Unable to access opcode bytes at 0x43813f.
[    2.255615] RSP: 002b:00007ffecf9272c8 EFLAGS: 00000246 ORIG_RAX: 00000000000000e7
[    2.256683] RAX: ffffffffffffffda RBX: 00000000004a8270 RCX: 0000000000438169
[    2.257619] RDX: 000000000000003c RSI: 00000000000000e7 RDI: 0000000000000000
[    2.258624] RBP: 00000000004a8270 R08: ffffffffffffffb8 R09: 00007ffecf925026
[    2.259622] R10: 00000000ffffffff R11: 0000000000000246 R12: 0000000000000001
[    2.260609] R13: 0000000000000000 R14: 00000000004a6108 R15: 00000000004a8d20
[    2.261946]  </TASK>
[    2.262321] ---[ end trace 0000000000000000 ]---
[    2.263538] poc (61) used greatest stack depth: 28016 bytes left
---- poc end rc=0 ----
secb: poc exited without crashing the kernel
[    2.631822] input: ImExPS/2 Generic Explorer Mouse as /devices/platform/i8042/serio1/input/input3
[    3.721418] ACPI: PM: Preparing to enter system sleep state S5
[    3.722813] reboot: Power down
CONFIRMED: KASAN_UAF
