c[?7l[2J[0mSeaBIOS (version 1.16.2-debian-1.16.2-1)


iPXE (http://ipxe.org) 00:03.0 CA00 PCI2.10 PnP PMM+BEFCEF00+BEF0EF00 CA00
Press Ctrl-B to configure iPXE (PCI 00:03.0)...                                                                               


Booting from ROM...
c[?7l[2JNo EFI environment detected.
early console in extract_kernel
input_data: 0x0000000004bf13a8
input_len: 0x0000000001981234
output: 0x0000000001000000
output_len: 0x00000000054fcc44
kernel_total_size: 0x0000000005230000
needed_size: 0x0000000005600000
trampoline_32bit: 0x000000000009d000


KASLR disabled: 'nokaslr' on cmdline.


Decompressing Linux... Parsing ELF... No relocation needed... done.
Booting the kernel (entry_offset: 0x0000000000000000).
[    0.000000] Linux version 6.4.0-04323-g4732386cc395-dirty (root@buildkitsandbox) (gcc (Debian 12.2.0-14+deb12u1) 12.2.0, GNU ld (GNU Binutils for Debian) 2.40) #2 SMP PREEMPT_DYNAMIC Fri May  8 01:41:50 UTC 2026
[    0.000000] Command line: console=ttyS0 oops=panic panic=-1 nokaslr earlyprintk=serial
[    0.000000] BIOS-provided physical RAM map:
[    0.000000] BIOS-e820: [mem 0x0000000000000000-0x000000000009fbff] usable
[    0.000000] BIOS-e820: [mem 0x000000000009fc00-0x000000000009ffff] reserved
[    0.000000] BIOS-e820: [mem 0x00000000000f0000-0x00000000000fffff] reserved
[    0.000000] BIOS-e820: [mem 0x0000000000100000-0x00000000bffdffff] usable
[    0.000000] BIOS-e820: [mem 0x00000000bffe0000-0x00000000bfffffff] reserved
[    0.000000] BIOS-e820: [mem 0x00000000feffc000-0x00000000feffffff] reserved
[    0.000000] BIOS-e820: [mem 0x00000000fffc0000-0x00000000ffffffff] reserved
[    0.000000] BIOS-e820: [mem 0x0000000100000000-0x000000013fffffff] usable
[    0.000000] printk: bootconsole [earlyser0] enabled
[    0.000000] NX (Execute Disable) protection: active
[    0.000000] SMBIOS 2.8 present.
[    0.000000] DMI: QEMU Standard PC (i440FX + PIIX, 1996), BIOS 1.16.2-debian-1.16.2-1 04/01/2014
[    0.000000] Hypervisor detected: KVM
[    0.000000] kvm-clock: Using msrs 4b564d01 and 4b564d00
[    0.000002] kvm-clock: using sched offset of 465233738 cycles
[    0.001375] clocksource: kvm-clock: mask: 0xffffffffffffffff max_cycles: 0x1cd42e4dffb, max_idle_ns: 881590591483 ns
[    0.005571] tsc: Detected 2995.200 MHz processor
[    0.007185] last_pfn = 0x140000 max_arch_pfn = 0x400000000
[    0.008695] MTRR map: 4 entries (3 fixed + 1 variable; max 19), built from 8 variable MTRRs
[    0.012676] x86/PAT: Configuration [0-7]: WB  WC  UC- UC  WB  WP  UC- WT  
[    0.015521] last_pfn = 0xbffe0 max_arch_pfn = 0x400000000
[    0.022563] found SMP MP-table at [mem 0x000f5ba0-0x000f5baf]
[    0.024190] Using GB pages for direct mapping
[    0.025366] Incomplete global flushes, disabling PCID
[    0.026217] RAMDISK: [mem 0xbfe91000-0xbffdffff]
[    0.028982] ACPI: Early table checksum verification disabled
[    0.030736] ACPI: RSDP 0x00000000000F59B0 000014 (v00 BOCHS )
[    0.032506] ACPI: RSDT 0x00000000BFFE1B33 000034 (v01 BOCHS  BXPC     00000001 BXPC 00000001)
[    0.039133] ACPI: FACP 0x00000000BFFE19DF 000074 (v01 BOCHS  BXPC     00000001 BXPC 00000001)
[    0.041435] ACPI: DSDT 0x00000000BFFE0040 00199F (v01 BOCHS  BXPC     00000001 BXPC 00000001)
[    0.043668] ACPI: FACS 0x00000000BFFE0000 000040
[    0.044912] ACPI: APIC 0x00000000BFFE1A53 000080 (v01 BOCHS  BXPC     00000001 BXPC 00000001)
[    0.047052] ACPI: HPET 0x00000000BFFE1AD3 000038 (v01 BOCHS  BXPC     00000001 BXPC 00000001)
[    0.049389] ACPI: WAET 0x00000000BFFE1B0B 000028 (v01 BOCHS  BXPC     00000001 BXPC 00000001)
[    0.052810] ACPI: Reserving FACP table memory at [mem 0xbffe19df-0xbffe1a52]
[    0.054811] ACPI: Reserving DSDT table memory at [mem 0xbffe0040-0xbffe19de]
[    0.056932] ACPI: Reserving FACS table memory at [mem 0xbffe0000-0xbffe003f]
[    0.059846] ACPI: Reserving APIC table memory at [mem 0xbffe1a53-0xbffe1ad2]
[    0.061695] ACPI: Reserving HPET table memory at [mem 0xbffe1ad3-0xbffe1b0a]
[    0.065911] ACPI: Reserving WAET table memory at [mem 0xbffe1b0b-0xbffe1b32]
[    0.068338] No NUMA configuration found
[    0.069280] Faking a node at [mem 0x0000000000000000-0x000000013fffffff]
[    0.070979] NODE_DATA(0) allocated [mem 0x13fffa000-0x13fffdfff]
[    0.072627] Zone ranges:
[    0.073380]   DMA      [mem 0x0000000000001000-0x0000000000ffffff]
[    0.075025]   DMA32    [mem 0x0000000001000000-0x00000000ffffffff]
[    0.076686]   Normal   [mem 0x0000000100000000-0x000000013fffffff]
[    0.078603] Movable zone start for each node
[    0.082032] Early memory node ranges
[    0.082938]   node   0: [mem 0x0000000000001000-0x000000000009efff]
[    0.084579]   node   0: [mem 0x0000000000100000-0x00000000bffdffff]
[    0.086179]   node   0: [mem 0x0000000100000000-0x000000013fffffff]
[    0.087831] Initmem setup node 0 [mem 0x0000000000001000-0x000000013fffffff]
[    0.090426] On node 0, zone DMA: 1 pages in unavailable ranges
[    0.090470] On node 0, zone DMA: 97 pages in unavailable ranges
[    0.123802] On node 0, zone Normal: 32 pages in unavailable ranges
[    0.335112] kasan: KernelAddressSanitizer initialized
[    0.339592] ACPI: PM-Timer IO Port: 0x608
[    0.340920] ACPI: LAPIC_NMI (acpi_id[0xff] dfl dfl lint[0x1])
[    0.343858] IOAPIC[0]: apic_id 0, version 17, address 0xfec00000, GSI 0-23
[    0.347422] ACPI: INT_SRC_OVR (bus 0 bus_irq 0 global_irq 2 dfl dfl)
[    0.349350] ACPI: INT_SRC_OVR (bus 0 bus_irq 5 global_irq 5 high level)
[    0.351071] ACPI: INT_SRC_OVR (bus 0 bus_irq 9 global_irq 9 high level)
[    0.352902] ACPI: INT_SRC_OVR (bus 0 bus_irq 10 global_irq 10 high level)
[    0.354832] ACPI: INT_SRC_OVR (bus 0 bus_irq 11 global_irq 11 high level)
[    0.356743] ACPI: Using ACPI (MADT) for SMP configuration information
[    0.358531] ACPI: HPET id: 0x8086a201 base: 0xfed00000
[    0.359739] TSC deadline timer available
[    0.361573] smpboot: Allowing 2 CPUs, 0 hotplug CPUs
[    0.363932] kvm-guest: KVM setup pv remote TLB flush
[    0.365412] kvm-guest: setup PV sched yield
[    0.366623] PM: hibernation: Registered nosave memory: [mem 0x00000000-0x00000fff]
[    0.368553] PM: hibernation: Registered nosave memory: [mem 0x0009f000-0x0009ffff]
[    0.370581] PM: hibernation: Registered nosave memory: [mem 0x000a0000-0x000effff]
[    0.372674] PM: hibernation: Registered nosave memory: [mem 0x000f0000-0x000fffff]
[    0.374675] PM: hibernation: Registered nosave memory: [mem 0xbffe0000-0xbfffffff]
[    0.376705] PM: hibernation: Registered nosave memory: [mem 0xc0000000-0xfeffbfff]
[    0.378746] PM: hibernation: Registered nosave memory: [mem 0xfeffc000-0xfeffffff]
[    0.380800] PM: hibernation: Registered nosave memory: [mem 0xff000000-0xfffbffff]
[    0.383446] PM: hibernation: Registered nosave memory: [mem 0xfffc0000-0xffffffff]
[    0.385696] [mem 0xc0000000-0xfeffbfff] available for PCI devices
[    0.387684] Booting paravirtualized kernel on KVM
[    0.389077] clocksource: refined-jiffies: mask: 0xffffffff max_cycles: 0xffffffff, max_idle_ns: 1910969940391419 ns
[    0.403030] setup_percpu: NR_CPUS:64 nr_cpumask_bits:2 nr_cpu_ids:2 nr_node_ids:1
[    0.408959] percpu: Embedded 66 pages/cpu s232104 r8192 d30040 u1048576
[    0.410811] Kernel command line: console=ttyS0 oops=panic panic=-1 nokaslr earlyprintk=serial
[    0.413207] Unknown kernel command line parameters "nokaslr", will be passed to user space.
[    0.415509] random: crng init done
[    0.422758] Dentry cache hash table entries: 524288 (order: 10, 4194304 bytes, linear)
[    0.428224] Inode-cache hash table entries: 262144 (order: 9, 2097152 bytes, linear)
[    0.430326] Fallback order for Node 0: 0 
[    0.430330] Built 1 zonelists, mobility grouping on.  Total pages: 1031904
[    0.432620] Policy zone: Normal
[    0.433325] mem auto-init: stack:all(zero), heap alloc:off, heap free:off
[    0.434789] stackdepot: allocating hash table via alloc_large_system_hash
[    0.449177] stackdepot hash table entries: 1048576 (order: 11, 8388608 bytes, linear)
[    0.450814] software IO TLB: area num 2.
[    0.581581] Memory: 3425812K/4193784K available (49152K kernel code, 7928K rwdata, 10016K rodata, 5604K init, 3084K bss, 767716K reserved, 0K cma-reserved)
[    0.584983] SLUB: HWalign=64, Order=0-3, MinObjects=0, CPUs=2, Nodes=1
Poking KASLR using RDRAND RDTSC...
[    0.588394] Dynamic Preempt: voluntary
[    0.591124] rcu: Preemptible hierarchical RCU implementation.
[    0.592970] rcu: 	RCU event tracing is enabled.
[    0.594684] rcu: 	RCU restricting CPUs from NR_CPUS=64 to nr_cpu_ids=2.
[    0.597076] 	Trampoline variant of Tasks RCU enabled.
[    0.598475] rcu: RCU calculated value of scheduler-enlistment delay is 100 jiffies.
[    0.600140] rcu: Adjusting geometry for rcu_fanout_leaf=16, nr_cpu_ids=2
[    0.609525] NR_IRQS: 4352, nr_irqs: 440, preallocated irqs: 16
[    0.611456] rcu: srcu_init: Setting srcu_struct sizes based on contention.
[    0.620257] Console: colour VGA+ 80x25
[    0.621104] printk: console [ttyS0] enabled
[    0.621104] printk: console [ttyS0] enabled
[    0.622854] printk: bootconsole [earlyser0] disabled
[    0.622854] printk: bootconsole [earlyser0] disabled
[    0.625629] ACPI: Core revision 20230331
[    0.626781] clocksource: hpet: mask: 0xffffffff max_cycles: 0xffffffff, max_idle_ns: 19112604467 ns
[    0.629076] APIC: Switch to symmetric I/O mode setup
[    0.630360] kvm-guest: setup PV IPIs
[    0.633200] ..TIMER: vector=0x30 apic1=0 pin1=2 apic2=-1 pin2=-1
[    0.634635] clocksource: tsc-early: mask: 0xffffffffffffffff max_cycles: 0x2b2c8ec87c7, max_idle_ns: 440795278598 ns
[    0.637036] Calibrating delay loop (skipped) preset value.. 5990.40 BogoMIPS (lpj=2995200)
[    0.639461] x86/cpu: User Mode Instruction Prevention (UMIP) activated
[    0.641360] Last level iTLB entries: 4KB 0, 2MB 0, 4MB 0
[    0.642033] Last level dTLB entries: 4KB 0, 2MB 0, 4MB 0, 1GB 0
[    0.643078] Spectre V1 : Mitigation: usercopy/swapgs barriers and __user pointer sanitization
[    0.644040] Spectre V2 : Mitigation: Enhanced / Automatic IBRS
[    0.645034] Spectre V2 : Spectre v2 / SpectreRSB mitigation: Filling RSB on context switch
[    0.646035] Spectre V2 : Spectre v2 / PBRSB-eIBRS: Retire a single CALL on VMEXIT
[    0.647034] RETBleed: Mitigation: Enhanced IBRS
[    0.648037] Spectre V2 : mitigation: Enabling conditional Indirect Branch Prediction Barrier
[    0.649035] Speculative Store Bypass: Mitigation: Speculative Store Bypass disabled via prctl
[    0.650033] MMIO Stale Data: Unknown: No mitigations
[    0.651076] x86/fpu: Supporting XSAVE feature 0x001: 'x87 floating point registers'
[    0.652034] x86/fpu: Supporting XSAVE feature 0x002: 'SSE registers'
[    0.653034] x86/fpu: Supporting XSAVE feature 0x004: 'AVX registers'
[    0.654035] x86/fpu: xstate_offset[2]:  576, xstate_sizes[2]:  256
[    0.655034] x86/fpu: Enabled xstate features 0x7, context size is 832 bytes, using 'compacted' format.
[    0.673625] Freeing SMP alternatives memory: 44K
[    0.674034] pid_max: default: 32768 minimum: 301
[    0.675254] LSM: initializing lsm=capability,selinux,integrity
[    0.676066] SELinux:  Initializing.
[    0.678064] Mount-cache hash table entries: 8192 (order: 4, 65536 bytes, linear)
[    0.679043] Mountpoint-cache hash table entries: 8192 (order: 4, 65536 bytes, linear)
[    0.681623] smpboot: CPU0: 13th Gen Intel(R) Core(TM) i9-13900H (family: 0x6, model: 0xba, stepping: 0x2)
[    0.682324] RCU Tasks: Setting shift to 1 and lim to 1 rcu_task_cb_adjust=1.
[    0.683080] Performance Events: unsupported p6 CPU model 186 no PMU driver, software events only.
[    0.684092] signal: max sigframe size: 1776
[    0.685113] rcu: Hierarchical SRCU implementation.
[    0.686038] rcu: 	Max phase no-delay instances is 400.
[    0.687524] smp: Bringing up secondary CPUs ...
[    0.688240] smpboot: x86: Booting SMP configuration:
[    0.689041] .... node  #0, CPUs:      #1
[    0.690141] smp: Brought up 1 node, 2 CPUs
[    0.692042] smpboot: Max logical packages: 1
[    0.693083] smpboot: Total of 2 processors activated (11980.80 BogoMIPS)
[    0.695712] devtmpfs: initialized
[    0.699042] clocksource: jiffies: mask: 0xffffffff max_cycles: 0xffffffff, max_idle_ns: 1911260446275000 ns
[    0.700124] futex hash table entries: 512 (order: 3, 32768 bytes, linear)
[    0.701676] PM: RTC time: 01:42:22, date: 2026-05-08
[    0.702391] NET: Registered PF_NETLINK/PF_ROUTE protocol family
[    0.703546] audit: initializing netlink subsys (disabled)
[    0.705102] audit: type=2000 audit(1778204542.875:1): state=initialized audit_enabled=0 res=1
[    0.705350] thermal_sys: Registered thermal governor 'step_wise'
[    0.706044] thermal_sys: Registered thermal governor 'user_space'
[    0.707078] cpuidle: using governor menu
[    0.709496] PCI: Using configuration type 1 for base access
[    0.710242] kprobes: kprobe jump-optimization is enabled. All kprobes are optimized if possible.
[    0.714243] HugeTLB: registered 2.00 MiB page size, pre-allocated 0 pages
[    0.716040] HugeTLB: 28 KiB vmemmap can be freed for a 2.00 MiB page
[    0.718678] ACPI: Added _OSI(Module Device)
[    0.720042] ACPI: Added _OSI(Processor Device)
[    0.721037] ACPI: Added _OSI(3.0 _SCP Extensions)
[    0.722038] ACPI: Added _OSI(Processor Aggregator Device)
[    0.736923] ACPI: 1 ACPI AML tables successfully acquired and loaded
[    0.796984] ACPI: Interpreter enabled
[    0.798014] ACPI: PM: (supports S0 S3 S4 S5)
[    0.798039] ACPI: Using IOAPIC for interrupt routing
[    0.799109] PCI: Using host bridge windows from ACPI; if necessary, use "pci=nocrs" and report a bug
[    0.800087] PCI: Using E820 reservations for host bridge windows
[    0.801813] ACPI: Enabled 2 GPEs in block 00 to 0F
[    0.816619] ACPI: PCI Root Bridge [PCI0] (domain 0000 [bus 00-ff])
[    0.817071] acpi PNP0A03:00: _OSC: OS supports [ASPM ClockPM Segments MSI HPX-Type3]
[    0.818044] acpi PNP0A03:00: _OSC: not requesting OS control; OS requires [ExtendedConfig ASPM ClockPM MSI]
[    0.819494] acpi PNP0A03:00: fail to add MMCONFIG information, can't access extended configuration space under this bridge
[    0.820594] PCI host bridge to bus 0000:00
[    0.821049] pci_bus 0000:00: root bus resource [io  0x0000-0x0cf7 window]
[    0.822045] pci_bus 0000:00: root bus resource [io  0x0d00-0xffff window]
[    0.823042] pci_bus 0000:00: root bus resource [mem 0x000a0000-0x000bffff window]
[    0.824055] pci_bus 0000:00: root bus resource [mem 0xc0000000-0xfebfffff window]
[    0.825051] pci_bus 0000:00: root bus resource [mem 0x140000000-0x1bfffffff window]
[    0.826052] pci_bus 0000:00: root bus resource [bus 00-ff]
[    0.827200] pci 0000:00:00.0: [8086:1237] type 00 class 0x060000
[    0.834525] pci 0000:00:01.0: [8086:7000] type 00 class 0x060100
[    0.842193] pci 0000:00:01.1: [8086:7010] type 00 class 0x010180
[    0.844871] pci 0000:00:01.1: reg 0x20: [io  0xc040-0xc04f]
[    0.845783] pci 0000:00:01.1: legacy IDE quirk: reg 0x10: [io  0x01f0-0x01f7]
[    0.846039] pci 0000:00:01.1: legacy IDE quirk: reg 0x14: [io  0x03f6]
[    0.847043] pci 0000:00:01.1: legacy IDE quirk: reg 0x18: [io  0x0170-0x0177]
[    0.848041] pci 0000:00:01.1: legacy IDE quirk: reg 0x1c: [io  0x0376]
[    0.849858] pci 0000:00:01.3: [8086:7113] type 00 class 0x068000
[    0.850999] pci 0000:00:01.3: quirk: [io  0x0600-0x063f] claimed by PIIX4 ACPI
[    0.851064] pci 0000:00:01.3: quirk: [io  0x0700-0x070f] claimed by PIIX4 SMB
[    0.852561] pci 0000:00:02.0: [1234:1111] type 00 class 0x030000
[    0.854660] pci 0000:00:02.0: reg 0x10: [mem 0xfd000000-0xfdffffff pref]
[    0.857120] pci 0000:00:02.0: reg 0x18: [mem 0xfebf0000-0xfebf0fff]
[    0.861544] pci 0000:00:02.0: reg 0x30: [mem 0xfebe0000-0xfebeffff pref]
[    0.862657] pci 0000:00:02.0: Video device with shadowed ROM at [mem 0x000c0000-0x000dffff]
[    0.870869] pci 0000:00:03.0: [8086:100e] type 00 class 0x020000
[    0.872042] pci 0000:00:03.0: reg 0x10: [mem 0xfebc0000-0xfebdffff]
[    0.873961] pci 0000:00:03.0: reg 0x14: [io  0xc000-0xc03f]
[    0.879041] pci 0000:00:03.0: reg 0x30: [mem 0xfeb80000-0xfebbffff pref]
[    0.889110] ACPI: PCI: Interrupt link LNKA configured for IRQ 10
[    0.890764] ACPI: PCI: Interrupt link LNKB configured for IRQ 10
[    0.891561] ACPI: PCI: Interrupt link LNKC configured for IRQ 11
[    0.892565] ACPI: PCI: Interrupt link LNKD configured for IRQ 11
[    0.893320] ACPI: PCI: Interrupt link LNKS configured for IRQ 9
[    0.896803] iommu: Default domain type: Translated 
[    0.897041] iommu: DMA domain TLB invalidation policy: lazy mode 
[    0.898782] SCSI subsystem initialized
[    0.899580] ACPI: bus type USB registered
[    0.900259] usbcore: registered new interface driver usbfs
[    0.902110] usbcore: registered new interface driver hub
[    0.903143] usbcore: registered new device driver usb
[    0.905415] pps_core: LinuxPPS API ver. 1 registered
[    0.907041] pps_core: Software ver. 5.3.6 - Copyright 2005-2007 Rodolfo Giometti <giometti@linux.it>
[    0.909093] PTP clock support registered
[    0.911417] Advanced Linux Sound Architecture Driver Initialized.
[    0.914316] NetLabel: Initializing
[    0.915039] NetLabel:  domain hash size = 128
[    0.916037] NetLabel:  protocols = UNLABELED CIPSOv4 CALIPSO
[    0.918370] NetLabel:  unlabeled traffic allowed by default
[    0.920189] PCI: Using ACPI for IRQ routing
[    0.922394] pci 0000:00:02.0: vgaarb: setting as boot VGA device
[    0.923031] pci 0000:00:02.0: vgaarb: bridge control possible
[    0.923031] pci 0000:00:02.0: vgaarb: VGA device added: decodes=io+mem,owns=io+mem,locks=none
[    0.928044] vgaarb: loaded
[    0.929275] hpet0: at MMIO 0xfed00000, IRQs 2, 8, 0
[    0.931042] hpet0: 3 comparators, 64-bit 100.000000 MHz counter
[    0.934215] clocksource: Switched to clocksource kvm-clock
[    0.937385] VFS: Disk quotas dquot_6.6.0
[    0.938779] VFS: Dquot-cache hash table entries: 512 (order 0, 4096 bytes)
[    0.941131] pnp: PnP ACPI init
[    0.944455] pnp: PnP ACPI: found 6 devices
[    0.955898] clocksource: acpi_pm: mask: 0xffffff max_cycles: 0xffffff, max_idle_ns: 2085701024 ns
[    0.958962] NET: Registered PF_INET protocol family
[    0.961166] IP idents hash table entries: 65536 (order: 7, 524288 bytes, linear)
[    0.966122] tcp_listen_portaddr_hash hash table entries: 2048 (order: 3, 32768 bytes, linear)
[    0.968630] Table-perturb hash table entries: 65536 (order: 6, 262144 bytes, linear)
[    0.970877] TCP established hash table entries: 32768 (order: 6, 262144 bytes, linear)
[    0.973288] TCP bind hash table entries: 32768 (order: 8, 1048576 bytes, linear)
[    0.975412] TCP: Hash tables configured (established 32768 bind 32768)
[    0.977791] UDP hash table entries: 2048 (order: 4, 65536 bytes, linear)
[    0.980159] UDP-Lite hash table entries: 2048 (order: 4, 65536 bytes, linear)
[    0.983036] NET: Registered PF_UNIX/PF_LOCAL protocol family
[    0.985365] RPC: Registered named UNIX socket transport module.
[    0.987465] RPC: Registered udp transport module.
[    0.989025] RPC: Registered tcp transport module.
[    0.990442] RPC: Registered tcp NFSv4.1 backchannel transport module.
[    0.993234] pci_bus 0000:00: resource 4 [io  0x0000-0x0cf7 window]
[    0.995534] pci_bus 0000:00: resource 5 [io  0x0d00-0xffff window]
[    0.997525] pci_bus 0000:00: resource 6 [mem 0x000a0000-0x000bffff window]
[    0.999774] pci_bus 0000:00: resource 7 [mem 0xc0000000-0xfebfffff window]
[    1.002219] pci_bus 0000:00: resource 8 [mem 0x140000000-0x1bfffffff window]
[    1.004826] pci 0000:00:01.0: PIIX3: Enabling Passive Release
[    1.006693] pci 0000:00:00.0: Limiting direct PCI/PCI transfers
[    1.008807] PCI: CLS 0 bytes, default 64
[    1.010080] PCI-DMA: Using software bounce buffering for IO (SWIOTLB)
[    1.010341] Unpacking initramfs...
[    1.011961] software IO TLB: mapped [mem 0x00000000bbe91000-0x00000000bfe91000] (64MB)
[    1.015697] RAPL PMU: API unit is 2^-32 Joules, 0 fixed counters, 10737418240 ms ovfl timer
[    1.018952] clocksource: tsc: mask: 0xffffffffffffffff max_cycles: 0x2b2c8ec87c7, max_idle_ns: 440795278598 ns
[    1.025375] Initialise system trusted keyrings
[    1.027266] workingset: timestamp_bits=56 max_order=20 bucket_order=0
[    1.030637] NFS: Registering the id_resolver key type
[    1.032189] Key type id_resolver registered
[    1.033409] Key type id_legacy registered
[    1.034843] 9p: Installing v9fs 9p2000 file system support
[    1.042606] Freeing initrd memory: 1340K
[    1.044106] Key type asymmetric registered
[    1.046008] Asymmetric key parser 'x509' registered
[    1.047529] Block layer SCSI generic (bsg) driver version 0.4 loaded (major 251)
[    1.049754] io scheduler mq-deadline registered
[    1.051148] io scheduler kyber registered
[    1.052885] input: Power Button as /devices/LNXSYSTM:00/LNXPWRBN:00/input/input0
[    1.056052] ACPI: button: Power Button [PWRF]
[    1.058499] Serial: 8250/16550 driver, 4 ports, IRQ sharing enabled
[    1.061391] 00:04: ttyS0 at I/O 0x3f8 (irq = 4, base_baud = 115200) is a 16550A
[    1.065419] Non-volatile memory driver v1.3
[    1.066786] Linux agpgart interface v0.103
[    1.068295] ACPI: bus type drm_connector registered
[    1.074669] loop: module loaded
[    1.077990] scsi host0: ata_piix
[    1.079504] scsi host1: ata_piix
[    1.080603] ata1: PATA max MWDMA2 cmd 0x1f0 ctl 0x3f6 bmdma 0xc040 irq 14
[    1.082916] ata2: PATA max MWDMA2 cmd 0x170 ctl 0x376 bmdma 0xc048 irq 15
[    1.087797] e100: Intel(R) PRO/100 Network Driver
[    1.089472] e100: Copyright(c) 1999-2006 Intel Corporation
[    1.091095] e1000: Intel(R) PRO/1000 Network Driver
[    1.092499] e1000: Copyright (c) 1999-2006 Intel Corporation.
[    1.242499] ata2: found unknown device (class 0)
[    1.244862] ata2.00: ATAPI: QEMU DVD-ROM, 2.5+, max UDMA/100
[    1.248040] scsi 1:0:0:0: CD-ROM            QEMU     QEMU DVD-ROM     2.5+ PQ: 0 ANSI: 5
[    1.267079] sr 1:0:0:0: [sr0] scsi3-mmc drive: 4x/4x cd/rw xa/form2 tray
[    1.268703] cdrom: Uniform CD-ROM driver Revision: 3.20
[    1.511146] ACPI: \_SB_.LNKC: Enabled at IRQ 11
[    1.884227] e1000 0000:00:03.0 eth0: (PCI:33MHz:32-bit) 52:54:00:12:34:56
[    1.887066] e1000 0000:00:03.0 eth0: Intel(R) PRO/1000 Network Connection
[    1.889320] e1000e: Intel(R) PRO/1000 Network Driver
[    1.890861] e1000e: Copyright(c) 1999 - 2015 Intel Corporation.
[    1.892708] sky2: driver version 1.30
[    1.894632] usbcore: registered new interface driver usblp
[    1.896858] usbcore: registered new interface driver usb-storage
[    1.899692] i8042: PNP: PS/2 Controller [PNP0303:KBD,PNP0f13:MOU] at 0x60,0x64 irq 1,12
[    1.903768] serio: i8042 KBD port at 0x60,0x64 irq 1
[    1.905111] serio: i8042 AUX port at 0x60,0x64 irq 12
[    1.907342] input: AT Translated Set 2 keyboard as /devices/platform/i8042/serio0/input/input1
[    1.909665] rtc_cmos 00:05: RTC can wake from S4
[    1.912482] rtc_cmos 00:05: registered as rtc0
[    1.913840] rtc_cmos 00:05: alarms up to one day, y3k, 242 bytes nvram, hpet irqs
[    1.916344] device-mapper: ioctl: 4.48.0-ioctl (2023-03-01) initialised: dm-devel@redhat.com
[    1.918757] intel_pstate: CPU model not supported
[    1.920096] hid: raw HID events driver (C) Jiri Kosina
[    1.921812] usbcore: registered new interface driver usbhid
[    1.923223] usbhid: USB HID core driver
[    1.925865] Initializing XFRM netlink socket
[    1.927118] NET: Registered PF_INET6 protocol family
[    1.929518] Segment Routing with IPv6
[    1.930430] In-situ OAM (IOAM) with IPv6
[    1.931546] sit: IPv6, IPv4 and MPLS over IPv4 tunneling driver
[    1.933389] NET: Registered PF_PACKET protocol family
[    1.934572] 9pnet: Installing 9P2000 support
[    1.935702] Key type dns_resolver registered
[    1.937422] IPI shorthand broadcast: enabled
[    1.948288] sched_clock: Marking stable (1928026502, 19993631)->(2055849504, -107829371)
[    1.950686] registered taskstats version 1
[    1.951782] Loading compiled-in X.509 certificates
[    1.960925] PM:   Magic number: 10:381:710
[    1.962537] printk: console [netcon0] enabled
[    1.964111] netconsole: network logging started
[    1.966113] cfg80211: Loading compiled-in X.509 certificates for regulatory database
[    1.969240] kworker/u4:1 (51) used greatest stack depth: 29536 bytes left
[    1.971336] kworker/u4:1 (52) used greatest stack depth: 29408 bytes left
[    1.971652] Loaded X.509 cert 'sforshee: 00b28ddf47aef9cea7'
[    1.975554] platform regulatory.0: Direct firmware load for regulatory.db failed with error -2
[    1.978636] cfg80211: failed to load regulatory.db
[    1.978664] ALSA device list:
[    1.981111]   No soundcards found.
[    1.983500] Freeing unused kernel image (initmem) memory: 5604K
[    1.990164] Write protecting the kernel read-only data: 59392k
[    1.991308] Freeing unused kernel image (rodata/data gap) memory: 224K
[    2.002358] x86/mm: Checked W+X mappings: passed, no W+X pages found.
[    2.003292] Run /init as init process
[    2.006576] mount (55) used greatest stack depth: 28760 bytes left

secb: rootfs ready
---- poc begin ----
[    2.015065] memfd_create() without MFD_EXEC nor MFD_NOEXEC_SEAL, pid=61 'poc'
[*] CVE-2023-6560 PoC starting
[*] iter 0 / 256
[!] io_uring_setup: Invalid argument
[*] iter 32 / 256
[*] iter 64 / 256
[*] iter 96 / 256
[*] iter 128 / 256
[*] iter 160 / 256
[*] iter 192 / 256
[*] iter 224 / 256
[*] poc finished without KASAN catch
[    2.143097] poc (61) used greatest stack depth: 27776 bytes left
---- poc end rc=0 ----
secb: poc exited without crashing the kernel
[    2.564389] input: ImExPS/2 Generic Explorer Mouse as /devices/platform/i8042/serio1/input/input3
[    3.502221] ACPI: PM: Preparing to enter system sleep state S5
[    3.503376] reboot: Power down
NO_CRASH_DETECTED
