c[?7l[2J[0mSeaBIOS (version 1.16.2-debian-1.16.2-1)


iPXE (http://ipxe.org) 00:03.0 CA00 PCI2.10 PnP PMM+BEFCEF00+BEF0EF00 CA00
Press Ctrl-B to configure iPXE (PCI 00:03.0)...                                                                               


Booting from ROM...
c[?7l[2JNo EFI environment detected.
early console in extract_kernel
input_data: 0x0000000004bf13a8
input_len: 0x0000000001980cb3
output: 0x0000000001000000
output_len: 0x00000000054fcc44
kernel_total_size: 0x0000000005230000
needed_size: 0x0000000005600000
trampoline_32bit: 0x000000000009d000


KASLR disabled: 'nokaslr' on cmdline.


Decompressing Linux... Parsing ELF... No relocation needed... done.
Booting the kernel (entry_offset: 0x0000000000000000).
[    0.000000] Linux version 6.4.0-04322-gc451410ca7e3-dirty (root@buildkitsandbox) (gcc (Debian 12.2.0-14+deb12u1) 12.2.0, GNU ld (GNU Binutils for Debian) 2.40) #1 SMP PREEMPT_DYNAMIC Fri May  8 01:40:10 UTC 2026
[    0.000000] Command line: console=ttyS0 oops=panic panic=-1 nokaslr earlyprintk=serial
[    0.000000] BIOS-provided physical RAM map:
[    0.000000] BIOS-e820: [mem 0x0000000000000000-0x000000000009fbff] usable
[    0.000000] BIOS-e820: [mem 0x000000000009fc00-0x000000000009ffff] reserved
[    0.000000] BIOS-e820: [mem 0x00000000000f0000-0x00000000000fffff] reserved
[    0.000000] BIOS-e820: [mem 0x0000000000100000-0x00000000bffdffff] usable
[    0.000000] BIOS-e820: [mem 0x00000000bffe0000-0x00000000bfffffff] reserved
[    0.000000] BIOS-e820: [mem 0x00000000feffc000-0x00000000feffffff] reserved
[    0.000000] BIOS-e820: [mem 0x00000000fffc0000-0x00000000ffffffff] reserved
[    0.000000] BIOS-e820: [mem 0x0000000100000000-0x000000013fffffff] usable
[    0.000000] printk: bootconsole [earlyser0] enabled
[    0.000000] NX (Execute Disable) protection: active
[    0.000000] SMBIOS 2.8 present.
[    0.000000] DMI: QEMU Standard PC (i440FX + PIIX, 1996), BIOS 1.16.2-debian-1.16.2-1 04/01/2014
[    0.000000] Hypervisor detected: KVM
[    0.000000] kvm-clock: Using msrs 4b564d01 and 4b564d00
[    0.000002] kvm-clock: using sched offset of 468150764 cycles
[    0.001417] clocksource: kvm-clock: mask: 0xffffffffffffffff max_cycles: 0x1cd42e4dffb, max_idle_ns: 881590591483 ns
[    0.005914] tsc: Detected 2995.200 MHz processor
[    0.007625] last_pfn = 0x140000 max_arch_pfn = 0x400000000
[    0.010692] MTRR map: 4 entries (3 fixed + 1 variable; max 19), built from 8 variable MTRRs
[    0.013933] x86/PAT: Configuration [0-7]: WB  WC  UC- UC  WB  WP  UC- WT  
[    0.016057] last_pfn = 0xbffe0 max_arch_pfn = 0x400000000
[    0.022684] found SMP MP-table at [mem 0x000f5ba0-0x000f5baf]
[    0.024398] Using GB pages for direct mapping
[    0.025614] Incomplete global flushes, disabling PCID
[    0.026438] RAMDISK: [mem 0xbfe91000-0xbffdffff]
[    0.029130] ACPI: Early table checksum verification disabled
[    0.030651] ACPI: RSDP 0x00000000000F59B0 000014 (v00 BOCHS )
[    0.032660] ACPI: RSDT 0x00000000BFFE1B33 000034 (v01 BOCHS  BXPC     00000001 BXPC 00000001)
[    0.035744] ACPI: FACP 0x00000000BFFE19DF 000074 (v01 BOCHS  BXPC     00000001 BXPC 00000001)
[    0.038382] ACPI: DSDT 0x00000000BFFE0040 00199F (v01 BOCHS  BXPC     00000001 BXPC 00000001)
[    0.041145] ACPI: FACS 0x00000000BFFE0000 000040
[    0.042394] ACPI: APIC 0x00000000BFFE1A53 000080 (v01 BOCHS  BXPC     00000001 BXPC 00000001)
[    0.044640] ACPI: HPET 0x00000000BFFE1AD3 000038 (v01 BOCHS  BXPC     00000001 BXPC 00000001)
[    0.046738] ACPI: WAET 0x00000000BFFE1B0B 000028 (v01 BOCHS  BXPC     00000001 BXPC 00000001)
[    0.049400] ACPI: Reserving FACP table memory at [mem 0xbffe19df-0xbffe1a52]
[    0.051463] ACPI: Reserving DSDT table memory at [mem 0xbffe0040-0xbffe19de]
[    0.053725] ACPI: Reserving FACS table memory at [mem 0xbffe0000-0xbffe003f]
[    0.055648] ACPI: Reserving APIC table memory at [mem 0xbffe1a53-0xbffe1ad2]
[    0.057461] ACPI: Reserving HPET table memory at [mem 0xbffe1ad3-0xbffe1b0a]
[    0.059347] ACPI: Reserving WAET table memory at [mem 0xbffe1b0b-0xbffe1b32]
[    0.062059] No NUMA configuration found
[    0.063018] Faking a node at [mem 0x0000000000000000-0x000000013fffffff]
[    0.064873] NODE_DATA(0) allocated [mem 0x13fffa000-0x13fffdfff]
[    0.066708] Zone ranges:
[    0.067415]   DMA      [mem 0x0000000000001000-0x0000000000ffffff]
[    0.069291]   DMA32    [mem 0x0000000001000000-0x00000000ffffffff]
[    0.070872]   Normal   [mem 0x0000000100000000-0x000000013fffffff]
[    0.072479] Movable zone start for each node
[    0.073516] Early memory node ranges
[    0.074575]   node   0: [mem 0x0000000000001000-0x000000000009efff]
[    0.076249]   node   0: [mem 0x0000000000100000-0x00000000bffdffff]
[    0.077950]   node   0: [mem 0x0000000100000000-0x000000013fffffff]
[    0.079539] Initmem setup node 0 [mem 0x0000000000001000-0x000000013fffffff]
[    0.082062] On node 0, zone DMA: 1 pages in unavailable ranges
[    0.082107] On node 0, zone DMA: 97 pages in unavailable ranges
[    0.112251] On node 0, zone Normal: 32 pages in unavailable ranges
[    0.313906] kasan: KernelAddressSanitizer initialized
[    0.318819] ACPI: PM-Timer IO Port: 0x608
[    0.319869] ACPI: LAPIC_NMI (acpi_id[0xff] dfl dfl lint[0x1])
[    0.321491] IOAPIC[0]: apic_id 0, version 17, address 0xfec00000, GSI 0-23
[    0.323268] ACPI: INT_SRC_OVR (bus 0 bus_irq 0 global_irq 2 dfl dfl)
[    0.325001] ACPI: INT_SRC_OVR (bus 0 bus_irq 5 global_irq 5 high level)
[    0.326911] ACPI: INT_SRC_OVR (bus 0 bus_irq 9 global_irq 9 high level)
[    0.328903] ACPI: INT_SRC_OVR (bus 0 bus_irq 10 global_irq 10 high level)
[    0.331259] ACPI: INT_SRC_OVR (bus 0 bus_irq 11 global_irq 11 high level)
[    0.333352] ACPI: Using ACPI (MADT) for SMP configuration information
[    0.335150] ACPI: HPET id: 0x8086a201 base: 0xfed00000
[    0.336635] TSC deadline timer available
[    0.337789] smpboot: Allowing 2 CPUs, 0 hotplug CPUs
[    0.339169] kvm-guest: KVM setup pv remote TLB flush
[    0.340548] kvm-guest: setup PV sched yield
[    0.341658] PM: hibernation: Registered nosave memory: [mem 0x00000000-0x00000fff]
[    0.343921] PM: hibernation: Registered nosave memory: [mem 0x0009f000-0x0009ffff]
[    0.345856] PM: hibernation: Registered nosave memory: [mem 0x000a0000-0x000effff]
[    0.348439] PM: hibernation: Registered nosave memory: [mem 0x000f0000-0x000fffff]
[    0.350548] PM: hibernation: Registered nosave memory: [mem 0xbffe0000-0xbfffffff]
[    0.352971] PM: hibernation: Registered nosave memory: [mem 0xc0000000-0xfeffbfff]
[    0.355040] PM: hibernation: Registered nosave memory: [mem 0xfeffc000-0xfeffffff]
[    0.357133] PM: hibernation: Registered nosave memory: [mem 0xff000000-0xfffbffff]
[    0.359093] PM: hibernation: Registered nosave memory: [mem 0xfffc0000-0xffffffff]
[    0.361212] [mem 0xc0000000-0xfeffbfff] available for PCI devices
[    0.362788] Booting paravirtualized kernel on KVM
[    0.364084] clocksource: refined-jiffies: mask: 0xffffffff max_cycles: 0xffffffff, max_idle_ns: 1910969940391419 ns
[    0.381542] setup_percpu: NR_CPUS:64 nr_cpumask_bits:2 nr_cpu_ids:2 nr_node_ids:1
[    0.385228] percpu: Embedded 66 pages/cpu s232104 r8192 d30040 u1048576
[    0.387235] Kernel command line: console=ttyS0 oops=panic panic=-1 nokaslr earlyprintk=serial
[    0.389620] Unknown kernel command line parameters "nokaslr", will be passed to user space.
[    0.391868] random: crng init done
[    0.393901] Dentry cache hash table entries: 524288 (order: 10, 4194304 bytes, linear)
[    0.396832] Inode-cache hash table entries: 262144 (order: 9, 2097152 bytes, linear)
[    0.399037] Fallback order for Node 0: 0 
[    0.399042] Built 1 zonelists, mobility grouping on.  Total pages: 1031904
[    0.401427] Policy zone: Normal
[    0.402133] mem auto-init: stack:all(zero), heap alloc:off, heap free:off
[    0.403663] stackdepot: allocating hash table via alloc_large_system_hash
[    0.406796] stackdepot hash table entries: 1048576 (order: 11, 8388608 bytes, linear)
[    0.409300] software IO TLB: area num 2.
[    0.477830] Memory: 3425812K/4193784K available (49152K kernel code, 7928K rwdata, 10016K rodata, 5604K init, 3084K bss, 767716K reserved, 0K cma-reserved)
[    0.481157] SLUB: HWalign=64, Order=0-3, MinObjects=0, CPUs=2, Nodes=1
Poking KASLR using RDRAND RDTSC...
[    0.485238] Dynamic Preempt: voluntary
[    0.487158] rcu: Preemptible hierarchical RCU implementation.
[    0.488541] rcu: 	RCU event tracing is enabled.
[    0.489659] rcu: 	RCU restricting CPUs from NR_CPUS=64 to nr_cpu_ids=2.
[    0.491266] 	Trampoline variant of Tasks RCU enabled.
[    0.492476] rcu: RCU calculated value of scheduler-enlistment delay is 100 jiffies.
[    0.494144] rcu: Adjusting geometry for rcu_fanout_leaf=16, nr_cpu_ids=2
[    0.504059] NR_IRQS: 4352, nr_irqs: 440, preallocated irqs: 16
[    0.505665] rcu: srcu_init: Setting srcu_struct sizes based on contention.
[    0.514558] Console: colour VGA+ 80x25
[    0.515447] printk: console [ttyS0] enabled
[    0.515447] printk: console [ttyS0] enabled
[    0.517654] printk: bootconsole [earlyser0] disabled
[    0.517654] printk: bootconsole [earlyser0] disabled
[    0.519975] ACPI: Core revision 20230331
[    0.521047] clocksource: hpet: mask: 0xffffffff max_cycles: 0xffffffff, max_idle_ns: 19112604467 ns
[    0.523315] APIC: Switch to symmetric I/O mode setup
[    0.524436] kvm-guest: setup PV IPIs
[    0.527174] ..TIMER: vector=0x30 apic1=0 pin1=2 apic2=-1 pin2=-1
[    0.528856] clocksource: tsc-early: mask: 0xffffffffffffffff max_cycles: 0x2b2c8ec87c7, max_idle_ns: 440795278598 ns
[    0.532224] Calibrating delay loop (skipped) preset value.. 5990.40 BogoMIPS (lpj=2995200)
[    0.534638] x86/cpu: User Mode Instruction Prevention (UMIP) activated
[    0.536409] Last level iTLB entries: 4KB 0, 2MB 0, 4MB 0
[    0.537221] Last level dTLB entries: 4KB 0, 2MB 0, 4MB 0, 1GB 0
[    0.538242] Spectre V1 : Mitigation: usercopy/swapgs barriers and __user pointer sanitization
[    0.539233] Spectre V2 : Mitigation: Enhanced / Automatic IBRS
[    0.540222] Spectre V2 : Spectre v2 / SpectreRSB mitigation: Filling RSB on context switch
[    0.541220] Spectre V2 : Spectre v2 / PBRSB-eIBRS: Retire a single CALL on VMEXIT
[    0.542221] RETBleed: Mitigation: Enhanced IBRS
[    0.543226] Spectre V2 : mitigation: Enabling conditional Indirect Branch Prediction Barrier
[    0.544225] Speculative Store Bypass: Mitigation: Speculative Store Bypass disabled via prctl
[    0.545223] MMIO Stale Data: Unknown: No mitigations
[    0.546264] x86/fpu: Supporting XSAVE feature 0x001: 'x87 floating point registers'
[    0.547222] x86/fpu: Supporting XSAVE feature 0x002: 'SSE registers'
[    0.548222] x86/fpu: Supporting XSAVE feature 0x004: 'AVX registers'
[    0.549222] x86/fpu: xstate_offset[2]:  576, xstate_sizes[2]:  256
[    0.550220] x86/fpu: Enabled xstate features 0x7, context size is 832 bytes, using 'compacted' format.
[    0.566294] Freeing SMP alternatives memory: 44K
[    0.567223] pid_max: default: 32768 minimum: 301
[    0.568297] LSM: initializing lsm=capability,selinux,integrity
[    0.569243] SELinux:  Initializing.
[    0.570308] Mount-cache hash table entries: 8192 (order: 4, 65536 bytes, linear)
[    0.571225] Mountpoint-cache hash table entries: 8192 (order: 4, 65536 bytes, linear)
[    0.573218] smpboot: CPU0: 13th Gen Intel(R) Core(TM) i9-13900H (family: 0x6, model: 0xba, stepping: 0x2)
[    0.573456] RCU Tasks: Setting shift to 1 and lim to 1 rcu_task_cb_adjust=1.
[    0.574291] Performance Events: unsupported p6 CPU model 186 no PMU driver, software events only.
[    0.575288] signal: max sigframe size: 1776
[    0.576306] rcu: Hierarchical SRCU implementation.
[    0.577231] rcu: 	Max phase no-delay instances is 400.
[    0.578762] smp: Bringing up secondary CPUs ...
[    0.579445] smpboot: x86: Booting SMP configuration:
[    0.580231] .... node  #0, CPUs:      #1
[    0.581368] smp: Brought up 1 node, 2 CPUs
[    0.583228] smpboot: Max logical packages: 1
[    0.584202] smpboot: Total of 2 processors activated (11980.80 BogoMIPS)
[    0.585676] devtmpfs: initialized
[    0.588364] clocksource: jiffies: mask: 0xffffffff max_cycles: 0xffffffff, max_idle_ns: 1911260446275000 ns
[    0.589228] futex hash table entries: 512 (order: 3, 32768 bytes, linear)
[    0.590488] PM: RTC time: 01:40:52, date: 2026-05-08
[    0.591517] NET: Registered PF_NETLINK/PF_ROUTE protocol family
[    0.592501] audit: initializing netlink subsys (disabled)
[    0.593914] audit: type=2000 audit(1778204452.343:1): state=initialized audit_enabled=0 res=1
[    0.594309] thermal_sys: Registered thermal governor 'step_wise'
[    0.595228] thermal_sys: Registered thermal governor 'user_space'
[    0.596259] cpuidle: using governor menu
[    0.598682] PCI: Using configuration type 1 for base access
[    0.599459] kprobes: kprobe jump-optimization is enabled. All kprobes are optimized if possible.
[    0.602425] HugeTLB: registered 2.00 MiB page size, pre-allocated 0 pages
[    0.604229] HugeTLB: 28 KiB vmemmap can be freed for a 2.00 MiB page
[    0.606218] ACPI: Added _OSI(Module Device)
[    0.607228] ACPI: Added _OSI(Processor Device)
[    0.608224] ACPI: Added _OSI(3.0 _SCP Extensions)
[    0.609229] ACPI: Added _OSI(Processor Aggregator Device)
[    0.619237] ACPI: 1 ACPI AML tables successfully acquired and loaded
[    0.678059] ACPI: Interpreter enabled
[    0.678278] ACPI: PM: (supports S0 S3 S4 S5)
[    0.679228] ACPI: Using IOAPIC for interrupt routing
[    0.680277] PCI: Using host bridge windows from ACPI; if necessary, use "pci=nocrs" and report a bug
[    0.681243] PCI: Using E820 reservations for host bridge windows
[    0.683029] ACPI: Enabled 2 GPEs in block 00 to 0F
[    0.697131] ACPI: PCI Root Bridge [PCI0] (domain 0000 [bus 00-ff])
[    0.697252] acpi PNP0A03:00: _OSC: OS supports [ASPM ClockPM Segments MSI HPX-Type3]
[    0.698232] acpi PNP0A03:00: _OSC: not requesting OS control; OS requires [ExtendedConfig ASPM ClockPM MSI]
[    0.699324] acpi PNP0A03:00: fail to add MMCONFIG information, can't access extended configuration space under this bridge
[    0.700501] PCI host bridge to bus 0000:00
[    0.701229] pci_bus 0000:00: root bus resource [io  0x0000-0x0cf7 window]
[    0.702228] pci_bus 0000:00: root bus resource [io  0x0d00-0xffff window]
[    0.703229] pci_bus 0000:00: root bus resource [mem 0x000a0000-0x000bffff window]
[    0.704368] pci_bus 0000:00: root bus resource [mem 0xc0000000-0xfebfffff window]
[    0.705227] pci_bus 0000:00: root bus resource [mem 0x140000000-0x1bfffffff window]
[    0.706258] pci_bus 0000:00: root bus resource [bus 00-ff]
[    0.707508] pci 0000:00:00.0: [8086:1237] type 00 class 0x060000
[    0.714720] pci 0000:00:01.0: [8086:7000] type 00 class 0x060100
[    0.722263] pci 0000:00:01.1: [8086:7010] type 00 class 0x010180
[    0.725400] pci 0000:00:01.1: reg 0x20: [io  0xc040-0xc04f]
[    0.726898] pci 0000:00:01.1: legacy IDE quirk: reg 0x10: [io  0x01f0-0x01f7]
[    0.727231] pci 0000:00:01.1: legacy IDE quirk: reg 0x14: [io  0x03f6]
[    0.728229] pci 0000:00:01.1: legacy IDE quirk: reg 0x18: [io  0x0170-0x0177]
[    0.729228] pci 0000:00:01.1: legacy IDE quirk: reg 0x1c: [io  0x0376]
[    0.730976] pci 0000:00:01.3: [8086:7113] type 00 class 0x068000
[    0.732134] pci 0000:00:01.3: quirk: [io  0x0600-0x063f] claimed by PIIX4 ACPI
[    0.732252] pci 0000:00:01.3: quirk: [io  0x0700-0x070f] claimed by PIIX4 SMB
[    0.733766] pci 0000:00:02.0: [1234:1111] type 00 class 0x030000
[    0.735811] pci 0000:00:02.0: reg 0x10: [mem 0xfd000000-0xfdffffff pref]
[    0.738280] pci 0000:00:02.0: reg 0x18: [mem 0xfebf0000-0xfebf0fff]
[    0.743745] pci 0000:00:02.0: reg 0x30: [mem 0xfebe0000-0xfebeffff pref]
[    0.744593] pci 0000:00:02.0: Video device with shadowed ROM at [mem 0x000c0000-0x000dffff]
[    0.751269] pci 0000:00:03.0: [8086:100e] type 00 class 0x020000
[    0.753830] pci 0000:00:03.0: reg 0x10: [mem 0xfebc0000-0xfebdffff]
[    0.755297] pci 0000:00:03.0: reg 0x14: [io  0xc000-0xc03f]
[    0.760879] pci 0000:00:03.0: reg 0x30: [mem 0xfeb80000-0xfebbffff pref]
[    0.769575] ACPI: PCI: Interrupt link LNKA configured for IRQ 10
[    0.771170] ACPI: PCI: Interrupt link LNKB configured for IRQ 10
[    0.771776] ACPI: PCI: Interrupt link LNKC configured for IRQ 11
[    0.772756] ACPI: PCI: Interrupt link LNKD configured for IRQ 11
[    0.773453] ACPI: PCI: Interrupt link LNKS configured for IRQ 9
[    0.776050] iommu: Default domain type: Translated 
[    0.776246] iommu: DMA domain TLB invalidation policy: lazy mode 
[    0.777574] SCSI subsystem initialized
[    0.778390] ACPI: bus type USB registered
[    0.779218] usbcore: registered new interface driver usbfs
[    0.780254] usbcore: registered new interface driver hub
[    0.782276] usbcore: registered new device driver usb
[    0.783301] pps_core: LinuxPPS API ver. 1 registered
[    0.785230] pps_core: Software ver. 5.3.6 - Copyright 2005-2007 Rodolfo Giometti <giometti@linux.it>
[    0.787279] PTP clock support registered
[    0.789347] Advanced Linux Sound Architecture Driver Initialized.
[    0.790798] NetLabel: Initializing
[    0.792226] NetLabel:  domain hash size = 128
[    0.793228] NetLabel:  protocols = UNLABELED CIPSOv4 CALIPSO
[    0.795290] NetLabel:  unlabeled traffic allowed by default
[    0.797326] PCI: Using ACPI for IRQ routing
[    0.798515] pci 0000:00:02.0: vgaarb: setting as boot VGA device
[    0.799218] pci 0000:00:02.0: vgaarb: bridge control possible
[    0.799218] pci 0000:00:02.0: vgaarb: VGA device added: decodes=io+mem,owns=io+mem,locks=none
[    0.804231] vgaarb: loaded
[    0.805202] hpet0: at MMIO 0xfed00000, IRQs 2, 8, 0
[    0.806228] hpet0: 3 comparators, 64-bit 100.000000 MHz counter
[    0.812635] clocksource: Switched to clocksource kvm-clock
[    0.814419] VFS: Disk quotas dquot_6.6.0
[    0.815598] VFS: Dquot-cache hash table entries: 512 (order 0, 4096 bytes)
[    0.817785] pnp: PnP ACPI init
[    0.820431] pnp: PnP ACPI: found 6 devices
[    0.830363] clocksource: acpi_pm: mask: 0xffffff max_cycles: 0xffffff, max_idle_ns: 2085701024 ns
[    0.832811] NET: Registered PF_INET protocol family
[    0.834603] IP idents hash table entries: 65536 (order: 7, 524288 bytes, linear)
[    0.837543] tcp_listen_portaddr_hash hash table entries: 2048 (order: 3, 32768 bytes, linear)
[    0.839816] Table-perturb hash table entries: 65536 (order: 6, 262144 bytes, linear)
[    0.841886] TCP established hash table entries: 32768 (order: 6, 262144 bytes, linear)
[    0.844165] TCP bind hash table entries: 32768 (order: 8, 1048576 bytes, linear)
[    0.846395] TCP: Hash tables configured (established 32768 bind 32768)
[    0.848866] UDP hash table entries: 2048 (order: 4, 65536 bytes, linear)
[    0.850744] UDP-Lite hash table entries: 2048 (order: 4, 65536 bytes, linear)
[    0.852842] NET: Registered PF_UNIX/PF_LOCAL protocol family
[    0.854930] RPC: Registered named UNIX socket transport module.
[    0.856583] RPC: Registered udp transport module.
[    0.857953] RPC: Registered tcp transport module.
[    0.859330] RPC: Registered tcp NFSv4.1 backchannel transport module.
[    0.861692] pci_bus 0000:00: resource 4 [io  0x0000-0x0cf7 window]
[    0.863773] pci_bus 0000:00: resource 5 [io  0x0d00-0xffff window]
[    0.865621] pci_bus 0000:00: resource 6 [mem 0x000a0000-0x000bffff window]
[    0.867572] pci_bus 0000:00: resource 7 [mem 0xc0000000-0xfebfffff window]
[    0.869596] pci_bus 0000:00: resource 8 [mem 0x140000000-0x1bfffffff window]
[    0.871792] pci 0000:00:01.0: PIIX3: Enabling Passive Release
[    0.873537] pci 0000:00:00.0: Limiting direct PCI/PCI transfers
[    0.875462] PCI: CLS 0 bytes, default 64
[    0.876916] PCI-DMA: Using software bounce buffering for IO (SWIOTLB)
[    0.877431] Unpacking initramfs...
[    0.878904] software IO TLB: mapped [mem 0x00000000bbe91000-0x00000000bfe91000] (64MB)
[    0.882819] RAPL PMU: API unit is 2^-32 Joules, 0 fixed counters, 10737418240 ms ovfl timer
[    0.885460] clocksource: tsc: mask: 0xffffffffffffffff max_cycles: 0x2b2c8ec87c7, max_idle_ns: 440795278598 ns
[    0.890949] Initialise system trusted keyrings
[    0.893063] workingset: timestamp_bits=56 max_order=20 bucket_order=0
[    0.895701] NFS: Registering the id_resolver key type
[    0.898174] Key type id_resolver registered
[    0.899468] Key type id_legacy registered
[    0.900898] 9p: Installing v9fs 9p2000 file system support
[    0.903638] Freeing initrd memory: 1340K
[    0.909825] Key type asymmetric registered
[    0.911052] Asymmetric key parser 'x509' registered
[    0.912486] Block layer SCSI generic (bsg) driver version 0.4 loaded (major 251)
[    0.914866] io scheduler mq-deadline registered
[    0.916462] io scheduler kyber registered
[    0.918237] input: Power Button as /devices/LNXSYSTM:00/LNXPWRBN:00/input/input0
[    0.920768] ACPI: button: Power Button [PWRF]
[    0.922892] Serial: 8250/16550 driver, 4 ports, IRQ sharing enabled
[    0.925065] 00:04: ttyS0 at I/O 0x3f8 (irq = 4, base_baud = 115200) is a 16550A
[    0.928342] Non-volatile memory driver v1.3
[    0.929646] Linux agpgart interface v0.103
[    0.930881] ACPI: bus type drm_connector registered
[    0.936759] loop: module loaded
[    0.939852] scsi host0: ata_piix
[    0.941407] scsi host1: ata_piix
[    0.942651] ata1: PATA max MWDMA2 cmd 0x1f0 ctl 0x3f6 bmdma 0xc040 irq 14
[    0.944669] ata2: PATA max MWDMA2 cmd 0x170 ctl 0x376 bmdma 0xc048 irq 15
[    0.948302] e100: Intel(R) PRO/100 Network Driver
[    0.949643] e100: Copyright(c) 1999-2006 Intel Corporation
[    0.951150] e1000: Intel(R) PRO/1000 Network Driver
[    0.952485] e1000: Copyright (c) 1999-2006 Intel Corporation.
[    1.106545] ata2: found unknown device (class 0)
[    1.108460] ata2.00: ATAPI: QEMU DVD-ROM, 2.5+, max UDMA/100
[    1.111682] scsi 1:0:0:0: CD-ROM            QEMU     QEMU DVD-ROM     2.5+ PQ: 0 ANSI: 5
[    1.130270] sr 1:0:0:0: [sr0] scsi3-mmc drive: 4x/4x cd/rw xa/form2 tray
[    1.131975] cdrom: Uniform CD-ROM driver Revision: 3.20
[    1.406810] ACPI: \_SB_.LNKC: Enabled at IRQ 11
[    1.765760] e1000 0000:00:03.0 eth0: (PCI:33MHz:32-bit) 52:54:00:12:34:56
[    1.767791] e1000 0000:00:03.0 eth0: Intel(R) PRO/1000 Network Connection
[    1.769740] e1000e: Intel(R) PRO/1000 Network Driver
[    1.771039] e1000e: Copyright(c) 1999 - 2015 Intel Corporation.
[    1.772649] sky2: driver version 1.30
[    1.774300] usbcore: registered new interface driver usblp
[    1.775746] usbcore: registered new interface driver usb-storage
[    1.777414] i8042: PNP: PS/2 Controller [PNP0303:KBD,PNP0f13:MOU] at 0x60,0x64 irq 1,12
[    1.781443] serio: i8042 KBD port at 0x60,0x64 irq 1
[    1.783022] serio: i8042 AUX port at 0x60,0x64 irq 12
[    1.785345] input: AT Translated Set 2 keyboard as /devices/platform/i8042/serio0/input/input1
[    1.787897] rtc_cmos 00:05: RTC can wake from S4
[    1.791572] rtc_cmos 00:05: registered as rtc0
[    1.792896] rtc_cmos 00:05: alarms up to one day, y3k, 242 bytes nvram, hpet irqs
[    1.795370] device-mapper: ioctl: 4.48.0-ioctl (2023-03-01) initialised: dm-devel@redhat.com
[    1.797482] intel_pstate: CPU model not supported
[    1.798839] hid: raw HID events driver (C) Jiri Kosina
[    1.800589] usbcore: registered new interface driver usbhid
[    1.802093] usbhid: USB HID core driver
[    1.805720] Initializing XFRM netlink socket
[    1.806905] NET: Registered PF_INET6 protocol family
[    1.808720] Segment Routing with IPv6
[    1.809820] In-situ OAM (IOAM) with IPv6
[    1.811055] sit: IPv6, IPv4 and MPLS over IPv4 tunneling driver
[    1.812952] NET: Registered PF_PACKET protocol family
[    1.814344] 9pnet: Installing 9P2000 support
[    1.815510] Key type dns_resolver registered
[    1.817183] IPI shorthand broadcast: enabled
[    1.828577] sched_clock: Marking stable (1806008729, 22099646)->(1933874558, -105766183)
[    1.830756] registered taskstats version 1
[    1.831806] Loading compiled-in X.509 certificates
[    1.841054] PM:   Magic number: 10:828:659
[    1.842271] printk: console [netcon0] enabled
[    1.843337] netconsole: network logging started
[    1.844593] cfg80211: Loading compiled-in X.509 certificates for regulatory database
[    1.846678] kworker/u4:1 (51) used greatest stack depth: 29408 bytes left
[    1.848650] Loaded X.509 cert 'sforshee: 00b28ddf47aef9cea7'
[    1.850351] platform regulatory.0: Direct firmware load for regulatory.db failed with error -2
[    1.852530] cfg80211: failed to load regulatory.db
[    1.852555] ALSA device list:
[    1.854667]   No soundcards found.
[    1.856668] Freeing unused kernel image (initmem) memory: 5604K
[    1.863228] Write protecting the kernel read-only data: 59392k
[    1.864386] Freeing unused kernel image (rodata/data gap) memory: 224K
[    1.875004] x86/mm: Checked W+X mappings: passed, no W+X pages found.
[    1.876306] Run /init as init process
[    1.879527] mount (55) used greatest stack depth: 28760 bytes left

secb: rootfs ready
---- poc begin ----
[    1.888033] memfd_create() without MFD_EXEC nor MFD_NOEXEC_SEAL, pid=61 'poc'
[*] CVE-2023-6560 PoC starting
[*] iter 0 / 256
[    1.890340] ==================================================================
[    1.891472] BUG: KASAN: use-after-free in io_submit_sqes+0x14de/0x1b20
[    1.892512] Read of size 4 at addr ffff8881020c7140 by task poc/61
[    1.893362] 
[    1.893647] CPU: 0 PID: 61 Comm: poc Not tainted 6.4.0-04322-gc451410ca7e3-dirty #1
[    1.895186] Hardware name: QEMU Standard PC (i440FX + PIIX, 1996), BIOS 1.16.2-debian-1.16.2-1 04/01/2014
[    1.897028] Call Trace:
[    1.897488]  <TASK>
[    1.897810]  dump_stack_lvl+0x36/0x50
[    1.898393]  print_report+0xcf/0x660
[    1.899015]  ? __io_alloc_req_refill+0x384/0x530
[    1.899786]  ? io_submit_sqes+0x14de/0x1b20
[    1.900400]  kasan_report+0xc7/0x100
[    1.900993]  ? io_submit_sqes+0x14de/0x1b20
[    1.901644]  io_submit_sqes+0x14de/0x1b20
[    1.902336]  ? __pfx_mutex_lock+0x10/0x10
[    1.902905]  __do_sys_io_uring_enter+0xc35/0x1e40
[    1.903515]  ? __pfx___do_sys_io_uring_enter+0x10/0x10
[    1.904240]  ? io_uring_setup+0x190c/0x1e30
[    1.904903]  ? __pfx_io_uring_setup+0x10/0x10
[    1.905455]  ? fpregs_assert_state_consistent+0x1c/0xa0
[    1.906292]  do_syscall_64+0x3b/0x90
[    1.907048]  entry_SYSCALL_64_after_hwframe+0x6e/0xd8
[    1.907925] RIP: 0033:0x439b79
[    1.908436] Code: ff ff c3 66 2e 0f 1f 84 00 00 00 00 00 0f 1f 40 00 48 89 f8 48 89 f7 48 89 d6 48 89 ca 4d 89 c2 4d 89 c8 4c 8b 4c 24 08 0f 05 <48> 3d 01 f0 ff ff 73 01 c3 48 c7 c1 b8 ff ff ff f7 d8 64 89 01 48
[    1.910971] RSP: 002b:00007ffe48b1ab98 EFLAGS: 00000246 ORIG_RAX: 00000000000001aa
[    1.912126] RAX: ffffffffffffffda RBX: 000000000000003f RCX: 0000000000439b79
[    1.913658] RDX: 0000000000000040 RSI: 0000000000000040 RDI: 0000000000000005
[    1.914897] RBP: 0000000000000100 R08: 0000000000000000 R09: 0000000000000008
[    1.915918] R10: 0000000000000001 R11: 0000000000000246 R12: 00007f8c87815080
[    1.916921] R13: 0000000000000003 R14: 00007f8c87815040 R15: 00007f8c87819140
[    1.918054]  </TASK>
[    1.918361] 
[    1.918644] The buggy address belongs to the physical page:
[    1.919586] page:00000000eeb6a7ed refcount:0 mapcount:0 mapping:0000000000000000 index:0x1 pfn:0x1020c7
[    1.920924] flags: 0x200000000000000(node=0|zone=2)
[    1.921605] page_type: 0xffffffff()
[    1.922188] raw: 0200000000000000 ffffea0004081e08 ffffea0004083188 0000000000000000
[    1.923246] raw: 0000000000000001 0000000000000000 00000000ffffffff 0000000000000000
[    1.924387] page dumped because: kasan: bad access detected
[    1.925234] 
[    1.925456] Memory state around the buggy address:
[    1.926110]  ffff8881020c7000: ff ff ff ff ff ff ff ff ff ff ff ff ff ff ff ff
[    1.927205]  ffff8881020c7080: ff ff ff ff ff ff ff ff ff ff ff ff ff ff ff ff
[    1.928185] >ffff8881020c7100: ff ff ff ff ff ff ff ff ff ff ff ff ff ff ff ff
[    1.928944]                                            ^
[    1.929503]  ffff8881020c7180: ff ff ff ff ff ff ff ff ff ff ff ff ff ff ff ff
[    1.931511]  ffff8881020c7200: ff ff ff ff ff ff ff ff ff ff ff ff ff ff ff ff
[    1.932789] ==================================================================
[    1.933842] Disabling lock debugging due to kernel taint
[*] iter 32 / 256
[*] iter 64 / 256
[*] iter 96 / 256
[*] iter 128 / 256
[*] iter 160 / 256
[*] iter 192 / 256
[*] iter 224 / 256
[*] poc finished without KASAN catch
[    2.074433] poc (61) used greatest stack depth: 27888 bytes left
---- poc end rc=0 ----
secb: poc exited without crashing the kernel
[    2.433349] input: ImExPS/2 Generic Explorer Mouse as /devices/platform/i8042/serio1/input/input3
[    3.458644] ACPI: PM: Preparing to enter system sleep state S5
[    3.459667] reboot: Power down
CONFIRMED: KASAN_UAF
